✔ current BFF-FE-001 repository Gate passes (5.78025ms)
✔ CSRF deletion is rejected (5.382667ms)
✔ bearer session regression is rejected (4.311333ms)
✔ recent-auth deletion is rejected (4.217541ms)
✔ idempotency deletion is rejected (4.158917ms)
✔ last-factor protection deletion is rejected (3.514959ms)
✔ resource-hiding 404 deletion is rejected (3.747208ms)
✔ revocation replay deletion is rejected (3.505542ms)
✔ security audit reference deletion is rejected (3.7415ms)
✔ dependency regression is rejected (2.465625ms)
✔ provider changes invalidate executed evidence (2.800208ms)
✔ providerTests changes invalidate executed evidence (2.467709ms)
✔ authClient changes invalidate executed evidence (2.416292ms)
✔ settingsClient changes invalidate executed evidence (2.798291ms)
✔ liveProvider changes invalidate executed evidence (2.655791ms)
✔ frontendWorkflow commands in comments do not count as CI (2.84375ms)
✔ ciWorkflow commands in comments do not count as CI (2.783291ms)
✔ disabled CI steps cannot satisfy the Gate (2.6755ms)
✔ outdated inventory cannot satisfy the active evidence Gate (2.77175ms)
✔ commented Make recipes do not satisfy executable wiring (2.550416ms)
✔ no semantic receipt cannot satisfy the Gate (2.459083ms)
✔ deleted active evidence cannot satisfy the Gate (2.579459ms)
ℹ tests 22
ℹ suites 0
ℹ pass 22
ℹ fail 0
ℹ cancelled 0
ℹ skipped 0
ℹ todo 0
ℹ duration_ms 169.598833
