COMMAND ["uv", "sync", "--locked", "--project", "engines", "--all-packages", "--all-groups"]
COMMAND ["uv", "build", "--project", "engines/engine-sdk", "--python", "/Users/anray/Documents/project/SumAlpha/QuantOS/engines/.venv/bin/python", "--wheel", "--no-build-isolation", "--out-dir", "/Users/anray/Documents/project/SumAlpha/QuantOS/artifacts/tp04-packaged/wheels"]
COMMAND ["uv", "build", "--project", "engines/trading-agents", "--python", "/Users/anray/Documents/project/SumAlpha/QuantOS/engines/.venv/bin/python", "--wheel", "--no-build-isolation", "--out-dir", "/Users/anray/Documents/project/SumAlpha/QuantOS/artifacts/tp04-packaged/wheels"]
COMMAND ["uv", "venv", "--python", "/Users/anray/Documents/project/SumAlpha/QuantOS/engines/.venv/bin/python", "/private/tmp/tp04-_oyxpjy9/venv"]
COMMAND ["uv", "pip", "install", "--offline", "--no-deps", "--python", "/private/tmp/tp04-_oyxpjy9/venv/bin/python", "/Users/anray/Documents/project/SumAlpha/QuantOS/artifacts/tp04-packaged/wheels/quantos_engine_sdk-0.1.0-py3-none-any.whl", "/Users/anray/Documents/project/SumAlpha/QuantOS/artifacts/tp04-packaged/wheels/quantos_trading_agents-0.1.0-py3-none-any.whl"]
COMMAND ["/private/tmp/tp04-_oyxpjy9/venv/bin/python", "-I", "-c", "import trading_agents,quantos_engine_sdk; assert \"/site-packages/\" in trading_agents.__file__; assert \"/site-packages/\" in quantos_engine_sdk.__file__; print(\"TP04_INSTALLED_WHEEL\",trading_agents.__file__,quantos_engine_sdk.__file__)"]
TP04_INSTALLED_WHEEL /private/tmp/tp04-_oyxpjy9/venv/lib/python3.12/site-packages/trading_agents/__init__.py /private/tmp/tp04-_oyxpjy9/venv/lib/python3.12/site-packages/quantos_engine_sdk/__init__.py
TP04_PACKAGED_FIVE_RPC_PASS actual installed child stream cancelled <2s
{"cancellation": {"cancelMillis": 15.204958001049818, "cancelStatus": "CANCELLED", "finalArtifactSeen": false}, "capabilities": 1, "formalAccepted": false, "installedIsolated": true, "ownedChildReaped": true, "realUpstreamRuntime": false, "rpcCount": 5, "schema": "quantos-tp04-packaged-service/v1", "status": "PASS", "wheels": [{"file": "quantos_engine_sdk-0.1.0-py3-none-any.whl", "sha256": "7d9a43e4c7dfc0ba43a8fa89f1bd72a033c55aab7e61ce6fde3258158a2ea519"}, {"file": "quantos_trading_agents-0.1.0-py3-none-any.whl", "sha256": "0e8254878779659f57928b9d60e315bc29e7caa40374ab45efee130a10e1c4fd"}]}
TP04_PACKAGED_SERVICE_PASS
Resolved 52 packages in 1ms
Audited 50 packages in 0.18ms
Building wheel...
Successfully built artifacts/tp04-packaged/wheels/quantos_engine_sdk-0.1.0-py3-none-any.whl
Building wheel...
Successfully built artifacts/tp04-packaged/wheels/quantos_trading_agents-0.1.0-py3-none-any.whl
Using CPython 3.12.10 interpreter at: engines/.venv/bin/python
Creating virtual environment at: /private/tmp/tp04-_oyxpjy9/venv
Activate with: source /private/tmp/tp04-_oyxpjy9/venv/bin/activate
Using Python 3.12.10 environment at: /private/tmp/tp04-_oyxpjy9/venv
Resolved 2 packages in 1ms
Prepared 2 packages in 4ms
Installed 2 packages in 1ms
 + quantos-engine-sdk==0.1.0 (from file:///Users/anray/Documents/project/SumAlpha/QuantOS/artifacts/tp04-packaged/wheels/quantos_engine_sdk-0.1.0-py3-none-any.whl)
 + quantos-trading-agents==0.1.0 (from file:///Users/anray/Documents/project/SumAlpha/QuantOS/artifacts/tp04-packaged/wheels/quantos_trading_agents-0.1.0-py3-none-any.whl)
