✔ missing staging permits development readiness and never claims formal acceptance (1.369667ms)
✔ stage deferral cannot bypass engineering failures, final receipt requirements or unknown stages (0.0795ms)
✔ final review command cannot be rewired to the development stage (5.890917ms)
✔ current semantic A1 gate passes (4.660333ms)
✔ rejects cookie semantic regression (3.08925ms)
✔ rejects idempotency semantic regression (3.247ms)
✔ rejects sort semantic regression (3.883958ms)
✔ rejects page semantic regression (2.703375ms)
✔ rejects ci semantic regression (2.375834ms)
✔ rejects decimal semantic regression (2.376334ms)
✔ rejects version semantic regression (3.160042ms)
✔ rejects csrf semantic regression (2.742583ms)
✔ exact registered security correction is accepted only within its window (13.056875ms)
✔ unregistered breaking type, enum or missing baseline fails closed (25.112416ms)
✔ new required parameters and constraints cannot silently bypass compatibility (0.8295ms)
✔ absent, invented and reference-only staging receipts never close A1 (0.539666ms)
✔ final receipt requires technical evidence plus one input-bound user confirmation (1.409084ms)
✔ optional property within an existing allOf is additive, required changes are rejected (0.146334ms)
✔ joint schedule is acyclic and preserves task/status boundaries (11.5315ms)
✔ restoring a complete R1 prerequisite for S2 services creates a rejected cycle (5.84675ms)
✔ research service waiting on its consumer page is rejected (5.123875ms)
✔ historical CORE:R04 to CORE:L04 probe now fails closed (4.67175ms)
✔ an early identity API cannot silently depend on later research services (6.289417ms)
✔ a provider cannot wait for the consumer frontend Gate (5.052125ms)
✔ removing S2 service admission from a core execution task is rejected (5.482916ms)
✔ S2 service Gate cannot omit TP12 advance evaluation (5.474125ms)
✔ I10 cannot drop testnet service admission even if metadata is edited with it (6.193208ms)
✔ a new or existing frontend cannot skip the full provider Gate (6.247958ms)
✔ G5 cannot be marked as closing in I4 before reconciliation (5.437875ms)
✔ moving the G1 block above I1 tasks is rejected (5.862292ms)
✔ milestone cannot omit its last child while retaining a Gate summary (6.136916ms)
✔ prose-only backend dependencies cannot drift from structured prerequisites (5.812583ms)
✔ core closure mapping cannot become an implicit service alias (5.487583ms)
✔ ACCEPTED checkpoint needs SHA and evidence, not only a green word (6.160792ms)
✔ accepted checkpoint evidence must resolve (2.903ms)
✔ missing checkpoint and unknown dependency fail closed (7.545791ms)
✔ API windows cannot skip their preceding provider checkpoint (5.429459ms)
✔ UI windows cannot skip the preceding reconciliation window (5.310041ms)
✔ Web intake preserves the explicit no-model-review schema (1.365ms)
✔ missing Web task fields still fail closed (1.720917ms)
✔ both plans must publish exactly the same stage contract (5.936958ms)
✔ changing both plans cannot defer correctness or functional deadlines to release (14.659541ms)
✔ both plans must retain every deferred release obligation (15.537417ms)
✔ tasks and checkpoints cannot omit, invent, or misclassify their stage gate (20.931291ms)
✔ release prerequisites cannot block either development or integration (12.789459ms)
✔ release gates cannot skip business closure or inherit the wrong stage (15.973667ms)
✔ historical ACCEPTED and completed tasks do not automatically become READY (5.9725ms)
✔ READY needs its own input digest and resolvable evidence (32.182625ms)
✔ unassessed stage gates cannot carry an apparent ready receipt (6.814125ms)
✔ BLOCKED retains failure evidence and digest without being counted as READY (10.409917ms)
✔ a READY chain needs READY prerequisites and its own evidence at every node (15.73775ms)
✔ stage readiness never substitutes for formal acceptance evidence (3.290583ms)
✔ release READY requires formal acceptance and all functional prerequisites (10.285458ms)
✔ complete engineering checks retain BLOCKED while scope confirmation is absent (161.985666ms)
✔ strict acceptance rejects pending current user scope (135.833458ms)
✔ G0 rejects missing explicit proto baseline (114.369542ms)
✔ G0 rejects same-head proto baseline (113.9955ms)
✔ G0 rejects fabricated READY (110.466917ms)
✔ G0 rejects historical arbitrary manifest (108.785041ms)
✔ G0 rejects missing actual check (108.331125ms)
✔ G0 rejects duplicate actual check (102.016542ms)
✔ G0 rejects failed check (93.683042ms)
✔ G0 rejects unexecuted check (90.507083ms)
✔ G0 rejects wrong command (92.598875ms)
✔ G0 rejects source inventory drift (96.74175ms)
✔ G0 rejects planned scope delivered claim (93.265792ms)
✔ G0 rejects log tampering (91.904417ms)
✔ G0 rejects arbitrary rehashed prose (91.636166ms)
✔ G0 rejects wrong Web build source (96.363958ms)
✔ G0 rejects missing dependency (99.526083ms)
✔ G0 rejects dependency digest drift (102.625833ms)
✔ G0 rejects unready upstream (98.95425ms)
✔ G0 rejects hidden scope residual (93.844209ms)
✔ pending scope cannot incorporate an approval record (78.942459ms)
✔ legacy six-role records cannot grant current confirmation (79.294167ms)
✔ confirmed scope must bind current input digest (84.44675ms)
✔ confirmed scope requires the single user record (77.927542ms)
✔ dependency validation is actually invoked and failures propagate (98.057209ms)
✔ one document-bound current user confirmation replaces all role receipts (74.619417ms)
✔ CI must always validate engineering receipts and G0 negatives (0.091208ms)
✔ G0 rejects normative plan drift during execution before publishing (91.912209ms)
✔ G0 rejects code inventory drift during execution before publishing (92.85875ms)
✔ lifecycle metadata alone does not change normative G0 inputs (90.707166ms)
✔ real BFF baseline CLI matches its required G0 execution marker (84.010833ms)
✔ G0 worktree allows only lifecycle/evidence state "" (0.076791ms)
✔ G0 worktree allows only lifecycle/evidence state " M docs/SumAlpha-QuantOS-Development-Plan.md\n" (0.062583ms)
✔ G0 worktree allows only lifecycle/evidence state "M  docs/SumAlpha-QuantOS-Frontend-Development-Execution-Plan.md\n?? docs/audit/evidence/new/\n" (0.057583ms)
✔ G0 worktree allows only lifecycle/evidence state "?? docs/audit/report.md\n" (0.016459ms)
✔ G0 worktree rejects uncommitted functional input " M scripts/g0-development.mjs\n" (0.087ms)
✔ G0 worktree rejects uncommitted functional input "M  apps/terminal/src/auth/flow.ts\n" (0.051833ms)
✔ G0 worktree rejects uncommitted functional input "?? bff/new.yaml\n" (0.032833ms)
✔ G0 worktree rejects uncommitted functional input "R  docs/audit/a.md -> scripts/backdoor.mjs\n" (0.0275ms)
✔ user-confirmed scope includes the normative G0 plan and excludes lifecycle metadata (84.673375ms)
✔ valid source and execution-bound dependency chain is READY without release signatures (45.496958ms)
✔ missing required execution (36.793458ms)
✔ failed execution (34.171917ms)
✔ wrong actual command (34.54225ms)
✔ unresolved issue (26.905375ms)
✔ wrong node (26.02675ms)
✔ missing source inventory (30.640375ms)
✔ plan scope changed (26.600834ms)
✔ outside log path (34.221708ms)
✔ wrong log digest (32.262375ms)
✔ missing dependency (32.389541ms)
✔ dependency digest substituted (31.695958ms)
✔ tampered manifest bytes are rejected (23.737959ms)
✔ changed source content is rejected despite unchanged gate digest (30.170334ms)
✔ dependency must independently be READY (31.416333ms)
✔ arbitrary log cannot masquerade as successful execution (29.833458ms)
✔ input file symlink cannot escape the repository (28.578459ms)
✔ database execution cannot be inferred from a normal local PASS (35.342833ms)
✔ Supabase target receipt verifies each compressed execution log (34.175541ms)
✔ source drift during execution invalidates the original input snapshot (44.182208ms)
✔ requirement drift during execution invalidates the original input snapshot (48.483208ms)
✔ controlled public development profile overrides stale values and preserves server inputs (0.163ms)
✔ private credentials cannot be injected through a public development profile (0.103709ms)
✔ transient Auth 503 can retry only a complete target execution (0.096833ms)
✔ persistent target timeout never becomes PASS and stops at its budget (0.074583ms)
✔ semantic target failures stop without retry or PASS (0.025167ms)
✔ target retry budget cannot be unbounded (0.086875ms)
✔ configured target retries require explicit attempt outcomes in the receipt (34.811417ms)
✔ three successful full builds bind output inventories (0.380333ms)
✔ reproducibility rejects only two builds (0.105ms)
✔ reproducibility rejects missing Python build (0.1405ms)
✔ reproducibility rejects failed command (0.143417ms)
✔ reproducibility rejects different output digest (0.096334ms)
✔ reproducibility rejects substituted inventory (0.074125ms)
✔ reproducibility rejects dirty source (0.058417ms)
✔ reproducibility rejects old source (0.061125ms)
✔ development policy retains explicit build, coverage, volume and target storage obligations (0.249916ms)
✔ static make commands cannot reload .env.local or inherit target database opt-ins (0.086209ms)
✔ volume retry restarts the complete check only on a closed PostgreSQL transport (0.061083ms)
✔ volume correctness and certificate errors cannot be retried into PASS (0.0355ms)
✔ persistent database transport failure stays failed at the retry limit (0.027917ms)
✔ separate assessment snapshot preserves historical manifests and binds its own logs (35.832166ms)
✔ one current user confirmation validates all documented review dimensions (1.921916ms)
✔ user confirmation rejects assistant self-approval (0.655666ms)
✔ user confirmation rejects unconfirmed draft (0.182291ms)
✔ user confirmation rejects workflow instruction alone (0.643417ms)
✔ user confirmation rejects missing user message (0.202209ms)
✔ user confirmation rejects missing identity (0.140458ms)
✔ user confirmation rejects old historical confirmation (0.132ms)
✔ user confirmation rejects future confirmation (0.111208ms)
✔ user confirmation rejects wrong node (0.412333ms)
✔ user confirmation rejects wrong stage (0.215291ms)
✔ user confirmation rejects wrong input digest (0.174833ms)
✔ user confirmation rejects wrong draft path (0.113916ms)
✔ user confirmation rejects parent traversal (0.093416ms)
✔ user confirmation rejects wrong document hash (0.109625ms)
✔ changed original user record is rejected even with unchanged scope (0.108834ms)
✔ rehashing a draft cannot authorize a different scope (0.169833ms)
✔ draft must retain every review dimension even with updated document hash (0.12825ms)
ℹ tests 152
ℹ suites 0
ℹ pass 152
ℹ fail 0
ℹ cancelled 0
ℹ skipped 0
ℹ todo 0
ℹ duration_ms 3098.928458
