
> @sumalpha/quantos@ test:pre06 /private/var/folders/k8/_4hymb6j59s0c8xntb11ktmc0000gn/T/quantos-pre06-remediation-k9avjtbq
> node --test scripts/pre06-gate-negative.mjs scripts/pre06-runtime-negative.mjs

✔ current PRE-06 Web baseline passes (24.688209ms)
✔ website browser Gate deletion is rejected (9.754208ms)
✔ Desktop coupling in phase-one compatibility is rejected (7.769209ms)
✔ Desktop deep-link inclusion in phase-one Terminal is rejected (6.509667ms)
✔ generated operation coverage drift is rejected (6.330541ms)
✔ visual baseline integrity failure is rejected (5.269375ms)
✔ performance budget weakening is rejected (5.479708ms)
✔ disabled CI steps and comment-only commands are rejected (15.717583ms)
✔ contract assertion deletion and visual comparison deletion fail closed (9.604833ms)
✔ website performance and critical coverage gates cannot be removed (9.059083ms)
✔ CI retry policy must reject flaky outcomes and archive failure evidence (8.778208ms)
✔ comments cannot restore weakened budget or critical coverage policy (13.37975ms)
✔ unknown and corrupted fixtures are rejected, explicit sabotage fixtures remain expected failures (29.292ms)
✔ empty assets and empty route manifest are never a zero-sized performance PASS (27.828417ms)
✔ actual CI configs return nonzero for first-fail-then-pass policy probe (3359.830334ms)
ℹ tests 15
ℹ suites 0
ℹ pass 15
ℹ fail 0
ℹ cancelled 0
ℹ skipped 0
ℹ todo 0
ℹ duration_ms 3466.05575
