
> @sumalpha/terminal@0.1.0 build /private/var/folders/k8/_4hymb6j59s0c8xntb11ktmc0000gn/T/quantos-pre06-visuals-518o8wui/apps/terminal
> next build && node ../../scripts/pre03-build-receipt.mjs terminal && node ../../scripts/check-client-secrets.mjs out

⚠ No build cache found. Please configure build caching for faster rebuilds. Read more: https://nextjs.org/docs/messages/no-cache
   ▲ Next.js 15.5.24

   Creating an optimized production build ...
 ✓ Compiled successfully in 2.4s
   Linting and checking validity of types ...
   Collecting page data ...
   Generating static pages (0/17) ...
   Generating static pages (4/17) 
   Generating static pages (8/17) 
   Generating static pages (12/17) 
 ✓ Generating static pages (17/17)
   Finalizing page optimization ...
   Collecting build traces ...
   Exporting (0/2) ...
 ✓ Exporting (2/2)

Route (app)                                 Size  First Load JS
┌ ○ /                                      139 B         103 kB
├ ○ /_not-found                            139 B         103 kB
├ ○ /access-request                      2.79 kB         106 kB
├ ○ /auth/callback                        3.3 kB         106 kB
├ ○ /auth/deep-link                      2.35 kB         105 kB
├ ○ /command                             6.74 kB         129 kB
├ ○ /login                               3.32 kB         106 kB
├ ○ /maintenance                           139 B         103 kB
├ ○ /mfa                                 4.19 kB         107 kB
├ ○ /offline                             1.59 kB         105 kB
├ ○ /settings/browser                      132 B         131 kB
├ ○ /settings/notifications                131 B         131 kB
├ ○ /settings/profile                      132 B         131 kB
├ ○ /settings/security                     132 B         131 kB
└ ○ /unauthorized                        1.74 kB         105 kB
+ First Load JS shared by all             103 kB
  ├ chunks/93-641809efeb57e9b9.js        46.8 kB
  ├ chunks/d35bb0e7-3679ef361d95d4f9.js  54.3 kB
  └ other shared chunks (total)           1.9 kB


○  (Static)  prerendered as static content

Client secret check PASS (62 files)
