✔ complete current evidence passes with all dependencies checked (1065.151958ms)
✔ own failure is rejected (889.773459ms)
✔ residual defect is rejected (881.168208ms)
✔ stale code is rejected (912.651166ms)
✔ upstream not READY is rejected (841.200166ms)
✔ upstream digest changed is rejected (833.662ms)
✔ recursive upstream failure is rejected (828.414625ms)
✔ evidence tampered is rejected (839.880125ms)
✔ target assertion missing is rejected (816.875708ms)
✔ cleanup unverified is rejected (903.938333ms)
✔ live policy mutant survives is rejected (686.447625ms)
✔ live semantic test omitted is rejected (723.310792ms)
✔ target source stale is rejected (753.178375ms)
✔ audit trace absent is rejected (835.513416ms)
✔ missing successful target getSession is rejected (866.666792ms)
✔ missing successful target getContext is rejected (839.228459ms)
✔ missing successful target reauth is rejected (834.86175ms)
✔ missing successful target mfaChallenge is rejected (860.887083ms)
✔ missing successful target logout is rejected (847.871917ms)
✔ missing successful target submitAccessRequest is rejected (879.676584ms)
✔ missing successful target getProfile is rejected (962.408292ms)
✔ missing successful target saveProfile is rejected (802.269375ms)
✔ missing successful target getNotificationPrefs is rejected (856.929584ms)
✔ missing successful target saveNotificationPrefs is rejected (853.094208ms)
✔ missing successful target getSecuritySettings is rejected (836.607291ms)
✔ missing successful target listSessions is rejected (850.155916ms)
✔ missing successful target revokeSession is rejected (861.962334ms)
✔ missing successful target subscribeSessionRevocations is rejected (868.420083ms)
✔ missing successful target listDevices is rejected (877.307708ms)
✔ missing successful target revokeDevice is rejected (900.008834ms)
✔ missing successful target setupMfa is rejected (877.171833ms)
✔ missing successful target revokeMfaFactor is rejected (1055.513291ms)
✔ missing successful target listDownloads is rejected (970.054917ms)
✔ missing successful target getPlatformCapabilities is rejected (942.838292ms)
✔ all target status 401 is rejected (856.536584ms)
✔ all target status 500 is rejected (852.25725ms)
✔ missing SSE assertion is rejected (803.014667ms)
✔ missing target commit is rejected (890.202875ms)
✔ malformed target commit is rejected (873.465958ms)
✔ unknown target commit is rejected (864.65ms)
✔ contract issues missing is rejected (888.394792ms)
✔ target source must match immutable execution commit (900.5445ms)
✔ successful coverage permits explicit denial probe without contract metadata (873.65525ms)
✔ denial probe with contract failures is rejected (862.868917ms)
✔ fully bound executed evidence is admitted (3.704833ms)
✔ Node spec reporter with successful executed assertions is admitted (0.796375ms)
✔ Node non-execution or failure summary is rejected: "# pass 0\n# fail 0\n" (0.839667ms)
✔ Node non-execution or failure summary is rejected: "# pass 21\n# fail 1\n" (0.310833ms)
✔ Node non-execution or failure summary is rejected: "business assertions passed\n" (0.371917ms)
✔ Node non-execution or failure summary is rejected: "// # pass 21\n// # fail 0\n" (0.301792ms)
✔ comments-only replacement changes functional inputs is rejected (1.759083ms)
✔ unready dependency is rejected (0.505459ms)
✔ missing live execution is rejected (0.319834ms)
✔ evidence bytes changed is rejected (0.769875ms)
✔ compilation-only mutant rejection is rejected (0.723292ms)
✔ missing current export roots is rejected (0.257625ms)
✔ missing authentication matrix is rejected (0.565625ms)
✔ unexecuted target assertion is rejected (0.469041ms)
✔ dependency validator failed is rejected (0.197334ms)
✔ missing target sourceCommit is rejected (0.877791ms)
✔ malformed target commit is rejected (0.960667ms)
✔ unknown target commit is rejected (0.931791ms)
✔ target source differs from original commit is rejected (0.515459ms)
✔ pending metadata never admits or executes a stage assessment (2.203708ms)
✔ reject pending digest (0.788125ms)
✔ reject pending evidence (0.8345ms)
✔ reject wrong stage (0.198459ms)
✔ reject missing evidence array (0.1075ms)
✔ reject unknown status (0.067417ms)
✔ reject unknown dependency (0.061334ms)
✔ reject unsupported blocked node (0.195959ms)
✔ READY propagates receipt failures without falling back to pending (0.885792ms)
✔ READY requires exact validated receipt status and invokes strict admission (0.390541ms)
✔ BLOCKED requires a valid engineering receipt and grants no admission (0.361292ms)
✔ READY requires current receipt metadata before invoking its strict validator (0.238708ms)
✔ unsupported nodes cannot become CI stage gates (0.092209ms)
✔ reading current plan dispositions does not alter lifecycle or evidence (34.326208ms)
✔ current component CI wiring preserves strict admission commands (10.759208ms)
✔ CI wiring rejects conditional job (14.632333ms)
✔ CI wiring rejects ignored job (7.649917ms)
✔ CI wiring rejects missing disposition (6.009042ms)
✔ CI wiring rejects conditional disposition (4.360333ms)
✔ CI wiring rejects ignored disposition (3.877458ms)
✔ CI wiring rejects missing negative tests (4.051583ms)
✔ CI wiring rejects replacement of strict admission by the CI disposition command (1.777042ms)
✔ all eight independently content-bound dependencies admit DEVELOPMENT only (42.601125ms)
✔ engineering aggregation preserves the sole pending user confirmation (29.782833ms)
✔ milestone rejects missing F0 (24.994959ms)
✔ milestone rejects missing PRE (24.762208ms)
✔ milestone rejects duplicate dependency (23.233208ms)
✔ milestone rejects unready F0 (21.961541ms)
✔ milestone rejects manifest bytes replaced (20.359375ms)
✔ milestone rejects digest substituted (20.302042ms)
✔ milestone rejects dependency path substituted (22.86475ms)
✔ milestone rejects dependency verdict substituted (23.578292ms)
✔ milestone rejects self manifest schema (23.981959ms)
✔ milestone rejects normative change (22.369959ms)
✔ milestone rejects source input change (22.416709ms)
✔ milestone rejects unexecuted check (22.275ms)
✔ milestone rejects missing execution time (21.039125ms)
✔ milestone rejects missing required check (20.347917ms)
✔ milestone rejects duplicate check (21.0065ms)
✔ milestone rejects wrong command (21.181375ms)
✔ milestone rejects log tampering (20.428125ms)
✔ milestone rejects rehashed prose (21.969666ms)
✔ milestone rejects external log path (22.307084ms)
✔ milestone rejects false formal acceptance (20.291416ms)
✔ milestone rejects aggregate claims database run (19.426709ms)
✔ milestone rejects hidden exclusions (19.533667ms)
✔ milestone rejects unresolved functional finding (21.68025ms)
✔ dependency validator is invoked and errors propagate (20.025542ms)
✔ fake READY cannot hide changed G0 scope (19.662667ms)
✔ arbitrary existing markdown cannot serve as a milestone receipt (0.200125ms)
✔ own arbitrary digest is rejected independently of dependency status (0.233875ms)
✔ F0 policy contains the six missing nodes and all eleven obligations (19.722209ms)
✔ production schema drift comparator rejects tables (0.296084ms)
✔ production schema drift comparator rejects columns (0.136125ms)
✔ production schema drift comparator rejects constraints (0.086833ms)
✔ production schema drift comparator rejects indexes (0.050083ms)
✔ production schema drift comparator rejects policies (0.047417ms)
✔ production schema drift comparator rejects routines (0.078458ms)
✔ production schema drift comparator rejects triggers (0.078083ms)
✔ 100-task recovery evidence cannot use 10-task diagnostic or accept P95 (1.301834ms)
✔ CI validates milestone disposition and preserves strict admission and negatives (9.447166ms)
✔ complete engineering checks retain BLOCKED while scope confirmation is absent (404.063584ms)
✔ strict acceptance rejects pending current user scope (280.6395ms)
✔ G0 rejects missing explicit proto baseline (244.913125ms)
✔ G0 rejects same-head proto baseline (257.009375ms)
✔ G0 rejects fabricated READY (237.507ms)
✔ G0 rejects historical arbitrary manifest (229.11025ms)
✔ G0 rejects missing actual check (247.162291ms)
✔ G0 rejects duplicate actual check (233.996125ms)
✔ G0 rejects failed check (271.320375ms)
✔ G0 rejects unexecuted check (271.809792ms)
✔ G0 rejects wrong command (269.360458ms)
✔ G0 rejects source inventory drift (253.084875ms)
✔ G0 rejects planned scope delivered claim (244.345584ms)
✔ G0 rejects log tampering (225.2945ms)
✔ G0 rejects arbitrary rehashed prose (229.339667ms)
✔ G0 rejects wrong Web build source (235.912209ms)
✔ G0 rejects missing dependency (221.661666ms)
✔ G0 rejects dependency digest drift (218.981042ms)
✔ G0 rejects unready upstream (219.765125ms)
✔ G0 rejects hidden scope residual (213.726833ms)
✔ pending scope cannot incorporate an approval record (177.34175ms)
✔ legacy six-role records cannot grant current confirmation (179.446042ms)
✔ confirmed scope must bind current input digest (181.726125ms)
✔ confirmed scope requires the single user record (178.576625ms)
✔ dependency validation is actually invoked and failures propagate (223.102542ms)
✔ one document-bound current user confirmation replaces all role receipts (176.695625ms)
✔ CI must validate G0 disposition and preserve strict admission and negatives (2.813875ms)
✔ G0 rejects normative plan drift during execution before publishing (218.952291ms)
✔ G0 rejects code inventory drift during execution before publishing (233.680834ms)
✔ lifecycle metadata alone does not change normative G0 inputs (206.690625ms)
✔ real BFF baseline CLI matches its required G0 execution marker (136.55225ms)
✔ G0 worktree allows only lifecycle/evidence state "" (0.118083ms)
✔ G0 worktree allows only lifecycle/evidence state " M docs/SumAlpha-QuantOS-Development-Plan.md\n" (0.07425ms)
✔ G0 worktree allows only lifecycle/evidence state "M  docs/SumAlpha-QuantOS-Frontend-Development-Execution-Plan.md\n?? docs/audit/evidence/new/\n" (0.060375ms)
✔ G0 worktree allows only lifecycle/evidence state "?? docs/audit/report.md\n" (0.018709ms)
✔ G0 worktree rejects uncommitted functional input " M scripts/g0-development.mjs\n" (0.095875ms)
✔ G0 worktree rejects uncommitted functional input "M  apps/terminal/src/auth/flow.ts\n" (0.044958ms)
✔ G0 worktree rejects uncommitted functional input "?? bff/new.yaml\n" (0.043625ms)
✔ G0 worktree rejects uncommitted functional input "R  docs/audit/a.md -> scripts/backdoor.mjs\n" (0.041625ms)
✔ user-confirmed scope includes the normative G0 plan and excludes lifecycle metadata (202.288958ms)
✔ confirmation-only finalization refuses an absent user reply and cannot bless changed engineering inputs (225.120791ms)
✔ document-bound user reply finalizes the unchanged engineering checks without fabricating new execution (235.028ms)
✔ valid source and execution-bound dependency chain is READY without release signatures (73.018959ms)
✔ missing required execution (50.534375ms)
✔ failed execution (52.003125ms)
✔ wrong actual command (49.604792ms)
✔ unresolved issue (41.761416ms)
✔ wrong node (40.220125ms)
✔ missing source inventory (47.009167ms)
✔ plan scope changed (39.530667ms)
✔ outside log path (48.397458ms)
✔ wrong log digest (49.069792ms)
✔ missing dependency (50.955959ms)
✔ dependency digest substituted (44.986917ms)
✔ tampered manifest bytes are rejected (38.559458ms)
✔ changed source content is rejected despite unchanged gate digest (45.407041ms)
✔ dependency must independently be READY (46.422625ms)
✔ arbitrary log cannot masquerade as successful execution (45.139583ms)
✔ input file symlink cannot escape the repository (45.088667ms)
✔ database execution cannot be inferred from a normal local PASS (51.451709ms)
✔ Supabase target receipt verifies each compressed execution log (55.721458ms)
✔ source drift during execution invalidates the original input snapshot (71.522417ms)
✔ requirement drift during execution invalidates the original input snapshot (85.811375ms)
✔ controlled public development profile overrides stale values and preserves server inputs (0.264333ms)
✔ private credentials cannot be injected through a public development profile (0.24275ms)
✔ transient Auth 503 can retry only a complete target execution (0.222ms)
✔ persistent target timeout never becomes PASS and stops at its budget (0.149291ms)
✔ semantic target failures stop without retry or PASS (0.100583ms)
✔ target retry budget cannot be unbounded (0.211083ms)
✔ configured target retries require explicit attempt outcomes in the receipt (59.021917ms)
✔ three successful full builds bind output inventories (1.041916ms)
✔ reproducibility rejects only two builds (0.184541ms)
✔ reproducibility rejects missing Python build (0.376791ms)
✔ reproducibility rejects failed command (0.287167ms)
✔ reproducibility rejects different output digest (0.198125ms)
✔ reproducibility rejects substituted inventory (0.108125ms)
✔ reproducibility rejects dirty source (0.070334ms)
✔ reproducibility rejects old source (0.185167ms)
✔ development policy retains explicit build, coverage, volume and target storage obligations (0.43ms)
✔ static make commands cannot reload .env.local or inherit target database opt-ins (0.109709ms)
✔ volume retry restarts the complete check only on a closed PostgreSQL transport (0.072167ms)
✔ volume correctness and certificate errors cannot be retried into PASS (0.0375ms)
✔ persistent database transport failure stays failed at the retry limit (0.031875ms)
✔ separate assessment snapshot preserves historical manifests and binds its own logs (54.570542ms)
✔ third-party Git link binds the actual clean checkout and rejects dirty/advanced source (231.751875ms)
✔ A2 admits all 26 APIs only after three strict dependency validations (258.183208ms)
✔ A1 manifest impersonates A2 is rejected (115.492917ms)
✔ child manifest impersonates A2 is rejected (111.265417ms)
✔ formal acceptance is falsely inherited is rejected (101.462625ms)
✔ own failure is rejected (100.807792ms)
✔ residual issue is rejected (100.145959ms)
✔ unsafe evidence directory is rejected (101.910583ms)
✔ missing dependency is rejected (100.899667ms)
✔ dependency not READY is rejected (111.157667ms)
✔ dependency digest changed is rejected (97.551ms)
✔ dependency bytes substituted is rejected (100.108541ms)
✔ recursive semantic failure is rejected (99.65025ms)
✔ normative input changed is rejected (100.923042ms)
✔ normative plan changed is rejected (95.436167ms)
✔ missing API coverage is rejected (145.490209ms)
✔ duplicated API coverage is rejected (131.184917ms)
✔ target receipt substituted is rejected (129.967917ms)
✔ failed target API is rejected (132.364667ms)
✔ all target operations denied is rejected (143.901542ms)
✔ planned API counted as implementation is rejected (140.976709ms)
✔ catalog scope omitted is rejected (143.015292ms)
✔ wrong API owner is rejected (140.114792ms)
✔ executed check absent is rejected (137.280458ms)
✔ failed execution is rejected (133.588375ms)
✔ log substituted is rejected (140.377125ms)
✔ negative tests not executed is rejected (141.164167ms)
✔ negative tests failed is rejected (146.3295ms)
✔ mandatory CI removed is rejected (105.686542ms)
✔ mandatory CI disabled is rejected (98.399541ms)
✔ mandatory CI conditional is rejected (105.966667ms)
✔ current Makefile/package retain strict admission and CI validates its disposition (1.586042ms)
✔ both Python lint targets reject active code errors and preserve archived evidence (34.111208ms)
ℹ tests 241
ℹ suites 0
ℹ pass 241
ℹ fail 0
ℹ cancelled 0
ℹ skipped 0
ℹ todo 0
ℹ duration_ms 38234.083458
