
> @sumalpha/quantos@ check:provider-a1:ci /Users/anray/Documents/project/SumAlpha/QuantOS
> node scripts/ci-stage-disposition.mjs PROVIDER:A1

{
  "schema": "quantos-ci-stage-disposition/v1",
  "nodeId": "PROVIDER:A1",
  "scope": "component-ci-stage-record-validation",
  "recordValidation": "PASS",
  "stage": "DEVELOPMENT",
  "status": "NOT_ASSESSED",
  "assessmentExecuted": false,
  "admitted": false,
  "formalAccepted": false
}

> @sumalpha/quantos@ check:f0-development:ci /Users/anray/Documents/project/SumAlpha/QuantOS
> node scripts/ci-stage-disposition.mjs CORE-GATE:F0

{
  "schema": "quantos-ci-stage-disposition/v1",
  "nodeId": "CORE-GATE:F0",
  "scope": "component-ci-stage-record-validation",
  "recordValidation": "PASS",
  "stage": "DEVELOPMENT",
  "status": "NOT_ASSESSED",
  "assessmentExecuted": false,
  "admitted": false,
  "formalAccepted": false
}

> @sumalpha/quantos@ check:fep0:ci /Users/anray/Documents/project/SumAlpha/QuantOS
> node scripts/ci-stage-disposition.mjs FE:FEP-0

{
  "schema": "quantos-ci-stage-disposition/v1",
  "nodeId": "FE:FEP-0",
  "scope": "component-ci-stage-record-validation",
  "recordValidation": "PASS",
  "stage": "DEVELOPMENT",
  "status": "NOT_ASSESSED",
  "assessmentExecuted": false,
  "admitted": false,
  "formalAccepted": false
}

> @sumalpha/quantos@ check:g0:ci /Users/anray/Documents/project/SumAlpha/QuantOS
> node scripts/ci-stage-disposition.mjs FRONTEND-GATE:G0

{
  "schema": "quantos-ci-stage-disposition/v1",
  "nodeId": "FRONTEND-GATE:G0",
  "scope": "component-ci-stage-record-validation",
  "recordValidation": "PASS",
  "stage": "DEVELOPMENT",
  "status": "NOT_ASSESSED",
  "assessmentExecuted": false,
  "admitted": false,
  "formalAccepted": false
}

> @sumalpha/quantos@ check:bff-fe-001:ci /Users/anray/Documents/project/SumAlpha/QuantOS
> node scripts/ci-stage-disposition.mjs FE:BFF-FE-001

{
  "schema": "quantos-ci-stage-disposition/v1",
  "nodeId": "FE:BFF-FE-001",
  "scope": "component-ci-stage-record-validation",
  "recordValidation": "PASS",
  "stage": "DEVELOPMENT",
  "status": "NOT_ASSESSED",
  "assessmentExecuted": false,
  "admitted": false,
  "formalAccepted": false
}

> @sumalpha/quantos@ check:bff-fe-007:ci /Users/anray/Documents/project/SumAlpha/QuantOS
> node scripts/ci-stage-disposition.mjs FE:BFF-FE-007

{
  "schema": "quantos-ci-stage-disposition/v1",
  "nodeId": "FE:BFF-FE-007",
  "scope": "component-ci-stage-record-validation",
  "recordValidation": "PASS",
  "stage": "DEVELOPMENT",
  "status": "NOT_ASSESSED",
  "assessmentExecuted": false,
  "admitted": false,
  "formalAccepted": false
}

> @sumalpha/quantos@ check:provider-a2:ci /Users/anray/Documents/project/SumAlpha/QuantOS
> node scripts/ci-stage-disposition.mjs PROVIDER:A2

{
  "schema": "quantos-ci-stage-disposition/v1",
  "nodeId": "PROVIDER:A2",
  "scope": "component-ci-stage-record-validation",
  "recordValidation": "PASS",
  "stage": "DEVELOPMENT",
  "status": "NOT_ASSESSED",
  "assessmentExecuted": false,
  "admitted": false,
  "formalAccepted": false
}
