verify	Validate BFF OpenAPI and generated contracts	﻿2026-10-07T13:52:36.0869429Z ##[group]Run make bff-contract-check
verify	Validate BFF OpenAPI and generated contracts	2026-10-07T13:52:36.0870027Z ^[[36;1mmake bff-contract-check^[[0m
verify	Validate BFF OpenAPI and generated contracts	2026-10-07T13:52:36.0936083Z shell: /usr/bin/bash -e {0}
verify	Validate BFF OpenAPI and generated contracts	2026-10-07T13:52:36.0936697Z env:
verify	Validate BFF OpenAPI and generated contracts	2026-10-07T13:52:36.0936969Z   QUANTOS_SKIP_ENV: 1
verify	Validate BFF OpenAPI and generated contracts	2026-10-07T13:52:36.0937674Z   F02_PG_ADMIN_URL: postgresql://postgres@127.0.0.1:5432/postgres
verify	Validate BFF OpenAPI and generated contracts	2026-10-07T13:52:36.0938362Z   GITLEAKS_BIN: /home/runner/work/QuantOS/QuantOS/artifacts/tools/gitleaks
verify	Validate BFF OpenAPI and generated contracts	2026-10-07T13:52:36.0939022Z   QUANTOS_BFF_BASE: 6aa5b9ee5c42e1527fbad47cfec4e71282340db9
verify	Validate BFF OpenAPI and generated contracts	2026-10-07T13:52:36.0939602Z   QUANTOS_PROTO_BASE: 6aa5b9ee5c42e1527fbad47cfec4e71282340db9
verify	Validate BFF OpenAPI and generated contracts	2026-10-07T13:52:36.0940193Z   QUANTOS_SOURCE_SHA: ade12c8907254a8fa1fa69481fe2e1ca3536b0aa
verify	Validate BFF OpenAPI and generated contracts	2026-10-07T13:52:36.0940682Z   CARGO_TERM_COLOR: always
verify	Validate BFF OpenAPI and generated contracts	2026-10-07T13:52:36.0941042Z   NEXT_PUBLIC_QUANTOS_ENV: local-mock
verify	Validate BFF OpenAPI and generated contracts	2026-10-07T13:52:36.0941482Z   NEXT_PUBLIC_SITE_ORIGIN: https://sumalpha.ai
verify	Validate BFF OpenAPI and generated contracts	2026-10-07T13:52:36.0941976Z   NEXT_PUBLIC_QUANTOS_TERMINAL_ORIGIN: http://localhost:3190
verify	Validate BFF OpenAPI and generated contracts	2026-10-07T13:52:36.0942523Z   NEXT_PUBLIC_QUANTOS_BFF_ORIGIN: http://localhost:4010
verify	Validate BFF OpenAPI and generated contracts	2026-10-07T13:52:36.0943019Z   NEXT_PUBLIC_QUANTOS_OIDC_ISSUER: https://mock.idp.local
verify	Validate BFF OpenAPI and generated contracts	2026-10-07T13:52:36.0943516Z   NEXT_PUBLIC_QUANTOS_OIDC_CLIENT_ID: quantos-terminal-ci
verify	Validate BFF OpenAPI and generated contracts	2026-10-07T13:52:36.0944097Z   NEXT_PUBLIC_QUANTOS_OIDC_REDIRECT_URI: http://localhost:3190/auth/callback
verify	Validate BFF OpenAPI and generated contracts	2026-10-07T13:52:36.0944648Z   NEXT_PUBLIC_QUANTOS_DEFAULT_MODE: paper
verify	Validate BFF OpenAPI and generated contracts	2026-10-07T13:52:36.0945036Z   NEXT_PUBLIC_QUANTOS_MOCK_ENABLED: true
verify	Validate BFF OpenAPI and generated contracts	2026-10-07T13:52:36.0945406Z   NEXT_PUBLIC_QUANTOS_OBS_ENABLED: false
verify	Validate BFF OpenAPI and generated contracts	2026-10-07T13:52:36.0945825Z   NEXT_PUBLIC_QUANTOS_FEATURE_ASSISTED_LIVE_TESTNET: off
verify	Validate BFF OpenAPI and generated contracts	2026-10-07T13:52:36.0946539Z   CARGO_HOME: /home/runner/.cargo
verify	Validate BFF OpenAPI and generated contracts	2026-10-07T13:52:36.0946908Z   CARGO_INCREMENTAL: 0
verify	Validate BFF OpenAPI and generated contracts	2026-10-07T13:52:36.0947286Z   pythonLocation: /opt/hostedtoolcache/Python/3.12.10/x64
verify	Validate BFF OpenAPI and generated contracts	2026-10-07T13:52:36.0947849Z   PKG_CONFIG_PATH: /opt/hostedtoolcache/Python/3.12.10/x64/lib/pkgconfig
verify	Validate BFF OpenAPI and generated contracts	2026-10-07T13:52:36.0948410Z   Python_ROOT_DIR: /opt/hostedtoolcache/Python/3.12.10/x64
verify	Validate BFF OpenAPI and generated contracts	2026-10-07T13:52:36.0948919Z   Python2_ROOT_DIR: /opt/hostedtoolcache/Python/3.12.10/x64
verify	Validate BFF OpenAPI and generated contracts	2026-10-07T13:52:36.0949435Z   Python3_ROOT_DIR: /opt/hostedtoolcache/Python/3.12.10/x64
verify	Validate BFF OpenAPI and generated contracts	2026-10-07T13:52:36.0949946Z   LD_LIBRARY_PATH: /opt/hostedtoolcache/Python/3.12.10/x64/lib
verify	Validate BFF OpenAPI and generated contracts	2026-10-07T13:52:36.0950441Z   UV_CACHE_DIR: /home/runner/work/_temp/setup-uv-cache
verify	Validate BFF OpenAPI and generated contracts	2026-10-07T13:52:36.0950832Z ##[endgroup]
verify	Validate BFF OpenAPI and generated contracts	2026-10-07T13:52:36.1063638Z pnpm check:bff-a1-development
verify	Validate BFF OpenAPI and generated contracts	2026-10-07T13:52:36.4063634Z 
verify	Validate BFF OpenAPI and generated contracts	2026-10-07T13:52:36.4064739Z > @sumalpha/quantos@ check:bff-a1-development /home/runner/work/QuantOS/QuantOS
verify	Validate BFF OpenAPI and generated contracts	2026-10-07T13:52:36.4065878Z > node scripts/check-bff-a1-acceptance.mjs --stage development
verify	Validate BFF OpenAPI and generated contracts	2026-10-07T13:52:36.4066876Z 
verify	Validate BFF OpenAPI and generated contracts	2026-10-07T13:52:36.6699637Z {
verify	Validate BFF OpenAPI and generated contracts	2026-10-07T13:52:36.6700164Z   "schema": "quantos-bff-a1-development/v1",
verify	Validate BFF OpenAPI and generated contracts	2026-10-07T13:52:36.6700541Z   "stage": "development",
verify	Validate BFF OpenAPI and generated contracts	2026-10-07T13:52:36.6700815Z   "status": "PASS",
verify	Validate BFF OpenAPI and generated contracts	2026-10-07T13:52:36.6701115Z   "scope": "engineering baseline only",
verify	Validate BFF OpenAPI and generated contracts	2026-10-07T13:52:36.6701471Z   "formalAccepted": false,
verify	Validate BFF OpenAPI and generated contracts	2026-10-07T13:52:36.6701807Z   "stagingStatus": "DEFERRED_TO_FINAL_REVIEW",
verify	Validate BFF OpenAPI and generated contracts	2026-10-07T13:52:36.6702210Z   "confirmationStatus": "PENDING_FINAL_REVIEW",
verify	Validate BFF OpenAPI and generated contracts	2026-10-07T13:52:36.6702541Z   "failures": [],
verify	Validate BFF OpenAPI and generated contracts	2026-10-07T13:52:36.6702895Z   "sourceCommit": "ade12c8907254a8fa1fa69481fe2e1ca3536b0aa",
verify	Validate BFF OpenAPI and generated contracts	2026-10-07T13:52:36.6703473Z   "inputsDigest": "33e3fcfb9c58ba3fcebd66e958f2d00460a1b9d65a1e739f8ad09b5c14d4b40c"
verify	Validate BFF OpenAPI and generated contracts	2026-10-07T13:52:36.6703930Z }
verify	Validate BFF OpenAPI and generated contracts	2026-10-07T13:52:36.6868060Z pnpm check:bff-compatibility
verify	Validate BFF OpenAPI and generated contracts	2026-10-07T13:52:36.9801349Z 
verify	Validate BFF OpenAPI and generated contracts	2026-10-07T13:52:36.9802365Z > @sumalpha/quantos@ check:bff-compatibility /home/runner/work/QuantOS/QuantOS
verify	Validate BFF OpenAPI and generated contracts	2026-10-07T13:52:36.9803819Z > node scripts/check-bff-compatibility.mjs
verify	Validate BFF OpenAPI and generated contracts	2026-10-07T13:52:36.9804257Z 
verify	Validate BFF OpenAPI and generated contracts	2026-10-07T13:52:37.3587241Z {
verify	Validate BFF OpenAPI and generated contracts	2026-10-07T13:52:37.3587837Z   "status": "PASS",
verify	Validate BFF OpenAPI and generated contracts	2026-10-07T13:52:37.3588291Z   "changes": 0,
verify	Validate BFF OpenAPI and generated contracts	2026-10-07T13:52:37.3588612Z   "registeredCorrections": 0,
verify	Validate BFF OpenAPI and generated contracts	2026-10-07T13:52:37.3588974Z   "failures": [],
verify	Validate BFF OpenAPI and generated contracts	2026-10-07T13:52:37.3589955Z   "baseline": "6aa5b9ee5c42e1527fbad47cfec4e71282340db9",
verify	Validate BFF OpenAPI and generated contracts	2026-10-07T13:52:37.3590612Z   "scope": "engineering compatibility; no owner/staging signature implied"
verify	Validate BFF OpenAPI and generated contracts	2026-10-07T13:52:37.3591092Z }
verify	Validate BFF OpenAPI and generated contracts	2026-10-07T13:52:37.3787234Z pnpm test:bff-remediation
verify	Validate BFF OpenAPI and generated contracts	2026-10-07T13:52:37.6676391Z 
verify	Validate BFF OpenAPI and generated contracts	2026-10-07T13:52:37.6677747Z > @sumalpha/quantos@ test:bff-remediation /home/runner/work/QuantOS/QuantOS
verify	Validate BFF OpenAPI and generated contracts	2026-10-07T13:52:37.6679701Z > node --test scripts/bff-remediation-negative.mjs && vitest run tests/contract/bff-remediation.test.ts packages/api-client/tests/sse-safety.test.ts
verify	Validate BFF OpenAPI and generated contracts	2026-10-07T13:52:37.6680814Z 
verify	Validate BFF OpenAPI and generated contracts	2026-10-07T13:52:38.1688439Z ✔ missing staging permits development readiness and never claims formal acceptance (2.823487ms)
verify	Validate BFF OpenAPI and generated contracts	2026-10-07T13:52:38.1707300Z ✔ stage deferral cannot bypass engineering failures, final receipt requirements or unknown stages (0.220755ms)
verify	Validate BFF OpenAPI and generated contracts	2026-10-07T13:52:38.1708199Z ✔ final review command cannot be rewired to the development stage (16.239387ms)
verify	Validate BFF OpenAPI and generated contracts	2026-10-07T13:52:38.1708772Z ✔ current semantic A1 gate passes (17.447267ms)
verify	Validate BFF OpenAPI and generated contracts	2026-10-07T13:52:38.1709454Z ✔ rejects cookie semantic regression (7.242194ms)
verify	Validate BFF OpenAPI and generated contracts	2026-10-07T13:52:38.1710418Z ✔ rejects idempotency semantic regression (8.001491ms)
verify	Validate BFF OpenAPI and generated contracts	2026-10-07T13:52:38.1711337Z ✔ rejects sort semantic regression (11.358472ms)
verify	Validate BFF OpenAPI and generated contracts	2026-10-07T13:52:38.1712222Z ✔ rejects page semantic regression (8.179867ms)
verify	Validate BFF OpenAPI and generated contracts	2026-10-07T13:52:38.1712712Z ✔ rejects ci semantic regression (7.944955ms)
verify	Validate BFF OpenAPI and generated contracts	2026-10-07T13:52:38.1713164Z ✔ rejects decimal semantic regression (10.896964ms)
verify	Validate BFF OpenAPI and generated contracts	2026-10-07T13:52:38.1713626Z ✔ rejects version semantic regression (13.077593ms)
verify	Validate BFF OpenAPI and generated contracts	2026-10-07T13:52:38.1726469Z ✔ rejects csrf semantic regression (7.098905ms)
verify	Validate BFF OpenAPI and generated contracts	2026-10-07T13:52:38.1727684Z ✔ exact registered security correction is accepted only within its window (33.741206ms)
verify	Validate BFF OpenAPI and generated contracts	2026-10-07T13:52:38.1729133Z ✔ unregistered breaking type, enum or missing baseline fails closed (63.135531ms)
verify	Validate BFF OpenAPI and generated contracts	2026-10-07T13:52:38.1730667Z ✔ new required parameters and constraints cannot silently bypass compatibility (0.743577ms)
verify	Validate BFF OpenAPI and generated contracts	2026-10-07T13:52:38.1732182Z ✔ absent, invented and reference-only staging receipts never close A1 (1.043381ms)
verify	Validate BFF OpenAPI and generated contracts	2026-10-07T13:52:38.1733702Z ✔ final receipt requires technical evidence plus one input-bound user confirmation (2.984891ms)
verify	Validate BFF OpenAPI and generated contracts	2026-10-07T13:52:38.1734980Z ✔ optional property within an existing allOf is additive, required changes are rejected (0.454945ms)
verify	Validate BFF OpenAPI and generated contracts	2026-10-07T13:52:38.1892691Z ℹ tests 18
verify	Validate BFF OpenAPI and generated contracts	2026-10-07T13:52:38.1893226Z ℹ suites 0
verify	Validate BFF OpenAPI and generated contracts	2026-10-07T13:52:38.1893660Z ℹ pass 18
verify	Validate BFF OpenAPI and generated contracts	2026-10-07T13:52:38.1894069Z ℹ fail 0
verify	Validate BFF OpenAPI and generated contracts	2026-10-07T13:52:38.1894499Z ℹ cancelled 0
verify	Validate BFF OpenAPI and generated contracts	2026-10-07T13:52:38.1894966Z ℹ skipped 0
verify	Validate BFF OpenAPI and generated contracts	2026-10-07T13:52:38.1895402Z ℹ todo 0
verify	Validate BFF OpenAPI and generated contracts	2026-10-07T13:52:38.1895916Z ℹ duration_ms 492.361892
verify	Validate BFF OpenAPI and generated contracts	2026-10-07T13:52:38.4557354Z 
verify	Validate BFF OpenAPI and generated contracts	2026-10-07T13:52:38.4588257Z ^[[1m^[[30m^[[46m RUN ^[[49m^[[39m^[[22m ^[[36mv4.1.11 ^[[39m^[[90m/home/runner/work/QuantOS/QuantOS^[[39m
verify	Validate BFF OpenAPI and generated contracts	2026-10-07T13:52:38.4606707Z 
verify	Validate BFF OpenAPI and generated contracts	2026-10-07T13:52:39.0557530Z  ^[[32m✓^[[39m packages/api-client/tests/sse-safety.test.ts ^[[2m(^[[22m^[[2m9 tests^[[22m^[[2m)^[[22m^[[32m 51^[[2mms^[[22m^[[39m
verify	Validate BFF OpenAPI and generated contracts	2026-10-07T13:52:39.7381250Z  ^[[32m✓^[[39m tests/contract/bff-remediation.test.ts ^[[2m(^[[22m^[[2m8 tests^[[22m^[[2m)^[[22m^[[33m 338^[[2mms^[[22m^[[39m
verify	Validate BFF OpenAPI and generated contracts	2026-10-07T13:52:39.7411054Z 
verify	Validate BFF OpenAPI and generated contracts	2026-10-07T13:52:39.7415538Z ^[[2m Test Files ^[[22m ^[[1m^[[32m2 passed^[[39m^[[22m^[[90m (2)^[[39m
verify	Validate BFF OpenAPI and generated contracts	2026-10-07T13:52:39.7417183Z ^[[2m      Tests ^[[22m ^[[1m^[[32m17 passed^[[39m^[[22m^[[90m (17)^[[39m
verify	Validate BFF OpenAPI and generated contracts	2026-10-07T13:52:39.7418157Z ^[[2m   Start at ^[[22m 13:52:38
verify	Validate BFF OpenAPI and generated contracts	2026-10-07T13:52:39.7419139Z ^[[2m   Duration ^[[22m 1.16s^[[2m (transform 291ms, setup 0ms, import 922ms, tests 388ms, environment 0ms)^[[22m
verify	Validate BFF OpenAPI and generated contracts	2026-10-07T13:52:39.7420011Z 
verify	Validate BFF OpenAPI and generated contracts	2026-10-07T13:52:39.7734327Z pnpm check:bff-openapi
verify	Validate BFF OpenAPI and generated contracts	2026-10-07T13:52:40.0575052Z 
verify	Validate BFF OpenAPI and generated contracts	2026-10-07T13:52:40.0576709Z > @sumalpha/quantos@ check:bff-openapi /home/runner/work/QuantOS/QuantOS
verify	Validate BFF OpenAPI and generated contracts	2026-10-07T13:52:40.0577625Z > node scripts/check-bff-openapi.mjs
verify	Validate BFF OpenAPI and generated contracts	2026-10-07T13:52:40.0579181Z 
verify	Validate BFF OpenAPI and generated contracts	2026-10-07T13:52:40.2715131Z ok    OpenAPI 版本 3.1.0
verify	Validate BFF OpenAPI and generated contracts	2026-10-07T13:52:40.2747139Z ok    全部本地 $ref 可解析
verify	Validate BFF OpenAPI and generated contracts	2026-10-07T13:52:40.2752497Z ok    operation 数 62，operationId 全局唯一
verify	Validate BFF OpenAPI and generated contracts	2026-10-07T13:52:40.2753637Z 
verify	Validate BFF OpenAPI and generated contracts	2026-10-07T13:52:40.2754268Z BFF OpenAPI 基线结构校验通过
verify	Validate BFF OpenAPI and generated contracts	2026-10-07T13:52:40.2944658Z pnpm check:bff-generated
verify	Validate BFF OpenAPI and generated contracts	2026-10-07T13:52:40.5762246Z 
verify	Validate BFF OpenAPI and generated contracts	2026-10-07T13:52:40.5763431Z > @sumalpha/quantos@ check:bff-generated /home/runner/work/QuantOS/QuantOS
verify	Validate BFF OpenAPI and generated contracts	2026-10-07T13:52:40.5764665Z > node ./scripts/check-bff-generated.mjs
verify	Validate BFF OpenAPI and generated contracts	2026-10-07T13:52:40.5765005Z 
verify	Validate BFF OpenAPI and generated contracts	2026-10-07T13:52:41.3344528Z ✨ openapi-typescript 7.13.0
verify	Validate BFF OpenAPI and generated contracts	2026-10-07T13:52:41.5462994Z 🚀 /home/runner/work/QuantOS/QuantOS/bff/openapi/quantos-bff.v1.yaml → /tmp/quantos-bff-generated-EFCI0k/packages/api-client/src/bff-gen/quantos-bff.ts [214.5ms]
verify	Validate BFF OpenAPI and generated contracts	2026-10-07T13:52:41.5687845Z Generated BFF 1.5.0: 62 operations, 52 schemas.
verify	Validate BFF OpenAPI and generated contracts	2026-10-07T13:52:41.5693363Z ok    packages/api-client/src/bff-gen/quantos-bff.ts
verify	Validate BFF OpenAPI and generated contracts	2026-10-07T13:52:41.5694855Z ok    packages/api-client/src/bff-gen/quantos-bff.zod.ts
verify	Validate BFF OpenAPI and generated contracts	2026-10-07T13:52:41.5697658Z ok    tests/contract/generated/quantos-bff.components.schema.json
verify	Validate BFF OpenAPI and generated contracts	2026-10-07T13:52:41.5698735Z ok    tests/contract/generated/quantos-bff.operations.json
verify	Validate BFF OpenAPI and generated contracts	2026-10-07T13:52:41.5700038Z ok    tests/contract/generated/quantos-bff.msw.ts
verify	Validate BFF OpenAPI and generated contracts	2026-10-07T13:52:41.5704028Z ok    services/bff-gateway/src/generated-input-policy.json
verify	Validate BFF OpenAPI and generated contracts	2026-10-07T13:52:41.5712494Z 
verify	Validate BFF OpenAPI and generated contracts	2026-10-07T13:52:41.5713021Z BFF generated artifacts match the frozen OpenAPI.
verify	Validate BFF OpenAPI and generated contracts	2026-10-07T13:52:41.5865340Z pnpm check:bff-contract-coverage
verify	Validate BFF OpenAPI and generated contracts	2026-10-07T13:52:41.8666944Z 
verify	Validate BFF OpenAPI and generated contracts	2026-10-07T13:52:41.8668207Z > @sumalpha/quantos@ check:bff-contract-coverage /home/runner/work/QuantOS/QuantOS
verify	Validate BFF OpenAPI and generated contracts	2026-10-07T13:52:41.8669668Z > node ./scripts/check-bff-contract-coverage.mjs
verify	Validate BFF OpenAPI and generated contracts	2026-10-07T13:52:41.8670282Z 
verify	Validate BFF OpenAPI and generated contracts	2026-10-07T13:52:42.0907766Z BFF contract coverage passed: 62 operations, 52 schemas, 62 page references.
verify	Validate BFF OpenAPI and generated contracts	2026-10-07T13:52:42.1048203Z pnpm check:bff-fe-000
verify	Validate BFF OpenAPI and generated contracts	2026-10-07T13:52:42.3814965Z 
verify	Validate BFF OpenAPI and generated contracts	2026-10-07T13:52:42.3815944Z > @sumalpha/quantos@ check:bff-fe-000 /home/runner/work/QuantOS/QuantOS
verify	Validate BFF OpenAPI and generated contracts	2026-10-07T13:52:42.3817045Z > node scripts/check-bff-fe-000.mjs
verify	Validate BFF OpenAPI and generated contracts	2026-10-07T13:52:42.3817404Z 
verify	Validate BFF OpenAPI and generated contracts	2026-10-07T13:52:42.6171366Z BFF-FE-000 Gate PASS: 17 contracts, 22 phase-one pages, 62 published + 46 planned operationIds.
verify	Validate BFF OpenAPI and generated contracts	2026-10-07T13:52:42.6323810Z pnpm test:bff-fe-000
verify	Validate BFF OpenAPI and generated contracts	2026-10-07T13:52:42.9083877Z 
verify	Validate BFF OpenAPI and generated contracts	2026-10-07T13:52:42.9085112Z > @sumalpha/quantos@ test:bff-fe-000 /home/runner/work/QuantOS/QuantOS
verify	Validate BFF OpenAPI and generated contracts	2026-10-07T13:52:42.9086292Z > node --test scripts/bff-fe-000-gate-negative.mjs
verify	Validate BFF OpenAPI and generated contracts	2026-10-07T13:52:42.9086752Z 
verify	Validate BFF OpenAPI and generated contracts	2026-10-07T13:52:43.2306571Z ✔ current BFF-FE-000 repository Gate passes (12.721143ms)
verify	Validate BFF OpenAPI and generated contracts	2026-10-07T13:52:43.2311991Z ✔ missing phase-one page mapping is rejected (7.466185ms)
verify	Validate BFF OpenAPI and generated contracts	2026-10-07T13:52:43.2313011Z ✔ published operation drift is rejected (11.120511ms)
verify	Validate BFF OpenAPI and generated contracts	2026-10-07T13:52:43.2314516Z ✔ planned operation traceability deletion is rejected (4.061144ms)
verify	Validate BFF OpenAPI and generated contracts	2026-10-07T13:52:43.2317012Z ✔ shared idempotency baseline deletion is rejected (6.806866ms)
verify	Validate BFF OpenAPI and generated contracts	2026-10-07T13:52:43.2320418Z ✔ dependency regression is rejected (4.373261ms)
verify	Validate BFF OpenAPI and generated contracts	2026-10-07T13:52:43.2325536Z ✔ error correlation header deletion is rejected (6.730532ms)
verify	Validate BFF OpenAPI and generated contracts	2026-10-07T13:52:43.2328636Z ✔ generated Zod export deletion is rejected (4.178334ms)
verify	Validate BFF OpenAPI and generated contracts	2026-10-07T13:52:43.2465340Z ℹ tests 8
verify	Validate BFF OpenAPI and generated contracts	2026-10-07T13:52:43.2465771Z ℹ suites 0
verify	Validate BFF OpenAPI and generated contracts	2026-10-07T13:52:43.2466343Z ℹ pass 8
verify	Validate BFF OpenAPI and generated contracts	2026-10-07T13:52:43.2466782Z ℹ fail 0
verify	Validate BFF OpenAPI and generated contracts	2026-10-07T13:52:43.2467179Z ℹ cancelled 0
verify	Validate BFF OpenAPI and generated contracts	2026-10-07T13:52:43.2467541Z ℹ skipped 0
verify	Validate BFF OpenAPI and generated contracts	2026-10-07T13:52:43.2467876Z ℹ todo 0
verify	Validate BFF OpenAPI and generated contracts	2026-10-07T13:52:43.2468259Z ℹ duration_ms 309.457914
verify	Validate BFF OpenAPI and generated contracts	2026-10-07T13:52:43.2586486Z pnpm check:bff-fe-001
verify	Validate BFF OpenAPI and generated contracts	2026-10-07T13:52:43.5574338Z 
verify	Validate BFF OpenAPI and generated contracts	2026-10-07T13:52:43.5575378Z > @sumalpha/quantos@ check:bff-fe-001 /home/runner/work/QuantOS/QuantOS
verify	Validate BFF OpenAPI and generated contracts	2026-10-07T13:52:43.5576587Z > node scripts/check-bff-fe-001.mjs
verify	Validate BFF OpenAPI and generated contracts	2026-10-07T13:52:43.5577037Z 
verify	Validate BFF OpenAPI and generated contracts	2026-10-07T13:53:54.4241922Z BFF-FE-001 local contract Gate PASS: 20 C01/C17 operations, structure plus executed provider/consumer semantics. Live Supabase/staging evidence remains separate. F06 target acceptance requires make f06-acceptance-gate.
verify	Validate BFF OpenAPI and generated contracts	2026-10-07T13:53:54.4397567Z pnpm test:bff-fe-001
verify	Validate BFF OpenAPI and generated contracts	2026-10-07T13:53:54.7157781Z 
verify	Validate BFF OpenAPI and generated contracts	2026-10-07T13:53:54.7160737Z > @sumalpha/quantos@ test:bff-fe-001 /home/runner/work/QuantOS/QuantOS
verify	Validate BFF OpenAPI and generated contracts	2026-10-07T13:53:54.7162463Z > node --test scripts/bff-fe-001-gate-negative.mjs && node scripts/test-bff-fe-001-mutations.mjs && node --test scripts/f09-migration-ledger.test.cjs
verify	Validate BFF OpenAPI and generated contracts	2026-10-07T13:53:54.7163609Z 
verify	Validate BFF OpenAPI and generated contracts	2026-10-07T13:53:55.2404375Z ✔ current BFF-FE-001 repository Gate passes (26.069046ms)
verify	Validate BFF OpenAPI and generated contracts	2026-10-07T13:53:55.2408977Z ✔ CSRF deletion is rejected (16.250159ms)
verify	Validate BFF OpenAPI and generated contracts	2026-10-07T13:53:55.2409910Z ✔ bearer session regression is rejected (15.391795ms)
verify	Validate BFF OpenAPI and generated contracts	2026-10-07T13:53:55.2410845Z ✔ recent-auth deletion is rejected (14.515918ms)
verify	Validate BFF OpenAPI and generated contracts	2026-10-07T13:53:55.2412528Z ✔ idempotency deletion is rejected (15.103744ms)
verify	Validate BFF OpenAPI and generated contracts	2026-10-07T13:53:55.2413757Z ✔ last-factor protection deletion is rejected (9.177092ms)
verify	Validate BFF OpenAPI and generated contracts	2026-10-07T13:53:55.2414977Z ✔ resource-hiding 404 deletion is rejected (11.482997ms)
verify	Validate BFF OpenAPI and generated contracts	2026-10-07T13:53:55.2416957Z ✔ revocation replay deletion is rejected (9.840679ms)
verify	Validate BFF OpenAPI and generated contracts	2026-10-07T13:53:55.2421082Z ✔ security audit reference deletion is rejected (10.413056ms)
verify	Validate BFF OpenAPI and generated contracts	2026-10-07T13:53:55.2422180Z ✔ dependency regression is rejected (7.262041ms)
verify	Validate BFF OpenAPI and generated contracts	2026-10-07T13:53:55.2427298Z ✔ provider changes invalidate executed evidence (6.943011ms)
verify	Validate BFF OpenAPI and generated contracts	2026-10-07T13:53:55.2430151Z ✔ providerTests changes invalidate executed evidence (9.972557ms)
verify	Validate BFF OpenAPI and generated contracts	2026-10-07T13:53:55.2433706Z ✔ authClient changes invalidate executed evidence (7.248065ms)
verify	Validate BFF OpenAPI and generated contracts	2026-10-07T13:53:55.2439599Z ✔ settingsClient changes invalidate executed evidence (11.057316ms)
verify	Validate BFF OpenAPI and generated contracts	2026-10-07T13:53:55.2447130Z ✔ liveProvider changes invalidate executed evidence (8.712899ms)
verify	Validate BFF OpenAPI and generated contracts	2026-10-07T13:53:55.2456019Z ✔ frontendWorkflow commands in comments do not count as CI (7.813338ms)
verify	Validate BFF OpenAPI and generated contracts	2026-10-07T13:53:55.2457181Z ✔ ciWorkflow commands in comments do not count as CI (7.112852ms)
verify	Validate BFF OpenAPI and generated contracts	2026-10-07T13:53:55.2458117Z ✔ disabled CI steps cannot satisfy the Gate (6.89391ms)
verify	Validate BFF OpenAPI and generated contracts	2026-10-07T13:53:55.2459145Z ✔ outdated inventory cannot satisfy the active evidence Gate (8.063808ms)
verify	Validate BFF OpenAPI and generated contracts	2026-10-07T13:53:55.2489599Z ✔ commented Make recipes do not satisfy executable wiring (8.624704ms)
verify	Validate BFF OpenAPI and generated contracts	2026-10-07T13:53:55.2490923Z ✔ no semantic receipt cannot satisfy the Gate (6.94156ms)
verify	Validate BFF OpenAPI and generated contracts	2026-10-07T13:53:55.2491975Z ✔ deleted active evidence cannot satisfy the Gate (9.207839ms)
verify	Validate BFF OpenAPI and generated contracts	2026-10-07T13:53:55.2627587Z ℹ tests 22
verify	Validate BFF OpenAPI and generated contracts	2026-10-07T13:53:55.2628143Z ℹ suites 0
verify	Validate BFF OpenAPI and generated contracts	2026-10-07T13:53:55.2628583Z ℹ pass 22
verify	Validate BFF OpenAPI and generated contracts	2026-10-07T13:53:55.2629002Z ℹ fail 0
verify	Validate BFF OpenAPI and generated contracts	2026-10-07T13:53:55.2629437Z ℹ cancelled 0
verify	Validate BFF OpenAPI and generated contracts	2026-10-07T13:53:55.2629885Z ℹ skipped 0
verify	Validate BFF OpenAPI and generated contracts	2026-10-07T13:53:55.2630304Z ℹ todo 0
verify	Validate BFF OpenAPI and generated contracts	2026-10-07T13:53:55.2630798Z ℹ duration_ms 518.756119
verify	Validate BFF OpenAPI and generated contracts	2026-10-07T13:55:12.0766767Z PASS actual semantic mutation rejected: last-factor-protection
verify	Validate BFF OpenAPI and generated contracts	2026-10-07T13:55:18.2017321Z PASS actual semantic mutation rejected: csrf-enforcement
verify	Validate BFF OpenAPI and generated contracts	2026-10-07T13:55:24.4119035Z PASS actual semantic mutation rejected: challenge-freshness
verify	Validate BFF OpenAPI and generated contracts	2026-10-07T13:55:26.9122619Z PASS actual semantic mutation rejected: live-last-factor
verify	Validate BFF OpenAPI and generated contracts	2026-10-07T13:55:29.3831934Z PASS actual semantic mutation rejected: live-first-factor-state
verify	Validate BFF OpenAPI and generated contracts	2026-10-07T13:55:31.8619041Z PASS actual semantic mutation rejected: live-csrf
verify	Validate BFF OpenAPI and generated contracts	2026-10-07T13:55:34.3065350Z PASS actual semantic mutation rejected: live-challenge-ttl
verify	Validate BFF OpenAPI and generated contracts	2026-10-07T13:55:36.6608049Z PASS actual semantic mutation rejected: live-revocation
verify	Validate BFF OpenAPI and generated contracts	2026-10-07T13:55:36.7523173Z ✔ later A2 migration does not make a complete F09 ledger stale (0.923977ms)
verify	Validate BFF OpenAPI and generated contracts	2026-10-07T13:55:36.7525120Z ✔ missing target migration fails closed (0.501863ms)
verify	Validate BFF OpenAPI and generated contracts	2026-10-07T13:55:36.7526807Z ✔ changed applied SQL checksum fails closed (0.249589ms)
verify	Validate BFF OpenAPI and generated contracts	2026-10-07T13:55:36.7532446Z ✔ missing F09 prerequisite fails even if remaining ledger matches (0.189025ms)
verify	Validate BFF OpenAPI and generated contracts	2026-10-07T13:55:36.7630828Z ℹ tests 4
verify	Validate BFF OpenAPI and generated contracts	2026-10-07T13:55:36.7631323Z ℹ suites 0
verify	Validate BFF OpenAPI and generated contracts	2026-10-07T13:55:36.7631754Z ℹ pass 4
verify	Validate BFF OpenAPI and generated contracts	2026-10-07T13:55:36.7632178Z ℹ fail 0
verify	Validate BFF OpenAPI and generated contracts	2026-10-07T13:55:36.7632598Z ℹ cancelled 0
verify	Validate BFF OpenAPI and generated contracts	2026-10-07T13:55:36.7633068Z ℹ skipped 0
verify	Validate BFF OpenAPI and generated contracts	2026-10-07T13:55:36.7633509Z ℹ todo 0
verify	Validate BFF OpenAPI and generated contracts	2026-10-07T13:55:36.7634021Z ℹ duration_ms 58.922362
verify	Validate BFF OpenAPI and generated contracts	2026-10-07T13:55:36.7735692Z pnpm check:bff-fe-007
verify	Validate BFF OpenAPI and generated contracts	2026-10-07T13:55:37.0630439Z 
verify	Validate BFF OpenAPI and generated contracts	2026-10-07T13:55:37.0631576Z > @sumalpha/quantos@ check:bff-fe-007 /home/runner/work/QuantOS/QuantOS
verify	Validate BFF OpenAPI and generated contracts	2026-10-07T13:55:37.0632770Z > node scripts/check-bff-fe-007.mjs
verify	Validate BFF OpenAPI and generated contracts	2026-10-07T13:55:37.0633085Z 
verify	Validate BFF OpenAPI and generated contracts	2026-10-07T13:55:37.2920829Z BFF-FE-007 local contract Gate PASS: 6 C10 operations, redacted evidence pagination, controlled export lifecycle and fail-closed download checks.
verify	Validate BFF OpenAPI and generated contracts	2026-10-07T13:55:37.3078105Z pnpm test:bff-fe-007
verify	Validate BFF OpenAPI and generated contracts	2026-10-07T13:55:37.5866829Z 
verify	Validate BFF OpenAPI and generated contracts	2026-10-07T13:55:37.5867799Z > @sumalpha/quantos@ test:bff-fe-007 /home/runner/work/QuantOS/QuantOS
verify	Validate BFF OpenAPI and generated contracts	2026-10-07T13:55:37.5868774Z > node --test scripts/bff-fe-007-gate-negative.mjs
verify	Validate BFF OpenAPI and generated contracts	2026-10-07T13:55:37.5869196Z 
verify	Validate BFF OpenAPI and generated contracts	2026-10-07T13:55:37.8889327Z ✔ current BFF-FE-007 repository Gate passes (1.93094ms)
verify	Validate BFF OpenAPI and generated contracts	2026-10-07T13:55:37.8893879Z ✔ redaction attestation deletion is rejected (4.155662ms)
verify	Validate BFF OpenAPI and generated contracts	2026-10-07T13:55:37.8894503Z ✔ evidence cursor deletion is rejected (3.4257ms)
verify	Validate BFF OpenAPI and generated contracts	2026-10-07T13:55:37.8896600Z ✔ export capability regression is rejected (3.321824ms)
verify	Validate BFF OpenAPI and generated contracts	2026-10-07T13:55:37.8897243Z ✔ CSRF deletion is rejected (3.306725ms)
verify	Validate BFF OpenAPI and generated contracts	2026-10-07T13:55:37.8902751Z ✔ recent-auth deletion is rejected (5.998626ms)
verify	Validate BFF OpenAPI and generated contracts	2026-10-07T13:55:37.8907335Z ✔ idempotency deletion is rejected (4.928325ms)
verify	Validate BFF OpenAPI and generated contracts	2026-10-07T13:55:37.8912295Z ✔ expired download response deletion is rejected (2.188604ms)
verify	Validate BFF OpenAPI and generated contracts	2026-10-07T13:55:37.8914557Z ✔ download URL leakage through status is rejected (2.423285ms)
verify	Validate BFF OpenAPI and generated contracts	2026-10-07T13:55:37.8918049Z ✔ watermark deletion is rejected (2.804882ms)
verify	Validate BFF OpenAPI and generated contracts	2026-10-07T13:55:37.8921090Z ✔ dependency regression is rejected (0.684086ms)
verify	Validate BFF OpenAPI and generated contracts	2026-10-07T13:55:37.9061815Z ℹ tests 11
verify	Validate BFF OpenAPI and generated contracts	2026-10-07T13:55:37.9062258Z ℹ suites 0
verify	Validate BFF OpenAPI and generated contracts	2026-10-07T13:55:37.9062600Z ℹ pass 11
verify	Validate BFF OpenAPI and generated contracts	2026-10-07T13:55:37.9062933Z ℹ fail 0
verify	Validate BFF OpenAPI and generated contracts	2026-10-07T13:55:37.9063275Z ℹ cancelled 0
verify	Validate BFF OpenAPI and generated contracts	2026-10-07T13:55:37.9063627Z ℹ skipped 0
verify	Validate BFF OpenAPI and generated contracts	2026-10-07T13:55:37.9063960Z ℹ todo 0
verify	Validate BFF OpenAPI and generated contracts	2026-10-07T13:55:37.9064373Z ℹ duration_ms 291.51648
verify	Validate BFF OpenAPI and generated contracts	2026-10-07T13:55:37.9181100Z pnpm check:bff-fe-007:development
verify	Validate BFF OpenAPI and generated contracts	2026-10-07T13:55:38.1986548Z 
verify	Validate BFF OpenAPI and generated contracts	2026-10-07T13:55:38.1987632Z > @sumalpha/quantos@ check:bff-fe-007:development /home/runner/work/QuantOS/QuantOS
verify	Validate BFF OpenAPI and generated contracts	2026-10-07T13:55:38.1988669Z > node scripts/bff-fe-007-development.mjs
verify	Validate BFF OpenAPI and generated contracts	2026-10-07T13:55:38.1989055Z 
verify	Validate BFF OpenAPI and generated contracts	2026-10-07T13:55:38.3120445Z Expected values to be strictly equal:
verify	Validate BFF OpenAPI and generated contracts	2026-10-07T13:55:38.3121030Z + actual - expected
verify	Validate BFF OpenAPI and generated contracts	2026-10-07T13:55:38.3121285Z 
verify	Validate BFF OpenAPI and generated contracts	2026-10-07T13:55:38.3121436Z + 'NOT_ASSESSED'
verify	Validate BFF OpenAPI and generated contracts	2026-10-07T13:55:38.3121744Z - 'READY'
verify	Validate BFF OpenAPI and generated contracts	2026-10-07T13:55:38.3121911Z 
verify	Validate BFF OpenAPI and generated contracts	2026-10-07T13:55:38.3333576Z  ELIFECYCLE  Command failed with exit code 1.
verify	Validate BFF OpenAPI and generated contracts	2026-10-07T13:55:38.3526611Z make: *** [Makefile:71: bff-contract-check] Error 1
verify	Validate BFF OpenAPI and generated contracts	2026-10-07T13:55:38.3538317Z ##[error]Process completed with exit code 2.
verify	Archive F02 validation evidence	﻿2026-10-07T13:55:38.3669605Z ##[group]Run actions/upload-artifact@v4
verify	Archive F02 validation evidence	2026-10-07T13:55:38.3669918Z with:
verify	Archive F02 validation evidence	2026-10-07T13:55:38.3670132Z   name: f02-validation-evidence
verify	Archive F02 validation evidence	2026-10-07T13:55:38.3670390Z   path: artifacts/f02/
verify	Archive F02 validation evidence	2026-10-07T13:55:38.3670627Z   if-no-files-found: error
verify	Archive F02 validation evidence	2026-10-07T13:55:38.3670870Z   compression-level: 6
verify	Archive F02 validation evidence	2026-10-07T13:55:38.3671088Z   overwrite: false
verify	Archive F02 validation evidence	2026-10-07T13:55:38.3671315Z   include-hidden-files: false
verify	Archive F02 validation evidence	2026-10-07T13:55:38.3671556Z env:
verify	Archive F02 validation evidence	2026-10-07T13:55:38.3671751Z   QUANTOS_SKIP_ENV: 1
verify	Archive F02 validation evidence	2026-10-07T13:55:38.3672061Z   F02_PG_ADMIN_URL: postgresql://postgres@127.0.0.1:5432/postgres
verify	Archive F02 validation evidence	2026-10-07T13:55:38.3672525Z   GITLEAKS_BIN: /home/runner/work/QuantOS/QuantOS/artifacts/tools/gitleaks
verify	Archive F02 validation evidence	2026-10-07T13:55:38.3672996Z   QUANTOS_BFF_BASE: 6aa5b9ee5c42e1527fbad47cfec4e71282340db9
verify	Archive F02 validation evidence	2026-10-07T13:55:38.3673400Z   QUANTOS_PROTO_BASE: 6aa5b9ee5c42e1527fbad47cfec4e71282340db9
verify	Archive F02 validation evidence	2026-10-07T13:55:38.3673806Z   QUANTOS_SOURCE_SHA: ade12c8907254a8fa1fa69481fe2e1ca3536b0aa
verify	Archive F02 validation evidence	2026-10-07T13:55:38.3674137Z   CARGO_TERM_COLOR: always
verify	Archive F02 validation evidence	2026-10-07T13:55:38.3674420Z   NEXT_PUBLIC_QUANTOS_ENV: local-mock
verify	Archive F02 validation evidence	2026-10-07T13:55:38.3674723Z   NEXT_PUBLIC_SITE_ORIGIN: https://sumalpha.ai
verify	Archive F02 validation evidence	2026-10-07T13:55:38.3675106Z   NEXT_PUBLIC_QUANTOS_TERMINAL_ORIGIN: http://localhost:3190
verify	Archive F02 validation evidence	2026-10-07T13:55:38.3675506Z   NEXT_PUBLIC_QUANTOS_BFF_ORIGIN: http://localhost:4010
verify	Archive F02 validation evidence	2026-10-07T13:55:38.3675885Z   NEXT_PUBLIC_QUANTOS_OIDC_ISSUER: https://mock.idp.local
verify	Archive F02 validation evidence	2026-10-07T13:55:38.3676537Z   NEXT_PUBLIC_QUANTOS_OIDC_CLIENT_ID: quantos-terminal-ci
verify	Archive F02 validation evidence	2026-10-07T13:55:38.3676988Z   NEXT_PUBLIC_QUANTOS_OIDC_REDIRECT_URI: http://localhost:3190/auth/callback
verify	Archive F02 validation evidence	2026-10-07T13:55:38.3677401Z   NEXT_PUBLIC_QUANTOS_DEFAULT_MODE: paper
verify	Archive F02 validation evidence	2026-10-07T13:55:38.3677878Z   NEXT_PUBLIC_QUANTOS_MOCK_ENABLED: true
verify	Archive F02 validation evidence	2026-10-07T13:55:38.3678166Z   NEXT_PUBLIC_QUANTOS_OBS_ENABLED: false
verify	Archive F02 validation evidence	2026-10-07T13:55:38.3678486Z   NEXT_PUBLIC_QUANTOS_FEATURE_ASSISTED_LIVE_TESTNET: off
verify	Archive F02 validation evidence	2026-10-07T13:55:38.3678806Z   CARGO_HOME: /home/runner/.cargo
verify	Archive F02 validation evidence	2026-10-07T13:55:38.3679064Z   CARGO_INCREMENTAL: 0
verify	Archive F02 validation evidence	2026-10-07T13:55:38.3679356Z   pythonLocation: /opt/hostedtoolcache/Python/3.12.10/x64
verify	Archive F02 validation evidence	2026-10-07T13:55:38.3679778Z   PKG_CONFIG_PATH: /opt/hostedtoolcache/Python/3.12.10/x64/lib/pkgconfig
verify	Archive F02 validation evidence	2026-10-07T13:55:38.3680199Z   Python_ROOT_DIR: /opt/hostedtoolcache/Python/3.12.10/x64
verify	Archive F02 validation evidence	2026-10-07T13:55:38.3680580Z   Python2_ROOT_DIR: /opt/hostedtoolcache/Python/3.12.10/x64
verify	Archive F02 validation evidence	2026-10-07T13:55:38.3680963Z   Python3_ROOT_DIR: /opt/hostedtoolcache/Python/3.12.10/x64
verify	Archive F02 validation evidence	2026-10-07T13:55:38.3681341Z   LD_LIBRARY_PATH: /opt/hostedtoolcache/Python/3.12.10/x64/lib
verify	Archive F02 validation evidence	2026-10-07T13:55:38.3681714Z   UV_CACHE_DIR: /home/runner/work/_temp/setup-uv-cache
verify	Archive F02 validation evidence	2026-10-07T13:55:38.3682013Z ##[endgroup]
verify	Archive F02 validation evidence	2026-10-07T13:55:38.5341777Z (node:22128) [DEP0040] DeprecationWarning: The `punycode` module is deprecated. Please use a userland alternative instead.
verify	Archive F02 validation evidence	2026-10-07T13:55:38.5343346Z (Use `node --trace-deprecation ...` to show where the warning was created)
verify	Archive F02 validation evidence	2026-10-07T13:55:38.5362915Z ##[error]No files were found with the provided path: artifacts/f02/. No artifacts will be uploaded.
verify-download	Require the event-specific download verification	﻿2026-10-07T13:55:49.4133656Z ##[group]Run if [[ "$GITHUB_EVENT_NAME" == "push" && "$GITHUB_REF" == "refs/heads/main" ]]; then
verify-download	Require the event-specific download verification	2026-10-07T13:55:49.4135013Z ^[[36;1mif [[ "$GITHUB_EVENT_NAME" == "push" && "$GITHUB_REF" == "refs/heads/main" ]]; then^[[0m
verify-download	Require the event-specific download verification	2026-10-07T13:55:49.4135843Z ^[[36;1m  test "$MAIN_RESULT" = success^[[0m
verify-download	Require the event-specific download verification	2026-10-07T13:55:49.4136559Z ^[[36;1melif [[ "$GITHUB_EVENT_NAME" == "pull_request" ]]; then^[[0m
verify-download	Require the event-specific download verification	2026-10-07T13:55:49.4137327Z ^[[36;1m  test "$PR_RESULT" = success^[[0m
verify-download	Require the event-specific download verification	2026-10-07T13:55:49.4137907Z ^[[36;1melse^[[0m
verify-download	Require the event-specific download verification	2026-10-07T13:55:49.4138463Z ^[[36;1m  exit 1^[[0m
verify-download	Require the event-specific download verification	2026-10-07T13:55:49.4138962Z ^[[36;1mfi^[[0m
verify-download	Require the event-specific download verification	2026-10-07T13:55:49.7907271Z shell: /usr/bin/bash -e {0}
verify-download	Require the event-specific download verification	2026-10-07T13:55:49.7908036Z env:
verify-download	Require the event-specific download verification	2026-10-07T13:55:49.7908406Z   MAIN_RESULT: skipped
verify-download	Require the event-specific download verification	2026-10-07T13:55:49.7908850Z   PR_RESULT: skipped
verify-download	Require the event-specific download verification	2026-10-07T13:55:49.7909268Z ##[endgroup]
verify-download	Require the event-specific download verification	2026-10-07T13:55:49.8181924Z ##[error]Process completed with exit code 1.
