frontend-baseline	Verify PROVIDER A1 functional receipts and rejection probes	﻿2026-10-07T13:46:59.0851593Z ##[group]Run pnpm check:provider-a1 && pnpm test:provider-a1
frontend-baseline	Verify PROVIDER A1 functional receipts and rejection probes	2026-10-07T13:46:59.0852062Z ^[[36;1mpnpm check:provider-a1 && pnpm test:provider-a1^[[0m
frontend-baseline	Verify PROVIDER A1 functional receipts and rejection probes	2026-10-07T13:46:59.0913770Z shell: /usr/bin/bash -e {0}
frontend-baseline	Verify PROVIDER A1 functional receipts and rejection probes	2026-10-07T13:46:59.0914030Z env:
frontend-baseline	Verify PROVIDER A1 functional receipts and rejection probes	2026-10-07T13:46:59.0914298Z   QUANTOS_BFF_BASE: 6aa5b9ee5c42e1527fbad47cfec4e71282340db9
frontend-baseline	Verify PROVIDER A1 functional receipts and rejection probes	2026-10-07T13:46:59.0914689Z   NEXT_PUBLIC_QUANTOS_ENV: local-mock
frontend-baseline	Verify PROVIDER A1 functional receipts and rejection probes	2026-10-07T13:46:59.0915013Z   NEXT_PUBLIC_SITE_ORIGIN: https://sumalpha.ai
frontend-baseline	Verify PROVIDER A1 functional receipts and rejection probes	2026-10-07T13:46:59.0915393Z   NEXT_PUBLIC_QUANTOS_TERMINAL_ORIGIN: http://localhost:3190
frontend-baseline	Verify PROVIDER A1 functional receipts and rejection probes	2026-10-07T13:46:59.0915806Z   NEXT_PUBLIC_QUANTOS_BFF_ORIGIN: http://localhost:4010
frontend-baseline	Verify PROVIDER A1 functional receipts and rejection probes	2026-10-07T13:46:59.0916185Z   NEXT_PUBLIC_QUANTOS_OIDC_ISSUER: https://mock.idp.local
frontend-baseline	Verify PROVIDER A1 functional receipts and rejection probes	2026-10-07T13:46:59.0916573Z   NEXT_PUBLIC_QUANTOS_OIDC_CLIENT_ID: quantos-terminal-ci
frontend-baseline	Verify PROVIDER A1 functional receipts and rejection probes	2026-10-07T13:46:59.0917009Z   NEXT_PUBLIC_QUANTOS_OIDC_REDIRECT_URI: http://localhost:3190/auth/callback
frontend-baseline	Verify PROVIDER A1 functional receipts and rejection probes	2026-10-07T13:46:59.0917432Z   NEXT_PUBLIC_QUANTOS_DEFAULT_MODE: paper
frontend-baseline	Verify PROVIDER A1 functional receipts and rejection probes	2026-10-07T13:46:59.0917757Z   NEXT_PUBLIC_QUANTOS_MOCK_ENABLED: true
frontend-baseline	Verify PROVIDER A1 functional receipts and rejection probes	2026-10-07T13:46:59.0918040Z   NEXT_PUBLIC_QUANTOS_OBS_ENABLED: false
frontend-baseline	Verify PROVIDER A1 functional receipts and rejection probes	2026-10-07T13:46:59.0918357Z   NEXT_PUBLIC_QUANTOS_FEATURE_ASSISTED_LIVE_TESTNET: off
frontend-baseline	Verify PROVIDER A1 functional receipts and rejection probes	2026-10-07T13:46:59.0918676Z   CARGO_HOME: /home/runner/.cargo
frontend-baseline	Verify PROVIDER A1 functional receipts and rejection probes	2026-10-07T13:46:59.0919095Z   CARGO_INCREMENTAL: 0
frontend-baseline	Verify PROVIDER A1 functional receipts and rejection probes	2026-10-07T13:46:59.0919314Z   CARGO_TERM_COLOR: always
frontend-baseline	Verify PROVIDER A1 functional receipts and rejection probes	2026-10-07T13:46:59.0919547Z ##[endgroup]
frontend-baseline	Verify PROVIDER A1 functional receipts and rejection probes	2026-10-07T13:46:59.3757485Z 
frontend-baseline	Verify PROVIDER A1 functional receipts and rejection probes	2026-10-07T13:46:59.3758402Z > @sumalpha/quantos@ check:provider-a1 /home/runner/work/QuantOS/QuantOS
frontend-baseline	Verify PROVIDER A1 functional receipts and rejection probes	2026-10-07T13:46:59.3759340Z > node scripts/provider-a1-receipts.mjs
frontend-baseline	Verify PROVIDER A1 functional receipts and rejection probes	2026-10-07T13:46:59.3759727Z 
frontend-baseline	Verify PROVIDER A1 functional receipts and rejection probes	2026-10-07T13:46:59.4584159Z PROVIDER:A1: dependency is not READY
frontend-baseline	Verify PROVIDER A1 functional receipts and rejection probes	2026-10-07T13:46:59.4584705Z + actual - expected
frontend-baseline	Verify PROVIDER A1 functional receipts and rejection probes	2026-10-07T13:46:59.4584889Z 
frontend-baseline	Verify PROVIDER A1 functional receipts and rejection probes	2026-10-07T13:46:59.4585011Z + 'NOT_ASSESSED'
frontend-baseline	Verify PROVIDER A1 functional receipts and rejection probes	2026-10-07T13:46:59.4585272Z - 'READY'
frontend-baseline	Verify PROVIDER A1 functional receipts and rejection probes	2026-10-07T13:46:59.4585416Z 
frontend-baseline	Verify PROVIDER A1 functional receipts and rejection probes	2026-10-07T13:46:59.4790244Z  ELIFECYCLE  Command failed with exit code 1.
frontend-baseline	Verify PROVIDER A1 functional receipts and rejection probes	2026-10-07T13:46:59.5233982Z ##[error]Process completed with exit code 1.
