node scripts/check-f01.mjs
node:internal/errors:985
  const err = new Error(message);
              ^

Error: Command failed: uv run --locked --project engines --all-packages --group build python scripts/f01-inventory.py
WARN Retry attempt #0. Sleeping 79.663028ms before the next attempt
WARN Retry attempt #0. Sleeping 177.531089ms before the next attempt
WARN Retry attempt #0. Sleeping 976.983386ms before the next attempt
WARN Retry attempt #0. Sleeping 548.110309ms before the next attempt
WARN Retry attempt #1. Sleeping 1.018073315s before the next attempt
WARN Retry attempt #1. Sleeping 191.538052ms before the next attempt
WARN Retry attempt #2. Sleeping 304.290122ms before the next attempt
WARN Retry attempt #1. Sleeping 1.428979858s before the next attempt
  × Failed to download `trove-classifiers==2026.6.1.19`
  ├─▶ Failed to fetch:
  │   `https://files.pythonhosted.org/packages/7c/a4/81502f486f01db95bc8320646a8a12511f5e556cb63d5e224d91816605c4/trove_classifiers-2026.6.1.19-py3-none-any.whl`
  ├─▶ Could not connect, are you offline?
  ├─▶ Request failed after 3 retries
  ├─▶ error sending request for url
  │   (https://files.pythonhosted.org/packages/7c/a4/81502f486f01db95bc8320646a8a12511f5e556cb63d5e224d91816605c4/trove_classifiers-2026.6.1.19-py3-none-any.whl)
  ├─▶ client error (Connect)
  ├─▶ dns error: failed to lookup address information: nodename nor servname
  │   provided, or not known
  ╰─▶ failed to lookup address information: nodename nor servname provided, or
      not known
  help: `trove-classifiers` (v2026.6.1.19) was included because
        `quantos-engines-workspace:build` (v0.1.0) depends on `hatchling`
        (v1.27.0) which depends on `trove-classifiers`

    at genericNodeError (node:internal/errors:985:15)
    at wrappedFn (node:internal/errors:539:14)
    at checkExecSyncError (node:child_process:925:11)
    at execFileSync (node:child_process:961:15)
    at run (file:///Users/anray/Documents/project/SumAlpha/QuantOS/scripts/f01-lib.mjs:6:12)
    at inventory (file:///Users/anray/Documents/project/SumAlpha/QuantOS/scripts/f01-lib.mjs:16:31)
    at file:///Users/anray/Documents/project/SumAlpha/QuantOS/scripts/check-f01.mjs:20:18
    at ModuleJob.run (node:internal/modules/esm/module_job:413:25)
    at async onImport.tracePromise.__proto__ (node:internal/modules/esm/loader:660:26)
    at async asyncRunEntryPointWithESMLoader (node:internal/modules/run_main:101:5) {
  status: 1,
  signal: null,
  output: [
    null,
    '',
    'WARN Retry attempt #0. Sleeping 79.663028ms before the next attempt\n' +
      'WARN Retry attempt #0. Sleeping 177.531089ms before the next attempt\n' +
      'WARN Retry attempt #0. Sleeping 976.983386ms before the next attempt\n' +
      'WARN Retry attempt #0. Sleeping 548.110309ms before the next attempt\n' +
      'WARN Retry attempt #1. Sleeping 1.018073315s before the next attempt\n' +
      'WARN Retry attempt #1. Sleeping 191.538052ms before the next attempt\n' +
      'WARN Retry attempt #2. Sleeping 304.290122ms before the next attempt\n' +
      'WARN Retry attempt #1. Sleeping 1.428979858s before the next attempt\n' +
      '  × Failed to download `trove-classifiers==2026.6.1.19`\n' +
      '  ├─▶ Failed to fetch:\n' +
      '  │   `https://files.pythonhosted.org/packages/7c/a4/81502f486f01db95bc8320646a8a12511f5e556cb63d5e224d91816605c4/trove_classifiers-2026.6.1.19-py3-none-any.whl`\n' +
      '  ├─▶ Could not connect, are you offline?\n' +
      '  ├─▶ Request failed after 3 retries\n' +
      '  ├─▶ error sending request for url\n' +
      '  │   (https://files.pythonhosted.org/packages/7c/a4/81502f486f01db95bc8320646a8a12511f5e556cb63d5e224d91816605c4/trove_classifiers-2026.6.1.19-py3-none-any.whl)\n' +
      '  ├─▶ client error (Connect)\n' +
      '  ├─▶ dns error: failed to lookup address information: nodename nor servname\n' +
      '  │   provided, or not known\n' +
      '  ╰─▶ failed to lookup address information: nodename nor servname provided, or\n' +
      '      not known\n' +
      '  help: `trove-classifiers` (v2026.6.1.19) was included because\n' +
      '        `quantos-engines-workspace:build` (v0.1.0) depends on `hatchling`\n' +
      '        (v1.27.0) which depends on `trove-classifiers`\n'
  ],
  pid: 18768,
  stdout: '',
  stderr: 'WARN Retry attempt #0. Sleeping 79.663028ms before the next attempt\n' +
    'WARN Retry attempt #0. Sleeping 177.531089ms before the next attempt\n' +
    'WARN Retry attempt #0. Sleeping 976.983386ms before the next attempt\n' +
    'WARN Retry attempt #0. Sleeping 548.110309ms before the next attempt\n' +
    'WARN Retry attempt #1. Sleeping 1.018073315s before the next attempt\n' +
    'WARN Retry attempt #1. Sleeping 191.538052ms before the next attempt\n' +
    'WARN Retry attempt #2. Sleeping 304.290122ms before the next attempt\n' +
    'WARN Retry attempt #1. Sleeping 1.428979858s before the next attempt\n' +
    '  × Failed to download `trove-classifiers==2026.6.1.19`\n' +
    '  ├─▶ Failed to fetch:\n' +
    '  │   `https://files.pythonhosted.org/packages/7c/a4/81502f486f01db95bc8320646a8a12511f5e556cb63d5e224d91816605c4/trove_classifiers-2026.6.1.19-py3-none-any.whl`\n' +
    '  ├─▶ Could not connect, are you offline?\n' +
    '  ├─▶ Request failed after 3 retries\n' +
    '  ├─▶ error sending request for url\n' +
    '  │   (https://files.pythonhosted.org/packages/7c/a4/81502f486f01db95bc8320646a8a12511f5e556cb63d5e224d91816605c4/trove_classifiers-2026.6.1.19-py3-none-any.whl)\n' +
    '  ├─▶ client error (Connect)\n' +
    '  ├─▶ dns error: failed to lookup address information: nodename nor servname\n' +
    '  │   provided, or not known\n' +
    '  ╰─▶ failed to lookup address information: nodename nor servname provided, or\n' +
    '      not known\n' +
    '  help: `trove-classifiers` (v2026.6.1.19) was included because\n' +
    '        `quantos-engines-workspace:build` (v0.1.0) depends on `hatchling`\n' +
    '        (v1.27.0) which depends on `trove-classifiers`\n'
}

Node.js v24.12.0
make: *** [f01-check] Error 1
