✔ formal gate rejects zero, one, two and noninteger runs (0.408ms)
✔ all binaries participate in digest and omitted binary fails (3.29ms)
✔ extra binary, missing wheel and stale/empty Web cannot pass output inventory (2.504125ms)
✔ manifest inventory cannot omit or add members (0.071542ms)
✔ dirty and untracked source rejected (65.689458ms)
✔ deleted module README is rejected (2.693125ms)
✔ wrong uv version fails toolchain preflight (18.933708ms)
✔ invalid locks fail real lock entrypoint (66.313792ms)
✔ Terminal default lint rejects a page TSX violation (962.058375ms)
✔ invalid run revokes old successful receipt (25.415917ms)
✔ Cargo manifest drift is rejected by actual lock gate (628.57025ms)
✔ uv manifest drift is rejected by actual lock gate (628.670708ms)
✔ pnpm manifest drift is rejected by actual lock gate (866.35525ms)
✔ malformed Buf lock is rejected by actual lock gate (647.930416ms)
✔ broken Desktop is outside phase-one pnpm frozen check (301.783416ms)
✔ uv output marker is metadata, other unexpected files still fail (2.331125ms)
✔ build-only tool is required in output inventory without becoming a runtime binary (2.146292ms)
✔ pnpm frozen check rejects missing or changed patch bytes (639.397167ms)
✔ pnpm patch cannot read outside the repository (136.413083ms)
ℹ tests 19
ℹ suites 0
ℹ pass 19
ℹ fail 0
ℹ cancelled 0
ℹ skipped 0
ℹ todo 0
ℹ duration_ms 5040.67475
