node --test scripts/f02-gate-negative.mjs scripts/f02-a11-gate-negative.mjs scripts/playwright-git-history.test.mjs
✔ complete Linux matrix passes; deletion and pixel tampering fail (416.376333ms)
✔ acceptance never updates snapshots or skips missing snapshots (0.564542ms)
✔ only main signing and verification jobs receive the signing environment (10.014167ms)
✔ signing policy rejects missing protection, wildcards, tags and extra branches (0.224459ms)
✔ candidate import rejects tampering and stale source before writing, then imports the reviewed matrix (371.162834ms)
✔ required download check rejects skipped or failed event-specific verification (20.825334ms)
✔ PR receipts bind the checked out head while main signing stays on the event SHA (3.047083ms)
Verified 2 release files for aaaaaaaaaaaaaaaaaaaaaaaaaaaaaaaaaaaaaaaa
Verified 2 release files for aaaaaaaaaaaaaaaaaaaaaaaaaaaaaaaaaaaaaaaa
✔ real Gitleaks positive control and GitHub/Slack leaks (1597.807375ms)
✔ historical digest exceptions do not waive fresh credentials in audit JSON (1136.406042ms)
✔ RLS baseline rejects policy deletion and late disabling with recovery (183.068417ms)
✔ RLS preflight recognizes the actual ten-table A2 migration and rejects incomplete loops (133.283333ms)
✔ RLS literal loops preserve late disabling, NO FORCE and policy deletion (128.892834ms)
✔ RLS preflight cannot count conditional loops, comments, literals or function bodies as execution (155.480625ms)
✔ quoted SQL examples inside expanded policy expressions cannot enable RLS (22.855875ms)
✔ migration filename control, rejection and recovery (15.404625ms)
✔ waivers only authorize exact advisory/ecosystem/package/version before expiry (1.087458ms)
✔ license expression policy does not globally allow LGPL or unknown licenses (0.350416ms)
✔ release binds complete payload and SBOM to source; rejects corruption and build-only native files (3.618542ms)
✔ Buf compares against distinct historical source and detects removed fields (627.427541ms)
✔ SCA scanner adapter consumes exact waivers and never waives scanner failures (1459.846708ms)
✔ Playwright PR reporting preserves complete history for downstream security scans (1647.271041ms)
ℹ tests 21
ℹ suites 0
ℹ pass 21
ℹ fail 0
ℹ cancelled 0
ℹ skipped 0
ℹ todo 0
ℹ duration_ms 5506.723
