✔ all eight independently content-bound dependencies admit DEVELOPMENT only (18.127625ms)
✔ engineering aggregation preserves the sole pending user confirmation (9.172958ms)
✔ milestone rejects missing F0 (8.635584ms)
✔ milestone rejects missing PRE (8.795917ms)
✔ milestone rejects duplicate dependency (8.711125ms)
✔ milestone rejects unready F0 (8.330917ms)
✔ milestone rejects manifest bytes replaced (8.202833ms)
✔ milestone rejects digest substituted (8.295791ms)
✔ milestone rejects dependency path substituted (7.798834ms)
✔ milestone rejects dependency verdict substituted (7.920125ms)
✔ milestone rejects self manifest schema (8.295333ms)
✔ milestone rejects normative change (7.926791ms)
✔ milestone rejects source input change (7.906791ms)
✔ milestone rejects unexecuted check (9.506584ms)
✔ milestone rejects missing execution time (8.059167ms)
✔ milestone rejects missing required check (8.440375ms)
✔ milestone rejects duplicate check (8.025125ms)
✔ milestone rejects wrong command (7.803375ms)
✔ milestone rejects log tampering (8.17375ms)
✔ milestone rejects rehashed prose (7.894ms)
✔ milestone rejects external log path (7.752625ms)
✔ milestone rejects false formal acceptance (7.895583ms)
✔ milestone rejects aggregate claims database run (7.582791ms)
✔ milestone rejects hidden exclusions (7.663333ms)
✔ milestone rejects unresolved functional finding (7.713625ms)
✔ dependency validator is invoked and errors propagate (7.747833ms)
✔ fake READY cannot hide changed G0 scope (7.447542ms)
✔ arbitrary existing markdown cannot serve as a milestone receipt (0.102083ms)
✔ own arbitrary digest is rejected independently of dependency status (0.077167ms)
✔ F0 policy contains the six missing nodes and all eleven obligations (7.770667ms)
✔ production schema drift comparator rejects tables (0.192041ms)
✔ production schema drift comparator rejects columns (0.060458ms)
✔ production schema drift comparator rejects constraints (0.052167ms)
✔ production schema drift comparator rejects indexes (0.039209ms)
✔ production schema drift comparator rejects policies (0.046625ms)
✔ production schema drift comparator rejects routines (0.047958ms)
✔ production schema drift comparator rejects triggers (0.053291ms)
✔ 100-task recovery evidence cannot use 10-task diagnostic or accept P95 (1.106083ms)
✔ CI consumes the full milestone engineering validator and its negatives (0.070291ms)
ℹ tests 39
ℹ suites 0
ℹ pass 39
ℹ fail 0
ℹ cancelled 0
ℹ skipped 0
ℹ todo 0
ℹ duration_ms 292.367
