
> @sumalpha/quantos@ test:development-plans /Users/anray/Documents/project/SumAlpha/QuantOS
> node --test scripts/development-plan-order-negative.mjs

✔ joint schedule is acyclic and preserves task/status boundaries (10.867958ms)
✔ restoring a complete R1 prerequisite for S2 services creates a rejected cycle (5.233625ms)
✔ research service waiting on its consumer page is rejected (4.621792ms)
✔ historical CORE:R04 to CORE:L04 probe now fails closed (4.664958ms)
✔ an early identity API cannot silently depend on later research services (6.001ms)
✔ a provider cannot wait for the consumer frontend Gate (4.29075ms)
✔ removing S2 service admission from a core execution task is rejected (4.728917ms)
✔ S2 service Gate cannot omit TP12 advance evaluation (4.921292ms)
✔ I10 cannot drop testnet service admission even if metadata is edited with it (5.32325ms)
✔ a new or existing frontend cannot skip the full provider Gate (5.433708ms)
✔ G5 cannot be marked as closing in I4 before reconciliation (5.622875ms)
✔ moving the G1 block above I1 tasks is rejected (4.962875ms)
✔ milestone cannot omit its last child while retaining a Gate summary (5.112333ms)
✔ prose-only backend dependencies cannot drift from structured prerequisites (5.275625ms)
✔ core closure mapping cannot become an implicit service alias (4.986917ms)
✔ ACCEPTED checkpoint needs SHA and evidence, not only a green word (5.420166ms)
✔ accepted checkpoint evidence must resolve (2.7785ms)
✔ missing checkpoint and unknown dependency fail closed (6.79575ms)
✔ API windows cannot skip their preceding provider checkpoint (4.827666ms)
✔ UI windows cannot skip the preceding reconciliation window (4.801333ms)
✔ Web intake preserves the explicit no-model-review schema (1.34075ms)
✔ missing Web task fields still fail closed (1.386208ms)
✔ both plans must publish exactly the same stage contract (5.508875ms)
✔ changing both plans cannot defer correctness or functional deadlines to release (13.463167ms)
✔ both plans must retain every deferred release obligation (15.124958ms)
✔ tasks and checkpoints cannot omit, invent, or misclassify their stage gate (19.531792ms)
✔ release prerequisites cannot block either development or integration (12.149292ms)
✔ release gates cannot skip business closure or inherit the wrong stage (14.275625ms)
✔ historical ACCEPTED and completed tasks do not automatically become READY (5.921375ms)
✔ READY needs its own input digest and resolvable evidence (31.360417ms)
✔ unassessed stage gates cannot carry an apparent ready receipt (7.672458ms)
✔ BLOCKED retains failure evidence and digest without being counted as READY (9.125167ms)
✔ a READY chain needs READY prerequisites and its own evidence at every node (14.251167ms)
✔ stage readiness never substitutes for formal acceptance evidence (2.869209ms)
✔ release READY requires formal acceptance and all functional prerequisites (8.854042ms)
ℹ tests 35
ℹ suites 0
ℹ pass 35
ℹ fail 0
ℹ cancelled 0
ℹ skipped 0
ℹ todo 0
ℹ duration_ms 307.194625
