
> @sumalpha/quantos@ test:pre04 /Users/anray/Documents/project/SumAlpha/QuantOS
> node --test scripts/pre04-gate-negative.mjs

✔ current full phase-one inventory passes (11.804667ms)
✔ missing Gap is rejected (5.09975ms)
✔ undecided realtime dependency is rejected (5.070542ms)
✔ deleted required actorId field is rejected (4.379541ms)
✔ nonexistent field source is rejected (4.155833ms)
✔ wrong field type and optionality are rejected (4.708792ms)
✔ generated operation deletion is rejected (3.964042ms)
✔ generated method and path drift are rejected (9.137792ms)
✔ same-count schema rename is rejected (4.1125ms)
✔ schema required and enum drift are rejected (9.103083ms)
✔ same-count Proto message rename is rejected (4.763125ms)
✔ removed Proto declaration is rejected (4.570709ms)
✔ same-count JSON Schema replacement is rejected (4.943917ms)
✔ duplicate contract row is rejected before Map collapse (4.321417ms)
✔ duplicate Gap row is rejected before Map collapse (4.146625ms)
✔ nonexistent role owner is rejected (4.2385ms)
✔ nonexistent backend task is rejected (3.925333ms)
✔ nonexistent BFF task is rejected (3.637791ms)
✔ unknown Gap page is rejected (4.168708ms)
✔ each missing website P0 page is rejected (19.297583ms)
✔ missing auxiliary risk/audit/order contract is rejected (12.543875ms)
✔ closing partly published Gap is rejected (3.773333ms)
✔ omitting planned operation is rejected (3.589334ms)
✔ unpublished Inventory Fixture cannot claim Implemented (3.536667ms)
✔ generated-only contract cannot claim Integrated (3.846291ms)
✔ missing provider evidence is rejected (3.63425ms)
✔ changed provider receipt is rejected (3.647958ms)
✔ missing Inventory Fixture is rejected (4.318709ms)
✔ Desktop contamination is rejected by Web inventory (4.094791ms)
✔ nonexistent domain field mappings including the former engine-version anchor are rejected (8.546542ms)
✔ removed referenced core task is rejected (4.342542ms)
✔ catalog source drift is rejected (4.052167ms)
✔ empty implementation artifact lists are rejected for every implemented contract (11.014667ms)
✔ each missing implementation evidence category is rejected (32.9835ms)
✔ duplicate artifacts cannot substitute for test or receipt evidence (3.51925ms)
✔ another contract receipt cannot substitute for required evidence (3.650875ms)
✔ unknown task suffixes are rejected in both backend task columns (22.598625ms)
✔ ambiguous cross-prefix ranges cannot impersonate reviewed backend tasks (7.594916ms)
ℹ tests 38
ℹ suites 0
ℹ pass 38
ℹ fail 0
ℹ cancelled 0
ℹ skipped 0
ℹ todo 0
ℹ duration_ms 366.948584
