
> @sumalpha/quantos@ test:provider-a1 /Users/anray/Documents/project/SumAlpha/QuantOS
> node --test scripts/provider-a1-receipts.test.mjs

✔ valid source and execution-bound dependency chain is READY without release signatures (48.215375ms)
✔ missing required execution (28.735791ms)
✔ failed execution (28.648792ms)
✔ wrong actual command (28.32575ms)
✔ unresolved issue (21.955583ms)
✔ wrong node (22.189584ms)
✔ missing source inventory (26.36325ms)
✔ plan scope changed (22.880417ms)
✔ outside log path (26.734458ms)
✔ wrong log digest (26.331333ms)
✔ missing dependency (26.440333ms)
✔ dependency digest substituted (26.980042ms)
✔ tampered manifest bytes are rejected (22.54325ms)
✔ changed source content is rejected despite unchanged gate digest (26.412958ms)
✔ dependency must independently be READY (27.636833ms)
✔ arbitrary log cannot masquerade as successful execution (26.893584ms)
✔ input file symlink cannot escape the repository (26.488292ms)
✔ database execution cannot be inferred from a normal local PASS (32.931666ms)
✔ Supabase target receipt verifies each compressed execution log (31.734833ms)
✔ source drift during execution invalidates the original input snapshot (39.731542ms)
✔ requirement drift during execution invalidates the original input snapshot (45.057292ms)
✔ controlled public development profile overrides stale values and preserves server inputs (0.144416ms)
✔ private credentials cannot be injected through a public development profile (0.09325ms)
✔ transient Auth 503 can retry only a complete target execution (0.093292ms)
✔ persistent target timeout never becomes PASS and stops at its budget (0.09875ms)
✔ semantic target failures stop without retry or PASS (0.023083ms)
✔ target retry budget cannot be unbounded (0.1105ms)
✔ configured target retries require explicit attempt outcomes in the receipt (31.495708ms)
✔ three successful full builds bind output inventories (0.322333ms)
✔ reproducibility rejects only two builds (0.095041ms)
✔ reproducibility rejects missing Python build (0.249041ms)
✔ reproducibility rejects failed command (0.130375ms)
✔ reproducibility rejects different output digest (0.092542ms)
✔ reproducibility rejects substituted inventory (0.069958ms)
✔ reproducibility rejects dirty source (0.056708ms)
✔ reproducibility rejects old source (0.060875ms)
✔ development policy retains explicit build, coverage, volume and target storage obligations (0.296708ms)
✔ static make commands cannot reload .env.local or inherit target database opt-ins (0.081375ms)
✔ volume retry restarts the complete check only on a closed PostgreSQL transport (0.056709ms)
✔ volume correctness and certificate errors cannot be retried into PASS (0.032875ms)
✔ persistent database transport failure stays failed at the retry limit (0.027583ms)
✔ separate assessment snapshot preserves historical manifests and binds its own logs (31.687083ms)
✔ third-party Git link binds the actual clean checkout and rejects dirty/advanced source (139.02275ms)
ℹ tests 43
ℹ suites 0
ℹ pass 43
ℹ fail 0
ℹ cancelled 0
ℹ skipped 0
ℹ todo 0
ℹ duration_ms 857.883958
