✔ A2 admits all 26 APIs only after three strict dependency validations (138.166792ms)
✔ A1 manifest impersonates A2 is rejected (73.741417ms)
✔ child manifest impersonates A2 is rejected (72.364083ms)
✔ formal acceptance is falsely inherited is rejected (66.748583ms)
✔ own failure is rejected (71.242709ms)
✔ residual issue is rejected (66.387625ms)
✔ unsafe evidence directory is rejected (67.296291ms)
✔ missing dependency is rejected (68.325625ms)
✔ dependency not READY is rejected (68.414375ms)
✔ dependency digest changed is rejected (67.491042ms)
✔ dependency bytes substituted is rejected (66.723958ms)
✔ recursive semantic failure is rejected (66.398125ms)
✔ normative input changed is rejected (66.666917ms)
✔ normative plan changed is rejected (67.210125ms)
✔ missing API coverage is rejected (95.561666ms)
✔ duplicated API coverage is rejected (98.880792ms)
✔ target receipt substituted is rejected (95.29325ms)
✔ failed target API is rejected (94.842167ms)
✔ all target operations denied is rejected (93.816791ms)
✔ planned API counted as implementation is rejected (97.727042ms)
✔ catalog scope omitted is rejected (97.412375ms)
✔ wrong API owner is rejected (94.610875ms)
✔ executed check absent is rejected (93.385042ms)
✔ failed execution is rejected (98.881459ms)
✔ log substituted is rejected (97.949292ms)
✔ negative tests not executed is rejected (95.642291ms)
✔ negative tests failed is rejected (94.097416ms)
✔ mandatory CI removed is rejected (68.561916ms)
✔ mandatory CI disabled is rejected (68.9185ms)
✔ mandatory CI conditional is rejected (69.86425ms)
✔ current Makefile/package/CI invoke the strict A2 checkpoint (0.800875ms)
ℹ tests 31
ℹ suites 0
ℹ pass 31
ℹ fail 0
ℹ cancelled 0
ℹ skipped 0
ℹ todo 0
ℹ duration_ms 2539.523959
