✔ production rejects InMemoryTerminalBackend (237.755458ms)
✔ production rejects InMemoryStrategyBackend (1.615167ms)
✔ production rejects InMemoryExecutionBackend (1.103ms)
✔ production rejects InMemoryOpsBackend (0.885709ms)
✔ production rejects TerminalBackend (0.895209ms)
✔ production rejects StrategyBackend (0.856416ms)
✔ production rejects ExecutionBackend (0.717459ms)
✔ production rejects OpsBackend (0.75875ms)
✔ production rejects createTerminalClient (0.909708ms)
✔ production rejects bypass import * as api from '@sumalpha/api-client'; export const value = api; (1.234625ms)
✔ production rejects bypass export * from '@sumalpha/api-client'; (0.604333ms)
✔ production rejects bypass export { InMemoryOpsBackend as Default } from '@sumalpha/api-client'; (0.601625ms)
✔ production rejects bypass export const value = import('@sumalpha/api-client'); (0.715209ms)
✔ production rejects bypass export const value = require('@sumalpha/api-client'); (0.934166ms)
✔ production rejects bypass import { value } from '../../../../crates/bff/src/db'; export {value}; (0.528583ms)
✔ production rejects bypass import { value } from '../tests/fixtures/backend'; export {value}; (0.460209ms)
✔ production rejects bypass export const value = import(globalThis.name); (0.623667ms)
✔ production rejects bypass import { value } from '@sumalpha/api-client/src/terminal'; export {value}; (0.4825ms)
✔ generated named public client imports are allowed (0.675625ms)
✔ explicit test fixture adapters remain allowed (2.283917ms)
✔ production src cannot hide behind a test-like filename (0.604792ms)
✔ shared frontend wrapper cannot re-export a legacy adapter under an alias (1.37775ms)
✔ production rejects direct database or venue module pg (0.496292ms)
✔ production rejects direct database or venue module postgres (0.758875ms)
✔ production rejects direct database or venue module @supabase/supabase-js (0.6085ms)
✔ production rejects direct database or venue module @prisma/client (0.525459ms)
✔ production rejects direct database or venue module ccxt (0.516667ms)
✔ production rejects direct database or venue module @binance/connector (0.47575ms)
✔ registered Storybook data fixtures remain allowed (1.406958ms)
✔ runtime TerminalClient cannot instantiate a handwritten backend in production (0.460292ms)
✔ type-only legacy migration annotation does not create a production adapter (0.891083ms)
✔ production boundary cannot be bypassed with js (2.205291ms)
✔ production boundary cannot be bypassed with jsx (1.179417ms)
✔ production boundary cannot be bypassed with mjs (0.539833ms)
✔ production boundary cannot be bypassed with cjs (1.029834ms)
✔ production boundary cannot be disabled with an inline directive (0.998541ms)
✔ production cannot import repository database CLI internals (0.452917ms)
ℹ tests 37
ℹ suites 0
ℹ pass 37
ℹ fail 0
ℹ cancelled 0
ℹ skipped 0
ℹ todo 0
ℹ duration_ms 356.053625
