✔ complete engineering checks retain BLOCKED while scope confirmation is absent (151.3555ms)
✔ strict acceptance rejects pending current user scope (123.937958ms)
✔ G0 rejects missing explicit proto baseline (110.923125ms)
✔ G0 rejects same-head proto baseline (125.904667ms)
✔ G0 rejects fabricated READY (109.471958ms)
✔ G0 rejects historical arbitrary manifest (108.985625ms)
✔ G0 rejects missing actual check (107.104041ms)
✔ G0 rejects duplicate actual check (104.999833ms)
✔ G0 rejects failed check (104.013458ms)
✔ G0 rejects unexecuted check (103.801875ms)
✔ G0 rejects wrong command (104.383125ms)
✔ G0 rejects source inventory drift (106.045833ms)
✔ G0 rejects planned scope delivered claim (104.664584ms)
✔ G0 rejects log tampering (104.393125ms)
✔ G0 rejects arbitrary rehashed prose (104.320292ms)
✔ G0 rejects wrong Web build source (111.167334ms)
✔ G0 rejects missing dependency (109.648584ms)
✔ G0 rejects dependency digest drift (111.29575ms)
✔ G0 rejects unready upstream (112.768583ms)
✔ G0 rejects hidden scope residual (108.764625ms)
✔ pending scope cannot incorporate an approval record (92.8125ms)
✔ legacy six-role records cannot grant current confirmation (88.167583ms)
✔ confirmed scope must bind current input digest (90.588875ms)
✔ confirmed scope requires the single user record (88.359958ms)
✔ dependency validation is actually invoked and failures propagate (110.5825ms)
✔ one document-bound current user confirmation replaces all role receipts (90.543917ms)
✔ CI must always validate engineering receipts and G0 negatives (0.088917ms)
✔ G0 rejects normative plan drift during execution before publishing (102.542ms)
✔ G0 rejects code inventory drift during execution before publishing (105.644834ms)
✔ lifecycle metadata alone does not change normative G0 inputs (105.253208ms)
✔ real BFF baseline CLI matches its required G0 execution marker (83.174458ms)
✔ G0 worktree allows only lifecycle/evidence state "" (0.085833ms)
✔ G0 worktree allows only lifecycle/evidence state " M docs/SumAlpha-QuantOS-Development-Plan.md\n" (0.058042ms)
✔ G0 worktree allows only lifecycle/evidence state "M  docs/SumAlpha-QuantOS-Frontend-Development-Execution-Plan.md\n?? docs/audit/evidence/new/\n" (0.046291ms)
✔ G0 worktree allows only lifecycle/evidence state "?? docs/audit/report.md\n" (0.015542ms)
✔ G0 worktree rejects uncommitted functional input " M scripts/g0-development.mjs\n" (0.076417ms)
✔ G0 worktree rejects uncommitted functional input "M  apps/terminal/src/auth/flow.ts\n" (0.047375ms)
✔ G0 worktree rejects uncommitted functional input "?? bff/new.yaml\n" (0.031458ms)
✔ G0 worktree rejects uncommitted functional input "R  docs/audit/a.md -> scripts/backdoor.mjs\n" (0.029125ms)
✔ user-confirmed scope includes the normative G0 plan and excludes lifecycle metadata (97.160583ms)
✔ confirmation-only finalization refuses an absent user reply and cannot bless changed engineering inputs (111.720375ms)
✔ document-bound user reply finalizes the unchanged engineering checks without fabricating new execution (116.322667ms)
✔ one current user confirmation validates all documented review dimensions (1.751208ms)
✔ user confirmation rejects assistant self-approval (0.622ms)
✔ user confirmation rejects unconfirmed draft (0.1635ms)
✔ user confirmation rejects workflow instruction alone (0.15575ms)
✔ user confirmation rejects missing user message (0.543541ms)
✔ user confirmation rejects missing identity (0.1285ms)
✔ user confirmation rejects old historical confirmation (0.114625ms)
✔ user confirmation rejects future confirmation (0.103417ms)
✔ user confirmation rejects wrong node (0.348958ms)
✔ user confirmation rejects wrong stage (0.202291ms)
✔ user confirmation rejects wrong input digest (0.1665ms)
✔ user confirmation rejects wrong draft path (0.1055ms)
✔ user confirmation rejects parent traversal (0.087583ms)
✔ user confirmation rejects wrong document hash (0.096958ms)
✔ changed original user record is rejected even with unchanged scope (0.084958ms)
✔ rehashing a draft cannot authorize a different scope (0.244833ms)
✔ draft must retain every review dimension even with updated document hash (0.209041ms)
ℹ tests 59
ℹ suites 0
ℹ pass 59
ℹ fail 0
ℹ cancelled 0
ℹ skipped 0
ℹ todo 0
ℹ duration_ms 3569.448375
