✔ current PRE-01 artifacts satisfy the executable contract (4.255708ms)
✔ missing a page state fails closed (2.552542ms)
✔ invalid story priority fails closed (0.519333ms)
✔ missing traceability row fails closed (1.546458ms)
✔ published operation cannot regress to planned fails closed (1.733542ms)
✔ unknown role fails closed (0.472042ms)
✔ unknown route fails closed (0.474791ms)
✔ duplicate story fails closed (0.488625ms)
✔ missing flow stories fails closed (0.553417ms)
✔ missing flow scenarios fails closed (1.225667ms)
✔ unsafe proposal criterion fails closed (1.207ms)
✔ unknown trace task fails closed (1.6205ms)
✔ unauthorized admin grant fails closed (0.940834ms)
✔ missing permission route fails closed (0.713083ms)
✔ phase-one P16 fails closed (0.242833ms)
✔ missing contract owner fails closed (1.208916ms)
✔ empty flow role fails closed (0.595625ms)
✔ empty flow route fails closed (0.609167ms)
✔ state label mismatch fails closed (0.929709ms)
✔ desktop-only story fails closed (0.438709ms)
✔ persistent offline cache fails closed (0.891709ms)
✔ admin domain permission fails closed (0.785542ms)
✔ missing page story fails closed (0.494542ms)
✔ cross-page route fails closed (0.454958ms)
✔ current G0 governance preserves history without granting current acceptance (1.476917ms)
✔ past-due G0 item cannot silently remain OPEN (0.6195ms)
✔ fabricated G0 acceptance fails against current checkpoint (0.536917ms)
✔ missing G0 leftover owner fails (0.571375ms)
✔ P05 cannot bind metadata download to an untraced audit export operation (1.778333ms)
✔ P21 cannot drop alert ownership from both ledger and trace while retaining the subscription (1.870833ms)
✔ unknown unlabelled operation in API register is rejected (2.114541ms)
✔ P05 quality alerts require C16 ownership on the consumer page (1.577834ms)
✔ API register rejects current version 1.4.0 (1.441959ms)
✔ API register rejects current version 99.99.0 (1.392375ms)
✔ published register row cannot omit API version (1.470083ms)
✔ published register row cannot omit generated mock version (1.466459ms)
✔ all ten historical compatibility strategies cannot be cleared (0.777458ms)
✔ current disposition cannot drop a historical parent (1.164959ms)
✔ current disposition requires effective checkpoint deadline (0.904ms)
✔ current disposition cannot claim target RELEASE completion (0.863708ms)
✔ current disposition requires nonempty compatibility strategy (0.753625ms)
✔ current disposition presentation must match structured source (0.763833ms)
✔ current deadline cannot defer DEVELOPMENT provider obligations to integration (0.812541ms)
ℹ tests 43
ℹ suites 0
ℹ pass 43
ℹ fail 0
ℹ cancelled 0
ℹ skipped 0
ℹ todo 0
ℹ duration_ms 145.62725
