Validated 6 pinned Buf plugins and locked generation workflow.
✔ proto generation configuration is pinned and lock-preserving (36.201208ms)
✔ proto generation configuration rejects an unpinned remote plugin (35.1905ms)
✔ proto generation configuration rejects implicit dependency updates (34.933ms)
ℹ tests 3
ℹ suites 0
ℹ pass 3
ℹ fail 0
ℹ cancelled 0
ℹ skipped 0
ℹ todo 0
ℹ duration_ms 136.068167
Extracted 50 JSON schema documents.
Validated 50 standalone JSON schemas and 11 planned domain schemas.
✔ standalone JSON schema gate passes the complete generated catalog (128.249042ms)
✔ standalone JSON schema gate rejects a missing planned domain schema (43.172542ms)
✔ standalone JSON schema gate rejects an unresolved reference (124.807209ms)
ℹ tests 3
ℹ suites 0
ℹ pass 3
ℹ fail 0
ℹ cancelled 0
ℹ skipped 0
ℹ todo 0
ℹ duration_ms 329.224625
Proto compatibility checked against f42f0eaf8cf077765ad2184c62965f169eca5841
Proto checks passed.
