bash ./scripts/check-proto.sh
Validated 6 pinned Buf plugins and locked generation workflow.
✔ proto generation configuration is pinned and lock-preserving (85.941396ms)
✔ proto generation configuration rejects an unpinned remote plugin (74.077388ms)
✔ proto generation configuration rejects implicit dependency updates (97.041801ms)
ℹ tests 3
ℹ suites 0
ℹ pass 3
ℹ fail 0
ℹ cancelled 0
ℹ skipped 0
ℹ todo 0
ℹ duration_ms 321.704463
info: syncing channel updates for 1.91.0-x86_64-unknown-linux-gnu
info: latest update on 2025-10-30 for version 1.91.0 (f8297e351 2025-10-28)
info: component cargo is up to date
info: downloading 2 components
[0m[1m[38;5;9merror[0m[0m[1m: couldn't read `crates/quantos-proto/src/generated/quantos.common.v1.serde.rs`: No such file or directory (os error 2)[0m
[0m  [0m[0m[1m[38;5;12m--> [0m[0mcrates/quantos-proto/src/generated.rs:13:13[0m
[0m   [0m[0m[1m[38;5;12m|[0m
[0m[1m[38;5;12m13[0m[0m [0m[0m[1m[38;5;12m|[0m[0m [0m[0m            include!("generated/quantos.common.v1.serde.rs");[0m
[0m   [0m[0m[1m[38;5;12m|[0m[0m             [0m[0m[1m[38;5;9m^^^^^^^^^^^^^^^^^^^^^^^^^^^^^^^^^^^^^^^^^^^^^^^^[0m

[1m[91merror[0m: could not compile `quantos-proto` (lib) due to 1 previous error
make: *** [Makefile:44: proto-check] Error 101
