✔ fully bound executed evidence is admitted (2.0215ms)
✔ Node spec reporter with successful executed assertions is admitted (0.40825ms)
✔ Node non-execution or failure summary is rejected: "# pass 0\n# fail 0\n" (0.545292ms)
✔ Node non-execution or failure summary is rejected: "# pass 21\n# fail 1\n" (0.230625ms)
✔ Node non-execution or failure summary is rejected: "business assertions passed\n" (0.172042ms)
✔ Node non-execution or failure summary is rejected: "// # pass 21\n// # fail 0\n" (0.162542ms)
✔ comments-only replacement changes functional inputs is rejected (0.578125ms)
✔ unready dependency is rejected (0.18525ms)
✔ missing live execution is rejected (0.15625ms)
✔ evidence bytes changed is rejected (0.200042ms)
✔ compilation-only mutant rejection is rejected (0.200667ms)
✔ missing current export roots is rejected (0.1905ms)
✔ missing authentication matrix is rejected (0.236833ms)
✔ unexecuted target assertion is rejected (0.181625ms)
✔ dependency validator failed is rejected (0.080292ms)
✔ missing target sourceCommit is rejected (0.197375ms)
✔ malformed target commit is rejected (0.852084ms)
✔ unknown target commit is rejected (0.2985ms)
✔ target source differs from original commit is rejected (0.366208ms)
✔ current BFF-FE-007 repository Gate passes (0.84375ms)
✔ redaction attestation deletion is rejected (1.65225ms)
✔ evidence cursor deletion is rejected (1.455042ms)
✔ export capability regression is rejected (1.287458ms)
✔ CSRF deletion is rejected (1.287334ms)
✔ recent-auth deletion is rejected (1.19275ms)
✔ idempotency deletion is rejected (1.136167ms)
✔ expired download response deletion is rejected (1.033417ms)
✔ download URL leakage through status is rejected (1.081875ms)
✔ watermark deletion is rejected (1.443833ms)
✔ dependency regression is rejected (0.2715ms)
ℹ tests 30
ℹ suites 0
ℹ pass 30
ℹ fail 0
ℹ cancelled 0
ℹ skipped 0
ℹ todo 0
ℹ duration_ms 120.245667
