✔ current BFF-FE-000 repository Gate passes (4.272875ms)
✔ missing phase-one page mapping is rejected (2.102542ms)
✔ published operation drift is rejected (3.203375ms)
✔ planned operation traceability deletion is rejected (2.467125ms)
✔ shared idempotency baseline deletion is rejected (3.016625ms)
✔ dependency regression is rejected (1.576291ms)
✔ error correlation header deletion is rejected (2.551833ms)
✔ generated Zod export deletion is rejected (1.652709ms)
✔ missing staging permits development readiness and never claims formal acceptance (0.544125ms)
✔ stage deferral cannot bypass engineering failures, final receipt requirements or unknown stages (0.068625ms)
✔ final review command cannot be rewired to the development stage (6.643125ms)
✔ current semantic A1 gate passes (3.58225ms)
✔ rejects cookie semantic regression (2.909709ms)
✔ rejects idempotency semantic regression (3.036166ms)
✔ rejects sort semantic regression (3.499541ms)
✔ rejects page semantic regression (2.585916ms)
✔ rejects ci semantic regression (2.277959ms)
✔ rejects decimal semantic regression (2.33375ms)
✔ rejects version semantic regression (2.811375ms)
✔ rejects csrf semantic regression (2.536417ms)
✔ exact registered security correction is accepted only within its window (12.710625ms)
✔ unregistered breaking type, enum or missing baseline fails closed (25.277375ms)
✔ new required parameters and constraints cannot silently bypass compatibility (0.869209ms)
✔ absent, invented and reference-only staging receipts never close A1 (0.19725ms)
✔ receipt checker binds actual evidence bytes and each role to source and contract inputs (0.371708ms)
✔ optional property within an existing allOf is additive, required changes are rejected (0.135416ms)
ℹ tests 26
ℹ suites 0
ℹ pass 26
ℹ fail 0
ℹ cancelled 0
ℹ skipped 0
ℹ todo 0
ℹ duration_ms 175.164166
