
> @sumalpha/quantos@ test:development-plans /Users/anray/Documents/project/SumAlpha/QuantOS
> node --test scripts/development-plan-order-negative.mjs

✔ joint schedule is acyclic and preserves task/status boundaries (11.011ms)
✔ restoring a complete R1 prerequisite for S2 services creates a rejected cycle (5.690083ms)
✔ research service waiting on its consumer page is rejected (4.573292ms)
✔ historical CORE:R04 to CORE:L04 probe now fails closed (4.986208ms)
✔ an early identity API cannot silently depend on later research services (6.47575ms)
✔ a provider cannot wait for the consumer frontend Gate (4.603209ms)
✔ removing S2 service admission from a core execution task is rejected (5.241666ms)
✔ S2 service Gate cannot omit TP12 advance evaluation (5.502167ms)
✔ I10 cannot drop testnet service admission even if metadata is edited with it (5.79675ms)
✔ a new or existing frontend cannot skip the full provider Gate (6.043416ms)
✔ G5 cannot be marked as closing in I4 before reconciliation (5.808542ms)
✔ moving the G1 block above I1 tasks is rejected (5.331792ms)
✔ milestone cannot omit its last child while retaining a Gate summary (5.64575ms)
✔ prose-only backend dependencies cannot drift from structured prerequisites (5.570916ms)
✔ core closure mapping cannot become an implicit service alias (5.398125ms)
✔ ACCEPTED checkpoint needs SHA and evidence, not only a green word (5.912583ms)
✔ accepted checkpoint evidence must resolve (2.895041ms)
✔ missing checkpoint and unknown dependency fail closed (7.056959ms)
✔ API windows cannot skip their preceding provider checkpoint (5.127333ms)
✔ UI windows cannot skip the preceding reconciliation window (5.3485ms)
✔ Web intake preserves the explicit no-model-review schema (1.553458ms)
✔ missing Web task fields still fail closed (1.54175ms)
✔ both plans must publish exactly the same stage contract (5.756708ms)
✔ changing both plans cannot defer correctness or functional deadlines to release (13.569417ms)
✔ both plans must retain every deferred release obligation (14.067958ms)
✔ tasks and checkpoints cannot omit, invent, or misclassify their stage gate (20.417416ms)
✔ release prerequisites cannot block either development or integration (13.621833ms)
✔ release gates cannot skip business closure or inherit the wrong stage (14.773125ms)
✔ historical ACCEPTED and completed tasks do not automatically become READY (5.436583ms)
✔ READY needs its own input digest and resolvable evidence (33.954792ms)
✔ unassessed stage gates cannot carry an apparent ready receipt (7.809917ms)
✔ BLOCKED retains failure evidence and digest without being counted as READY (9.953708ms)
✔ a READY chain needs READY prerequisites and its own evidence at every node (14.842917ms)
✔ stage readiness never substitutes for formal acceptance evidence (2.900417ms)
✔ release READY requires formal acceptance and all functional prerequisites (9.70775ms)
ℹ tests 35
ℹ suites 0
ℹ pass 35
ℹ fail 0
ℹ cancelled 0
ℹ skipped 0
ℹ todo 0
ℹ duration_ms 325.679209
