
> @sumalpha/quantos@ test:pre04 /Users/anray/Documents/project/SumAlpha/QuantOS
> node --test scripts/pre04-gate-negative.mjs

✔ current full phase-one inventory passes (10.67375ms)
✔ missing Gap is rejected (4.861834ms)
✔ undecided realtime dependency is rejected (4.305875ms)
✔ deleted required actorId field is rejected (4.55575ms)
✔ nonexistent field source is rejected (3.997459ms)
✔ wrong field type and optionality are rejected (4.583333ms)
✔ generated operation deletion is rejected (3.805209ms)
✔ generated method and path drift are rejected (7.544125ms)
✔ same-count schema rename is rejected (3.099708ms)
✔ schema required and enum drift are rejected (7.769583ms)
✔ same-count Proto message rename is rejected (3.94075ms)
✔ removed Proto declaration is rejected (3.64075ms)
✔ same-count JSON Schema replacement is rejected (4.081625ms)
✔ duplicate contract row is rejected before Map collapse (3.547833ms)
✔ duplicate Gap row is rejected before Map collapse (3.550542ms)
✔ nonexistent role owner is rejected (3.666167ms)
✔ nonexistent backend task is rejected (3.436416ms)
✔ nonexistent BFF task is rejected (3.586417ms)
✔ unknown Gap page is rejected (3.659083ms)
✔ each missing website P0 page is rejected (17.677209ms)
✔ missing auxiliary risk/audit/order contract is rejected (10.80375ms)
✔ closing partly published Gap is rejected (3.575209ms)
✔ omitting planned operation is rejected (3.596209ms)
✔ unpublished Inventory Fixture cannot claim Implemented (3.436292ms)
✔ generated-only contract cannot claim Integrated (3.814166ms)
✔ missing provider evidence is rejected (3.731792ms)
✔ changed provider receipt is rejected (3.529625ms)
✔ missing Inventory Fixture is rejected (4.480708ms)
✔ Desktop contamination is rejected by Web inventory (4.197791ms)
✔ nonexistent domain field mappings including the former engine-version anchor are rejected (7.954458ms)
✔ removed referenced core task is rejected (4.0555ms)
✔ catalog source drift is rejected (3.756542ms)
✔ empty implementation artifact lists are rejected for every implemented contract (11.199916ms)
✔ each missing implementation evidence category is rejected (33.629125ms)
✔ duplicate artifacts cannot substitute for test or receipt evidence (3.723125ms)
✔ another contract receipt cannot substitute for required evidence (3.902417ms)
✔ unknown task suffixes are rejected in both backend task columns (22.200458ms)
✔ ambiguous cross-prefix ranges cannot impersonate reviewed backend tasks (6.957084ms)
ℹ tests 38
ℹ suites 0
ℹ pass 38
ℹ fail 0
ℹ cancelled 0
ℹ skipped 0
ℹ todo 0
ℹ duration_ms 344.1565
