
> @sumalpha/quantos@ test:pre06 /Users/anray/Documents/project/SumAlpha/QuantOS
> node --test scripts/pre06-gate-negative.mjs scripts/pre06-runtime-negative.mjs

✔ current PRE-06 Web baseline passes (23.109833ms)
✔ website browser Gate deletion is rejected (9.794958ms)
✔ Desktop coupling in phase-one compatibility is rejected (7.828917ms)
✔ Desktop deep-link inclusion in phase-one Terminal is rejected (7.030792ms)
✔ generated operation coverage drift is rejected (6.633709ms)
✔ visual baseline integrity failure is rejected (5.964958ms)
✔ performance budget weakening is rejected (5.892625ms)
✔ disabled CI steps and comment-only commands are rejected (16.05325ms)
✔ contract assertion deletion and visual comparison deletion fail closed (10.22325ms)
✔ website performance and critical coverage gates cannot be removed (10.883958ms)
✔ CI retry policy must reject flaky outcomes and archive failure evidence (10.465584ms)
✔ comments cannot restore weakened budget or critical coverage policy (13.822833ms)
✔ skipped suites and inactive screenshot assertions cannot satisfy the baseline (34.256291ms)
✔ critical contract callbacks cannot return early, hide assertions, or remove runtime counting (22.612291ms)
✔ unknown and corrupted fixtures are rejected, explicit sabotage fixtures remain expected failures (29.91025ms)
✔ empty assets and empty route manifest are never a zero-sized performance PASS (28.469083ms)
✔ actual CI configs return nonzero for first-fail-then-pass policy probe (1269.322375ms)
ℹ tests 17
ℹ suites 0
ℹ pass 17
ℹ fail 0
ℹ cancelled 0
ℹ skipped 0
ℹ todo 0
ℹ duration_ms 1376.316958
