✔ formal gate rejects zero, one, two and noninteger runs (0.384375ms)
✔ all binaries participate in digest and omitted binary fails (4.181417ms)
✔ extra binary, missing wheel and stale/empty Web cannot pass output inventory (3.018917ms)
✔ manifest inventory cannot omit or add members (0.087083ms)
✔ dirty and untracked source rejected (61.901292ms)
✔ deleted module README is rejected (3.102542ms)
✔ wrong uv version fails toolchain preflight (16.905334ms)
✔ invalid locks fail real lock entrypoint (65.661708ms)
✔ Terminal default lint rejects a page TSX violation (1096.542667ms)
✔ invalid run revokes old successful receipt (26.230042ms)
✔ Cargo manifest drift is rejected by actual lock gate (643.005458ms)
✔ uv manifest drift is rejected by actual lock gate (700.785416ms)
✔ pnpm manifest drift is rejected by actual lock gate (920.756209ms)
✔ malformed Buf lock is rejected by actual lock gate (631.596ms)
✔ broken Desktop is outside phase-one pnpm frozen check (303.446041ms)
✔ uv output marker is metadata, other unexpected files still fail (2.240125ms)
✔ build-only tool is required in output inventory without becoming a runtime binary (2.225625ms)
✔ pnpm frozen check rejects missing or changed patch bytes (678.414584ms)
✔ pnpm patch cannot read outside the repository (139.675083ms)
ℹ tests 19
ℹ suites 0
ℹ pass 19
ℹ fail 0
ℹ cancelled 0
ℹ skipped 0
ℹ todo 0
ℹ duration_ms 5335.63725
