node --test scripts/f02-gate-negative.mjs scripts/f02-a11-gate-negative.mjs scripts/playwright-git-history.test.mjs scripts/storage-fixture.test.cjs scripts/f02-development-database.test.cjs
✔ complete Linux matrix passes; deletion and pixel tampering fail (394.341ms)
✔ acceptance never updates snapshots or skips missing snapshots (1.498416ms)
✔ only main signing and verification jobs receive the signing environment (10.8435ms)
✔ signing policy rejects missing protection, wildcards, tags and extra branches (0.228334ms)
✔ candidate import rejects tampering and stale source before writing, then imports the reviewed matrix (382.950458ms)
✔ required download check rejects skipped or failed event-specific verification (26.064792ms)
✔ PR receipts bind the checked out head while main signing stays on the event SHA (3.416083ms)
✔ successful checks publish only after all seven negatives, independent read-only verification and close (10.640875ms)
✔ an idle error after mutation is handled, no SQL is replayed and independent cleanup cannot convert FAIL to PASS (2.063334ms)
✔ initial known transport failure closes the failed connection before a fresh connection, preserving bootstrap (3.139791ms)
✔ 28P01 initial failure never retries (0.940833ms)
✔ 42501 initial failure never retries (1.085125ms)
✔ CERT_HAS_EXPIRED initial failure never retries (0.849042ms)
✔ configuration failure overwrites historic PASS with current-source FAIL (0.692458ms)
✔ cleanup catalog mismatch fails even after seven successful checks (2.765958ms)
✔ failed primary close preserves its error and cannot publish success after read-only verification (2.4895ms)
✔ a mutation that does not affect schema is rejected (1.700708ms)
✔ strict artifact acceptance rejects stale success, unclosed sessions, missing bootstrap and post-SQL errors (6.723583ms)
Verified 2 release files for aaaaaaaaaaaaaaaaaaaaaaaaaaaaaaaaaaaaaaaa
Verified 2 release files for aaaaaaaaaaaaaaaaaaaaaaaaaaaaaaaaaaaaaaaa
✔ real Gitleaks positive control and GitHub/Slack leaks (1628.134666ms)
✔ historical digest exceptions do not waive fresh credentials in audit JSON (1100.504833ms)
✔ RLS baseline rejects policy deletion and late disabling with recovery (170.03025ms)
✔ RLS preflight recognizes the actual ten-table A2 migration and rejects incomplete loops (134.802917ms)
✔ RLS preflight expands audit export permissions without treating grants as RLS (127.218583ms)
✔ RLS literal loops preserve late disabling, NO FORCE and policy deletion (124.845375ms)
✔ RLS preflight cannot count conditional loops, comments, literals or function bodies as execution (147.5655ms)
✔ quoted SQL examples inside expanded policy expressions cannot enable RLS (22.66525ms)
✔ migration filename control, rejection and recovery (15.03375ms)
✔ waivers only authorize exact advisory/ecosystem/package/version before expiry (1.08275ms)
✔ license expression policy does not globally allow LGPL or unknown licenses (0.348292ms)
✔ release binds complete payload and SBOM to source; rejects corruption and build-only native files (2.936208ms)
✔ Buf compares against distinct historical source and detects removed fields (499.18325ms)
✔ SCA scanner adapter consumes exact waivers and never waives scanner failures (838.802666ms)
✔ Playwright PR reporting preserves complete history for downstream security scans (1681.148291ms)
✔ all bucket migration INSERT columns exist in the shared CI fixture (0.395459ms)
﹣ PostgreSQL compiles bucket migrations and preserves private export limits (0.048833ms) # SKIP
ℹ tests 35
ℹ suites 0
ℹ pass 34
ℹ fail 0
ℹ cancelled 0
ℹ skipped 1
ℹ todo 0
ℹ duration_ms 4859.64875
