✔ development COMPLETED does not accept the current F06 review (0.714584ms)
✔ ACCEPTED with any open finding remains blocked (0.158833ms)
✔ all closed findings require a same-SHA complete receipt (1.039834ms)
✔ missing or duplicate review markers fail closed (0.179625ms)
✔ archived closure records must be present, complete and unique (0.318ms)
✔ duplicate F06 task or engineering summaries fail closed (0.207125ms)
✔ all eight registered fixtures retire by exact identity without deleting facts (1.808459ms)
✔ wrong tenant ownership stops before any mutation (0.302042ms)
✔ remaining active actor rejects cleanup success (0.502417ms)
✔ post-SQL disconnect is recorded and no mutation replays (0.176625ms)
✔ duplicate or wrong-run fixture inventory never opens a connection (0.346083ms)
✔ admission rejects partial inventory, unclosed connection, active sessions and missing cleanup (0.956583ms)
✔ command entrypoint retains initial failure, then executes SQL once with verified TLS (1.464667ms)
✔ transport closure after first SQL never reconnects or replays the statement (0.198ms)
✔ persistent initial closure fails after three closed clients without any SQL (0.193583ms)
✔ authentication initial failure is not retried (0.167042ms)
✔ permission initial failure is not retried (0.150292ms)
✔ TLS initial failure is not retried (0.117625ms)
✔ default and bounded remote development transport budgets (0.338167ms)
✔ unbounded, fractional and malformed budgets fail closed (0.125625ms)
✔ functional database budget records elapsed time and preserves all command arguments (0.5655ms)
✔ timeout remains a failed null exit with its signal and safe error code, without retry (0.117958ms)
✔ existing HTTP/service command budget is unchanged (0.054833ms)
✔ two closed initial connections are retained, closed, then the third succeeds before any statement (0.586375ms)
✔ persistent closure fails after three and retains every failure (0.848625ms)
✔ auth bootstrap failure never retries (0.139209ms)
✔ permission bootstrap failure never retries (0.097625ms)
✔ TLS bootstrap failure never retries (0.069ms)
✔ cancel bootstrap failure never retries (0.056791ms)
✔ unknown bootstrap failure never retries (0.060083ms)
✔ initial transport timeout retries but a later query error never reconnects (0.108458ms)
✔ failure to close an initial connection prevents retry (0.165583ms)
✔ budget cannot exceed three (0.22ms)
✔ acceptance rejects missing, unfinished, reordered, semantic or unclosed attempts (2.91675ms)
✔ evidence-save failure closes the connected client and never reconnects (0.085375ms)
✔ initialization after the old 20s loop can pass only with an exact readiness response (1.592667ms)
✔ a never-ready service exhausts one bounded wall-clock budget (1.545375ms)
✔ response after deadline cannot grant readiness (0.112875ms)
✔ exited or killed services fail without waiting or probing (0.096875ms)
✔ connection failures and wrong successful HTTP status cannot pass (2.339541ms)
✔ invalid or unbounded startup budgets reject (0.128375ms)
✔ process exit during a successful probe cannot grant readiness (0.067584ms)
ℹ tests 42
ℹ suites 0
ℹ pass 42
ℹ fail 0
ℹ cancelled 0
ℹ skipped 0
ℹ todo 0
ℹ duration_ms 50.088583
