✔ completed command records diagnostic and redacts configured secret split across chunks (34.695583ms)
✔ deadline kills an actual owned grandchild, preserves FAIL and logs (1509.286041ms)
✔ successful leader with detached lifetime descendant is FAIL even after cleanup (138.967916ms)
✔ spawn failure and evidence-write failure cannot become success (3.089917ms)
✔ explicit cancellation cleans its group and never passes (103.24625ms)
✔ interleaved stderr cannot break secret redaction (42.486708ms)
✔ output limit is bounded failure without partial secret chunks (23.5945ms)
✔ normal completion without sensitive output remains PASS with closed process group (22.238792ms)
✔ F09 admission requires command supervision and immutable owned cleanup proofs (5.893167ms)
✔ three exact owned actors retire while immutable event facts remain (1.178208ms)
✔ ownership mismatch refuses mutation (1.785958ms)
✔ post-SQL reset is FAIL with no replay (0.154708ms)
✔ active actors and changed event facts fail retirement (0.6745ms)
✔ wrong run and duplicate actors never connect (0.526584ms)
✔ empty fixture inventory cannot admit successful F09 (0.10925ms)
✔ partial, open, changed and active cleanup receipts fail admission (0.422833ms)
✔ later A2 migration does not make a complete F09 ledger stale (0.378666ms)
✔ missing target migration fails closed (0.2805ms)
✔ changed applied SQL checksum fails closed (0.133166ms)
✔ missing F09 prerequisite fails even if remaining ledger matches (0.076667ms)
✔ F09 rule semantics match the development-plan thresholds (0.728ms)
✔ unchanged rule IDs cannot hide threshold, duration, count or severity drift (0.752375ms)
ℹ tests 22
ℹ suites 0
ℹ pass 22
ℹ fail 0
ℹ cancelled 0
ℹ skipped 0
ℹ todo 0
ℹ duration_ms 1909.576875
