✔ all eight independently content-bound dependencies admit DEVELOPMENT only (21.125083ms)
✔ engineering aggregation preserves the sole pending user confirmation (12.396666ms)
✔ milestone rejects missing F0 (16.575125ms)
✔ milestone rejects missing PRE (14.606292ms)
✔ milestone rejects duplicate dependency (12.245167ms)
✔ milestone rejects unready F0 (11.876917ms)
✔ milestone rejects manifest bytes replaced (12.161333ms)
✔ milestone rejects digest substituted (11.985375ms)
✔ milestone rejects dependency path substituted (11.492958ms)
✔ milestone rejects dependency verdict substituted (12.8255ms)
✔ milestone rejects self manifest schema (11.591709ms)
✔ milestone rejects normative change (11.871167ms)
✔ milestone rejects source input change (11.288792ms)
✔ milestone rejects unexecuted check (11.757917ms)
✔ milestone rejects missing execution time (11.601959ms)
✔ milestone rejects missing required check (11.035125ms)
✔ milestone rejects duplicate check (11.567791ms)
✔ milestone rejects wrong command (11.309375ms)
✔ milestone rejects log tampering (10.95025ms)
✔ milestone rejects rehashed prose (11.323542ms)
✔ milestone rejects external log path (10.857792ms)
✔ milestone rejects false formal acceptance (11.021625ms)
✔ milestone rejects aggregate claims database run (10.886917ms)
✔ milestone rejects hidden exclusions (10.88325ms)
✔ milestone rejects unresolved functional finding (11.187667ms)
✔ dependency validator is invoked and errors propagate (11.145042ms)
✔ fake READY cannot hide changed G0 scope (10.980459ms)
✔ arbitrary existing markdown cannot serve as a milestone receipt (0.092583ms)
✔ own arbitrary digest is rejected independently of dependency status (0.063792ms)
✔ F0 policy contains the six missing nodes and all eleven obligations (11.340459ms)
✔ production schema drift comparator rejects tables (0.182875ms)
✔ production schema drift comparator rejects columns (0.062583ms)
✔ production schema drift comparator rejects constraints (0.046917ms)
✔ production schema drift comparator rejects indexes (0.048584ms)
✔ production schema drift comparator rejects policies (0.038ms)
✔ production schema drift comparator rejects routines (0.030291ms)
✔ production schema drift comparator rejects triggers (0.034708ms)
✔ 100-task recovery evidence cannot use 10-task diagnostic or accept P95 (1.085833ms)
✔ CI validates milestone disposition and preserves strict admission and negatives (5.317375ms)
ℹ tests 39
ℹ suites 0
ℹ pass 39
ℹ fail 0
ℹ cancelled 0
ℹ skipped 0
ℹ todo 0
ℹ duration_ms 416.390417
