
> @sumalpha/quantos@ test:development-plans /Users/anray/Documents/project/SumAlpha/QuantOS
> node --test scripts/development-plan-order-negative.mjs

✔ joint schedule is acyclic and preserves task/status boundaries (14.539541ms)
✔ restoring a complete R1 prerequisite for S2 services creates a rejected cycle (5.033041ms)
✔ research service waiting on its consumer page is rejected (4.389833ms)
✔ historical CORE:R04 to CORE:L04 probe now fails closed (4.482084ms)
✔ an early identity API cannot silently depend on later research services (5.596875ms)
✔ a provider cannot wait for the consumer frontend Gate (4.210125ms)
✔ removing S2 service admission from a core execution task is rejected (4.692375ms)
✔ S2 service Gate cannot omit TP12 advance evaluation (4.929459ms)
✔ I10 cannot drop testnet service admission even if metadata is edited with it (5.401041ms)
✔ a new or existing frontend cannot skip the full provider Gate (5.49825ms)
✔ G5 cannot be marked as closing in I4 before reconciliation (5.624209ms)
✔ moving the G1 block above I1 tasks is rejected (4.967459ms)
✔ milestone cannot omit its last child while retaining a Gate summary (5.021791ms)
✔ prose-only backend dependencies cannot drift from structured prerequisites (5.50075ms)
✔ core closure mapping cannot become an implicit service alias (5.171459ms)
✔ ACCEPTED checkpoint needs SHA and evidence, not only a green word (5.252459ms)
✔ accepted checkpoint evidence must resolve (2.61575ms)
✔ missing checkpoint and unknown dependency fail closed (6.683084ms)
✔ API windows cannot skip their preceding provider checkpoint (4.651125ms)
✔ UI windows cannot skip the preceding reconciliation window (4.972ms)
✔ Web intake preserves the explicit no-model-review schema (1.350125ms)
✔ missing Web task fields still fail closed (1.329625ms)
✔ both plans must publish exactly the same stage contract (5.444417ms)
✔ changing both plans cannot defer correctness or functional deadlines to release (14.292666ms)
✔ both plans must retain every deferred release obligation (13.575958ms)
✔ tasks and checkpoints cannot omit, invent, or misclassify their stage gate (19.214666ms)
✔ release prerequisites cannot block either development or integration (12.204292ms)
✔ release gates cannot skip business closure or inherit the wrong stage (13.886584ms)
✔ historical ACCEPTED and completed tasks do not automatically become READY (9.685541ms)
✔ READY needs its own input digest and resolvable evidence (34.486417ms)
✔ unassessed stage gates cannot carry an apparent ready receipt (7.303292ms)
✔ BLOCKED retains failure evidence and digest without being counted as READY (12.857209ms)
✔ a READY chain needs READY prerequisites and its own evidence at every node (17.656583ms)
✔ stage readiness never substitutes for formal acceptance evidence (2.810291ms)
✔ release READY requires formal acceptance and all functional prerequisites (8.726375ms)
✔ core intake follows the frontend audit-report format (6.403291ms)
✔ core review summary must be unique and link to audit evidence (7.796917ms)
✔ core shared task fields and existing window must stay consistent (14.757292ms)
ℹ tests 38
ℹ suites 0
ℹ pass 38
ℹ fail 0
ℹ cancelled 0
ℹ skipped 0
ℹ todo 0
ℹ duration_ms 353.158625
