Validated 6 pinned Buf plugins and locked generation workflow.
✔ proto generation configuration is pinned and lock-preserving (36.173542ms)
✔ proto generation configuration rejects an unpinned remote plugin (35.576084ms)
✔ proto generation configuration rejects implicit dependency updates (35.422208ms)
ℹ tests 3
ℹ suites 0
ℹ pass 3
ℹ fail 0
ℹ cancelled 0
ℹ skipped 0
ℹ todo 0
ℹ duration_ms 137.330875
Extracted 50 JSON schema documents.
Validated 50 standalone JSON schemas and 11 planned domain schemas.
✔ standalone JSON schema gate passes the complete generated catalog (135.476958ms)
✔ standalone JSON schema gate rejects a missing planned domain schema (47.20525ms)
✔ standalone JSON schema gate rejects an unresolved reference (127.596875ms)
ℹ tests 3
ℹ suites 0
ℹ pass 3
ℹ fail 0
ℹ cancelled 0
ℹ skipped 0
ℹ todo 0
ℹ duration_ms 342.7575
Proto compatibility checked against 7a1923a9ecfa22989b9dbb4b59bc3f9fe513fa7a
Proto checks passed.
