
> @sumalpha/quantos@ test:development-plans /Users/anray/Documents/project/SumAlpha/QuantOS
> node --test scripts/development-plan-order-negative.mjs

✔ joint schedule is acyclic and preserves task/status boundaries (17.816542ms)
✔ restoring a complete R1 prerequisite for S2 services creates a rejected cycle (8.881667ms)
✔ research service waiting on its consumer page is rejected (7.627834ms)
✔ historical CORE:R04 to CORE:L04 probe now fails closed (6.89075ms)
✔ an early identity API cannot silently depend on later research services (8.849459ms)
✔ a provider cannot wait for the consumer frontend Gate (5.39975ms)
✔ removing S2 service admission from a core execution task is rejected (6.084042ms)
✔ S2 service Gate cannot omit TP12 advance evaluation (5.756584ms)
✔ I10 cannot drop testnet service admission even if metadata is edited with it (6.138875ms)
✔ a new or existing frontend cannot skip the full provider Gate (7.963375ms)
✔ G5 cannot be marked as closing in I4 before reconciliation (9.793625ms)
✔ moving the G1 block above I1 tasks is rejected (8.975083ms)
✔ milestone cannot omit its last child while retaining a Gate summary (7.742ms)
✔ prose-only backend dependencies cannot drift from structured prerequisites (7.612542ms)
✔ core closure mapping cannot become an implicit service alias (9.158917ms)
✔ ACCEPTED checkpoint needs SHA and evidence, not only a green word (8.02025ms)
✔ accepted checkpoint evidence must resolve (3.758958ms)
✔ missing checkpoint and unknown dependency fail closed (10.200625ms)
✔ API windows cannot skip their preceding provider checkpoint (6.718209ms)
✔ UI windows cannot skip the preceding reconciliation window (10.773791ms)
✔ Web intake preserves the explicit no-model-review schema (2.446375ms)
✔ missing Web task fields still fail closed (1.896916ms)
✔ both plans must publish exactly the same stage contract (17.112125ms)
✔ changing both plans cannot defer correctness or functional deadlines to release (22.967833ms)
✔ both plans must retain every deferred release obligation (19.546209ms)
✔ tasks and checkpoints cannot omit, invent, or misclassify their stage gate (26.081ms)
✔ release prerequisites cannot block either development or integration (14.647333ms)
✔ release gates cannot skip business closure or inherit the wrong stage (19.324917ms)
✔ historical ACCEPTED and completed tasks do not automatically become READY (15.223292ms)
✔ READY needs its own input digest and resolvable evidence (47.214459ms)
✔ unassessed stage gates cannot carry an apparent ready receipt (8.93575ms)
✔ BLOCKED retains failure evidence and digest without being counted as READY (16.028542ms)
✔ a READY chain needs READY prerequisites and its own evidence at every node (25.590625ms)
✔ stage readiness never substitutes for formal acceptance evidence (3.691791ms)
✔ release READY requires formal acceptance and all functional prerequisites (14.636541ms)
✔ core intake follows the frontend audit-report format (8.246125ms)
✔ core review summary must be unique and link to audit evidence (10.8415ms)
✔ core shared task fields and existing window must stay consistent (19.795542ms)
ℹ tests 38
ℹ suites 0
ℹ pass 38
ℹ fail 0
ℹ cancelled 0
ℹ skipped 0
ℹ todo 0
ℹ duration_ms 512.496542
