✔ valid source and execution-bound dependency chain is READY without release signatures (49.149083ms)
✔ missing required execution (37.100667ms)
✔ failed execution (35.897542ms)
✔ wrong actual command (33.782959ms)
✔ unresolved issue (31.065875ms)
✔ wrong node (30.018583ms)
✔ missing source inventory (36.808916ms)
✔ plan scope changed (30.143875ms)
✔ outside log path (35.939792ms)
✔ wrong log digest (35.079709ms)
✔ missing dependency (37.708208ms)
✔ dependency digest substituted (39.094708ms)
✔ tampered manifest bytes are rejected (32.153584ms)
✔ changed source content is rejected despite unchanged gate digest (36.463708ms)
✔ dependency must independently be READY (36.472167ms)
✔ arbitrary log cannot masquerade as successful execution (33.313708ms)
✔ input file symlink cannot escape the repository (32.453291ms)
✔ database execution cannot be inferred from a normal local PASS (44.378583ms)
✔ Supabase target receipt verifies each compressed execution log (42.439333ms)
✔ source drift during execution invalidates the original input snapshot (53.28575ms)
✔ requirement drift during execution invalidates the original input snapshot (59.490625ms)
✔ controlled public development profile overrides stale values and preserves server inputs (0.167959ms)
✔ private credentials cannot be injected through a public development profile (0.112ms)
✔ transient Auth 503 can retry only a complete target execution (0.124ms)
✔ persistent target timeout never becomes PASS and stops at its budget (0.089209ms)
✔ semantic target failures stop without retry or PASS (0.028667ms)
✔ target retry budget cannot be unbounded (0.100834ms)
✔ configured target retries require explicit attempt outcomes in the receipt (44.196542ms)
✔ three successful full builds bind output inventories (0.424375ms)
✔ reproducibility rejects only two builds (0.241667ms)
✔ reproducibility rejects missing Python build (0.159625ms)
✔ reproducibility rejects failed command (0.137ms)
✔ reproducibility rejects different output digest (0.096458ms)
✔ reproducibility rejects substituted inventory (0.070708ms)
✔ reproducibility rejects dirty source (0.064459ms)
✔ reproducibility rejects old source (0.066375ms)
✔ development policy retains explicit build, coverage, volume and target storage obligations (0.3575ms)
✔ static make commands cannot reload .env.local or inherit target database opt-ins (0.090791ms)
✔ volume retry restarts the complete check only on a closed PostgreSQL transport (0.062042ms)
✔ volume correctness and certificate errors cannot be retried into PASS (0.03425ms)
✔ persistent database transport failure stays failed at the retry limit (0.028625ms)
✔ separate assessment snapshot preserves historical manifests and binds its own logs (41.015292ms)
✔ third-party Git link binds the actual clean checkout and rejects dirty/advanced source (184.472375ms)
✔ transient read-only preflight connection closure retries the complete target (0.113709ms)
✔ preflight permission and role failures are not transport retries (0.064875ms)
✔ persistent preflight closure exhausts three attempts without PASS (0.06325ms)
✔ inventory reads a Git file list over 1 MiB without truncating selected inputs (252.272042ms)
✔ engineering snapshot never grants admission when dependencies are not assessed (231.971875ms)
✔ skeleton artifact rejects omitted check (211.107334ms)
✔ skeleton artifact rejects failed execution (203.551708ms)
✔ skeleton artifact rejects fake command (188.358417ms)
✔ skeleton artifact rejects changed source (179.954625ms)
✔ skeleton artifact rejects changed log (219.474958ms)
✔ skeleton artifact rejects formal acceptance claim (98.832041ms)
✔ skeleton artifact rejects future execution (168.944917ms)
✔ unified artifact rejects a receipt executed on another source SHA (86.147125ms)
✔ copied artifact verifies its bound supporting logs instead of mutable original logs (265.324583ms)
✔ Python regression count cannot fall below the established baseline (182.093833ms)
✔ engineering-only validation never grants TP01-D admission (307.949542ms)
✔ all copied supporting logs are required (154.645583ms)
✔ TP01-D artifact rejects omitted check (292.550084ms)
✔ TP01-D artifact rejects failed execution (272.840792ms)
✔ TP01-D artifact rejects fake command (310.0405ms)
✔ TP01-D artifact rejects source inventory (225.356959ms)
✔ TP01-D artifact rejects log digest (251.927625ms)
✔ TP01-D artifact rejects fixture omission (253.013417ms)
✔ TP01-D artifact rejects queue drift (205.996375ms)
✔ TP01-D artifact rejects formal claim (118.232084ms)
✔ TP01-D artifact rejects future execution (222.929042ms)
✔ source commit must match execution manifest (113.095166ms)
✔ copied logs are validated independently of mutable canonical logs (319.313541ms)
✔ engineering-only evidence cannot admit TP02 (248.060292ms)
✔ all execution logs and installed wheels must travel with a copied receipt (114.457459ms)
✔ TP02 receipt rejects omitted check (221.534833ms)
✔ TP02 receipt rejects failed execution (200.194459ms)
✔ TP02 receipt rejects fake command (208.578125ms)
✔ TP02 receipt rejects source inventory (200.999583ms)
✔ TP02 receipt rejects log digest (194.382166ms)
✔ TP02 receipt rejects fixture omission (175.886167ms)
✔ TP02 receipt rejects formal claim (102.424667ms)
✔ TP02 receipt rejects future execution (203.894583ms)
✔ TP02 receipt rejects unreaped package child (178.098583ms)
✔ TP02 receipt rejects editable package claim (170.538334ms)
✔ TP02 receipt rejects upstream claim (182.861583ms)
✔ execution source must match unified manifest (81.82725ms)
✔ copied logs are independent of canonical logs (240.997833ms)
✔ tampered wheel bytes are rejected (176.343542ms)
✔ engineering-only evidence cannot admit TP03 (277.325458ms)
✔ all execution logs and installed wheels must travel with a copied receipt (125.554708ms)
✔ TP03 receipt rejects omitted check (222.760583ms)
✔ TP03 receipt rejects failed execution (220.226167ms)
✔ TP03 receipt rejects fake command (202.506083ms)
✔ TP03 receipt rejects source inventory (218.633208ms)
✔ TP03 receipt rejects log digest (194.872542ms)
✔ TP03 receipt rejects fixture omission (194.832708ms)
✔ TP03 receipt rejects formal claim (113.826917ms)
✔ TP03 receipt rejects future execution (200.726042ms)
✔ TP03 receipt rejects unreaped package child (170.510583ms)
✔ TP03 receipt rejects editable package claim (181.522584ms)
✔ TP03 receipt rejects upstream claim (166.316292ms)
✔ execution source must match unified manifest (87.822709ms)
✔ copied logs are independent of canonical logs (244.381625ms)
✔ tampered wheel bytes are rejected (163.79825ms)
✔ actual output evidence rejects matrix sample omission (161.9355ms)
✔ actual output evidence rejects Signal confidence (150.597875ms)
✔ actual output evidence rejects Signal time (166.928416ms)
✔ actual output evidence rejects Signal source claim (145.512292ms)
✔ UI transcript rejects cancel timeout (142.509875ms)
✔ UI transcript rejects cancel side effect (142.527417ms)
ℹ tests 109
ℹ suites 0
ℹ pass 109
ℹ fail 0
ℹ cancelled 0
ℹ skipped 0
ℹ todo 0
ℹ duration_ms 3966.819583
