✔ all eight independently content-bound dependencies admit DEVELOPMENT only (19.119083ms)
✔ engineering aggregation preserves the sole pending user confirmation (9.920625ms)
✔ milestone rejects missing F0 (8.967917ms)
✔ milestone rejects missing PRE (9.090583ms)
✔ milestone rejects duplicate dependency (8.427708ms)
✔ milestone rejects unready F0 (7.987042ms)
✔ milestone rejects manifest bytes replaced (7.724333ms)
✔ milestone rejects digest substituted (8.142084ms)
✔ milestone rejects dependency path substituted (7.909375ms)
✔ milestone rejects dependency verdict substituted (8.450959ms)
✔ milestone rejects self manifest schema (8.919125ms)
✔ milestone rejects normative change (8.443625ms)
✔ milestone rejects source input change (7.928458ms)
✔ milestone rejects unexecuted check (9.999958ms)
✔ milestone rejects missing execution time (8.469291ms)
✔ milestone rejects missing required check (8.733417ms)
✔ milestone rejects duplicate check (8.751042ms)
✔ milestone rejects wrong command (8.453125ms)
✔ milestone rejects log tampering (8.627417ms)
✔ milestone rejects rehashed prose (8.52525ms)
✔ milestone rejects external log path (7.911417ms)
✔ milestone rejects false formal acceptance (8.233042ms)
✔ milestone rejects aggregate claims database run (8.238417ms)
✔ milestone rejects hidden exclusions (8.684667ms)
✔ milestone rejects unresolved functional finding (8.394292ms)
✔ dependency validator is invoked and errors propagate (8.418958ms)
✔ fake READY cannot hide changed G0 scope (8.15ms)
✔ arbitrary existing markdown cannot serve as a milestone receipt (0.129583ms)
✔ own arbitrary digest is rejected independently of dependency status (0.082458ms)
✔ F0 policy contains the six missing nodes and all eleven obligations (8.427958ms)
✔ production schema drift comparator rejects tables (0.131042ms)
✔ production schema drift comparator rejects columns (0.054709ms)
✔ production schema drift comparator rejects constraints (0.047333ms)
✔ production schema drift comparator rejects indexes (0.040375ms)
✔ production schema drift comparator rejects policies (0.037209ms)
✔ production schema drift comparator rejects routines (0.036ms)
✔ production schema drift comparator rejects triggers (0.047333ms)
✔ 100-task recovery evidence cannot use 10-task diagnostic or accept P95 (0.815209ms)
✔ CI consumes the full milestone engineering validator and its negatives (0.0705ms)
✔ complete engineering checks retain BLOCKED while scope confirmation is absent (182.339334ms)
✔ strict acceptance rejects pending current user scope (149.356416ms)
✔ G0 rejects missing explicit proto baseline (130.169792ms)
✔ G0 rejects same-head proto baseline (127.532791ms)
✔ G0 rejects fabricated READY (128.007375ms)
✔ G0 rejects historical arbitrary manifest (123.267625ms)
✔ G0 rejects missing actual check (116.396334ms)
✔ G0 rejects duplicate actual check (107.443042ms)
✔ G0 rejects failed check (109.675625ms)
✔ G0 rejects unexecuted check (107.226333ms)
✔ G0 rejects wrong command (104.453375ms)
✔ G0 rejects source inventory drift (108.208584ms)
✔ G0 rejects planned scope delivered claim (110.152209ms)
✔ G0 rejects log tampering (109.241375ms)
✔ G0 rejects arbitrary rehashed prose (104.102792ms)
✔ G0 rejects wrong Web build source (110.964417ms)
✔ G0 rejects missing dependency (113.119083ms)
✔ G0 rejects dependency digest drift (115.213416ms)
✔ G0 rejects unready upstream (112.133584ms)
✔ G0 rejects hidden scope residual (105.783833ms)
✔ pending scope cannot incorporate an approval record (92.457625ms)
✔ legacy six-role records cannot grant current confirmation (90.005667ms)
✔ confirmed scope must bind current input digest (96.194875ms)
✔ confirmed scope requires the single user record (95.033333ms)
✔ dependency validation is actually invoked and failures propagate (111.480625ms)
✔ one document-bound current user confirmation replaces all role receipts (90.450041ms)
✔ CI must always validate engineering receipts and G0 negatives (0.086833ms)
✔ G0 rejects normative plan drift during execution before publishing (106.741541ms)
✔ G0 rejects code inventory drift during execution before publishing (109.424958ms)
✔ lifecycle metadata alone does not change normative G0 inputs (106.444583ms)
✔ real BFF baseline CLI matches its required G0 execution marker (83.964083ms)
✔ G0 worktree allows only lifecycle/evidence state "" (0.084042ms)
✔ G0 worktree allows only lifecycle/evidence state " M docs/SumAlpha-QuantOS-Development-Plan.md\n" (0.059542ms)
✔ G0 worktree allows only lifecycle/evidence state "M  docs/SumAlpha-QuantOS-Frontend-Development-Execution-Plan.md\n?? docs/audit/evidence/new/\n" (0.048792ms)
✔ G0 worktree allows only lifecycle/evidence state "?? docs/audit/report.md\n" (0.0155ms)
✔ G0 worktree rejects uncommitted functional input " M scripts/g0-development.mjs\n" (0.083416ms)
✔ G0 worktree rejects uncommitted functional input "M  apps/terminal/src/auth/flow.ts\n" (0.049792ms)
✔ G0 worktree rejects uncommitted functional input "?? bff/new.yaml\n" (0.034125ms)
✔ G0 worktree rejects uncommitted functional input "R  docs/audit/a.md -> scripts/backdoor.mjs\n" (0.028375ms)
✔ user-confirmed scope includes the normative G0 plan and excludes lifecycle metadata (98.561416ms)
✔ confirmation-only finalization refuses an absent user reply and cannot bless changed engineering inputs (114.628916ms)
✔ document-bound user reply finalizes the unchanged engineering checks without fabricating new execution (120.479792ms)
✔ valid source and execution-bound dependency chain is READY without release signatures (40.463209ms)
✔ missing required execution (33.709834ms)
✔ failed execution (31.152541ms)
✔ wrong actual command (32.05125ms)
✔ unresolved issue (26.842833ms)
✔ wrong node (27.226208ms)
✔ missing source inventory (31.982958ms)
✔ plan scope changed (26.341084ms)
✔ outside log path (31.665417ms)
✔ wrong log digest (26.160834ms)
✔ missing dependency (26.995ms)
✔ dependency digest substituted (28.116833ms)
✔ tampered manifest bytes are rejected (24.703792ms)
✔ changed source content is rejected despite unchanged gate digest (27.512416ms)
✔ dependency must independently be READY (27.210208ms)
✔ arbitrary log cannot masquerade as successful execution (29.584417ms)
✔ input file symlink cannot escape the repository (28.412833ms)
✔ database execution cannot be inferred from a normal local PASS (33.307167ms)
✔ Supabase target receipt verifies each compressed execution log (37.50325ms)
✔ source drift during execution invalidates the original input snapshot (46.367333ms)
✔ requirement drift during execution invalidates the original input snapshot (49.575666ms)
✔ controlled public development profile overrides stale values and preserves server inputs (0.153917ms)
✔ private credentials cannot be injected through a public development profile (0.104167ms)
✔ transient Auth 503 can retry only a complete target execution (0.10425ms)
✔ persistent target timeout never becomes PASS and stops at its budget (0.075833ms)
✔ semantic target failures stop without retry or PASS (0.029292ms)
✔ target retry budget cannot be unbounded (0.119583ms)
✔ configured target retries require explicit attempt outcomes in the receipt (34.464583ms)
✔ three successful full builds bind output inventories (0.371833ms)
✔ reproducibility rejects only two builds (0.11725ms)
✔ reproducibility rejects missing Python build (0.128083ms)
✔ reproducibility rejects failed command (0.127917ms)
✔ reproducibility rejects different output digest (0.153291ms)
✔ reproducibility rejects substituted inventory (0.097083ms)
✔ reproducibility rejects dirty source (0.113875ms)
✔ reproducibility rejects old source (0.11325ms)
✔ development policy retains explicit build, coverage, volume and target storage obligations (0.348708ms)
✔ static make commands cannot reload .env.local or inherit target database opt-ins (0.109417ms)
✔ volume retry restarts the complete check only on a closed PostgreSQL transport (0.070208ms)
✔ volume correctness and certificate errors cannot be retried into PASS (0.037ms)
✔ persistent database transport failure stays failed at the retry limit (0.030459ms)
✔ separate assessment snapshot preserves historical manifests and binds its own logs (35.69075ms)
✔ third-party Git link binds the actual clean checkout and rejects dirty/advanced source (155.404167ms)
✔ one current user confirmation validates all documented review dimensions (1.802333ms)
✔ user confirmation rejects assistant self-approval (0.54225ms)
✔ user confirmation rejects unconfirmed draft (0.153958ms)
✔ user confirmation rejects workflow instruction alone (0.14075ms)
✔ user confirmation rejects missing user message (0.69525ms)
✔ user confirmation rejects missing identity (0.158083ms)
✔ user confirmation rejects old historical confirmation (0.132625ms)
✔ user confirmation rejects future confirmation (0.115541ms)
✔ user confirmation rejects wrong node (0.422708ms)
✔ user confirmation rejects wrong stage (0.276042ms)
✔ user confirmation rejects wrong input digest (0.179542ms)
✔ user confirmation rejects wrong draft path (0.135917ms)
✔ user confirmation rejects parent traversal (0.100542ms)
✔ user confirmation rejects wrong document hash (0.103333ms)
✔ changed original user record is rejected even with unchanged scope (0.093542ms)
✔ rehashing a draft cannot authorize a different scope (0.16625ms)
✔ draft must retain every review dimension even with updated document hash (0.127333ms)
ℹ tests 141
ℹ suites 0
ℹ pass 141
ℹ fail 0
ℹ cancelled 0
ℹ skipped 0
ℹ todo 0
ℹ duration_ms 3755.985875
