
running 7 tests
test live::f09_live_tests::real_logout_db_write_matches_persistent_trace ... ignored, Supabase target test: run explicitly with QUANTOS_RUN_F09_POSTGRES_TESTS=1
test live::tests::live_session_requires_opaque_cookie_and_exact_origin ... ok
test live::tests::live_errors_hide_account_existence_and_include_correlation ... ok
test live::cors_tests::trusted_browser_can_read_contract_response_headers ... ok
test live::cors_tests::untrusted_origin_and_undeclared_headers_are_not_allowed ... ok
test live::cors_tests::trusted_recent_auth_preflight_allows_contract_headers ... FAILED
test live::f09_trace_tests::auth_write_returns_queryable_correlation_trace ... ok

failures:

---- live::cors_tests::trusted_recent_auth_preflight_allows_contract_headers stdout ----

thread 'live::cors_tests::trusted_recent_auth_preflight_allows_contract_headers' (164768) panicked at services/bff-gateway/src/live.rs:549:17:
missing x-reauth-token-ref
note: run with `RUST_BACKTRACE=1` environment variable to display a backtrace


failures:
    live::cors_tests::trusted_recent_auth_preflight_allows_contract_headers

test result: FAILED. 5 passed; 1 failed; 1 ignored; 0 measured; 0 filtered out; finished in 0.01s

   Compiling bff-gateway v0.1.0 (/var/folders/k8/_4hymb6j59s0c8xntb11ktmc0000gn/T/quantos-provider-a1-mutation-sGnwox/services/bff-gateway)
    Finished `test` profile [unoptimized + debuginfo] target(s) in 1.44s
     Running unittests src/lib.rs (target/bff-fe-001-mutants/debug/deps/bff_gateway-a92e9b7005214b4c)
error: test failed, to rerun pass `-p bff-gateway --lib`
