
> @sumalpha/quantos@ test:provider-a1 /Users/anray/Documents/project/SumAlpha/QuantOS
> node --test scripts/provider-a1-receipts.test.mjs

✔ valid source and execution-bound dependency chain is READY without release signatures (37.736208ms)
✔ missing required execution (28.370125ms)
✔ failed execution (27.218333ms)
✔ wrong actual command (29.496917ms)
✔ unresolved issue (22.726416ms)
✔ wrong node (22.201ms)
✔ missing source inventory (28.074875ms)
✔ plan scope changed (23.655125ms)
✔ outside log path (36.44225ms)
✔ wrong log digest (32.4065ms)
✔ missing dependency (26.969791ms)
✔ dependency digest substituted (25.533875ms)
✔ tampered manifest bytes are rejected (21.36375ms)
✔ changed source content is rejected despite unchanged gate digest (25.655542ms)
✔ dependency must independently be READY (26.247542ms)
✔ arbitrary log cannot masquerade as successful execution (28.520083ms)
✔ input file symlink cannot escape the repository (25.813958ms)
✔ database execution cannot be inferred from a normal local PASS (30.139458ms)
✔ Supabase target receipt verifies each compressed execution log (30.488875ms)
✔ source drift during execution invalidates the original input snapshot (38.438833ms)
✔ requirement drift during execution invalidates the original input snapshot (43.695083ms)
✔ controlled public development profile overrides stale values and preserves server inputs (0.118666ms)
✔ private credentials cannot be injected through a public development profile (0.086708ms)
✔ transient Auth 503 can retry only a complete target execution (0.095542ms)
✔ persistent target timeout never becomes PASS and stops at its budget (0.065875ms)
✔ semantic target failures stop without retry or PASS (0.022917ms)
✔ target retry budget cannot be unbounded (0.08475ms)
✔ configured target retries require explicit attempt outcomes in the receipt (30.099875ms)
✔ three successful full builds bind output inventories (0.327083ms)
✔ reproducibility rejects only two builds (0.086ms)
✔ reproducibility rejects missing Python build (0.11925ms)
✔ reproducibility rejects failed command (0.145375ms)
✔ reproducibility rejects different output digest (0.097959ms)
✔ reproducibility rejects substituted inventory (0.07525ms)
✔ reproducibility rejects dirty source (0.191167ms)
✔ reproducibility rejects old source (0.057875ms)
✔ development policy retains explicit build, coverage, volume and target storage obligations (0.258541ms)
✔ static make commands cannot reload .env.local or inherit target database opt-ins (0.084125ms)
✔ volume retry restarts the complete check only on a closed PostgreSQL transport (0.048833ms)
✔ volume correctness and certificate errors cannot be retried into PASS (0.028375ms)
✔ persistent database transport failure stays failed at the retry limit (0.024334ms)
ℹ tests 41
ℹ suites 0
ℹ pass 41
ℹ fail 0
ℹ cancelled 0
ℹ skipped 0
ℹ todo 0
ℹ duration_ms 682.548292
