✔ formal gate rejects zero, one, two and noninteger runs (0.357167ms)
✔ all binaries participate in digest and omitted binary fails (3.172375ms)
✔ extra binary, missing wheel and stale/empty Web cannot pass output inventory (2.404167ms)
✔ manifest inventory cannot omit or add members (0.070667ms)
✔ dirty and untracked source rejected (54.379583ms)
✔ deleted module README is rejected (2.321875ms)
✔ wrong uv version fails toolchain preflight (15.760333ms)
✔ invalid locks fail real lock entrypoint (32.00125ms)
✔ Terminal default lint rejects a page TSX violation (882.787875ms)
✔ invalid run revokes old successful receipt (23.743458ms)
✔ Cargo manifest drift is rejected by actual lock gate (543.270583ms)
✔ uv manifest drift is rejected by actual lock gate (624.955541ms)
✔ pnpm manifest drift is rejected by actual lock gate (838.222125ms)
✔ malformed Buf lock is rejected by actual lock gate (617.968625ms)
✔ broken Desktop is outside phase-one pnpm frozen check (299.203875ms)
✔ uv output marker is metadata, other unexpected files still fail (2.090791ms)
✔ build-only tool is required in output inventory without becoming a runtime binary (1.969084ms)
✔ pnpm frozen check rejects missing or changed patch bytes (638.940875ms)
✔ pnpm patch cannot read outside the repository (137.07325ms)
ℹ tests 19
ℹ suites 0
ℹ pass 19
ℹ fail 0
ℹ cancelled 0
ℹ skipped 0
ℹ todo 0
ℹ duration_ms 4754.114708
