node --test scripts/f02-gate-negative.mjs scripts/f02-a11-gate-negative.mjs scripts/playwright-git-history.test.mjs scripts/storage-fixture.test.cjs scripts/f02-development-database.test.cjs
✔ complete Linux matrix passes; deletion and pixel tampering fail (396.058292ms)
✔ acceptance never updates snapshots or skips missing snapshots (1.2255ms)
✔ only main signing and verification jobs receive the signing environment (9.521959ms)
✔ signing policy rejects missing protection, wildcards, tags and extra branches (0.223875ms)
✔ candidate import rejects tampering and stale source before writing, then imports the reviewed matrix (378.881375ms)
✔ required download check rejects skipped or failed event-specific verification (23.111458ms)
✔ PR receipts bind the checked out head while main signing stays on the event SHA (2.803167ms)
✔ successful checks publish only after all seven negatives, independent read-only verification and close (10.233542ms)
✔ an idle error after mutation is handled, no SQL is replayed and independent cleanup cannot convert FAIL to PASS (1.583958ms)
✔ initial known transport failure closes the failed connection before a fresh connection, preserving bootstrap (2.478542ms)
✔ 28P01 initial failure never retries (1.003209ms)
✔ 42501 initial failure never retries (0.877209ms)
✔ CERT_HAS_EXPIRED initial failure never retries (1.112333ms)
✔ configuration failure overwrites historic PASS with current-source FAIL (0.679042ms)
✔ cleanup catalog mismatch fails even after seven successful checks (2.532833ms)
✔ failed primary close preserves its error and cannot publish success after read-only verification (2.355542ms)
✔ a mutation that does not affect schema is rejected (1.524458ms)
✔ strict artifact acceptance rejects stale success, unclosed sessions, missing bootstrap and post-SQL errors (6.674083ms)
Verified 2 release files for aaaaaaaaaaaaaaaaaaaaaaaaaaaaaaaaaaaaaaaa
Verified 2 release files for aaaaaaaaaaaaaaaaaaaaaaaaaaaaaaaaaaaaaaaa
✔ real Gitleaks positive control and GitHub/Slack leaks (1614.5615ms)
✔ historical digest exceptions do not waive fresh credentials in audit JSON (1106.87ms)
✔ RLS baseline rejects policy deletion and late disabling with recovery (168.634125ms)
✔ RLS preflight recognizes the actual ten-table A2 migration and rejects incomplete loops (128.578958ms)
✔ RLS preflight expands audit export permissions without treating grants as RLS (129.840459ms)
✔ RLS literal loops preserve late disabling, NO FORCE and policy deletion (127.84625ms)
✔ RLS preflight cannot count conditional loops, comments, literals or function bodies as execution (147.011875ms)
✔ quoted SQL examples inside expanded policy expressions cannot enable RLS (22.109209ms)
✔ migration filename control, rejection and recovery (14.441375ms)
✔ waivers only authorize exact advisory/ecosystem/package/version before expiry (1.050334ms)
✔ license expression policy does not globally allow LGPL or unknown licenses (0.336541ms)
✔ release binds complete payload and SBOM to source; rejects corruption and build-only native files (2.738459ms)
✔ Buf compares against distinct historical source and detects removed fields (496.301834ms)
✔ SCA scanner adapter consumes exact waivers and never waives scanner failures (828.425708ms)
✔ Playwright PR reporting preserves complete history for downstream security scans (1647.253792ms)
✔ all bucket migration INSERT columns exist in the shared CI fixture (0.416958ms)
﹣ PostgreSQL compiles bucket migrations and preserves private export limits (0.04775ms) # SKIP
ℹ tests 35
ℹ suites 0
ℹ pass 34
ℹ fail 0
ℹ cancelled 0
ℹ skipped 1
ℹ todo 0
ℹ duration_ms 4833.372542
