✔ completed command records diagnostic and redacts configured secret split across chunks (34.8ms)
✔ deadline kills an actual owned grandchild, preserves FAIL and logs (1511.090542ms)
✔ successful leader with detached lifetime descendant is FAIL even after cleanup (140.904833ms)
✔ spawn failure and evidence-write failure cannot become success (2.961959ms)
✔ explicit cancellation cleans its group and never passes (104.3535ms)
✔ interleaved stderr cannot break secret redaction (42.714084ms)
✔ output limit is bounded failure without partial secret chunks (23.763333ms)
✔ normal completion without sensitive output remains PASS with closed process group (21.497125ms)
✔ F09 admission requires command supervision and immutable owned cleanup proofs (6.282125ms)
✔ three exact owned actors retire while immutable event facts remain (1.33125ms)
✔ ownership mismatch refuses mutation (1.976833ms)
✔ post-SQL reset is FAIL with no replay (0.185667ms)
✔ active actors and changed event facts fail retirement (0.702208ms)
✔ wrong run and duplicate actors never connect (0.536041ms)
✔ empty fixture inventory cannot admit successful F09 (0.186584ms)
✔ partial, open, changed and active cleanup receipts fail admission (0.469541ms)
✔ later A2 migration does not make a complete F09 ledger stale (0.385542ms)
✔ missing target migration fails closed (0.175833ms)
✔ changed applied SQL checksum fails closed (0.073875ms)
✔ missing F09 prerequisite fails even if remaining ledger matches (0.060708ms)
✔ F09 rule semantics match the development-plan thresholds (0.717583ms)
✔ unchanged rule IDs cannot hide threshold, duration, count or severity drift (0.737208ms)
ℹ tests 22
ℹ suites 0
ℹ pass 22
ℹ fail 0
ℹ cancelled 0
ℹ skipped 0
ℹ todo 0
ℹ duration_ms 1913.928792
