✔ all eight independently content-bound dependencies admit DEVELOPMENT only (21.176375ms)
✔ engineering aggregation preserves the sole pending user confirmation (12.909917ms)
✔ milestone rejects missing F0 (12.399167ms)
✔ milestone rejects missing PRE (11.69425ms)
✔ milestone rejects duplicate dependency (12.130875ms)
✔ milestone rejects unready F0 (11.875333ms)
✔ milestone rejects manifest bytes replaced (10.880125ms)
✔ milestone rejects digest substituted (11.152084ms)
✔ milestone rejects dependency path substituted (10.7625ms)
✔ milestone rejects dependency verdict substituted (11.159167ms)
✔ milestone rejects self manifest schema (13.328167ms)
✔ milestone rejects normative change (11.3295ms)
✔ milestone rejects source input change (11.903459ms)
✔ milestone rejects unexecuted check (11.133708ms)
✔ milestone rejects missing execution time (11.69925ms)
✔ milestone rejects missing required check (11.866333ms)
✔ milestone rejects duplicate check (10.81425ms)
✔ milestone rejects wrong command (11.113583ms)
✔ milestone rejects log tampering (10.924916ms)
✔ milestone rejects rehashed prose (11.068167ms)
✔ milestone rejects external log path (10.880125ms)
✔ milestone rejects false formal acceptance (10.709125ms)
✔ milestone rejects aggregate claims database run (11.0745ms)
✔ milestone rejects hidden exclusions (10.926959ms)
✔ milestone rejects unresolved functional finding (11.077625ms)
✔ dependency validator is invoked and errors propagate (10.748584ms)
✔ fake READY cannot hide changed G0 scope (10.792375ms)
✔ arbitrary existing markdown cannot serve as a milestone receipt (0.093459ms)
✔ own arbitrary digest is rejected independently of dependency status (0.062666ms)
✔ F0 policy contains the six missing nodes and all eleven obligations (10.919042ms)
✔ production schema drift comparator rejects tables (0.128333ms)
✔ production schema drift comparator rejects columns (0.050625ms)
✔ production schema drift comparator rejects constraints (0.043084ms)
✔ production schema drift comparator rejects indexes (0.047917ms)
✔ production schema drift comparator rejects policies (0.035458ms)
✔ production schema drift comparator rejects routines (0.029125ms)
✔ production schema drift comparator rejects triggers (0.035042ms)
✔ 100-task recovery evidence cannot use 10-task diagnostic or accept P95 (1.075375ms)
✔ CI validates milestone disposition and preserves strict admission and negatives (5.19525ms)
ℹ tests 39
ℹ suites 0
ℹ pass 39
ℹ fail 0
ℹ cancelled 0
ℹ skipped 0
ℹ todo 0
ℹ duration_ms 406.389375
