
> @sumalpha/quantos@ test:development-plans /Users/anray/Documents/project/SumAlpha/QuantOS
> node --test scripts/development-plan-order-negative.mjs

✔ joint schedule is acyclic and preserves task/status boundaries (14.409375ms)
✔ restoring a complete R1 prerequisite for S2 services creates a rejected cycle (5.048084ms)
✔ research service waiting on its consumer page is rejected (4.548625ms)
✔ historical CORE:R04 to CORE:L04 probe now fails closed (4.628208ms)
✔ an early identity API cannot silently depend on later research services (6.195542ms)
✔ a provider cannot wait for the consumer frontend Gate (4.340291ms)
✔ removing S2 service admission from a core execution task is rejected (4.541584ms)
✔ S2 service Gate cannot omit TP12 advance evaluation (4.916291ms)
✔ I10 cannot drop testnet service admission even if metadata is edited with it (5.222167ms)
✔ a new or existing frontend cannot skip the full provider Gate (5.465416ms)
✔ G5 cannot be marked as closing in I4 before reconciliation (5.760292ms)
✔ moving the G1 block above I1 tasks is rejected (5.014792ms)
✔ milestone cannot omit its last child while retaining a Gate summary (5.065167ms)
✔ prose-only backend dependencies cannot drift from structured prerequisites (5.413541ms)
✔ core closure mapping cannot become an implicit service alias (5.094166ms)
✔ ACCEPTED checkpoint needs SHA and evidence, not only a green word (5.260916ms)
✔ accepted checkpoint evidence must resolve (2.575167ms)
✔ missing checkpoint and unknown dependency fail closed (6.449375ms)
✔ API windows cannot skip their preceding provider checkpoint (4.691708ms)
✔ UI windows cannot skip the preceding reconciliation window (4.749833ms)
✔ Web intake preserves the explicit no-model-review schema (1.412292ms)
✔ missing Web task fields still fail closed (1.336041ms)
✔ both plans must publish exactly the same stage contract (5.292208ms)
✔ changing both plans cannot defer correctness or functional deadlines to release (14.164167ms)
✔ both plans must retain every deferred release obligation (12.920875ms)
✔ tasks and checkpoints cannot omit, invent, or misclassify their stage gate (18.437167ms)
✔ release prerequisites cannot block either development or integration (11.785625ms)
✔ release gates cannot skip business closure or inherit the wrong stage (13.442958ms)
✔ historical ACCEPTED and completed tasks do not automatically become READY (9.191625ms)
✔ READY needs its own input digest and resolvable evidence (33.07425ms)
✔ unassessed stage gates cannot carry an apparent ready receipt (6.935416ms)
✔ BLOCKED retains failure evidence and digest without being counted as READY (12.383708ms)
✔ a READY chain needs READY prerequisites and its own evidence at every node (17.433292ms)
✔ stage readiness never substitutes for formal acceptance evidence (2.887042ms)
✔ release READY requires formal acceptance and all functional prerequisites (8.415042ms)
✔ core intake follows the frontend audit-report format (6.49875ms)
✔ core review summary must be unique and link to audit evidence (7.690834ms)
✔ core shared task fields and existing window must stay consistent (15.036541ms)
ℹ tests 38
ℹ suites 0
ℹ pass 38
ℹ fail 0
ℹ cancelled 0
ℹ skipped 0
ℹ todo 0
ℹ duration_ms 347.606291
