Validated 6 pinned Buf plugins and locked generation workflow.
✔ proto generation configuration is pinned and lock-preserving (38.017458ms)
✔ proto generation configuration rejects an unpinned remote plugin (37.165542ms)
✔ proto generation configuration rejects implicit dependency updates (37.478542ms)
ℹ tests 3
ℹ suites 0
ℹ pass 3
ℹ fail 0
ℹ cancelled 0
ℹ skipped 0
ℹ todo 0
ℹ duration_ms 143.744542
Extracted 50 JSON schema documents.
Validated 50 standalone JSON schemas and 11 planned domain schemas.
✔ standalone JSON schema gate passes the complete generated catalog (140.237708ms)
✔ standalone JSON schema gate rejects a missing planned domain schema (47.572167ms)
✔ standalone JSON schema gate rejects an unresolved reference (129.354542ms)
ℹ tests 3
ℹ suites 0
ℹ pass 3
ℹ fail 0
ℹ cancelled 0
ℹ skipped 0
ℹ todo 0
ℹ duration_ms 350.986833
Proto compatibility checked against b0f90059c4cab231ac9424f345d53aa4c68347bb
Proto checks passed.
