✔ engineering-only evidence cannot admit TP03 (159.176ms)
✔ all execution logs and installed wheels must travel with a copied receipt (78.367833ms)
✔ TP03 receipt rejects omitted check (131.766ms)
✔ TP03 receipt rejects failed execution (131.000458ms)
✔ TP03 receipt rejects fake command (129.09725ms)
✔ TP03 receipt rejects source inventory (118.1265ms)
✔ TP03 receipt rejects log digest (126.563917ms)
✔ TP03 receipt rejects fixture omission (126.8015ms)
✔ TP03 receipt rejects formal claim (72.962125ms)
✔ TP03 receipt rejects future execution (128.651875ms)
✔ TP03 receipt rejects unreaped package child (130.029459ms)
✔ TP03 receipt rejects editable package claim (129.30725ms)
✔ TP03 receipt rejects upstream claim (127.963042ms)
✔ execution source must match unified manifest (74.286833ms)
✔ copied logs are independent of canonical logs (194.855667ms)
✔ tampered wheel bytes are rejected (129.707291ms)
✔ actual output evidence rejects matrix sample omission (138.859583ms)
✔ actual output evidence rejects Signal confidence (142.758333ms)
✔ actual output evidence rejects Signal time (142.398667ms)
✔ actual output evidence rejects Signal source claim (140.74825ms)
✔ UI transcript rejects cancel timeout (137.908167ms)
✔ UI transcript rejects cancel side effect (138.261625ms)
ℹ tests 22
ℹ suites 0
ℹ pass 22
ℹ fail 0
ℹ cancelled 0
ℹ skipped 0
ℹ todo 0
ℹ duration_ms 2886.582875
