
> @sumalpha/quantos@ check:perf /private/var/folders/k8/_4hymb6j59s0c8xntb11ktmc0000gn/T/quantos-pre06-review-w9o4hw65
> node scripts/check-perf-budget.mjs

ok    共享首屏 JS gzip: 139.4KB ≤ 250.0KB
ok    单 chunk gzip: 58.5KB ≤ 200.0KB
ok    CSS gzip: 10.7KB ≤ 60.0KB

各路由首屏 JS gzip（共享 + 路由 page chunk，仅报告不门禁）：
   100.9KB  /_not-found/page
   103.5KB  /access-request/page
   104.0KB  /auth/callback/page
   103.0KB  /auth/deep-link/page
   126.7KB  /command/page
   100.9KB  /layout
   104.0KB  /login/page
   100.9KB  /maintenance/page
   104.8KB  /mfa/page
   100.9KB  /not-found
   102.3KB  /offline/page
   100.9KB  /page
   128.4KB  /settings/browser/page
   128.4KB  /settings/notifications/page
   128.4KB  /settings/profile/page
   128.4KB  /settings/security/page
   102.4KB  /unauthorized/page

性能预算校验通过
