
> @sumalpha/quantos@ test:browser /private/var/folders/k8/_4hymb6j59s0c8xntb11ktmc0000gn/T/quantos-pre06-review-w9o4hw65
> playwright test --config playwright.config.ts --project=webkit --workers=2 --reporter=list,json --retries=0


Running 27 tests using 2 workers

  ✓   2 [webkit] › tests/e2e/auth-callback.spec.ts:40:7 › OIDC callback PoC › 完整流：login → PKCE authorize → callback 交换 → 安全 return path (908ms)
  ✓   1 [webkit] › tests/e2e/auth-callback.spec.ts:56:7 › OIDC callback PoC › 跨站 return_to 被消毒回退到 /command (921ms)
  ✓   3 [webkit] › tests/e2e/auth-callback.spec.ts:66:7 › OIDC callback PoC › state 不匹配：不发起 token 交换并显示安全错误 (228ms)
  ✓   4 [webkit] › tests/e2e/auth-callback.spec.ts:78:7 › OIDC callback PoC › IdP 返回 error：不发起交换，错误提示不含敏感细节 (228ms)
  ✓   6 [webkit] › tests/e2e/command.spec.ts:21:7 › Command Center（/command） › 路由可打开且渲染共享壳标记 (249ms)
  ✓   5 [webkit] › tests/e2e/command.spec.ts:13:7 › Command Center（/command） › 静态首屏只渲染守卫状态，不提前泄露 Command 投影 (311ms)
  ✓   7 [webkit] › tests/e2e/command.spec.ts:31:7 › Command Center（/command） › 复用 UI-103 的 freshness、risk 与 connection 领域组件 (245ms)
  ✓   9 [webkit] › tests/e2e/command.spec.ts:47:7 › Command Center（/command） › 优先级筛选与侧栏折叠可交互 (323ms)
  ✓  10 [webkit] › tests/e2e/command.spec.ts:56:7 › Command Center（/command） › 390px 小屏保持只读监控并隐藏高风险入口 (258ms)
  ✓   8 [webkit] › tests/e2e/command.spec.ts:40:7 › Command Center（/command） › axe 无严重/高等级可访问性问题（执行计划 7.1） (822ms)
  ✓  11 [webkit] › tests/e2e/command.spec.ts:66:7 › Command Center（/command） › 视觉基线：1440 深主题 (391ms)
  ✓  12 [webkit] › tests/e2e/ui102-auth.spec.ts:16:7 › UI-102 identity, access and recovery › P01 登录页仅展示安全、审计、Paper/Shadow 三项事实且通过 axe (540ms)
  ✓  13 [webkit] › tests/e2e/ui102-auth.spec.ts:28:7 › UI-102 identity, access and recovery › MFA 成功后只返回消毒后的安全路由 (301ms)
  ✓  14 [webkit] › tests/e2e/ui102-auth.spec.ts:45:7 › UI-102 identity, access and recovery › MFA 429 文案不泄露账户存在性并展示等待时间 (310ms)
  ✓  15 [webkit] › tests/e2e/ui102-auth.spec.ts:59:7 › UI-102 identity, access and recovery › 访问申请 202 只显示已受理而非权限已开通 (299ms)
  ✓  16 [webkit] › tests/e2e/ui102-auth.spec.ts:73:7 › UI-102 identity, access and recovery › 403 页面与 404 页面使用相同的不可探测资源文案 (249ms)
  ✓  17 [webkit] › tests/e2e/ui102-auth.spec.ts:82:7 › UI-102 identity, access and recovery › maintenance 明确禁写，offline 强制只读且不自动提交旧意图 (250ms)
  ✓  18 [webkit] › tests/e2e/ui102-auth.spec.ts:94:7 › UI-102 identity, access and recovery › 390px 与 200% 缩放下认证操作仍可达 (222ms)
  ✓  20 [webkit] › tests/e2e/ui104-settings.spec.ts:8:7 › UI-104 profile, security, notifications and browser settings › P15/P17 routes render the shared settings workspace (406ms)
  ✘  19 [webkit] › tests/e2e/ui102-auth.spec.ts:104:7 › UI-102 identity, access and recovery › P01 1440 深色视觉基线 (530ms)
  ✓  21 [webkit] › tests/e2e/ui104-settings.spec.ts:23:7 › UI-104 profile, security, notifications and browser settings › browser notification denial degrades without blocking in-app alerts (261ms)
  ✓  22 [webkit] › tests/e2e/ui104-settings.spec.ts:37:7 › UI-104 profile, security, notifications and browser settings › session revocation requires phrase and six-digit MFA, with cancel focused first (354ms)
  ✓  23 [webkit] › tests/e2e/ui104-settings.spec.ts:30:7 › UI-104 profile, security, notifications and browser settings › scrollable browser download history is keyboard focusable (380ms)
  ✓  24 [webkit] › tests/e2e/ui104-settings.spec.ts:51:7 › UI-104 profile, security, notifications and browser settings › 390px and 200% zoom hide high-risk settings actions without page overflow (259ms)
  ✓  25 [webkit] › tests/e2e/ui104-settings.spec.ts:62:7 › UI-104 profile, security, notifications and browser settings › offline mode freezes profile and notification writes (261ms)
  ✘  27 [webkit] › tests/e2e/ui104-settings.spec.ts:79:7 › UI-104 profile, security, notifications and browser settings › P15 security and P17 browser 1440 dark visual baselines (891ms)
  ✓  26 [webkit] › tests/e2e/ui104-settings.spec.ts:71:7 › UI-104 profile, security, notifications and browser settings › profile, security and browser pages have no serious or critical axe violations (1.4s)


  1) [webkit] › tests/e2e/ui102-auth.spec.ts:104:7 › UI-102 identity, access and recovery › P01 1440 深色视觉基线 

    Error: A snapshot doesn't exist at /private/var/folders/k8/_4hymb6j59s0c8xntb11ktmc0000gn/T/quantos-pre06-review-w9o4hw65/tests/e2e/ui102-auth.spec.ts-snapshots/ui102-login-1440-dark-webkit-darwin.png, writing actual.

      106 |     await page.goto("/login");
      107 |     await expect(page.getByRole("button", { name: "使用组织账户继续" })).toBeVisible();
    > 108 |     await expect(page).toHaveScreenshot(`${snapshot}.png`, { maxDiffPixelRatio: 0.005 });
          |     ^
      109 |   });
      110 | });
      111 |
        at /private/var/folders/k8/_4hymb6j59s0c8xntb11ktmc0000gn/T/quantos-pre06-review-w9o4hw65/tests/e2e/ui102-auth.spec.ts:108:5

    attachment #1: ui102-login-1440-dark (image/png) ───────────────────────────────────────────────
    Expected: tests/e2e/ui102-auth.spec.ts-snapshots/ui102-login-1440-dark-webkit-darwin.png
    Received: test-results/ui102-auth-UI-102-identity-3ce22-nd-recovery-P01-1440-深色视觉基线-webkit/ui102-login-1440-dark-actual.png
    ────────────────────────────────────────────────────────────────────────────────────────────────

    Error Context: test-results/ui102-auth-UI-102-identity-3ce22-nd-recovery-P01-1440-深色视觉基线-webkit/error-context.md

    attachment #3: trace (application/zip) ─────────────────────────────────────────────────────────
    test-results/ui102-auth-UI-102-identity-3ce22-nd-recovery-P01-1440-深色视觉基线-webkit/trace.zip
    Usage:

        pnpm exec playwright show-trace test-results/ui102-auth-UI-102-identity-3ce22-nd-recovery-P01-1440-深色视觉基线-webkit/trace.zip

    ────────────────────────────────────────────────────────────────────────────────────────────────

  2) [webkit] › tests/e2e/ui104-settings.spec.ts:79:7 › UI-104 profile, security, notifications and browser settings › P15 security and P17 browser 1440 dark visual baselines 

    Error: A snapshot doesn't exist at /private/var/folders/k8/_4hymb6j59s0c8xntb11ktmc0000gn/T/quantos-pre06-review-w9o4hw65/tests/e2e/ui104-settings.spec.ts-snapshots/ui104-security-1440-dark-webkit-darwin.png, writing actual.

      81 |     await page.goto("/settings/security");
      82 |     await expect(page.getByRole("heading", { name: "Security & MFA" })).toBeVisible();
    > 83 |     await expect(page).toHaveScreenshot(`${snapshots[0]}.png`, { fullPage: true, maxDiffPixelRatio: 0.005 });
         |     ^
      84 |     await page.goto("/settings/browser");
      85 |     await expect(page.getByRole("heading", { name: "Browser settings" })).toBeVisible();
      86 |     await expect(page).toHaveScreenshot(`${snapshots[1]}.png`, { fullPage: true, maxDiffPixelRatio: 0.005 });
        at /private/var/folders/k8/_4hymb6j59s0c8xntb11ktmc0000gn/T/quantos-pre06-review-w9o4hw65/tests/e2e/ui104-settings.spec.ts:83:5

    Error: A snapshot doesn't exist at /private/var/folders/k8/_4hymb6j59s0c8xntb11ktmc0000gn/T/quantos-pre06-review-w9o4hw65/tests/e2e/ui104-settings.spec.ts-snapshots/ui104-browser-1440-dark-webkit-darwin.png, writing actual.

      84 |     await page.goto("/settings/browser");
      85 |     await expect(page.getByRole("heading", { name: "Browser settings" })).toBeVisible();
    > 86 |     await expect(page).toHaveScreenshot(`${snapshots[1]}.png`, { fullPage: true, maxDiffPixelRatio: 0.005 });
         |     ^
      87 |   });
      88 | });
      89 |
        at /private/var/folders/k8/_4hymb6j59s0c8xntb11ktmc0000gn/T/quantos-pre06-review-w9o4hw65/tests/e2e/ui104-settings.spec.ts:86:5

    attachment #1: ui104-security-1440-dark (image/png) ────────────────────────────────────────────
    Expected: tests/e2e/ui104-settings.spec.ts-snapshots/ui104-security-1440-dark-webkit-darwin.png
    Received: test-results/ui104-settings-UI-104-prof-97b7b--1440-dark-visual-baselines-webkit/ui104-security-1440-dark-actual.png
    ────────────────────────────────────────────────────────────────────────────────────────────────

    attachment #2: ui104-browser-1440-dark (image/png) ─────────────────────────────────────────────
    Expected: tests/e2e/ui104-settings.spec.ts-snapshots/ui104-browser-1440-dark-webkit-darwin.png
    Received: test-results/ui104-settings-UI-104-prof-97b7b--1440-dark-visual-baselines-webkit/ui104-browser-1440-dark-actual.png
    ────────────────────────────────────────────────────────────────────────────────────────────────

    Error Context: test-results/ui104-settings-UI-104-prof-97b7b--1440-dark-visual-baselines-webkit/error-context.md

    attachment #4: trace (application/zip) ─────────────────────────────────────────────────────────
    test-results/ui104-settings-UI-104-prof-97b7b--1440-dark-visual-baselines-webkit/trace.zip
    Usage:

        pnpm exec playwright show-trace test-results/ui104-settings-UI-104-prof-97b7b--1440-dark-visual-baselines-webkit/trace.zip

    ────────────────────────────────────────────────────────────────────────────────────────────────

  2 failed
    [webkit] › tests/e2e/ui102-auth.spec.ts:104:7 › UI-102 identity, access and recovery › P01 1440 深色视觉基线 
    [webkit] › tests/e2e/ui104-settings.spec.ts:79:7 › UI-104 profile, security, notifications and browser settings › P15 security and P17 browser 1440 dark visual baselines 
  25 passed (9.3s)
 ELIFECYCLE  Command failed with exit code 1.
