
> @sumalpha/quantos@ test:browser:website /private/var/folders/k8/_4hymb6j59s0c8xntb11ktmc0000gn/T/quantos-pre06-review-w9o4hw65
> playwright test --config playwright.website.config.ts --project=firefox --workers=2 --reporter=list,json --retries=0


Running 18 tests using 2 workers

  ✓   1 [firefox] › tests/e2e/website.spec.ts:23:7 › WEB-101 website › 首页呈现品牌主张、信任承诺与证据链 (747ms)
  ✓   2 [firefox] › tests/e2e/website.spec.ts:33:7 › WEB-101 website › 全部首期页面可访问且导航互链 (1.1s)
  ✓   3 [firefox] › tests/e2e/website.spec.ts:46:9 › WEB-101 website › / 无 serious/critical 无障碍违规 (594ms)
  ✓   5 [firefox] › tests/e2e/website.spec.ts:46:9 › WEB-101 website › /architecture-security 无 serious/critical 无障碍违规 (491ms)
  ✓   4 [firefox] › tests/e2e/website.spec.ts:46:9 › WEB-101 website › /product 无 serious/critical 无障碍违规 (510ms)
  ✓   6 [firefox] › tests/e2e/website.spec.ts:46:9 › WEB-101 website › /use-cases 无 serious/critical 无障碍违规 (474ms)
  ✓   7 [firefox] › tests/e2e/website.spec.ts:46:9 › WEB-101 website › /docs 无 serious/critical 无障碍违规 (476ms)
  ✓   9 [firefox] › tests/e2e/website.spec.ts:46:9 › WEB-101 website › /login 无 serious/critical 无障碍违规 (447ms)
  ✓   8 [firefox] › tests/e2e/website.spec.ts:46:9 › WEB-101 website › /access-request 无 serious/critical 无障碍违规 (484ms)
  ✓  10 [firefox] › tests/e2e/website.spec.ts:54:7 › WEB-101 website › 390px 移动端无页面级横向溢出 (376ms)
  ✓  11 [firefox] › tests/e2e/website.spec.ts:63:7 › WEB-101 website › 文档中心无结果时可清除条件并联系支持 (443ms)
  ✓  13 [firefox] › tests/e2e/website.spec.ts:99:7 › WEB-101 website › 访问申请 202 仅显示受理态并发送冻结契约字段 (383ms)
  ✓  12 [firefox] › tests/e2e/website.spec.ts:76:7 › WEB-101 website › 访问申请表单：校验、honeypot 与受理语义 (627ms)
  ✓  14 [firefox] › tests/e2e/website.spec.ts:126:7 › WEB-101 website › 访问申请 429 显示等待与参考号且保留输入 (249ms)
  ✓  15 [firefox] › tests/e2e/website.spec.ts:145:7 › WEB-101 website › 离线时禁止提交并保留已填内容 (287ms)
  ✓  16 [firefox] › tests/e2e/website.spec.ts:156:7 › WEB-101 website › SEO 输出覆盖 canonical、robots 与七页 sitemap (479ms)
  ✓  17 [firefox] › tests/e2e/website.spec.ts:177:7 › WEB-101 website › 官网不包含收益承诺类禁用词 (416ms)
  ✓  18 [firefox] › tests/e2e/website.spec.ts:191:7 › WEB-101 website › 登录页指向 Terminal 且不内嵌认证表单 (647ms)

  18 passed (6.5s)
