Scope: all 8 workspace projects
Lockfile is up to date, resolution step is skipped
Progress: resolved 1, reused 0, downloaded 0, added 0
Packages: +620
++++++++++++++++++++++++++++++++++++++++++++++++++++++++++++++++++++++++++++++++
Progress: resolved 620, reused 620, downloaded 0, added 458
Progress: resolved 620, reused 620, downloaded 0, added 619
Progress: resolved 620, reused 620, downloaded 0, added 620, done

devDependencies:
+ @axe-core/playwright 4.13.0
+ @bufbuild/buf 1.72.0
+ @bufbuild/protobuf 2.13.0
+ @eslint/js 9.33.0
+ @next/eslint-plugin-next 15.5.24
+ @playwright/test 1.62.1
+ @types/node 24.3.0
+ @types/pngjs 6.0.5
+ @vitest/coverage-v8 4.1.11
+ ajv 8.20.0
+ ajv-formats 3.0.1
+ eslint 9.33.0
+ globals 16.3.0
+ license-checker-rseidelsohn 4.4.2
+ msw 2.15.0
+ openapi-typescript 7.13.0
+ pg 8.16.3
+ pixelmatch 7.2.0
+ pngjs 7.0.0
+ typescript 5.9.2
+ typescript-eslint 8.39.1
+ vitest 4.1.11
+ yaml 2.9.0

╭ Warning ─────────────────────────────────────────────────────────────────────╮
│                                                                              │
│   Ignored build scripts: @bufbuild/buf, @parcel/watcher, @swc/core,          │
│   esbuild, msw.                                                              │
│   Run "pnpm approve-builds" to pick which dependencies should be allowed     │
│   to run scripts.                                                            │
│                                                                              │
╰──────────────────────────────────────────────────────────────────────────────╯

Done in 2.4s using pnpm v10.20.0
