
> @sumalpha/quantos@ test:development-plans /private/var/folders/k8/_4hymb6j59s0c8xntb11ktmc0000gn/T/quantos-pre03-fixed-kpoa5rha
> node --test scripts/development-plan-order-negative.mjs

✔ joint schedule is acyclic and preserves task/status boundaries (8.535ms)
✔ restoring a complete R1 prerequisite for S2 services creates a rejected cycle (4.066584ms)
✔ research service waiting on its consumer page is rejected (3.542167ms)
✔ historical CORE:R04 to CORE:L04 probe now fails closed (3.571042ms)
✔ an early identity API cannot silently depend on later research services (4.637292ms)
✔ a provider cannot wait for the consumer frontend Gate (3.365125ms)
✔ removing S2 service admission from a core execution task is rejected (4.031417ms)
✔ S2 service Gate cannot omit TP12 advance evaluation (4.001042ms)
✔ I10 cannot drop testnet service admission even if metadata is edited with it (4.822042ms)
✔ a new or existing frontend cannot skip the full provider Gate (4.217084ms)
✔ G5 cannot be marked as closing in I4 before reconciliation (4.10525ms)
✔ moving the G1 block above I1 tasks is rejected (3.8585ms)
✔ milestone cannot omit its last child while retaining a Gate summary (4.27375ms)
✔ prose-only backend dependencies cannot drift from structured prerequisites (4.284708ms)
✔ core closure mapping cannot become an implicit service alias (4.361208ms)
✔ ACCEPTED checkpoint needs SHA and evidence, not only a green word (4.137166ms)
✔ accepted checkpoint evidence must resolve (2.043292ms)
✔ missing checkpoint and unknown dependency fail closed (5.034333ms)
✔ API windows cannot skip their preceding provider checkpoint (3.833792ms)
✔ UI windows cannot skip the preceding reconciliation window (3.9395ms)
✔ Web intake preserves the explicit no-model-review schema (1.366584ms)
✔ missing Web task fields still fail closed (1.197792ms)
ℹ tests 22
ℹ suites 0
ℹ pass 22
ℹ fail 0
ℹ cancelled 0
ℹ skipped 0
ℹ todo 0
ℹ duration_ms 123.02975
