
> @sumalpha/quantos@ test:pre02 /private/var/folders/k8/_4hymb6j59s0c8xntb11ktmc0000gn/T/quantos-pre03-fixed-kpoa5rha
> pnpm --filter @sumalpha/ui test:pre02


> @sumalpha/ui@0.1.0 test:pre02 /private/var/folders/k8/_4hymb6j59s0c8xntb11ktmc0000gn/T/quantos-pre03-fixed-kpoa5rha/packages/ui
> node --test scripts/pre02-gate-negative.mjs

✔ current PRE-02 design-system contract passes (7.743417ms)
✔ renaming a required safety key fails even when the count stays at 18 (1.581458ms)
✔ missing state color mapping fails closed (1.225959ms)
✔ insufficient focus contrast is rejected (1.153083ms)
✔ missing readonly viewport is rejected (1.0485ms)
✔ deny cannot become success (1.199083ms)
✔ mapped token paths must exist (0.804291ms)
✔ English safety semantics cannot be inverted (0.719541ms)
✔ all compact density values remain frozen (0.791416ms)
✔ focus width and path remain frozen (0.855375ms)
✔ breakpoint intervals cannot develop gaps (0.668375ms)
✔ typography and spacing must match the reviewed contract (0.924333ms)
✔ required component identity cannot be replaced (0.68675ms)
✔ comments do not supply executable Storybook configuration (0.742792ms)
✔ surface.2 contrast cannot be removed from the contract (0.779667ms)
✔ native reference viewport is not a prerequisite of the Web Gate (0.618208ms)
✔ disabled contrast rule cannot hide behind a matching comment (0.608417ms)
✔ readonly viewport dimensions cannot hide behind its identifier (0.734125ms)
✔ phase-two page cannot enter the Web component acceptance rows (0.589417ms)
✔ provider JSX outside the decorator cannot authorize empty decorators (0.60475ms)
✔ unexported configuration does not authorize a Storybook entry (0.6005ms)
✔ initial theme cannot contradict the dark default contract (0.590625ms)
✔ object spread cannot silently override required addons (0.73225ms)
✔ duplicate decorators cannot replace the validated provider tree (0.679541ms)
✔ dead JSX branches are not executed provider decorators (0.99225ms)
✔ provider attributes cannot be overwritten through JSX spreads (0.713458ms)
✔ provider-only JSX without the Story consumer is rejected (0.666333ms)
ℹ tests 27
ℹ suites 0
ℹ pass 27
ℹ fail 0
ℹ cancelled 0
ℹ skipped 0
ℹ todo 0
ℹ duration_ms 195.013
