
> @sumalpha/quantos@ test /private/var/folders/k8/_4hymb6j59s0c8xntb11ktmc0000gn/T/quantos-pre03-fixed-kpoa5rha
> pnpm -r test

Scope: 7 of 8 workspace projects
packages/config test$ vitest run
packages/ui test$ vitest run
packages/config test:  RUN  v4.1.11 /private/var/folders/k8/_4hymb6j59s0c8xntb11ktmc0000gn/T/quantos-pre03-fixed-kpoa5rha/packages/config
packages/ui test:  RUN  v4.1.11 /private/var/folders/k8/_4hymb6j59s0c8xntb11ktmc0000gn/T/quantos-pre03-fixed-kpoa5rha/packages/ui
packages/config test:  Test Files  1 passed (1)
packages/config test:       Tests  12 passed (12)
packages/config test:    Start at  18:52:00
packages/config test:    Duration  410ms (transform 321ms, setup 0ms, import 328ms, tests 3ms, environment 0ms)
packages/config test: Done
packages/ui test:  Test Files  4 passed (4)
packages/ui test:       Tests  19 passed (19)
packages/ui test:    Start at  18:52:00
packages/ui test:    Duration  547ms (transform 1.16s, setup 0ms, import 1.42s, tests 54ms, environment 221ms)
packages/ui test: Done
packages/api-client test$ vitest run
packages/platform test$ vitest run
packages/api-client test:  RUN  v4.1.11 /private/var/folders/k8/_4hymb6j59s0c8xntb11ktmc0000gn/T/quantos-pre03-fixed-kpoa5rha/packages/api-client
packages/platform test:  RUN  v4.1.11 /private/var/folders/k8/_4hymb6j59s0c8xntb11ktmc0000gn/T/quantos-pre03-fixed-kpoa5rha/packages/platform
packages/platform test:  Test Files  1 passed (1)
packages/platform test:       Tests  2 passed (2)
packages/platform test:    Start at  18:52:01
packages/platform test:    Duration  92ms (transform 20ms, setup 0ms, import 25ms, tests 1ms, environment 0ms)
packages/platform test: Done
packages/api-client test:  Test Files  3 passed (3)
packages/api-client test:       Tests  46 passed (46)
packages/api-client test:    Start at  18:52:01
packages/api-client test:    Duration  207ms (transform 156ms, setup 0ms, import 283ms, tests 46ms, environment 0ms)
packages/api-client test: Done
apps/website test$ vitest run
packages/domain-ui test$ vitest run
packages/domain-ui test:  RUN  v4.1.11 /private/var/folders/k8/_4hymb6j59s0c8xntb11ktmc0000gn/T/quantos-pre03-fixed-kpoa5rha/packages/domain-ui
apps/website test:  RUN  v4.1.11 /private/var/folders/k8/_4hymb6j59s0c8xntb11ktmc0000gn/T/quantos-pre03-fixed-kpoa5rha/apps/website
packages/domain-ui test:  Test Files  3 passed (3)
packages/domain-ui test:       Tests  16 passed (16)
packages/domain-ui test:    Start at  18:52:01
packages/domain-ui test:    Duration  167ms (transform 134ms, setup 0ms, import 217ms, tests 9ms, environment 0ms)
packages/domain-ui test: Done
apps/website test:  Test Files  2 passed (2)
apps/website test:       Tests  7 passed (7)
apps/website test:    Start at  18:52:01
apps/website test:    Duration  1.16s (transform 136ms, setup 0ms, import 212ms, tests 6ms, environment 0ms)
apps/website test: Done
apps/terminal test$ vitest run
apps/terminal test:  RUN  v4.1.11 /private/var/folders/k8/_4hymb6j59s0c8xntb11ktmc0000gn/T/quantos-pre03-fixed-kpoa5rha/apps/terminal
apps/terminal test:  Test Files  11 passed (11)
apps/terminal test:       Tests  65 passed (65)
apps/terminal test:    Start at  18:52:03
apps/terminal test:    Duration  321ms (transform 940ms, setup 0ms, import 1.64s, tests 79ms, environment 1ms)
apps/terminal test: Done
