
> @sumalpha/quantos@ test:pre03 /private/var/folders/k8/_4hymb6j59s0c8xntb11ktmc0000gn/T/quantos-pre03-fixed-kpoa5rha
> node --test scripts/pre03-gate-negative.mjs

✔ current Web contract passes and never loads Desktop inputs (3.820459ms)
✔ apps/terminal rejects Next 15.5.23 (4.034625ms)
✔ apps/terminal rejects Next 16.0.0 (1.997375ms)
✔ apps/website rejects Next 15.5.23 (1.659542ms)
✔ apps/website rejects Next 16.0.0 (1.627ms)
✔ missing package resolutions (1.867667ms)
✔ missing snapshots (1.197833ms)
✔ specifier drift (1.774166ms)
✔ dependency removed (1.845166ms)
✔ dependency inserted (1.825292ms)
✔ manifest drift fails without changing lock (0.849084ms)
✔ ADR drift fails (0.744584ms)
✔ Node pin drift fails (0.717333ms)
✔ effective Next configuration: valid export (8.636375ms)
✔ effective Next configuration: comment marker (6.978875ms)
✔ effective Next configuration: dead branch (4.52ms)
✔ effective Next configuration: subsequent override (4.087166ms)
✔ effective Next configuration: function config (3.787375ms)
✔ bad route resources, fake HTML and script failures fail closed (11796.67575ms)
✔ Next-specific async client violation is an ESLint error (177.176458ms)
✔ build receipts reject stale source, config, identity and missing receipts (2.024584ms)
ℹ tests 21
ℹ suites 0
ℹ pass 21
ℹ fail 0
ℹ cancelled 0
ℹ skipped 0
ℹ todo 0
ℹ duration_ms 12546.487542
