
running 1 test
test f09_portfolio_and_risk_queries_persist_actual_latency_samples ... ok

test result: ok. 1 passed; 0 failed; 0 ignored; 0 measured; 1 filtered out; finished in 0.00s

[1m[92m   Compiling[0m syn v2.0.119
[1m[92m   Compiling[0m smallvec v1.15.2
[1m[92m   Compiling[0m cc v1.4.0
[1m[92m   Compiling[0m tokio v1.53.1
[1m[92m   Compiling[0m parking_lot_core v0.9.12
[1m[92m   Compiling[0m futures-task v0.3.33
[1m[92m   Compiling[0m futures-util v0.3.33
[1m[92m   Compiling[0m openssl-sys v0.9.117
[1m[92m   Compiling[0m openssl v0.10.81
[1m[92m   Compiling[0m parking_lot v0.12.5
[1m[92m   Compiling[0m tokio-openssl v0.6.5
[1m[92m   Compiling[0m digest v0.10.7
[1m[92m   Compiling[0m sha2 v0.10.9
[1m[92m   Compiling[0m quantos-core v0.1.0 (/home/runner/work/QuantOS/QuantOS/crates/quantos-core)
[1m[92m   Compiling[0m synstructure v0.13.2
[1m[92m   Compiling[0m tokio-util v0.7.19
[1m[92m   Compiling[0m tokio-postgres v0.7.18
[1m[92m   Compiling[0m zerofrom-derive v0.1.7
[1m[92m   Compiling[0m yoke-derive v0.8.2
[1m[92m   Compiling[0m zerovec-derive v0.11.3
[1m[92m   Compiling[0m zerofrom v0.1.8
[1m[92m   Compiling[0m displaydoc v0.2.6
[1m[92m   Compiling[0m yoke v0.8.3
[1m[92m   Compiling[0m openssl-macros v0.1.1
[1m[92m   Compiling[0m zerovec v0.11.6
[1m[92m   Compiling[0m zerotrie v0.2.4
[1m[92m   Compiling[0m postgres v0.19.14
[1m[92m   Compiling[0m tinystr v0.8.3
[1m[92m   Compiling[0m icu_locale_core v2.2.0
[1m[92m   Compiling[0m potential_utf v0.1.5
[1m[92m   Compiling[0m icu_collections v2.2.0
[1m[92m   Compiling[0m icu_provider v2.2.0
[1m[92m   Compiling[0m icu_properties v2.2.0
[1m[92m   Compiling[0m icu_normalizer v2.2.0
[1m[92m   Compiling[0m postgres-openssl v0.5.3
[1m[92m   Compiling[0m idna_adapter v1.2.2
[1m[92m   Compiling[0m idna v1.1.0
[1m[92m   Compiling[0m url v2.5.8
[1m[92m   Compiling[0m quantos-portfolio v0.1.0 (/home/runner/work/QuantOS/QuantOS/crates/quantos-portfolio)
[1m[92m    Finished[0m `test` profile [unoptimized + debuginfo] target(s) in 11.44s
[1m[92m     Running[0m tests/postgres_portfolio.rs (target/debug/deps/postgres_portfolio-d76cef897ef975f4)
