✔ current BFF-FE-000 repository Gate passes (4.176334ms)
✔ missing phase-one page mapping is rejected (2.185417ms)
✔ published operation drift is rejected (3.97575ms)
✔ planned operation traceability deletion is rejected (1.705709ms)
✔ shared idempotency baseline deletion is rejected (2.785958ms)
✔ dependency regression is rejected (1.47875ms)
✔ error correlation header deletion is rejected (2.707834ms)
✔ generated Zod export deletion is rejected (2.106792ms)
✔ missing staging permits development readiness and never claims formal acceptance (0.992583ms)
✔ stage deferral cannot bypass engineering failures, final receipt requirements or unknown stages (0.167125ms)
✔ final review command cannot be rewired to the development stage (7.095542ms)
✔ current semantic A1 gate passes (3.833834ms)
✔ rejects cookie semantic regression (2.915625ms)
✔ rejects idempotency semantic regression (3.009375ms)
✔ rejects sort semantic regression (3.472ms)
✔ rejects page semantic regression (2.923208ms)
✔ rejects ci semantic regression (2.484084ms)
✔ rejects decimal semantic regression (3.290916ms)
✔ rejects version semantic regression (2.544334ms)
✔ rejects csrf semantic regression (2.472958ms)
✔ exact registered security correction is accepted only within its window (11.576708ms)
✔ unregistered breaking type, enum or missing baseline fails closed (24.1635ms)
✔ new required parameters and constraints cannot silently bypass compatibility (0.906875ms)
✔ absent, invented and reference-only staging receipts never close A1 (0.510375ms)
✔ final receipt requires technical evidence plus one input-bound user confirmation (1.094959ms)
✔ optional property within an existing allOf is additive, required changes are rejected (0.115541ms)
ℹ tests 26
ℹ suites 0
ℹ pass 26
ℹ fail 0
ℹ cancelled 0
ℹ skipped 0
ℹ todo 0
ℹ duration_ms 173.935208
