node --test scripts/f02-gate-negative.mjs scripts/f02-a11-gate-negative.mjs scripts/playwright-git-history.test.mjs
✔ complete Linux matrix passes; deletion and pixel tampering fail (369.812208ms)
✔ acceptance never updates snapshots or skips missing snapshots (0.558083ms)
✔ only main signing and verification jobs receive the signing environment (9.606084ms)
✔ signing policy rejects missing protection, wildcards, tags and extra branches (0.493958ms)
✔ candidate import rejects tampering and stale source before writing, then imports the reviewed matrix (375.233083ms)
✔ required download check rejects skipped or failed event-specific verification (22.441375ms)
✔ PR receipts bind the checked out head while main signing stays on the event SHA (2.802917ms)
Verified 2 release files for aaaaaaaaaaaaaaaaaaaaaaaaaaaaaaaaaaaaaaaa
Verified 2 release files for aaaaaaaaaaaaaaaaaaaaaaaaaaaaaaaaaaaaaaaa
✔ real Gitleaks positive control and GitHub/Slack leaks (1614.736208ms)
✔ historical digest exceptions do not waive fresh credentials in audit JSON (1085.911917ms)
✔ RLS baseline rejects policy deletion and late disabling with recovery (169.314709ms)
✔ RLS preflight recognizes the actual ten-table A2 migration and rejects incomplete loops (132.54425ms)
✔ RLS preflight expands audit export permissions without treating grants as RLS (131.790792ms)
✔ RLS literal loops preserve late disabling, NO FORCE and policy deletion (131.656334ms)
✔ RLS preflight cannot count conditional loops, comments, literals or function bodies as execution (150.803166ms)
✔ quoted SQL examples inside expanded policy expressions cannot enable RLS (23.407083ms)
✔ migration filename control, rejection and recovery (14.752416ms)
✔ waivers only authorize exact advisory/ecosystem/package/version before expiry (1.073375ms)
✔ license expression policy does not globally allow LGPL or unknown licenses (0.336875ms)
✔ release binds complete payload and SBOM to source; rejects corruption and build-only native files (2.8195ms)
✔ Buf compares against distinct historical source and detects removed fields (500.054583ms)
✔ SCA scanner adapter consumes exact waivers and never waives scanner failures (1059.02025ms)
✔ Playwright PR reporting preserves complete history for downstream security scans (1621.490375ms)
ℹ tests 22
ℹ suites 0
ℹ pass 22
ℹ fail 0
ℹ cancelled 0
ℹ skipped 0
ℹ todo 0
ℹ duration_ms 5059.5565
