✔ all eight independently content-bound dependencies admit DEVELOPMENT only (17.556291ms)
✔ engineering aggregation preserves the sole pending user confirmation (9.117125ms)
✔ milestone rejects missing F0 (8.459917ms)
✔ milestone rejects missing PRE (8.518959ms)
✔ milestone rejects duplicate dependency (8.323042ms)
✔ milestone rejects unready F0 (7.934583ms)
✔ milestone rejects manifest bytes replaced (8.14075ms)
✔ milestone rejects digest substituted (7.1365ms)
✔ milestone rejects dependency path substituted (7.377167ms)
✔ milestone rejects dependency verdict substituted (7.264375ms)
✔ milestone rejects self manifest schema (7.620333ms)
✔ milestone rejects normative change (7.248875ms)
✔ milestone rejects source input change (7.468459ms)
✔ milestone rejects unexecuted check (8.896625ms)
✔ milestone rejects missing execution time (7.706084ms)
✔ milestone rejects missing required check (8.052417ms)
✔ milestone rejects duplicate check (7.748166ms)
✔ milestone rejects wrong command (7.070208ms)
✔ milestone rejects log tampering (7.74725ms)
✔ milestone rejects rehashed prose (7.641625ms)
✔ milestone rejects external log path (7.310292ms)
✔ milestone rejects false formal acceptance (7.585834ms)
✔ milestone rejects aggregate claims database run (6.730125ms)
✔ milestone rejects hidden exclusions (7.599584ms)
✔ milestone rejects unresolved functional finding (7.029167ms)
✔ dependency validator is invoked and errors propagate (7.288375ms)
✔ fake READY cannot hide changed G0 scope (7.112667ms)
✔ arbitrary existing markdown cannot serve as a milestone receipt (0.09275ms)
✔ own arbitrary digest is rejected independently of dependency status (0.068375ms)
✔ F0 policy contains the six missing nodes and all eleven obligations (7.196417ms)
✔ production schema drift comparator rejects tables (0.116875ms)
✔ production schema drift comparator rejects columns (0.053625ms)
✔ production schema drift comparator rejects constraints (0.053083ms)
✔ production schema drift comparator rejects indexes (0.045042ms)
✔ production schema drift comparator rejects policies (0.038792ms)
✔ production schema drift comparator rejects routines (0.034041ms)
✔ production schema drift comparator rejects triggers (0.042792ms)
✔ 100-task recovery evidence cannot use 10-task diagnostic or accept P95 (1.30075ms)
✔ CI consumes the full milestone engineering validator and its negatives (0.082375ms)
ℹ tests 39
ℹ suites 0
ℹ pass 39
ℹ fail 0
ℹ cancelled 0
ℹ skipped 0
ℹ todo 0
ℹ duration_ms 280.65125
