
> @sumalpha/quantos@ test:development-plans /Users/anray/Documents/project/SumAlpha/QuantOS
> node --test scripts/development-plan-order-negative.mjs

✔ joint schedule is acyclic and preserves task/status boundaries (11.56575ms)
✔ restoring a complete R1 prerequisite for S2 services creates a rejected cycle (5.8835ms)
✔ research service waiting on its consumer page is rejected (4.585792ms)
✔ historical CORE:R04 to CORE:L04 probe now fails closed (4.759375ms)
✔ an early identity API cannot silently depend on later research services (6.26575ms)
✔ a provider cannot wait for the consumer frontend Gate (4.218333ms)
✔ removing S2 service admission from a core execution task is rejected (5.009292ms)
✔ S2 service Gate cannot omit TP12 advance evaluation (5.506583ms)
✔ I10 cannot drop testnet service admission even if metadata is edited with it (5.64675ms)
✔ a new or existing frontend cannot skip the full provider Gate (5.854ms)
✔ G5 cannot be marked as closing in I4 before reconciliation (5.78575ms)
✔ moving the G1 block above I1 tasks is rejected (5.12725ms)
✔ milestone cannot omit its last child while retaining a Gate summary (5.242875ms)
✔ prose-only backend dependencies cannot drift from structured prerequisites (5.87325ms)
✔ core closure mapping cannot become an implicit service alias (5.120542ms)
✔ ACCEPTED checkpoint needs SHA and evidence, not only a green word (5.529666ms)
✔ accepted checkpoint evidence must resolve (2.569917ms)
✔ missing checkpoint and unknown dependency fail closed (6.637292ms)
✔ API windows cannot skip their preceding provider checkpoint (4.872583ms)
✔ UI windows cannot skip the preceding reconciliation window (5.176ms)
✔ Web intake preserves the explicit no-model-review schema (1.550875ms)
✔ missing Web task fields still fail closed (1.427416ms)
✔ both plans must publish exactly the same stage contract (5.381ms)
✔ changing both plans cannot defer correctness or functional deadlines to release (13.300875ms)
✔ both plans must retain every deferred release obligation (15.77825ms)
✔ tasks and checkpoints cannot omit, invent, or misclassify their stage gate (19.598584ms)
✔ release prerequisites cannot block either development or integration (12.413ms)
✔ release gates cannot skip business closure or inherit the wrong stage (14.21ms)
✔ historical ACCEPTED and completed tasks do not automatically become READY (5.864542ms)
✔ READY needs its own input digest and resolvable evidence (32.007125ms)
✔ unassessed stage gates cannot carry an apparent ready receipt (7.442833ms)
✔ BLOCKED retains failure evidence and digest without being counted as READY (9.762333ms)
✔ a READY chain needs READY prerequisites and its own evidence at every node (13.980375ms)
✔ stage readiness never substitutes for formal acceptance evidence (2.74575ms)
✔ release READY requires formal acceptance and all functional prerequisites (8.607084ms)
ℹ tests 35
ℹ suites 0
ℹ pass 35
ℹ fail 0
ℹ cancelled 0
ℹ skipped 0
ℹ todo 0
ℹ duration_ms 315.836417
