
> @sumalpha/quantos@ test:pre04 /Users/anray/Documents/project/SumAlpha/QuantOS
> node --test scripts/pre04-gate-negative.mjs

✔ current full phase-one inventory passes (11.702792ms)
✔ missing Gap is rejected (4.952667ms)
✔ undecided realtime dependency is rejected (5.355541ms)
✔ deleted required actorId field is rejected (4.815334ms)
✔ nonexistent field source is rejected (5.270416ms)
✔ wrong field type and optionality are rejected (4.4575ms)
✔ generated operation deletion is rejected (3.66225ms)
✔ generated method and path drift are rejected (9.138958ms)
✔ same-count schema rename is rejected (3.633375ms)
✔ schema required and enum drift are rejected (8.377209ms)
✔ same-count Proto message rename is rejected (4.45475ms)
✔ removed Proto declaration is rejected (4.53025ms)
✔ same-count JSON Schema replacement is rejected (4.878666ms)
✔ duplicate contract row is rejected before Map collapse (4.162833ms)
✔ duplicate Gap row is rejected before Map collapse (3.773583ms)
✔ nonexistent role owner is rejected (4.390625ms)
✔ nonexistent backend task is rejected (3.746458ms)
✔ nonexistent BFF task is rejected (3.619ms)
✔ unknown Gap page is rejected (3.763709ms)
✔ each missing website P0 page is rejected (17.80225ms)
✔ missing auxiliary risk/audit/order contract is rejected (11.119125ms)
✔ closing partly published Gap is rejected (4.3075ms)
✔ omitting planned operation is rejected (4.161375ms)
✔ unpublished Inventory Fixture cannot claim Implemented (3.973083ms)
✔ generated-only contract cannot claim Integrated (4.572333ms)
✔ missing provider evidence is rejected (4.279584ms)
✔ changed provider receipt is rejected (4.423084ms)
✔ missing Inventory Fixture is rejected (4.893125ms)
✔ Desktop contamination is rejected by Web inventory (4.491ms)
✔ nonexistent domain field mappings including the former engine-version anchor are rejected (8.136833ms)
✔ removed referenced core task is rejected (4.047459ms)
✔ catalog source drift is rejected (3.916417ms)
✔ empty implementation artifact lists are rejected for every implemented contract (10.747375ms)
✔ each missing implementation evidence category is rejected (35.165ms)
✔ duplicate artifacts cannot substitute for test or receipt evidence (3.890208ms)
✔ another contract receipt cannot substitute for required evidence (4.161667ms)
✔ unknown task suffixes are rejected in both backend task columns (24.328125ms)
✔ ambiguous cross-prefix ranges cannot impersonate reviewed backend tasks (7.229542ms)
ℹ tests 38
ℹ suites 0
ℹ pass 38
ℹ fail 0
ℹ cancelled 0
ℹ skipped 0
ℹ todo 0
ℹ duration_ms 369.266458
