
> @sumalpha/quantos@ test:pre02 /Users/anray/Documents/project/SumAlpha/QuantOS
> pnpm --filter @sumalpha/ui test:pre02


> @sumalpha/ui@0.1.0 test:pre02 /Users/anray/Documents/project/SumAlpha/QuantOS/packages/ui
> node --test scripts/pre02-gate-negative.mjs

✔ current PRE-02 design-system contract passes (8.066042ms)
✔ renaming a required safety key fails even when the count stays at 18 (1.621958ms)
✔ missing state color mapping fails closed (1.436709ms)
✔ insufficient focus contrast is rejected (1.220416ms)
✔ missing readonly viewport is rejected (1.108834ms)
✔ deny cannot become success (1.401875ms)
✔ mapped token paths must exist (0.988959ms)
✔ English safety semantics cannot be inverted (0.781917ms)
✔ all compact density values remain frozen (0.861833ms)
✔ focus width and path remain frozen (0.9585ms)
✔ breakpoint intervals cannot develop gaps (0.798125ms)
✔ typography and spacing must match the reviewed contract (0.958584ms)
✔ required component identity cannot be replaced (0.712166ms)
✔ comments do not supply executable Storybook configuration (0.798916ms)
✔ surface.2 contrast cannot be removed from the contract (0.669084ms)
✔ native reference viewport is not a prerequisite of the Web Gate (0.6345ms)
✔ disabled contrast rule cannot hide behind a matching comment (0.627542ms)
✔ readonly viewport dimensions cannot hide behind its identifier (0.607875ms)
✔ phase-two page cannot enter the Web component acceptance rows (0.7635ms)
✔ provider JSX outside the decorator cannot authorize empty decorators (0.685334ms)
✔ unexported configuration does not authorize a Storybook entry (0.638375ms)
✔ initial theme cannot contradict the dark default contract (0.925166ms)
✔ object spread cannot silently override required addons (0.866292ms)
✔ duplicate decorators cannot replace the validated provider tree (0.73475ms)
✔ dead JSX branches are not executed provider decorators (1.070208ms)
✔ provider attributes cannot be overwritten through JSX spreads (0.833333ms)
✔ provider-only JSX without the Story consumer is rejected (0.629458ms)
ℹ tests 27
ℹ suites 0
ℹ pass 27
ℹ fail 0
ℹ cancelled 0
ℹ skipped 0
ℹ todo 0
ℹ duration_ms 205.588791
