
> @sumalpha/quantos@ test:pre01 /Users/anray/Documents/project/SumAlpha/QuantOS
> node --test ./scripts/tests/check-pre01.test.mjs

✔ current PRE-01 artifacts satisfy the executable contract (5.207125ms)
✔ missing a page state fails closed (1.945417ms)
✔ invalid story priority fails closed (0.589208ms)
✔ missing traceability row fails closed (1.47475ms)
✔ published operation cannot regress to planned fails closed (1.743042ms)
✔ unknown role fails closed (0.457625ms)
✔ unknown route fails closed (0.464125ms)
✔ duplicate story fails closed (0.612625ms)
✔ missing flow stories fails closed (0.574083ms)
✔ missing flow scenarios fails closed (1.226458ms)
✔ unsafe proposal criterion fails closed (1.247167ms)
✔ unknown trace task fails closed (1.310208ms)
✔ unauthorized admin grant fails closed (0.841083ms)
✔ missing permission route fails closed (0.876375ms)
✔ phase-one P16 fails closed (0.119833ms)
✔ missing contract owner fails closed (1.156834ms)
✔ empty flow role fails closed (0.587875ms)
✔ empty flow route fails closed (0.612167ms)
✔ state label mismatch fails closed (0.950375ms)
✔ desktop-only story fails closed (0.430917ms)
✔ persistent offline cache fails closed (0.916292ms)
✔ admin domain permission fails closed (0.748125ms)
✔ missing page story fails closed (0.455667ms)
✔ cross-page route fails closed (0.405ms)
✔ current G0 governance preserves history without granting current acceptance (1.492166ms)
✔ past-due G0 item cannot silently remain OPEN (0.631708ms)
✔ fabricated G0 acceptance fails against current checkpoint (0.563334ms)
✔ missing G0 leftover owner fails (0.585417ms)
✔ P05 cannot bind metadata download to an untraced audit export operation (1.623625ms)
✔ P21 cannot drop alert ownership from both ledger and trace while retaining the subscription (1.683791ms)
✔ unknown unlabelled operation in API register is rejected (2.079708ms)
✔ P05 quality alerts require C16 ownership on the consumer page (1.52225ms)
✔ API register rejects current version 1.4.0 (1.432333ms)
✔ API register rejects current version 99.99.0 (1.351125ms)
✔ published register row cannot omit API version (1.439833ms)
✔ published register row cannot omit generated mock version (1.714375ms)
✔ all ten historical compatibility strategies cannot be cleared (0.800709ms)
✔ current disposition cannot drop a historical parent (0.994416ms)
✔ current disposition requires effective checkpoint deadline (0.76175ms)
✔ current disposition cannot claim target RELEASE completion (0.840459ms)
✔ current disposition requires nonempty compatibility strategy (0.761625ms)
✔ current disposition presentation must match structured source (0.756458ms)
✔ current deadline cannot defer DEVELOPMENT provider obligations to integration (0.837083ms)
ℹ tests 43
ℹ suites 0
ℹ pass 43
ℹ fail 0
ℹ cancelled 0
ℹ skipped 0
ℹ todo 0
ℹ duration_ms 141.668667
