
> @sumalpha/quantos@ test:provider-a1 /Users/anray/Documents/project/SumAlpha/QuantOS
> node --test scripts/provider-a1-receipts.test.mjs

✔ valid source and execution-bound dependency chain is READY without release signatures (39.307584ms)
✔ missing required execution (27.568833ms)
✔ failed execution (26.452791ms)
✔ wrong actual command (26.640583ms)
✔ unresolved issue (21.752833ms)
✔ wrong node (21.050792ms)
✔ missing source inventory (26.41275ms)
✔ plan scope changed (21.442333ms)
✔ outside log path (26.137333ms)
✔ wrong log digest (24.08575ms)
✔ missing dependency (25.623ms)
✔ dependency digest substituted (26.242208ms)
✔ tampered manifest bytes are rejected (24.478ms)
✔ changed source content is rejected despite unchanged gate digest (25.745875ms)
✔ dependency must independently be READY (25.56175ms)
✔ arbitrary log cannot masquerade as successful execution (25.631542ms)
✔ input file symlink cannot escape the repository (26.102917ms)
✔ database execution cannot be inferred from a normal local PASS (30.555459ms)
✔ Supabase target receipt verifies each compressed execution log (32.17325ms)
✔ source drift during execution invalidates the original input snapshot (39.69775ms)
✔ requirement drift during execution invalidates the original input snapshot (44.072667ms)
✔ controlled public development profile overrides stale values and preserves server inputs (0.116ms)
✔ private credentials cannot be injected through a public development profile (0.08825ms)
✔ transient Auth 503 can retry only a complete target execution (0.09875ms)
✔ persistent target timeout never becomes PASS and stops at its budget (0.070208ms)
✔ semantic target failures stop without retry or PASS (0.022875ms)
✔ target retry budget cannot be unbounded (0.096ms)
✔ configured target retries require explicit attempt outcomes in the receipt (29.786709ms)
✔ three successful full builds bind output inventories (0.4575ms)
✔ reproducibility rejects only two builds (0.105666ms)
✔ reproducibility rejects missing Python build (0.117834ms)
✔ reproducibility rejects failed command (0.122375ms)
✔ reproducibility rejects different output digest (0.0935ms)
✔ reproducibility rejects substituted inventory (0.077167ms)
✔ reproducibility rejects dirty source (0.055167ms)
✔ reproducibility rejects old source (0.0735ms)
✔ development policy retains explicit build, coverage, volume and target storage obligations (0.289875ms)
✔ static make commands cannot reload .env.local or inherit target database opt-ins (0.071667ms)
✔ volume retry restarts the complete check only on a closed PostgreSQL transport (0.050125ms)
✔ volume correctness and certificate errors cannot be retried into PASS (0.031666ms)
✔ persistent database transport failure stays failed at the retry limit (0.024ms)
✔ separate assessment snapshot preserves historical manifests and binds its own logs (32.098125ms)
✔ third-party Git link binds the actual clean checkout and rejects dirty/advanced source (136.892625ms)
ℹ tests 43
ℹ suites 0
ℹ pass 43
ℹ fail 0
ℹ cancelled 0
ℹ skipped 0
ℹ todo 0
ℹ duration_ms 827.296875
