✔ production rejects InMemoryTerminalBackend (359.869208ms)
✔ production rejects InMemoryStrategyBackend (1.639458ms)
✔ production rejects InMemoryExecutionBackend (1.133042ms)
✔ production rejects InMemoryOpsBackend (0.9175ms)
✔ production rejects TerminalBackend (0.893834ms)
✔ production rejects StrategyBackend (0.823542ms)
✔ production rejects ExecutionBackend (0.742084ms)
✔ production rejects OpsBackend (0.715041ms)
✔ production rejects createTerminalClient (0.816208ms)
✔ production rejects bypass import * as api from '@sumalpha/api-client'; export const value = api; (1.068292ms)
✔ production rejects bypass export * from '@sumalpha/api-client'; (0.587334ms)
✔ production rejects bypass export { InMemoryOpsBackend as Default } from '@sumalpha/api-client'; (0.548333ms)
✔ production rejects bypass export const value = import('@sumalpha/api-client'); (0.62375ms)
✔ production rejects bypass export const value = require('@sumalpha/api-client'); (0.883083ms)
✔ production rejects bypass import { value } from '../../../../crates/bff/src/db'; export {value}; (0.500291ms)
✔ production rejects bypass import { value } from '../tests/fixtures/backend'; export {value}; (0.453708ms)
✔ production rejects bypass export const value = import(globalThis.name); (0.642917ms)
✔ production rejects bypass import { value } from '@sumalpha/api-client/src/terminal'; export {value}; (0.478667ms)
✔ generated named public client imports are allowed (0.499792ms)
✔ explicit test fixture adapters remain allowed (2.188875ms)
✔ production src cannot hide behind a test-like filename (0.532292ms)
✔ shared frontend wrapper cannot re-export a legacy adapter under an alias (1.337416ms)
✔ production rejects direct database or venue module pg (0.4915ms)
✔ production rejects direct database or venue module postgres (0.500584ms)
✔ production rejects direct database or venue module @supabase/supabase-js (0.526791ms)
✔ production rejects direct database or venue module @prisma/client (0.483833ms)
✔ production rejects direct database or venue module ccxt (0.5055ms)
✔ production rejects direct database or venue module @binance/connector (0.473ms)
✔ registered Storybook data fixtures remain allowed (1.335833ms)
✔ runtime TerminalClient cannot instantiate a handwritten backend in production (0.474708ms)
✔ type-only legacy migration annotation does not create a production adapter (0.839542ms)
✔ production boundary cannot be bypassed with js (2.281709ms)
✔ production boundary cannot be bypassed with jsx (1.150209ms)
✔ production boundary cannot be bypassed with mjs (0.568125ms)
✔ production boundary cannot be bypassed with cjs (1.008584ms)
✔ production boundary cannot be disabled with an inline directive (0.976666ms)
✔ production cannot import repository database CLI internals (0.470541ms)
ℹ tests 37
ℹ suites 0
ℹ pass 37
ℹ fail 0
ℹ cancelled 0
ℹ skipped 0
ℹ todo 0
ℹ duration_ms 533.5955
