✔ complete engineering checks retain BLOCKED while scope confirmation is absent (172.68575ms)
✔ strict acceptance rejects pending current user scope (157.405792ms)
✔ G0 rejects missing explicit proto baseline (134.021291ms)
✔ G0 rejects same-head proto baseline (123.44475ms)
✔ G0 rejects fabricated READY (123.745375ms)
✔ G0 rejects historical arbitrary manifest (121.175584ms)
✔ G0 rejects missing actual check (122.530917ms)
✔ G0 rejects duplicate actual check (122.008042ms)
✔ G0 rejects failed check (122.9495ms)
✔ G0 rejects unexecuted check (122.011083ms)
✔ G0 rejects wrong command (121.759833ms)
✔ G0 rejects source inventory drift (135.248875ms)
✔ G0 rejects planned scope delivered claim (126.870375ms)
✔ G0 rejects log tampering (123.850791ms)
✔ G0 rejects arbitrary rehashed prose (128.218125ms)
✔ G0 rejects wrong Web build source (130.009833ms)
✔ G0 rejects missing dependency (135.205334ms)
✔ G0 rejects dependency digest drift (130.005291ms)
✔ G0 rejects unready upstream (130.957875ms)
✔ G0 rejects hidden scope residual (122.142958ms)
✔ pending scope cannot incorporate an approval record (100.757ms)
✔ legacy six-role records cannot grant current confirmation (102.252334ms)
✔ confirmed scope must bind current input digest (99.287166ms)
✔ confirmed scope requires the single user record (99.714917ms)
✔ dependency validation is actually invoked and failures propagate (129.805916ms)
✔ one document-bound current user confirmation replaces all role receipts (102.529584ms)
✔ CI must always validate engineering receipts and G0 negatives (0.089584ms)
✔ G0 rejects normative plan drift during execution before publishing (138.235625ms)
✔ G0 rejects code inventory drift during execution before publishing (125.840375ms)
✔ lifecycle metadata alone does not change normative G0 inputs (121.906375ms)
✔ real BFF baseline CLI matches its required G0 execution marker (84.88475ms)
✔ G0 worktree allows only lifecycle/evidence state "" (0.078791ms)
✔ G0 worktree allows only lifecycle/evidence state " M docs/SumAlpha-QuantOS-Development-Plan.md\n" (0.070542ms)
✔ G0 worktree allows only lifecycle/evidence state "M  docs/SumAlpha-QuantOS-Frontend-Development-Execution-Plan.md\n?? docs/audit/evidence/new/\n" (0.046834ms)
✔ G0 worktree allows only lifecycle/evidence state "?? docs/audit/report.md\n" (0.020083ms)
✔ G0 worktree rejects uncommitted functional input " M scripts/g0-development.mjs\n" (0.083791ms)
✔ G0 worktree rejects uncommitted functional input "M  apps/terminal/src/auth/flow.ts\n" (0.049875ms)
✔ G0 worktree rejects uncommitted functional input "?? bff/new.yaml\n" (0.031166ms)
✔ G0 worktree rejects uncommitted functional input "R  docs/audit/a.md -> scripts/backdoor.mjs\n" (0.02675ms)
✔ user-confirmed scope includes the normative G0 plan and excludes lifecycle metadata (113.39725ms)
✔ confirmation-only finalization refuses an absent user reply and cannot bless changed engineering inputs (141.832708ms)
✔ document-bound user reply finalizes the unchanged engineering checks without fabricating new execution (137.753458ms)
✔ one current user confirmation validates all documented review dimensions (1.640792ms)
✔ user confirmation rejects assistant self-approval (0.560125ms)
✔ user confirmation rejects unconfirmed draft (0.155542ms)
✔ user confirmation rejects workflow instruction alone (0.504708ms)
✔ user confirmation rejects missing user message (0.1445ms)
✔ user confirmation rejects missing identity (0.106375ms)
✔ user confirmation rejects old historical confirmation (0.106209ms)
✔ user confirmation rejects future confirmation (0.0975ms)
✔ user confirmation rejects wrong node (0.322625ms)
✔ user confirmation rejects wrong stage (0.200875ms)
✔ user confirmation rejects wrong input digest (0.153958ms)
✔ user confirmation rejects wrong draft path (0.103792ms)
✔ user confirmation rejects parent traversal (0.095791ms)
✔ user confirmation rejects wrong document hash (0.104459ms)
✔ changed original user record is rejected even with unchanged scope (0.096459ms)
✔ rehashing a draft cannot authorize a different scope (0.16225ms)
✔ draft must retain every review dimension even with updated document hash (0.126709ms)
ℹ tests 59
ℹ suites 0
ℹ pass 59
ℹ fail 0
ℹ cancelled 0
ℹ skipped 0
ℹ todo 0
ℹ duration_ms 4162.168416
