✔ current PRE-01 artifacts satisfy the executable contract (5.075583ms)
✔ missing a page state fails closed (1.724291ms)
✔ invalid story priority fails closed (0.51ms)
✔ missing traceability row fails closed (1.330417ms)
✔ published operation cannot regress to planned fails closed (1.708167ms)
✔ unknown role fails closed (0.482208ms)
✔ unknown route fails closed (0.494416ms)
✔ duplicate story fails closed (0.581917ms)
✔ missing flow stories fails closed (0.58125ms)
✔ missing flow scenarios fails closed (1.186584ms)
✔ unsafe proposal criterion fails closed (1.169875ms)
✔ unknown trace task fails closed (1.338334ms)
✔ unauthorized admin grant fails closed (0.975625ms)
✔ missing permission route fails closed (0.695833ms)
✔ phase-one P16 fails closed (0.084ms)
✔ missing contract owner fails closed (1.1375ms)
✔ empty flow role fails closed (0.588875ms)
✔ empty flow route fails closed (0.604292ms)
✔ state label mismatch fails closed (0.857541ms)
✔ desktop-only story fails closed (0.45875ms)
✔ persistent offline cache fails closed (0.93275ms)
✔ admin domain permission fails closed (0.740833ms)
✔ missing page story fails closed (0.482875ms)
✔ cross-page route fails closed (0.502542ms)
✔ current G0 governance preserves history without granting current acceptance (1.524459ms)
✔ past-due G0 item cannot silently remain OPEN (0.700875ms)
✔ fabricated G0 acceptance fails against current checkpoint (0.639709ms)
✔ missing G0 leftover owner fails (0.652583ms)
✔ P05 cannot bind metadata download to an untraced audit export operation (1.944542ms)
✔ P21 cannot drop alert ownership from both ledger and trace while retaining the subscription (2.198916ms)
✔ unknown unlabelled operation in API register is rejected (1.716958ms)
✔ P05 quality alerts require C16 ownership on the consumer page (1.593708ms)
✔ API register rejects current version 1.4.0 (1.515125ms)
✔ API register rejects current version 99.99.0 (1.53075ms)
✔ published register row cannot omit API version (1.661875ms)
✔ published register row cannot omit generated mock version (1.652083ms)
✔ all ten historical compatibility strategies cannot be cleared (0.810292ms)
✔ current disposition cannot drop a historical parent (1.028292ms)
✔ current disposition requires effective checkpoint deadline (0.853459ms)
✔ current disposition cannot claim target RELEASE completion (0.898625ms)
✔ current disposition requires nonempty compatibility strategy (0.984125ms)
✔ current disposition presentation must match structured source (0.824417ms)
✔ current deadline cannot defer DEVELOPMENT provider obligations to integration (0.898542ms)
ℹ tests 43
ℹ suites 0
ℹ pass 43
ℹ fail 0
ℹ cancelled 0
ℹ skipped 0
ℹ todo 0
ℹ duration_ms 139.548458
