Validated 6 pinned Buf plugins and locked generation workflow.
✔ proto generation configuration is pinned and lock-preserving (39.814583ms)
✔ proto generation configuration rejects an unpinned remote plugin (39.320125ms)
✔ proto generation configuration rejects implicit dependency updates (37.696625ms)
ℹ tests 3
ℹ suites 0
ℹ pass 3
ℹ fail 0
ℹ cancelled 0
ℹ skipped 0
ℹ todo 0
ℹ duration_ms 150.169542
Extracted 50 JSON schema documents.
Validated 50 standalone JSON schemas and 11 planned domain schemas.
✔ standalone JSON schema gate passes the complete generated catalog (146.34425ms)
✔ standalone JSON schema gate rejects a missing planned domain schema (46.885417ms)
✔ standalone JSON schema gate rejects an unresolved reference (133.120959ms)
ℹ tests 3
ℹ suites 0
ℹ pass 3
ℹ fail 0
ℹ cancelled 0
ℹ skipped 0
ℹ todo 0
ℹ duration_ms 360.067833
Proto compatibility checked against 47cb743c4587f2eb866f39c594a472a86d262dfc
Proto checks passed.
