✔ current BFF-FE-000 repository Gate passes (5.231792ms)
✔ missing phase-one page mapping is rejected (1.975291ms)
✔ published operation drift is rejected (1.742084ms)
✔ planned operation traceability deletion is rejected (1.482458ms)
✔ shared idempotency baseline deletion is rejected (3.016208ms)
✔ dependency regression is rejected (1.57ms)
✔ error correlation header deletion is rejected (2.582584ms)
✔ generated Zod export deletion is rejected (1.277542ms)
✔ missing staging permits development readiness and never claims formal acceptance (0.5585ms)
✔ stage deferral cannot bypass engineering failures, final receipt requirements or unknown stages (0.0755ms)
✔ final review command cannot be rewired to the development stage (6.738792ms)
✔ current semantic A1 gate passes (3.354208ms)
✔ rejects cookie semantic regression (2.824875ms)
✔ rejects idempotency semantic regression (2.632709ms)
✔ rejects sort semantic regression (3.33675ms)
✔ rejects page semantic regression (2.600625ms)
✔ rejects ci semantic regression (2.588459ms)
✔ rejects decimal semantic regression (2.645708ms)
✔ rejects version semantic regression (2.59575ms)
✔ rejects csrf semantic regression (2.2755ms)
✔ exact registered security correction is accepted only within its window (11.863709ms)
✔ unregistered breaking type, enum or missing baseline fails closed (23.2655ms)
✔ new required parameters and constraints cannot silently bypass compatibility (0.940459ms)
✔ absent, invented and reference-only staging receipts never close A1 (0.158958ms)
✔ receipt checker binds actual evidence bytes and each role to source and contract inputs (0.326792ms)
✔ optional property within an existing allOf is additive, required changes are rejected (0.117375ms)
ℹ tests 26
ℹ suites 0
ℹ pass 26
ℹ fail 0
ℹ cancelled 0
ℹ skipped 0
ℹ todo 0
ℹ duration_ms 168.071375
