✔ formal gate rejects zero, one, two and noninteger runs (0.395208ms)
✔ all binaries participate in digest and omitted binary fails (3.239125ms)
✔ extra binary, missing wheel and stale/empty Web cannot pass output inventory (2.508958ms)
✔ manifest inventory cannot omit or add members (0.069708ms)
✔ dirty and untracked source rejected (61.96975ms)
✔ deleted module README is rejected (2.547ms)
✔ wrong uv version fails toolchain preflight (18.058583ms)
✔ invalid locks fail real lock entrypoint (53.228208ms)
✔ Terminal default lint rejects a page TSX violation (625.51475ms)
✔ invalid run revokes old successful receipt (24.620125ms)
✔ Cargo manifest drift is rejected by actual lock gate (594.998958ms)
✔ uv manifest drift is rejected by actual lock gate (654.404333ms)
✔ pnpm manifest drift is rejected by actual lock gate (860.953084ms)
✔ malformed Buf lock is rejected by actual lock gate (648.82225ms)
✔ broken Desktop is outside phase-one pnpm frozen check (300.525334ms)
✔ uv output marker is metadata, other unexpected files still fail (2.084375ms)
✔ build-only tool is required in output inventory without becoming a runtime binary (1.994042ms)
ℹ tests 17
ℹ suites 0
ℹ pass 17
ℹ fail 0
ℹ cancelled 0
ℹ skipped 0
ℹ todo 0
ℹ duration_ms 3890.3895
