
> @sumalpha/quantos@ test:development-plans /Users/anray/Documents/project/SumAlpha/QuantOS
> node --test scripts/development-plan-order-negative.mjs

✔ joint schedule is acyclic and preserves task/status boundaries (10.350334ms)
✔ restoring a complete R1 prerequisite for S2 services creates a rejected cycle (5.034917ms)
✔ research service waiting on its consumer page is rejected (4.444708ms)
✔ historical CORE:R04 to CORE:L04 probe now fails closed (4.330584ms)
✔ an early identity API cannot silently depend on later research services (5.421209ms)
✔ a provider cannot wait for the consumer frontend Gate (4.186125ms)
✔ removing S2 service admission from a core execution task is rejected (4.413042ms)
✔ S2 service Gate cannot omit TP12 advance evaluation (4.761208ms)
✔ I10 cannot drop testnet service admission even if metadata is edited with it (5.142709ms)
✔ a new or existing frontend cannot skip the full provider Gate (5.315916ms)
✔ G5 cannot be marked as closing in I4 before reconciliation (5.088709ms)
✔ moving the G1 block above I1 tasks is rejected (4.683125ms)
✔ milestone cannot omit its last child while retaining a Gate summary (5.126542ms)
✔ prose-only backend dependencies cannot drift from structured prerequisites (5.155542ms)
✔ core closure mapping cannot become an implicit service alias (4.8675ms)
✔ ACCEPTED checkpoint needs SHA and evidence, not only a green word (5.203834ms)
✔ accepted checkpoint evidence must resolve (2.492667ms)
✔ missing checkpoint and unknown dependency fail closed (6.359125ms)
✔ API windows cannot skip their preceding provider checkpoint (4.481ms)
✔ UI windows cannot skip the preceding reconciliation window (4.73225ms)
✔ Web intake preserves the explicit no-model-review schema (1.318167ms)
✔ missing Web task fields still fail closed (1.318375ms)
✔ both plans must publish exactly the same stage contract (5.187584ms)
✔ changing both plans cannot defer correctness or functional deadlines to release (11.991791ms)
✔ both plans must retain every deferred release obligation (12.547875ms)
✔ tasks and checkpoints cannot omit, invent, or misclassify their stage gate (19.286542ms)
✔ release prerequisites cannot block either development or integration (11.484292ms)
✔ release gates cannot skip business closure or inherit the wrong stage (13.170667ms)
✔ historical ACCEPTED and completed tasks do not automatically become READY (5.369292ms)
✔ READY needs its own input digest and resolvable evidence (29.038792ms)
✔ unassessed stage gates cannot carry an apparent ready receipt (6.764417ms)
✔ BLOCKED retains failure evidence and digest without being counted as READY (8.722708ms)
✔ a READY chain needs READY prerequisites and its own evidence at every node (13.3295ms)
✔ stage readiness never substitutes for formal acceptance evidence (2.647833ms)
✔ release READY requires formal acceptance and all functional prerequisites (8.445666ms)
ℹ tests 35
ℹ suites 0
ℹ pass 35
ℹ fail 0
ℹ cancelled 0
ℹ skipped 0
ℹ todo 0
ℹ duration_ms 289.995333
