
> @sumalpha/quantos@ test:pre05 /Users/anray/Documents/project/SumAlpha/QuantOS
> pnpm --filter @sumalpha/config test && node --test scripts/pre05-gate-negative.mjs


> @sumalpha/config@0.1.0 test /Users/anray/Documents/project/SumAlpha/QuantOS/packages/config
> vitest run


 RUN  v4.1.11 /Users/anray/Documents/project/SumAlpha/QuantOS/packages/config


 Test Files  1 passed (1)
      Tests  26 passed (26)
   Start at  01:05:52
   Duration  352ms (transform 29ms, setup 0ms, import 37ms, tests 259ms, environment 0ms)

✔ public client ID and public Sentry DSN pass client scan (1.48875ms)
✔ known secret shapes are rejected in every supported client artifact type (8.446917ms)
✔ arbitrary injected server credentials and encoded forms are rejected (0.631292ms)
✔ scanner rejects missing, empty and file roots (0.794958ms)
✔ scanner does not follow symlink artifacts (0.509042ms)
✔ artifact CLI fails closed and never echoes the synthetic secret (75.57525ms)
✔ relative and absolute env-file paths both work, missing paths fail (198.857917ms)
✔ both actual application build commands enforce the client artifact gate (0.221667ms)
✔ short server credentials are scanned; empty unset credentials do not match everything (1.45175ms)
✔ production CLI loads app dotenv precedence and expansion, isolated per app (1255.801584ms)
ℹ tests 10
ℹ suites 0
ℹ pass 10
ℹ fail 0
ℹ cancelled 0
ℹ skipped 0
ℹ todo 0
ℹ duration_ms 1604.492
