
> @sumalpha/quantos@ test:pre01 /Users/anray/Documents/project/SumAlpha/QuantOS
> node --test ./scripts/tests/check-pre01.test.mjs

✔ current PRE-01 artifacts satisfy the executable contract (4.621459ms)
✔ missing a page state fails closed (1.780666ms)
✔ invalid story priority fails closed (0.517625ms)
✔ missing traceability row fails closed (1.559667ms)
✔ published operation cannot regress to planned fails closed (1.79825ms)
✔ unknown role fails closed (0.586209ms)
✔ unknown route fails closed (0.623291ms)
✔ duplicate story fails closed (0.63825ms)
✔ missing flow stories fails closed (0.59475ms)
✔ missing flow scenarios fails closed (1.066875ms)
✔ unsafe proposal criterion fails closed (1.165084ms)
✔ unknown trace task fails closed (1.174792ms)
✔ unauthorized admin grant fails closed (0.9455ms)
✔ missing permission route fails closed (0.722125ms)
✔ phase-one P16 fails closed (0.081541ms)
✔ missing contract owner fails closed (1.198ms)
✔ empty flow role fails closed (0.709ms)
✔ empty flow route fails closed (0.593458ms)
✔ state label mismatch fails closed (0.83575ms)
✔ desktop-only story fails closed (0.415667ms)
✔ persistent offline cache fails closed (0.957709ms)
✔ admin domain permission fails closed (0.688667ms)
✔ missing page story fails closed (0.461792ms)
✔ cross-page route fails closed (0.453541ms)
✔ current G0 governance preserves history without granting current acceptance (2.19ms)
✔ past-due G0 item cannot silently remain OPEN (0.602125ms)
✔ fabricated G0 acceptance fails against current checkpoint (0.4715ms)
✔ missing G0 leftover owner fails (0.567166ms)
✔ P05 cannot bind metadata download to an untraced audit export operation (1.674584ms)
✔ P21 cannot drop alert ownership from both ledger and trace while retaining the subscription (1.85175ms)
✔ unknown unlabelled operation in API register is rejected (1.688958ms)
✔ P05 quality alerts require C16 ownership on the consumer page (1.846584ms)
ℹ tests 32
ℹ suites 0
ℹ pass 32
ℹ fail 0
ℹ cancelled 0
ℹ skipped 0
ℹ todo 0
ℹ duration_ms 86.361292
