
> @sumalpha/quantos@ test:pre04 /Users/anray/Documents/project/SumAlpha/QuantOS
> node --test scripts/pre04-gate-negative.mjs

✔ current full phase-one inventory passes (10.593709ms)
✔ missing Gap is rejected (4.814083ms)
✔ undecided realtime dependency is rejected (4.802584ms)
✔ deleted required actorId field is rejected (4.013208ms)
✔ nonexistent field source is rejected (3.872666ms)
✔ wrong field type and optionality are rejected (4.420292ms)
✔ generated operation deletion is rejected (3.720625ms)
✔ generated method and path drift are rejected (7.573916ms)
✔ same-count schema rename is rejected (3.143958ms)
✔ schema required and enum drift are rejected (7.809458ms)
✔ same-count Proto message rename is rejected (3.907084ms)
✔ removed Proto declaration is rejected (3.692583ms)
✔ same-count JSON Schema replacement is rejected (3.930125ms)
✔ duplicate contract row is rejected before Map collapse (3.482292ms)
✔ duplicate Gap row is rejected before Map collapse (3.408125ms)
✔ nonexistent role owner is rejected (3.670167ms)
✔ nonexistent backend task is rejected (3.470625ms)
✔ nonexistent BFF task is rejected (3.503625ms)
✔ unknown Gap page is rejected (3.595042ms)
✔ each missing website P0 page is rejected (17.218ms)
✔ missing auxiliary risk/audit/order contract is rejected (10.362291ms)
✔ closing partly published Gap is rejected (3.600042ms)
✔ omitting planned operation is rejected (3.4375ms)
✔ unpublished Inventory Fixture cannot claim Implemented (3.455083ms)
✔ generated-only contract cannot claim Integrated (3.69775ms)
✔ missing provider evidence is rejected (3.41975ms)
✔ changed provider receipt is rejected (3.463667ms)
✔ missing Inventory Fixture is rejected (4.1215ms)
✔ Desktop contamination is rejected by Web inventory (4.049667ms)
✔ nonexistent domain field mappings including the former engine-version anchor are rejected (7.524ms)
✔ removed referenced core task is rejected (3.622583ms)
✔ catalog source drift is rejected (3.742375ms)
✔ empty implementation artifact lists are rejected for every implemented contract (10.219791ms)
✔ each missing implementation evidence category is rejected (31.478792ms)
✔ duplicate artifacts cannot substitute for test or receipt evidence (3.520875ms)
✔ another contract receipt cannot substitute for required evidence (3.590042ms)
✔ unknown task suffixes are rejected in both backend task columns (21.318083ms)
✔ ambiguous cross-prefix ranges cannot impersonate reviewed backend tasks (7.047333ms)
ℹ tests 38
ℹ suites 0
ℹ pass 38
ℹ fail 0
ℹ cancelled 0
ℹ skipped 0
ℹ todo 0
ℹ duration_ms 335.744125
