
> @sumalpha/quantos@ test:pre03 /Users/anray/Documents/project/SumAlpha/QuantOS
> node --test scripts/pre03-gate-negative.mjs

✔ current Web contract passes and never loads Desktop inputs (8.392042ms)
✔ apps/terminal rejects Next 15.5.23 (5.261792ms)
✔ apps/terminal rejects Next 16.0.0 (1.854209ms)
✔ apps/website rejects Next 15.5.23 (1.648666ms)
✔ apps/website rejects Next 16.0.0 (1.676792ms)
✔ missing package resolutions (1.854542ms)
✔ missing snapshots (1.167291ms)
✔ specifier drift (1.721625ms)
✔ dependency removed (1.816958ms)
✔ dependency inserted (1.844083ms)
✔ manifest drift fails without changing lock (0.8465ms)
✔ ADR drift fails (0.726959ms)
✔ duplicate ADR version row fails (0.692375ms)
✔ missing transitive snapshot fails (1.59725ms)
✔ Node pin drift fails (0.727458ms)
✔ effective Next configuration: valid export (214.5825ms)
✔ effective Next configuration: comment marker (223.127458ms)
✔ effective Next configuration: dead branch (214.621459ms)
✔ effective Next configuration: subsequent override (215.323125ms)
✔ effective Next configuration: function config (214.354083ms)
✔ bad route resources, fake HTML and script failures fail closed (11798.324458ms)
✔ Next-specific async client violation is an ESLint error (234.283709ms)
✔ build receipts reject stale source, config, identity and missing receipts (1.9585ms)
✔ source binding ignores caches but detects actual source changes (3.667334ms)
✔ all workspace importers and exact link targets are required (11.382125ms)
✔ runtime loader discovers omitted manifests independently of lockfile (511.212667ms)
✔ per-app env files are isolated and reloaded without polluting caller (665.585167ms)
ℹ tests 27
ℹ suites 0
ℹ pass 27
ℹ fail 0
ℹ cancelled 0
ℹ skipped 0
ℹ todo 0
ℹ duration_ms 15047.476792
