
> @sumalpha/quantos@ test:pre06 /Users/anray/Documents/project/SumAlpha/QuantOS
> node --test scripts/pre06-gate-negative.mjs scripts/pre06-runtime-negative.mjs

✔ current PRE-06 Web baseline passes (25.010916ms)
✔ website browser Gate deletion is rejected (9.423458ms)
✔ Desktop coupling in phase-one compatibility is rejected (7.639708ms)
✔ Desktop deep-link inclusion in phase-one Terminal is rejected (7.0575ms)
✔ generated operation coverage drift is rejected (6.417708ms)
✔ visual baseline integrity failure is rejected (5.729709ms)
✔ performance budget weakening is rejected (5.431375ms)
✔ disabled CI steps and comment-only commands are rejected (15.921875ms)
✔ contract assertion deletion and visual comparison deletion fail closed (10.613167ms)
✔ website performance and critical coverage gates cannot be removed (10.530708ms)
✔ CI retry policy must reject flaky outcomes and archive failure evidence (10.0465ms)
✔ comments cannot restore weakened budget or critical coverage policy (13.500791ms)
✔ skipped suites and inactive screenshot assertions cannot satisfy the baseline (35.425875ms)
✔ critical contract callbacks cannot return early, hide assertions, or remove runtime counting (21.753541ms)
✔ unknown and corrupted fixtures are rejected, explicit sabotage fixtures remain expected failures (29.986542ms)
✔ empty assets and empty route manifest are never a zero-sized performance PASS (27.894666ms)
✔ actual CI configs return nonzero for first-fail-then-pass policy probe (1249.384458ms)
ℹ tests 17
ℹ suites 0
ℹ pass 17
ℹ fail 0
ℹ cancelled 0
ℹ skipped 0
ℹ todo 0
ℹ duration_ms 1355.964416
