
> @sumalpha/quantos@ test:pre02 /Users/anray/Documents/project/SumAlpha/QuantOS
> pnpm --filter @sumalpha/ui test:pre02


> @sumalpha/ui@0.1.0 test:pre02 /Users/anray/Documents/project/SumAlpha/QuantOS/packages/ui
> node --test scripts/pre02-gate-negative.mjs

✔ current PRE-02 design-system contract passes (7.67025ms)
✔ renaming a required safety key fails even when the count stays at 18 (1.559417ms)
✔ missing state color mapping fails closed (1.261625ms)
✔ insufficient focus contrast is rejected (1.095459ms)
✔ missing readonly viewport is rejected (1.070375ms)
✔ deny cannot become success (1.31ms)
✔ mapped token paths must exist (0.937084ms)
✔ English safety semantics cannot be inverted (0.795583ms)
✔ all compact density values remain frozen (0.877208ms)
✔ focus width and path remain frozen (0.866875ms)
✔ breakpoint intervals cannot develop gaps (0.677333ms)
✔ typography and spacing must match the reviewed contract (0.815916ms)
✔ required component identity cannot be replaced (0.602916ms)
✔ comments do not supply executable Storybook configuration (0.712666ms)
✔ surface.2 contrast cannot be removed from the contract (0.621417ms)
✔ native reference viewport is not a prerequisite of the Web Gate (0.593875ms)
✔ disabled contrast rule cannot hide behind a matching comment (0.585875ms)
✔ readonly viewport dimensions cannot hide behind its identifier (0.767792ms)
✔ phase-two page cannot enter the Web component acceptance rows (1.033833ms)
✔ provider JSX outside the decorator cannot authorize empty decorators (0.691625ms)
✔ unexported configuration does not authorize a Storybook entry (0.596875ms)
✔ initial theme cannot contradict the dark default contract (0.565417ms)
✔ object spread cannot silently override required addons (0.646291ms)
✔ duplicate decorators cannot replace the validated provider tree (0.61125ms)
✔ dead JSX branches are not executed provider decorators (1.154416ms)
✔ provider attributes cannot be overwritten through JSX spreads (0.837917ms)
✔ provider-only JSX without the Story consumer is rejected (0.677ms)
ℹ tests 27
ℹ suites 0
ℹ pass 27
ℹ fail 0
ℹ cancelled 0
ℹ skipped 0
ℹ todo 0
ℹ duration_ms 195.325292
