Validated 6 pinned Buf plugins and locked generation workflow.
✔ proto generation configuration is pinned and lock-preserving (37.069209ms)
✔ proto generation configuration rejects an unpinned remote plugin (36.748166ms)
✔ proto generation configuration rejects implicit dependency updates (36.630792ms)
ℹ tests 3
ℹ suites 0
ℹ pass 3
ℹ fail 0
ℹ cancelled 0
ℹ skipped 0
ℹ todo 0
ℹ duration_ms 142.374375
Extracted 50 JSON schema documents.
Validated 50 standalone JSON schemas and 11 planned domain schemas.
✔ standalone JSON schema gate passes the complete generated catalog (141.928333ms)
✔ standalone JSON schema gate rejects a missing planned domain schema (48.600333ms)
✔ standalone JSON schema gate rejects an unresolved reference (132.565292ms)
ℹ tests 3
ℹ suites 0
ℹ pass 3
ℹ fail 0
ℹ cancelled 0
ℹ skipped 0
ℹ todo 0
ℹ duration_ms 357.595375
Proto compatibility checked against 520d1d486e729c8a00658499413f72d76ef6a2f6
Proto checks passed.
