
> @sumalpha/quantos@ test:provider-a1 /Users/anray/Documents/project/SumAlpha/QuantOS
> node --test scripts/provider-a1-receipts.test.mjs

✔ valid source and execution-bound dependency chain is READY without release signatures (35.958542ms)
✔ missing required execution (26.862208ms)
✔ failed execution (25.365667ms)
✔ wrong actual command (25.810917ms)
✔ unresolved issue (20.519541ms)
✔ wrong node (19.850041ms)
✔ missing source inventory (24.525167ms)
✔ plan scope changed (19.873875ms)
✔ outside log path (24.122791ms)
✔ wrong log digest (24.417833ms)
✔ missing dependency (24.922584ms)
✔ dependency digest substituted (24.4305ms)
✔ tampered manifest bytes are rejected (20.359958ms)
✔ changed source content is rejected despite unchanged gate digest (24.562541ms)
✔ dependency must independently be READY (24.686041ms)
✔ arbitrary log cannot masquerade as successful execution (24.432875ms)
✔ input file symlink cannot escape the repository (24.976792ms)
✔ database execution cannot be inferred from a normal local PASS (28.965375ms)
✔ Supabase target receipt verifies each compressed execution log (29.384958ms)
✔ source drift during execution invalidates the original input snapshot (39.747542ms)
✔ requirement drift during execution invalidates the original input snapshot (42.715875ms)
✔ controlled public development profile overrides stale values and preserves server inputs (0.113375ms)
✔ private credentials cannot be injected through a public development profile (0.095417ms)
ℹ tests 23
ℹ suites 0
ℹ pass 23
ℹ fail 0
ℹ cancelled 0
ℹ skipped 0
ℹ todo 0
ℹ duration_ms 593.709
