✔ valid source and execution-bound dependency chain is READY without release signatures (43.586ms)
✔ missing required execution (33.832958ms)
✔ failed execution (35.015875ms)
✔ wrong actual command (32.446ms)
✔ unresolved issue (26.3755ms)
✔ wrong node (25.111833ms)
✔ missing source inventory (28.546625ms)
✔ plan scope changed (23.18525ms)
✔ outside log path (26.014833ms)
✔ wrong log digest (27.838625ms)
✔ missing dependency (27.433708ms)
✔ dependency digest substituted (26.21775ms)
✔ tampered manifest bytes are rejected (25.601166ms)
✔ changed source content is rejected despite unchanged gate digest (30.213834ms)
✔ dependency must independently be READY (30.801584ms)
✔ arbitrary log cannot masquerade as successful execution (28.887416ms)
✔ input file symlink cannot escape the repository (29.115667ms)
✔ database execution cannot be inferred from a normal local PASS (33.253625ms)
✔ Supabase target receipt verifies each compressed execution log (37.892916ms)
✔ source drift during execution invalidates the original input snapshot (47.172709ms)
✔ requirement drift during execution invalidates the original input snapshot (48.872125ms)
✔ controlled public development profile overrides stale values and preserves server inputs (0.171875ms)
✔ private credentials cannot be injected through a public development profile (0.101416ms)
✔ transient Auth 503 can retry only a complete target execution (0.117208ms)
✔ persistent target timeout never becomes PASS and stops at its budget (0.092917ms)
✔ semantic target failures stop without retry or PASS (0.025791ms)
✔ target retry budget cannot be unbounded (0.098667ms)
✔ configured target retries require explicit attempt outcomes in the receipt (37.388708ms)
✔ three successful full builds bind output inventories (0.404167ms)
✔ reproducibility rejects only two builds (0.123167ms)
✔ reproducibility rejects missing Python build (0.130084ms)
✔ reproducibility rejects failed command (0.127ms)
✔ reproducibility rejects different output digest (0.086833ms)
✔ reproducibility rejects substituted inventory (0.068459ms)
✔ reproducibility rejects dirty source (0.061958ms)
✔ reproducibility rejects old source (0.056459ms)
✔ development policy retains explicit build, coverage, volume and target storage obligations (0.30275ms)
✔ static make commands cannot reload .env.local or inherit target database opt-ins (0.087625ms)
✔ volume retry restarts the complete check only on a closed PostgreSQL transport (0.062167ms)
✔ volume correctness and certificate errors cannot be retried into PASS (0.032167ms)
✔ persistent database transport failure stays failed at the retry limit (0.027458ms)
✔ separate assessment snapshot preserves historical manifests and binds its own logs (35.579542ms)
✔ third-party Git link binds the actual clean checkout and rejects dirty/advanced source (161.473042ms)
✔ transient read-only preflight connection closure retries the complete target (0.117209ms)
✔ preflight permission and role failures are not transport retries (0.070042ms)
✔ persistent preflight closure exhausts three attempts without PASS (0.0675ms)
✔ component passes while missing dependency/whole release admission rejects (53.598ms)
✔ static COMPLETED is never dependency admission (15.68125ms)
✔ READY declarations still execute strict receipt validation (16.379708ms)
✔ release handoff and dependency changes fail closed n=>n.get('RELEASE-GATE:BETA').required_scope=n.get('RELEASE-GATE:BETA').required_scope.replace(handoff,'') (14.620875ms)
✔ release handoff and dependency changes fail closed n=>n.get('RELEASE-GATE:BETA').stage_gate.stage='DEVELOPMENT' (15.702625ms)
✔ release handoff and dependency changes fail closed n=>n.get('CORE:R02').dependencies.pop() (14.863917ms)
✔ full target outcomes, cleanup and coverage bind development scope (28.655208ms)
✔ reject failed combined execution (15.418084ms)
✔ reject failed actor cleanup (12.476458ms)
✔ reject no boundary actors (14.001584ms)
✔ reject new provider run (13.812708ms)
✔ reject fresh quality claim (15.974375ms)
✔ reject engine left running (15.5205ms)
✔ reject wrong target (13.225792ms)
✔ reject release claimed (9.674417ms)
✔ reject wrong execution SHA (11.867375ms)
✔ reject missing approval (14.377959ms)
✔ reject changed source (11.722792ms)
✔ reject skipped target test (13.508208ms)
✔ reject under threshold coverage (31.038708ms)
✔ tampered nested log rejected without changing outcome labels (10.945583ms)
✔ nested path escape rejected (8.739ms)
✔ R1 controlled policies cover the complete dependency closure (932.274875ms)
✔ R01 target and production coverage independently validate (28.667458ms)
✔ R01 reject vacuous actor cleanup (18.453666ms)
✔ R01 reject uncommitted outbox (19.571166ms)
✔ R01 reject fixture claimed as real provider (18.602375ms)
✔ R01 reject RLS failed (20.739833ms)
✔ R01 reject migration mismatched (18.763791ms)
✔ real process inventory outcome is separately required by R02 (1.022334ms)
✔ process cleanup reject leak cleaned after discovery (0.4315ms)
✔ process cleanup reject process inspection skipped (0.350584ms)
✔ process cleanup reject residual child left alive (0.339125ms)
✔ process cleanup reject failed cleanup relabeled (0.375792ms)
✔ process cleanup reject unbounded ownership scope (0.974375ms)
✔ process cleanup reject wrong source (0.324625ms)
✔ process cleanup reject missing baseline capture (0.516333ms)
✔ only repository Python with a known module and test socket is inventoried (1.060292ms)
✔ all fixture socket families including private f08 directories are recognized (0.079541ms)
✔ pre-existing processes and other assessment scopes are never owned (0.100583ms)
✔ PID reuse cannot impersonate an existing process identity (0.066625ms)
✔ real direct Python fixture is observed and terminated without a launcher orphan (1046.84475ms)
ℹ tests 88
ℹ suites 0
ℹ pass 88
ℹ fail 0
ℹ cancelled 0
ℹ skipped 0
ℹ todo 0
ℹ duration_ms 1349.582291
