✔ fully bound executed evidence is admitted (1.640459ms)
✔ Node spec reporter with successful executed assertions is admitted (0.326209ms)
✔ Node non-execution or failure summary is rejected: "# pass 0\n# fail 0\n" (0.481333ms)
✔ Node non-execution or failure summary is rejected: "# pass 21\n# fail 1\n" (0.207042ms)
✔ Node non-execution or failure summary is rejected: "business assertions passed\n" (0.160375ms)
✔ Node non-execution or failure summary is rejected: "// # pass 21\n// # fail 0\n" (0.35725ms)
✔ comments-only replacement changes functional inputs is rejected (0.561208ms)
✔ unready dependency is rejected (0.180875ms)
✔ missing live execution is rejected (0.157458ms)
✔ evidence bytes changed is rejected (0.239875ms)
✔ compilation-only mutant rejection is rejected (0.188334ms)
✔ missing current export roots is rejected (0.186625ms)
✔ missing authentication matrix is rejected (0.234625ms)
✔ unexecuted target assertion is rejected (0.166125ms)
✔ dependency validator failed is rejected (0.070833ms)
✔ missing target sourceCommit is rejected (0.189458ms)
✔ malformed target commit is rejected (0.511167ms)
✔ unknown target commit is rejected (0.150292ms)
✔ target source differs from original commit is rejected (0.185542ms)
✔ current BFF-FE-007 repository Gate passes (0.781667ms)
✔ redaction attestation deletion is rejected (1.501875ms)
✔ evidence cursor deletion is rejected (0.979542ms)
✔ export capability regression is rejected (1.228667ms)
✔ CSRF deletion is rejected (1.435666ms)
✔ recent-auth deletion is rejected (1.358917ms)
✔ idempotency deletion is rejected (1.221875ms)
✔ expired download response deletion is rejected (1.138375ms)
✔ download URL leakage through status is rejected (1.21875ms)
✔ watermark deletion is rejected (1.571333ms)
✔ dependency regression is rejected (0.289792ms)
ℹ tests 30
ℹ suites 0
ℹ pass 30
ℹ fail 0
ℹ cancelled 0
ℹ skipped 0
ℹ todo 0
ℹ duration_ms 116.741209
