✔ current BFF-FE-000 repository Gate passes (4.29875ms)
✔ missing phase-one page mapping is rejected (2.066583ms)
✔ published operation drift is rejected (3.273875ms)
✔ planned operation traceability deletion is rejected (2.435875ms)
✔ shared idempotency baseline deletion is rejected (2.499583ms)
✔ dependency regression is rejected (1.400875ms)
✔ error correlation header deletion is rejected (2.185166ms)
✔ generated Zod export deletion is rejected (1.387792ms)
✔ missing staging permits development readiness and never claims formal acceptance (1.391084ms)
✔ stage deferral cannot bypass engineering failures, final receipt requirements or unknown stages (0.067ms)
✔ final review command cannot be rewired to the development stage (6.692625ms)
✔ current semantic A1 gate passes (3.437041ms)
✔ rejects cookie semantic regression (2.661125ms)
✔ rejects idempotency semantic regression (2.68625ms)
✔ rejects sort semantic regression (3.230125ms)
✔ rejects page semantic regression (2.417375ms)
✔ rejects ci semantic regression (2.575458ms)
✔ rejects decimal semantic regression (2.714834ms)
✔ rejects version semantic regression (2.572584ms)
✔ rejects csrf semantic regression (2.41525ms)
✔ exact registered security correction is accepted only within its window (12.123292ms)
✔ unregistered breaking type, enum or missing baseline fails closed (23.85875ms)
✔ new required parameters and constraints cannot silently bypass compatibility (0.949666ms)
✔ absent, invented and reference-only staging receipts never close A1 (0.477792ms)
✔ final receipt requires technical evidence plus one input-bound user confirmation (1.058209ms)
✔ optional property within an existing allOf is additive, required changes are rejected (0.116459ms)
ℹ tests 26
ℹ suites 0
ℹ pass 26
ℹ fail 0
ℹ cancelled 0
ℹ skipped 0
ℹ todo 0
ℹ duration_ms 172.246041
