✔ formal gate rejects zero, one, two and noninteger runs (0.373917ms)
✔ all binaries participate in digest and omitted binary fails (2.843125ms)
✔ extra binary, missing wheel and stale/empty Web cannot pass output inventory (2.399125ms)
✔ manifest inventory cannot omit or add members (0.079958ms)
✔ dirty and untracked source rejected (62.992583ms)
✔ deleted module README is rejected (2.072625ms)
✔ wrong uv version fails toolchain preflight (17.781875ms)
✔ invalid locks fail real lock entrypoint (32.205958ms)
✔ Terminal default lint rejects a page TSX violation (616.702667ms)
✔ invalid run revokes old successful receipt (24.791417ms)
✔ Cargo manifest drift is rejected by actual lock gate (531.894292ms)
✔ uv manifest drift is rejected by actual lock gate (634.671042ms)
✔ pnpm manifest drift is rejected by actual lock gate (890.523584ms)
✔ malformed Buf lock is rejected by actual lock gate (652.127458ms)
✔ broken Desktop is outside phase-one pnpm frozen check (304.693667ms)
✔ uv output marker is metadata, other unexpected files still fail (2.18525ms)
✔ build-only tool is required in output inventory without becoming a runtime binary (2.1125ms)
✔ pnpm frozen check rejects missing or changed patch bytes (661.257958ms)
✔ pnpm patch cannot read outside the repository (142.83025ms)
ℹ tests 19
ℹ suites 0
ℹ pass 19
ℹ fail 0
ℹ cancelled 0
ℹ skipped 0
ℹ todo 0
ℹ duration_ms 4620.828292
