node --test scripts/f02-gate-negative.mjs scripts/f02-a11-gate-negative.mjs scripts/playwright-git-history.test.mjs
✔ complete Linux matrix passes; deletion and pixel tampering fail (400.185209ms)
✔ acceptance never updates snapshots or skips missing snapshots (0.760542ms)
✔ only main signing and verification jobs receive the signing environment (10.585167ms)
✔ signing policy rejects missing protection, wildcards, tags and extra branches (0.213584ms)
✔ candidate import rejects tampering and stale source before writing, then imports the reviewed matrix (371.482958ms)
✔ required download check rejects skipped or failed event-specific verification (26.653292ms)
✔ PR receipts bind the checked out head while main signing stays on the event SHA (2.9405ms)
Verified 2 release files for aaaaaaaaaaaaaaaaaaaaaaaaaaaaaaaaaaaaaaaa
Verified 2 release files for aaaaaaaaaaaaaaaaaaaaaaaaaaaaaaaaaaaaaaaa
✔ real Gitleaks positive control and GitHub/Slack leaks (1640.52975ms)
✔ historical digest exceptions do not waive fresh credentials in audit JSON (1133.473625ms)
✔ RLS baseline rejects policy deletion and late disabling with recovery (180.264792ms)
✔ migration filename control, rejection and recovery (18.296709ms)
✔ waivers only authorize exact advisory/ecosystem/package/version before expiry (1.082958ms)
✔ license expression policy does not globally allow LGPL or unknown licenses (0.311584ms)
✔ release binds complete payload and SBOM to source; rejects corruption and build-only native files (3.224041ms)
✔ Buf compares against distinct historical source and detects removed fields (623.847208ms)
✔ SCA scanner adapter consumes exact waivers and never waives scanner failures (1069.648916ms)
✔ Playwright PR reporting preserves complete history for downstream security scans (1644.774ms)
ℹ tests 17
ℹ suites 0
ℹ pass 17
ℹ fail 0
ℹ cancelled 0
ℹ skipped 0
ℹ todo 0
ℹ duration_ms 4713.884041
