✔ all eight independently content-bound dependencies admit DEVELOPMENT only (17.586625ms)
✔ engineering aggregation preserves the sole pending user confirmation (8.617042ms)
✔ milestone rejects missing F0 (7.815917ms)
✔ milestone rejects missing PRE (8.200917ms)
✔ milestone rejects duplicate dependency (7.726125ms)
✔ milestone rejects unready F0 (7.994375ms)
✔ milestone rejects manifest bytes replaced (7.47775ms)
✔ milestone rejects digest substituted (7.088959ms)
✔ milestone rejects dependency path substituted (7.203583ms)
✔ milestone rejects dependency verdict substituted (7.091791ms)
✔ milestone rejects self manifest schema (7.091709ms)
✔ milestone rejects normative change (7.074458ms)
✔ milestone rejects source input change (7.048625ms)
✔ milestone rejects unexecuted check (8.374333ms)
✔ milestone rejects missing execution time (7.126541ms)
✔ milestone rejects missing required check (7.482ms)
✔ milestone rejects duplicate check (7.00775ms)
✔ milestone rejects wrong command (7.208125ms)
✔ milestone rejects log tampering (7.009333ms)
✔ milestone rejects rehashed prose (7.105292ms)
✔ milestone rejects external log path (6.873167ms)
✔ milestone rejects false formal acceptance (6.844167ms)
✔ milestone rejects aggregate claims database run (6.496708ms)
✔ milestone rejects hidden exclusions (6.604ms)
✔ milestone rejects unresolved functional finding (6.745792ms)
✔ dependency validator is invoked and errors propagate (6.623084ms)
✔ fake READY cannot hide changed G0 scope (6.62025ms)
✔ arbitrary existing markdown cannot serve as a milestone receipt (0.088833ms)
✔ own arbitrary digest is rejected independently of dependency status (0.062333ms)
✔ F0 policy contains the six missing nodes and all eleven obligations (6.949125ms)
✔ production schema drift comparator rejects tables (0.109584ms)
✔ production schema drift comparator rejects columns (0.048584ms)
✔ production schema drift comparator rejects constraints (0.042084ms)
✔ production schema drift comparator rejects indexes (0.043042ms)
✔ production schema drift comparator rejects policies (0.04ms)
✔ production schema drift comparator rejects routines (0.031583ms)
✔ production schema drift comparator rejects triggers (0.036166ms)
✖ 100-worker development evidence cannot use 10-task diagnostic or accept P95 (0.695542ms)
✔ CI consumes the full milestone engineering validator and its negatives (0.072208ms)
ℹ tests 39
ℹ suites 0
ℹ pass 38
ℹ fail 1
ℹ cancelled 0
ℹ skipped 0
ℹ todo 0
ℹ duration_ms 266.657417

✖ failing tests:

test at scripts/fep0-development.test.mjs:52:1
✖ 100-worker development evidence cannot use 10-task diagnostic or accept P95 (0.695542ms)
  AssertionError [ERR_ASSERTION]: actual recovery/coverage check missing
      at validateF0Artifact (file:///Users/anray/Documents/project/SumAlpha/QuantOS/scripts/f0-functional-artifacts.mjs:14:3)
      at TestContext.<anonymous> (file:///Users/anray/Documents/project/SumAlpha/QuantOS/scripts/fep0-development.test.mjs:52:598)
      at Test.runInAsyncScope (node:async_hooks:214:14)
      at Test.run (node:internal/test_runner/test:1106:25)
      at Test.processPendingSubtests (node:internal/test_runner/test:788:18)
      at Test.postRun (node:internal/test_runner/test:1235:19)
      at Test.run (node:internal/test_runner/test:1163:12)
      at async Test.processPendingSubtests (node:internal/test_runner/test:788:7) {
    generatedMessage: false,
    code: 'ERR_ASSERTION',
    actual: false,
    expected: true,
    operator: '==',
    diff: 'simple'
  }
