
> @sumalpha/quantos@ test:development-plans /Users/anray/Documents/project/SumAlpha/QuantOS
> node --test scripts/development-plan-order-negative.mjs

✔ joint schedule is acyclic and preserves task/status boundaries (10.446541ms)
✔ restoring a complete R1 prerequisite for S2 services creates a rejected cycle (5.380833ms)
✔ research service waiting on its consumer page is rejected (4.500417ms)
✔ historical CORE:R04 to CORE:L04 probe now fails closed (4.337208ms)
✔ an early identity API cannot silently depend on later research services (5.628792ms)
✔ a provider cannot wait for the consumer frontend Gate (4.048666ms)
✔ removing S2 service admission from a core execution task is rejected (4.474125ms)
✔ S2 service Gate cannot omit TP12 advance evaluation (4.82225ms)
✔ I10 cannot drop testnet service admission even if metadata is edited with it (5.277541ms)
✔ a new or existing frontend cannot skip the full provider Gate (5.271209ms)
✔ G5 cannot be marked as closing in I4 before reconciliation (5.487417ms)
✔ moving the G1 block above I1 tasks is rejected (5.450208ms)
✔ milestone cannot omit its last child while retaining a Gate summary (5.207625ms)
✔ prose-only backend dependencies cannot drift from structured prerequisites (5.542458ms)
✔ core closure mapping cannot become an implicit service alias (4.9845ms)
✔ ACCEPTED checkpoint needs SHA and evidence, not only a green word (5.37975ms)
✔ accepted checkpoint evidence must resolve (2.54175ms)
✔ missing checkpoint and unknown dependency fail closed (6.504542ms)
✔ API windows cannot skip their preceding provider checkpoint (4.56275ms)
✔ UI windows cannot skip the preceding reconciliation window (4.73025ms)
✔ Web intake preserves the explicit no-model-review schema (1.545833ms)
✔ missing Web task fields still fail closed (1.404166ms)
✔ both plans must publish exactly the same stage contract (5.189417ms)
✔ changing both plans cannot defer correctness or functional deadlines to release (12.806666ms)
✔ both plans must retain every deferred release obligation (14.045875ms)
✔ tasks and checkpoints cannot omit, invent, or misclassify their stage gate (19.163666ms)
✔ release prerequisites cannot block either development or integration (12.111083ms)
✔ release gates cannot skip business closure or inherit the wrong stage (13.846958ms)
✔ historical ACCEPTED and completed tasks do not automatically become READY (5.547208ms)
✔ READY needs its own input digest and resolvable evidence (29.990292ms)
✔ unassessed stage gates cannot carry an apparent ready receipt (6.896ms)
✔ BLOCKED retains failure evidence and digest without being counted as READY (9.259875ms)
✔ a READY chain needs READY prerequisites and its own evidence at every node (14.082917ms)
✔ stage readiness never substitutes for formal acceptance evidence (2.662416ms)
✔ release READY requires formal acceptance and all functional prerequisites (8.742ms)
ℹ tests 35
ℹ suites 0
ℹ pass 35
ℹ fail 0
ℹ cancelled 0
ℹ skipped 0
ℹ todo 0
ℹ duration_ms 299.496459
