
> @sumalpha/quantos@ test:pre03 /Users/anray/Documents/project/SumAlpha/QuantOS
> node --test scripts/pre03-gate-negative.mjs

✔ current Web contract passes and never loads Desktop inputs (8.90475ms)
✔ apps/terminal rejects Next 15.5.23 (5.474875ms)
✔ apps/terminal rejects Next 16.0.0 (1.877375ms)
✔ apps/website rejects Next 15.5.23 (1.662959ms)
✔ apps/website rejects Next 16.0.0 (1.596625ms)
✔ missing package resolutions (1.81825ms)
✔ missing snapshots (1.173708ms)
✔ specifier drift (1.814833ms)
✔ dependency removed (1.943042ms)
✔ dependency inserted (1.950125ms)
✔ manifest drift fails without changing lock (0.970625ms)
✔ ADR drift fails (0.777166ms)
✔ duplicate ADR version row fails (0.898333ms)
✔ missing transitive snapshot fails (1.816333ms)
✔ Node pin drift fails (0.870708ms)
✔ effective Next configuration: valid export (218.55125ms)
✔ effective Next configuration: comment marker (225.043416ms)
✔ effective Next configuration: dead branch (216.899333ms)
✔ effective Next configuration: subsequent override (217.969375ms)
✔ effective Next configuration: function config (219.49225ms)
✔ bad route resources, fake HTML and script failures fail closed (11803.79725ms)
✔ Next-specific async client violation is an ESLint error (256.880667ms)
✔ build receipts reject stale source, config, identity and missing receipts (2.00825ms)
✔ source binding ignores caches but detects actual source changes (2.993666ms)
✔ all workspace importers and exact link targets are required (9.708375ms)
✔ runtime loader discovers omitted manifests independently of lockfile (504.587917ms)
✔ per-app env files are isolated and reloaded without polluting caller (690.421792ms)
ℹ tests 27
ℹ suites 0
ℹ pass 27
ℹ fail 0
ℹ cancelled 0
ℹ skipped 0
ℹ todo 0
ℹ duration_ms 15124.291167
