
> @sumalpha/quantos@ test:pre02 /Users/anray/Documents/project/SumAlpha/QuantOS
> pnpm --filter @sumalpha/ui test:pre02


> @sumalpha/ui@0.1.0 test:pre02 /Users/anray/Documents/project/SumAlpha/QuantOS/packages/ui
> node --test scripts/pre02-gate-negative.mjs

✔ current PRE-02 design-system contract passes (7.760125ms)
✔ renaming a required safety key fails even when the count stays at 18 (1.584875ms)
✔ missing state color mapping fails closed (1.209625ms)
✔ insufficient focus contrast is rejected (1.091541ms)
✔ missing readonly viewport is rejected (1.082416ms)
✔ deny cannot become success (1.316584ms)
✔ mapped token paths must exist (0.760291ms)
✔ English safety semantics cannot be inverted (0.681292ms)
✔ all compact density values remain frozen (0.775333ms)
✔ focus width and path remain frozen (0.8265ms)
✔ breakpoint intervals cannot develop gaps (0.668542ms)
✔ typography and spacing must match the reviewed contract (0.934625ms)
✔ required component identity cannot be replaced (0.718458ms)
✔ comments do not supply executable Storybook configuration (0.751583ms)
✔ surface.2 contrast cannot be removed from the contract (0.8585ms)
✔ native reference viewport is not a prerequisite of the Web Gate (0.591375ms)
✔ disabled contrast rule cannot hide behind a matching comment (0.588959ms)
✔ readonly viewport dimensions cannot hide behind its identifier (0.77375ms)
✔ phase-two page cannot enter the Web component acceptance rows (0.602625ms)
✔ provider JSX outside the decorator cannot authorize empty decorators (0.615666ms)
✔ unexported configuration does not authorize a Storybook entry (0.613041ms)
✔ initial theme cannot contradict the dark default contract (0.67375ms)
✔ object spread cannot silently override required addons (0.738917ms)
✔ duplicate decorators cannot replace the validated provider tree (0.693334ms)
✔ dead JSX branches are not executed provider decorators (1.080625ms)
✔ provider attributes cannot be overwritten through JSX spreads (0.716958ms)
✔ provider-only JSX without the Story consumer is rejected (0.744583ms)
ℹ tests 27
ℹ suites 0
ℹ pass 27
ℹ fail 0
ℹ cancelled 0
ℹ skipped 0
ℹ todo 0
ℹ duration_ms 202.593917
