
> @sumalpha/quantos@ test:pre04 /Users/anray/Documents/project/SumAlpha/QuantOS
> node --test scripts/pre04-gate-negative.mjs

✔ current full phase-one inventory passes (11.798333ms)
✔ missing Gap is rejected (5.418083ms)
✔ undecided realtime dependency is rejected (5.643709ms)
✔ deleted required actorId field is rejected (4.805583ms)
✔ nonexistent field source is rejected (4.523ms)
✔ wrong field type and optionality are rejected (5.279292ms)
✔ generated operation deletion is rejected (4.579084ms)
✔ generated method and path drift are rejected (8.863833ms)
✔ same-count schema rename is rejected (3.403583ms)
✔ schema required and enum drift are rejected (8.875209ms)
✔ same-count Proto message rename is rejected (4.51025ms)
✔ removed Proto declaration is rejected (4.191917ms)
✔ same-count JSON Schema replacement is rejected (4.315458ms)
✔ duplicate contract row is rejected before Map collapse (3.70275ms)
✔ duplicate Gap row is rejected before Map collapse (3.799042ms)
✔ nonexistent role owner is rejected (4.495667ms)
✔ nonexistent backend task is rejected (4.164375ms)
✔ nonexistent BFF task is rejected (3.505541ms)
✔ unknown Gap page is rejected (3.882459ms)
✔ each missing website P0 page is rejected (17.640708ms)
✔ missing auxiliary risk/audit/order contract is rejected (10.679292ms)
✔ closing partly published Gap is rejected (4.153458ms)
✔ omitting planned operation is rejected (3.730625ms)
✔ unpublished Inventory Fixture cannot claim Implemented (3.329459ms)
✔ generated-only contract cannot claim Integrated (3.674209ms)
✔ missing provider evidence is rejected (3.450958ms)
✔ changed provider receipt is rejected (3.573291ms)
✔ missing Inventory Fixture is rejected (4.368458ms)
✔ Desktop contamination is rejected by Web inventory (4.401709ms)
✔ nonexistent domain field mappings including the former engine-version anchor are rejected (7.613375ms)
✔ removed referenced core task is rejected (3.541042ms)
✔ catalog source drift is rejected (3.863833ms)
✔ empty implementation artifact lists are rejected for every implemented contract (10.607666ms)
✔ each missing implementation evidence category is rejected (32.57125ms)
✔ duplicate artifacts cannot substitute for test or receipt evidence (3.446625ms)
✔ another contract receipt cannot substitute for required evidence (3.562458ms)
✔ unknown task suffixes are rejected in both backend task columns (21.728333ms)
✔ ambiguous cross-prefix ranges cannot impersonate reviewed backend tasks (7.388083ms)
ℹ tests 38
ℹ suites 0
ℹ pass 38
ℹ fail 0
ℹ cancelled 0
ℹ skipped 0
ℹ todo 0
ℹ duration_ms 360.243417
