
> @sumalpha/quantos@ test:pre01 /Users/anray/Documents/project/SumAlpha/QuantOS
> node --test ./scripts/tests/check-pre01.test.mjs

✔ current PRE-01 artifacts satisfy the executable contract (5.315292ms)
✔ missing a page state fails closed (1.895042ms)
✔ invalid story priority fails closed (0.519875ms)
✔ missing traceability row fails closed (1.356333ms)
✔ published operation cannot regress to planned fails closed (1.60975ms)
✔ unknown role fails closed (0.459875ms)
✔ unknown route fails closed (0.527875ms)
✔ duplicate story fails closed (0.562125ms)
✔ missing flow stories fails closed (0.707583ms)
✔ missing flow scenarios fails closed (1.288791ms)
✔ unsafe proposal criterion fails closed (1.170708ms)
✔ unknown trace task fails closed (1.280834ms)
✔ unauthorized admin grant fails closed (1.010583ms)
✔ missing permission route fails closed (0.670875ms)
✔ phase-one P16 fails closed (0.07575ms)
✔ missing contract owner fails closed (1.092208ms)
✔ empty flow role fails closed (0.570833ms)
✔ empty flow route fails closed (0.598375ms)
✔ state label mismatch fails closed (0.852958ms)
✔ desktop-only story fails closed (0.475041ms)
✔ persistent offline cache fails closed (0.997875ms)
✔ admin domain permission fails closed (0.70175ms)
✔ missing page story fails closed (0.483333ms)
✔ cross-page route fails closed (0.509791ms)
✔ current G0 governance preserves history without granting current acceptance (1.428667ms)
✔ past-due G0 item cannot silently remain OPEN (0.607ms)
✔ fabricated G0 acceptance fails against current checkpoint (0.56575ms)
✔ missing G0 leftover owner fails (0.568458ms)
✔ P05 cannot bind metadata download to an untraced audit export operation (1.956792ms)
✔ P21 cannot drop alert ownership from both ledger and trace while retaining the subscription (2.287833ms)
✔ unknown unlabelled operation in API register is rejected (1.570833ms)
✔ P05 quality alerts require C16 ownership on the consumer page (1.485792ms)
✔ API register rejects current version 1.4.0 (1.390666ms)
✔ API register rejects current version 99.99.0 (1.457958ms)
✔ published register row cannot omit API version (1.60375ms)
✔ published register row cannot omit generated mock version (1.530625ms)
✔ all ten historical compatibility strategies cannot be cleared (0.729375ms)
✔ current disposition cannot drop a historical parent (0.927917ms)
✔ current disposition requires effective checkpoint deadline (0.769292ms)
✔ current disposition cannot claim target RELEASE completion (0.806916ms)
✔ current disposition requires nonempty compatibility strategy (0.902916ms)
✔ current disposition presentation must match structured source (0.768709ms)
✔ current deadline cannot defer DEVELOPMENT provider obligations to integration (0.920416ms)
ℹ tests 43
ℹ suites 0
ℹ pass 43
ℹ fail 0
ℹ cancelled 0
ℹ skipped 0
ℹ todo 0
ℹ duration_ms 142.389416
