Validated 6 pinned Buf plugins and locked generation workflow.
✔ proto generation configuration is pinned and lock-preserving (38.642209ms)
✔ proto generation configuration rejects an unpinned remote plugin (36.991292ms)
✔ proto generation configuration rejects implicit dependency updates (36.888375ms)
ℹ tests 3
ℹ suites 0
ℹ pass 3
ℹ fail 0
ℹ cancelled 0
ℹ skipped 0
ℹ todo 0
ℹ duration_ms 144.181083
Extracted 50 JSON schema documents.
Validated 50 standalone JSON schemas and 11 planned domain schemas.
✔ standalone JSON schema gate passes the complete generated catalog (143.621666ms)
✔ standalone JSON schema gate rejects a missing planned domain schema (53.650709ms)
✔ standalone JSON schema gate rejects an unresolved reference (133.428958ms)
ℹ tests 3
ℹ suites 0
ℹ pass 3
ℹ fail 0
ℹ cancelled 0
ℹ skipped 0
ℹ todo 0
ℹ duration_ms 364.669625
Proto compatibility checked against 3a592a4dfc295e781f6de834fb2ddf52b7e2df94
Proto checks passed.
