
> @sumalpha/quantos@ test:provider-a1 /Users/anray/Documents/project/SumAlpha/QuantOS
> node --test scripts/provider-a1-receipts.test.mjs

✔ valid source and execution-bound dependency chain is READY without release signatures (37.254125ms)
✔ missing required execution (27.67625ms)
✔ failed execution (26.590958ms)
✔ wrong actual command (26.229084ms)
✔ unresolved issue (22.020833ms)
✔ wrong node (21.235125ms)
✔ missing source inventory (25.890125ms)
✔ plan scope changed (20.950834ms)
✔ outside log path (25.689541ms)
✔ wrong log digest (25.222958ms)
✔ missing dependency (25.711916ms)
✔ dependency digest substituted (25.855333ms)
✔ tampered manifest bytes are rejected (20.254083ms)
✔ changed source content is rejected despite unchanged gate digest (24.971125ms)
✔ dependency must independently be READY (25.048583ms)
✔ arbitrary log cannot masquerade as successful execution (25.082791ms)
✔ input file symlink cannot escape the repository (25.202958ms)
✔ database execution cannot be inferred from a normal local PASS (30.370875ms)
✔ Supabase target receipt verifies each compressed execution log (31.1715ms)
✔ source drift during execution invalidates the original input snapshot (39.391042ms)
✔ requirement drift during execution invalidates the original input snapshot (42.873417ms)
✔ controlled public development profile overrides stale values and preserves server inputs (0.113292ms)
✔ private credentials cannot be injected through a public development profile (0.0845ms)
✔ transient Auth 503 can retry only a complete target execution (0.092625ms)
✔ persistent target timeout never becomes PASS and stops at its budget (0.071208ms)
✔ semantic target failures stop without retry or PASS (0.022167ms)
✔ target retry budget cannot be unbounded (0.104542ms)
✔ configured target retries require explicit attempt outcomes in the receipt (32.21425ms)
✔ three successful full builds bind output inventories (0.399333ms)
✔ reproducibility rejects only two builds (0.116167ms)
✔ reproducibility rejects missing Python build (0.129958ms)
✔ reproducibility rejects failed command (0.136208ms)
✔ reproducibility rejects different output digest (0.095459ms)
✔ reproducibility rejects substituted inventory (0.070625ms)
✔ reproducibility rejects dirty source (0.056959ms)
✔ reproducibility rejects old source (0.066667ms)
✔ development policy retains explicit build, coverage, volume and target storage obligations (0.298875ms)
✔ static make commands cannot reload .env.local or inherit target database opt-ins (0.083917ms)
✔ volume retry restarts the complete check only on a closed PostgreSQL transport (0.052917ms)
✔ volume correctness and certificate errors cannot be retried into PASS (0.028792ms)
✔ persistent database transport failure stays failed at the retry limit (0.024375ms)
✔ separate assessment snapshot preserves historical manifests and binds its own logs (33.485333ms)
✔ third-party Git link binds the actual clean checkout and rejects dirty/advanced source (140.196959ms)
ℹ tests 43
ℹ suites 0
ℹ pass 43
ℹ fail 0
ℹ cancelled 0
ℹ skipped 0
ℹ todo 0
ℹ duration_ms 823.295084
