
> @sumalpha/quantos@ test:pre04 /Users/anray/Documents/project/SumAlpha/QuantOS
> node --test scripts/pre04-gate-negative.mjs

✔ current full phase-one inventory passes (10.79725ms)
✔ missing Gap is rejected (4.880958ms)
✔ undecided realtime dependency is rejected (4.788542ms)
✔ deleted required actorId field is rejected (4.140875ms)
✔ nonexistent field source is rejected (4.049792ms)
✔ wrong field type and optionality are rejected (4.296875ms)
✔ generated operation deletion is rejected (3.711667ms)
✔ generated method and path drift are rejected (7.653167ms)
✔ same-count schema rename is rejected (3.115667ms)
✔ schema required and enum drift are rejected (7.783583ms)
✔ same-count Proto message rename is rejected (3.649542ms)
✔ removed Proto declaration is rejected (3.676375ms)
✔ same-count JSON Schema replacement is rejected (3.886792ms)
✔ duplicate contract row is rejected before Map collapse (3.695625ms)
✔ duplicate Gap row is rejected before Map collapse (3.578208ms)
✔ nonexistent role owner is rejected (3.723708ms)
✔ nonexistent backend task is rejected (3.440416ms)
✔ nonexistent BFF task is rejected (3.476042ms)
✔ unknown Gap page is rejected (3.842292ms)
✔ each missing website P0 page is rejected (17.708833ms)
✔ missing auxiliary risk/audit/order contract is rejected (10.736958ms)
✔ closing partly published Gap is rejected (3.679375ms)
✔ omitting planned operation is rejected (3.547042ms)
✔ unpublished Inventory Fixture cannot claim Implemented (3.449166ms)
✔ generated-only contract cannot claim Integrated (3.544709ms)
✔ missing provider evidence is rejected (3.264625ms)
✔ changed provider receipt is rejected (3.484583ms)
✔ missing Inventory Fixture is rejected (3.981042ms)
✔ Desktop contamination is rejected by Web inventory (4.039708ms)
✔ nonexistent domain field mappings including the former engine-version anchor are rejected (7.307083ms)
✔ removed referenced core task is rejected (3.602459ms)
✔ catalog source drift is rejected (3.85525ms)
✔ empty implementation artifact lists are rejected for every implemented contract (11.187541ms)
✔ each missing implementation evidence category is rejected (31.699167ms)
✔ duplicate artifacts cannot substitute for test or receipt evidence (3.713125ms)
✔ another contract receipt cannot substitute for required evidence (3.752792ms)
✔ unknown task suffixes are rejected in both backend task columns (23.648459ms)
✔ ambiguous cross-prefix ranges cannot impersonate reviewed backend tasks (7.380208ms)
ℹ tests 38
ℹ suites 0
ℹ pass 38
ℹ fail 0
ℹ cancelled 0
ℹ skipped 0
ℹ todo 0
ℹ duration_ms 341.478
