
> @sumalpha/quantos@ test:pre06 /Users/anray/Documents/project/SumAlpha/QuantOS
> node --test scripts/pre06-gate-negative.mjs scripts/pre06-runtime-negative.mjs

✔ current PRE-06 Web baseline passes (24.732875ms)
✔ website browser Gate deletion is rejected (10.159625ms)
✔ Desktop coupling in phase-one compatibility is rejected (7.801ms)
✔ Desktop deep-link inclusion in phase-one Terminal is rejected (6.346333ms)
✔ generated operation coverage drift is rejected (6.502125ms)
✔ visual baseline integrity failure is rejected (6.240625ms)
✔ performance budget weakening is rejected (5.478083ms)
✔ disabled CI steps and comment-only commands are rejected (16.389667ms)
✔ contract assertion deletion and visual comparison deletion fail closed (10.127875ms)
✔ website performance and critical coverage gates cannot be removed (10.727125ms)
✔ CI retry policy must reject flaky outcomes and archive failure evidence (9.405209ms)
✔ comments cannot restore weakened budget or critical coverage policy (13.522583ms)
✔ skipped suites and inactive screenshot assertions cannot satisfy the baseline (35.468792ms)
✔ critical contract callbacks cannot return early, hide assertions, or remove runtime counting (22.543667ms)
✔ unknown and corrupted fixtures are rejected, explicit sabotage fixtures remain expected failures (32.416125ms)
✔ empty assets and empty route manifest are never a zero-sized performance PASS (28.589041ms)
✔ actual CI configs return nonzero for first-fail-then-pass policy probe (1286.876667ms)
ℹ tests 17
ℹ suites 0
ℹ pass 17
ℹ fail 0
ℹ cancelled 0
ℹ skipped 0
ℹ todo 0
ℹ duration_ms 1399.112333
