
> @sumalpha/quantos@ test /Users/anray/Documents/project/SumAlpha/QuantOS
> pnpm -r test

Scope: 7 of 8 workspace projects
packages/config test$ vitest run
packages/ui test$ vitest run
packages/config test:  RUN  v4.1.11 /Users/anray/Documents/project/SumAlpha/QuantOS/packages/config
packages/ui test:  RUN  v4.1.11 /Users/anray/Documents/project/SumAlpha/QuantOS/packages/ui
packages/ui test:  Test Files  4 passed (4)
packages/ui test:       Tests  19 passed (19)
packages/ui test:    Start at  15:18:17
packages/ui test:    Duration  349ms (transform 182ms, setup 0ms, import 381ms, tests 56ms, environment 160ms)
packages/ui test: Done
packages/config test:  Test Files  1 passed (1)
packages/config test:       Tests  26 passed (26)
packages/config test:    Start at  15:18:17
packages/config test:    Duration  391ms (transform 31ms, setup 0ms, import 40ms, tests 278ms, environment 0ms)
packages/config test: Done
packages/api-client test$ vitest run
packages/platform test$ vitest run
packages/platform test:  RUN  v4.1.11 /Users/anray/Documents/project/SumAlpha/QuantOS/packages/platform
packages/api-client test:  RUN  v4.1.11 /Users/anray/Documents/project/SumAlpha/QuantOS/packages/api-client
packages/platform test:  Test Files  1 passed (1)
packages/platform test:       Tests  2 passed (2)
packages/platform test:    Start at  15:18:18
packages/platform test:    Duration  100ms (transform 20ms, setup 0ms, import 26ms, tests 1ms, environment 0ms)
packages/platform test: Done
packages/api-client test:  Test Files  5 passed (5)
packages/api-client test:       Tests  59 passed (59)
packages/api-client test:    Start at  15:18:18
packages/api-client test:    Duration  715ms (transform 253ms, setup 0ms, import 507ms, tests 599ms, environment 0ms)
packages/api-client test: Done
apps/website test$ vitest run
packages/domain-ui test$ vitest run
packages/domain-ui test:  RUN  v4.1.11 /Users/anray/Documents/project/SumAlpha/QuantOS/packages/domain-ui
apps/website test:  RUN  v4.1.11 /Users/anray/Documents/project/SumAlpha/QuantOS/apps/website
apps/website test:  Test Files  2 passed (2)
apps/website test:       Tests  7 passed (7)
apps/website test:    Start at  15:18:19
apps/website test:    Duration  181ms (transform 128ms, setup 0ms, import 213ms, tests 5ms, environment 0ms)
packages/domain-ui test:  Test Files  3 passed (3)
packages/domain-ui test:       Tests  19 passed (19)
packages/domain-ui test:    Start at  15:18:19
packages/domain-ui test:    Duration  185ms (transform 149ms, setup 0ms, import 245ms, tests 12ms, environment 0ms)
packages/domain-ui test: Done
apps/website test: Done
apps/terminal test$ vitest run
apps/terminal test:  RUN  v4.1.11 /Users/anray/Documents/project/SumAlpha/QuantOS/apps/terminal
apps/terminal test:  Test Files  11 passed (11)
apps/terminal test:       Tests  79 passed (79)
apps/terminal test:    Start at  15:18:19
apps/terminal test:    Duration  397ms (transform 1.04s, setup 0ms, import 2.06s, tests 93ms, environment 0ms)
apps/terminal test: Done
