TAP version 13
# Subtest: current BFF-FE-001 repository Gate passes
ok 1 - current BFF-FE-001 repository Gate passes
  ---
  duration_ms: 7.904916
  type: 'test'
  ...
# Subtest: CSRF deletion is rejected
ok 2 - CSRF deletion is rejected
  ---
  duration_ms: 5.421834
  type: 'test'
  ...
# Subtest: bearer session regression is rejected
ok 3 - bearer session regression is rejected
  ---
  duration_ms: 5.3765
  type: 'test'
  ...
# Subtest: recent-auth deletion is rejected
ok 4 - recent-auth deletion is rejected
  ---
  duration_ms: 4.461417
  type: 'test'
  ...
# Subtest: idempotency deletion is rejected
ok 5 - idempotency deletion is rejected
  ---
  duration_ms: 4.848375
  type: 'test'
  ...
# Subtest: last-factor protection deletion is rejected
ok 6 - last-factor protection deletion is rejected
  ---
  duration_ms: 3.785791
  type: 'test'
  ...
# Subtest: resource-hiding 404 deletion is rejected
ok 7 - resource-hiding 404 deletion is rejected
  ---
  duration_ms: 4.173875
  type: 'test'
  ...
# Subtest: revocation replay deletion is rejected
ok 8 - revocation replay deletion is rejected
  ---
  duration_ms: 4.006667
  type: 'test'
  ...
# Subtest: security audit reference deletion is rejected
ok 9 - security audit reference deletion is rejected
  ---
  duration_ms: 4.331208
  type: 'test'
  ...
# Subtest: dependency regression is rejected
ok 10 - dependency regression is rejected
  ---
  duration_ms: 2.867209
  type: 'test'
  ...
# Subtest: provider changes invalidate executed evidence
ok 11 - provider changes invalidate executed evidence
  ---
  duration_ms: 2.789833
  type: 'test'
  ...
# Subtest: providerTests changes invalidate executed evidence
ok 12 - providerTests changes invalidate executed evidence
  ---
  duration_ms: 2.829375
  type: 'test'
  ...
# Subtest: authClient changes invalidate executed evidence
ok 13 - authClient changes invalidate executed evidence
  ---
  duration_ms: 2.689958
  type: 'test'
  ...
# Subtest: settingsClient changes invalidate executed evidence
ok 14 - settingsClient changes invalidate executed evidence
  ---
  duration_ms: 2.86175
  type: 'test'
  ...
# Subtest: liveProvider changes invalidate executed evidence
ok 15 - liveProvider changes invalidate executed evidence
  ---
  duration_ms: 3.004958
  type: 'test'
  ...
# Subtest: frontendWorkflow commands in comments do not count as CI
ok 16 - frontendWorkflow commands in comments do not count as CI
  ---
  duration_ms: 3.012833
  type: 'test'
  ...
# Subtest: ciWorkflow commands in comments do not count as CI
ok 17 - ciWorkflow commands in comments do not count as CI
  ---
  duration_ms: 3.249125
  type: 'test'
  ...
# Subtest: disabled CI steps cannot satisfy the Gate
ok 18 - disabled CI steps cannot satisfy the Gate
  ---
  duration_ms: 2.977667
  type: 'test'
  ...
# Subtest: outdated inventory cannot satisfy the active evidence Gate
ok 19 - outdated inventory cannot satisfy the active evidence Gate
  ---
  duration_ms: 2.743709
  type: 'test'
  ...
# Subtest: commented Make recipes do not satisfy executable wiring
ok 20 - commented Make recipes do not satisfy executable wiring
  ---
  duration_ms: 2.984916
  type: 'test'
  ...
# Subtest: no semantic receipt cannot satisfy the Gate
ok 21 - no semantic receipt cannot satisfy the Gate
  ---
  duration_ms: 2.752458
  type: 'test'
  ...
# Subtest: deleted active evidence cannot satisfy the Gate
ok 22 - deleted active evidence cannot satisfy the Gate
  ---
  duration_ms: 2.647167
  type: 'test'
  ...
1..22
# tests 22
# suites 0
# pass 22
# fail 0
# cancelled 0
# skipped 0
# todo 0
# duration_ms 208.686667
