
> @sumalpha/quantos@ coverage:web /Users/anray/Documents/project/SumAlpha/QuantOS
> vitest run --config vitest.coverage.config.ts --coverage && pnpm coverage:critical


 RUN  v4.1.11 /Users/anray/Documents/project/SumAlpha/QuantOS
      Coverage enabled with v8


 Test Files  31 passed (31)
      Tests  248 passed (248)
   Start at  07:11:38
   Duration  957ms (transform 1.46s, setup 0ms, import 4.45s, tests 1.65s, environment 219ms)

 % Coverage report from v8
-------------------|---------|----------|---------|---------|-------------------
File               | % Stmts | % Branch | % Funcs | % Lines | Uncovered Line #s 
-------------------|---------|----------|---------|---------|-------------------
All files          |   92.67 |    80.91 |   95.85 |   93.09 |                   
 apps/terminal/src |   83.33 |      100 |      75 |   83.33 |                   
  app.ts           |      75 |      100 |   66.66 |      75 | 40                
 ...minal/src/auth |     100 |     98.3 |     100 |     100 |                   
  bff.ts           |     100 |    92.85 |     100 |     100 | 33                
 ...al/src/command |     100 |    73.33 |     100 |     100 |                   
  runtime.ts       |     100 |    73.33 |     100 |     100 | 41-51             
 ...l/src/settings |   87.09 |    60.78 |   88.88 |   90.19 |                   
  c17.ts           |   57.14 |    45.45 |   83.33 |   58.33 | 65-69             
  gateway.ts       |   95.74 |    88.88 |   91.66 |     100 | 17,31             
 ...api-client/src |   87.83 |    75.51 |    87.4 |   88.37 |                   
  bff-transport.ts |     100 |    96.55 |      90 |     100 | 49                
  execution.ts     |   77.94 |    63.41 |   73.68 |   79.68 | ...71,383,391-392 
  ops.ts           |   89.09 |    68.18 |     100 |   88.67 | ...70,196,209,234 
  ...validation.ts |   97.14 |    96.42 |     100 |     100 | 44                
  sse.ts           |   89.74 |    81.08 |   77.77 |   96.72 | 36,124            
  strategy.ts      |   83.16 |    57.14 |   90.47 |   82.82 | ...75-279,305,329 
  terminal.ts      |   75.36 |       50 |   77.77 |   76.19 | ...46-250,266,290 
 ...nt/src/bff-gen |   98.63 |      100 |   98.46 |   98.61 |                   
  ...os-bff.zod.ts |   98.63 |      100 |   98.46 |   98.61 | ...73,845,874,905 
 ...ges/config/src |   85.82 |    91.66 |   81.25 |   85.36 |                   
  env-file.ts      |   44.44 |      100 |      50 |   44.44 | 26-36             
  env.ts           |   88.61 |    91.66 |   85.71 |   88.39 | ...21,234-237,253 
 .../domain-ui/src |    91.7 |    78.26 |    98.7 |    91.2 |                   
  execution.ts     |      95 |       75 |     100 |      95 | 88                
  ops.ts           |     100 |    88.88 |     100 |     100 | 105               
  pages.ts         |   83.33 |       75 |     100 |   83.33 | 40,43             
  research.ts      |   86.79 |    68.42 |     100 |      86 | ...,67,82,183,189 
  shell.ts         |   83.33 |    83.33 |      80 |   81.81 | 337,356           
  strategy.ts      |   89.47 |    81.25 |     100 |   88.57 | 95,98,100,103     
 ...s/platform/src |      75 |      100 |      75 |      75 |                   
  adapter.ts       |   66.66 |      100 |   66.66 |   66.66 | 47-48             
-------------------|---------|----------|---------|---------|-------------------

=============================== Coverage summary ===============================
Statements   : 92.67% ( 1480/1597 )
Branches     : 80.91% ( 547/676 )
Functions    : 95.85% ( 716/747 )
Lines        : 93.09% ( 1375/1477 )
================================================================================

> @sumalpha/quantos@ coverage:critical /Users/anray/Documents/project/SumAlpha/QuantOS
> vitest run --config vitest.critical.config.ts --coverage


 RUN  v4.1.11 /Users/anray/Documents/project/SumAlpha/QuantOS
      Coverage enabled with v8


 Test Files  25 passed (25)
      Tests  188 passed (188)
   Start at  07:11:39
   Duration  858ms (transform 1.28s, setup 0ms, import 3.35s, tests 918ms, environment 197ms)

 % Coverage report from v8
-------------------|---------|----------|---------|---------|-------------------
File               | % Stmts | % Branch | % Funcs | % Lines | Uncovered Line #s 
-------------------|---------|----------|---------|---------|-------------------
-------------------|---------|----------|---------|---------|-------------------

=============================== Coverage summary ===============================
Statements   : 100% ( 148/148 )
Branches     : 100% ( 114/114 )
Functions    : 100% ( 32/32 )
Lines        : 100% ( 136/136 )
================================================================================
