✔ formal gate rejects zero, one, two and noninteger runs (0.364667ms)
✔ all binaries participate in digest and omitted binary fails (3.003834ms)
✔ extra binary, missing wheel and stale/empty Web cannot pass output inventory (2.280083ms)
✔ manifest inventory cannot omit or add members (0.059875ms)
✔ dirty and untracked source rejected (57.041667ms)
✔ deleted module README is rejected (2.302208ms)
✔ wrong uv version fails toolchain preflight (16.796875ms)
✔ invalid locks fail real lock entrypoint (33.566417ms)
✔ Terminal default lint rejects a page TSX violation (1716.654083ms)
✔ invalid run revokes old successful receipt (25.491333ms)
✔ Cargo manifest drift is rejected by actual lock gate (540.402792ms)
✔ uv manifest drift is rejected by actual lock gate (630.837708ms)
✔ pnpm manifest drift is rejected by actual lock gate (873.8005ms)
✔ malformed Buf lock is rejected by actual lock gate (632.385583ms)
✔ broken Desktop is outside phase-one pnpm frozen check (298.351583ms)
✔ uv output marker is metadata, other unexpected files still fail (2.335ms)
✔ build-only tool is required in output inventory without becoming a runtime binary (1.954458ms)
✔ pnpm frozen check rejects missing or changed patch bytes (668.869833ms)
✔ pnpm patch cannot read outside the repository (149.843417ms)
ℹ tests 19
ℹ suites 0
ℹ pass 19
ℹ fail 0
ℹ cancelled 0
ℹ skipped 0
ℹ todo 0
ℹ duration_ms 5690.295084
