cargo fmt --check
cargo clippy --workspace --all-targets -- -D warnings
uv run --locked --project engines --all-packages ruff check . --extend-exclude third_party/vibe-trading/upstream-src
All checks passed!
uv run --locked --project engines --all-packages pyright --project engines
0 errors, 0 warnings, 0 informations 
WARNING: there is a new pyright version available (v1.1.403 -> v1.1.414).
Please install the new version or set PYRIGHT_PYTHON_FORCE_VERSION to `latest`

pnpm lint

> @sumalpha/quantos@ lint /Users/anray/Documents/project/SumAlpha/QuantOS
> pnpm -r lint

Scope: 7 of 8 workspace projects
packages/config lint$ eslint src tests --ext .ts
packages/ui lint$ eslint src tests --ext .ts,.tsx
packages/config lint: Done
packages/ui lint: Done
packages/platform lint$ eslint src tests --ext .ts
packages/api-client lint$ eslint src tests --ext .ts
packages/platform lint: Done
packages/api-client lint: Done
apps/website lint$ eslint app src tests
packages/domain-ui lint$ eslint src tests --ext .ts,.tsx
apps/website lint: Done
packages/domain-ui lint: Done
apps/terminal lint$ eslint app src tests --ext .ts,.tsx
apps/terminal lint: Done
pnpm typecheck

> @sumalpha/quantos@ typecheck /Users/anray/Documents/project/SumAlpha/QuantOS
> pnpm -r typecheck

Scope: 7 of 8 workspace projects
packages/config typecheck$ tsc --project tsconfig.json --noEmit
packages/ui typecheck$ tsc --project tsconfig.json --noEmit
packages/ui typecheck: Done
packages/config typecheck: Done
packages/api-client typecheck$ tsc --project tsconfig.json --noEmit
packages/platform typecheck$ tsc --project tsconfig.json --noEmit
packages/platform typecheck: Done
packages/api-client typecheck: Done
apps/website typecheck$ tsc --project tsconfig.json --noEmit
packages/domain-ui typecheck$ tsc --project tsconfig.json --noEmit
packages/domain-ui typecheck: Done
apps/website typecheck: Done
apps/terminal typecheck$ tsc --project tsconfig.json --noEmit
apps/terminal typecheck: Done
    Checking quantos-proto v0.1.0 (/Users/anray/Documents/project/SumAlpha/QuantOS/crates/quantos-proto)
    Checking quantos-engine-manager v0.1.0 (/Users/anray/Documents/project/SumAlpha/QuantOS/crates/quantos-engine-manager)
    Checking quantos-runtime v0.1.0 (/Users/anray/Documents/project/SumAlpha/QuantOS/crates/quantos-runtime)
    Checking quantos-observability v0.1.0 (/Users/anray/Documents/project/SumAlpha/QuantOS/crates/quantos-observability)
    Checking quantos-execution v0.1.0 (/Users/anray/Documents/project/SumAlpha/QuantOS/crates/quantos-execution)
    Checking bff-gateway v0.1.0 (/Users/anray/Documents/project/SumAlpha/QuantOS/services/bff-gateway)
    Checking portfolio-rebuild v0.1.0 (/Users/anray/Documents/project/SumAlpha/QuantOS/services/portfolio-rebuild)
    Checking market-ingestor v0.1.0 (/Users/anray/Documents/project/SumAlpha/QuantOS/services/market-ingestor)
    Checking runtime-gateway v0.1.0 (/Users/anray/Documents/project/SumAlpha/QuantOS/services/runtime-gateway)
    Checking replay-cli v0.1.0 (/Users/anray/Documents/project/SumAlpha/QuantOS/services/replay-cli)
    Checking capacity-monitor v0.1.0 (/Users/anray/Documents/project/SumAlpha/QuantOS/services/capacity-monitor)
    Checking execution-gateway v0.1.0 (/Users/anray/Documents/project/SumAlpha/QuantOS/services/execution-gateway)
    Checking quantos-evidence v0.1.0 (/Users/anray/Documents/project/SumAlpha/QuantOS/crates/quantos-evidence)
    Checking quantos-reconcile v0.1.0 (/Users/anray/Documents/project/SumAlpha/QuantOS/crates/quantos-reconcile)
    Finished `dev` profile [unoptimized + debuginfo] target(s) in 26.08s
