
> @sumalpha/quantos@ test:pre03 /Users/anray/Documents/project/SumAlpha/QuantOS
> node --test scripts/pre03-gate-negative.mjs

✔ current Web contract passes and never loads Desktop inputs (8.2025ms)
✔ apps/terminal rejects Next 15.5.23 (5.147084ms)
✔ apps/terminal rejects Next 16.0.0 (2.041209ms)
✔ apps/website rejects Next 15.5.23 (1.615458ms)
✔ apps/website rejects Next 16.0.0 (1.545709ms)
✔ missing package resolutions (1.798541ms)
✔ missing snapshots (1.1535ms)
✔ specifier drift (1.811875ms)
✔ dependency removed (1.941041ms)
✔ dependency inserted (1.730541ms)
✔ manifest drift fails without changing lock (0.82275ms)
✔ ADR drift fails (0.681959ms)
✔ duplicate ADR version row fails (0.682625ms)
✔ missing transitive snapshot fails (1.628792ms)
✔ Node pin drift fails (0.704042ms)
✔ effective Next configuration: valid export (213.084292ms)
✔ effective Next configuration: comment marker (230.688166ms)
✔ effective Next configuration: dead branch (213.147666ms)
✔ effective Next configuration: subsequent override (215.088291ms)
✔ effective Next configuration: function config (216.203958ms)
✔ bad route resources, fake HTML and script failures fail closed (11804.131834ms)
✔ Next-specific async client violation is an ESLint error (241.405417ms)
✔ build receipts reject stale source, config, identity and missing receipts (2.003209ms)
✔ source binding ignores caches but detects actual source changes (3.545167ms)
✔ all workspace importers and exact link targets are required (11.066458ms)
✔ runtime loader discovers omitted manifests independently of lockfile (495.8285ms)
✔ per-app env files are isolated and reloaded without polluting caller (657.111958ms)
ℹ tests 27
ℹ suites 0
ℹ pass 27
ℹ fail 0
ℹ cancelled 0
ℹ skipped 0
ℹ todo 0
ℹ duration_ms 15039.833542
