
> @sumalpha/quantos@ test:pre06 /Users/anray/Documents/project/SumAlpha/QuantOS
> node --test scripts/pre06-gate-negative.mjs scripts/pre06-runtime-negative.mjs

✔ current PRE-06 Web baseline passes (24.25675ms)
✔ website browser Gate deletion is rejected (10.840208ms)
✔ Desktop coupling in phase-one compatibility is rejected (8.111792ms)
✔ Desktop deep-link inclusion in phase-one Terminal is rejected (7.2095ms)
✔ generated operation coverage drift is rejected (6.887042ms)
✔ visual baseline integrity failure is rejected (6.337708ms)
✔ performance budget weakening is rejected (6.182375ms)
✔ disabled CI steps and comment-only commands are rejected (16.598375ms)
✔ contract assertion deletion and visual comparison deletion fail closed (10.536667ms)
✔ website performance and critical coverage gates cannot be removed (10.617292ms)
✔ CI retry policy must reject flaky outcomes and archive failure evidence (10.63925ms)
✔ comments cannot restore weakened budget or critical coverage policy (14.036292ms)
✔ skipped suites and inactive screenshot assertions cannot satisfy the baseline (37.273375ms)
✔ critical contract callbacks cannot return early, hide assertions, or remove runtime counting (22.489125ms)
✔ unknown and corrupted fixtures are rejected, explicit sabotage fixtures remain expected failures (29.679125ms)
✔ empty assets and empty route manifest are never a zero-sized performance PASS (27.536625ms)
✔ actual CI configs return nonzero for first-fail-then-pass policy probe (1253.664166ms)
ℹ tests 17
ℹ suites 0
ℹ pass 17
ℹ fail 0
ℹ cancelled 0
ℹ skipped 0
ℹ todo 0
ℹ duration_ms 1360.786541
