Validated 6 pinned Buf plugins and locked generation workflow.
✔ proto generation configuration is pinned and lock-preserving (37.446792ms)
✔ proto generation configuration rejects an unpinned remote plugin (36.107833ms)
✔ proto generation configuration rejects implicit dependency updates (36.368292ms)
ℹ tests 3
ℹ suites 0
ℹ pass 3
ℹ fail 0
ℹ cancelled 0
ℹ skipped 0
ℹ todo 0
ℹ duration_ms 141.492083
Extracted 50 JSON schema documents.
Validated 50 standalone JSON schemas and 11 planned domain schemas.
✔ standalone JSON schema gate passes the complete generated catalog (122.408875ms)
✔ standalone JSON schema gate rejects a missing planned domain schema (42.320459ms)
✔ standalone JSON schema gate rejects an unresolved reference (124.148583ms)
ℹ tests 3
ℹ suites 0
ℹ pass 3
ℹ fail 0
ℹ cancelled 0
ℹ skipped 0
ℹ todo 0
ℹ duration_ms 319.493208
Proto compatibility checked against f42f0eaf8cf077765ad2184c62965f169eca5841
Proto checks passed.
