uv run --locked --project engines --all-packages ruff check . --extend-exclude third_party/vibe-trading/upstream-src
Using CPython 3.12.10
Creating virtual environment at: engines/.venv
   Building quantos-engine-sdk @ file:///private/tmp/quantos-ci-e0e9cbc-clean-clone/engines/engine-sdk
   Building quantos-llmquant @ file:///private/tmp/quantos-ci-e0e9cbc-clean-clone/engines/llmquant
   Building quantos-mock-engine @ file:///private/tmp/quantos-ci-e0e9cbc-clean-clone/engines/mock-engine
   Building quantos-openbb-adapter @ file:///private/tmp/quantos-ci-e0e9cbc-clean-clone/engines/openbb-adapter
   Building quantos-rd-agent @ file:///private/tmp/quantos-ci-e0e9cbc-clean-clone/engines/rd-agent
   Building quantos-strategy-lab @ file:///private/tmp/quantos-ci-e0e9cbc-clean-clone/engines/strategy-lab
   Building quantos-trading-agents @ file:///private/tmp/quantos-ci-e0e9cbc-clean-clone/engines/trading-agents
   Building quantos-vibe-adapter @ file:///private/tmp/quantos-ci-e0e9cbc-clean-clone/engines/vibe-adapter
      Built quantos-trading-agents @ file:///private/tmp/quantos-ci-e0e9cbc-clean-clone/engines/trading-agents
      Built quantos-vibe-adapter @ file:///private/tmp/quantos-ci-e0e9cbc-clean-clone/engines/vibe-adapter
      Built quantos-mock-engine @ file:///private/tmp/quantos-ci-e0e9cbc-clean-clone/engines/mock-engine
      Built quantos-llmquant @ file:///private/tmp/quantos-ci-e0e9cbc-clean-clone/engines/llmquant
      Built quantos-strategy-lab @ file:///private/tmp/quantos-ci-e0e9cbc-clean-clone/engines/strategy-lab
      Built quantos-engine-sdk @ file:///private/tmp/quantos-ci-e0e9cbc-clean-clone/engines/engine-sdk
      Built quantos-rd-agent @ file:///private/tmp/quantos-ci-e0e9cbc-clean-clone/engines/rd-agent
      Built quantos-openbb-adapter @ file:///private/tmp/quantos-ci-e0e9cbc-clean-clone/engines/openbb-adapter
Installed 21 packages in 64ms
All checks passed!
uv run --locked --project engines --all-packages pyright --project engines
0 errors, 0 warnings, 0 informations 
WARNING: there is a new pyright version available (v1.1.403 -> v1.1.414).
Please install the new version or set PYRIGHT_PYTHON_FORCE_VERSION to `latest`

