
running 15 tests
test live::f09_live_tests::real_logout_db_write_matches_persistent_trace ... ignored, Supabase target test: run explicitly with QUANTOS_RUN_F09_POSTGRES_TESTS=1
test live::settings_policy::tests::revoked_delivery_is_terminal ... ok
test live::settings_policy::tests::current_factor_status_overrides_cancel_checkpoint ... ok
test live::settings_policy::tests::first_factor_cannot_create_after_any_verified_factor_exists ... ok
test live::settings_policy::tests::last_verified_factor_cannot_be_removed_even_with_unverified_siblings ... ok
test live::settings_policy::tests::live_challenge_has_five_minute_lifetime ... ok
test live::settings_policy::tests::malformed_factor_state_cannot_be_treated_as_unenrolled ... ok
test live::settings_policy::tests::live_csrf_requires_bound_cookie_and_header ... ok
test live::settings_policy::tests::verification_time_comes_from_auth_facts_not_session_expiry ... ok
test live::tests::live_session_requires_opaque_cookie_and_exact_origin ... ok
test live::tests::live_errors_hide_account_existence_and_include_correlation ... ok
test live::cors_tests::trusted_browser_can_read_contract_response_headers ... ok
test live::cors_tests::untrusted_origin_and_undeclared_headers_are_not_allowed ... ok
test live::cors_tests::trusted_recent_auth_preflight_allows_contract_headers ... ok
test live::f09_trace_tests::auth_write_returns_queryable_correlation_trace ... ok

test result: ok. 14 passed; 0 failed; 1 ignored; 0 measured; 0 filtered out; finished in 0.00s

   Compiling proc-macro2 v1.0.107
   Compiling unicode-ident v1.0.24
   Compiling libc v0.2.189
   Compiling quote v1.0.47
   Compiling cfg-if v1.0.4
   Compiling bytes v1.12.1
   Compiling once_cell v1.21.4
   Compiling pin-project-lite v0.2.17
   Compiling futures-core v0.3.33
   Compiling memchr v2.8.3
   Compiling bitflags v2.13.1
   Compiling itoa v1.0.18
   Compiling serde_core v1.0.229
   Compiling log v0.4.33
   Compiling typenum v1.20.1
   Compiling shlex v2.0.1
   Compiling futures-sink v0.3.33
   Compiling find-msvc-tools v0.1.9
   Compiling smallvec v1.15.2
   Compiling autocfg v1.5.1
   Compiling pkg-config v0.3.33
   Compiling core-foundation-sys v0.8.7
   Compiling serde v1.0.229
   Compiling slab v0.4.12
   Compiling futures-io v0.3.33
   Compiling futures-task v0.3.33
   Compiling percent-encoding v2.3.2
   Compiling rand_core v0.10.1
   Compiling getrandom v0.4.3
   Compiling stable_deref_trait v1.2.1
   Compiling equivalent v1.0.2
   Compiling hashbrown v0.17.1
   Compiling zmij v1.0.23
   Compiling num-traits v0.2.19
   Compiling tracing-core v0.1.36
   Compiling base64 v0.22.1
   Compiling serde_json v1.0.151
   Compiling rustix v1.1.4
   Compiling http v1.4.2
   Compiling futures-channel v0.3.33
   Compiling indexmap v2.14.0
   Compiling hybrid-array v0.4.13
   Compiling iana-time-zone v0.1.65
   Compiling either v1.17.0
   Compiling http-body v1.1.0
   Compiling fs_extra v1.3.0
   Compiling cmov v0.5.4
   Compiling fastrand v2.5.0
   Compiling subtle v2.6.1
   Compiling version_check v0.9.5
   Compiling dunce v1.0.5
   Compiling anyhow v1.0.104
   Compiling tower-service v0.3.3
   Compiling ctutils v0.4.2
   Compiling crypto-common v0.2.2
   Compiling generic-array v0.14.7
   Compiling block-buffer v0.12.1
   Compiling httparse v1.10.1
   Compiling const-oid v0.10.2
   Compiling digest v0.11.3
   Compiling itertools v0.14.0
   Compiling atomic-waker v1.1.2
   Compiling tinyvec_macros v0.1.1
   Compiling fnv v1.0.7
   Compiling litemap v0.8.2
   Compiling writeable v0.6.3
   Compiling try-lock v0.2.5
   Compiling tinyvec v1.12.0
   Compiling want v0.3.1
   Compiling form_urlencoded v1.2.2
   Compiling aws-lc-rs v1.18.0
   Compiling icu_normalizer_data v2.2.0
   Compiling tower-layer v0.3.3
   Compiling icu_properties_data v2.2.0
   Compiling utf8_iter v1.0.4
   Compiling httpdate v1.0.3
   Compiling unicode-normalization v0.1.25
   Compiling chacha20 v0.10.2
   Compiling sync_wrapper v1.0.2
   Compiling parking_lot_core v0.9.12
   Compiling zeroize v1.9.0
   Compiling ipnet v2.12.0
   Compiling unicode-bidi v0.3.18
   Compiling unicode-properties v0.1.4
   Compiling block-buffer v0.10.4
   Compiling crypto-common v0.1.7
   Compiling hmac v0.13.0
   Compiling md-5 v0.11.0
   Compiling errno v0.3.14
   Compiling mio v1.2.2
   Compiling socket2 v0.6.5
   Compiling jobserver v0.1.35
   Compiling signal-hook-registry v1.4.8
   Compiling cpufeatures v0.3.0
   Compiling sha2 v0.11.0
   Compiling cc v1.4.0
   Compiling rand v0.10.2
   Compiling stringprep v0.1.5
   Compiling core-foundation v0.10.1
   Compiling security-framework-sys v2.17.0
   Compiling objc2-core-foundation v0.3.2
   Compiling fallible-iterator v0.2.0
   Compiling syn v2.0.119
   Compiling syn v3.0.3
   Compiling siphasher v1.0.3
   Compiling vcpkg v0.2.15
   Compiling byteorder v1.5.0
   Compiling zerocopy v0.8.55
   Compiling scopeguard v1.2.0
   Compiling objc2-system-configuration v0.3.2
   Compiling security-framework v3.7.0
   Compiling lock_api v0.4.14
   Compiling phf_shared v0.13.1
   Compiling postgres-protocol v0.6.12
   Compiling digest v0.10.7
   Compiling rustls-pki-types v1.15.1
   Compiling cmake v0.1.58
   Compiling http-body-util v0.1.4
   Compiling rustls v0.23.45
   Compiling untrusted v0.9.0
   Compiling regex-syntax v0.8.11
   Compiling thiserror v2.0.19
   Compiling prettyplease v0.2.37
   Compiling parking_lot v0.12.5
   Compiling uuid v1.24.0
   Compiling phf v0.13.1
   Compiling whoami v2.1.2
   Compiling getrandom v0.2.17
   Compiling aws-lc-sys v0.44.0
   Compiling openssl-sys v0.9.117
   Compiling cpufeatures v0.2.17
   Compiling heck v0.5.0
   Compiling fixedbitset v0.5.7
   Compiling rustversion v1.0.23
   Compiling rust_decimal v1.42.1
   Compiling native-tls v0.2.18
   Compiling petgraph v0.7.1
   Compiling regex-automata v0.4.16
   Compiling tempfile v3.27.0
   Compiling sha2 v0.10.9
   Compiling rand_core v0.6.4
   Compiling semver v1.0.28
   Compiling synstructure v0.13.2
   Compiling itertools v0.13.0
   Compiling indexmap v1.9.3
   Compiling multimap v0.10.1
   Compiling arrayvec v0.7.8
   Compiling ryu v1.0.23
   Compiling openssl v0.10.81
   Compiling foreign-types-shared v0.1.1
   Compiling hashbrown v0.12.3
   Compiling mime v0.3.17
   Compiling hex v0.4.3
   Compiling foreign-types v0.3.2
   Compiling regex v1.13.1
   Compiling serde_path_to_error v0.1.20
   Compiling base64 v0.21.7
   Compiling tokio-openssl v0.6.5
   Compiling matchit v0.7.3
   Compiling serde_derive v1.0.229
   Compiling async-trait v0.1.91
   Compiling thiserror-impl v2.0.19
   Compiling socket2 v0.5.10
   Compiling hmac v0.12.1
   Compiling aho-corasick v1.1.4
   Compiling tokio-macros v2.7.1
   Compiling futures-macro v0.3.33
   Compiling zerofrom-derive v0.1.7
   Compiling yoke-derive v0.8.2
   Compiling tracing-attributes v0.1.31
   Compiling zerovec-derive v0.11.3
   Compiling displaydoc v0.2.6
   Compiling prost-derive v0.13.5
   Compiling ppv-lite86 v0.2.21
   Compiling rand_chacha v0.3.1
   Compiling futures-util v0.3.33
   Compiling tokio v1.53.1
   Compiling pin-project-internal v1.1.13
   Compiling rand v0.8.7
   Compiling zerofrom v0.1.8
   Compiling openssl-macros v0.1.1
   Compiling async-stream-impl v0.3.6
   Compiling tracing v0.1.44
   Compiling async-stream v0.3.6
   Compiling yoke v0.8.3
   Compiling prost v0.13.5
   Compiling pin-project v1.1.13
   Compiling zerovec v0.11.6
   Compiling zerotrie v0.2.4
   Compiling prost-types v0.13.5
   Compiling chrono v0.4.45
   Compiling serde_urlencoded v0.7.1
   Compiling pbjson v0.7.0
   Compiling axum-core v0.4.5
   Compiling tinystr v0.8.3
   Compiling potential_utf v0.1.5
   Compiling pbjson-build v0.7.0
   Compiling prost-build v0.13.5
   Compiling icu_collections v2.2.0
   Compiling icu_locale_core v2.2.0
   Compiling postgres-types v0.2.14
   Compiling quantos-core v0.1.0 (/Users/anray/Documents/project/SumAlpha/QuantOS/crates/quantos-core)
   Compiling icu_provider v2.2.0
   Compiling pbjson-types v0.7.0
   Compiling icu_properties v2.2.0
   Compiling icu_normalizer v2.2.0
   Compiling quantos-policy v0.1.0 (/Users/anray/Documents/project/SumAlpha/QuantOS/crates/quantos-policy)
   Compiling tokio-util v0.7.19
   Compiling tower v0.5.3
   Compiling tokio-native-tls v0.3.1
   Compiling tokio-stream v0.1.19
   Compiling idna_adapter v1.2.2
   Compiling h2 v0.4.16
   Compiling idna v1.1.0
   Compiling tokio-postgres v0.7.18
   Compiling tower v0.4.13
   Compiling url v2.5.8
   Compiling tower-http v0.6.11
   Compiling postgres v0.19.14
   Compiling postgres-native-tls v0.5.3
   Compiling postgres-openssl v0.5.3
   Compiling quantos-event v0.1.0 (/Users/anray/Documents/project/SumAlpha/QuantOS/crates/quantos-event)
   Compiling hyper v1.11.0
   Compiling hyper-util v0.1.20
   Compiling axum v0.7.9
   Compiling hyper-timeout v0.5.2
   Compiling tonic v0.12.3
   Compiling quantos-proto v0.1.0 (/Users/anray/Documents/project/SumAlpha/QuantOS/crates/quantos-proto)
   Compiling quantos-engine-manager v0.1.0 (/Users/anray/Documents/project/SumAlpha/QuantOS/crates/quantos-engine-manager)
   Compiling rustls-webpki v0.103.14
   Compiling tokio-rustls v0.26.4
   Compiling rustls-platform-verifier v0.7.0
   Compiling hyper-rustls v0.27.9
   Compiling reqwest v0.13.4
   Compiling quantos-storage v0.1.0 (/Users/anray/Documents/project/SumAlpha/QuantOS/crates/quantos-storage)
   Compiling quantos-auth v0.1.0 (/Users/anray/Documents/project/SumAlpha/QuantOS/crates/quantos-auth)
   Compiling quantos-runtime v0.1.0 (/Users/anray/Documents/project/SumAlpha/QuantOS/crates/quantos-runtime)
   Compiling quantos-observability v0.1.0 (/Users/anray/Documents/project/SumAlpha/QuantOS/crates/quantos-observability)
   Compiling bff-gateway v0.1.0 (/Users/anray/Documents/project/SumAlpha/QuantOS/services/bff-gateway)
    Finished `test` profile [unoptimized + debuginfo] target(s) in 20.79s
     Running unittests src/lib.rs (/private/tmp/quantos-ci-5da474e-cold-target/debug/deps/bff_gateway-68c4eb783de3751f)
