
> @sumalpha/quantos@ test:development-plans /Users/anray/Documents/project/SumAlpha/QuantOS
> node --test scripts/development-plan-order-negative.mjs

✔ joint schedule is acyclic and preserves task/status boundaries (10.800916ms)
✔ restoring a complete R1 prerequisite for S2 services creates a rejected cycle (5.190833ms)
✔ research service waiting on its consumer page is rejected (4.541209ms)
✔ historical CORE:R04 to CORE:L04 probe now fails closed (4.35425ms)
✔ an early identity API cannot silently depend on later research services (5.761ms)
✔ a provider cannot wait for the consumer frontend Gate (4.241ms)
✔ removing S2 service admission from a core execution task is rejected (4.638709ms)
✔ S2 service Gate cannot omit TP12 advance evaluation (4.855833ms)
✔ I10 cannot drop testnet service admission even if metadata is edited with it (5.271458ms)
✔ a new or existing frontend cannot skip the full provider Gate (5.319083ms)
✔ G5 cannot be marked as closing in I4 before reconciliation (5.255042ms)
✔ moving the G1 block above I1 tasks is rejected (4.906625ms)
✔ milestone cannot omit its last child while retaining a Gate summary (5.061625ms)
✔ prose-only backend dependencies cannot drift from structured prerequisites (5.13425ms)
✔ core closure mapping cannot become an implicit service alias (4.957916ms)
✔ ACCEPTED checkpoint needs SHA and evidence, not only a green word (5.378792ms)
✔ accepted checkpoint evidence must resolve (2.671125ms)
✔ missing checkpoint and unknown dependency fail closed (6.512ms)
✔ API windows cannot skip their preceding provider checkpoint (5.200791ms)
✔ UI windows cannot skip the preceding reconciliation window (4.898042ms)
✔ Web intake preserves the explicit no-model-review schema (1.515ms)
✔ missing Web task fields still fail closed (1.434916ms)
✔ both plans must publish exactly the same stage contract (5.475041ms)
✔ changing both plans cannot defer correctness or functional deadlines to release (13.023708ms)
✔ both plans must retain every deferred release obligation (14.45125ms)
✔ tasks and checkpoints cannot omit, invent, or misclassify their stage gate (18.961417ms)
✔ release prerequisites cannot block either development or integration (12.334666ms)
✔ release gates cannot skip business closure or inherit the wrong stage (14.005625ms)
✔ historical ACCEPTED and completed tasks do not automatically become READY (5.815459ms)
✔ READY needs its own input digest and resolvable evidence (31.175333ms)
✔ unassessed stage gates cannot carry an apparent ready receipt (7.452583ms)
✔ BLOCKED retains failure evidence and digest without being counted as READY (9.367083ms)
✔ a READY chain needs READY prerequisites and its own evidence at every node (14.567584ms)
✔ stage readiness never substitutes for formal acceptance evidence (2.862875ms)
✔ release READY requires formal acceptance and all functional prerequisites (8.844ms)
ℹ tests 35
ℹ suites 0
ℹ pass 35
ℹ fail 0
ℹ cancelled 0
ℹ skipped 0
ℹ todo 0
ℹ duration_ms 303.7595
