frontend-baseline	A2 BFF-FE-001 auth and settings contract Gate	﻿2026-10-06T03:12:38.1693531Z ##[group]Run pnpm check:bff-fe-001 && pnpm test:bff-fe-001
frontend-baseline	A2 BFF-FE-001 auth and settings contract Gate	2026-10-06T03:12:38.1694003Z ^[[36;1mpnpm check:bff-fe-001 && pnpm test:bff-fe-001^[[0m
frontend-baseline	A2 BFF-FE-001 auth and settings contract Gate	2026-10-06T03:12:38.1747028Z shell: /usr/bin/bash -e {0}
frontend-baseline	A2 BFF-FE-001 auth and settings contract Gate	2026-10-06T03:12:38.1747183Z env:
frontend-baseline	A2 BFF-FE-001 auth and settings contract Gate	2026-10-06T03:12:38.1747336Z   QUANTOS_BFF_BASE: e0e9cbc649ffd610cfa5ee7e576117ce70c6bae5
frontend-baseline	A2 BFF-FE-001 auth and settings contract Gate	2026-10-06T03:12:38.1747553Z   NEXT_PUBLIC_QUANTOS_ENV: local-mock
frontend-baseline	A2 BFF-FE-001 auth and settings contract Gate	2026-10-06T03:12:38.1747731Z   NEXT_PUBLIC_SITE_ORIGIN: https://sumalpha.ai
frontend-baseline	A2 BFF-FE-001 auth and settings contract Gate	2026-10-06T03:12:38.1747937Z   NEXT_PUBLIC_QUANTOS_TERMINAL_ORIGIN: http://localhost:3190
frontend-baseline	A2 BFF-FE-001 auth and settings contract Gate	2026-10-06T03:12:38.1748152Z   NEXT_PUBLIC_QUANTOS_BFF_ORIGIN: http://localhost:4010
frontend-baseline	A2 BFF-FE-001 auth and settings contract Gate	2026-10-06T03:12:38.1748359Z   NEXT_PUBLIC_QUANTOS_OIDC_ISSUER: https://mock.idp.local
frontend-baseline	A2 BFF-FE-001 auth and settings contract Gate	2026-10-06T03:12:38.1748572Z   NEXT_PUBLIC_QUANTOS_OIDC_CLIENT_ID: quantos-terminal-ci
frontend-baseline	A2 BFF-FE-001 auth and settings contract Gate	2026-10-06T03:12:38.1748807Z   NEXT_PUBLIC_QUANTOS_OIDC_REDIRECT_URI: http://localhost:3190/auth/callback
frontend-baseline	A2 BFF-FE-001 auth and settings contract Gate	2026-10-06T03:12:38.1749031Z   NEXT_PUBLIC_QUANTOS_DEFAULT_MODE: paper
frontend-baseline	A2 BFF-FE-001 auth and settings contract Gate	2026-10-06T03:12:38.1749194Z   NEXT_PUBLIC_QUANTOS_MOCK_ENABLED: true
frontend-baseline	A2 BFF-FE-001 auth and settings contract Gate	2026-10-06T03:12:38.1749378Z   NEXT_PUBLIC_QUANTOS_OBS_ENABLED: false
frontend-baseline	A2 BFF-FE-001 auth and settings contract Gate	2026-10-06T03:12:38.1749553Z   NEXT_PUBLIC_QUANTOS_FEATURE_ASSISTED_LIVE_TESTNET: off
frontend-baseline	A2 BFF-FE-001 auth and settings contract Gate	2026-10-06T03:12:38.1749730Z   CARGO_HOME: /home/runner/.cargo
frontend-baseline	A2 BFF-FE-001 auth and settings contract Gate	2026-10-06T03:12:38.1749870Z   CARGO_INCREMENTAL: 0
frontend-baseline	A2 BFF-FE-001 auth and settings contract Gate	2026-10-06T03:12:38.1750142Z   CARGO_TERM_COLOR: always
frontend-baseline	A2 BFF-FE-001 auth and settings contract Gate	2026-10-06T03:12:38.1750272Z ##[endgroup]
frontend-baseline	A2 BFF-FE-001 auth and settings contract Gate	2026-10-06T03:12:38.3611233Z 
frontend-baseline	A2 BFF-FE-001 auth and settings contract Gate	2026-10-06T03:12:38.3611853Z > @sumalpha/quantos@ check:bff-fe-001 /home/runner/work/QuantOS/QuantOS
frontend-baseline	A2 BFF-FE-001 auth and settings contract Gate	2026-10-06T03:12:38.3612168Z > node scripts/check-bff-fe-001.mjs
frontend-baseline	A2 BFF-FE-001 auth and settings contract Gate	2026-10-06T03:12:38.3612286Z 
frontend-baseline	A2 BFF-FE-001 auth and settings contract Gate	2026-10-06T03:12:40.3985353Z file:///home/runner/work/QuantOS/QuantOS/scripts/bff-fe-001-execution.mjs:50
frontend-baseline	A2 BFF-FE-001 auth and settings contract Gate	2026-10-06T03:12:40.3986011Z   if (report.status !== "PASS") throw Error("A2 provider/consumer semantic regressions failed; see artifacts/bff-fe-001/semantics-*.log");
frontend-baseline	A2 BFF-FE-001 auth and settings contract Gate	2026-10-06T03:12:40.3996741Z                                       ^
frontend-baseline	A2 BFF-FE-001 auth and settings contract Gate	2026-10-06T03:12:40.3996946Z 
frontend-baseline	A2 BFF-FE-001 auth and settings contract Gate	2026-10-06T03:12:40.3997337Z Error: A2 provider/consumer semantic regressions failed; see artifacts/bff-fe-001/semantics-*.log
frontend-baseline	A2 BFF-FE-001 auth and settings contract Gate	2026-10-06T03:12:40.3997980Z     at runExecutionProof (file:///home/runner/work/QuantOS/QuantOS/scripts/bff-fe-001-execution.mjs:50:39)
frontend-baseline	A2 BFF-FE-001 auth and settings contract Gate	2026-10-06T03:12:40.3998562Z     at file:///home/runner/work/QuantOS/QuantOS/scripts/check-bff-fe-001.mjs:140:61
frontend-baseline	A2 BFF-FE-001 auth and settings contract Gate	2026-10-06T03:12:40.3998869Z     at ModuleJob.run (node:internal/modules/esm/module_job:413:25)
frontend-baseline	A2 BFF-FE-001 auth and settings contract Gate	2026-10-06T03:12:40.3999170Z     at async onImport.tracePromise.__proto__ (node:internal/modules/esm/loader:660:26)
frontend-baseline	A2 BFF-FE-001 auth and settings contract Gate	2026-10-06T03:12:40.3999514Z     at async asyncRunEntryPointWithESMLoader (node:internal/modules/run_main:101:5)
frontend-baseline	A2 BFF-FE-001 auth and settings contract Gate	2026-10-06T03:12:40.3999699Z 
frontend-baseline	A2 BFF-FE-001 auth and settings contract Gate	2026-10-06T03:12:40.3999756Z Node.js v24.12.0
frontend-baseline	A2 BFF-FE-001 auth and settings contract Gate	2026-10-06T03:12:40.4146597Z  ELIFECYCLE  Command failed with exit code 1.
frontend-baseline	A2 BFF-FE-001 auth and settings contract Gate	2026-10-06T03:12:40.4469490Z ##[error]Process completed with exit code 1.
