
> @sumalpha/quantos@ typecheck /private/var/folders/k8/_4hymb6j59s0c8xntb11ktmc0000gn/T/quantos-pre05-remediation-jjkzniuj
> pnpm -r typecheck

Scope: 7 of 8 workspace projects
packages/config typecheck$ tsc --project tsconfig.json --noEmit
packages/ui typecheck$ tsc --project tsconfig.json --noEmit
packages/config typecheck: Done
packages/ui typecheck: Done
packages/platform typecheck$ tsc --project tsconfig.json --noEmit
packages/api-client typecheck$ tsc --project tsconfig.json --noEmit
packages/platform typecheck: Done
packages/api-client typecheck: Done
apps/website typecheck$ tsc --project tsconfig.json --noEmit
packages/domain-ui typecheck$ tsc --project tsconfig.json --noEmit
packages/domain-ui typecheck: Done
apps/website typecheck: ../../packages/config/src/env.ts(1,58): error TS5097: An import path can only end with a '.ts' extension when 'allowImportingTsExtensions' is enabled.
apps/website typecheck: Failed
/private/var/folders/k8/_4hymb6j59s0c8xntb11ktmc0000gn/T/quantos-pre05-remediation-jjkzniuj/apps/website:
 ERR_PNPM_RECURSIVE_RUN_FIRST_FAIL  @sumalpha/website@0.1.0 typecheck: `tsc --project tsconfig.json --noEmit`
Exit status 2
 ELIFECYCLE  Command failed with exit code 2.
