============================= test session starts ==============================
platform darwin -- Python 3.12.10, pytest-9.0.3, pluggy-1.6.0 -- /Users/anray/Documents/project/SumAlpha/QuantOS/engines/.venv/bin/python
cachedir: .pytest_cache
rootdir: /Users/anray/Documents/project/SumAlpha/QuantOS/engines
configfile: pyproject.toml
plugins: cov-6.2.1
collecting ... collected 44 items

engines/tests/test_vibe_adapter_absorption.py::test_twenty_deterministic_design_replays[workflow_briefing_equities_01] PASSED [  2%]
engines/tests/test_vibe_adapter_absorption.py::test_twenty_deterministic_design_replays[workflow_briefing_macro_02] PASSED [  4%]
engines/tests/test_vibe_adapter_absorption.py::test_twenty_deterministic_design_replays[workflow_memo_crypto_03] PASSED [  6%]
engines/tests/test_vibe_adapter_absorption.py::test_twenty_deterministic_design_replays[workflow_memo_fx_04] PASSED [  9%]
engines/tests/test_vibe_adapter_absorption.py::test_twenty_deterministic_design_replays[workflow_compare_sector_05] PASSED [ 11%]
engines/tests/test_vibe_adapter_absorption.py::test_twenty_deterministic_design_replays[workflow_compare_factor_06] PASSED [ 13%]
engines/tests/test_vibe_adapter_absorption.py::test_twenty_deterministic_design_replays[workflow_screen_growth_07] PASSED [ 15%]
engines/tests/test_vibe_adapter_absorption.py::test_twenty_deterministic_design_replays[workflow_screen_quality_08] PASSED [ 18%]
engines/tests/test_vibe_adapter_absorption.py::test_twenty_deterministic_design_replays[workflow_summary_sentiment_09] PASSED [ 20%]
engines/tests/test_vibe_adapter_absorption.py::test_twenty_deterministic_design_replays[workflow_summary_event_10] PASSED [ 22%]
engines/tests/test_vibe_adapter_absorption.py::test_twenty_deterministic_design_replays[workflow_streaming_intraday_11] PASSED [ 25%]
engines/tests/test_vibe_adapter_absorption.py::test_twenty_deterministic_design_replays[workflow_streaming_open_12] PASSED [ 27%]
engines/tests/test_vibe_adapter_absorption.py::test_twenty_deterministic_design_replays[workflow_note_earnings_13] PASSED [ 29%]
engines/tests/test_vibe_adapter_absorption.py::test_twenty_deterministic_design_replays[workflow_note_guidance_14] PASSED [ 31%]
engines/tests/test_vibe_adapter_absorption.py::test_twenty_deterministic_design_replays[workflow_timeline_policy_15] PASSED [ 34%]
engines/tests/test_vibe_adapter_absorption.py::test_twenty_deterministic_design_replays[workflow_timeline_snapshot_16] PASSED [ 36%]
engines/tests/test_vibe_adapter_absorption.py::test_twenty_deterministic_design_replays[workflow_watchlist_rotation_17] PASSED [ 38%]
engines/tests/test_vibe_adapter_absorption.py::test_twenty_deterministic_design_replays[workflow_watchlist_risk_18] PASSED [ 40%]
engines/tests/test_vibe_adapter_absorption.py::test_twenty_deterministic_design_replays[workflow_report_weekly_19] PASSED [ 43%]
engines/tests/test_vibe_adapter_absorption.py::test_twenty_deterministic_design_replays[workflow_report_monthly_20] PASSED [ 45%]
engines/tests/test_vibe_adapter_absorption.py::test_invalid_provider_contract_is_rejected_before_artifact[contract-0] PASSED [ 47%]
engines/tests/test_vibe_adapter_absorption.py::test_invalid_provider_contract_is_rejected_before_artifact[contract-1] PASSED [ 50%]
engines/tests/test_vibe_adapter_absorption.py::test_invalid_provider_contract_is_rejected_before_artifact[contract-2] PASSED [ 52%]
engines/tests/test_vibe_adapter_absorption.py::test_invalid_provider_contract_is_rejected_before_artifact[contract-3] PASSED [ 54%]
engines/tests/test_vibe_adapter_absorption.py::test_invalid_provider_contract_is_rejected_before_artifact[contract-4] PASSED [ 56%]
engines/tests/test_vibe_adapter_absorption.py::test_invalid_provider_contract_is_rejected_before_artifact[contract-5] PASSED [ 59%]
engines/tests/test_vibe_adapter_absorption.py::test_invalid_provider_contract_is_rejected_before_artifact[contract-6] PASSED [ 61%]
engines/tests/test_vibe_adapter_absorption.py::test_invalid_provider_contract_is_rejected_before_artifact[contract-7] PASSED [ 63%]
engines/tests/test_vibe_adapter_absorption.py::test_invalid_provider_contract_is_rejected_before_artifact[contract-8] PASSED [ 65%]
engines/tests/test_vibe_adapter_absorption.py::test_invalid_provider_contract_is_rejected_before_artifact[contract-9] PASSED [ 68%]
engines/tests/test_vibe_adapter_absorption.py::test_invalid_provider_contract_is_rejected_before_artifact[contract-10] PASSED [ 70%]
engines/tests/test_vibe_adapter_absorption.py::test_invalid_provider_contract_is_rejected_before_artifact[contract-11] PASSED [ 72%]
engines/tests/test_vibe_adapter_absorption.py::test_invalid_provider_contract_is_rejected_before_artifact[contract-12] PASSED [ 75%]
engines/tests/test_vibe_adapter_absorption.py::test_invalid_provider_contract_is_rejected_before_artifact[contract-13] PASSED [ 77%]
engines/tests/test_vibe_adapter_absorption.py::test_invalid_provider_contract_is_rejected_before_artifact[contract-14] PASSED [ 79%]
engines/tests/test_vibe_adapter_absorption.py::test_invalid_provider_contract_is_rejected_before_artifact[contract-15] PASSED [ 81%]
engines/tests/test_vibe_adapter_absorption.py::test_invalid_provider_contract_is_rejected_before_artifact[contract-16] PASSED [ 84%]
engines/tests/test_vibe_adapter_absorption.py::test_invalid_provider_contract_is_rejected_before_artifact[contract-17] PASSED [ 86%]
engines/tests/test_vibe_adapter_absorption.py::test_projection_helpers_reject_invalid_contracts[workflow] PASSED [ 88%]
engines/tests/test_vibe_adapter_absorption.py::test_projection_helpers_reject_invalid_contracts[streaming] PASSED [ 90%]
engines/tests/test_vibe_adapter_absorption.py::test_adapter_imports_only_quantos_protocols_and_local_rewrites PASSED [ 93%]
engines/tests/test_vibe_adapter_absorption.py::test_logical_command_audit_identity_is_bound_to_idempotency[request_id] PASSED [ 95%]
engines/tests/test_vibe_adapter_absorption.py::test_logical_command_audit_identity_is_bound_to_idempotency[correlation_id] PASSED [ 97%]
engines/tests/test_vibe_adapter_absorption.py::test_logical_command_audit_identity_is_bound_to_idempotency[causation_id] PASSED [100%]

============================== 44 passed in 0.20s ==============================
