node:internal/modules/cjs/loader:1421
  const err = new Error(message);
              ^

Error: Cannot find module '@next/env'
Require stack:
- /private/var/folders/k8/_4hymb6j59s0c8xntb11ktmc0000gn/T/quantos-pre05-review-jofm7ufb/apps/terminal/package.json
    at Module._resolveFilename (node:internal/modules/cjs/loader:1421:15)
    at defaultResolveImpl (node:internal/modules/cjs/loader:1059:19)
    at resolveForCJSWithHooks (node:internal/modules/cjs/loader:1064:22)
    at Module._load (node:internal/modules/cjs/loader:1227:37)
    at TracingChannel.traceSync (node:diagnostics_channel:328:14)
    at wrapModuleLoad (node:internal/modules/cjs/loader:245:24)
    at Module.require (node:internal/modules/cjs/loader:1504:12)
    at require (node:internal/modules/helpers:152:16)
    at file:///private/var/folders/k8/_4hymb6j59s0c8xntb11ktmc0000gn/T/quantos-pre05-review-jofm7ufb/pre05-dotenv-probe.mjs:2:108
    at ModuleJob.run (node:internal/modules/esm/module_job:413:25) {
  code: 'MODULE_NOT_FOUND',
  requireStack: [
    '/private/var/folders/k8/_4hymb6j59s0c8xntb11ktmc0000gn/T/quantos-pre05-review-jofm7ufb/apps/terminal/package.json'
  ]
}

Node.js v24.12.0
