
> @sumalpha/quantos@ test /private/var/folders/k8/_4hymb6j59s0c8xntb11ktmc0000gn/T/quantos-pre05-review-jofm7ufb
> pnpm -r test

Scope: 7 of 8 workspace projects
packages/config test$ vitest run
packages/ui test$ vitest run
packages/ui test: [1m[30m[46m RUN [49m[39m[22m [36mv4.1.11 [39m[90m/private/var/folders/k8/_4hymb6j59s0c8xntb11ktmc0000gn/T/quantos-pre05-review-jofm7ufb/packages/ui[39m
packages/config test: [1m[30m[46m RUN [49m[39m[22m [36mv4.1.11 [39m[90m/private/var/folders/k8/_4hymb6j59s0c8xntb11ktmc0000gn/T/quantos-pre05-review-jofm7ufb/packages/config[39m
packages/config test:  [32m✓[39m tests/config.test.ts [2m([22m[2m12 tests[22m[2m)[22m[32m 4[2mms[22m[39m
packages/config test: [2m Test Files [22m [1m[32m1 passed[39m[22m[90m (1)[39m
packages/config test: [2m      Tests [22m [1m[32m12 passed[39m[22m[90m (12)[39m
packages/config test: [2m   Start at [22m 20:34:38
packages/config test: [2m   Duration [22m 110ms[2m (transform 27ms, setup 0ms, import 35ms, tests 4ms, environment 0ms)[22m
packages/config test: Done
packages/ui test:  [32m✓[39m tests/ui.test.ts [2m([22m[2m1 test[22m[2m)[22m[32m 1[2mms[22m[39m
packages/ui test:  [32m✓[39m tests/ui103.test.tsx [2m([22m[2m6 tests[22m[2m)[22m[32m 7[2mms[22m[39m
packages/ui test:  [32m✓[39m tests/state-badge.test.tsx [2m([22m[2m11 tests[22m[2m)[22m[32m 17[2mms[22m[39m
packages/ui test:  [32m✓[39m tests/pre03-component.test.tsx [2m([22m[2m1 test[22m[2m)[22m[32m 30[2mms[22m[39m
packages/ui test: [2m Test Files [22m [1m[32m4 passed[39m[22m[90m (4)[39m
packages/ui test: [2m      Tests [22m [1m[32m19 passed[39m[22m[90m (19)[39m
packages/ui test: [2m   Start at [22m 20:34:38
packages/ui test: [2m   Duration [22m 463ms[2m (transform 179ms, setup 0ms, import 432ms, tests 55ms, environment 256ms)[22m
packages/ui test: Done
packages/api-client test$ vitest run
packages/platform test$ vitest run
packages/api-client test: [1m[30m[46m RUN [49m[39m[22m [36mv4.1.11 [39m[90m/private/var/folders/k8/_4hymb6j59s0c8xntb11ktmc0000gn/T/quantos-pre05-review-jofm7ufb/packages/api-client[39m
packages/platform test: [1m[30m[46m RUN [49m[39m[22m [36mv4.1.11 [39m[90m/private/var/folders/k8/_4hymb6j59s0c8xntb11ktmc0000gn/T/quantos-pre05-review-jofm7ufb/packages/platform[39m
packages/platform test:  [32m✓[39m tests/platform.test.ts [2m([22m[2m2 tests[22m[2m)[22m[32m 1[2mms[22m[39m
packages/platform test: [2m Test Files [22m [1m[32m1 passed[39m[22m[90m (1)[39m
packages/platform test: [2m      Tests [22m [1m[32m2 passed[39m[22m[90m (2)[39m
packages/platform test: [2m   Start at [22m 20:34:39
packages/platform test: [2m   Duration [22m 94ms[2m (transform 20ms, setup 0ms, import 26ms, tests 1ms, environment 0ms)[22m
packages/api-client test:  [32m✓[39m tests/sse-poc.test.ts [2m([22m[2m7 tests[22m[2m)[22m[32m 26[2mms[22m[39m
packages/platform test: Done
packages/api-client test:  [32m✓[39m tests/proto-metadata.test.ts [2m([22m[2m34 tests[22m[2m)[22m[32m 11[2mms[22m[39m
packages/api-client test:  [32m✓[39m tests/api-client.test.ts [2m([22m[2m5 tests[22m[2m)[22m[32m 12[2mms[22m[39m
packages/api-client test: [2m Test Files [22m [1m[32m3 passed[39m[22m[90m (3)[39m
packages/api-client test: [2m      Tests [22m [1m[32m46 passed[39m[22m[90m (46)[39m
packages/api-client test: [2m   Start at [22m 20:34:39
packages/api-client test: [2m   Duration [22m 213ms[2m (transform 164ms, setup 0ms, import 291ms, tests 48ms, environment 0ms)[22m
packages/api-client test: Done
apps/website test$ vitest run
packages/domain-ui test$ vitest run
packages/domain-ui test: [1m[30m[46m RUN [49m[39m[22m [36mv4.1.11 [39m[90m/private/var/folders/k8/_4hymb6j59s0c8xntb11ktmc0000gn/T/quantos-pre05-review-jofm7ufb/packages/domain-ui[39m
apps/website test: [1m[30m[46m RUN [49m[39m[22m [36mv4.1.11 [39m[90m/private/var/folders/k8/_4hymb6j59s0c8xntb11ktmc0000gn/T/quantos-pre05-review-jofm7ufb/apps/website[39m
packages/domain-ui test:  [32m✓[39m tests/ui101.test.ts [2m([22m[2m12 tests[22m[2m)[22m[32m 3[2mms[22m[39m
packages/domain-ui test:  [32m✓[39m tests/domain-ui.test.ts [2m([22m[2m1 test[22m[2m)[22m[32m 1[2mms[22m[39m
packages/domain-ui test:  [32m✓[39m tests/indicators.test.tsx [2m([22m[2m3 tests[22m[2m)[22m[32m 5[2mms[22m[39m
packages/domain-ui test: [2m Test Files [22m [1m[32m3 passed[39m[22m[90m (3)[39m
packages/domain-ui test: [2m      Tests [22m [1m[32m16 passed[39m[22m[90m (16)[39m
packages/domain-ui test: [2m   Start at [22m 20:34:39
packages/domain-ui test: [2m   Duration [22m 169ms[2m (transform 138ms, setup 0ms, import 219ms, tests 9ms, environment 0ms)[22m
packages/domain-ui test: Done
apps/website test:  [32m✓[39m tests/website.test.ts [2m([22m[2m1 test[22m[2m)[22m[32m 1[2mms[22m[39m
apps/website test:  [32m✓[39m tests/website-compliance.test.ts [2m([22m[2m6 tests[22m[2m)[22m[32m 5[2mms[22m[39m
apps/website test: [2m Test Files [22m [1m[32m2 passed[39m[22m[90m (2)[39m
apps/website test: [2m      Tests [22m [1m[32m7 passed[39m[22m[90m (7)[39m
apps/website test: [2m   Start at [22m 20:34:39
apps/website test: [2m   Duration [22m 743ms[2m (transform 147ms, setup 0ms, import 231ms, tests 6ms, environment 0ms)[22m
apps/website test: Done
apps/terminal test$ vitest run
apps/terminal test: [1m[30m[46m RUN [49m[39m[22m [36mv4.1.11 [39m[90m/private/var/folders/k8/_4hymb6j59s0c8xntb11ktmc0000gn/T/quantos-pre05-review-jofm7ufb/apps/terminal[39m
apps/terminal test:  [32m✓[39m tests/auth-bff.test.ts [2m([22m[2m4 tests[22m[2m)[22m[32m 11[2mms[22m[39m
apps/terminal test:  [32m✓[39m tests/deep-link-auth.test.ts [2m([22m[2m3 tests[22m[2m)[22m[32m 2[2mms[22m[39m
apps/terminal test:  [32m✓[39m tests/ui101-runtime.test.ts [2m([22m[2m4 tests[22m[2m)[22m[32m 2[2mms[22m[39m
apps/terminal test:  [32m✓[39m tests/auth-poc.test.ts [2m([22m[2m12 tests[22m[2m)[22m[32m 15[2mms[22m[39m
apps/terminal test:  [32m✓[39m tests/audit-gateway.test.ts [2m([22m[2m4 tests[22m[2m)[22m[32m 12[2mms[22m[39m
apps/terminal test:  [32m✓[39m tests/ui104-settings.test.ts [2m([22m[2m8 tests[22m[2m)[22m[32m 18[2mms[22m[39m
apps/terminal test:  [32m✓[39m tests/terminal.test.ts [2m([22m[2m1 test[22m[2m)[22m[32m 1[2mms[22m[39m
apps/terminal test:  [32m✓[39m tests/l03-scenarios.test.ts [2m([22m[2m6 tests[22m[2m)[22m[32m 3[2mms[22m[39m
apps/terminal test:  [32m✓[39m tests/u01-scenarios.test.ts [2m([22m[2m9 tests[22m[2m)[22m[32m 4[2mms[22m[39m
apps/terminal test:  [32m✓[39m tests/x06-scenarios.test.ts [2m([22m[2m8 tests[22m[2m)[22m[32m 5[2mms[22m[39m
apps/terminal test:  [32m✓[39m tests/s04-scenarios.test.ts [2m([22m[2m6 tests[22m[2m)[22m[32m 10[2mms[22m[39m
apps/terminal test: [2m Test Files [22m [1m[32m11 passed[39m[22m[90m (11)[39m
apps/terminal test: [2m      Tests [22m [1m[32m65 passed[39m[22m[90m (65)[39m
apps/terminal test: [2m   Start at [22m 20:34:40
apps/terminal test: [2m   Duration [22m 327ms[2m (transform 900ms, setup 0ms, import 1.64s, tests 83ms, environment 1ms)[22m
apps/terminal test: Done
