verify	Secret scan	﻿2026-09-26T12:11:44.0084397Z ##[group]Run bash scripts/check-secrets.sh
verify	Secret scan	2026-09-26T12:11:44.0084768Z ^[[36;1mbash scripts/check-secrets.sh^[[0m
verify	Secret scan	2026-09-26T12:11:44.0119619Z shell: /usr/bin/bash -e {0}
verify	Secret scan	2026-09-26T12:11:44.0119860Z env:
verify	Secret scan	2026-09-26T12:11:44.0120025Z   QUANTOS_SKIP_ENV: 1
verify	Secret scan	2026-09-26T12:11:44.0120268Z   F02_PG_ADMIN_URL: postgresql://postgres@127.0.0.1:5432/postgres
verify	Secret scan	2026-09-26T12:11:44.0120625Z   GITLEAKS_BIN: /home/runner/work/QuantOS/QuantOS/artifacts/tools/gitleaks
verify	Secret scan	2026-09-26T12:11:44.0120949Z   QUANTOS_PROTO_BASE: ac73a95a758cc95385b69e9d6f9376cef4a2af0b
verify	Secret scan	2026-09-26T12:11:44.0121207Z   CARGO_TERM_COLOR: always
verify	Secret scan	2026-09-26T12:11:44.0121394Z   NEXT_PUBLIC_QUANTOS_ENV: local-mock
verify	Secret scan	2026-09-26T12:11:44.0121618Z   NEXT_PUBLIC_SITE_ORIGIN: https://sumalpha.ai
verify	Secret scan	2026-09-26T12:11:44.0121890Z   NEXT_PUBLIC_QUANTOS_TERMINAL_ORIGIN: http://localhost:3190
verify	Secret scan	2026-09-26T12:11:44.0122171Z   NEXT_PUBLIC_QUANTOS_BFF_ORIGIN: http://localhost:4010
verify	Secret scan	2026-09-26T12:11:44.0122465Z   NEXT_PUBLIC_QUANTOS_OIDC_ISSUER: https://mock.idp.local
verify	Secret scan	2026-09-26T12:11:44.0122762Z   NEXT_PUBLIC_QUANTOS_OIDC_CLIENT_ID: quantos-terminal-ci
verify	Secret scan	2026-09-26T12:11:44.0123059Z   NEXT_PUBLIC_QUANTOS_OIDC_REDIRECT_URI: http://localhost:3190/auth/callback
verify	Secret scan	2026-09-26T12:11:44.0123351Z   NEXT_PUBLIC_QUANTOS_DEFAULT_MODE: paper
verify	Secret scan	2026-09-26T12:11:44.0123560Z   NEXT_PUBLIC_QUANTOS_MOCK_ENABLED: true
verify	Secret scan	2026-09-26T12:11:44.0123759Z   NEXT_PUBLIC_QUANTOS_OBS_ENABLED: false
verify	Secret scan	2026-09-26T12:11:44.0123992Z   NEXT_PUBLIC_QUANTOS_FEATURE_ASSISTED_LIVE_TESTNET: off
verify	Secret scan	2026-09-26T12:11:44.0124219Z   CARGO_HOME: /home/runner/.cargo
verify	Secret scan	2026-09-26T12:11:44.0124407Z   CARGO_INCREMENTAL: 0
verify	Secret scan	2026-09-26T12:11:44.0124607Z   pythonLocation: /opt/hostedtoolcache/Python/3.12.10/x64
verify	Secret scan	2026-09-26T12:11:44.0124897Z   PKG_CONFIG_PATH: /opt/hostedtoolcache/Python/3.12.10/x64/lib/pkgconfig
verify	Secret scan	2026-09-26T12:11:44.0125198Z   Python_ROOT_DIR: /opt/hostedtoolcache/Python/3.12.10/x64
verify	Secret scan	2026-09-26T12:11:44.0125461Z   Python2_ROOT_DIR: /opt/hostedtoolcache/Python/3.12.10/x64
verify	Secret scan	2026-09-26T12:11:44.0125730Z   Python3_ROOT_DIR: /opt/hostedtoolcache/Python/3.12.10/x64
verify	Secret scan	2026-09-26T12:11:44.0126008Z   LD_LIBRARY_PATH: /opt/hostedtoolcache/Python/3.12.10/x64/lib
verify	Secret scan	2026-09-26T12:11:44.0126272Z   UV_CACHE_DIR: /home/runner/work/_temp/setup-uv-cache
verify	Secret scan	2026-09-26T12:11:44.0126494Z ##[endgroup]
verify	Secret scan	2026-09-26T12:11:45.7480572Z ^[[90m12:11PM^[[0m ^[[32mINF^[[0m ^[[1m229 commits scanned.^[[0m
verify	Secret scan	2026-09-26T12:11:45.7481453Z ^[[90m12:11PM^[[0m ^[[32mINF^[[0m ^[[1mscanned ~26885673 bytes (26.89 MB) in 1.33s^[[0m
verify	Secret scan	2026-09-26T12:11:45.7482053Z ^[[90m12:11PM^[[0m ^[[33mWRN^[[0m ^[[1mleaks found: 2^[[0m
verify	Secret scan	2026-09-26T12:11:45.7505688Z ##[error]Process completed with exit code 1.
verify	Archive F02 validation evidence	﻿2026-09-26T12:11:45.7591803Z ##[group]Run actions/upload-artifact@v4
verify	Archive F02 validation evidence	2026-09-26T12:11:45.7592047Z with:
verify	Archive F02 validation evidence	2026-09-26T12:11:45.7592216Z   name: f02-validation-evidence
verify	Archive F02 validation evidence	2026-09-26T12:11:45.7592422Z   path: artifacts/f02/
verify	Archive F02 validation evidence	2026-09-26T12:11:45.7592612Z   if-no-files-found: error
verify	Archive F02 validation evidence	2026-09-26T12:11:45.7592812Z   compression-level: 6
verify	Archive F02 validation evidence	2026-09-26T12:11:45.7593000Z   overwrite: false
verify	Archive F02 validation evidence	2026-09-26T12:11:45.7593171Z   include-hidden-files: false
verify	Archive F02 validation evidence	2026-09-26T12:11:45.7593371Z env:
verify	Archive F02 validation evidence	2026-09-26T12:11:45.7593529Z   QUANTOS_SKIP_ENV: 1
verify	Archive F02 validation evidence	2026-09-26T12:11:45.7593780Z   F02_PG_ADMIN_URL: postgresql://postgres@127.0.0.1:5432/postgres
verify	Archive F02 validation evidence	2026-09-26T12:11:45.7594151Z   GITLEAKS_BIN: /home/runner/work/QuantOS/QuantOS/artifacts/tools/gitleaks
verify	Archive F02 validation evidence	2026-09-26T12:11:45.7594505Z   QUANTOS_PROTO_BASE: ac73a95a758cc95385b69e9d6f9376cef4a2af0b
verify	Archive F02 validation evidence	2026-09-26T12:11:45.7594772Z   CARGO_TERM_COLOR: always
verify	Archive F02 validation evidence	2026-09-26T12:11:45.7594964Z   NEXT_PUBLIC_QUANTOS_ENV: local-mock
verify	Archive F02 validation evidence	2026-09-26T12:11:45.7595200Z   NEXT_PUBLIC_SITE_ORIGIN: https://sumalpha.ai
verify	Archive F02 validation evidence	2026-09-26T12:11:45.7595488Z   NEXT_PUBLIC_QUANTOS_TERMINAL_ORIGIN: http://localhost:3190
verify	Archive F02 validation evidence	2026-09-26T12:11:45.7595814Z   NEXT_PUBLIC_QUANTOS_BFF_ORIGIN: http://localhost:4010
verify	Archive F02 validation evidence	2026-09-26T12:11:45.7596100Z   NEXT_PUBLIC_QUANTOS_OIDC_ISSUER: https://mock.idp.local
verify	Archive F02 validation evidence	2026-09-26T12:11:45.7596390Z   NEXT_PUBLIC_QUANTOS_OIDC_CLIENT_ID: quantos-terminal-ci
verify	Archive F02 validation evidence	2026-09-26T12:11:45.7596816Z   NEXT_PUBLIC_QUANTOS_OIDC_REDIRECT_URI: http://localhost:3190/auth/callback
verify	Archive F02 validation evidence	2026-09-26T12:11:45.7597135Z   NEXT_PUBLIC_QUANTOS_DEFAULT_MODE: paper
verify	Archive F02 validation evidence	2026-09-26T12:11:45.7597363Z   NEXT_PUBLIC_QUANTOS_MOCK_ENABLED: true
verify	Archive F02 validation evidence	2026-09-26T12:11:45.7597582Z   NEXT_PUBLIC_QUANTOS_OBS_ENABLED: false
verify	Archive F02 validation evidence	2026-09-26T12:11:45.7597832Z   NEXT_PUBLIC_QUANTOS_FEATURE_ASSISTED_LIVE_TESTNET: off
verify	Archive F02 validation evidence	2026-09-26T12:11:45.7598074Z   CARGO_HOME: /home/runner/.cargo
verify	Archive F02 validation evidence	2026-09-26T12:11:45.7598279Z   CARGO_INCREMENTAL: 0
verify	Archive F02 validation evidence	2026-09-26T12:11:45.7598499Z   pythonLocation: /opt/hostedtoolcache/Python/3.12.10/x64
verify	Archive F02 validation evidence	2026-09-26T12:11:45.7598998Z   PKG_CONFIG_PATH: /opt/hostedtoolcache/Python/3.12.10/x64/lib/pkgconfig
verify	Archive F02 validation evidence	2026-09-26T12:11:45.7599365Z   Python_ROOT_DIR: /opt/hostedtoolcache/Python/3.12.10/x64
verify	Archive F02 validation evidence	2026-09-26T12:11:45.7599656Z   Python2_ROOT_DIR: /opt/hostedtoolcache/Python/3.12.10/x64
verify	Archive F02 validation evidence	2026-09-26T12:11:45.7599957Z   Python3_ROOT_DIR: /opt/hostedtoolcache/Python/3.12.10/x64
verify	Archive F02 validation evidence	2026-09-26T12:11:45.7600253Z   LD_LIBRARY_PATH: /opt/hostedtoolcache/Python/3.12.10/x64/lib
verify	Archive F02 validation evidence	2026-09-26T12:11:45.7600543Z   UV_CACHE_DIR: /home/runner/work/_temp/setup-uv-cache
verify	Archive F02 validation evidence	2026-09-26T12:11:45.7600790Z ##[endgroup]
verify	Archive F02 validation evidence	2026-09-26T12:11:45.8761163Z (node:8570) [DEP0040] DeprecationWarning: The `punycode` module is deprecated. Please use a userland alternative instead.
verify	Archive F02 validation evidence	2026-09-26T12:11:45.8761929Z (Use `node --trace-deprecation ...` to show where the warning was created)
verify	Archive F02 validation evidence	2026-09-26T12:11:45.8774500Z ##[error]No files were found with the provided path: artifacts/f02/. No artifacts will be uploaded.
verify-download	Require the event-specific download verification	﻿2026-09-26T12:11:54.4909069Z ##[group]Run if [[ "$GITHUB_EVENT_NAME" == "push" && "$GITHUB_REF" == "refs/heads/main" ]]; then
verify-download	Require the event-specific download verification	2026-09-26T12:11:54.4910402Z ^[[36;1mif [[ "$GITHUB_EVENT_NAME" == "push" && "$GITHUB_REF" == "refs/heads/main" ]]; then^[[0m
verify-download	Require the event-specific download verification	2026-09-26T12:11:54.4911321Z ^[[36;1m  test "$MAIN_RESULT" = success^[[0m
verify-download	Require the event-specific download verification	2026-09-26T12:11:54.4912104Z ^[[36;1melif [[ "$GITHUB_EVENT_NAME" == "pull_request" ]]; then^[[0m
verify-download	Require the event-specific download verification	2026-09-26T12:11:54.4913081Z ^[[36;1m  test "$PR_RESULT" = success^[[0m
verify-download	Require the event-specific download verification	2026-09-26T12:11:54.4913698Z ^[[36;1melse^[[0m
verify-download	Require the event-specific download verification	2026-09-26T12:11:54.4914172Z ^[[36;1m  exit 1^[[0m
verify-download	Require the event-specific download verification	2026-09-26T12:11:54.4914652Z ^[[36;1mfi^[[0m
verify-download	Require the event-specific download verification	2026-09-26T12:11:54.6004670Z shell: /usr/bin/bash -e {0}
verify-download	Require the event-specific download verification	2026-09-26T12:11:54.6005762Z env:
verify-download	Require the event-specific download verification	2026-09-26T12:11:54.6006369Z   MAIN_RESULT: skipped
verify-download	Require the event-specific download verification	2026-09-26T12:11:54.6006988Z   PR_RESULT: skipped
verify-download	Require the event-specific download verification	2026-09-26T12:11:54.6007512Z ##[endgroup]
verify-download	Require the event-specific download verification	2026-09-26T12:11:54.6235304Z ##[error]Process completed with exit code 1.
