verify	Secret scan	﻿2026-09-26T12:27:54.3274501Z ##[group]Run artifacts/tools/gitleaks git --config .gitleaks.toml --gitleaks-ignore-path .gitleaksignore --redact --verbose --no-banner .
verify	Secret scan	2026-09-26T12:27:54.3275490Z ^[[36;1martifacts/tools/gitleaks git --config .gitleaks.toml --gitleaks-ignore-path .gitleaksignore --redact --verbose --no-banner .^[[0m
verify	Secret scan	2026-09-26T12:27:54.3315726Z shell: /usr/bin/bash -e {0}
verify	Secret scan	2026-09-26T12:27:54.3315959Z env:
verify	Secret scan	2026-09-26T12:27:54.3316126Z   QUANTOS_SKIP_ENV: 1
verify	Secret scan	2026-09-26T12:27:54.3316397Z   F02_PG_ADMIN_URL: postgresql://postgres@127.0.0.1:5432/postgres
verify	Secret scan	2026-09-26T12:27:54.3316732Z   GITLEAKS_BIN: /home/runner/work/QuantOS/QuantOS/artifacts/tools/gitleaks
verify	Secret scan	2026-09-26T12:27:54.3317067Z   QUANTOS_PROTO_BASE: ac73a95a758cc95385b69e9d6f9376cef4a2af0b
verify	Secret scan	2026-09-26T12:27:54.3317320Z   CARGO_TERM_COLOR: always
verify	Secret scan	2026-09-26T12:27:54.3317515Z   NEXT_PUBLIC_QUANTOS_ENV: local-mock
verify	Secret scan	2026-09-26T12:27:54.3317784Z   NEXT_PUBLIC_SITE_ORIGIN: https://sumalpha.ai
verify	Secret scan	2026-09-26T12:27:54.3318364Z   NEXT_PUBLIC_QUANTOS_TERMINAL_ORIGIN: http://localhost:3190
verify	Secret scan	2026-09-26T12:27:54.3318706Z   NEXT_PUBLIC_QUANTOS_BFF_ORIGIN: http://localhost:4010
verify	Secret scan	2026-09-26T12:27:54.3318985Z   NEXT_PUBLIC_QUANTOS_OIDC_ISSUER: https://mock.idp.local
verify	Secret scan	2026-09-26T12:27:54.3319247Z   NEXT_PUBLIC_QUANTOS_OIDC_CLIENT_ID: quantos-terminal-ci
verify	Secret scan	2026-09-26T12:27:54.3319543Z   NEXT_PUBLIC_QUANTOS_OIDC_REDIRECT_URI: http://localhost:3190/auth/callback
verify	Secret scan	2026-09-26T12:27:54.3319835Z   NEXT_PUBLIC_QUANTOS_DEFAULT_MODE: paper
verify	Secret scan	2026-09-26T12:27:54.3320045Z   NEXT_PUBLIC_QUANTOS_MOCK_ENABLED: true
verify	Secret scan	2026-09-26T12:27:54.3320251Z   NEXT_PUBLIC_QUANTOS_OBS_ENABLED: false
verify	Secret scan	2026-09-26T12:27:54.3320471Z   NEXT_PUBLIC_QUANTOS_FEATURE_ASSISTED_LIVE_TESTNET: off
verify	Secret scan	2026-09-26T12:27:54.3320696Z   CARGO_HOME: /home/runner/.cargo
verify	Secret scan	2026-09-26T12:27:54.3320879Z   CARGO_INCREMENTAL: 0
verify	Secret scan	2026-09-26T12:27:54.3321086Z   pythonLocation: /opt/hostedtoolcache/Python/3.12.10/x64
verify	Secret scan	2026-09-26T12:27:54.3321531Z   PKG_CONFIG_PATH: /opt/hostedtoolcache/Python/3.12.10/x64/lib/pkgconfig
verify	Secret scan	2026-09-26T12:27:54.3321826Z   Python_ROOT_DIR: /opt/hostedtoolcache/Python/3.12.10/x64
verify	Secret scan	2026-09-26T12:27:54.3322102Z   Python2_ROOT_DIR: /opt/hostedtoolcache/Python/3.12.10/x64
verify	Secret scan	2026-09-26T12:27:54.3322380Z   Python3_ROOT_DIR: /opt/hostedtoolcache/Python/3.12.10/x64
verify	Secret scan	2026-09-26T12:27:54.3322683Z   LD_LIBRARY_PATH: /opt/hostedtoolcache/Python/3.12.10/x64/lib
verify	Secret scan	2026-09-26T12:27:54.3322953Z   UV_CACHE_DIR: /home/runner/work/_temp/setup-uv-cache
verify	Secret scan	2026-09-26T12:27:54.3323176Z ##[endgroup]
verify	Secret scan	2026-09-26T12:27:55.0029669Z Finding:     const jwt = "^[[1;3;mREDACTED^[[0m"
verify	Secret scan	2026-09-26T12:27:55.0031676Z Secret:      ^[[1;3;mREDACTED^[[0m
verify	Secret scan	2026-09-26T12:27:55.0032125Z RuleID:      jwt
verify	Secret scan	2026-09-26T12:27:55.0032391Z Entropy:     5.220592
verify	Secret scan	2026-09-26T12:27:55.0032994Z File:        packages/config/tests/config.test.ts
verify	Secret scan	2026-09-26T12:27:55.0033338Z Line:        58
verify	Secret scan	2026-09-26T12:27:55.0033676Z Commit:      ac73a95a758cc95385b69e9d6f9376cef4a2af0b
verify	Secret scan	2026-09-26T12:27:55.0034076Z Author:      sumalphai
verify	Secret scan	2026-09-26T12:27:55.0034367Z Email:       hello@sumalpha.ai
verify	Secret scan	2026-09-26T12:27:55.0034708Z Date:        2026-09-26T11:55:38Z
verify	Secret scan	2026-09-26T12:27:55.0035379Z Fingerprint: ac73a95a758cc95385b69e9d6f9376cef4a2af0b:packages/config/tests/config.test.ts:jwt:58
verify	Secret scan	2026-09-26T12:27:55.0036492Z Link:        https://github.com/SumAlphaAI/QuantOS/blob/ac73a95a758cc95385b69e9d6f9376cef4a2af0b/packages/config/tests/config.test.ts#L58
verify	Secret scan	2026-09-26T12:27:55.0037047Z 
verify	Secret scan	2026-09-26T12:27:55.0529621Z Finding:     idempotency_key: "^[[1;3;mREDACTED^[[0m".to_owned(),
verify	Secret scan	2026-09-26T12:27:55.0545107Z Secret:      ^[[1;3;mREDACTED^[[0m
verify	Secret scan	2026-09-26T12:27:55.0545691Z RuleID:      generic-api-key
verify	Secret scan	2026-09-26T12:27:55.0546216Z Entropy:     3.836592
verify	Secret scan	2026-09-26T12:27:55.0546770Z File:        services/execution-gateway/src/main.rs
verify	Secret scan	2026-09-26T12:27:55.0560730Z Line:        72
verify	Secret scan	2026-09-26T12:27:55.0569210Z Commit:      ac73a95a758cc95385b69e9d6f9376cef4a2af0b
verify	Secret scan	2026-09-26T12:27:55.0577714Z Author:      sumalphai
verify	Secret scan	2026-09-26T12:27:55.0578493Z Email:       hello@sumalpha.ai
verify	Secret scan	2026-09-26T12:27:55.0579045Z Date:        2026-09-26T11:55:38Z
verify	Secret scan	2026-09-26T12:27:55.0583736Z Fingerprint: ac73a95a758cc95385b69e9d6f9376cef4a2af0b:services/execution-gateway/src/main.rs:generic-api-key:72
verify	Secret scan	2026-09-26T12:27:55.0599280Z Link:        https://github.com/SumAlphaAI/QuantOS/blob/ac73a95a758cc95385b69e9d6f9376cef4a2af0b/services/execution-gateway/src/main.rs#L72
verify	Secret scan	2026-09-26T12:27:55.0599899Z 
verify	Secret scan	2026-09-26T12:27:55.8833297Z ^[[90m12:27PM^[[0m ^[[32mINF^[[0m ^[[1m230 commits scanned.^[[0m
verify	Secret scan	2026-09-26T12:27:55.8833975Z ^[[90m12:27PM^[[0m ^[[32mINF^[[0m ^[[1mscanned ~26848212 bytes (26.85 MB) in 1.34s^[[0m
verify	Secret scan	2026-09-26T12:27:55.8834426Z ^[[90m12:27PM^[[0m ^[[33mWRN^[[0m ^[[1mleaks found: 2^[[0m
verify	Secret scan	2026-09-26T12:27:55.8861830Z ##[error]Process completed with exit code 1.
verify	Archive F02 validation evidence	﻿2026-09-26T12:27:55.8948489Z ##[group]Run actions/upload-artifact@v4
verify	Archive F02 validation evidence	2026-09-26T12:27:55.8948735Z with:
verify	Archive F02 validation evidence	2026-09-26T12:27:55.8948914Z   name: f02-validation-evidence
verify	Archive F02 validation evidence	2026-09-26T12:27:55.8949117Z   path: artifacts/f02/
verify	Archive F02 validation evidence	2026-09-26T12:27:55.8949314Z   if-no-files-found: error
verify	Archive F02 validation evidence	2026-09-26T12:27:55.8949517Z   compression-level: 6
verify	Archive F02 validation evidence	2026-09-26T12:27:55.8949692Z   overwrite: false
verify	Archive F02 validation evidence	2026-09-26T12:27:55.8949879Z   include-hidden-files: false
verify	Archive F02 validation evidence	2026-09-26T12:27:55.8950071Z env:
verify	Archive F02 validation evidence	2026-09-26T12:27:55.8950228Z   QUANTOS_SKIP_ENV: 1
verify	Archive F02 validation evidence	2026-09-26T12:27:55.8950480Z   F02_PG_ADMIN_URL: postgresql://postgres@127.0.0.1:5432/postgres
verify	Archive F02 validation evidence	2026-09-26T12:27:55.8950827Z   GITLEAKS_BIN: /home/runner/work/QuantOS/QuantOS/artifacts/tools/gitleaks
verify	Archive F02 validation evidence	2026-09-26T12:27:55.8951170Z   QUANTOS_PROTO_BASE: ac73a95a758cc95385b69e9d6f9376cef4a2af0b
verify	Archive F02 validation evidence	2026-09-26T12:27:55.8951426Z   CARGO_TERM_COLOR: always
verify	Archive F02 validation evidence	2026-09-26T12:27:55.8951619Z   NEXT_PUBLIC_QUANTOS_ENV: local-mock
verify	Archive F02 validation evidence	2026-09-26T12:27:55.8951859Z   NEXT_PUBLIC_SITE_ORIGIN: https://sumalpha.ai
verify	Archive F02 validation evidence	2026-09-26T12:27:55.8952144Z   NEXT_PUBLIC_QUANTOS_TERMINAL_ORIGIN: http://localhost:3190
verify	Archive F02 validation evidence	2026-09-26T12:27:55.8952473Z   NEXT_PUBLIC_QUANTOS_BFF_ORIGIN: http://localhost:4010
verify	Archive F02 validation evidence	2026-09-26T12:27:55.8952765Z   NEXT_PUBLIC_QUANTOS_OIDC_ISSUER: https://mock.idp.local
verify	Archive F02 validation evidence	2026-09-26T12:27:55.8953148Z   NEXT_PUBLIC_QUANTOS_OIDC_CLIENT_ID: quantos-terminal-ci
verify	Archive F02 validation evidence	2026-09-26T12:27:55.8953467Z   NEXT_PUBLIC_QUANTOS_OIDC_REDIRECT_URI: http://localhost:3190/auth/callback
verify	Archive F02 validation evidence	2026-09-26T12:27:55.8953800Z   NEXT_PUBLIC_QUANTOS_DEFAULT_MODE: paper
verify	Archive F02 validation evidence	2026-09-26T12:27:55.8954021Z   NEXT_PUBLIC_QUANTOS_MOCK_ENABLED: true
verify	Archive F02 validation evidence	2026-09-26T12:27:55.8954238Z   NEXT_PUBLIC_QUANTOS_OBS_ENABLED: false
verify	Archive F02 validation evidence	2026-09-26T12:27:55.8954474Z   NEXT_PUBLIC_QUANTOS_FEATURE_ASSISTED_LIVE_TESTNET: off
verify	Archive F02 validation evidence	2026-09-26T12:27:55.8954713Z   CARGO_HOME: /home/runner/.cargo
verify	Archive F02 validation evidence	2026-09-26T12:27:55.8954916Z   CARGO_INCREMENTAL: 0
verify	Archive F02 validation evidence	2026-09-26T12:27:55.8955137Z   pythonLocation: /opt/hostedtoolcache/Python/3.12.10/x64
verify	Archive F02 validation evidence	2026-09-26T12:27:55.8955455Z   PKG_CONFIG_PATH: /opt/hostedtoolcache/Python/3.12.10/x64/lib/pkgconfig
verify	Archive F02 validation evidence	2026-09-26T12:27:55.8955823Z   Python_ROOT_DIR: /opt/hostedtoolcache/Python/3.12.10/x64
verify	Archive F02 validation evidence	2026-09-26T12:27:55.8956119Z   Python2_ROOT_DIR: /opt/hostedtoolcache/Python/3.12.10/x64
verify	Archive F02 validation evidence	2026-09-26T12:27:55.8956426Z   Python3_ROOT_DIR: /opt/hostedtoolcache/Python/3.12.10/x64
verify	Archive F02 validation evidence	2026-09-26T12:27:55.8956725Z   LD_LIBRARY_PATH: /opt/hostedtoolcache/Python/3.12.10/x64/lib
verify	Archive F02 validation evidence	2026-09-26T12:27:55.8957017Z   UV_CACHE_DIR: /home/runner/work/_temp/setup-uv-cache
verify	Archive F02 validation evidence	2026-09-26T12:27:55.8957250Z ##[endgroup]
verify	Archive F02 validation evidence	2026-09-26T12:27:56.0130679Z (node:8595) [DEP0040] DeprecationWarning: The `punycode` module is deprecated. Please use a userland alternative instead.
verify	Archive F02 validation evidence	2026-09-26T12:27:56.0131611Z (Use `node --trace-deprecation ...` to show where the warning was created)
verify	Archive F02 validation evidence	2026-09-26T12:27:56.0144833Z ##[error]No files were found with the provided path: artifacts/f02/. No artifacts will be uploaded.
verify-download	Require the event-specific download verification	﻿2026-09-26T12:28:06.6713359Z ##[group]Run if [[ "$GITHUB_EVENT_NAME" == "push" && "$GITHUB_REF" == "refs/heads/main" ]]; then
verify-download	Require the event-specific download verification	2026-09-26T12:28:06.6714765Z ^[[36;1mif [[ "$GITHUB_EVENT_NAME" == "push" && "$GITHUB_REF" == "refs/heads/main" ]]; then^[[0m
verify-download	Require the event-specific download verification	2026-09-26T12:28:06.6715611Z ^[[36;1m  test "$MAIN_RESULT" = success^[[0m
verify-download	Require the event-specific download verification	2026-09-26T12:28:06.6716317Z ^[[36;1melif [[ "$GITHUB_EVENT_NAME" == "pull_request" ]]; then^[[0m
verify-download	Require the event-specific download verification	2026-09-26T12:28:06.6717029Z ^[[36;1m  test "$PR_RESULT" = success^[[0m
verify-download	Require the event-specific download verification	2026-09-26T12:28:06.6717576Z ^[[36;1melse^[[0m
verify-download	Require the event-specific download verification	2026-09-26T12:28:06.6718005Z ^[[36;1m  exit 1^[[0m
verify-download	Require the event-specific download verification	2026-09-26T12:28:06.6718434Z ^[[36;1mfi^[[0m
verify-download	Require the event-specific download verification	2026-09-26T12:28:06.7438442Z shell: /usr/bin/bash -e {0}
verify-download	Require the event-specific download verification	2026-09-26T12:28:06.7439497Z env:
verify-download	Require the event-specific download verification	2026-09-26T12:28:06.7440120Z   MAIN_RESULT: skipped
verify-download	Require the event-specific download verification	2026-09-26T12:28:06.7440825Z   PR_RESULT: skipped
verify-download	Require the event-specific download verification	2026-09-26T12:28:06.7441498Z ##[endgroup]
verify-download	Require the event-specific download verification	2026-09-26T12:28:06.7660987Z ##[error]Process completed with exit code 1.
