
> @sumalpha/quantos@ test:fep0 /Users/anray/Documents/project/SumAlpha/QuantOS
> node --test scripts/fep0-development.test.mjs

✔ all eight independently content-bound dependencies admit DEVELOPMENT only (17.308917ms)
✔ engineering aggregation preserves the sole pending user confirmation (8.863167ms)
✔ milestone rejects missing F0 (7.808625ms)
✔ milestone rejects missing PRE (8.470542ms)
✔ milestone rejects duplicate dependency (7.96525ms)
✔ milestone rejects unready F0 (7.792125ms)
✔ milestone rejects manifest bytes replaced (7.576459ms)
✔ milestone rejects digest substituted (7.282458ms)
✔ milestone rejects dependency path substituted (7.431292ms)
✔ milestone rejects dependency verdict substituted (7.205792ms)
✔ milestone rejects self manifest schema (7.123834ms)
✔ milestone rejects normative change (7.337708ms)
✔ milestone rejects source input change (7.10175ms)
✔ milestone rejects unexecuted check (8.659833ms)
✔ milestone rejects missing execution time (7.438834ms)
✔ milestone rejects missing required check (7.485917ms)
✔ milestone rejects duplicate check (7.3685ms)
✔ milestone rejects wrong command (6.879833ms)
✔ milestone rejects log tampering (7.416291ms)
✔ milestone rejects rehashed prose (7.117125ms)
✔ milestone rejects external log path (6.997917ms)
✔ milestone rejects false formal acceptance (6.88025ms)
✔ milestone rejects aggregate claims database run (6.899709ms)
✔ milestone rejects hidden exclusions (7.345958ms)
✔ milestone rejects unresolved functional finding (7.042208ms)
✔ dependency validator is invoked and errors propagate (6.947125ms)
✔ fake READY cannot hide changed G0 scope (6.954167ms)
✔ arbitrary existing markdown cannot serve as a milestone receipt (0.085208ms)
✔ own arbitrary digest is rejected independently of dependency status (0.06125ms)
✔ F0 policy contains the six missing nodes and all eleven obligations (7.087417ms)
✔ production schema drift comparator rejects tables (0.106ms)
✔ production schema drift comparator rejects columns (0.046125ms)
✔ production schema drift comparator rejects constraints (0.041209ms)
✔ production schema drift comparator rejects indexes (0.044625ms)
✔ production schema drift comparator rejects policies (0.03575ms)
✔ production schema drift comparator rejects routines (0.029333ms)
✔ production schema drift comparator rejects triggers (0.035166ms)
✔ 100-task recovery evidence cannot use 10-task diagnostic or accept P95 (1.097125ms)
✔ CI consumes the full milestone engineering validator and its negatives (0.073875ms)
ℹ tests 39
ℹ suites 0
ℹ pass 39
ℹ fail 0
ℹ cancelled 0
ℹ skipped 0
ℹ todo 0
ℹ duration_ms 270.489458
