node --test scripts/f02-gate-negative.mjs scripts/f02-a11-gate-negative.mjs scripts/playwright-git-history.test.mjs
✔ complete Linux matrix passes; deletion and pixel tampering fail (421.452417ms)
✔ acceptance never updates snapshots or skips missing snapshots (1.181375ms)
✔ only main signing and verification jobs receive the signing environment (8.839292ms)
✔ signing policy rejects missing protection, wildcards, tags and extra branches (0.205459ms)
✔ candidate import rejects tampering and stale source before writing, then imports the reviewed matrix (384.3275ms)
✔ required download check rejects skipped or failed event-specific verification (23.389667ms)
✔ PR receipts bind the checked out head while main signing stays on the event SHA (3.867375ms)
Verified 2 release files for aaaaaaaaaaaaaaaaaaaaaaaaaaaaaaaaaaaaaaaa
Verified 2 release files for aaaaaaaaaaaaaaaaaaaaaaaaaaaaaaaaaaaaaaaa
✔ real Gitleaks positive control and GitHub/Slack leaks (1618.188042ms)
✔ historical digest exceptions do not waive fresh credentials in audit JSON (1162.95525ms)
✔ RLS baseline rejects policy deletion and late disabling with recovery (182.737417ms)
✔ RLS preflight recognizes the actual ten-table A2 migration and rejects incomplete loops (141.265375ms)
✔ RLS preflight expands audit export permissions without treating grants as RLS (135.99425ms)
✔ RLS literal loops preserve late disabling, NO FORCE and policy deletion (133.909167ms)
✔ RLS preflight cannot count conditional loops, comments, literals or function bodies as execution (158.602083ms)
✔ quoted SQL examples inside expanded policy expressions cannot enable RLS (24.701917ms)
✔ migration filename control, rejection and recovery (15.133667ms)
✔ waivers only authorize exact advisory/ecosystem/package/version before expiry (1.037292ms)
✔ license expression policy does not globally allow LGPL or unknown licenses (0.335917ms)
✔ release binds complete payload and SBOM to source; rejects corruption and build-only native files (3.062292ms)
✔ Buf compares against distinct historical source and detects removed fields (536.576208ms)
✔ SCA scanner adapter consumes exact waivers and never waives scanner failures (854.127958ms)
✔ Playwright PR reporting preserves complete history for downstream security scans (1653.243584ms)
ℹ tests 22
ℹ suites 0
ℹ pass 22
ℹ fail 0
ℹ cancelled 0
ℹ skipped 0
ℹ todo 0
ℹ duration_ms 5011.903875
