✔ all eight independently content-bound dependencies admit DEVELOPMENT only (17.6795ms)
✔ engineering aggregation preserves the sole pending user confirmation (9.34725ms)
✔ milestone rejects missing F0 (8.289125ms)
✔ milestone rejects missing PRE (8.33825ms)
✔ milestone rejects duplicate dependency (8.342708ms)
✔ milestone rejects unready F0 (8.197959ms)
✔ milestone rejects manifest bytes replaced (8.055958ms)
✔ milestone rejects digest substituted (7.489208ms)
✔ milestone rejects dependency path substituted (7.319375ms)
✔ milestone rejects dependency verdict substituted (7.125ms)
✔ milestone rejects self manifest schema (7.196125ms)
✔ milestone rejects normative change (7.490709ms)
✔ milestone rejects source input change (7.239542ms)
✔ milestone rejects unexecuted check (8.782625ms)
✔ milestone rejects missing execution time (7.221375ms)
✔ milestone rejects missing required check (7.931792ms)
✔ milestone rejects duplicate check (7.281292ms)
✔ milestone rejects wrong command (7.221416ms)
✔ milestone rejects log tampering (7.346959ms)
✔ milestone rejects rehashed prose (7.201ms)
✔ milestone rejects external log path (7.149375ms)
✔ milestone rejects false formal acceptance (7.071584ms)
✔ milestone rejects aggregate claims database run (6.909458ms)
✔ milestone rejects hidden exclusions (7.077792ms)
✔ milestone rejects unresolved functional finding (6.946542ms)
✔ dependency validator is invoked and errors propagate (7.172792ms)
✔ fake READY cannot hide changed G0 scope (6.948208ms)
✔ arbitrary existing markdown cannot serve as a milestone receipt (0.084917ms)
✔ own arbitrary digest is rejected independently of dependency status (0.067333ms)
✔ F0 policy contains the six missing nodes and all eleven obligations (7.169167ms)
✔ production schema drift comparator rejects tables (0.111542ms)
✔ production schema drift comparator rejects columns (0.056625ms)
✔ production schema drift comparator rejects constraints (0.049416ms)
✔ production schema drift comparator rejects indexes (0.044291ms)
✔ production schema drift comparator rejects policies (0.047167ms)
✔ production schema drift comparator rejects routines (0.032708ms)
✔ production schema drift comparator rejects triggers (0.0365ms)
✔ 100-task recovery evidence cannot use 10-task diagnostic or accept P95 (1.116417ms)
✔ CI consumes the full milestone engineering validator and its negatives (0.05625ms)
ℹ tests 39
ℹ suites 0
ℹ pass 39
ℹ fail 0
ℹ cancelled 0
ℹ skipped 0
ℹ todo 0
ℹ duration_ms 276.133583
