
> @sumalpha/quantos@ test:pre06 /Users/anray/Documents/project/SumAlpha/QuantOS
> node --test scripts/pre06-gate-negative.mjs scripts/pre06-runtime-negative.mjs

✔ current PRE-06 Web baseline passes (26.590375ms)
✔ website browser Gate deletion is rejected (10.845959ms)
✔ Desktop coupling in phase-one compatibility is rejected (8.679375ms)
✔ Desktop deep-link inclusion in phase-one Terminal is rejected (7.7845ms)
✔ generated operation coverage drift is rejected (6.931084ms)
✔ visual baseline integrity failure is rejected (6.700542ms)
✔ performance budget weakening is rejected (6.194209ms)
✔ disabled CI steps and comment-only commands are rejected (18.061375ms)
✔ contract assertion deletion and visual comparison deletion fail closed (11.21425ms)
✔ website performance and critical coverage gates cannot be removed (10.563333ms)
✔ CI retry policy must reject flaky outcomes and archive failure evidence (10.770792ms)
✔ comments cannot restore weakened budget or critical coverage policy (16.089708ms)
✔ skipped suites and inactive screenshot assertions cannot satisfy the baseline (38.729333ms)
✔ critical contract callbacks cannot return early, hide assertions, or remove runtime counting (24.170708ms)
✔ unknown and corrupted fixtures are rejected, explicit sabotage fixtures remain expected failures (31.70725ms)
✔ empty assets and empty route manifest are never a zero-sized performance PASS (28.434416ms)
✔ actual CI configs return nonzero for first-fail-then-pass policy probe (1349.388041ms)
ℹ tests 17
ℹ suites 0
ℹ pass 17
ℹ fail 0
ℹ cancelled 0
ℹ skipped 0
ℹ todo 0
ℹ duration_ms 1463.283792
