
> @sumalpha/quantos@ test:pre01 /Users/anray/Documents/project/SumAlpha/QuantOS
> node --test ./scripts/tests/check-pre01.test.mjs

✔ current PRE-01 artifacts satisfy the executable contract (5.095291ms)
✔ missing a page state fails closed (1.852791ms)
✔ invalid story priority fails closed (0.524ms)
✔ missing traceability row fails closed (1.310833ms)
✔ published operation cannot regress to planned fails closed (1.627459ms)
✔ unknown role fails closed (0.472625ms)
✔ unknown route fails closed (0.511709ms)
✔ duplicate story fails closed (0.581417ms)
✔ missing flow stories fails closed (0.556625ms)
✔ missing flow scenarios fails closed (1.177ms)
✔ unsafe proposal criterion fails closed (1.269417ms)
✔ unknown trace task fails closed (1.35025ms)
✔ unauthorized admin grant fails closed (1.108958ms)
✔ missing permission route fails closed (0.637125ms)
✔ phase-one P16 fails closed (0.078125ms)
✔ missing contract owner fails closed (1.047125ms)
✔ empty flow role fails closed (0.546375ms)
✔ empty flow route fails closed (0.569917ms)
✔ state label mismatch fails closed (0.814167ms)
✔ desktop-only story fails closed (0.416583ms)
✔ persistent offline cache fails closed (0.925ms)
✔ admin domain permission fails closed (0.705667ms)
✔ missing page story fails closed (0.447416ms)
✔ cross-page route fails closed (0.440458ms)
✔ current G0 governance preserves history without granting current acceptance (1.427167ms)
✔ past-due G0 item cannot silently remain OPEN (0.631708ms)
✔ fabricated G0 acceptance fails against current checkpoint (0.560667ms)
✔ missing G0 leftover owner fails (0.572291ms)
✔ P05 cannot bind metadata download to an untraced audit export operation (1.816833ms)
✔ P21 cannot drop alert ownership from both ledger and trace while retaining the subscription (2.200125ms)
✔ unknown unlabelled operation in API register is rejected (1.696166ms)
✔ P05 quality alerts require C16 ownership on the consumer page (1.491792ms)
✔ API register rejects current version 1.4.0 (1.393208ms)
✔ API register rejects current version 99.99.0 (1.350541ms)
✔ published register row cannot omit API version (1.522791ms)
✔ published register row cannot omit generated mock version (1.535458ms)
✔ all ten historical compatibility strategies cannot be cleared (0.777208ms)
✔ current disposition cannot drop a historical parent (0.978083ms)
✔ current disposition requires effective checkpoint deadline (0.785667ms)
✔ current disposition cannot claim target RELEASE completion (0.80425ms)
✔ current disposition requires nonempty compatibility strategy (0.918792ms)
✔ current disposition presentation must match structured source (0.751542ms)
✔ current deadline cannot defer DEVELOPMENT provider obligations to integration (0.831416ms)
ℹ tests 43
ℹ suites 0
ℹ pass 43
ℹ fail 0
ℹ cancelled 0
ℹ skipped 0
ℹ todo 0
ℹ duration_ms 146.6835
