
> @sumalpha/quantos@ test:pre04 /Users/anray/Documents/project/SumAlpha/QuantOS
> node --test scripts/pre04-gate-negative.mjs

✔ current full phase-one inventory passes (11.802542ms)
✔ missing Gap is rejected (5.40025ms)
✔ undecided realtime dependency is rejected (5.318ms)
✔ deleted required actorId field is rejected (4.356333ms)
✔ nonexistent field source is rejected (4.441166ms)
✔ wrong field type and optionality are rejected (4.791875ms)
✔ generated operation deletion is rejected (4.128708ms)
✔ generated method and path drift are rejected (8.602917ms)
✔ same-count schema rename is rejected (3.544708ms)
✔ schema required and enum drift are rejected (9.753875ms)
✔ same-count Proto message rename is rejected (4.654084ms)
✔ removed Proto declaration is rejected (4.29475ms)
✔ same-count JSON Schema replacement is rejected (4.073541ms)
✔ duplicate contract row is rejected before Map collapse (3.896541ms)
✔ duplicate Gap row is rejected before Map collapse (3.73725ms)
✔ nonexistent role owner is rejected (4.2425ms)
✔ nonexistent backend task is rejected (3.69175ms)
✔ nonexistent BFF task is rejected (3.609125ms)
✔ unknown Gap page is rejected (3.779083ms)
✔ each missing website P0 page is rejected (18.414167ms)
✔ missing auxiliary risk/audit/order contract is rejected (11.101917ms)
✔ closing partly published Gap is rejected (3.763292ms)
✔ omitting planned operation is rejected (3.541666ms)
✔ unpublished Inventory Fixture cannot claim Implemented (3.584292ms)
✔ generated-only contract cannot claim Integrated (3.611208ms)
✔ missing provider evidence is rejected (3.486667ms)
✔ changed provider receipt is rejected (3.66075ms)
✔ missing Inventory Fixture is rejected (4.223125ms)
✔ Desktop contamination is rejected by Web inventory (3.993ms)
✔ nonexistent domain field mappings including the former engine-version anchor are rejected (7.951667ms)
✔ removed referenced core task is rejected (4.027708ms)
✔ catalog source drift is rejected (3.951042ms)
✔ empty implementation artifact lists are rejected for every implemented contract (10.937125ms)
✔ each missing implementation evidence category is rejected (33.741625ms)
✔ duplicate artifacts cannot substitute for test or receipt evidence (3.571042ms)
✔ another contract receipt cannot substitute for required evidence (3.737541ms)
✔ unknown task suffixes are rejected in both backend task columns (22.184375ms)
✔ ambiguous cross-prefix ranges cannot impersonate reviewed backend tasks (7.638917ms)
ℹ tests 38
ℹ suites 0
ℹ pass 38
ℹ fail 0
ℹ cancelled 0
ℹ skipped 0
ℹ todo 0
ℹ duration_ms 359.794833
