Validated 6 pinned Buf plugins and locked generation workflow.
✔ proto generation configuration is pinned and lock-preserving (37.270875ms)
✔ proto generation configuration rejects an unpinned remote plugin (37.451167ms)
✔ proto generation configuration rejects implicit dependency updates (36.665792ms)
ℹ tests 3
ℹ suites 0
ℹ pass 3
ℹ fail 0
ℹ cancelled 0
ℹ skipped 0
ℹ todo 0
ℹ duration_ms 142.092375
Extracted 50 JSON schema documents.
Validated 50 standalone JSON schemas and 11 planned domain schemas.
✔ standalone JSON schema gate passes the complete generated catalog (139.746042ms)
✔ standalone JSON schema gate rejects a missing planned domain schema (47.02ms)
✔ standalone JSON schema gate rejects an unresolved reference (127.651917ms)
ℹ tests 3
ℹ suites 0
ℹ pass 3
ℹ fail 0
ℹ cancelled 0
ℹ skipped 0
ℹ todo 0
ℹ duration_ms 348.145333
Proto compatibility checked against 077c8394bba65f47e04c6558df2c20223ef15980
Proto checks passed.
