node scripts/f05-target-gate.cjs
bash ./scripts/db-reset.sh
Resetting remote quantos schema on DATABASE_URL target.
Applying migration: 20260727000000_initial_platform_baseline.sql
Applying migration: 20260728010000_event_storage_audit_ledger.sql
Applying migration: 20260730090000_f05_polling_consumer_alignment.sql
Applying migration: 20260730110000_auth_policy_context.sql
Applying migration: 20260730130000_runtime_workflows.sql
Applying migration: 20260731100000_data_snapshots_and_quality_gate.sql
Applying migration: 20260801090000_strategy_drafts.sql
Applying migration: 20260801100000_strategy_releases.sql
Applying migration: 20260801110000_portfolio_projection.sql
Applying migration: 20260801120000_execution_secret_zone.sql
Applying migration: 20260808150000_f0_gate_hardening.sql
Applying migration: 20260811120000_f09_operational_metrics.sql
Applying migration: 20260811130000_f09_metric_ingest_function.sql
Applying migration: 20260916140000_r02_snapshot_immutability.sql
Applying migration: 20260921090000_f05_ledger_integrity_and_replay.sql
Applying migration: 20260924090000_f06_identity_boundary.sql
Applying migration: 20260924091000_f06_vault_boundary.sql
Applying migration: 20260924092000_f06_vault_column_fix.sql
Applying migration: 20260924093000_f06_application_roles.sql
Applying migration: 20260924094000_f06_bff_sessions.sql
Applying migration: 20260924095000_f06_auth_read_indexes.sql
Applying migration: 20260924100000_f06_capability_mode_required.sql
Applying migration: 20260924101000_f06_bff_mfa_state.sql
Applying migration: 20260924102000_f07_runtime_hardening.sql
Applying migration: 20260924103000_f07_artifact_binding_cascade.sql
Applying migration: 20260924110000_f07_atomic_schedule.sql
Applying migration: 20260925100000_f06_command_bound_vault.sql
Applying migration: 20260925110000_f06_execution_capability_account_required.sql
Applying migration: 20260925120000_f07_actor_identity_uniqueness.sql
Applying migration: 20260925121000_f07_artifact_bucket.sql
Applying migration: 20260927090000_f09_metric_quality.sql
Applying migration: 20260927091000_f09_runtime_storage_metric.sql
Applying migration: 20260927092000_f09_runtime_metric_returning.sql
Applying migration: 20260927093000_f09_execution_metric_returning.sql
QUANTOS_RUN_F05_POSTGRES_TESTS=1 cargo test -p quantos-event --test postgres_persistence --locked -- --test-threads=1 --nocapture

running 11 tests
test batched_success_rolls_back_when_either_lease_token_changes ... ok
test correlation_queries_are_tenant_scoped_and_append_only_tables_reject_mutation ... ok
test postgres_connection_failures_are_closed_for_plain_and_tls_clients ... ok
test postgres_inbox_receipt_only_allows_one_side_effect_across_thousand_delivery_attempts ... ok
test postgres_polling_claims_with_skip_locked_and_recovers_after_lease_expiry ... ok
test postgres_polling_worker_compensates_for_realtime_misses_and_replays_by_correlation ... ok
test postgres_polling_worker_dead_letters_poison_events_after_retry_budget ... ok
test postgres_rejects_invalid_appends_and_recovers_busy_and_duplicate_receipts ... ok
test postgres_ten_thousand_event_chain_is_lossless_and_eventually_consistent ... ok
test postgres_tls_root_configuration_fails_closed ... ok
test stale_outbox_and_inbox_lease_tokens_cannot_commit_after_reclaim ... ok

test result: ok. 11 passed; 0 failed; 0 ignored; 0 measured; 0 filtered out; finished in 1523.92s

QUANTOS_RUN_F05_POSTGRES_TESTS=1 cargo test -p quantos-storage --test postgres_persistence --locked -- --test-threads=1 --nocapture

running 1 test
test postgres_storage_store_persists_artifacts_and_schema_registry ... ok

test result: ok. 1 passed; 0 failed; 0 ignored; 0 measured; 0 filtered out; finished in 23.37s

    Finished `test` profile [unoptimized + debuginfo] target(s) in 0.07s
     Running tests/postgres_persistence.rs (target/debug/deps/postgres_persistence-bb6a3adedd004446)
    Finished `test` profile [unoptimized + debuginfo] target(s) in 0.09s
     Running tests/postgres_persistence.rs (target/debug/deps/postgres_persistence-31787e08cdb14291)
QUANTOS_RUN_SUPABASE_STORAGE_TESTS=1 cargo test -p quantos-storage --test supabase_storage_integration -- --nocapture

running 1 test
test supabase_storage_adapter_round_trips_artifacts_and_registers_manifest ... ok

test result: ok. 1 passed; 0 failed; 0 ignored; 0 measured; 0 filtered out; finished in 20.06s

    Finished `test` profile [unoptimized + debuginfo] target(s) in 0.07s
     Running tests/supabase_storage_integration.rs (target/debug/deps/supabase_storage_integration-d9447f2bedee55fb)
{
  "schema": "quantos-f05-target-acceptance/v1",
  "status": "PASS",
  "passed": true,
  "targetClass": "supabase-isolated-project-or-database-branch",
  "source": "91e222f744fd350ab9db80ba7554bd1fee9194fa",
  "dirty": false,
  "migrationDigest": "sha256:ab86c127b4e05229d6cb4ff1641b96afda91d9fcfc6ddc29efffba26c4be26d0",
  "startedAt": "2026-09-28T04:14:16.152Z",
  "checks": [
    "db-reset",
    "isolated target reset and complete migration rebuild",
    "test-f05-live",
    "test-supabase-storage-live"
  ],
  "measurements": {
    "appliedReceipts": 10000,
    "checkpointNextSequence": 10001,
    "consumerPath": "PgEventStore::poll_outbox_once",
    "consumptionMillis": 898059,
    "correlationLookupMillis": 37398.365791000004,
    "dispatched": 10000,
    "eventCount": 10000,
    "lookupScope": "target-event-id-client-retrieval",
    "uniqueSideEffects": 10000
  },
  "completedAt": "2026-09-28T04:41:26.070Z"
}
