
### apply expectedFailure=false
Applying migration: 20260727000000_initial_platform_baseline.sql
Applying migration: 20260728010000_event_storage_audit_ledger.sql
Applying migration: 20260730090000_f05_polling_consumer_alignment.sql
Applying migration: 20260730110000_auth_policy_context.sql
Applying migration: 20260730130000_runtime_workflows.sql
Applying migration: 20260731100000_data_snapshots_and_quality_gate.sql
Applying migration: 20260801090000_strategy_drafts.sql
Applying migration: 20260801100000_strategy_releases.sql
Applying migration: 20260801110000_portfolio_projection.sql
Applying migration: 20260801120000_execution_secret_zone.sql
Applying migration: 20260808150000_f0_gate_hardening.sql
Applying migration: 20260811120000_f09_operational_metrics.sql
Applying migration: 20260811130000_f09_metric_ingest_function.sql
Applying migration: 20260916140000_r02_snapshot_immutability.sql
Applying migration: 20260921090000_f05_ledger_integrity_and_replay.sql
Applying migration: 20260924090000_f06_identity_boundary.sql
Applying migration: 20260924091000_f06_vault_boundary.sql
Applying migration: 20260924092000_f06_vault_column_fix.sql
Applying migration: 20260924093000_f06_application_roles.sql
Applying migration: 20260924094000_f06_bff_sessions.sql
Applying migration: 20260924095000_f06_auth_read_indexes.sql
Applying migration: 20260924100000_f06_capability_mode_required.sql
Applying migration: 20260924101000_f06_bff_mfa_state.sql
Applying migration: 20260924102000_f07_runtime_hardening.sql
Applying migration: 20260924103000_f07_artifact_binding_cascade.sql
Applying migration: 20260924110000_f07_atomic_schedule.sql
Applying migration: 20260925100000_f06_command_bound_vault.sql
Applying migration: 20260925110000_f06_execution_capability_account_required.sql
Applying migration: 20260925120000_f07_actor_identity_uniqueness.sql
Applying migration: 20260925121000_f07_artifact_bucket.sql
Applying migration: 20260927090000_f09_metric_quality.sql
Applying migration: 20260927091000_f09_runtime_storage_metric.sql
Applying migration: 20260927092000_f09_runtime_metric_returning.sql
Applying migration: 20260927093000_f09_execution_metric_returning.sql

### schema-diff expectedFailure=false
Migration checksums and schema catalog match rebuilt reference.

### schema-diff expectedFailure=true
SCHEMA_DRIFT: catalog differs from rebuilt reference

### schema-diff expectedFailure=false
Migration checksums and schema catalog match rebuilt reference.

### schema-diff expectedFailure=true
Schema reference must be independent of target
