✔ formal gate rejects zero, one, two and noninteger runs (0.442167ms)
✔ all binaries participate in digest and omitted binary fails (3.696458ms)
✔ extra binary, missing wheel and stale/empty Web cannot pass output inventory (2.769667ms)
✔ manifest inventory cannot omit or add members (0.086625ms)
✔ dirty and untracked source rejected (62.993209ms)
✔ deleted module README is rejected (2.838958ms)
✔ wrong uv version fails toolchain preflight (17.377791ms)
✔ invalid locks fail real lock entrypoint (61.477833ms)
✔ Terminal default lint rejects a page TSX violation (945.309291ms)
✔ invalid run revokes old successful receipt (25.7505ms)
✔ Cargo manifest drift is rejected by actual lock gate (600.45275ms)
✔ uv manifest drift is rejected by actual lock gate (667.27075ms)
✔ pnpm manifest drift is rejected by actual lock gate (915.715958ms)
✔ malformed Buf lock is rejected by actual lock gate (644.932667ms)
✔ broken Desktop is outside phase-one pnpm frozen check (332.594542ms)
✔ uv output marker is metadata, other unexpected files still fail (2.273167ms)
✔ build-only tool is required in output inventory without becoming a runtime binary (2.126875ms)
✔ pnpm frozen check rejects missing or changed patch bytes (699.9955ms)
✔ pnpm patch cannot read outside the repository (156.853833ms)
ℹ tests 19
ℹ suites 0
ℹ pass 19
ℹ fail 0
ℹ cancelled 0
ℹ skipped 0
ℹ todo 0
ℹ duration_ms 5179.928375
