✔ formal gate rejects zero, one, two and noninteger runs (0.378334ms)
✔ all binaries participate in digest and omitted binary fails (3.298667ms)
✔ extra binary, missing wheel and stale/empty Web cannot pass output inventory (2.985166ms)
✔ manifest inventory cannot omit or add members (0.083458ms)
✔ dirty and untracked source rejected (70.057791ms)
✔ deleted module README is rejected (2.458834ms)
✔ wrong uv version fails toolchain preflight (19.064042ms)
✔ invalid locks fail real lock entrypoint (61.414084ms)
✔ Terminal default lint rejects a page TSX violation (846.937375ms)
✔ invalid run revokes old successful receipt (27.647291ms)
✖ Cargo manifest drift is rejected by actual lock gate (244.982084ms)
✔ uv manifest drift is rejected by actual lock gate (677.155583ms)
✖ pnpm manifest drift is rejected by actual lock gate (208.508833ms)
✖ malformed Buf lock is rejected by actual lock gate (204.551125ms)
✔ broken Desktop is outside phase-one pnpm frozen check (322.754333ms)
✔ uv output marker is metadata, other unexpected files still fail (2.131042ms)
✔ build-only tool is required in output inventory without becoming a runtime binary (2.282584ms)
✔ pnpm frozen check rejects missing or changed patch bytes (678.096667ms)
✔ pnpm patch cannot read outside the repository (156.005958ms)
ℹ tests 19
ℹ suites 0
ℹ pass 16
ℹ fail 3
ℹ cancelled 0
ℹ skipped 0
ℹ todo 0
ℹ duration_ms 3569.616292

✖ failing tests:

test at scripts/f01-gate-negative.mjs:144:5
✖ Cargo manifest drift is rejected by actual lock gate (244.982084ms)
  AssertionError [ERR_ASSERTION]: error: failed to open file `/Users/anray/.cache/uv/sdists-v9/.git`: Operation not permitted (os error 1)
  
  
  2 !== 0
  
      at file:///Users/anray/Documents/project/SumAlpha/QuantOS/scripts/f01-gate-negative.mjs:151:16
      at fixture (file:///Users/anray/Documents/project/SumAlpha/QuantOS/scripts/f01-gate-negative.mjs:13:12)
      at TestContext.<anonymous> (file:///Users/anray/Documents/project/SumAlpha/QuantOS/scripts/f01-gate-negative.mjs:144:59)
      at Test.runInAsyncScope (node:async_hooks:214:14)
      at Test.run (node:internal/test_runner/test:1106:25)
      at Test.processPendingSubtests (node:internal/test_runner/test:788:18)
      at Test.postRun (node:internal/test_runner/test:1235:19)
      at Test.run (node:internal/test_runner/test:1163:12)
      at async Test.processPendingSubtests (node:internal/test_runner/test:788:7) {
    generatedMessage: false,
    code: 'ERR_ASSERTION',
    actual: 2,
    expected: 0,
    operator: 'strictEqual',
    diff: 'simple'
  }

test at scripts/f01-gate-negative.mjs:144:5
✖ pnpm manifest drift is rejected by actual lock gate (208.508833ms)
  AssertionError [ERR_ASSERTION]: error: failed to open file `/Users/anray/.cache/uv/sdists-v9/.git`: Operation not permitted (os error 1)
  
  
  2 !== 0
  
      at file:///Users/anray/Documents/project/SumAlpha/QuantOS/scripts/f01-gate-negative.mjs:151:16
      at fixture (file:///Users/anray/Documents/project/SumAlpha/QuantOS/scripts/f01-gate-negative.mjs:13:12)
      at TestContext.<anonymous> (file:///Users/anray/Documents/project/SumAlpha/QuantOS/scripts/f01-gate-negative.mjs:144:59)
      at Test.runInAsyncScope (node:async_hooks:214:14)
      at Test.run (node:internal/test_runner/test:1106:25)
      at Test.processPendingSubtests (node:internal/test_runner/test:788:18)
      at Test.postRun (node:internal/test_runner/test:1235:19)
      at Test.run (node:internal/test_runner/test:1163:12)
      at async Test.processPendingSubtests (node:internal/test_runner/test:788:7) {
    generatedMessage: false,
    code: 'ERR_ASSERTION',
    actual: 2,
    expected: 0,
    operator: 'strictEqual',
    diff: 'simple'
  }

test at scripts/f01-gate-negative.mjs:144:5
✖ malformed Buf lock is rejected by actual lock gate (204.551125ms)
  AssertionError [ERR_ASSERTION]: error: failed to open file `/Users/anray/.cache/uv/sdists-v9/.git`: Operation not permitted (os error 1)
  
  
  2 !== 0
  
      at file:///Users/anray/Documents/project/SumAlpha/QuantOS/scripts/f01-gate-negative.mjs:151:16
      at fixture (file:///Users/anray/Documents/project/SumAlpha/QuantOS/scripts/f01-gate-negative.mjs:13:12)
      at TestContext.<anonymous> (file:///Users/anray/Documents/project/SumAlpha/QuantOS/scripts/f01-gate-negative.mjs:144:59)
      at Test.runInAsyncScope (node:async_hooks:214:14)
      at Test.run (node:internal/test_runner/test:1106:25)
      at Test.processPendingSubtests (node:internal/test_runner/test:788:18)
      at Test.postRun (node:internal/test_runner/test:1235:19)
      at Test.run (node:internal/test_runner/test:1163:12)
      at async Test.processPendingSubtests (node:internal/test_runner/test:788:7) {
    generatedMessage: false,
    code: 'ERR_ASSERTION',
    actual: 2,
    expected: 0,
    operator: 'strictEqual',
    diff: 'simple'
  }
