
> @sumalpha/quantos@ test:pre01 /Users/anray/Documents/project/SumAlpha/QuantOS
> node --test ./scripts/tests/check-pre01.test.mjs

✔ current PRE-01 artifacts satisfy the executable contract (5.690083ms)
✔ missing a page state fails closed (1.784875ms)
✔ invalid story priority fails closed (0.557875ms)
✔ missing traceability row fails closed (1.511625ms)
✔ published operation cannot regress to planned fails closed (1.988583ms)
✔ unknown role fails closed (0.566042ms)
✔ unknown route fails closed (0.565958ms)
✔ duplicate story fails closed (0.58725ms)
✔ missing flow stories fails closed (0.623958ms)
✔ missing flow scenarios fails closed (1.218917ms)
✔ unsafe proposal criterion fails closed (1.197542ms)
✔ unknown trace task fails closed (1.365042ms)
✔ unauthorized admin grant fails closed (1.351333ms)
✔ missing permission route fails closed (0.981458ms)
✔ phase-one P16 fails closed (0.110792ms)
✔ missing contract owner fails closed (1.138667ms)
✔ empty flow role fails closed (0.583875ms)
✔ empty flow route fails closed (0.600292ms)
✔ state label mismatch fails closed (0.817292ms)
✔ desktop-only story fails closed (0.432917ms)
✔ persistent offline cache fails closed (0.909042ms)
✔ admin domain permission fails closed (0.768208ms)
✔ missing page story fails closed (0.52125ms)
✔ cross-page route fails closed (0.454917ms)
✔ current G0 governance preserves history without granting current acceptance (1.86375ms)
✔ past-due G0 item cannot silently remain OPEN (0.7135ms)
✔ fabricated G0 acceptance fails against current checkpoint (0.593958ms)
✔ missing G0 leftover owner fails (0.602042ms)
✔ P05 cannot bind metadata download to an untraced audit export operation (1.9885ms)
✔ P21 cannot drop alert ownership from both ledger and trace while retaining the subscription (2.341416ms)
✔ unknown unlabelled operation in API register is rejected (1.974ms)
✔ P05 quality alerts require C16 ownership on the consumer page (1.627583ms)
✔ API register rejects current version 1.4.0 (1.607125ms)
✔ API register rejects current version 99.99.0 (1.476625ms)
✔ published register row cannot omit API version (1.73975ms)
✔ published register row cannot omit generated mock version (1.8795ms)
✔ all ten historical compatibility strategies cannot be cleared (0.835042ms)
✔ current disposition cannot drop a historical parent (0.973334ms)
✔ current disposition requires effective checkpoint deadline (0.772542ms)
✔ current disposition cannot claim target RELEASE completion (1.018792ms)
✔ current disposition requires nonempty compatibility strategy (0.743625ms)
✔ current disposition presentation must match structured source (0.77375ms)
✔ current deadline cannot defer DEVELOPMENT provider obligations to integration (0.85175ms)
ℹ tests 43
ℹ suites 0
ℹ pass 43
ℹ fail 0
ℹ cancelled 0
ℹ skipped 0
ℹ todo 0
ℹ duration_ms 153.4135
