============================= test session starts ==============================
platform darwin -- Python 3.12.10, pytest-9.0.3, pluggy-1.6.0 -- /Users/anray/Documents/project/SumAlpha/QuantOS/engines/.venv/bin/python
cachedir: .pytest_cache
rootdir: /Users/anray/Documents/project/SumAlpha/QuantOS/engines
configfile: pyproject.toml
plugins: cov-6.2.1
collecting ... collected 129 items

engines/tests/test_rd_agent_contract.py::test_rd_agent_contract_all_rpcs PASSED [  0%]
engines/tests/test_rd_agent_contract.py::test_rd_agent_is_deterministic_for_fixed_snapshot PASSED [  1%]
engines/tests/test_rd_agent_contract.py::test_rd_agent_rejects_forbidden_boundary_requests PASSED [  2%]
engines/tests/test_rd_agent_contract.py::test_rd_agent_requires_matching_actor_capability PASSED [  3%]
engines/tests/test_rd_agent_contract.py::test_rd_agent_p95_response_stays_under_one_second PASSED [  3%]
engines/tests/test_rd_agent_development.py::test_replay_contract_and_readable_artifact[hypothesis_regime_shift] PASSED [  4%]
engines/tests/test_rd_agent_development.py::test_replay_contract_and_readable_artifact[experiment_factor_stability] PASSED [  5%]
engines/tests/test_rd_agent_development.py::test_boundary_rejection_has_no_side_effect[case-00-execute] PASSED [  6%]
engines/tests/test_rd_agent_development.py::test_boundary_rejection_has_no_side_effect[case-00-stream] PASSED [  6%]
engines/tests/test_rd_agent_development.py::test_boundary_rejection_has_no_side_effect[case-01-execute] PASSED [  7%]
engines/tests/test_rd_agent_development.py::test_boundary_rejection_has_no_side_effect[case-01-stream] PASSED [  8%]
engines/tests/test_rd_agent_development.py::test_boundary_rejection_has_no_side_effect[case-02-execute] PASSED [  9%]
engines/tests/test_rd_agent_development.py::test_boundary_rejection_has_no_side_effect[case-02-stream] PASSED [ 10%]
engines/tests/test_rd_agent_development.py::test_boundary_rejection_has_no_side_effect[case-03-execute] PASSED [ 10%]
engines/tests/test_rd_agent_development.py::test_boundary_rejection_has_no_side_effect[case-03-stream] PASSED [ 11%]
engines/tests/test_rd_agent_development.py::test_boundary_rejection_has_no_side_effect[case-04-execute] PASSED [ 12%]
engines/tests/test_rd_agent_development.py::test_boundary_rejection_has_no_side_effect[case-04-stream] PASSED [ 13%]
engines/tests/test_rd_agent_development.py::test_boundary_rejection_has_no_side_effect[case-05-execute] PASSED [ 13%]
engines/tests/test_rd_agent_development.py::test_boundary_rejection_has_no_side_effect[case-05-stream] PASSED [ 14%]
engines/tests/test_rd_agent_development.py::test_boundary_rejection_has_no_side_effect[case-06-execute] PASSED [ 15%]
engines/tests/test_rd_agent_development.py::test_boundary_rejection_has_no_side_effect[case-06-stream] PASSED [ 16%]
engines/tests/test_rd_agent_development.py::test_boundary_rejection_has_no_side_effect[case-07-execute] PASSED [ 17%]
engines/tests/test_rd_agent_development.py::test_boundary_rejection_has_no_side_effect[case-07-stream] PASSED [ 17%]
engines/tests/test_rd_agent_development.py::test_boundary_rejection_has_no_side_effect[case-08-execute] PASSED [ 18%]
engines/tests/test_rd_agent_development.py::test_boundary_rejection_has_no_side_effect[case-08-stream] PASSED [ 19%]
engines/tests/test_rd_agent_development.py::test_boundary_rejection_has_no_side_effect[case-09-execute] PASSED [ 20%]
engines/tests/test_rd_agent_development.py::test_boundary_rejection_has_no_side_effect[case-09-stream] PASSED [ 20%]
engines/tests/test_rd_agent_development.py::test_boundary_rejection_has_no_side_effect[case-10-execute] PASSED [ 21%]
engines/tests/test_rd_agent_development.py::test_boundary_rejection_has_no_side_effect[case-10-stream] PASSED [ 22%]
engines/tests/test_rd_agent_development.py::test_boundary_rejection_has_no_side_effect[case-11-execute] PASSED [ 23%]
engines/tests/test_rd_agent_development.py::test_boundary_rejection_has_no_side_effect[case-11-stream] PASSED [ 24%]
engines/tests/test_rd_agent_development.py::test_boundary_rejection_has_no_side_effect[case-12-execute] PASSED [ 24%]
engines/tests/test_rd_agent_development.py::test_boundary_rejection_has_no_side_effect[case-12-stream] PASSED [ 25%]
engines/tests/test_rd_agent_development.py::test_boundary_rejection_has_no_side_effect[case-13-execute] PASSED [ 26%]
engines/tests/test_rd_agent_development.py::test_boundary_rejection_has_no_side_effect[case-13-stream] PASSED [ 27%]
engines/tests/test_rd_agent_development.py::test_boundary_rejection_has_no_side_effect[case-14-execute] PASSED [ 27%]
engines/tests/test_rd_agent_development.py::test_boundary_rejection_has_no_side_effect[case-14-stream] PASSED [ 28%]
engines/tests/test_rd_agent_development.py::test_boundary_rejection_has_no_side_effect[case-15-execute] PASSED [ 29%]
engines/tests/test_rd_agent_development.py::test_boundary_rejection_has_no_side_effect[case-15-stream] PASSED [ 30%]
engines/tests/test_rd_agent_development.py::test_boundary_rejection_has_no_side_effect[case-16-execute] PASSED [ 31%]
engines/tests/test_rd_agent_development.py::test_boundary_rejection_has_no_side_effect[case-16-stream] PASSED [ 31%]
engines/tests/test_rd_agent_development.py::test_boundary_rejection_has_no_side_effect[case-17-execute] PASSED [ 32%]
engines/tests/test_rd_agent_development.py::test_boundary_rejection_has_no_side_effect[case-17-stream] PASSED [ 33%]
engines/tests/test_rd_agent_development.py::test_boundary_rejection_has_no_side_effect[case-18-execute] PASSED [ 34%]
engines/tests/test_rd_agent_development.py::test_boundary_rejection_has_no_side_effect[case-18-stream] PASSED [ 34%]
engines/tests/test_rd_agent_development.py::test_boundary_rejection_has_no_side_effect[case-19-execute] PASSED [ 35%]
engines/tests/test_rd_agent_development.py::test_boundary_rejection_has_no_side_effect[case-19-stream] PASSED [ 36%]
engines/tests/test_rd_agent_development.py::test_boundary_rejection_has_no_side_effect[case-20-execute] PASSED [ 37%]
engines/tests/test_rd_agent_development.py::test_boundary_rejection_has_no_side_effect[case-20-stream] PASSED [ 37%]
engines/tests/test_rd_agent_development.py::test_boundary_rejection_has_no_side_effect[case-21-execute] PASSED [ 38%]
engines/tests/test_rd_agent_development.py::test_boundary_rejection_has_no_side_effect[case-21-stream] PASSED [ 39%]
engines/tests/test_rd_agent_development.py::test_boundary_rejection_has_no_side_effect[case-22-execute] PASSED [ 40%]
engines/tests/test_rd_agent_development.py::test_boundary_rejection_has_no_side_effect[case-22-stream] PASSED [ 41%]
engines/tests/test_rd_agent_development.py::test_boundary_rejection_has_no_side_effect[case-23-execute] PASSED [ 41%]
engines/tests/test_rd_agent_development.py::test_boundary_rejection_has_no_side_effect[case-23-stream] PASSED [ 42%]
engines/tests/test_rd_agent_development.py::test_boundary_rejection_has_no_side_effect[case-24-execute] PASSED [ 43%]
engines/tests/test_rd_agent_development.py::test_boundary_rejection_has_no_side_effect[case-24-stream] PASSED [ 44%]
engines/tests/test_rd_agent_development.py::test_boundary_rejection_has_no_side_effect[case-25-execute] PASSED [ 44%]
engines/tests/test_rd_agent_development.py::test_boundary_rejection_has_no_side_effect[case-25-stream] PASSED [ 45%]
engines/tests/test_rd_agent_development.py::test_boundary_rejection_has_no_side_effect[case-26-execute] PASSED [ 46%]
engines/tests/test_rd_agent_development.py::test_boundary_rejection_has_no_side_effect[case-26-stream] PASSED [ 47%]
engines/tests/test_rd_agent_development.py::test_boundary_rejection_has_no_side_effect[case-27-execute] PASSED [ 48%]
engines/tests/test_rd_agent_development.py::test_boundary_rejection_has_no_side_effect[case-27-stream] PASSED [ 48%]
engines/tests/test_rd_agent_development.py::test_boundary_rejection_has_no_side_effect[case-28-execute] PASSED [ 49%]
engines/tests/test_rd_agent_development.py::test_boundary_rejection_has_no_side_effect[case-28-stream] PASSED [ 50%]
engines/tests/test_rd_agent_development.py::test_boundary_rejection_has_no_side_effect[case-29-execute] PASSED [ 51%]
engines/tests/test_rd_agent_development.py::test_boundary_rejection_has_no_side_effect[case-29-stream] PASSED [ 51%]
engines/tests/test_rd_agent_development.py::test_boundary_rejection_has_no_side_effect[case-30-execute] PASSED [ 52%]
engines/tests/test_rd_agent_development.py::test_boundary_rejection_has_no_side_effect[case-30-stream] PASSED [ 53%]
engines/tests/test_rd_agent_development.py::test_boundary_rejection_has_no_side_effect[case-31-execute] PASSED [ 54%]
engines/tests/test_rd_agent_development.py::test_boundary_rejection_has_no_side_effect[case-31-stream] PASSED [ 55%]
engines/tests/test_rd_agent_development.py::test_boundary_rejection_has_no_side_effect[case-32-execute] PASSED [ 55%]
engines/tests/test_rd_agent_development.py::test_boundary_rejection_has_no_side_effect[case-32-stream] PASSED [ 56%]
engines/tests/test_rd_agent_development.py::test_boundary_rejection_has_no_side_effect[case-33-execute] PASSED [ 57%]
engines/tests/test_rd_agent_development.py::test_boundary_rejection_has_no_side_effect[case-33-stream] PASSED [ 58%]
engines/tests/test_rd_agent_development.py::test_boundary_rejection_has_no_side_effect[case-34-execute] PASSED [ 58%]
engines/tests/test_rd_agent_development.py::test_boundary_rejection_has_no_side_effect[case-34-stream] PASSED [ 59%]
engines/tests/test_rd_agent_development.py::test_boundary_rejection_has_no_side_effect[case-35-execute] PASSED [ 60%]
engines/tests/test_rd_agent_development.py::test_boundary_rejection_has_no_side_effect[case-35-stream] PASSED [ 61%]
engines/tests/test_rd_agent_development.py::test_boundary_rejection_has_no_side_effect[case-36-execute] PASSED [ 62%]
engines/tests/test_rd_agent_development.py::test_boundary_rejection_has_no_side_effect[case-36-stream] PASSED [ 62%]
engines/tests/test_rd_agent_development.py::test_boundary_rejection_has_no_side_effect[case-37-execute] PASSED [ 63%]
engines/tests/test_rd_agent_development.py::test_boundary_rejection_has_no_side_effect[case-37-stream] PASSED [ 64%]
engines/tests/test_rd_agent_development.py::test_boundary_rejection_has_no_side_effect[case-38-execute] PASSED [ 65%]
engines/tests/test_rd_agent_development.py::test_boundary_rejection_has_no_side_effect[case-38-stream] PASSED [ 65%]
engines/tests/test_rd_agent_development.py::test_boundary_rejection_has_no_side_effect[case-39-execute] PASSED [ 66%]
engines/tests/test_rd_agent_development.py::test_boundary_rejection_has_no_side_effect[case-39-stream] PASSED [ 67%]
engines/tests/test_rd_agent_development.py::test_boundary_rejection_has_no_side_effect[case-40-execute] PASSED [ 68%]
engines/tests/test_rd_agent_development.py::test_boundary_rejection_has_no_side_effect[case-40-stream] PASSED [ 68%]
engines/tests/test_rd_agent_development.py::test_boundary_rejection_has_no_side_effect[case-41-execute] PASSED [ 69%]
engines/tests/test_rd_agent_development.py::test_boundary_rejection_has_no_side_effect[case-41-stream] PASSED [ 70%]
engines/tests/test_rd_agent_development.py::test_research_only[execute-2] PASSED [ 71%]
engines/tests/test_rd_agent_development.py::test_research_only[execute-3] PASSED [ 72%]
engines/tests/test_rd_agent_development.py::test_research_only[execute-4] PASSED [ 72%]
engines/tests/test_rd_agent_development.py::test_research_only[execute-5] PASSED [ 73%]
engines/tests/test_rd_agent_development.py::test_research_only[stream-2] PASSED [ 74%]
engines/tests/test_rd_agent_development.py::test_research_only[stream-3] PASSED [ 75%]
engines/tests/test_rd_agent_development.py::test_research_only[stream-4] PASSED [ 75%]
engines/tests/test_rd_agent_development.py::test_research_only[stream-5] PASSED [ 76%]
engines/tests/test_rd_agent_development.py::test_execution_identity_conflict[execute-prompt] PASSED [ 77%]
engines/tests/test_rd_agent_development.py::test_execution_identity_conflict[execute-snapshot] PASSED [ 78%]
engines/tests/test_rd_agent_development.py::test_execution_identity_conflict[execute-policy] PASSED [ 79%]
engines/tests/test_rd_agent_development.py::test_execution_identity_conflict[execute-request_id] PASSED [ 79%]
engines/tests/test_rd_agent_development.py::test_execution_identity_conflict[execute-correlation_id] PASSED [ 80%]
engines/tests/test_rd_agent_development.py::test_execution_identity_conflict[execute-causation_id] PASSED [ 81%]
engines/tests/test_rd_agent_development.py::test_execution_identity_conflict[execute-capability] PASSED [ 82%]
engines/tests/test_rd_agent_development.py::test_execution_identity_conflict[stream-prompt] PASSED [ 82%]
engines/tests/test_rd_agent_development.py::test_execution_identity_conflict[stream-snapshot] PASSED [ 83%]
engines/tests/test_rd_agent_development.py::test_execution_identity_conflict[stream-policy] PASSED [ 84%]
engines/tests/test_rd_agent_development.py::test_execution_identity_conflict[stream-request_id] PASSED [ 85%]
engines/tests/test_rd_agent_development.py::test_execution_identity_conflict[stream-correlation_id] PASSED [ 86%]
engines/tests/test_rd_agent_development.py::test_execution_identity_conflict[stream-causation_id] PASSED [ 86%]
engines/tests/test_rd_agent_development.py::test_execution_identity_conflict[stream-capability] PASSED [ 87%]
engines/tests/test_rd_agent_development.py::test_cancel_authorization_is_scoped[tenant_id] PASSED [ 88%]
engines/tests/test_rd_agent_development.py::test_cancel_authorization_is_scoped[workspace_id] PASSED [ 89%]
engines/tests/test_rd_agent_development.py::test_cancel_authorization_is_scoped[actor_id] PASSED [ 89%]
engines/tests/test_rd_agent_development.py::test_cancel_authorization_is_scoped[capabilities] PASSED [ 90%]
engines/tests/test_rd_agent_development.py::test_cancel_authorization_is_scoped[mode] PASSED [ 91%]
engines/tests/test_rd_agent_development.py::test_cancel_authorization_is_scoped[unknown] PASSED [ 92%]
engines/tests/test_rd_agent_development.py::test_artifact_read_scope_and_collision_resistance[tenant_id] PASSED [ 93%]
engines/tests/test_rd_agent_development.py::test_artifact_read_scope_and_collision_resistance[workspace_id] PASSED [ 93%]
engines/tests/test_rd_agent_development.py::test_artifact_read_scope_and_collision_resistance[actor_id] PASSED [ 94%]
engines/tests/test_rd_agent_development.py::test_inflight_stop_prevents_artifact_write[deadline-execute] PASSED [ 95%]
engines/tests/test_rd_agent_development.py::test_inflight_stop_prevents_artifact_write[deadline-stream] PASSED [ 96%]
engines/tests/test_rd_agent_development.py::test_inflight_stop_prevents_artifact_write[cancel-execute] PASSED [ 96%]
engines/tests/test_rd_agent_development.py::test_inflight_stop_prevents_artifact_write[cancel-stream] PASSED [ 97%]
engines/tests/test_rd_agent_development.py::test_inflight_stop_prevents_artifact_write[transport-execute] PASSED [ 98%]
engines/tests/test_rd_agent_development.py::test_inflight_stop_prevents_artifact_write[transport-stream] PASSED [ 99%]
engines/tests/test_rd_agent_development.py::test_rd_agent_source_has_no_upstream_or_tool_runtime_imports PASSED [100%]

============================= 129 passed in 1.38s ==============================
