
> @sumalpha/quantos@ test:fep0 /Users/anray/Documents/project/SumAlpha/QuantOS
> node --test scripts/fep0-development.test.mjs

✔ all eight independently content-bound dependencies admit DEVELOPMENT only (16.8895ms)
✔ engineering aggregation preserves the sole pending user confirmation (8.772333ms)
✔ milestone rejects missing F0 (7.910584ms)
✔ milestone rejects missing PRE (8.258666ms)
✔ milestone rejects duplicate dependency (7.992041ms)
✔ milestone rejects unready F0 (7.72025ms)
✔ milestone rejects manifest bytes replaced (7.494875ms)
✔ milestone rejects digest substituted (7.31225ms)
✔ milestone rejects dependency path substituted (6.955583ms)
✔ milestone rejects dependency verdict substituted (7.035375ms)
✔ milestone rejects self manifest schema (7.00775ms)
✔ milestone rejects normative change (7.275208ms)
✔ milestone rejects source input change (7.049125ms)
✔ milestone rejects unexecuted check (8.568458ms)
✔ milestone rejects missing execution time (7.311292ms)
✔ milestone rejects missing required check (7.607916ms)
✔ milestone rejects duplicate check (7.409958ms)
✔ milestone rejects wrong command (7.086375ms)
✔ milestone rejects log tampering (7.362459ms)
✔ milestone rejects rehashed prose (7.128542ms)
✔ milestone rejects external log path (6.946042ms)
✔ milestone rejects false formal acceptance (6.957834ms)
✔ milestone rejects aggregate claims database run (6.927667ms)
✔ milestone rejects hidden exclusions (6.930958ms)
✔ milestone rejects unresolved functional finding (6.814709ms)
✔ dependency validator is invoked and errors propagate (6.902583ms)
✔ fake READY cannot hide changed G0 scope (6.874209ms)
✔ arbitrary existing markdown cannot serve as a milestone receipt (0.080458ms)
✔ own arbitrary digest is rejected independently of dependency status (0.060583ms)
✔ F0 policy contains the six missing nodes and all eleven obligations (6.960042ms)
✔ production schema drift comparator rejects tables (0.102375ms)
✔ production schema drift comparator rejects columns (0.048125ms)
✔ production schema drift comparator rejects constraints (0.043875ms)
✔ production schema drift comparator rejects indexes (0.042167ms)
✔ production schema drift comparator rejects policies (0.038417ms)
✔ production schema drift comparator rejects routines (0.0305ms)
✔ production schema drift comparator rejects triggers (0.035792ms)
✔ 100-task recovery evidence cannot use 10-task diagnostic or accept P95 (1.104959ms)
✔ CI consumes the full milestone engineering validator and its negatives (0.064084ms)
ℹ tests 39
ℹ suites 0
ℹ pass 39
ℹ fail 0
ℹ cancelled 0
ℹ skipped 0
ℹ todo 0
ℹ duration_ms 267.882417
