✔ complete coverage passes (0.448916ms)
✔ lines below threshold fails (0.334916ms)
✔ regions below threshold fails (0.417917ms)
✔ branches below threshold fails (0.104292ms)
✔ missing branch measurement fails (0.13075ms)
✔ missing CLI source fails (0.256458ms)
✔ current assembly passes (0.668916ms)
✔ replay count regression fails closed (0.160792ms)
✔ provider registry regression fails closed (0.140167ms)
✔ source conflict regression fails closed (0.13275ms)
✔ persistent writer regression fails closed (0.141834ms)
✔ atomic transaction regression fails closed (0.119958ms)
✔ F0 receipt regression fails closed (0.4295ms)
✔ accepted dependency regression fails closed (0.15225ms)
✔ CLI tests regression fails closed (0.118916ms)
✔ CI assembly regression fails closed (0.146875ms)
ℹ tests 16
ℹ suites 0
ℹ pass 16
ℹ fail 0
ℹ cancelled 0
ℹ skipped 0
ℹ todo 0
ℹ duration_ms 38.836917
