✔ formal gate rejects zero, one, two and noninteger runs (0.359042ms)
✔ all binaries participate in digest and omitted binary fails (3.101125ms)
✔ extra binary, missing wheel and stale/empty Web cannot pass output inventory (2.197625ms)
✔ manifest inventory cannot omit or add members (0.06025ms)
✔ dirty and untracked source rejected (56.645083ms)
✔ deleted module README is rejected (2.18475ms)
✔ wrong uv version fails toolchain preflight (16.641833ms)
✔ invalid locks fail real lock entrypoint (61.8465ms)
✔ Terminal default lint rejects a page TSX violation (1033.780166ms)
✔ invalid run revokes old successful receipt (23.9775ms)
✔ Cargo manifest drift is rejected by actual lock gate (563.266333ms)
✔ uv manifest drift is rejected by actual lock gate (623.773417ms)
✔ pnpm manifest drift is rejected by actual lock gate (843.156375ms)
✔ malformed Buf lock is rejected by actual lock gate (625.1955ms)
✔ broken Desktop is outside phase-one pnpm frozen check (303.381375ms)
✔ uv output marker is metadata, other unexpected files still fail (2.260833ms)
✔ build-only tool is required in output inventory without becoming a runtime binary (2.234083ms)
✔ pnpm frozen check rejects missing or changed patch bytes (638.695333ms)
✔ pnpm patch cannot read outside the repository (140.318542ms)
ℹ tests 19
ℹ suites 0
ℹ pass 19
ℹ fail 0
ℹ cancelled 0
ℹ skipped 0
ℹ todo 0
ℹ duration_ms 4976.751541
