node --test scripts/f02-gate-negative.mjs scripts/f02-a11-gate-negative.mjs scripts/playwright-git-history.test.mjs scripts/storage-fixture.test.cjs
✔ complete Linux matrix passes; deletion and pixel tampering fail (389.175083ms)
✔ acceptance never updates snapshots or skips missing snapshots (0.924958ms)
✔ only main signing and verification jobs receive the signing environment (9.671541ms)
✔ signing policy rejects missing protection, wildcards, tags and extra branches (0.181042ms)
✔ candidate import rejects tampering and stale source before writing, then imports the reviewed matrix (369.598708ms)
✔ required download check rejects skipped or failed event-specific verification (23.976917ms)
✔ PR receipts bind the checked out head while main signing stays on the event SHA (3.533834ms)
Verified 2 release files for aaaaaaaaaaaaaaaaaaaaaaaaaaaaaaaaaaaaaaaa
Verified 2 release files for aaaaaaaaaaaaaaaaaaaaaaaaaaaaaaaaaaaaaaaa
✔ real Gitleaks positive control and GitHub/Slack leaks (1598.466125ms)
✔ historical digest exceptions do not waive fresh credentials in audit JSON (1082.012959ms)
✔ RLS baseline rejects policy deletion and late disabling with recovery (167.655333ms)
✔ RLS preflight recognizes the actual ten-table A2 migration and rejects incomplete loops (127.686083ms)
✔ RLS preflight expands audit export permissions without treating grants as RLS (126.2045ms)
✔ RLS literal loops preserve late disabling, NO FORCE and policy deletion (123.562541ms)
✔ RLS preflight cannot count conditional loops, comments, literals or function bodies as execution (141.21425ms)
✔ quoted SQL examples inside expanded policy expressions cannot enable RLS (21.246167ms)
✔ migration filename control, rejection and recovery (13.865458ms)
✔ waivers only authorize exact advisory/ecosystem/package/version before expiry (1.081958ms)
✔ license expression policy does not globally allow LGPL or unknown licenses (0.343416ms)
✔ release binds complete payload and SBOM to source; rejects corruption and build-only native files (2.9455ms)
✔ Buf compares against distinct historical source and detects removed fields (582.751834ms)
✔ SCA scanner adapter consumes exact waivers and never waives scanner failures (1052.047333ms)
✔ Playwright PR reporting preserves complete history for downstream security scans (1618.037916ms)
✔ all bucket migration INSERT columns exist in the shared CI fixture (0.391334ms)
﹣ PostgreSQL compiles bucket migrations and preserves private export limits (0.048ms) # SKIP
ℹ tests 24
ℹ suites 0
ℹ pass 23
ℹ fail 0
ℹ cancelled 0
ℹ skipped 1
ℹ todo 0
ℹ duration_ms 5082.700125
