   Compiling quantos-event v0.1.0 (/Users/anray/Documents/project/SumAlpha/QuantOS/crates/quantos-event)
   Compiling quantos-observability v0.1.0 (/Users/anray/Documents/project/SumAlpha/QuantOS/crates/quantos-observability)
   Compiling capacity-monitor v0.1.0 (/Users/anray/Documents/project/SumAlpha/QuantOS/services/capacity-monitor)
    Finished `dev` profile [unoptimized + debuginfo] target(s) in 6.88s
   Compiling quantos-portfolio v0.1.0 (/Users/anray/Documents/project/SumAlpha/QuantOS/crates/quantos-portfolio)
   Compiling portfolio-rebuild v0.1.0 (/Users/anray/Documents/project/SumAlpha/QuantOS/services/portfolio-rebuild)
    Finished `dev` profile [unoptimized + debuginfo] target(s) in 6.44s
F09 scheduler smoke PASS: 2 real Supabase missing-coverage ticks
QUANTOS_RUN_F09_POSTGRES_TESTS=1 cargo test -p quantos-observability --test postgres_capacity_monitor --locked -- --test-threads=1 --skip restricted_runtime_role_records_only_real_storage_outcomes --nocapture

running 3 tests
test fault_proxy_retries_real_postgres_event_and_consumer_chain ... ok
test live_database_session_termination_preserves_ordered_event_chain ... ok
test live_metrics_drive_restart_safe_windows_persist_alerts_and_build_adr_evidence ... ok

test result: ok. 3 passed; 0 failed; 0 ignored; 0 measured; 1 filtered out; finished in 508.63s

   Compiling quantos-proto v0.1.0 (/Users/anray/Documents/project/SumAlpha/QuantOS/crates/quantos-proto)
   Compiling quantos-engine-manager v0.1.0 (/Users/anray/Documents/project/SumAlpha/QuantOS/crates/quantos-engine-manager)
   Compiling quantos-storage v0.1.0 (/Users/anray/Documents/project/SumAlpha/QuantOS/crates/quantos-storage)
   Compiling quantos-runtime v0.1.0 (/Users/anray/Documents/project/SumAlpha/QuantOS/crates/quantos-runtime)
   Compiling quantos-observability v0.1.0 (/Users/anray/Documents/project/SumAlpha/QuantOS/crates/quantos-observability)
    Finished `test` profile [unoptimized + debuginfo] target(s) in 10.95s
     Running tests/postgres_capacity_monitor.rs (target/debug/deps/postgres_capacity_monitor-66be2e9e41b16aad)
F09 database termination recovered; correlation=01a1190a-5556-73c1-8f1e-6146b19ba6f5; ordered_events=2
F09 capacity continuity tick 0/17
F09 capacity continuity tick 3/17
F09 capacity continuity tick 6/17
F09 capacity continuity tick 9/17
F09 capacity continuity tick 12/17
F09 capacity continuity tick 15/17

running 1 test
test f09_portfolio_and_risk_queries_persist_actual_latency_samples ... ok

test result: ok. 1 passed; 0 failed; 0 ignored; 0 measured; 1 filtered out; finished in 33.97s

   Compiling quantos-portfolio v0.1.0 (/Users/anray/Documents/project/SumAlpha/QuantOS/crates/quantos-portfolio)
    Finished `test` profile [unoptimized + debuginfo] target(s) in 20.43s
     Running tests/postgres_portfolio.rs (target/debug/deps/postgres_portfolio-6f684ef8228c8a8c)

running 1 test
test live::f09_live_tests::real_logout_db_write_matches_persistent_trace ... F09 BFF real session revoke and persistent trace share correlation_id=01a11912-cb5d-70f0-a3fb-f2a5d670e6be
ok

test result: ok. 1 passed; 0 failed; 0 ignored; 0 measured; 14 filtered out; finished in 22.22s

   Compiling bff-gateway v0.1.0 (/Users/anray/Documents/project/SumAlpha/QuantOS/services/bff-gateway)
    Finished `test` profile [unoptimized + debuginfo] target(s) in 2.12s
     Running unittests src/lib.rs (target/debug/deps/bff_gateway-d12a65752bc484f1)

running 1 test
F09 Runtime persisted run and trace share correlation_id=01a11913-2b45-7973-a9bb-668473b90cf2
test live::tests::f09_runtime_real_write_trace ... ok

test result: ok. 1 passed; 0 failed; 0 ignored; 0 measured; 9 filtered out; finished in 35.22s

   Compiling runtime-gateway v0.1.0 (/Users/anray/Documents/project/SumAlpha/QuantOS/services/runtime-gateway)
    Finished `test` profile [unoptimized + debuginfo] target(s) in 2.69s
     Running unittests src/main.rs (target/debug/deps/runtime_gateway-10c42f263fd4cdce)
{"event":"F09_PORTFOLIO_WRITE_TRACE_PASS","correlationId":"01a11913-90b9-78c2-b6c7-3613e1f908a6","snapshotHash":"sha256:2081d8c86e1a95ae74d66be445e82db83a81e22d36bad8fc3d843640e2d416c1","lastEventSequence":23,"positionCount":3}

running 1 test
test manager_supervises_three_real_crashes_without_test_owned_restarts ... ok

test result: ok. 1 passed; 0 failed; 0 ignored; 0 measured; 24 filtered out; finished in 0.75s

    Finished `test` profile [unoptimized + debuginfo] target(s) in 0.08s
     Running tests/python_mock_engine.rs (target/debug/deps/python_mock_engine-a14b3ed6aaf7410e)
