✔ all eight independently content-bound dependencies admit DEVELOPMENT only (23.907083ms)
✔ engineering aggregation preserves the sole pending user confirmation (14.38675ms)
✔ milestone rejects missing F0 (14.052666ms)
✔ milestone rejects missing PRE (14.347209ms)
✔ milestone rejects duplicate dependency (13.786ms)
✔ milestone rejects unready F0 (13.3175ms)
✔ milestone rejects manifest bytes replaced (13.126584ms)
✔ milestone rejects digest substituted (13.144833ms)
✔ milestone rejects dependency path substituted (13.01075ms)
✔ milestone rejects dependency verdict substituted (13.755333ms)
✔ milestone rejects self manifest schema (15.262416ms)
✔ milestone rejects normative change (14.457333ms)
✔ milestone rejects source input change (13.785417ms)
✔ milestone rejects unexecuted check (14.045417ms)
✔ milestone rejects missing execution time (12.990625ms)
✔ milestone rejects missing required check (12.835375ms)
✔ milestone rejects duplicate check (12.960125ms)
✔ milestone rejects wrong command (12.887708ms)
✔ milestone rejects log tampering (14.28325ms)
✔ milestone rejects rehashed prose (12.83275ms)
✔ milestone rejects external log path (12.664375ms)
✔ milestone rejects false formal acceptance (12.276167ms)
✔ milestone rejects aggregate claims database run (12.664917ms)
✔ milestone rejects hidden exclusions (12.190167ms)
✔ milestone rejects unresolved functional finding (12.458917ms)
✔ dependency validator is invoked and errors propagate (12.344084ms)
✔ fake READY cannot hide changed G0 scope (12.512417ms)
✔ arbitrary existing markdown cannot serve as a milestone receipt (0.0915ms)
✔ own arbitrary digest is rejected independently of dependency status (0.065458ms)
✔ F0 policy contains the six missing nodes and all eleven obligations (12.486208ms)
✔ production schema drift comparator rejects tables (0.19475ms)
✔ production schema drift comparator rejects columns (0.059583ms)
✔ production schema drift comparator rejects constraints (0.046166ms)
✔ production schema drift comparator rejects indexes (0.043916ms)
✔ production schema drift comparator rejects policies (0.043417ms)
✔ production schema drift comparator rejects routines (0.03475ms)
✔ production schema drift comparator rejects triggers (0.040458ms)
✔ 100-task recovery evidence cannot use 10-task diagnostic or accept P95 (1.06125ms)
✔ CI validates milestone disposition and preserves strict admission and negatives (5.380833ms)
ℹ tests 39
ℹ suites 0
ℹ pass 39
ℹ fail 0
ℹ cancelled 0
ℹ skipped 0
ℹ todo 0
ℹ duration_ms 448.319459
