
> @sumalpha/quantos@ test:development-plans /Users/anray/Documents/project/SumAlpha/QuantOS
> node --test scripts/development-plan-order-negative.mjs

✔ joint schedule is acyclic and preserves task/status boundaries (16.620833ms)
✔ restoring a complete R1 prerequisite for S2 services creates a rejected cycle (5.071209ms)
✔ research service waiting on its consumer page is rejected (4.802334ms)
✔ historical CORE:R04 to CORE:L04 probe now fails closed (4.560583ms)
✔ an early identity API cannot silently depend on later research services (6.04075ms)
✔ a provider cannot wait for the consumer frontend Gate (4.352083ms)
✔ removing S2 service admission from a core execution task is rejected (4.665542ms)
✔ S2 service Gate cannot omit TP12 advance evaluation (5.065542ms)
✔ I10 cannot drop testnet service admission even if metadata is edited with it (5.7695ms)
✔ a new or existing frontend cannot skip the full provider Gate (5.913709ms)
✔ G5 cannot be marked as closing in I4 before reconciliation (6.136833ms)
✔ moving the G1 block above I1 tasks is rejected (5.448042ms)
✔ milestone cannot omit its last child while retaining a Gate summary (5.413791ms)
✔ prose-only backend dependencies cannot drift from structured prerequisites (5.551125ms)
✔ core closure mapping cannot become an implicit service alias (5.338167ms)
✔ ACCEPTED checkpoint needs SHA and evidence, not only a green word (5.433708ms)
✔ accepted checkpoint evidence must resolve (2.803458ms)
✔ missing checkpoint and unknown dependency fail closed (7.188625ms)
✔ API windows cannot skip their preceding provider checkpoint (5.193084ms)
✔ UI windows cannot skip the preceding reconciliation window (5.690583ms)
✔ Web intake preserves the explicit no-model-review schema (1.581333ms)
✔ missing Web task fields still fail closed (1.491708ms)
✔ both plans must publish exactly the same stage contract (6.096791ms)
✔ changing both plans cannot defer correctness or functional deadlines to release (14.499166ms)
✔ both plans must retain every deferred release obligation (14.064166ms)
✔ tasks and checkpoints cannot omit, invent, or misclassify their stage gate (19.516208ms)
✔ release prerequisites cannot block either development or integration (11.722542ms)
✔ release gates cannot skip business closure or inherit the wrong stage (13.835458ms)
✔ historical ACCEPTED and completed tasks do not automatically become READY (11.106333ms)
✔ READY needs its own input digest and resolvable evidence (35.388959ms)
✔ unassessed stage gates cannot carry an apparent ready receipt (7.640167ms)
✔ BLOCKED retains failure evidence and digest without being counted as READY (14.579417ms)
✔ a READY chain needs READY prerequisites and its own evidence at every node (18.736458ms)
✔ stage readiness never substitutes for formal acceptance evidence (2.734875ms)
✔ release READY requires formal acceptance and all functional prerequisites (8.917375ms)
✔ core intake follows the frontend audit-report format (6.75125ms)
✔ core review summary must be unique and link to audit evidence (8.013209ms)
✔ core shared task fields and existing window must stay consistent (14.775542ms)
ℹ tests 38
ℹ suites 0
ℹ pass 38
ℹ fail 0
ℹ cancelled 0
ℹ skipped 0
ℹ todo 0
ℹ duration_ms 371.901
