Validated 6 pinned Buf plugins and locked generation workflow.
✔ proto generation configuration is pinned and lock-preserving (35.78575ms)
✔ proto generation configuration rejects an unpinned remote plugin (35.174792ms)
✔ proto generation configuration rejects implicit dependency updates (35.104708ms)
ℹ tests 3
ℹ suites 0
ℹ pass 3
ℹ fail 0
ℹ cancelled 0
ℹ skipped 0
ℹ todo 0
ℹ duration_ms 135.292167
Extracted 50 JSON schema documents.
Validated 50 standalone JSON schemas and 11 planned domain schemas.
✔ standalone JSON schema gate passes the complete generated catalog (130.412875ms)
✔ standalone JSON schema gate rejects a missing planned domain schema (45.451291ms)
✔ standalone JSON schema gate rejects an unresolved reference (120.2175ms)
ℹ tests 3
ℹ suites 0
ℹ pass 3
ℹ fail 0
ℹ cancelled 0
ℹ skipped 0
ℹ todo 0
ℹ duration_ms 329.758584
Proto compatibility checked against 22915b801d3f41a551d2aa66357f6a86d57c4e0c
Proto checks passed.
