✔ valid source and execution-bound dependency chain is READY without release signatures (44.479125ms)
✔ missing required execution (33.292333ms)
✔ failed execution (32.90925ms)
✔ wrong actual command (32.638875ms)
✔ unresolved issue (24.530417ms)
✔ wrong node (25.399208ms)
✔ missing source inventory (29.841917ms)
✔ plan scope changed (24.946167ms)
✔ outside log path (28.881666ms)
✔ wrong log digest (29.444ms)
✔ missing dependency (27.958583ms)
✔ dependency digest substituted (29.575125ms)
✔ tampered manifest bytes are rejected (22.778625ms)
✔ changed source content is rejected despite unchanged gate digest (29.986708ms)
✔ dependency must independently be READY (29.306083ms)
✔ arbitrary log cannot masquerade as successful execution (29.768208ms)
✔ input file symlink cannot escape the repository (29.492709ms)
✔ database execution cannot be inferred from a normal local PASS (36.114292ms)
✔ Supabase target receipt verifies each compressed execution log (35.625458ms)
✔ source drift during execution invalidates the original input snapshot (43.182ms)
✔ requirement drift during execution invalidates the original input snapshot (46.726042ms)
✔ controlled public development profile overrides stale values and preserves server inputs (0.150166ms)
✔ private credentials cannot be injected through a public development profile (0.107708ms)
✔ transient Auth 503 can retry only a complete target execution (0.099208ms)
✔ persistent target timeout never becomes PASS and stops at its budget (0.0925ms)
✔ semantic target failures stop without retry or PASS (0.024209ms)
✔ target retry budget cannot be unbounded (0.088792ms)
✔ configured target retries require explicit attempt outcomes in the receipt (33.271667ms)
✔ three successful full builds bind output inventories (0.383459ms)
✔ reproducibility rejects only two builds (0.113208ms)
✔ reproducibility rejects missing Python build (0.311ms)
✔ reproducibility rejects failed command (0.167375ms)
✔ reproducibility rejects different output digest (0.100209ms)
✔ reproducibility rejects substituted inventory (0.072916ms)
✔ reproducibility rejects dirty source (0.056792ms)
✔ reproducibility rejects old source (0.06025ms)
✔ development policy retains explicit build, coverage, volume and target storage obligations (0.312166ms)
✔ static make commands cannot reload .env.local or inherit target database opt-ins (0.088958ms)
✔ volume retry restarts the complete check only on a closed PostgreSQL transport (0.056458ms)
✔ volume correctness and certificate errors cannot be retried into PASS (0.034084ms)
✔ persistent database transport failure stays failed at the retry limit (0.028041ms)
✔ separate assessment snapshot preserves historical manifests and binds its own logs (33.493542ms)
✔ third-party Git link binds the actual clean checkout and rejects dirty/advanced source (142.298042ms)
✔ component passes while missing dependency/whole release admission rejects (52.392875ms)
✔ static COMPLETED is never dependency admission (15.814083ms)
✔ READY declarations still execute strict receipt validation (15.466208ms)
✔ release handoff and dependency changes fail closed n=>n.get('RELEASE-GATE:BETA').required_scope=n.get('RELEASE-GATE:BETA').required_scope.replace(handoff,'') (14.997083ms)
✔ release handoff and dependency changes fail closed n=>n.get('RELEASE-GATE:BETA').stage_gate.stage='DEVELOPMENT' (14.766084ms)
✔ release handoff and dependency changes fail closed n=>n.get('CORE:R02').dependencies.pop() (14.976583ms)
✔ full target outcomes, cleanup and coverage bind development scope (33.910041ms)
✔ reject failed combined execution (16.327ms)
✔ reject failed actor cleanup (12.154958ms)
✔ reject no boundary actors (14.644625ms)
✔ reject new provider run (12.943667ms)
✔ reject fresh quality claim (14.24575ms)
✔ reject engine left running (14.1965ms)
✔ reject wrong target (12.822958ms)
✔ reject release claimed (9.594709ms)
✔ reject wrong execution SHA (9.993792ms)
✔ reject missing approval (12.906041ms)
✔ reject changed source (11.684ms)
✔ reject skipped target test (13.392625ms)
✔ reject under threshold coverage (28.179542ms)
✔ tampered nested log rejected without changing outcome labels (10.423333ms)
✔ nested path escape rejected (9.559375ms)
✔ R1 controlled policies cover the complete dependency closure (970.945458ms)
✔ R01 target and production coverage independently validate (31.7015ms)
✔ R01 reject vacuous actor cleanup (19.463959ms)
✔ R01 reject uncommitted outbox (18.987792ms)
✔ R01 reject fixture claimed as real provider (18.483792ms)
✔ R01 reject RLS failed (21.091708ms)
✔ R01 reject migration mismatched (18.519208ms)
ℹ tests 72
ℹ suites 0
ℹ pass 72
ℹ fail 0
ℹ cancelled 0
ℹ skipped 0
ℹ todo 0
ℹ duration_ms 1381.53075
