✔ joint schedule is acyclic and preserves task/status boundaries (20.006625ms)
✔ restoring a complete R1 prerequisite for S2 services creates a rejected cycle (5.849ms)
✔ research service waiting on its consumer page is rejected (5.319875ms)
✔ historical CORE:R04 to CORE:L04 probe now fails closed (5.027417ms)
✔ an early identity API cannot silently depend on later research services (6.721209ms)
✔ a provider cannot wait for the consumer frontend Gate (5.09775ms)
✔ removing S2 service admission from a core execution task is rejected (5.526209ms)
✔ S2 service Gate cannot omit TP12 advance evaluation (5.769625ms)
✔ I10 cannot drop testnet service admission even if metadata is edited with it (6.1705ms)
✔ a new or existing frontend cannot skip the full provider Gate (6.645083ms)
✔ G5 cannot be marked as closing in I4 before reconciliation (6.429834ms)
✔ moving the G1 block above I1 tasks is rejected (5.935541ms)
✔ milestone cannot omit its last child while retaining a Gate summary (6.226875ms)
✔ prose-only backend dependencies cannot drift from structured prerequisites (5.7255ms)
✔ core closure mapping cannot become an implicit service alias (5.746542ms)
✔ ACCEPTED checkpoint needs SHA and evidence, not only a green word (6.320167ms)
✔ accepted checkpoint evidence must resolve (3.061083ms)
✔ missing checkpoint and unknown dependency fail closed (7.546792ms)
✔ API windows cannot skip their preceding provider checkpoint (5.304625ms)
✔ UI windows cannot skip the preceding reconciliation window (6.087ms)
✔ Web intake preserves the explicit no-model-review schema (1.945125ms)
✔ missing Web task fields still fail closed (1.583125ms)
✔ both plans must publish exactly the same stage contract (5.975083ms)
✔ changing both plans cannot defer correctness or functional deadlines to release (15.06025ms)
✔ both plans must retain every deferred release obligation (17.169333ms)
✔ tasks and checkpoints cannot omit, invent, or misclassify their stage gate (21.622917ms)
✔ release prerequisites cannot block either development or integration (14.044959ms)
✔ release gates cannot skip business closure or inherit the wrong stage (15.054666ms)
✔ historical ACCEPTED and completed tasks do not automatically become READY (13.07875ms)
✔ READY needs its own input digest and resolvable evidence (42.338625ms)
✔ unassessed stage gates cannot carry an apparent ready receipt (8.448708ms)
✔ BLOCKED retains failure evidence and digest without being counted as READY (17.847292ms)
✔ a READY chain needs READY prerequisites and its own evidence at every node (22.620833ms)
✔ stage readiness never substitutes for formal acceptance evidence (3.30025ms)
✔ release READY requires formal acceptance and all functional prerequisites (10.047375ms)
✔ core intake follows the frontend audit-report format (6.973125ms)
✔ core review summary must be unique and link to audit evidence (9.578792ms)
✔ core shared task fields and existing window must stay consistent (17.476375ms)
ℹ tests 38
ℹ suites 0
ℹ pass 38
ℹ fail 0
ℹ cancelled 0
ℹ skipped 0
ℹ todo 0
ℹ duration_ms 378.763833
