✔ fully bound executed evidence is admitted (1.367583ms)
✔ Node spec reporter with successful executed assertions is admitted (0.336667ms)
✔ Node non-execution or failure summary is rejected: "# pass 0\n# fail 0\n" (0.490875ms)
✔ Node non-execution or failure summary is rejected: "# pass 21\n# fail 1\n" (0.202458ms)
✔ Node non-execution or failure summary is rejected: "business assertions passed\n" (0.1745ms)
✔ Node non-execution or failure summary is rejected: "// # pass 21\n// # fail 0\n" (0.154917ms)
✔ comments-only replacement changes functional inputs is rejected (0.59525ms)
✔ unready dependency is rejected (0.239375ms)
✔ missing live execution is rejected (0.155584ms)
✔ evidence bytes changed is rejected (0.182583ms)
✔ compilation-only mutant rejection is rejected (0.725167ms)
✔ missing current export roots is rejected (0.232833ms)
✔ missing authentication matrix is rejected (0.222875ms)
✔ unexecuted target assertion is rejected (0.172ms)
✔ dependency validator failed is rejected (0.082875ms)
✔ current BFF-FE-007 repository Gate passes (0.945667ms)
✔ redaction attestation deletion is rejected (2.366084ms)
✔ evidence cursor deletion is rejected (0.975666ms)
✔ export capability regression is rejected (0.92325ms)
✔ CSRF deletion is rejected (0.914417ms)
✔ recent-auth deletion is rejected (0.892333ms)
✔ idempotency deletion is rejected (0.86825ms)
✔ expired download response deletion is rejected (0.916792ms)
✔ download URL leakage through status is rejected (1.002166ms)
✔ watermark deletion is rejected (1.021208ms)
✔ dependency regression is rejected (0.199ms)
ℹ tests 26
ℹ suites 0
ℹ pass 26
ℹ fail 0
ℹ cancelled 0
ℹ skipped 0
ℹ todo 0
ℹ duration_ms 102.179542
