✔ current BFF-FE-000 repository Gate passes (4.310042ms)
✔ missing phase-one page mapping is rejected (2.229458ms)
✔ published operation drift is rejected (4.690208ms)
✔ planned operation traceability deletion is rejected (1.721208ms)
✔ shared idempotency baseline deletion is rejected (2.839666ms)
✔ dependency regression is rejected (1.561291ms)
✔ error correlation header deletion is rejected (2.817291ms)
✔ generated Zod export deletion is rejected (1.594917ms)
✔ missing staging permits development readiness and never claims formal acceptance (0.578875ms)
✔ stage deferral cannot bypass engineering failures, final receipt requirements or unknown stages (0.071042ms)
✔ final review command cannot be rewired to the development stage (5.732625ms)
✔ current semantic A1 gate passes (4.913083ms)
✔ rejects cookie semantic regression (2.97325ms)
✔ rejects idempotency semantic regression (2.906167ms)
✔ rejects sort semantic regression (4.11875ms)
✔ rejects page semantic regression (2.848459ms)
✔ rejects ci semantic regression (2.753083ms)
✔ rejects decimal semantic regression (2.828167ms)
✔ rejects version semantic regression (3.493959ms)
✔ rejects csrf semantic regression (2.783083ms)
✔ exact registered security correction is accepted only within its window (13.515291ms)
✔ unregistered breaking type, enum or missing baseline fails closed (27.211709ms)
✔ new required parameters and constraints cannot silently bypass compatibility (0.9655ms)
✔ absent, invented and reference-only staging receipts never close A1 (0.232209ms)
✔ receipt checker binds actual evidence bytes and each role to source and contract inputs (0.421875ms)
✔ optional property within an existing allOf is additive, required changes are rejected (0.136375ms)
ℹ tests 26
ℹ suites 0
ℹ pass 26
ℹ fail 0
ℹ cancelled 0
ℹ skipped 0
ℹ todo 0
ℹ duration_ms 191.308875
