✔ formal gate rejects zero, one, two and noninteger runs (0.415584ms)
✔ all binaries participate in digest and omitted binary fails (3.216875ms)
✔ extra binary, missing wheel and stale/empty Web cannot pass output inventory (2.575084ms)
✔ manifest inventory cannot omit or add members (0.062417ms)
✔ dirty and untracked source rejected (65.709ms)
✔ deleted module README is rejected (2.525ms)
✔ wrong uv version fails toolchain preflight (17.392875ms)
✔ invalid locks fail real lock entrypoint (53.177209ms)
✔ Terminal default lint rejects a page TSX violation (622.29575ms)
✔ invalid run revokes old successful receipt (24.171917ms)
✔ Cargo manifest drift is rejected by actual lock gate (549.364208ms)
✔ uv manifest drift is rejected by actual lock gate (607.289ms)
✔ pnpm manifest drift is rejected by actual lock gate (834.929292ms)
✔ malformed Buf lock is rejected by actual lock gate (647.483833ms)
✔ broken Desktop is outside phase-one pnpm frozen check (312.530083ms)
✔ uv output marker is metadata, other unexpected files still fail (2.126208ms)
✔ build-only tool is required in output inventory without becoming a runtime binary (2.268875ms)
ℹ tests 17
ℹ suites 0
ℹ pass 17
ℹ fail 0
ℹ cancelled 0
ℹ skipped 0
ℹ todo 0
ℹ duration_ms 3785.439709
