
> @sumalpha/quantos@ test:development-plans /Users/anray/Documents/project/SumAlpha/QuantOS
> node --test scripts/development-plan-order-negative.mjs

✔ joint schedule is acyclic and preserves task/status boundaries (10.437291ms)
✔ restoring a complete R1 prerequisite for S2 services creates a rejected cycle (5.155667ms)
✔ research service waiting on its consumer page is rejected (4.511458ms)
✔ historical CORE:R04 to CORE:L04 probe now fails closed (4.702125ms)
✔ an early identity API cannot silently depend on later research services (6.799667ms)
✔ a provider cannot wait for the consumer frontend Gate (4.884333ms)
✔ removing S2 service admission from a core execution task is rejected (5.538667ms)
✔ S2 service Gate cannot omit TP12 advance evaluation (5.521708ms)
✔ I10 cannot drop testnet service admission even if metadata is edited with it (5.975458ms)
✔ a new or existing frontend cannot skip the full provider Gate (5.657334ms)
✔ G5 cannot be marked as closing in I4 before reconciliation (5.731084ms)
✔ moving the G1 block above I1 tasks is rejected (5.200625ms)
✔ milestone cannot omit its last child while retaining a Gate summary (5.574292ms)
✔ prose-only backend dependencies cannot drift from structured prerequisites (5.031084ms)
✔ core closure mapping cannot become an implicit service alias (5.465917ms)
✔ ACCEPTED checkpoint needs SHA and evidence, not only a green word (5.97675ms)
✔ accepted checkpoint evidence must resolve (3.063792ms)
✔ missing checkpoint and unknown dependency fail closed (7.231125ms)
✔ API windows cannot skip their preceding provider checkpoint (4.964ms)
✔ UI windows cannot skip the preceding reconciliation window (5.78925ms)
✔ Web intake preserves the explicit no-model-review schema (1.62775ms)
✔ missing Web task fields still fail closed (1.440416ms)
✔ both plans must publish exactly the same stage contract (5.892209ms)
✔ changing both plans cannot defer correctness or functional deadlines to release (13.863459ms)
✔ both plans must retain every deferred release obligation (13.10275ms)
✔ tasks and checkpoints cannot omit, invent, or misclassify their stage gate (20.416125ms)
✔ release prerequisites cannot block either development or integration (12.036291ms)
✔ release gates cannot skip business closure or inherit the wrong stage (13.570667ms)
✔ historical ACCEPTED and completed tasks do not automatically become READY (5.500833ms)
✔ READY needs its own input digest and resolvable evidence (30.058208ms)
✔ unassessed stage gates cannot carry an apparent ready receipt (7.048583ms)
✔ BLOCKED retains failure evidence and digest without being counted as READY (8.684ms)
✔ a READY chain needs READY prerequisites and its own evidence at every node (13.602042ms)
✔ stage readiness never substitutes for formal acceptance evidence (2.718542ms)
✔ release READY requires formal acceptance and all functional prerequisites (8.467375ms)
ℹ tests 35
ℹ suites 0
ℹ pass 35
ℹ fail 0
ℹ cancelled 0
ℹ skipped 0
ℹ todo 0
ℹ duration_ms 308.682958
