
> @sumalpha/quantos@ test:pre02 /Users/anray/Documents/project/SumAlpha/QuantOS
> pnpm --filter @sumalpha/ui test:pre02


> @sumalpha/ui@0.1.0 test:pre02 /Users/anray/Documents/project/SumAlpha/QuantOS/packages/ui
> node --test scripts/pre02-gate-negative.mjs

✔ current PRE-02 design-system contract passes (9.272542ms)
✔ renaming a required safety key fails even when the count stays at 18 (1.703375ms)
✔ missing state color mapping fails closed (1.539667ms)
✔ insufficient focus contrast is rejected (1.295417ms)
✔ missing readonly viewport is rejected (1.107292ms)
✔ deny cannot become success (1.362583ms)
✔ mapped token paths must exist (0.925958ms)
✔ English safety semantics cannot be inverted (0.800167ms)
✔ all compact density values remain frozen (0.9035ms)
✔ focus width and path remain frozen (0.934875ms)
✔ breakpoint intervals cannot develop gaps (0.9735ms)
✔ typography and spacing must match the reviewed contract (1.06ms)
✔ required component identity cannot be replaced (0.875583ms)
✔ comments do not supply executable Storybook configuration (0.835209ms)
✔ surface.2 contrast cannot be removed from the contract (0.772542ms)
✔ native reference viewport is not a prerequisite of the Web Gate (0.67675ms)
✔ disabled contrast rule cannot hide behind a matching comment (0.646583ms)
✔ readonly viewport dimensions cannot hide behind its identifier (0.829375ms)
✔ phase-two page cannot enter the Web component acceptance rows (0.60225ms)
✔ provider JSX outside the decorator cannot authorize empty decorators (0.623417ms)
✔ unexported configuration does not authorize a Storybook entry (0.595875ms)
✔ initial theme cannot contradict the dark default contract (0.589958ms)
✔ object spread cannot silently override required addons (0.76ms)
✔ duplicate decorators cannot replace the validated provider tree (0.68325ms)
✔ dead JSX branches are not executed provider decorators (1.440792ms)
✔ provider attributes cannot be overwritten through JSX spreads (1.037875ms)
✔ provider-only JSX without the Story consumer is rejected (0.740833ms)
ℹ tests 27
ℹ suites 0
ℹ pass 27
ℹ fail 0
ℹ cancelled 0
ℹ skipped 0
ℹ todo 0
ℹ duration_ms 228.171792
