
> @sumalpha/quantos@ test:pre06 /Users/anray/Documents/project/SumAlpha/QuantOS
> node --test scripts/pre06-gate-negative.mjs scripts/pre06-runtime-negative.mjs

✔ current PRE-06 Web baseline passes (24.959667ms)
✔ website browser Gate deletion is rejected (9.951333ms)
✔ Desktop coupling in phase-one compatibility is rejected (7.978542ms)
✔ Desktop deep-link inclusion in phase-one Terminal is rejected (7.17275ms)
✔ generated operation coverage drift is rejected (6.440167ms)
✔ visual baseline integrity failure is rejected (5.835167ms)
✔ performance budget weakening is rejected (5.505708ms)
✔ disabled CI steps and comment-only commands are rejected (16.128125ms)
✔ contract assertion deletion and visual comparison deletion fail closed (10.281333ms)
✔ website performance and critical coverage gates cannot be removed (10.888958ms)
✔ CI retry policy must reject flaky outcomes and archive failure evidence (11.5335ms)
✔ comments cannot restore weakened budget or critical coverage policy (15.629166ms)
✔ skipped suites and inactive screenshot assertions cannot satisfy the baseline (37.941833ms)
✔ critical contract callbacks cannot return early, hide assertions, or remove runtime counting (23.267ms)
✔ unknown and corrupted fixtures are rejected, explicit sabotage fixtures remain expected failures (29.214875ms)
✔ empty assets and empty route manifest are never a zero-sized performance PASS (28.843625ms)
✔ actual CI configs return nonzero for first-fail-then-pass policy probe (1282.052708ms)
ℹ tests 17
ℹ suites 0
ℹ pass 17
ℹ fail 0
ℹ cancelled 0
ℹ skipped 0
ℹ todo 0
ℹ duration_ms 1388.512625
