
> @sumalpha/quantos@ test:pre04 /Users/anray/Documents/project/SumAlpha/QuantOS
> node --test scripts/pre04-gate-negative.mjs

✔ current full phase-one inventory passes (12.00875ms)
✔ missing Gap is rejected (5.789583ms)
✔ undecided realtime dependency is rejected (5.916792ms)
✔ deleted required actorId field is rejected (4.719084ms)
✔ nonexistent field source is rejected (4.293083ms)
✔ wrong field type and optionality are rejected (5.042916ms)
✔ generated operation deletion is rejected (4.662917ms)
✔ generated method and path drift are rejected (9.338667ms)
✔ same-count schema rename is rejected (3.5435ms)
✔ schema required and enum drift are rejected (9.1105ms)
✔ same-count Proto message rename is rejected (4.38825ms)
✔ removed Proto declaration is rejected (4.478208ms)
✔ same-count JSON Schema replacement is rejected (4.5915ms)
✔ duplicate contract row is rejected before Map collapse (3.969708ms)
✔ duplicate Gap row is rejected before Map collapse (3.938292ms)
✔ nonexistent role owner is rejected (4.30675ms)
✔ nonexistent backend task is rejected (3.950084ms)
✔ nonexistent BFF task is rejected (4.476375ms)
✔ unknown Gap page is rejected (4.854709ms)
✔ each missing website P0 page is rejected (20.3595ms)
✔ missing auxiliary risk/audit/order contract is rejected (12.626708ms)
✔ closing partly published Gap is rejected (4.061667ms)
✔ omitting planned operation is rejected (3.751042ms)
✔ unpublished Inventory Fixture cannot claim Implemented (4.0085ms)
✔ generated-only contract cannot claim Integrated (4.072583ms)
✔ missing provider evidence is rejected (4.070125ms)
✔ changed provider receipt is rejected (4.305542ms)
✔ missing Inventory Fixture is rejected (4.476042ms)
✔ Desktop contamination is rejected by Web inventory (4.464667ms)
✔ nonexistent domain field mappings including the former engine-version anchor are rejected (8.967625ms)
✔ removed referenced core task is rejected (4.961666ms)
✔ catalog source drift is rejected (4.533125ms)
✔ empty implementation artifact lists are rejected for every implemented contract (12.802875ms)
✔ each missing implementation evidence category is rejected (37.83375ms)
✔ duplicate artifacts cannot substitute for test or receipt evidence (4.471416ms)
✔ another contract receipt cannot substitute for required evidence (4.620667ms)
✔ unknown task suffixes are rejected in both backend task columns (25.742042ms)
✔ ambiguous cross-prefix ranges cannot impersonate reviewed backend tasks (7.874125ms)
ℹ tests 38
ℹ suites 0
ℹ pass 38
ℹ fail 0
ℹ cancelled 0
ℹ skipped 0
ℹ todo 0
ℹ duration_ms 393.183541
