
> @sumalpha/quantos@ test:pre03 /Users/anray/Documents/project/SumAlpha/QuantOS
> node --test scripts/pre03-gate-negative.mjs

✔ current Web contract passes and never loads Desktop inputs (9.811792ms)
✔ apps/terminal rejects Next 15.5.23 (5.613792ms)
✔ apps/terminal rejects Next 16.0.0 (2.179125ms)
✔ apps/website rejects Next 15.5.23 (1.868833ms)
✔ apps/website rejects Next 16.0.0 (1.720792ms)
✔ missing package resolutions (1.995834ms)
✔ missing snapshots (1.25075ms)
✔ specifier drift (1.845958ms)
✔ dependency removed (1.917875ms)
✔ dependency inserted (1.9435ms)
✔ manifest drift fails without changing lock (0.939292ms)
✔ ADR drift fails (0.765167ms)
✔ duplicate ADR version row fails (0.742792ms)
✔ missing transitive snapshot fails (1.924333ms)
✔ Node pin drift fails (0.788ms)
✔ effective Next configuration: valid export (243.462667ms)
✔ effective Next configuration: comment marker (246.761959ms)
✔ effective Next configuration: dead branch (243.242583ms)
✔ effective Next configuration: subsequent override (248.142792ms)
✔ effective Next configuration: function config (242.532625ms)
✔ bad route resources, fake HTML and script failures fail closed (11779.83725ms)
✔ Next-specific async client violation is an ESLint error (241.752084ms)
✔ build receipts reject stale source, config, identity and missing receipts (2.021667ms)
✔ source binding ignores caches but detects actual source changes (3.518208ms)
✔ all workspace importers and exact link targets are required (11.33275ms)
✔ runtime loader discovers omitted manifests independently of lockfile (515.189458ms)
✔ per-app env files are isolated and reloaded without polluting caller (691.525ms)
ℹ tests 27
ℹ suites 0
ℹ pass 27
ℹ fail 0
ℹ cancelled 0
ℹ skipped 0
ℹ todo 0
ℹ duration_ms 15282.217583
