
> @sumalpha/quantos@ test:pre01 /Users/anray/Documents/project/SumAlpha/QuantOS
> node --test ./scripts/tests/check-pre01.test.mjs

✔ current PRE-01 artifacts satisfy the executable contract (5.417958ms)
✔ missing a page state fails closed (1.898834ms)
✔ invalid story priority fails closed (0.516959ms)
✔ missing traceability row fails closed (1.339792ms)
✔ published operation cannot regress to planned fails closed (1.607792ms)
✔ unknown role fails closed (0.473208ms)
✔ unknown route fails closed (0.502458ms)
✔ duplicate story fails closed (0.585333ms)
✔ missing flow stories fails closed (0.575458ms)
✔ missing flow scenarios fails closed (1.173667ms)
✔ unsafe proposal criterion fails closed (1.155875ms)
✔ unknown trace task fails closed (1.279417ms)
✔ unauthorized admin grant fails closed (1.0055ms)
✔ missing permission route fails closed (0.675667ms)
✔ phase-one P16 fails closed (0.074333ms)
✔ missing contract owner fails closed (1.074708ms)
✔ empty flow role fails closed (0.544583ms)
✔ empty flow route fails closed (0.583791ms)
✔ state label mismatch fails closed (0.813167ms)
✔ desktop-only story fails closed (0.422041ms)
✔ persistent offline cache fails closed (0.905875ms)
✔ admin domain permission fails closed (0.695792ms)
✔ missing page story fails closed (0.453708ms)
✔ cross-page route fails closed (0.511ms)
✔ current G0 governance preserves history without granting current acceptance (1.386584ms)
✔ past-due G0 item cannot silently remain OPEN (0.594084ms)
✔ fabricated G0 acceptance fails against current checkpoint (0.516084ms)
✔ missing G0 leftover owner fails (0.542208ms)
✔ P05 cannot bind metadata download to an untraced audit export operation (1.805708ms)
✔ P21 cannot drop alert ownership from both ledger and trace while retaining the subscription (2.125625ms)
✔ unknown unlabelled operation in API register is rejected (1.710292ms)
✔ P05 quality alerts require C16 ownership on the consumer page (1.491167ms)
✔ API register rejects current version 1.4.0 (1.399584ms)
✔ API register rejects current version 99.99.0 (1.363583ms)
✔ published register row cannot omit API version (1.477834ms)
✔ published register row cannot omit generated mock version (1.477667ms)
✔ all ten historical compatibility strategies cannot be cleared (0.745833ms)
✔ current disposition cannot drop a historical parent (0.915042ms)
✔ current disposition requires effective checkpoint deadline (0.74875ms)
✔ current disposition cannot claim target RELEASE completion (0.842416ms)
✔ current disposition requires nonempty compatibility strategy (0.964417ms)
✔ current disposition presentation must match structured source (0.828208ms)
✔ current deadline cannot defer DEVELOPMENT provider obligations to integration (0.845291ms)
ℹ tests 43
ℹ suites 0
ℹ pass 43
ℹ fail 0
ℹ cancelled 0
ℹ skipped 0
ℹ todo 0
ℹ duration_ms 137.205417
