
> @sumalpha/quantos@ test:provider-a1 /Users/anray/Documents/project/SumAlpha/QuantOS
> node --test scripts/provider-a1-receipts.test.mjs

✔ valid source and execution-bound dependency chain is READY without release signatures (45.976459ms)
✔ missing required execution (35.119292ms)
✔ failed execution (32.23925ms)
✔ wrong actual command (32.2605ms)
✔ unresolved issue (25.877167ms)
✔ wrong node (28.779167ms)
✔ missing source inventory (32.728583ms)
✔ plan scope changed (27.265333ms)
✔ outside log path (34.38875ms)
✔ wrong log digest (36.187167ms)
✔ missing dependency (35.748916ms)
✔ dependency digest substituted (32.005291ms)
✔ tampered manifest bytes are rejected (28.043666ms)
✔ changed source content is rejected despite unchanged gate digest (34.930042ms)
✔ dependency must independently be READY (31.617167ms)
✔ arbitrary log cannot masquerade as successful execution (33.106041ms)
✔ input file symlink cannot escape the repository (31.862709ms)
✔ database execution cannot be inferred from a normal local PASS (38.749416ms)
✔ Supabase target receipt verifies each compressed execution log (37.568959ms)
✔ source drift during execution invalidates the original input snapshot (52.636375ms)
✔ requirement drift during execution invalidates the original input snapshot (54.615792ms)
✔ controlled public development profile overrides stale values and preserves server inputs (0.157ms)
✔ private credentials cannot be injected through a public development profile (0.105166ms)
✔ transient Auth 503 can retry only a complete target execution (0.107417ms)
✔ persistent target timeout never becomes PASS and stops at its budget (0.08025ms)
✔ semantic target failures stop without retry or PASS (0.026417ms)
✔ target retry budget cannot be unbounded (0.099209ms)
✔ configured target retries require explicit attempt outcomes in the receipt (40.858875ms)
✔ three successful full builds bind output inventories (0.369042ms)
✔ reproducibility rejects only two builds (0.103416ms)
✔ reproducibility rejects missing Python build (0.139625ms)
✔ reproducibility rejects failed command (0.156583ms)
✔ reproducibility rejects different output digest (0.107833ms)
✔ reproducibility rejects substituted inventory (0.078708ms)
✔ reproducibility rejects dirty source (0.062583ms)
✔ reproducibility rejects old source (0.063542ms)
✔ development policy retains explicit build, coverage, volume and target storage obligations (0.291417ms)
✔ static make commands cannot reload .env.local or inherit target database opt-ins (0.093875ms)
✔ volume retry restarts the complete check only on a closed PostgreSQL transport (0.066ms)
✔ volume correctness and certificate errors cannot be retried into PASS (0.035125ms)
✔ persistent database transport failure stays failed at the retry limit (0.029125ms)
✔ separate assessment snapshot preserves historical manifests and binds its own logs (38.8315ms)
ℹ tests 42
ℹ suites 0
ℹ pass 42
ℹ fail 0
ℹ cancelled 0
ℹ skipped 0
ℹ todo 0
ℹ duration_ms 868.955292
