✔ joint schedule is acyclic and preserves task/status boundaries (17.902125ms)
✔ restoring a complete R1 prerequisite for S2 services creates a rejected cycle (5.645083ms)
✔ research service waiting on its consumer page is rejected (5.250667ms)
✔ historical CORE:R04 to CORE:L04 probe now fails closed (5.19925ms)
✔ an early identity API cannot silently depend on later research services (6.581959ms)
✔ a provider cannot wait for the consumer frontend Gate (4.621208ms)
✔ removing S2 service admission from a core execution task is rejected (5.399917ms)
✔ S2 service Gate cannot omit TP12 advance evaluation (5.892416ms)
✔ I10 cannot drop testnet service admission even if metadata is edited with it (6.673208ms)
✔ a new or existing frontend cannot skip the full provider Gate (6.361875ms)
✔ G5 cannot be marked as closing in I4 before reconciliation (6.214417ms)
✔ moving the G1 block above I1 tasks is rejected (5.822583ms)
✔ milestone cannot omit its last child while retaining a Gate summary (6.542042ms)
✔ prose-only backend dependencies cannot drift from structured prerequisites (6.188042ms)
✔ core closure mapping cannot become an implicit service alias (5.819333ms)
✔ ACCEPTED checkpoint needs SHA and evidence, not only a green word (5.729167ms)
✔ accepted checkpoint evidence must resolve (3.106833ms)
✔ missing checkpoint and unknown dependency fail closed (7.859833ms)
✔ API windows cannot skip their preceding provider checkpoint (5.677917ms)
✔ UI windows cannot skip the preceding reconciliation window (5.355875ms)
✔ Web intake preserves the explicit no-model-review schema (1.497167ms)
✔ missing Web task fields still fail closed (1.364417ms)
✔ both plans must publish exactly the same stage contract (5.404ms)
✔ changing both plans cannot defer correctness or functional deadlines to release (14.688959ms)
✔ both plans must retain every deferred release obligation (12.777375ms)
✔ tasks and checkpoints cannot omit, invent, or misclassify their stage gate (18.5065ms)
✔ release prerequisites cannot block either development or integration (12.249208ms)
✔ release gates cannot skip business closure or inherit the wrong stage (13.312458ms)
✔ historical ACCEPTED and completed tasks do not automatically become READY (11.235ms)
✔ READY needs its own input digest and resolvable evidence (34.445792ms)
✔ unassessed stage gates cannot carry an apparent ready receipt (6.980917ms)
✔ BLOCKED retains failure evidence and digest without being counted as READY (14.108541ms)
✔ a READY chain needs READY prerequisites and its own evidence at every node (19.251125ms)
✔ stage readiness never substitutes for formal acceptance evidence (2.579ms)
✔ release READY requires formal acceptance and all functional prerequisites (8.608208ms)
✔ core intake follows the frontend audit-report format (6.262958ms)
✔ core review summary must be unique and link to audit evidence (7.793208ms)
✔ core shared task fields and existing window must stay consistent (14.213584ms)
✔ current assembly passes (0.719459ms)
✔ replay count regression fails closed (0.188083ms)
✔ provider registry regression fails closed (0.502666ms)
✔ source conflict regression fails closed (0.149042ms)
✔ persistent writer regression fails closed (0.156709ms)
✔ atomic transaction regression fails closed (0.145833ms)
✔ F0 receipt regression fails closed (0.137208ms)
✔ accepted dependency regression fails closed (0.171708ms)
✔ CLI tests regression fails closed (0.142541ms)
✔ CI assembly regression fails closed (0.168541ms)
✔ current R02 repository Gate passes (0.619583ms)
✔ tenant rule binding deletion is rejected (0.185333ms)
✔ 300 fixture regression is rejected (0.126959ms)
✔ lineage Gate deletion is rejected (0.127291ms)
✔ immutable insert regression is rejected (0.136042ms)
✔ update trigger deletion is rejected (0.110916ms)
✔ forced RLS deletion is rejected (0.11325ms)
✔ tenant query predicate deletion is rejected (0.2135ms)
✔ P95 bound weakening is rejected (0.155667ms)
✔ default Gate live-test regression is rejected (0.155959ms)
✔ R02 status regression is rejected (0.185958ms)
✔ R01 dependency regression is rejected (0.143959ms)
ℹ tests 60
ℹ suites 0
ℹ pass 60
ℹ fail 0
ℹ cancelled 0
ℹ skipped 0
ℹ todo 0
ℹ duration_ms 378.746917
