✔ current BFF-FE-000 repository Gate passes (4.136375ms)
✔ missing phase-one page mapping is rejected (2.105417ms)
✔ published operation drift is rejected (4.180459ms)
✔ planned operation traceability deletion is rejected (1.729417ms)
✔ shared idempotency baseline deletion is rejected (2.762166ms)
✔ dependency regression is rejected (1.564375ms)
✔ error correlation header deletion is rejected (2.355875ms)
✔ generated Zod export deletion is rejected (2.118416ms)
✔ missing staging permits development readiness and never claims formal acceptance (1.053375ms)
✔ stage deferral cannot bypass engineering failures, final receipt requirements or unknown stages (0.065125ms)
✔ final review command cannot be rewired to the development stage (7.14625ms)
✔ current semantic A1 gate passes (3.66725ms)
✔ rejects cookie semantic regression (3.061708ms)
✔ rejects idempotency semantic regression (3.075167ms)
✔ rejects sort semantic regression (3.388542ms)
✔ rejects page semantic regression (2.727833ms)
✔ rejects ci semantic regression (2.556ms)
✔ rejects decimal semantic regression (3.275708ms)
✔ rejects version semantic regression (2.670042ms)
✔ rejects csrf semantic regression (2.427875ms)
✔ exact registered security correction is accepted only within its window (12.641458ms)
✔ unregistered breaking type, enum or missing baseline fails closed (24.672792ms)
✔ new required parameters and constraints cannot silently bypass compatibility (0.9245ms)
✔ absent, invented and reference-only staging receipts never close A1 (0.548792ms)
✔ final receipt requires technical evidence plus one input-bound user confirmation (1.123417ms)
✔ optional property within an existing allOf is additive, required changes are rejected (0.120625ms)
ℹ tests 26
ℹ suites 0
ℹ pass 26
ℹ fail 0
ℹ cancelled 0
ℹ skipped 0
ℹ todo 0
ℹ duration_ms 178.376584
