✔ formal gate rejects zero, one, two and noninteger runs (0.373333ms)
✔ all binaries participate in digest and omitted binary fails (3.047917ms)
✔ extra binary, missing wheel and stale/empty Web cannot pass output inventory (2.406792ms)
✔ manifest inventory cannot omit or add members (0.065958ms)
✔ dirty and untracked source rejected (56.855208ms)
✔ deleted module README is rejected (2.291208ms)
✔ wrong uv version fails toolchain preflight (16.276ms)
✔ invalid locks fail real lock entrypoint (31.536958ms)
✔ Terminal default lint rejects a page TSX violation (726.234709ms)
✔ invalid run revokes old successful receipt (24.41225ms)
✔ Cargo manifest drift is rejected by actual lock gate (540.214875ms)
✔ uv manifest drift is rejected by actual lock gate (622.813417ms)
✔ pnpm manifest drift is rejected by actual lock gate (852.646834ms)
✔ malformed Buf lock is rejected by actual lock gate (640.162584ms)
✔ broken Desktop is outside phase-one pnpm frozen check (293.241958ms)
✔ uv output marker is metadata, other unexpected files still fail (2.301833ms)
✔ build-only tool is required in output inventory without becoming a runtime binary (2.223834ms)
✔ pnpm frozen check rejects missing or changed patch bytes (647.993583ms)
✔ pnpm patch cannot read outside the repository (139.688334ms)
ℹ tests 19
ℹ suites 0
ℹ pass 19
ℹ fail 0
ℹ cancelled 0
ℹ skipped 0
ℹ todo 0
ℹ duration_ms 4639.179916
