
> @sumalpha/quantos@ test:development-plans /Users/anray/Documents/project/SumAlpha/QuantOS
> node --test scripts/development-plan-order-negative.mjs

✔ joint schedule is acyclic and preserves task/status boundaries (11.163833ms)
✔ restoring a complete R1 prerequisite for S2 services creates a rejected cycle (5.501917ms)
✔ research service waiting on its consumer page is rejected (4.921ms)
✔ historical CORE:R04 to CORE:L04 probe now fails closed (4.602875ms)
✔ an early identity API cannot silently depend on later research services (6.326875ms)
✔ a provider cannot wait for the consumer frontend Gate (4.396875ms)
✔ removing S2 service admission from a core execution task is rejected (4.997459ms)
✔ S2 service Gate cannot omit TP12 advance evaluation (5.412917ms)
✔ I10 cannot drop testnet service admission even if metadata is edited with it (5.768292ms)
✔ a new or existing frontend cannot skip the full provider Gate (5.882167ms)
✔ G5 cannot be marked as closing in I4 before reconciliation (5.842083ms)
✔ moving the G1 block above I1 tasks is rejected (5.293375ms)
✔ milestone cannot omit its last child while retaining a Gate summary (5.675708ms)
✔ prose-only backend dependencies cannot drift from structured prerequisites (5.638792ms)
✔ core closure mapping cannot become an implicit service alias (5.202166ms)
✔ ACCEPTED checkpoint needs SHA and evidence, not only a green word (5.762958ms)
✔ accepted checkpoint evidence must resolve (2.776667ms)
✔ missing checkpoint and unknown dependency fail closed (6.837625ms)
✔ API windows cannot skip their preceding provider checkpoint (5.0115ms)
✔ UI windows cannot skip the preceding reconciliation window (4.925375ms)
✔ Web intake preserves the explicit no-model-review schema (1.535459ms)
✔ missing Web task fields still fail closed (1.466667ms)
✔ both plans must publish exactly the same stage contract (5.86575ms)
✔ changing both plans cannot defer correctness or functional deadlines to release (13.419833ms)
✔ both plans must retain every deferred release obligation (15.070542ms)
✔ tasks and checkpoints cannot omit, invent, or misclassify their stage gate (19.86675ms)
✔ release prerequisites cannot block either development or integration (12.5965ms)
✔ release gates cannot skip business closure or inherit the wrong stage (14.221875ms)
✔ historical ACCEPTED and completed tasks do not automatically become READY (5.937292ms)
✔ READY needs its own input digest and resolvable evidence (32.073459ms)
✔ unassessed stage gates cannot carry an apparent ready receipt (7.682625ms)
✔ BLOCKED retains failure evidence and digest without being counted as READY (9.612292ms)
✔ a READY chain needs READY prerequisites and its own evidence at every node (14.653ms)
✔ stage readiness never substitutes for formal acceptance evidence (2.867875ms)
✔ release READY requires formal acceptance and all functional prerequisites (8.826041ms)
ℹ tests 35
ℹ suites 0
ℹ pass 35
ℹ fail 0
ℹ cancelled 0
ℹ skipped 0
ℹ todo 0
ℹ duration_ms 318.161209
