
> @sumalpha/quantos@ test:pre02 /Users/anray/Documents/project/SumAlpha/QuantOS
> pnpm --filter @sumalpha/ui test:pre02


> @sumalpha/ui@0.1.0 test:pre02 /Users/anray/Documents/project/SumAlpha/QuantOS/packages/ui
> node --test scripts/pre02-gate-negative.mjs

✔ current PRE-02 design-system contract passes (8.210042ms)
✔ renaming a required safety key fails even when the count stays at 18 (1.622375ms)
✔ missing state color mapping fails closed (1.192709ms)
✔ insufficient focus contrast is rejected (1.336583ms)
✔ missing readonly viewport is rejected (1.2395ms)
✔ deny cannot become success (1.4045ms)
✔ mapped token paths must exist (0.8155ms)
✔ English safety semantics cannot be inverted (0.731584ms)
✔ all compact density values remain frozen (0.784458ms)
✔ focus width and path remain frozen (0.866583ms)
✔ breakpoint intervals cannot develop gaps (0.662875ms)
✔ typography and spacing must match the reviewed contract (0.791458ms)
✔ required component identity cannot be replaced (0.636916ms)
✔ comments do not supply executable Storybook configuration (0.757167ms)
✔ surface.2 contrast cannot be removed from the contract (0.735959ms)
✔ native reference viewport is not a prerequisite of the Web Gate (0.659833ms)
✔ disabled contrast rule cannot hide behind a matching comment (0.628ms)
✔ readonly viewport dimensions cannot hide behind its identifier (0.786625ms)
✔ phase-two page cannot enter the Web component acceptance rows (0.606417ms)
✔ provider JSX outside the decorator cannot authorize empty decorators (0.61025ms)
✔ unexported configuration does not authorize a Storybook entry (0.605167ms)
✔ initial theme cannot contradict the dark default contract (0.585125ms)
✔ object spread cannot silently override required addons (0.740875ms)
✔ duplicate decorators cannot replace the validated provider tree (0.684709ms)
✔ dead JSX branches are not executed provider decorators (1.136208ms)
✔ provider attributes cannot be overwritten through JSX spreads (0.806875ms)
✔ provider-only JSX without the Story consumer is rejected (0.782ms)
ℹ tests 27
ℹ suites 0
ℹ pass 27
ℹ fail 0
ℹ cancelled 0
ℹ skipped 0
ℹ todo 0
ℹ duration_ms 205.219292
