
> @sumalpha/quantos@ test:pre03 /Users/anray/Documents/project/SumAlpha/QuantOS
> node --test scripts/pre03-gate-negative.mjs

✔ current Web contract passes and never loads Desktop inputs (8.847292ms)
✔ apps/terminal rejects Next 15.5.23 (5.128875ms)
✔ apps/terminal rejects Next 16.0.0 (2.091667ms)
✔ apps/website rejects Next 15.5.23 (1.777375ms)
✔ apps/website rejects Next 16.0.0 (1.690791ms)
✔ missing package resolutions (1.940666ms)
✔ missing snapshots (1.272625ms)
✔ specifier drift (1.78375ms)
✔ dependency removed (1.817459ms)
✔ dependency inserted (1.835333ms)
✔ manifest drift fails without changing lock (0.927417ms)
✔ ADR drift fails (0.772041ms)
✔ duplicate ADR version row fails (0.625667ms)
✔ missing transitive snapshot fails (1.716916ms)
✔ Node pin drift fails (0.6005ms)
✔ effective Next configuration: valid export (228.030667ms)
✔ effective Next configuration: comment marker (237.99575ms)
✔ effective Next configuration: dead branch (226.04675ms)
✔ effective Next configuration: subsequent override (234.147166ms)
✔ effective Next configuration: function config (228.349334ms)
✔ bad route resources, fake HTML and script failures fail closed (11834.880792ms)
✔ Next-specific async client violation is an ESLint error (263.626292ms)
✔ build receipts reject stale source, config, identity and missing receipts (2.101833ms)
✔ source binding ignores caches but detects actual source changes (3.673291ms)
✔ all workspace importers and exact link targets are required (10.066125ms)
✔ runtime loader discovers omitted manifests independently of lockfile (516.656917ms)
✔ per-app env files are isolated and reloaded without polluting caller (690.032542ms)
ℹ tests 27
ℹ suites 0
ℹ pass 27
ℹ fail 0
ℹ cancelled 0
ℹ skipped 0
ℹ todo 0
ℹ duration_ms 15257.22775
