
> @sumalpha/quantos@ test:provider-a1 /Users/anray/Documents/project/SumAlpha/QuantOS
> node --test scripts/provider-a1-receipts.test.mjs

✔ valid source and execution-bound dependency chain is READY without release signatures (46.350292ms)
✔ missing required execution (31.64675ms)
✔ failed execution (30.230083ms)
✔ wrong actual command (30.125708ms)
✔ unresolved issue (25.089709ms)
✔ wrong node (23.257959ms)
✔ missing source inventory (29.483334ms)
✔ plan scope changed (23.854125ms)
✔ outside log path (28.91225ms)
✔ wrong log digest (27.924417ms)
✔ missing dependency (28.263708ms)
✔ dependency digest substituted (28.308584ms)
✔ tampered manifest bytes are rejected (22.171708ms)
✔ changed source content is rejected despite unchanged gate digest (25.484542ms)
✔ dependency must independently be READY (26.365583ms)
✔ arbitrary log cannot masquerade as successful execution (25.97975ms)
✔ input file symlink cannot escape the repository (25.421959ms)
✔ database execution cannot be inferred from a normal local PASS (30.510917ms)
✔ Supabase target receipt verifies each compressed execution log (30.382709ms)
✔ source drift during execution invalidates the original input snapshot (40.371ms)
✔ requirement drift during execution invalidates the original input snapshot (45.896459ms)
✔ controlled public development profile overrides stale values and preserves server inputs (0.14175ms)
✔ private credentials cannot be injected through a public development profile (0.09225ms)
✔ transient Auth 503 can retry only a complete target execution (0.096042ms)
✔ persistent target timeout never becomes PASS and stops at its budget (0.072291ms)
✔ semantic target failures stop without retry or PASS (0.023291ms)
✔ target retry budget cannot be unbounded (0.109625ms)
✔ configured target retries require explicit attempt outcomes in the receipt (33.837ms)
✔ three successful full builds bind output inventories (0.345917ms)
✔ reproducibility rejects only two builds (0.115625ms)
✔ reproducibility rejects missing Python build (0.124916ms)
✔ reproducibility rejects failed command (0.128708ms)
✔ reproducibility rejects different output digest (0.093584ms)
✔ reproducibility rejects substituted inventory (0.069458ms)
✔ reproducibility rejects dirty source (0.055833ms)
✔ reproducibility rejects old source (0.062166ms)
✔ development policy retains explicit build, coverage, volume and target storage obligations (0.284958ms)
✔ static make commands cannot reload .env.local or inherit target database opt-ins (0.085333ms)
✔ volume retry restarts the complete check only on a closed PostgreSQL transport (0.05075ms)
✔ volume correctness and certificate errors cannot be retried into PASS (0.028791ms)
✔ persistent database transport failure stays failed at the retry limit (0.030708ms)
✔ separate assessment snapshot preserves historical manifests and binds its own logs (35.283417ms)
✔ third-party Git link binds the actual clean checkout and rejects dirty/advanced source (144.870084ms)
ℹ tests 43
ℹ suites 0
ℹ pass 43
ℹ fail 0
ℹ cancelled 0
ℹ skipped 0
ℹ todo 0
ℹ duration_ms 883.391542
