
> @sumalpha/quantos@ test:fep0 /Users/anray/Documents/project/SumAlpha/QuantOS
> node --test scripts/fep0-development.test.mjs

✔ all eight independently content-bound dependencies admit DEVELOPMENT only (16.919125ms)
✔ engineering aggregation preserves the sole pending user confirmation (8.749209ms)
✔ milestone rejects missing F0 (8.190833ms)
✔ milestone rejects missing PRE (8.175333ms)
✔ milestone rejects duplicate dependency (8.109125ms)
✔ milestone rejects unready F0 (7.4935ms)
✔ milestone rejects manifest bytes replaced (7.330167ms)
✔ milestone rejects digest substituted (7.049834ms)
✔ milestone rejects dependency path substituted (7.00075ms)
✔ milestone rejects dependency verdict substituted (7.347625ms)
✔ milestone rejects self manifest schema (7.463125ms)
✔ milestone rejects normative change (7.244333ms)
✔ milestone rejects source input change (7.552083ms)
✔ milestone rejects unexecuted check (8.55425ms)
✔ milestone rejects missing execution time (7.448625ms)
✔ milestone rejects missing required check (7.771625ms)
✔ milestone rejects duplicate check (7.515042ms)
✔ milestone rejects wrong command (7.231584ms)
✔ milestone rejects log tampering (7.454458ms)
✔ milestone rejects rehashed prose (7.130458ms)
✔ milestone rejects external log path (7.048334ms)
✔ milestone rejects false formal acceptance (7.917291ms)
✔ milestone rejects aggregate claims database run (7.903458ms)
✔ milestone rejects hidden exclusions (8.155792ms)
✔ milestone rejects unresolved functional finding (7.855833ms)
✔ dependency validator is invoked and errors propagate (7.445416ms)
✔ fake READY cannot hide changed G0 scope (7.065125ms)
✔ arbitrary existing markdown cannot serve as a milestone receipt (0.092ms)
✔ own arbitrary digest is rejected independently of dependency status (0.069458ms)
✔ F0 policy contains the six missing nodes and all eleven obligations (7.389041ms)
✔ production schema drift comparator rejects tables (0.109375ms)
✔ production schema drift comparator rejects columns (0.0475ms)
✔ production schema drift comparator rejects constraints (0.041167ms)
✔ production schema drift comparator rejects indexes (0.037416ms)
✔ production schema drift comparator rejects policies (0.035625ms)
✔ production schema drift comparator rejects routines (0.03ms)
✔ production schema drift comparator rejects triggers (0.035875ms)
✔ 100-task recovery evidence cannot use 10-task diagnostic or accept P95 (1.002458ms)
✔ CI consumes the full milestone engineering validator and its negatives (0.066666ms)
ℹ tests 39
ℹ suites 0
ℹ pass 39
ℹ fail 0
ℹ cancelled 0
ℹ skipped 0
ℹ todo 0
ℹ duration_ms 275.590625
