
> @sumalpha/quantos@ test:pre02 /Users/anray/Documents/project/SumAlpha/QuantOS
> pnpm --filter @sumalpha/ui test:pre02


> @sumalpha/ui@0.1.0 test:pre02 /Users/anray/Documents/project/SumAlpha/QuantOS/packages/ui
> node --test scripts/pre02-gate-negative.mjs

✔ current PRE-02 design-system contract passes (7.689167ms)
✔ renaming a required safety key fails even when the count stays at 18 (1.641167ms)
✔ missing state color mapping fails closed (1.230834ms)
✔ insufficient focus contrast is rejected (1.138625ms)
✔ missing readonly viewport is rejected (1.054125ms)
✔ deny cannot become success (1.1965ms)
✔ mapped token paths must exist (0.786875ms)
✔ English safety semantics cannot be inverted (0.679084ms)
✔ all compact density values remain frozen (0.782917ms)
✔ focus width and path remain frozen (0.831667ms)
✔ breakpoint intervals cannot develop gaps (0.688042ms)
✔ typography and spacing must match the reviewed contract (0.968084ms)
✔ required component identity cannot be replaced (0.7005ms)
✔ comments do not supply executable Storybook configuration (0.714958ms)
✔ surface.2 contrast cannot be removed from the contract (0.797792ms)
✔ native reference viewport is not a prerequisite of the Web Gate (0.58425ms)
✔ disabled contrast rule cannot hide behind a matching comment (0.591833ms)
✔ readonly viewport dimensions cannot hide behind its identifier (0.695042ms)
✔ phase-two page cannot enter the Web component acceptance rows (0.604375ms)
✔ provider JSX outside the decorator cannot authorize empty decorators (0.607083ms)
✔ unexported configuration does not authorize a Storybook entry (0.643791ms)
✔ initial theme cannot contradict the dark default contract (0.595791ms)
✔ object spread cannot silently override required addons (0.7405ms)
✔ duplicate decorators cannot replace the validated provider tree (0.681333ms)
✔ dead JSX branches are not executed provider decorators (1.132916ms)
✔ provider attributes cannot be overwritten through JSX spreads (0.794708ms)
✔ provider-only JSX without the Story consumer is rejected (0.67275ms)
ℹ tests 27
ℹ suites 0
ℹ pass 27
ℹ fail 0
ℹ cancelled 0
ℹ skipped 0
ℹ todo 0
ℹ duration_ms 191.773
