✔ joint schedule is acyclic and preserves task/status boundaries (13.262375ms)
✔ restoring a complete R1 prerequisite for S2 services creates a rejected cycle (6.271042ms)
✔ research service waiting on its consumer page is rejected (5.690042ms)
✔ historical CORE:R04 to CORE:L04 probe now fails closed (5.014042ms)
✔ an early identity API cannot silently depend on later research services (7.9775ms)
✔ a provider cannot wait for the consumer frontend Gate (4.867ms)
✔ removing S2 service admission from a core execution task is rejected (5.251666ms)
✔ S2 service Gate cannot omit TP12 advance evaluation (5.9385ms)
✔ I10 cannot drop testnet service admission even if metadata is edited with it (6.282542ms)
✔ a new or existing frontend cannot skip the full provider Gate (14.307ms)
✔ G5 cannot be marked as closing in I4 before reconciliation (6.736125ms)
✔ moving the G1 block above I1 tasks is rejected (15.623458ms)
✔ milestone cannot omit its last child while retaining a Gate summary (6.839084ms)
✔ prose-only backend dependencies cannot drift from structured prerequisites (7.198958ms)
✔ core closure mapping cannot become an implicit service alias (7.01225ms)
✔ ACCEPTED checkpoint needs SHA and evidence, not only a green word (6.210208ms)
✔ accepted checkpoint evidence must resolve (2.7545ms)
✔ missing checkpoint and unknown dependency fail closed (7.918875ms)
✔ API windows cannot skip their preceding provider checkpoint (5.856792ms)
✔ UI windows cannot skip the preceding reconciliation window (5.871417ms)
✔ Web intake preserves the explicit no-model-review schema (1.656375ms)
✔ missing Web task fields still fail closed (1.957958ms)
✔ both plans must publish exactly the same stage contract (6.13925ms)
✔ changing both plans cannot defer correctness or functional deadlines to release (15.687334ms)
✔ both plans must retain every deferred release obligation (17.752167ms)
✔ tasks and checkpoints cannot omit, invent, or misclassify their stage gate (23.788292ms)
✔ release prerequisites cannot block either development or integration (13.929ms)
✔ release gates cannot skip business closure or inherit the wrong stage (15.851208ms)
✔ historical ACCEPTED and completed tasks do not automatically become READY (6.436166ms)
✔ READY needs its own input digest and resolvable evidence (36.325792ms)
✔ unassessed stage gates cannot carry an apparent ready receipt (10.539875ms)
✔ BLOCKED retains failure evidence and digest without being counted as READY (10.491875ms)
✔ a READY chain needs READY prerequisites and its own evidence at every node (17.464708ms)
✔ stage readiness never substitutes for formal acceptance evidence (3.091666ms)
✔ release READY requires formal acceptance and all functional prerequisites (9.872083ms)
✔ production rejects InMemoryTerminalBackend (328.062917ms)
✔ production rejects InMemoryStrategyBackend (1.962ms)
✔ production rejects InMemoryExecutionBackend (1.291208ms)
✔ production rejects InMemoryOpsBackend (1.040417ms)
✔ production rejects TerminalBackend (1.001ms)
✔ production rejects StrategyBackend (1.35575ms)
✔ production rejects ExecutionBackend (1.065625ms)
✔ production rejects OpsBackend (0.89875ms)
✔ production rejects createTerminalClient (3.374834ms)
✔ production rejects bypass import * as api from '@sumalpha/api-client'; export const value = api; (1.972125ms)
✔ production rejects bypass export * from '@sumalpha/api-client'; (0.750291ms)
✔ production rejects bypass export { InMemoryOpsBackend as Default } from '@sumalpha/api-client'; (0.733833ms)
✔ production rejects bypass export const value = import('@sumalpha/api-client'); (0.803375ms)
✔ production rejects bypass export const value = require('@sumalpha/api-client'); (1.084458ms)
✔ production rejects bypass import { value } from '../../../../crates/bff/src/db'; export {value}; (0.660292ms)
✔ production rejects bypass import { value } from '../tests/fixtures/backend'; export {value}; (0.531875ms)
✔ production rejects bypass export const value = import(globalThis.name); (0.775916ms)
✔ production rejects bypass import { value } from '@sumalpha/api-client/src/terminal'; export {value}; (0.60425ms)
✔ generated named public client imports are allowed (0.629333ms)
✔ explicit test fixture adapters remain allowed (2.949625ms)
✔ production src cannot hide behind a test-like filename (0.88975ms)
✔ shared frontend wrapper cannot re-export a legacy adapter under an alias (1.877833ms)
✔ production rejects direct database or venue module pg (0.642625ms)
✔ production rejects direct database or venue module postgres (0.546083ms)
✔ production rejects direct database or venue module @supabase/supabase-js (0.538125ms)
✔ production rejects direct database or venue module @prisma/client (0.574583ms)
✔ production rejects direct database or venue module ccxt (0.566125ms)
✔ production rejects direct database or venue module @binance/connector (0.580083ms)
✔ registered Storybook data fixtures remain allowed (1.665334ms)
✔ runtime TerminalClient cannot instantiate a handwritten backend in production (0.543875ms)
✔ type-only legacy migration annotation does not create a production adapter (1.056583ms)
✔ production boundary cannot be bypassed with js (2.712917ms)
✔ production boundary cannot be bypassed with jsx (1.413625ms)
✔ production boundary cannot be bypassed with mjs (0.688417ms)
✔ production boundary cannot be bypassed with cjs (1.212458ms)
✔ production boundary cannot be disabled with an inline directive (1.224208ms)
✔ production cannot import repository database CLI internals (0.551875ms)
✔ complete engineering checks retain BLOCKED while scope confirmation is absent (197.616084ms)
✔ strict acceptance rejects pending current user scope (152.085083ms)
✔ G0 rejects missing explicit proto baseline (123.897417ms)
✔ G0 rejects same-head proto baseline (115.621625ms)
✔ G0 rejects fabricated READY (125.659208ms)
✔ G0 rejects historical arbitrary manifest (110.21425ms)
✔ G0 rejects missing actual check (113.770541ms)
✔ G0 rejects duplicate actual check (108.911583ms)
✔ G0 rejects failed check (105.785125ms)
✔ G0 rejects unexecuted check (110.5035ms)
✔ G0 rejects wrong command (107.567708ms)
✔ G0 rejects source inventory drift (114.073125ms)
✔ G0 rejects planned scope delivered claim (108.279292ms)
✔ G0 rejects log tampering (105.81375ms)
✔ G0 rejects arbitrary rehashed prose (105.528ms)
✔ G0 rejects wrong Web build source (117.485917ms)
✔ G0 rejects missing dependency (108.243834ms)
✔ G0 rejects dependency digest drift (104.118416ms)
✔ G0 rejects unready upstream (111.291917ms)
✔ G0 rejects hidden scope residual (99.819083ms)
✔ pending scope cannot incorporate an approval record (79.716ms)
✔ legacy six-role records cannot grant current confirmation (82.674209ms)
✔ confirmed scope must bind current input digest (90.709375ms)
✔ confirmed scope requires the single user record (90.745041ms)
✔ dependency validation is actually invoked and failures propagate (118.72475ms)
✔ one document-bound current user confirmation replaces all role receipts (87.142ms)
✔ CI must always validate engineering receipts and G0 negatives (0.087166ms)
✔ G0 rejects normative plan drift during execution before publishing (105.049042ms)
✔ G0 rejects code inventory drift during execution before publishing (105.68975ms)
✔ lifecycle metadata alone does not change normative G0 inputs (102.16125ms)
✔ real BFF baseline CLI matches its required G0 execution marker (92.472417ms)
✔ G0 worktree allows only lifecycle/evidence state "" (0.086667ms)
✔ G0 worktree allows only lifecycle/evidence state " M docs/SumAlpha-QuantOS-Development-Plan.md\n" (0.067375ms)
✔ G0 worktree allows only lifecycle/evidence state "M  docs/SumAlpha-QuantOS-Frontend-Development-Execution-Plan.md\n?? docs/audit/evidence/new/\n" (0.057709ms)
✔ G0 worktree allows only lifecycle/evidence state "?? docs/audit/report.md\n" (0.017875ms)
✔ G0 worktree rejects uncommitted functional input " M scripts/g0-development.mjs\n" (0.089ms)
✔ G0 worktree rejects uncommitted functional input "M  apps/terminal/src/auth/flow.ts\n" (0.046458ms)
✔ G0 worktree rejects uncommitted functional input "?? bff/new.yaml\n" (0.039625ms)
✔ G0 worktree rejects uncommitted functional input "R  docs/audit/a.md -> scripts/backdoor.mjs\n" (0.031917ms)
✔ user-confirmed scope includes the normative G0 plan and excludes lifecycle metadata (100.816083ms)
✔ current Web contract passes and never loads Desktop inputs (9.438042ms)
✔ apps/terminal rejects Next 15.5.23 (6.284666ms)
✔ apps/terminal rejects Next 16.0.0 (2.306334ms)
✔ apps/website rejects Next 15.5.23 (1.821625ms)
✔ apps/website rejects Next 16.0.0 (1.709917ms)
✔ missing package resolutions (2.133667ms)
✔ missing snapshots (1.53925ms)
✔ specifier drift (2.162542ms)
✔ dependency removed (2.163541ms)
✔ dependency inserted (2.202958ms)
✔ manifest drift fails without changing lock (1.0145ms)
✔ ADR drift fails (0.82675ms)
✔ duplicate ADR version row fails (0.78375ms)
✔ missing transitive snapshot fails (1.929833ms)
✔ Node pin drift fails (0.846417ms)
✔ effective Next configuration: valid export (246.864958ms)
✔ effective Next configuration: comment marker (244.461833ms)
✔ effective Next configuration: dead branch (245.589166ms)
✔ effective Next configuration: subsequent override (244.049625ms)
✔ effective Next configuration: function config (226.2895ms)
✖ bad route resources, fake HTML and script failures fail closed (346.661416ms)
✔ Next-specific async client violation is an ESLint error (257.555958ms)
✔ build receipts reject stale source, config, identity and missing receipts (2.244333ms)
✔ source binding ignores caches but detects actual source changes (3.770875ms)
✔ all workspace importers and exact link targets are required (8.457416ms)
✔ runtime loader discovers omitted manifests independently of lockfile (564.964542ms)
✔ per-app env files are isolated and reloaded without polluting caller (679.571208ms)
✔ current full phase-one inventory passes (12.950792ms)
✔ missing Gap is rejected (5.997334ms)
✔ undecided realtime dependency is rejected (6.222542ms)
✔ deleted required actorId field is rejected (5.589208ms)
✔ nonexistent field source is rejected (5.313917ms)
✔ wrong field type and optionality are rejected (5.628792ms)
✔ generated operation deletion is rejected (4.537292ms)
✔ generated method and path drift are rejected (10.110375ms)
✔ same-count schema rename is rejected (4.197625ms)
✔ schema required and enum drift are rejected (10.196417ms)
✔ same-count Proto message rename is rejected (4.507ms)
✔ removed Proto declaration is rejected (4.956ms)
✔ same-count JSON Schema replacement is rejected (4.38925ms)
✔ duplicate contract row is rejected before Map collapse (4.868084ms)
✔ duplicate Gap row is rejected before Map collapse (5.407792ms)
✔ nonexistent role owner is rejected (4.604542ms)
✔ nonexistent backend task is rejected (6.223833ms)
✔ nonexistent BFF task is rejected (5.223375ms)
✔ unknown Gap page is rejected (4.475875ms)
✔ each missing website P0 page is rejected (24.140333ms)
✔ missing auxiliary risk/audit/order contract is rejected (15.086708ms)
✔ closing partly published Gap is rejected (4.91975ms)
✔ omitting planned operation is rejected (4.764792ms)
✔ unpublished Inventory Fixture cannot claim Implemented (6.856875ms)
✔ generated-only contract cannot claim Integrated (4.638333ms)
✔ missing provider evidence is rejected (4.318625ms)
✔ changed provider receipt is rejected (4.636334ms)
✔ missing Inventory Fixture is rejected (4.673334ms)
✔ Desktop contamination is rejected by Web inventory (4.604125ms)
✔ nonexistent domain field mappings including the former engine-version anchor are rejected (10.02425ms)
✔ removed referenced core task is rejected (4.508792ms)
✔ catalog source drift is rejected (5.418375ms)
✔ empty implementation artifact lists are rejected for every implemented contract (14.943625ms)
✔ each missing implementation evidence category is rejected (39.279833ms)
✔ duplicate artifacts cannot substitute for test or receipt evidence (4.324833ms)
✔ another contract receipt cannot substitute for required evidence (4.19ms)
✔ unknown task suffixes are rejected in both backend task columns (32.884ms)
✔ ambiguous cross-prefix ranges cannot impersonate reviewed backend tasks (9.223875ms)
✔ public client ID and public Sentry DSN pass client scan (1.113958ms)
✔ known secret shapes are rejected in every supported client artifact type (10.415042ms)
✔ arbitrary injected server credentials and encoded forms are rejected (0.677834ms)
✔ scanner rejects missing, empty and file roots (0.753333ms)
✔ scanner does not follow symlink artifacts (0.504792ms)
✔ artifact CLI fails closed and never echoes the synthetic secret (95.884834ms)
✔ relative and absolute env-file paths both work, missing paths fail (268.271333ms)
✔ both actual application build commands enforce the client artifact gate (0.300083ms)
✔ short server credentials are scanned; empty unset credentials do not match everything (1.416708ms)
✔ production CLI loads app dotenv precedence and expansion, isolated per app (1452.873542ms)
✔ current PRE-06 Web baseline passes (26.477041ms)
✔ website browser Gate deletion is rejected (10.225833ms)
✔ Desktop coupling in phase-one compatibility is rejected (7.703333ms)
✔ Desktop deep-link inclusion in phase-one Terminal is rejected (7.392125ms)
✔ generated operation coverage drift is rejected (6.492167ms)
✔ visual baseline integrity failure is rejected (6.047875ms)
✔ performance budget weakening is rejected (5.487583ms)
✔ disabled CI steps and comment-only commands are rejected (16.196834ms)
✔ contract assertion deletion and visual comparison deletion fail closed (10.420375ms)
✔ website performance and critical coverage gates cannot be removed (11.028ms)
✔ CI retry policy must reject flaky outcomes and archive failure evidence (11.173459ms)
✔ comments cannot restore weakened budget or critical coverage policy (14.943167ms)
✔ skipped suites and inactive screenshot assertions cannot satisfy the baseline (36.979208ms)
✔ critical contract callbacks cannot return early, hide assertions, or remove runtime counting (22.148333ms)
✔ unknown and corrupted fixtures are rejected, explicit sabotage fixtures remain expected failures (40.411083ms)
✔ empty assets and empty route manifest are never a zero-sized performance PASS (35.446792ms)
✔ actual CI configs return nonzero for first-fail-then-pass policy probe (1374.7035ms)
✔ current PRE-01 artifacts satisfy the executable contract (13.729ms)
✔ missing a page state fails closed (2.228458ms)
✔ invalid story priority fails closed (0.752ms)
✔ missing traceability row fails closed (1.469166ms)
✔ published operation cannot regress to planned fails closed (2.049291ms)
✔ unknown role fails closed (1.972209ms)
✔ unknown route fails closed (0.62075ms)
✔ duplicate story fails closed (0.586917ms)
✔ missing flow stories fails closed (0.719458ms)
✔ missing flow scenarios fails closed (1.383125ms)
✔ unsafe proposal criterion fails closed (1.413542ms)
✔ unknown trace task fails closed (1.961583ms)
✔ unauthorized admin grant fails closed (0.977084ms)
✔ missing permission route fails closed (0.809583ms)
✔ phase-one P16 fails closed (0.098875ms)
✔ missing contract owner fails closed (1.27325ms)
✔ empty flow role fails closed (1.579291ms)
✔ empty flow route fails closed (0.762125ms)
✔ state label mismatch fails closed (1.020833ms)
✔ desktop-only story fails closed (0.589625ms)
✔ persistent offline cache fails closed (1.135875ms)
✔ admin domain permission fails closed (0.920167ms)
✔ missing page story fails closed (0.575291ms)
✔ cross-page route fails closed (0.504042ms)
✔ current G0 governance preserves history without granting current acceptance (1.676167ms)
✔ past-due G0 item cannot silently remain OPEN (0.790833ms)
✔ fabricated G0 acceptance fails against current checkpoint (0.669041ms)
✔ missing G0 leftover owner fails (0.705958ms)
✔ P05 cannot bind metadata download to an untraced audit export operation (2.376208ms)
✔ P21 cannot drop alert ownership from both ledger and trace while retaining the subscription (2.391333ms)
✔ unknown unlabelled operation in API register is rejected (1.891209ms)
✔ P05 quality alerts require C16 ownership on the consumer page (1.824084ms)
✔ API register rejects current version 1.4.0 (1.665167ms)
✔ API register rejects current version 99.99.0 (1.698667ms)
✔ published register row cannot omit API version (1.780666ms)
✔ published register row cannot omit generated mock version (1.798458ms)
✔ all ten historical compatibility strategies cannot be cleared (0.887958ms)
✔ current disposition cannot drop a historical parent (1.568125ms)
✔ current disposition requires effective checkpoint deadline (1.163917ms)
✔ current disposition cannot claim target RELEASE completion (1.084791ms)
✔ current disposition requires nonempty compatibility strategy (0.923584ms)
✔ current disposition presentation must match structured source (0.933333ms)
✔ current deadline cannot defer DEVELOPMENT provider obligations to integration (1.076542ms)
✔ one current user confirmation validates all documented review dimensions (1.9985ms)
✔ user confirmation rejects assistant self-approval (0.652667ms)
✔ user confirmation rejects unconfirmed draft (0.182167ms)
✔ user confirmation rejects workflow instruction alone (0.176625ms)
✔ user confirmation rejects missing user message (0.838333ms)
✔ user confirmation rejects missing identity (0.1265ms)
✔ user confirmation rejects old historical confirmation (0.120333ms)
✔ user confirmation rejects future confirmation (0.110833ms)
✔ user confirmation rejects wrong node (0.361542ms)
✔ user confirmation rejects wrong stage (0.235542ms)
✔ user confirmation rejects wrong input digest (0.177167ms)
✔ user confirmation rejects wrong draft path (0.11825ms)
✔ user confirmation rejects parent traversal (0.095667ms)
✔ user confirmation rejects wrong document hash (0.138875ms)
✔ changed original user record is rejected even with unchanged scope (0.103834ms)
✔ rehashing a draft cannot authorize a different scope (0.222042ms)
✔ draft must retain every review dimension even with updated document hash (0.157792ms)
ℹ tests 264
ℹ suites 0
ℹ pass 263
ℹ fail 1
ℹ cancelled 0
ℹ skipped 0
ℹ todo 0
ℹ duration_ms 4068.772625

✖ failing tests:

test at scripts/pre03-gate-negative.mjs:58:1
✖ bad route resources, fake HTML and script failures fail closed (346.661416ms)
  browserType.launch: Target page, context or browser has been closed
  Browser logs:
  
  <launching> /Users/anray/Library/Caches/ms-playwright/chromium_headless_shell-1234/chrome-headless-shell-mac-arm64/chrome-headless-shell --disable-field-trial-config --disable-background-networking --disable-background-timer-throttling --disable-backgrounding-occluded-windows --disable-back-forward-cache --disable-breakpad --disable-client-side-phishing-detection --disable-component-extensions-with-background-pages --disable-component-update --no-default-browser-check --disable-default-apps --disable-dev-shm-usage --disable-edgeupdater --disable-extensions --disable-features=AvoidUnnecessaryBeforeUnloadCheckSync,BoundaryEventDispatchTracksNodeRemoval,DestroyProfileOnBrowserClose,DialMediaRouteProvider,GlobalMediaControls,HttpsUpgrades,LensOverlay,MediaRouter,PaintHolding,ThirdPartyStoragePartitioning,BlockOriginHeaderModificationOnRedirect,Translate,AutoDeElevate,OptimizationHints,msForceBrowserSignIn,msEdgeUpdateLaunchServicesPreferredVersion --enable-features=CDPScreenshotNewSurface --allow-pre-commit-input --disable-hang-monitor --disable-ipc-flooding-protection --disable-popup-blocking --disable-prompt-on-repost --disable-renderer-backgrounding --disable-updater-scheduler --force-color-profile=srgb --metrics-recording-only --no-first-run --password-store=basic --use-mock-keychain --no-service-autorun --export-tagged-pdf --disable-search-engine-choice-screen --unsafely-disable-devtools-self-xss-warnings --edge-skip-compat-layer-relaunch --disable-infobars --disable-search-engine-choice-screen --disable-sync --enable-unsafe-swiftshader --headless --hide-scrollbars --mute-audio --blink-settings=primaryHoverType=2,availableHoverTypes=2,primaryPointerType=4,availablePointerTypes=4 --no-sandbox --user-data-dir=/var/folders/k8/_4hymb6j59s0c8xntb11ktmc0000gn/T/playwright_chromiumdev_profile-vJMGHK --remote-debugging-pipe --no-startup-window
  <launched> pid=64672
  [pid=64672][err] [1005/150023.056412:ERROR:base/power_monitor/thermal_state_observer_mac.mm:140] ThermalStateObserverMac unable to register to power notifications. Result: 9
  [pid=64672][err] [1005/150023.078446:ERROR:net/dns/dns_config_service_posix.cc:138] DNS config watch failed to start.
  [pid=64672][err] [1005/150023.080049:WARNING:net/dns/dns_config_service_posix.cc:197] Failed to read DnsConfig.
  [pid=64672][err] [1005/150023.088773:FATAL:base/apple/mach_port_rendezvous_mac.cc:159] Check failed: kr == KERN_SUCCESS. bootstrap_check_in org.chromium.Chromium.MachPortRendezvousServer.64672: Permission denied (1100)
  Call log:
    - <launching> /Users/anray/Library/Caches/ms-playwright/chromium_headless_shell-1234/chrome-headless-shell-mac-arm64/chrome-headless-shell --disable-field-trial-config --disable-background-networking --disable-background-timer-throttling --disable-backgrounding-occluded-windows --disable-back-forward-cache --disable-breakpad --disable-client-side-phishing-detection --disable-component-extensions-with-background-pages --disable-component-update --no-default-browser-check --disable-default-apps --disable-dev-shm-usage --disable-edgeupdater --disable-extensions --disable-features=AvoidUnnecessaryBeforeUnloadCheckSync,BoundaryEventDispatchTracksNodeRemoval,DestroyProfileOnBrowserClose,DialMediaRouteProvider,GlobalMediaControls,HttpsUpgrades,LensOverlay,MediaRouter,PaintHolding,ThirdPartyStoragePartitioning,BlockOriginHeaderModificationOnRedirect,Translate,AutoDeElevate,OptimizationHints,msForceBrowserSignIn,msEdgeUpdateLaunchServicesPreferredVersion --enable-features=CDPScreenshotNewSurface --allow-pre-commit-input --disable-hang-monitor --disable-ipc-flooding-protection --disable-popup-blocking --disable-prompt-on-repost --disable-renderer-backgrounding --disable-updater-scheduler --force-color-profile=srgb --metrics-recording-only --no-first-run --password-store=basic --use-mock-keychain --no-service-autorun --export-tagged-pdf --disable-search-engine-choice-screen --unsafely-disable-devtools-self-xss-warnings --edge-skip-compat-layer-relaunch --disable-infobars --disable-search-engine-choice-screen --disable-sync --enable-unsafe-swiftshader --headless --hide-scrollbars --mute-audio --blink-settings=primaryHoverType=2,availableHoverTypes=2,primaryPointerType=4,availablePointerTypes=4 --no-sandbox --user-data-dir=/var/folders/k8/_4hymb6j59s0c8xntb11ktmc0000gn/T/playwright_chromiumdev_profile-vJMGHK --remote-debugging-pipe --no-startup-window
    - <launched> pid=64672
    - [pid=64672][err] [1005/150023.056412:ERROR:base/power_monitor/thermal_state_observer_mac.mm:140] ThermalStateObserverMac unable to register to power notifications. Result: 9
    - [pid=64672][err] [1005/150023.078446:ERROR:net/dns/dns_config_service_posix.cc:138] DNS config watch failed to start.
    - [pid=64672][err] [1005/150023.080049:WARNING:net/dns/dns_config_service_posix.cc:197] Failed to read DnsConfig.
    - [pid=64672][err] [1005/150023.088773:FATAL:base/apple/mach_port_rendezvous_mac.cc:159] Check failed: kr == KERN_SUCCESS. bootstrap_check_in org.chromium.Chromium.MachPortRendezvousServer.64672: Permission denied (1100)
    - [pid=64672] <gracefully close start>
    - [pid=64672] <kill>
    - [pid=64672] <will force kill>
    - [pid=64672] exception while trying to kill process: Error: kill EPERM
    - [pid=64672] <process did exit: exitCode=null, signal=SIGTRAP>
    - [pid=64672] starting temporary directories cleanup
    - [pid=64672] finished temporary directories cleanup
    - [pid=64672] <gracefully close end>
  
      at TestContext.<anonymous> (/Users/anray/Documents/project/SumAlpha/QuantOS/scripts/pre03-gate-negative.mjs:60:32) {
    log: [ '  - <launching> /Users/anray/Library/Caches/ms-playwright/chromium_headless_shell-1234/chrome-headless-shell-mac-arm64/chrome-headless-shell --disable-field-trial-config --disable-background-networking --disable-background-timer-throttling --disable-backgrounding-occluded-windows --disable-back-forward-cache --disable-breakpad --disable-client-side-phishing-detection --disable-component-extensions-with-background-pages --disable-component-update --no-default-browser-check --disable-default-apps --disable-dev-shm-usage --disable-edgeupdater --disable-extensions --disable-features=AvoidUnnecessaryBeforeUnloadCheckSync,BoundaryEventDispatchTracksNodeRemoval,DestroyProfileOnBrowserClose,DialMediaRouteProvider,GlobalMediaControls,HttpsUpgrades,LensOverlay,MediaRouter,PaintHolding,ThirdPartyStoragePartitioning,BlockOriginHeaderModificationOnRedirect,Translate,AutoDeElevate,OptimizationHints,msForceBrowserSignIn,msEdgeUpdateLaunchServicesPreferredVersion --enable-features=CDPScreenshotNewSurface --allow-pre-commit-input --disable-hang-monitor --disable-ipc-flooding-protection --disable-popup-blocking --disable-prompt-on-repost --disable-renderer-backgrounding --disable-updater-scheduler --force-color-profile=srgb --metrics-recording-only --no-first-run --password-store=basic --use-mock-keychain --no-service-autorun --export-tagged-pdf --disable-search-engine-choice-screen --unsafely-disable-devtools-self-xss-warnings --edge-skip-compat-layer-relaunch --disable-infobars --disable-search-engine-choice-screen --disable-sync --enable-unsafe-swiftshader --headless --hide-scrollbars --mute-audio --blink-settings=primaryHoverType=2,availableHoverTypes=2,primaryPointerType=4,availablePointerTypes=4 --no-sandbox --user-data-dir=/var/folders/k8/_4hymb6j59s0c8xntb11ktmc0000gn/T/playwright_chromiumdev_profile-vJMGHK --remote-debugging-pipe --no-startup-window', '  - <launched> pid=64672', '  - [pid=64672][err] [1005/150023.056412:ERROR:base/power_monitor/thermal_state_observer_mac.mm:140] ThermalStateObserverMac unable to register to power notifications. Result: 9', '  - [pid=64672][err] [1005/150023.078446:ERROR:net/dns/dns_config_service_posix.cc:138] DNS config watch failed to start.', '  - [pid=64672][err] [1005/150023.080049:WARNING:net/dns/dns_config_service_posix.cc:197] Failed to read DnsConfig.', '  - [pid=64672][err] [1005/150023.088773:FATAL:base/apple/mach_port_rendezvous_mac.cc:159] Check failed: kr == KERN_SUCCESS. bootstrap_check_in org.chromium.Chromium.MachPortRendezvousServer.64672: Permission denied (1100)', '  - [pid=64672] <gracefully close start>', '  - [pid=64672] <kill>', '  - [pid=64672] <will force kill>', '  - [pid=64672] exception while trying to kill process: Error: kill EPERM', '  - [pid=64672] <process did exit: exitCode=null, signal=SIGTRAP>', '  - [pid=64672] starting temporary directories cleanup', '  - [pid=64672] finished temporary directories cleanup', '  - [pid=64672] <gracefully close end>' ]
  }
