Scope: 6 of 8 workspace projects
packages/ui test$ vitest run
packages/config test$ vitest run
packages/ui test:  RUN  v4.1.11 /Users/anray/Documents/project/SumAlpha/QuantOS/packages/ui
packages/config test:  RUN  v4.1.11 /Users/anray/Documents/project/SumAlpha/QuantOS/packages/config
packages/ui test:  Test Files  4 passed (4)
packages/ui test:       Tests  19 passed (19)
packages/ui test:    Start at  15:03:10
packages/ui test:    Duration  349ms (transform 191ms, setup 0ms, import 389ms, tests 56ms, environment 160ms)
packages/ui test: Done
packages/config test:  Test Files  1 passed (1)
packages/config test:       Tests  26 passed (26)
packages/config test:    Start at  15:03:10
packages/config test:    Duration  393ms (transform 33ms, setup 0ms, import 42ms, tests 277ms, environment 0ms)
packages/config test: Done
packages/api-client test$ vitest run
packages/api-client test:  RUN  v4.1.11 /Users/anray/Documents/project/SumAlpha/QuantOS/packages/api-client
packages/api-client test:  Test Files  6 passed (6)
packages/api-client test:       Tests  61 passed (61)
packages/api-client test:    Start at  15:03:10
packages/api-client test:    Duration  709ms (transform 323ms, setup 0ms, import 621ms, tests 611ms, environment 0ms)
packages/api-client test: Done
packages/domain-ui test$ vitest run
apps/website test$ vitest run
packages/domain-ui test:  RUN  v4.1.11 /Users/anray/Documents/project/SumAlpha/QuantOS/packages/domain-ui
apps/website test:  RUN  v4.1.11 /Users/anray/Documents/project/SumAlpha/QuantOS/apps/website
packages/domain-ui test:  Test Files  3 passed (3)
packages/domain-ui test:       Tests  19 passed (19)
packages/domain-ui test:    Start at  15:03:11
packages/domain-ui test:    Duration  183ms (transform 153ms, setup 0ms, import 245ms, tests 12ms, environment 0ms)
packages/domain-ui test: Done
apps/website test:  Test Files  2 passed (2)
apps/website test:       Tests  7 passed (7)
apps/website test:    Start at  15:03:11
apps/website test:    Duration  175ms (transform 130ms, setup 0ms, import 210ms, tests 5ms, environment 0ms)
apps/website test: Done
apps/terminal test$ vitest run
apps/terminal test:  RUN  v4.1.11 /Users/anray/Documents/project/SumAlpha/QuantOS/apps/terminal
apps/terminal test:  Test Files  11 passed (11)
apps/terminal test:       Tests  79 passed (79)
apps/terminal test:    Start at  15:03:12
apps/terminal test:    Duration  373ms (transform 1.07s, setup 0ms, import 2.11s, tests 92ms, environment 0ms)
apps/terminal test: Done
