✔ joint schedule is acyclic and preserves task/status boundaries (17.505916ms)
✔ restoring a complete R1 prerequisite for S2 services creates a rejected cycle (7.820583ms)
✔ research service waiting on its consumer page is rejected (5.665667ms)
✔ historical CORE:R04 to CORE:L04 probe now fails closed (5.078541ms)
✔ an early identity API cannot silently depend on later research services (7.735833ms)
✔ a provider cannot wait for the consumer frontend Gate (5.338834ms)
✔ removing S2 service admission from a core execution task is rejected (5.387333ms)
✔ S2 service Gate cannot omit TP12 advance evaluation (5.682292ms)
✔ I10 cannot drop testnet service admission even if metadata is edited with it (6.133875ms)
✔ a new or existing frontend cannot skip the full provider Gate (9.226125ms)
✔ G5 cannot be marked as closing in I4 before reconciliation (6.85125ms)
✔ moving the G1 block above I1 tasks is rejected (6.135083ms)
✔ milestone cannot omit its last child while retaining a Gate summary (5.930041ms)
✔ prose-only backend dependencies cannot drift from structured prerequisites (6.495291ms)
✔ core closure mapping cannot become an implicit service alias (6.027292ms)
✔ ACCEPTED checkpoint needs SHA and evidence, not only a green word (6.133709ms)
✔ accepted checkpoint evidence must resolve (2.680666ms)
✔ missing checkpoint and unknown dependency fail closed (7.354083ms)
✔ API windows cannot skip their preceding provider checkpoint (5.51875ms)
✔ UI windows cannot skip the preceding reconciliation window (5.980291ms)
✔ Web intake preserves the explicit no-model-review schema (1.673375ms)
✔ missing Web task fields still fail closed (1.772167ms)
✔ both plans must publish exactly the same stage contract (5.848583ms)
✔ changing both plans cannot defer correctness or functional deadlines to release (14.986334ms)
✔ both plans must retain every deferred release obligation (17.640917ms)
✔ tasks and checkpoints cannot omit, invent, or misclassify their stage gate (21.695375ms)
✔ release prerequisites cannot block either development or integration (13.717042ms)
✔ release gates cannot skip business closure or inherit the wrong stage (15.789417ms)
✔ historical ACCEPTED and completed tasks do not automatically become READY (6.253458ms)
✔ READY needs its own input digest and resolvable evidence (35.729917ms)
✔ unassessed stage gates cannot carry an apparent ready receipt (9.401791ms)
✔ BLOCKED retains failure evidence and digest without being counted as READY (10.253166ms)
✔ a READY chain needs READY prerequisites and its own evidence at every node (16.992791ms)
✔ stage readiness never substitutes for formal acceptance evidence (3.077166ms)
✔ release READY requires formal acceptance and all functional prerequisites (10.395459ms)
✔ production rejects InMemoryTerminalBackend (298.88775ms)
✔ production rejects InMemoryStrategyBackend (2.064583ms)
✔ production rejects InMemoryExecutionBackend (1.311458ms)
✔ production rejects InMemoryOpsBackend (1.039958ms)
✔ production rejects TerminalBackend (1.231625ms)
✔ production rejects StrategyBackend (1.346042ms)
✔ production rejects ExecutionBackend (1.124459ms)
✔ production rejects OpsBackend (1.182708ms)
✔ production rejects createTerminalClient (1.178625ms)
✔ production rejects bypass import * as api from '@sumalpha/api-client'; export const value = api; (1.41525ms)
✔ production rejects bypass export * from '@sumalpha/api-client'; (0.723166ms)
✔ production rejects bypass export { InMemoryOpsBackend as Default } from '@sumalpha/api-client'; (0.664375ms)
✔ production rejects bypass export const value = import('@sumalpha/api-client'); (0.788375ms)
✔ production rejects bypass export const value = require('@sumalpha/api-client'); (1.022417ms)
✔ production rejects bypass import { value } from '../../../../crates/bff/src/db'; export {value}; (0.620375ms)
✔ production rejects bypass import { value } from '../tests/fixtures/backend'; export {value}; (0.516959ms)
✔ production rejects bypass export const value = import(globalThis.name); (0.752792ms)
✔ production rejects bypass import { value } from '@sumalpha/api-client/src/terminal'; export {value}; (0.583417ms)
✔ generated named public client imports are allowed (0.54625ms)
✔ explicit test fixture adapters remain allowed (2.516125ms)
✔ production src cannot hide behind a test-like filename (0.61ms)
✔ shared frontend wrapper cannot re-export a legacy adapter under an alias (1.532458ms)
✔ production rejects direct database or venue module pg (0.5295ms)
✔ production rejects direct database or venue module postgres (0.558625ms)
✔ production rejects direct database or venue module @supabase/supabase-js (0.597458ms)
✔ production rejects direct database or venue module @prisma/client (0.984917ms)
✔ production rejects direct database or venue module ccxt (0.709583ms)
✔ production rejects direct database or venue module @binance/connector (0.584ms)
✔ registered Storybook data fixtures remain allowed (1.818875ms)
✔ runtime TerminalClient cannot instantiate a handwritten backend in production (0.58925ms)
✔ type-only legacy migration annotation does not create a production adapter (1.076ms)
✔ production boundary cannot be bypassed with js (3.336875ms)
✔ production boundary cannot be bypassed with jsx (1.822583ms)
✔ production boundary cannot be bypassed with mjs (0.789875ms)
✔ production boundary cannot be bypassed with cjs (1.301542ms)
✔ production boundary cannot be disabled with an inline directive (1.230792ms)
✔ production cannot import repository database CLI internals (0.557416ms)
✔ complete engineering checks retain BLOCKED while scope confirmation is absent (183.33125ms)
✔ strict acceptance rejects pending current user scope (136.412459ms)
✔ G0 rejects missing explicit proto baseline (114.834167ms)
✔ G0 rejects same-head proto baseline (101.905792ms)
✔ G0 rejects fabricated READY (107.486958ms)
✔ G0 rejects historical arbitrary manifest (103.7925ms)
✔ G0 rejects missing actual check (109.930292ms)
✔ G0 rejects duplicate actual check (102.89475ms)
✔ G0 rejects failed check (104.168041ms)
✔ G0 rejects unexecuted check (102.267334ms)
✔ G0 rejects wrong command (99.952083ms)
✔ G0 rejects source inventory drift (106.547042ms)
✔ G0 rejects planned scope delivered claim (105.888958ms)
✔ G0 rejects log tampering (99.485208ms)
✔ G0 rejects arbitrary rehashed prose (99.341166ms)
✔ G0 rejects wrong Web build source (107.39875ms)
✔ G0 rejects missing dependency (100.129333ms)
✔ G0 rejects dependency digest drift (97.353834ms)
✔ G0 rejects unready upstream (110.346375ms)
✔ G0 rejects hidden scope residual (96.977792ms)
✔ pending scope cannot incorporate an approval record (80.289292ms)
✔ legacy six-role records cannot grant current confirmation (70.564958ms)
✔ confirmed scope must bind current input digest (70.045709ms)
✔ confirmed scope requires the single user record (74.59275ms)
✔ dependency validation is actually invoked and failures propagate (89.290875ms)
✔ one document-bound current user confirmation replaces all role receipts (70.134125ms)
✔ CI must always validate engineering receipts and G0 negatives (0.085291ms)
✔ G0 rejects normative plan drift during execution before publishing (84.129125ms)
✔ G0 rejects code inventory drift during execution before publishing (90.472417ms)
✔ lifecycle metadata alone does not change normative G0 inputs (84.731292ms)
✔ real BFF baseline CLI matches its required G0 execution marker (82.857167ms)
✔ G0 worktree allows only lifecycle/evidence state "" (0.082541ms)
✔ G0 worktree allows only lifecycle/evidence state " M docs/SumAlpha-QuantOS-Development-Plan.md\n" (0.061083ms)
✔ G0 worktree allows only lifecycle/evidence state "M  docs/SumAlpha-QuantOS-Frontend-Development-Execution-Plan.md\n?? docs/audit/evidence/new/\n" (0.052ms)
✔ G0 worktree allows only lifecycle/evidence state "?? docs/audit/report.md\n" (0.017708ms)
✔ G0 worktree rejects uncommitted functional input " M scripts/g0-development.mjs\n" (0.081ms)
✔ G0 worktree rejects uncommitted functional input "M  apps/terminal/src/auth/flow.ts\n" (0.047959ms)
✔ G0 worktree rejects uncommitted functional input "?? bff/new.yaml\n" (0.033125ms)
✔ G0 worktree rejects uncommitted functional input "R  docs/audit/a.md -> scripts/backdoor.mjs\n" (0.031875ms)
✔ user-confirmed scope includes the normative G0 plan and excludes lifecycle metadata (76.546709ms)
✔ current Web contract passes and never loads Desktop inputs (9.715833ms)
✔ apps/terminal rejects Next 15.5.23 (5.802542ms)
✔ apps/terminal rejects Next 16.0.0 (2.186208ms)
✔ apps/website rejects Next 15.5.23 (1.94025ms)
✔ apps/website rejects Next 16.0.0 (1.753416ms)
✔ missing package resolutions (2.033ms)
✔ missing snapshots (1.297709ms)
✔ specifier drift (1.91075ms)
✔ dependency removed (2.029833ms)
✔ dependency inserted (2.014875ms)
✔ manifest drift fails without changing lock (0.93975ms)
✔ ADR drift fails (0.783583ms)
✔ duplicate ADR version row fails (0.664792ms)
✔ missing transitive snapshot fails (1.810041ms)
✔ Node pin drift fails (0.644084ms)
✔ effective Next configuration: valid export (246.843917ms)
✔ effective Next configuration: comment marker (242.132625ms)
✔ effective Next configuration: dead branch (238.917708ms)
✔ effective Next configuration: subsequent override (235.911167ms)
✔ effective Next configuration: function config (218.758417ms)
✔ bad route resources, fake HTML and script failures fail closed (11932.663125ms)
✔ Next-specific async client violation is an ESLint error (249.759541ms)
✔ build receipts reject stale source, config, identity and missing receipts (2.078208ms)
✔ source binding ignores caches but detects actual source changes (3.354167ms)
✔ all workspace importers and exact link targets are required (9.055709ms)
✔ runtime loader discovers omitted manifests independently of lockfile (473.824833ms)
✔ per-app env files are isolated and reloaded without polluting caller (637.690791ms)
✔ current full phase-one inventory passes (17.238334ms)
✔ missing Gap is rejected (5.933542ms)
✔ undecided realtime dependency is rejected (5.209958ms)
✔ deleted required actorId field is rejected (6.097959ms)
✔ nonexistent field source is rejected (4.912291ms)
✔ wrong field type and optionality are rejected (5.685208ms)
✔ generated operation deletion is rejected (4.922417ms)
✔ generated method and path drift are rejected (10.182333ms)
✔ same-count schema rename is rejected (4.275541ms)
✔ schema required and enum drift are rejected (10.422375ms)
✔ same-count Proto message rename is rejected (4.787125ms)
✔ removed Proto declaration is rejected (4.659167ms)
✔ same-count JSON Schema replacement is rejected (5.135791ms)
✔ duplicate contract row is rejected before Map collapse (4.610125ms)
✔ duplicate Gap row is rejected before Map collapse (4.409875ms)
✔ nonexistent role owner is rejected (4.585083ms)
✔ nonexistent backend task is rejected (4.258584ms)
✔ nonexistent BFF task is rejected (4.195167ms)
✔ unknown Gap page is rejected (4.552083ms)
✔ each missing website P0 page is rejected (21.276958ms)
✔ missing auxiliary risk/audit/order contract is rejected (12.973958ms)
✔ closing partly published Gap is rejected (4.432709ms)
✔ omitting planned operation is rejected (4.237958ms)
✔ unpublished Inventory Fixture cannot claim Implemented (4.198333ms)
✔ generated-only contract cannot claim Integrated (4.417833ms)
✔ missing provider evidence is rejected (4.070875ms)
✔ changed provider receipt is rejected (4.181958ms)
✔ missing Inventory Fixture is rejected (4.612167ms)
✔ Desktop contamination is rejected by Web inventory (4.148708ms)
✔ nonexistent domain field mappings including the former engine-version anchor are rejected (10.96125ms)
✔ removed referenced core task is rejected (4.664625ms)
✔ catalog source drift is rejected (4.720292ms)
✔ empty implementation artifact lists are rejected for every implemented contract (14.614958ms)
✔ each missing implementation evidence category is rejected (42.497875ms)
✔ duplicate artifacts cannot substitute for test or receipt evidence (4.707167ms)
✔ another contract receipt cannot substitute for required evidence (5.14325ms)
✔ unknown task suffixes are rejected in both backend task columns (28.742ms)
✔ ambiguous cross-prefix ranges cannot impersonate reviewed backend tasks (8.360542ms)
✔ public client ID and public Sentry DSN pass client scan (1.107125ms)
✔ known secret shapes are rejected in every supported client artifact type (10.109291ms)
✔ arbitrary injected server credentials and encoded forms are rejected (0.689375ms)
✔ scanner rejects missing, empty and file roots (0.702042ms)
✔ scanner does not follow symlink artifacts (0.490334ms)
✔ artifact CLI fails closed and never echoes the synthetic secret (98.719958ms)
✔ relative and absolute env-file paths both work, missing paths fail (249.15375ms)
✔ both actual application build commands enforce the client artifact gate (0.489458ms)
✔ short server credentials are scanned; empty unset credentials do not match everything (1.409167ms)
✔ production CLI loads app dotenv precedence and expansion, isolated per app (1427.012833ms)
✔ current PRE-06 Web baseline passes (26.41675ms)
✔ website browser Gate deletion is rejected (10.104083ms)
✔ Desktop coupling in phase-one compatibility is rejected (8.705958ms)
✔ Desktop deep-link inclusion in phase-one Terminal is rejected (7.321416ms)
✔ generated operation coverage drift is rejected (6.756ms)
✔ visual baseline integrity failure is rejected (6.169583ms)
✔ performance budget weakening is rejected (5.925625ms)
✔ disabled CI steps and comment-only commands are rejected (17.25775ms)
✔ contract assertion deletion and visual comparison deletion fail closed (10.243167ms)
✔ website performance and critical coverage gates cannot be removed (11.6035ms)
✔ CI retry policy must reject flaky outcomes and archive failure evidence (10.732625ms)
✔ comments cannot restore weakened budget or critical coverage policy (14.228708ms)
✔ skipped suites and inactive screenshot assertions cannot satisfy the baseline (32.918667ms)
✔ critical contract callbacks cannot return early, hide assertions, or remove runtime counting (23.494792ms)
✔ unknown and corrupted fixtures are rejected, explicit sabotage fixtures remain expected failures (40.048375ms)
✔ empty assets and empty route manifest are never a zero-sized performance PASS (48.572584ms)
✔ actual CI configs return nonzero for first-fail-then-pass policy probe (1326.274084ms)
✔ current PRE-01 artifacts satisfy the executable contract (4.545792ms)
✔ missing a page state fails closed (2.10125ms)
✔ invalid story priority fails closed (0.640917ms)
✔ missing traceability row fails closed (1.610458ms)
✔ published operation cannot regress to planned fails closed (2.100792ms)
✔ unknown role fails closed (0.587959ms)
✔ unknown route fails closed (0.552834ms)
✔ duplicate story fails closed (0.591834ms)
✔ missing flow stories fails closed (0.688041ms)
✔ missing flow scenarios fails closed (1.388375ms)
✔ unsafe proposal criterion fails closed (1.338583ms)
✔ unknown trace task fails closed (2.574375ms)
✔ unauthorized admin grant fails closed (2.436583ms)
✔ missing permission route fails closed (0.893833ms)
✔ phase-one P16 fails closed (0.123375ms)
✔ missing contract owner fails closed (1.381167ms)
✔ empty flow role fails closed (0.680208ms)
✔ empty flow route fails closed (0.730708ms)
✔ state label mismatch fails closed (1.073917ms)
✔ desktop-only story fails closed (0.54275ms)
✔ persistent offline cache fails closed (1.176792ms)
✔ admin domain permission fails closed (0.879ms)
✔ missing page story fails closed (0.561875ms)
✔ cross-page route fails closed (0.491375ms)
✔ current G0 governance preserves history without granting current acceptance (1.776333ms)
✔ past-due G0 item cannot silently remain OPEN (0.761583ms)
✔ fabricated G0 acceptance fails against current checkpoint (0.693791ms)
✔ missing G0 leftover owner fails (0.651ms)
✔ P05 cannot bind metadata download to an untraced audit export operation (3.24575ms)
✔ P21 cannot drop alert ownership from both ledger and trace while retaining the subscription (2.257875ms)
✔ unknown unlabelled operation in API register is rejected (1.920625ms)
✔ P05 quality alerts require C16 ownership on the consumer page (1.838958ms)
✔ API register rejects current version 1.4.0 (1.885125ms)
✔ API register rejects current version 99.99.0 (1.913458ms)
✔ published register row cannot omit API version (1.982875ms)
✔ published register row cannot omit generated mock version (2.304042ms)
✔ all ten historical compatibility strategies cannot be cleared (0.986167ms)
✔ current disposition cannot drop a historical parent (1.146875ms)
✔ current disposition requires effective checkpoint deadline (0.950875ms)
✔ current disposition cannot claim target RELEASE completion (1.025042ms)
✔ current disposition requires nonempty compatibility strategy (0.8955ms)
✔ current disposition presentation must match structured source (0.90325ms)
✔ current deadline cannot defer DEVELOPMENT provider obligations to integration (0.95525ms)
✔ one current user confirmation validates all documented review dimensions (2.114291ms)
✔ user confirmation rejects assistant self-approval (0.647458ms)
✔ user confirmation rejects unconfirmed draft (0.184792ms)
✔ user confirmation rejects workflow instruction alone (0.759333ms)
✔ user confirmation rejects missing user message (0.163625ms)
✔ user confirmation rejects missing identity (0.127333ms)
✔ user confirmation rejects old historical confirmation (0.118834ms)
✔ user confirmation rejects future confirmation (0.111125ms)
✔ user confirmation rejects wrong node (0.334ms)
✔ user confirmation rejects wrong stage (0.225417ms)
✔ user confirmation rejects wrong input digest (0.177708ms)
✔ user confirmation rejects wrong draft path (0.113125ms)
✔ user confirmation rejects parent traversal (0.093458ms)
✔ user confirmation rejects wrong document hash (0.105917ms)
✔ changed original user record is rejected even with unchanged scope (0.103542ms)
✔ rehashing a draft cannot authorize a different scope (0.186917ms)
✔ draft must retain every review dimension even with updated document hash (0.147542ms)
ℹ tests 264
ℹ suites 0
ℹ pass 264
ℹ fail 0
ℹ cancelled 0
ℹ skipped 0
ℹ todo 0
ℹ duration_ms 15365.613292
