
> @sumalpha/quantos@ test:development-plans /private/var/folders/k8/_4hymb6j59s0c8xntb11ktmc0000gn/T/quantos-pre03-fixed-px36wd3h
> node --test scripts/development-plan-order-negative.mjs

✔ joint schedule is acyclic and preserves task/status boundaries (9.104917ms)
✔ restoring a complete R1 prerequisite for S2 services creates a rejected cycle (4.104333ms)
✔ research service waiting on its consumer page is rejected (3.540084ms)
✔ historical CORE:R04 to CORE:L04 probe now fails closed (3.595458ms)
✔ an early identity API cannot silently depend on later research services (4.872583ms)
✔ a provider cannot wait for the consumer frontend Gate (3.35875ms)
✔ removing S2 service admission from a core execution task is rejected (3.727917ms)
✔ S2 service Gate cannot omit TP12 advance evaluation (3.778625ms)
✔ I10 cannot drop testnet service admission even if metadata is edited with it (4.273958ms)
✔ a new or existing frontend cannot skip the full provider Gate (4.045625ms)
✔ G5 cannot be marked as closing in I4 before reconciliation (4.094334ms)
✔ moving the G1 block above I1 tasks is rejected (3.786375ms)
✔ milestone cannot omit its last child while retaining a Gate summary (4.343583ms)
✔ prose-only backend dependencies cannot drift from structured prerequisites (4.276833ms)
✔ core closure mapping cannot become an implicit service alias (4.296ms)
✔ ACCEPTED checkpoint needs SHA and evidence, not only a green word (4.113667ms)
✔ accepted checkpoint evidence must resolve (2.113584ms)
✔ missing checkpoint and unknown dependency fail closed (5.0335ms)
✔ API windows cannot skip their preceding provider checkpoint (3.708375ms)
✔ UI windows cannot skip the preceding reconciliation window (3.710916ms)
✔ Web intake preserves the explicit no-model-review schema (1.345875ms)
✔ missing Web task fields still fail closed (1.239875ms)
ℹ tests 22
ℹ suites 0
ℹ pass 22
ℹ fail 0
ℹ cancelled 0
ℹ skipped 0
ℹ todo 0
ℹ duration_ms 122.345625
