
> @sumalpha/quantos@ test:pre01 /private/var/folders/k8/_4hymb6j59s0c8xntb11ktmc0000gn/T/quantos-pre03-fixed-6mx38esj
> node --test ./scripts/tests/check-pre01.test.mjs

✔ current PRE-01 artifacts satisfy the executable contract (4.16175ms)
✔ missing a page state fails closed (1.818125ms)
✔ invalid story priority fails closed (0.541625ms)
✔ missing traceability row fails closed (1.567041ms)
✔ published operation cannot regress to planned fails closed (1.685417ms)
✔ unknown role fails closed (0.51225ms)
✔ unknown route fails closed (0.573583ms)
✔ duplicate story fails closed (0.529542ms)
✔ missing flow stories fails closed (0.562791ms)
✔ missing flow scenarios fails closed (1.15625ms)
✔ unsafe proposal criterion fails closed (1.291125ms)
✔ unknown trace task fails closed (1.202334ms)
✔ unauthorized admin grant fails closed (1.004041ms)
✔ missing permission route fails closed (0.805417ms)
✔ phase-one P16 fails closed (0.091708ms)
✔ missing contract owner fails closed (1.100042ms)
✔ empty flow role fails closed (0.757541ms)
✔ empty flow route fails closed (0.688959ms)
✔ state label mismatch fails closed (0.892417ms)
✔ desktop-only story fails closed (0.452958ms)
✔ persistent offline cache fails closed (1.020875ms)
✔ admin domain permission fails closed (0.733208ms)
✔ missing page story fails closed (0.477667ms)
✔ cross-page route fails closed (0.544ms)
✔ current G0 governance preserves history without granting current acceptance (0.803125ms)
✔ past-due G0 item cannot silently remain OPEN (0.463916ms)
✔ fabricated G0 acceptance fails against current checkpoint (0.408875ms)
✔ missing G0 leftover owner fails (0.418791ms)
✔ P05 cannot bind metadata download to an untraced audit export operation (1.778083ms)
✔ P21 cannot drop alert ownership from both ledger and trace while retaining the subscription (1.849ms)
✔ unknown unlabelled operation in API register is rejected (1.5875ms)
✔ P05 quality alerts require C16 ownership on the consumer page (1.519625ms)
ℹ tests 32
ℹ suites 0
ℹ pass 32
ℹ fail 0
ℹ cancelled 0
ℹ skipped 0
ℹ todo 0
ℹ duration_ms 84.463083
