
> @sumalpha/quantos@ test:pre02 /private/var/folders/k8/_4hymb6j59s0c8xntb11ktmc0000gn/T/quantos-pre03-fixed-px36wd3h
> pnpm --filter @sumalpha/ui test:pre02


> @sumalpha/ui@0.1.0 test:pre02 /private/var/folders/k8/_4hymb6j59s0c8xntb11ktmc0000gn/T/quantos-pre03-fixed-px36wd3h/packages/ui
> node --test scripts/pre02-gate-negative.mjs

✔ current PRE-02 design-system contract passes (8.261416ms)
✔ renaming a required safety key fails even when the count stays at 18 (1.541375ms)
✔ missing state color mapping fails closed (1.489167ms)
✔ insufficient focus contrast is rejected (1.364209ms)
✔ missing readonly viewport is rejected (1.144959ms)
✔ deny cannot become success (1.33275ms)
✔ mapped token paths must exist (0.831708ms)
✔ English safety semantics cannot be inverted (0.730666ms)
✔ all compact density values remain frozen (0.847458ms)
✔ focus width and path remain frozen (0.872666ms)
✔ breakpoint intervals cannot develop gaps (0.703333ms)
✔ typography and spacing must match the reviewed contract (1.060833ms)
✔ required component identity cannot be replaced (0.733375ms)
✔ comments do not supply executable Storybook configuration (0.832792ms)
✔ surface.2 contrast cannot be removed from the contract (0.678ms)
✔ native reference viewport is not a prerequisite of the Web Gate (0.643083ms)
✔ disabled contrast rule cannot hide behind a matching comment (0.64875ms)
✔ readonly viewport dimensions cannot hide behind its identifier (0.828125ms)
✔ phase-two page cannot enter the Web component acceptance rows (0.632ms)
✔ provider JSX outside the decorator cannot authorize empty decorators (0.632666ms)
✔ unexported configuration does not authorize a Storybook entry (0.615083ms)
✔ initial theme cannot contradict the dark default contract (0.60175ms)
✔ object spread cannot silently override required addons (0.887041ms)
✔ duplicate decorators cannot replace the validated provider tree (0.675291ms)
✔ dead JSX branches are not executed provider decorators (0.963917ms)
✔ provider attributes cannot be overwritten through JSX spreads (0.751042ms)
✔ provider-only JSX without the Story consumer is rejected (0.664291ms)
ℹ tests 27
ℹ suites 0
ℹ pass 27
ℹ fail 0
ℹ cancelled 0
ℹ skipped 0
ℹ todo 0
ℹ duration_ms 205.892958
