
> @sumalpha/quantos@ test /private/var/folders/k8/_4hymb6j59s0c8xntb11ktmc0000gn/T/quantos-pre03-fixed-px36wd3h
> pnpm -r test

Scope: 7 of 8 workspace projects
packages/config test$ vitest run
packages/ui test$ vitest run
packages/ui test:  RUN  v4.1.11 /private/var/folders/k8/_4hymb6j59s0c8xntb11ktmc0000gn/T/quantos-pre03-fixed-px36wd3h/packages/ui
packages/config test:  RUN  v4.1.11 /private/var/folders/k8/_4hymb6j59s0c8xntb11ktmc0000gn/T/quantos-pre03-fixed-px36wd3h/packages/config
packages/config test:  Test Files  1 passed (1)
packages/config test:       Tests  12 passed (12)
packages/config test:    Start at  19:01:32
packages/config test:    Duration  372ms (transform 282ms, setup 0ms, import 290ms, tests 3ms, environment 0ms)
packages/config test: Done
packages/ui test:  Test Files  4 passed (4)
packages/ui test:       Tests  19 passed (19)
packages/ui test:    Start at  19:01:32
packages/ui test:    Duration  515ms (transform 999ms, setup 0ms, import 1.27s, tests 56ms, environment 233ms)
packages/ui test: Done
packages/platform test$ vitest run
packages/api-client test$ vitest run
packages/platform test:  RUN  v4.1.11 /private/var/folders/k8/_4hymb6j59s0c8xntb11ktmc0000gn/T/quantos-pre03-fixed-px36wd3h/packages/platform
packages/api-client test:  RUN  v4.1.11 /private/var/folders/k8/_4hymb6j59s0c8xntb11ktmc0000gn/T/quantos-pre03-fixed-px36wd3h/packages/api-client
packages/platform test:  Test Files  1 passed (1)
packages/platform test:       Tests  2 passed (2)
packages/platform test:    Start at  19:01:32
packages/platform test:    Duration  92ms (transform 20ms, setup 0ms, import 26ms, tests 1ms, environment 0ms)
packages/platform test: Done
packages/api-client test:  Test Files  3 passed (3)
packages/api-client test:       Tests  46 passed (46)
packages/api-client test:    Start at  19:01:32
packages/api-client test:    Duration  208ms (transform 158ms, setup 0ms, import 285ms, tests 46ms, environment 0ms)
packages/api-client test: Done
apps/website test$ vitest run
packages/domain-ui test$ vitest run
apps/website test:  RUN  v4.1.11 /private/var/folders/k8/_4hymb6j59s0c8xntb11ktmc0000gn/T/quantos-pre03-fixed-px36wd3h/apps/website
packages/domain-ui test:  RUN  v4.1.11 /private/var/folders/k8/_4hymb6j59s0c8xntb11ktmc0000gn/T/quantos-pre03-fixed-px36wd3h/packages/domain-ui
packages/domain-ui test:  Test Files  3 passed (3)
packages/domain-ui test:       Tests  16 passed (16)
packages/domain-ui test:    Start at  19:01:33
packages/domain-ui test:    Duration  166ms (transform 134ms, setup 0ms, import 215ms, tests 9ms, environment 0ms)
packages/domain-ui test: Done
apps/website test:  Test Files  2 passed (2)
apps/website test:       Tests  7 passed (7)
apps/website test:    Start at  19:01:33
apps/website test:    Duration  632ms (transform 136ms, setup 0ms, import 210ms, tests 6ms, environment 0ms)
apps/website test: Done
apps/terminal test$ vitest run
apps/terminal test:  RUN  v4.1.11 /private/var/folders/k8/_4hymb6j59s0c8xntb11ktmc0000gn/T/quantos-pre03-fixed-px36wd3h/apps/terminal
apps/terminal test:  Test Files  11 passed (11)
apps/terminal test:       Tests  65 passed (65)
apps/terminal test:    Start at  19:01:34
apps/terminal test:    Duration  322ms (transform 950ms, setup 0ms, import 1.65s, tests 81ms, environment 0ms)
apps/terminal test: Done
