
> @sumalpha/quantos@ test:pre03 /private/var/folders/k8/_4hymb6j59s0c8xntb11ktmc0000gn/T/quantos-pre03-fixed-px36wd3h
> node --test scripts/pre03-gate-negative.mjs

✔ current Web contract passes and never loads Desktop inputs (4.185291ms)
✔ apps/terminal rejects Next 15.5.23 (4.146541ms)
✔ apps/terminal rejects Next 16.0.0 (1.930625ms)
✔ apps/website rejects Next 15.5.23 (1.724542ms)
✔ apps/website rejects Next 16.0.0 (1.675917ms)
✔ missing package resolutions (1.898667ms)
✔ missing snapshots (1.18675ms)
✔ specifier drift (1.7965ms)
✔ dependency removed (1.903583ms)
✔ dependency inserted (1.888333ms)
✔ manifest drift fails without changing lock (0.886208ms)
✔ ADR drift fails (0.744125ms)
✔ duplicate ADR version row fails (0.761708ms)
✔ missing transitive snapshot fails (1.789042ms)
✔ Node pin drift fails (0.786834ms)
✔ effective Next configuration: valid export (8.906542ms)
✔ effective Next configuration: comment marker (7.193958ms)
✔ effective Next configuration: dead branch (4.331958ms)
✔ effective Next configuration: subsequent override (4.03675ms)
✔ effective Next configuration: function config (3.779125ms)
✔ bad route resources, fake HTML and script failures fail closed (11800.241792ms)
✔ Next-specific async client violation is an ESLint error (179.29575ms)
✔ build receipts reject stale source, config, identity and missing receipts (2.054334ms)
✔ source binding ignores caches but detects actual source changes (7.638667ms)
ℹ tests 24
ℹ suites 0
ℹ pass 24
ℹ fail 0
ℹ cancelled 0
ℹ skipped 0
ℹ todo 0
ℹ duration_ms 12584.454958
