
> @sumalpha/quantos@ test:fep0 /Users/anray/Documents/project/SumAlpha/QuantOS
> node --test scripts/fep0-development.test.mjs

✔ all eight independently content-bound dependencies admit DEVELOPMENT only (17.972833ms)
✔ engineering aggregation preserves the sole pending user confirmation (9.349625ms)
✔ milestone rejects missing F0 (8.303875ms)
✔ milestone rejects missing PRE (8.600167ms)
✔ milestone rejects duplicate dependency (8.201416ms)
✔ milestone rejects unready F0 (8.322458ms)
✔ milestone rejects manifest bytes replaced (7.878542ms)
✔ milestone rejects digest substituted (7.493625ms)
✔ milestone rejects dependency path substituted (7.685459ms)
✔ milestone rejects dependency verdict substituted (7.558ms)
✔ milestone rejects self manifest schema (7.592667ms)
✔ milestone rejects normative change (7.650333ms)
✔ milestone rejects source input change (7.794667ms)
✔ milestone rejects unexecuted check (9.155958ms)
✔ milestone rejects missing execution time (7.980208ms)
✔ milestone rejects missing required check (7.956542ms)
✔ milestone rejects duplicate check (7.855584ms)
✔ milestone rejects wrong command (7.502875ms)
✔ milestone rejects log tampering (8.552333ms)
✔ milestone rejects rehashed prose (8.509042ms)
✔ milestone rejects external log path (7.783708ms)
✔ milestone rejects false formal acceptance (7.960166ms)
✔ milestone rejects aggregate claims database run (7.701375ms)
✔ milestone rejects hidden exclusions (7.76525ms)
✔ milestone rejects unresolved functional finding (7.790167ms)
✔ dependency validator is invoked and errors propagate (7.67425ms)
✔ fake READY cannot hide changed G0 scope (7.727875ms)
✔ arbitrary existing markdown cannot serve as a milestone receipt (0.0875ms)
✔ own arbitrary digest is rejected independently of dependency status (0.063959ms)
✔ F0 policy contains the six missing nodes and all eleven obligations (7.847917ms)
✔ production schema drift comparator rejects tables (0.135291ms)
✔ production schema drift comparator rejects columns (0.051791ms)
✔ production schema drift comparator rejects constraints (0.042625ms)
✔ production schema drift comparator rejects indexes (0.04275ms)
✔ production schema drift comparator rejects policies (0.039417ms)
✔ production schema drift comparator rejects routines (0.0305ms)
✔ production schema drift comparator rejects triggers (0.035333ms)
✔ 100-task recovery evidence cannot use 10-task diagnostic or accept P95 (1.024333ms)
✔ CI consumes the full milestone engineering validator and its negatives (0.076209ms)
ℹ tests 39
ℹ suites 0
ℹ pass 39
ℹ fail 0
ℹ cancelled 0
ℹ skipped 0
ℹ todo 0
ℹ duration_ms 287.479
