
running 8 tests
test authenticated_role_cannot_read_other_tenant_workspace ... FAILED
test bff_session_is_bound_to_its_primary_account_and_revocation ... FAILED
test cross_tenant_authorization_edges_are_rejected_by_database_constraints ... ok
test dedicated_bff_login_uses_verified_tls_and_narrow_role ... ok
test f06_four_category_denial_matrix ... FAILED
test gateway_auth_loads_primary_workspace_context_and_enforces_capability_checks ... FAILED
test gateway_auth_only_allows_service_secret_resolution_via_allowlist_session ... FAILED
test operator_connection_cannot_be_reused_without_verified_tls ... ok

failures:

failures:
    authenticated_role_cannot_read_other_tenant_workspace
    bff_session_is_bound_to_its_primary_account_and_revocation
    f06_four_category_denial_matrix
    gateway_auth_loads_primary_workspace_context_and_enforces_capability_checks
    gateway_auth_only_allows_service_secret_resolution_via_allowlist_session

test result: FAILED. 3 passed; 5 failed; 0 ignored; 0 measured; 1 filtered out; finished in 33.00s

    Finished `test` profile [unoptimized + debuginfo] target(s) in 0.08s
     Running tests/postgres_auth_context.rs (target/debug/deps/postgres_auth_context-970b40de0b36e4f2)

thread 'authenticated_role_cannot_read_other_tenant_workspace' (2285168) panicked at crates/quantos-auth/tests/postgres_auth_context.rs:760:14:
fixture manifest: Os { code: 2, kind: NotFound, message: "No such file or directory" }
note: run with `RUST_BACKTRACE=1` environment variable to display a backtrace

thread 'bff_session_is_bound_to_its_primary_account_and_revocation' (2285169) panicked at crates/quantos-auth/tests/postgres_auth_context.rs:760:14:
fixture manifest: Os { code: 2, kind: NotFound, message: "No such file or directory" }

thread 'f06_four_category_denial_matrix' (2286541) panicked at crates/quantos-auth/tests/postgres_auth_context.rs:760:14:
fixture manifest: Os { code: 2, kind: NotFound, message: "No such file or directory" }

thread 'gateway_auth_loads_primary_workspace_context_and_enforces_capability_checks' (2286542) panicked at crates/quantos-auth/tests/postgres_auth_context.rs:760:14:
fixture manifest: Os { code: 2, kind: NotFound, message: "No such file or directory" }

thread 'gateway_auth_only_allows_service_secret_resolution_via_allowlist_session' (2286543) panicked at crates/quantos-auth/tests/postgres_auth_context.rs:760:14:
fixture manifest: Os { code: 2, kind: NotFound, message: "No such file or directory" }
error: test failed, to rerun pass `-p quantos-auth --test postgres_auth_context`
