✔ production rejects InMemoryTerminalBackend (259.491083ms)
✔ production rejects InMemoryStrategyBackend (1.670541ms)
✔ production rejects InMemoryExecutionBackend (1.146708ms)
✔ production rejects InMemoryOpsBackend (0.988875ms)
✔ production rejects TerminalBackend (1.224042ms)
✔ production rejects StrategyBackend (0.90625ms)
✔ production rejects ExecutionBackend (0.793583ms)
✔ production rejects OpsBackend (0.730459ms)
✔ production rejects createTerminalClient (0.808084ms)
✔ production rejects bypass import * as api from '@sumalpha/api-client'; export const value = api; (1.078166ms)
✔ production rejects bypass export * from '@sumalpha/api-client'; (0.578542ms)
✔ production rejects bypass export { InMemoryOpsBackend as Default } from '@sumalpha/api-client'; (0.71825ms)
✔ production rejects bypass export const value = import('@sumalpha/api-client'); (0.8625ms)
✔ production rejects bypass export const value = require('@sumalpha/api-client'); (0.960625ms)
✔ production rejects bypass import { value } from '../../../../crates/bff/src/db'; export {value}; (0.561042ms)
✔ production rejects bypass import { value } from '../tests/fixtures/backend'; export {value}; (0.455708ms)
✔ production rejects bypass export const value = import(globalThis.name); (0.658666ms)
✔ production rejects bypass import { value } from '@sumalpha/api-client/src/terminal'; export {value}; (0.505625ms)
✔ generated named public client imports are allowed (0.548667ms)
✔ explicit test fixture adapters remain allowed (2.195542ms)
✔ production src cannot hide behind a test-like filename (0.556ms)
✔ shared frontend wrapper cannot re-export a legacy adapter under an alias (1.391792ms)
✔ production rejects direct database or venue module pg (0.492417ms)
✔ production rejects direct database or venue module postgres (0.4945ms)
✔ production rejects direct database or venue module @supabase/supabase-js (0.571417ms)
✔ production rejects direct database or venue module @prisma/client (0.49525ms)
✔ production rejects direct database or venue module ccxt (0.484ms)
✔ production rejects direct database or venue module @binance/connector (0.486375ms)
✔ registered Storybook data fixtures remain allowed (1.381917ms)
✔ runtime TerminalClient cannot instantiate a handwritten backend in production (0.463125ms)
✔ type-only legacy migration annotation does not create a production adapter (0.873958ms)
✔ production boundary cannot be bypassed with js (2.43675ms)
✔ production boundary cannot be bypassed with jsx (1.316667ms)
✔ production boundary cannot be bypassed with mjs (0.593625ms)
✔ production boundary cannot be bypassed with cjs (1.061208ms)
✔ production boundary cannot be disabled with an inline directive (1.02425ms)
✔ production cannot import repository database CLI internals (0.470458ms)
ℹ tests 37
ℹ suites 0
ℹ pass 37
ℹ fail 0
ℹ cancelled 0
ℹ skipped 0
ℹ todo 0
ℹ duration_ms 382.361334
