
> @sumalpha/quantos@ check:development-plans /Users/anray/Documents/project/SumAlpha/QuantOS
> node scripts/check-development-plans.mjs

{
  "schema": "quantos-plan-review/v1",
  "stage_schema": "quantos-plan-stages/v1",
  "stage_contract": "PASS",
  "dependency_basis": "stage_gate",
  "stage_counts": {
    "DEVELOPMENT": 81,
    "INTEGRATION": 76,
    "RELEASE": 2
  },
  "stage_status_counts": {
    "NOT_ASSESSED": 144,
    "READY": 14,
    "BLOCKED": 1
  },
  "cross_plan_order": "PASS",
  "checkpoint_count": 37,
  "acceptance_node_count": 159,
  "dependency_edge_count": 1462,
  "order_schema": "quantos-plan-order/v2",
  "structure": "PASS",
  "frontend_task_schema": "quantos-web-task/v1",
  "desktop_scope_split": "PASS",
  "platform_load": "NOT_RUN",
  "model_review": "NOT_RUN",
  "core_tasks": 47,
  "frontend_tasks": 75,
  "page_api_tasks": 12,
  "page_tasks": 22
}
✔ joint schedule is acyclic and preserves task/status boundaries (12.671417ms)
✔ restoring a complete R1 prerequisite for S2 services creates a rejected cycle (5.5595ms)
✔ research service waiting on its consumer page is rejected (5.327916ms)
✔ historical CORE:R04 to CORE:L04 probe now fails closed (5.292083ms)
✔ an early identity API cannot silently depend on later research services (6.23775ms)
✔ a provider cannot wait for the consumer frontend Gate (4.81725ms)
✔ removing S2 service admission from a core execution task is rejected (4.900625ms)
✔ S2 service Gate cannot omit TP12 advance evaluation (5.620542ms)
✔ I10 cannot drop testnet service admission even if metadata is edited with it (5.938417ms)
✔ a new or existing frontend cannot skip the full provider Gate (6.259583ms)
✔ G5 cannot be marked as closing in I4 before reconciliation (4.970875ms)
✔ moving the G1 block above I1 tasks is rejected (5.607209ms)
✔ milestone cannot omit its last child while retaining a Gate summary (6.0115ms)
✔ prose-only backend dependencies cannot drift from structured prerequisites (5.744875ms)
✔ core closure mapping cannot become an implicit service alias (5.46ms)
✔ ACCEPTED checkpoint needs SHA and evidence, not only a green word (6.177125ms)
✔ accepted checkpoint evidence must resolve (2.733166ms)
✔ missing checkpoint and unknown dependency fail closed (7.255125ms)
✔ API windows cannot skip their preceding provider checkpoint (4.807292ms)
✔ UI windows cannot skip the preceding reconciliation window (5.570917ms)
✔ Web intake preserves the explicit no-model-review schema (1.773583ms)
✔ missing Web task fields still fail closed (1.856125ms)
✔ both plans must publish exactly the same stage contract (5.659458ms)
✔ changing both plans cannot defer correctness or functional deadlines to release (14.197167ms)
✔ both plans must retain every deferred release obligation (16.345875ms)
✔ tasks and checkpoints cannot omit, invent, or misclassify their stage gate (20.462ms)
✔ release prerequisites cannot block either development or integration (13.094834ms)
✔ release gates cannot skip business closure or inherit the wrong stage (14.404ms)
✔ historical ACCEPTED and completed tasks do not automatically become READY (6.691792ms)
✔ READY needs its own input digest and resolvable evidence (33.019416ms)
✔ unassessed stage gates cannot carry an apparent ready receipt (7.817584ms)
✔ BLOCKED retains failure evidence and digest without being counted as READY (10.349625ms)
✔ a READY chain needs READY prerequisites and its own evidence at every node (15.12575ms)
✔ stage readiness never substitutes for formal acceptance evidence (3.204042ms)
✔ release READY requires formal acceptance and all functional prerequisites (9.784375ms)
ℹ tests 35
ℹ suites 0
ℹ pass 35
ℹ fail 0
ℹ cancelled 0
ℹ skipped 0
ℹ todo 0
ℹ duration_ms 335.852042
