ok    共享首屏 JS gzip: 139.4KB ≤ 250.0KB
ok    单 chunk gzip: 58.5KB ≤ 200.0KB
ok    CSS gzip: 4.4KB ≤ 60.0KB

各路由首屏 JS gzip（含 polyfills；逐路由门禁）：
ok    route /_not-found/page: 140.4KB ≤ 200.0KB
   140.4KB  /_not-found/page
ok    route /access-request/page: 141.7KB ≤ 200.0KB
   141.7KB  /access-request/page
ok    route /architecture-security/page: 139.6KB ≤ 200.0KB
   139.6KB  /architecture-security/page
ok    route /docs/page: 141.7KB ≤ 200.0KB
   141.7KB  /docs/page
ok    route /layout: 139.6KB ≤ 200.0KB
   139.6KB  /layout
ok    route /login/page: 139.6KB ≤ 200.0KB
   139.6KB  /login/page
ok    route /page: 139.6KB ≤ 200.0KB
   139.6KB  /page
ok    route /product/page: 139.6KB ≤ 200.0KB
   139.6KB  /product/page
ok    route /robots.txt/route: 139.6KB ≤ 200.0KB
   139.6KB  /robots.txt/route
ok    route /sitemap.xml/route: 139.6KB ≤ 200.0KB
   139.6KB  /sitemap.xml/route
ok    route /use-cases/page: 139.6KB ≤ 200.0KB
   139.6KB  /use-cases/page

性能预算校验通过
