✔ production rejects InMemoryTerminalBackend (734.000291ms)
✔ production rejects InMemoryStrategyBackend (2.110625ms)
✔ production rejects InMemoryExecutionBackend (1.730333ms)
✔ production rejects InMemoryOpsBackend (2.993833ms)
✔ production rejects TerminalBackend (3.180917ms)
✔ production rejects StrategyBackend (2.5795ms)
✔ production rejects ExecutionBackend (16.553459ms)
✔ production rejects OpsBackend (1.409417ms)
✔ production rejects createTerminalClient (1.049125ms)
✔ production rejects bypass import * as api from '@sumalpha/api-client'; export const value = api; (1.281791ms)
✔ production rejects bypass export * from '@sumalpha/api-client'; (0.744083ms)
✔ production rejects bypass export { InMemoryOpsBackend as Default } from '@sumalpha/api-client'; (0.72ms)
✔ production rejects bypass export const value = import('@sumalpha/api-client'); (0.750583ms)
✔ production rejects bypass export const value = require('@sumalpha/api-client'); (1.066416ms)
✔ production rejects bypass import { value } from '../../../../crates/bff/src/db'; export {value}; (0.599333ms)
✔ production rejects bypass import { value } from '../tests/fixtures/backend'; export {value}; (0.504125ms)
✔ production rejects bypass export const value = import(globalThis.name); (0.787292ms)
✔ production rejects bypass import { value } from '@sumalpha/api-client/src/terminal'; export {value}; (7.330875ms)
✔ generated named public client imports are allowed (2.854792ms)
✔ explicit test fixture adapters remain allowed (8.659667ms)
✔ production src cannot hide behind a test-like filename (3.155959ms)
✔ shared frontend wrapper cannot re-export a legacy adapter under an alias (6.78775ms)
✔ production rejects direct database or venue module pg (6.202208ms)
✔ production rejects direct database or venue module postgres (3.444917ms)
✔ production rejects direct database or venue module @supabase/supabase-js (8.329042ms)
✔ production rejects direct database or venue module @prisma/client (2.867375ms)
✔ production rejects direct database or venue module ccxt (1.698ms)
✔ production rejects direct database or venue module @binance/connector (1.148875ms)
✔ registered Storybook data fixtures remain allowed (2.028666ms)
✔ runtime TerminalClient cannot instantiate a handwritten backend in production (0.640792ms)
✔ type-only legacy migration annotation does not create a production adapter (1.212125ms)
✔ production boundary cannot be bypassed with js (3.418458ms)
✔ production boundary cannot be bypassed with jsx (1.501292ms)
✔ production boundary cannot be bypassed with mjs (0.734709ms)
✔ production boundary cannot be bypassed with cjs (1.23975ms)
✔ production boundary cannot be disabled with an inline directive (10.675083ms)
✔ production cannot import repository database CLI internals (0.963542ms)
✔ complete engineering checks retain BLOCKED while scope confirmation is absent (319.088792ms)
✔ strict acceptance rejects pending current six-role scope (319.858125ms)
✔ G0 rejects missing explicit proto baseline (205.02475ms)
✔ G0 rejects same-head proto baseline (222.19475ms)
✔ G0 rejects fabricated READY (164.021833ms)
✔ G0 rejects historical arbitrary manifest (220.762666ms)
✔ G0 rejects missing actual check (188.537958ms)
✔ G0 rejects duplicate actual check (165.094958ms)
✔ G0 rejects failed check (190.377167ms)
✔ G0 rejects unexecuted check (131.954416ms)
✔ G0 rejects wrong command (161.781292ms)
✔ G0 rejects source inventory drift (173.388041ms)
✔ G0 rejects planned scope delivered claim (135.612667ms)
✔ G0 rejects log tampering (148.492625ms)
✔ G0 rejects arbitrary rehashed prose (171.910375ms)
✔ G0 rejects wrong Web build source (190.633167ms)
✔ G0 rejects missing dependency (182.057334ms)
✔ G0 rejects dependency digest drift (227.72975ms)
✔ G0 rejects unready upstream (171.697ms)
✔ G0 rejects hidden scope residual (166.731375ms)
✔ pending scope cannot incorporate historical six-role claims (158.288083ms)
✔ confirmed scope must bind current input digest (144.503292ms)
✔ confirmed scope requires all six current roles (135.137208ms)
✔ dependency validation is actually invoked and failures propagate (197.746792ms)
✔ six input-bound confirmation records can validate using explicit test readers (132.459208ms)
✔ scope confirmation rejects historical timestamp (124.969917ms)
✔ scope confirmation rejects missing authority (112.974959ms)
✔ scope confirmation rejects outside record path (120.092667ms)
✔ scope confirmation rejects changed record (107.903625ms)
✔ scope confirmation rejects different identity (114.624083ms)
✔ scope confirmation rejects different role scope (116.704ms)
✔ CI must always validate engineering receipts and G0 negatives (0.139125ms)
✔ G0 rejects normative plan drift during execution before publishing (111.24825ms)
✔ G0 rejects code inventory drift during execution before publishing (97.152167ms)
✔ lifecycle metadata alone does not change normative G0 inputs (92.897917ms)
✔ real BFF baseline CLI matches its required G0 execution marker (100.668542ms)
✔ G0 worktree allows only lifecycle/evidence state "" (0.104292ms)
✔ G0 worktree allows only lifecycle/evidence state " M docs/SumAlpha-QuantOS-Development-Plan.md\n" (0.066625ms)
✔ G0 worktree allows only lifecycle/evidence state "M  docs/SumAlpha-QuantOS-Frontend-Development-Execution-Plan.md\n?? docs/audit/evidence/new/\n" (0.056458ms)
✔ G0 worktree allows only lifecycle/evidence state "?? docs/audit/report.md\n" (0.01825ms)
✔ G0 worktree rejects uncommitted functional input " M scripts/g0-development.mjs\n" (0.090709ms)
✔ G0 worktree rejects uncommitted functional input "M  apps/terminal/src/auth/flow.ts\n" (0.04025ms)
✔ G0 worktree rejects uncommitted functional input "?? bff/new.yaml\n" (0.033291ms)
✔ G0 worktree rejects uncommitted functional input "R  docs/audit/a.md -> scripts/backdoor.mjs\n" (0.034458ms)
✔ valid source and execution-bound dependency chain is READY without release signatures (98.090833ms)
✔ missing required execution (76.759666ms)
✔ failed execution (63.28625ms)
✔ wrong actual command (90.514959ms)
✔ unresolved issue (69.250958ms)
✔ wrong node (67.425958ms)
✔ missing source inventory (98.346125ms)
✔ plan scope changed (73.528167ms)
✔ outside log path (94.33025ms)
✔ wrong log digest (87.1465ms)
✔ missing dependency (98.608125ms)
✔ dependency digest substituted (92.787125ms)
✔ tampered manifest bytes are rejected (68.33875ms)
✔ changed source content is rejected despite unchanged gate digest (86.086042ms)
✔ dependency must independently be READY (98.454916ms)
✔ arbitrary log cannot masquerade as successful execution (85.134917ms)
✔ input file symlink cannot escape the repository (91.1475ms)
✔ database execution cannot be inferred from a normal local PASS (106.809208ms)
✔ Supabase target receipt verifies each compressed execution log (118.914708ms)
✔ source drift during execution invalidates the original input snapshot (124.71325ms)
✔ requirement drift during execution invalidates the original input snapshot (144.6105ms)
✔ controlled public development profile overrides stale values and preserves server inputs (0.182625ms)
✔ private credentials cannot be injected through a public development profile (0.1355ms)
✔ transient Auth 503 can retry only a complete target execution (0.109ms)
✔ persistent target timeout never becomes PASS and stops at its budget (0.081417ms)
✔ semantic target failures stop without retry or PASS (0.027709ms)
✔ target retry budget cannot be unbounded (0.103708ms)
✔ configured target retries require explicit attempt outcomes in the receipt (84.549708ms)
✔ three successful full builds bind output inventories (0.429167ms)
✔ reproducibility rejects only two builds (0.120417ms)
✔ reproducibility rejects missing Python build (0.150834ms)
✔ reproducibility rejects failed command (0.149709ms)
✔ reproducibility rejects different output digest (0.103542ms)
✔ reproducibility rejects substituted inventory (0.078125ms)
✔ reproducibility rejects dirty source (0.06575ms)
✔ reproducibility rejects old source (0.064833ms)
✔ development policy retains explicit build, coverage, volume and target storage obligations (0.287833ms)
✔ static make commands cannot reload .env.local or inherit target database opt-ins (0.093625ms)
✔ volume retry restarts the complete check only on a closed PostgreSQL transport (0.063584ms)
✔ volume correctness and certificate errors cannot be retried into PASS (0.034ms)
✔ persistent database transport failure stays failed at the retry limit (0.028375ms)
✔ separate assessment snapshot preserves historical manifests and binds its own logs (47.221667ms)
✔ current PRE-01 artifacts satisfy the executable contract (4.84825ms)
✔ missing a page state fails closed (2.110416ms)
✔ invalid story priority fails closed (27.962083ms)
✔ missing traceability row fails closed (11.16ms)
✔ published operation cannot regress to planned fails closed (2.205334ms)
✔ unknown role fails closed (0.645459ms)
✔ unknown route fails closed (0.583166ms)
✔ duplicate story fails closed (0.725667ms)
✔ missing flow stories fails closed (0.766417ms)
✔ missing flow scenarios fails closed (1.41875ms)
✔ unsafe proposal criterion fails closed (1.421541ms)
✔ unknown trace task fails closed (26.988667ms)
✔ unauthorized admin grant fails closed (3.731875ms)
✔ missing permission route fails closed (0.996292ms)
✔ phase-one P16 fails closed (0.136125ms)
✔ missing contract owner fails closed (1.316125ms)
✔ empty flow role fails closed (0.699459ms)
✔ empty flow route fails closed (0.72275ms)
✔ state label mismatch fails closed (1.109833ms)
✔ desktop-only story fails closed (0.558166ms)
✔ persistent offline cache fails closed (1.188541ms)
✔ admin domain permission fails closed (0.931416ms)
✔ missing page story fails closed (0.579ms)
✔ cross-page route fails closed (0.500125ms)
✔ current G0 governance preserves history without granting current acceptance (15.419584ms)
✔ past-due G0 item cannot silently remain OPEN (0.845541ms)
✔ fabricated G0 acceptance fails against current checkpoint (3.755875ms)
✔ missing G0 leftover owner fails (0.822542ms)
✔ P05 cannot bind metadata download to an untraced audit export operation (3.58325ms)
✔ P21 cannot drop alert ownership from both ledger and trace while retaining the subscription (2.090417ms)
✔ unknown unlabelled operation in API register is rejected (1.863375ms)
✔ P05 quality alerts require C16 ownership on the consumer page (1.81875ms)
✔ API register rejects current version 1.4.0 (1.69025ms)
✔ API register rejects current version 99.99.0 (1.702709ms)
✔ published register row cannot omit API version (1.782458ms)
✔ published register row cannot omit generated mock version (1.929584ms)
✔ all ten historical compatibility strategies cannot be cleared (1.024542ms)
✔ current disposition cannot drop a historical parent (1.109709ms)
✔ current disposition requires effective checkpoint deadline (0.868709ms)
✔ current disposition cannot claim target RELEASE completion (0.928792ms)
✔ current disposition requires nonempty compatibility strategy (0.814875ms)
✔ current disposition presentation must match structured source (0.820084ms)
✔ current deadline cannot defer DEVELOPMENT provider obligations to integration (0.928334ms)
ℹ tests 166
ℹ suites 0
ℹ pass 166
ℹ fail 0
ℹ cancelled 0
ℹ skipped 0
ℹ todo 0
ℹ duration_ms 5830.485708
