✔ complete engineering checks retain BLOCKED while scope confirmation is absent (119.505583ms)
✔ strict acceptance rejects pending current six-role scope (96.4205ms)
✔ G0 rejects fabricated READY (83.25525ms)
✔ G0 rejects historical arbitrary manifest (79.95475ms)
✔ G0 rejects missing actual check (82.957542ms)
✔ G0 rejects duplicate actual check (80.294ms)
✔ G0 rejects failed check (81.08975ms)
✔ G0 rejects unexecuted check (77.81225ms)
✔ G0 rejects wrong command (79.704208ms)
✔ G0 rejects source inventory drift (81.47525ms)
✔ G0 rejects planned scope delivered claim (83.511458ms)
✔ G0 rejects log tampering (79.730459ms)
✔ G0 rejects arbitrary rehashed prose (85.373834ms)
✔ G0 rejects wrong Web build source (89.95275ms)
✔ G0 rejects missing dependency (92.205959ms)
✔ G0 rejects dependency digest drift (86.784208ms)
✔ G0 rejects unready upstream (82.68975ms)
✔ G0 rejects hidden scope residual (78.5405ms)
✔ pending scope cannot incorporate historical six-role claims (62.484ms)
✔ confirmed scope must bind current input digest (62.713959ms)
✔ confirmed scope requires all six current roles (63.173ms)
✔ dependency validation is actually invoked and failures propagate (83.257541ms)
✔ six input-bound confirmation records can validate using explicit test readers (64.384958ms)
✔ scope confirmation rejects historical timestamp (67.437708ms)
✔ scope confirmation rejects missing authority (62.235042ms)
✔ scope confirmation rejects outside record path (62.684209ms)
✔ scope confirmation rejects changed record (62.868125ms)
✔ scope confirmation rejects different identity (63.30575ms)
✔ scope confirmation rejects different role scope (65.550459ms)
✔ CI must always validate engineering receipts and G0 negatives (0.085834ms)
✔ G0 rejects normative plan drift during execution before publishing (76.451459ms)
✔ G0 rejects code inventory drift during execution before publishing (79.900375ms)
✔ lifecycle metadata alone does not change normative G0 inputs (78.150792ms)
ℹ tests 33
ℹ suites 0
ℹ pass 33
ℹ fail 0
ℹ cancelled 0
ℹ skipped 0
ℹ todo 0
ℹ duration_ms 2547.823125
