✔ current PRE-01 artifacts satisfy the executable contract (5.396875ms)
✔ missing a page state fails closed (1.774708ms)
✔ invalid story priority fails closed (0.509625ms)
✔ missing traceability row fails closed (1.338334ms)
✔ published operation cannot regress to planned fails closed (1.615167ms)
✔ unknown role fails closed (0.481667ms)
✔ unknown route fails closed (0.553375ms)
✔ duplicate story fails closed (0.491625ms)
✔ missing flow stories fails closed (0.5765ms)
✔ missing flow scenarios fails closed (1.233042ms)
✔ unsafe proposal criterion fails closed (1.18625ms)
✔ unknown trace task fails closed (1.327208ms)
✔ unauthorized admin grant fails closed (1.011667ms)
✔ missing permission route fails closed (0.690792ms)
✔ phase-one P16 fails closed (0.082458ms)
✔ missing contract owner fails closed (1.110542ms)
✔ empty flow role fails closed (0.633584ms)
✔ empty flow route fails closed (0.600916ms)
✔ state label mismatch fails closed (0.859334ms)
✔ desktop-only story fails closed (0.447667ms)
✔ persistent offline cache fails closed (0.95075ms)
✔ admin domain permission fails closed (0.7465ms)
✔ missing page story fails closed (0.475917ms)
✔ cross-page route fails closed (0.523417ms)
✔ current G0 governance preserves history without granting current acceptance (1.4815ms)
✔ past-due G0 item cannot silently remain OPEN (0.628125ms)
✔ fabricated G0 acceptance fails against current checkpoint (0.58925ms)
✔ missing G0 leftover owner fails (0.599334ms)
✔ P05 cannot bind metadata download to an untraced audit export operation (1.910584ms)
✔ P21 cannot drop alert ownership from both ledger and trace while retaining the subscription (2.41275ms)
✔ unknown unlabelled operation in API register is rejected (1.672625ms)
✔ P05 quality alerts require C16 ownership on the consumer page (1.502209ms)
✔ API register rejects current version 1.4.0 (1.428667ms)
✔ API register rejects current version 99.99.0 (1.416417ms)
✔ published register row cannot omit API version (1.5125ms)
✔ published register row cannot omit generated mock version (1.470333ms)
✔ all ten historical compatibility strategies cannot be cleared (0.788584ms)
✔ current disposition cannot drop a historical parent (0.993875ms)
✔ current disposition requires effective checkpoint deadline (0.786083ms)
✔ current disposition cannot claim target RELEASE completion (1.0565ms)
✔ current disposition requires nonempty compatibility strategy (0.78775ms)
✔ current disposition presentation must match structured source (0.779ms)
✔ current deadline cannot defer DEVELOPMENT provider obligations to integration (0.849833ms)
ℹ tests 43
ℹ suites 0
ℹ pass 43
ℹ fail 0
ℹ cancelled 0
ℹ skipped 0
ℹ todo 0
ℹ duration_ms 140.741375
