Validated 6 pinned Buf plugins and locked generation workflow.
✔ proto generation configuration is pinned and lock-preserving (36.15325ms)
✔ proto generation configuration rejects an unpinned remote plugin (34.716667ms)
✔ proto generation configuration rejects implicit dependency updates (34.835292ms)
ℹ tests 3
ℹ suites 0
ℹ pass 3
ℹ fail 0
ℹ cancelled 0
ℹ skipped 0
ℹ todo 0
ℹ duration_ms 135.499375
Extracted 50 JSON schema documents.
Validated 50 standalone JSON schemas and 11 planned domain schemas.
✔ standalone JSON schema gate passes the complete generated catalog (134.521833ms)
✔ standalone JSON schema gate rejects a missing planned domain schema (45.677125ms)
✔ standalone JSON schema gate rejects an unresolved reference (124.887958ms)
ℹ tests 3
ℹ suites 0
ℹ pass 3
ℹ fail 0
ℹ cancelled 0
ℹ skipped 0
ℹ todo 0
ℹ duration_ms 343.783
Proto compatibility checked against 9b650982f21d0dbf0aa32fa82ade50088726f06d
Proto checks passed.
