✔ production rejects InMemoryTerminalBackend (353.599917ms)
✔ production rejects InMemoryStrategyBackend (1.846792ms)
✔ production rejects InMemoryExecutionBackend (1.179166ms)
✔ production rejects InMemoryOpsBackend (0.955584ms)
✔ production rejects TerminalBackend (1.001541ms)
✔ production rejects StrategyBackend (0.873792ms)
✔ production rejects ExecutionBackend (0.920625ms)
✔ production rejects OpsBackend (1.083833ms)
✔ production rejects createTerminalClient (1.061125ms)
✔ production rejects bypass import * as api from '@sumalpha/api-client'; export const value = api; (1.520375ms)
✔ production rejects bypass export * from '@sumalpha/api-client'; (0.759833ms)
✔ production rejects bypass export { InMemoryOpsBackend as Default } from '@sumalpha/api-client'; (0.656833ms)
✔ production rejects bypass export const value = import('@sumalpha/api-client'); (0.74075ms)
✔ production rejects bypass export const value = require('@sumalpha/api-client'); (1.020125ms)
✔ production rejects bypass import { value } from '../../../../crates/bff/src/db'; export {value}; (0.540792ms)
✔ production rejects bypass import { value } from '../tests/fixtures/backend'; export {value}; (0.484667ms)
✔ production rejects bypass export const value = import(globalThis.name); (0.676875ms)
✔ production rejects bypass import { value } from '@sumalpha/api-client/src/terminal'; export {value}; (0.482083ms)
✔ generated named public client imports are allowed (0.567ms)
✔ explicit test fixture adapters remain allowed (2.586458ms)
✔ production src cannot hide behind a test-like filename (0.617625ms)
✔ shared frontend wrapper cannot re-export a legacy adapter under an alias (1.482791ms)
✔ production rejects direct database or venue module pg (0.527ms)
✔ production rejects direct database or venue module postgres (0.537459ms)
✔ production rejects direct database or venue module @supabase/supabase-js (0.55075ms)
✔ production rejects direct database or venue module @prisma/client (0.573041ms)
✔ production rejects direct database or venue module ccxt (0.541333ms)
✔ production rejects direct database or venue module @binance/connector (0.535917ms)
✔ registered Storybook data fixtures remain allowed (1.575666ms)
✔ runtime TerminalClient cannot instantiate a handwritten backend in production (0.546875ms)
✔ type-only legacy migration annotation does not create a production adapter (1.008209ms)
✔ production boundary cannot be bypassed with js (2.616708ms)
✔ production boundary cannot be bypassed with jsx (1.41275ms)
✔ production boundary cannot be bypassed with mjs (0.635958ms)
✔ production boundary cannot be bypassed with cjs (1.181291ms)
✔ production boundary cannot be disabled with an inline directive (1.316083ms)
✔ production cannot import repository database CLI internals (0.659208ms)
✔ complete engineering checks retain BLOCKED while scope confirmation is absent (179.2575ms)
✔ strict acceptance rejects pending current six-role scope (174.352ms)
✔ G0 rejects missing explicit proto baseline (146.388209ms)
✔ G0 rejects same-head proto baseline (108.5675ms)
✔ G0 rejects fabricated READY (127.771459ms)
✔ G0 rejects historical arbitrary manifest (124.9325ms)
✔ G0 rejects missing actual check (124.01375ms)
✔ G0 rejects duplicate actual check (99.65175ms)
✔ G0 rejects failed check (92.919417ms)
✔ G0 rejects unexecuted check (97.94775ms)
✔ G0 rejects wrong command (97.076416ms)
✔ G0 rejects source inventory drift (96.6095ms)
✔ G0 rejects planned scope delivered claim (95.425959ms)
✔ G0 rejects log tampering (93.340584ms)
✔ G0 rejects arbitrary rehashed prose (84.673167ms)
✔ G0 rejects wrong Web build source (90.768ms)
✔ G0 rejects missing dependency (90.33725ms)
✔ G0 rejects dependency digest drift (90.958625ms)
✔ G0 rejects unready upstream (88.153ms)
✔ G0 rejects hidden scope residual (84.319791ms)
✔ pending scope cannot incorporate historical six-role claims (67.542292ms)
✔ confirmed scope must bind current input digest (67.806666ms)
✔ confirmed scope requires all six current roles (70.067083ms)
✔ dependency validation is actually invoked and failures propagate (88.647625ms)
✔ six input-bound confirmation records can validate using explicit test readers (71.653292ms)
✔ scope confirmation rejects historical timestamp (69.590583ms)
✔ scope confirmation rejects missing authority (68.639541ms)
✔ scope confirmation rejects outside record path (68.889333ms)
✔ scope confirmation rejects changed record (67.402ms)
✔ scope confirmation rejects different identity (68.366584ms)
✔ scope confirmation rejects different role scope (69.431167ms)
✔ CI must always validate engineering receipts and G0 negatives (0.099375ms)
✔ G0 rejects normative plan drift during execution before publishing (82.73275ms)
✔ G0 rejects code inventory drift during execution before publishing (84.302792ms)
✔ lifecycle metadata alone does not change normative G0 inputs (81.856958ms)
✔ real BFF baseline CLI matches its required G0 execution marker (83.143833ms)
✔ G0 worktree allows only lifecycle/evidence state "" (0.073916ms)
✔ G0 worktree allows only lifecycle/evidence state " M docs/SumAlpha-QuantOS-Development-Plan.md\n" (0.052084ms)
✔ G0 worktree allows only lifecycle/evidence state "M  docs/SumAlpha-QuantOS-Frontend-Development-Execution-Plan.md\n?? docs/audit/evidence/new/\n" (0.044666ms)
✔ G0 worktree allows only lifecycle/evidence state "?? docs/audit/report.md\n" (0.019084ms)
✔ G0 worktree rejects uncommitted functional input " M scripts/g0-development.mjs\n" (0.074917ms)
✔ G0 worktree rejects uncommitted functional input "M  apps/terminal/src/auth/flow.ts\n" (0.033917ms)
✔ G0 worktree rejects uncommitted functional input "?? bff/new.yaml\n" (0.028583ms)
✔ G0 worktree rejects uncommitted functional input "R  docs/audit/a.md -> scripts/backdoor.mjs\n" (0.028791ms)
✔ valid source and execution-bound dependency chain is READY without release signatures (44.659ms)
✔ missing required execution (35.607708ms)
✔ failed execution (34.465375ms)
✔ wrong actual command (34.206875ms)
✔ unresolved issue (28.889833ms)
✔ wrong node (28.04375ms)
✔ missing source inventory (34.711209ms)
✔ plan scope changed (28.717917ms)
✔ outside log path (36.702792ms)
✔ wrong log digest (73.088542ms)
✔ missing dependency (48.644833ms)
✔ dependency digest substituted (35.359667ms)
✔ tampered manifest bytes are rejected (28.673458ms)
✔ changed source content is rejected despite unchanged gate digest (33.17ms)
✔ dependency must independently be READY (33.618292ms)
✔ arbitrary log cannot masquerade as successful execution (34.970042ms)
✔ input file symlink cannot escape the repository (30.82625ms)
✔ database execution cannot be inferred from a normal local PASS (38.3825ms)
✔ Supabase target receipt verifies each compressed execution log (40.129333ms)
✔ source drift during execution invalidates the original input snapshot (51.486417ms)
✔ requirement drift during execution invalidates the original input snapshot (56.043834ms)
✔ controlled public development profile overrides stale values and preserves server inputs (0.149917ms)
✔ private credentials cannot be injected through a public development profile (0.116ms)
✔ transient Auth 503 can retry only a complete target execution (0.110125ms)
✔ persistent target timeout never becomes PASS and stops at its budget (0.071834ms)
✔ semantic target failures stop without retry or PASS (0.028542ms)
✔ target retry budget cannot be unbounded (0.101ms)
✔ configured target retries require explicit attempt outcomes in the receipt (41.820166ms)
✔ three successful full builds bind output inventories (0.326542ms)
✔ reproducibility rejects only two builds (0.092708ms)
✔ reproducibility rejects missing Python build (0.120375ms)
✔ reproducibility rejects failed command (0.144625ms)
✔ reproducibility rejects different output digest (0.099959ms)
✔ reproducibility rejects substituted inventory (0.078834ms)
✔ reproducibility rejects dirty source (0.057666ms)
✔ reproducibility rejects old source (0.060792ms)
✔ development policy retains explicit build, coverage, volume and target storage obligations (0.300958ms)
✔ static make commands cannot reload .env.local or inherit target database opt-ins (0.090833ms)
✔ volume retry restarts the complete check only on a closed PostgreSQL transport (0.053792ms)
✔ volume correctness and certificate errors cannot be retried into PASS (0.030167ms)
✔ persistent database transport failure stays failed at the retry limit (0.025ms)
✔ separate assessment snapshot preserves historical manifests and binds its own logs (42.121292ms)
✔ current PRE-01 artifacts satisfy the executable contract (6.306291ms)
✔ missing a page state fails closed (2.038541ms)
✔ invalid story priority fails closed (0.630209ms)
✔ missing traceability row fails closed (1.475375ms)
✔ published operation cannot regress to planned fails closed (1.892958ms)
✔ unknown role fails closed (0.579125ms)
✔ unknown route fails closed (0.592ms)
✔ duplicate story fails closed (0.785625ms)
✔ missing flow stories fails closed (0.757291ms)
✔ missing flow scenarios fails closed (1.445666ms)
✔ unsafe proposal criterion fails closed (1.382042ms)
✔ unknown trace task fails closed (1.584ms)
✔ unauthorized admin grant fails closed (1.190417ms)
✔ missing permission route fails closed (0.780417ms)
✔ phase-one P16 fails closed (0.095792ms)
✔ missing contract owner fails closed (1.313042ms)
✔ empty flow role fails closed (0.684292ms)
✔ empty flow route fails closed (0.676792ms)
✔ state label mismatch fails closed (0.952333ms)
✔ desktop-only story fails closed (0.523916ms)
✔ persistent offline cache fails closed (1.034333ms)
✔ admin domain permission fails closed (0.818ms)
✔ missing page story fails closed (0.548167ms)
✔ cross-page route fails closed (0.501417ms)
✔ current G0 governance preserves history without granting current acceptance (1.6235ms)
✔ past-due G0 item cannot silently remain OPEN (0.768ms)
✔ fabricated G0 acceptance fails against current checkpoint (0.649125ms)
✔ missing G0 leftover owner fails (0.679917ms)
✔ P05 cannot bind metadata download to an untraced audit export operation (2.218875ms)
✔ P21 cannot drop alert ownership from both ledger and trace while retaining the subscription (2.479708ms)
✔ unknown unlabelled operation in API register is rejected (2.12075ms)
✔ P05 quality alerts require C16 ownership on the consumer page (1.88525ms)
✔ API register rejects current version 1.4.0 (1.690833ms)
✔ API register rejects current version 99.99.0 (1.675875ms)
✔ published register row cannot omit API version (1.869459ms)
✔ published register row cannot omit generated mock version (1.825958ms)
✔ all ten historical compatibility strategies cannot be cleared (0.833167ms)
✔ current disposition cannot drop a historical parent (1.132291ms)
✔ current disposition requires effective checkpoint deadline (0.934708ms)
✔ current disposition cannot claim target RELEASE completion (1.017292ms)
✔ current disposition requires nonempty compatibility strategy (0.920958ms)
✔ current disposition presentation must match structured source (1.166042ms)
✔ current deadline cannot defer DEVELOPMENT provider obligations to integration (1.218125ms)
ℹ tests 166
ℹ suites 0
ℹ pass 166
ℹ fail 0
ℹ cancelled 0
ℹ skipped 0
ℹ todo 0
ℹ duration_ms 3363.919125
