Validated 6 pinned Buf plugins and locked generation workflow.
✔ proto generation configuration is pinned and lock-preserving (35.801375ms)
✔ proto generation configuration rejects an unpinned remote plugin (36.201167ms)
✔ proto generation configuration rejects implicit dependency updates (35.763208ms)
ℹ tests 3
ℹ suites 0
ℹ pass 3
ℹ fail 0
ℹ cancelled 0
ℹ skipped 0
ℹ todo 0
ℹ duration_ms 137.936833
Extracted 50 JSON schema documents.
Validated 50 standalone JSON schemas and 11 planned domain schemas.
✔ standalone JSON schema gate passes the complete generated catalog (136.080875ms)
✔ standalone JSON schema gate rejects a missing planned domain schema (47.271166ms)
✔ standalone JSON schema gate rejects an unresolved reference (129.934708ms)
ℹ tests 3
ℹ suites 0
ℹ pass 3
ℹ fail 0
ℹ cancelled 0
ℹ skipped 0
ℹ todo 0
ℹ duration_ms 346.060042
Proto compatibility checked against 090e5c92260f33ad6e4bf858dd667f8876c3059a
Proto checks passed.
