✔ production rejects InMemoryTerminalBackend (363.716ms)
✔ production rejects InMemoryStrategyBackend (1.651833ms)
✔ production rejects InMemoryExecutionBackend (1.073666ms)
✔ production rejects InMemoryOpsBackend (0.96225ms)
✔ production rejects TerminalBackend (1.041375ms)
✔ production rejects StrategyBackend (0.941167ms)
✔ production rejects ExecutionBackend (0.727375ms)
✔ production rejects OpsBackend (0.719166ms)
✔ production rejects createTerminalClient (0.8255ms)
✔ production rejects bypass import * as api from '@sumalpha/api-client'; export const value = api; (1.069125ms)
✔ production rejects bypass export * from '@sumalpha/api-client'; (0.543166ms)
✔ production rejects bypass export { InMemoryOpsBackend as Default } from '@sumalpha/api-client'; (0.58075ms)
✔ production rejects bypass export const value = import('@sumalpha/api-client'); (0.629875ms)
✔ production rejects bypass export const value = require('@sumalpha/api-client'); (0.879917ms)
✔ production rejects bypass import { value } from '../../../../crates/bff/src/db'; export {value}; (0.505875ms)
✔ production rejects bypass import { value } from '../tests/fixtures/backend'; export {value}; (0.4815ms)
✔ production rejects bypass export const value = import(globalThis.name); (0.751458ms)
✔ production rejects bypass import { value } from '@sumalpha/api-client/src/terminal'; export {value}; (0.508167ms)
✔ generated named public client imports are allowed (0.54875ms)
✔ explicit test fixture adapters remain allowed (2.175084ms)
✔ production src cannot hide behind a test-like filename (0.522209ms)
✔ shared frontend wrapper cannot re-export a legacy adapter under an alias (1.386042ms)
✔ production rejects direct database or venue module pg (0.503458ms)
✔ production rejects direct database or venue module postgres (0.50875ms)
✔ production rejects direct database or venue module @supabase/supabase-js (0.716917ms)
✔ production rejects direct database or venue module @prisma/client (0.838125ms)
✔ production rejects direct database or venue module ccxt (0.791459ms)
✔ production rejects direct database or venue module @binance/connector (0.600708ms)
✔ registered Storybook data fixtures remain allowed (1.57175ms)
✔ runtime TerminalClient cannot instantiate a handwritten backend in production (0.508792ms)
✔ type-only legacy migration annotation does not create a production adapter (0.950875ms)
✔ production boundary cannot be bypassed with js (2.397542ms)
✔ production boundary cannot be bypassed with jsx (1.467792ms)
✔ production boundary cannot be bypassed with mjs (0.71ms)
✔ production boundary cannot be bypassed with cjs (1.085792ms)
✔ production boundary cannot be disabled with an inline directive (1.029ms)
✔ production cannot import repository database CLI internals (0.462459ms)
ℹ tests 37
ℹ suites 0
ℹ pass 37
ℹ fail 0
ℹ cancelled 0
ℹ skipped 0
ℹ todo 0
ℹ duration_ms 531.800666
