✔ complete engineering checks retain BLOCKED while scope confirmation is absent (176.878166ms)
✔ strict acceptance rejects pending current user scope (151.0475ms)
✔ G0 rejects missing explicit proto baseline (138.818042ms)
✔ G0 rejects same-head proto baseline (132.402583ms)
✔ G0 rejects fabricated READY (133.148625ms)
✔ G0 rejects historical arbitrary manifest (130.39325ms)
✔ G0 rejects missing actual check (134.255542ms)
✔ G0 rejects duplicate actual check (128.001ms)
✔ G0 rejects failed check (131.709792ms)
✔ G0 rejects unexecuted check (135.506458ms)
✔ G0 rejects wrong command (132.240958ms)
✔ G0 rejects source inventory drift (133.671125ms)
✔ G0 rejects planned scope delivered claim (134.225709ms)
✔ G0 rejects log tampering (129.269916ms)
✔ G0 rejects arbitrary rehashed prose (132.861458ms)
✔ G0 rejects wrong Web build source (130.318208ms)
✔ G0 rejects missing dependency (132.091042ms)
✔ G0 rejects dependency digest drift (133.807791ms)
✔ G0 rejects unready upstream (136.415875ms)
✔ G0 rejects hidden scope residual (130.72925ms)
✔ pending scope cannot incorporate an approval record (102.595458ms)
✔ legacy six-role records cannot grant current confirmation (102.996708ms)
✔ confirmed scope must bind current input digest (98.592708ms)
✔ confirmed scope requires the single user record (104.891291ms)
✔ dependency validation is actually invoked and failures propagate (129.235291ms)
✔ one document-bound current user confirmation replaces all role receipts (96.429417ms)
✔ CI must always validate engineering receipts and G0 negatives (0.08575ms)
✔ G0 rejects normative plan drift during execution before publishing (120.875167ms)
✔ G0 rejects code inventory drift during execution before publishing (128.439167ms)
✔ lifecycle metadata alone does not change normative G0 inputs (125.381916ms)
✔ real BFF baseline CLI matches its required G0 execution marker (83.714542ms)
✔ G0 worktree allows only lifecycle/evidence state "" (0.078042ms)
✔ G0 worktree allows only lifecycle/evidence state " M docs/SumAlpha-QuantOS-Development-Plan.md\n" (0.062375ms)
✔ G0 worktree allows only lifecycle/evidence state "M  docs/SumAlpha-QuantOS-Frontend-Development-Execution-Plan.md\n?? docs/audit/evidence/new/\n" (0.046917ms)
✔ G0 worktree allows only lifecycle/evidence state "?? docs/audit/report.md\n" (0.016167ms)
✔ G0 worktree rejects uncommitted functional input " M scripts/g0-development.mjs\n" (0.080625ms)
✔ G0 worktree rejects uncommitted functional input "M  apps/terminal/src/auth/flow.ts\n" (0.048875ms)
✔ G0 worktree rejects uncommitted functional input "?? bff/new.yaml\n" (0.034708ms)
✔ G0 worktree rejects uncommitted functional input "R  docs/audit/a.md -> scripts/backdoor.mjs\n" (0.026875ms)
✔ user-confirmed scope includes the normative G0 plan and excludes lifecycle metadata (117.030334ms)
✔ confirmation-only finalization refuses an absent user reply and cannot bless changed engineering inputs (134.638416ms)
✔ document-bound user reply finalizes the unchanged engineering checks without fabricating new execution (134.764458ms)
✔ one current user confirmation validates all documented review dimensions (2.095ms)
✔ user confirmation rejects assistant self-approval (0.617375ms)
✔ user confirmation rejects unconfirmed draft (0.159375ms)
✔ user confirmation rejects workflow instruction alone (0.153625ms)
✔ user confirmation rejects missing user message (0.711917ms)
✔ user confirmation rejects missing identity (0.145458ms)
✔ user confirmation rejects old historical confirmation (0.122209ms)
✔ user confirmation rejects future confirmation (0.120666ms)
✔ user confirmation rejects wrong node (0.384542ms)
✔ user confirmation rejects wrong stage (0.232875ms)
✔ user confirmation rejects wrong input digest (0.162375ms)
✔ user confirmation rejects wrong draft path (0.104875ms)
✔ user confirmation rejects parent traversal (0.093291ms)
✔ user confirmation rejects wrong document hash (0.100833ms)
✔ changed original user record is rejected even with unchanged scope (0.088375ms)
✔ rehashing a draft cannot authorize a different scope (0.168917ms)
✔ draft must retain every review dimension even with updated document hash (0.126625ms)
ℹ tests 59
ℹ suites 0
ℹ pass 59
ℹ fail 0
ℹ cancelled 0
ℹ skipped 0
ℹ todo 0
ℹ duration_ms 4259.252334
