✔ current PRE-01 artifacts satisfy the executable contract (5.243208ms)
✔ missing a page state fails closed (1.886875ms)
✔ invalid story priority fails closed (0.571792ms)
✔ missing traceability row fails closed (1.347708ms)
✔ published operation cannot regress to planned fails closed (1.726291ms)
✔ unknown role fails closed (0.482833ms)
✔ unknown route fails closed (0.521458ms)
✔ duplicate story fails closed (0.542625ms)
✔ missing flow stories fails closed (0.609667ms)
✔ missing flow scenarios fails closed (1.22625ms)
✔ unsafe proposal criterion fails closed (1.466583ms)
✔ unknown trace task fails closed (1.440708ms)
✔ unauthorized admin grant fails closed (1.099667ms)
✔ missing permission route fails closed (0.643042ms)
✔ phase-one P16 fails closed (0.087542ms)
✔ missing contract owner fails closed (1.092ms)
✔ empty flow role fails closed (0.600042ms)
✔ empty flow route fails closed (0.628458ms)
✔ state label mismatch fails closed (0.842208ms)
✔ desktop-only story fails closed (0.478709ms)
✔ persistent offline cache fails closed (0.950834ms)
✔ admin domain permission fails closed (0.795917ms)
✔ missing page story fails closed (0.485209ms)
✔ cross-page route fails closed (0.533666ms)
✔ current G0 governance preserves history without granting current acceptance (1.575042ms)
✔ past-due G0 item cannot silently remain OPEN (0.6565ms)
✔ fabricated G0 acceptance fails against current checkpoint (0.589375ms)
✔ missing G0 leftover owner fails (0.562708ms)
✔ P05 cannot bind metadata download to an untraced audit export operation (2.04ms)
✔ P21 cannot drop alert ownership from both ledger and trace while retaining the subscription (2.353417ms)
✔ unknown unlabelled operation in API register is rejected (1.676083ms)
✔ P05 quality alerts require C16 ownership on the consumer page (1.508625ms)
✔ API register rejects current version 1.4.0 (1.430584ms)
✔ API register rejects current version 99.99.0 (1.431583ms)
✔ published register row cannot omit API version (1.623958ms)
✔ published register row cannot omit generated mock version (1.4905ms)
✔ all ten historical compatibility strategies cannot be cleared (0.796958ms)
✔ current disposition cannot drop a historical parent (0.956208ms)
✔ current disposition requires effective checkpoint deadline (0.783917ms)
✔ current disposition cannot claim target RELEASE completion (0.869416ms)
✔ current disposition requires nonempty compatibility strategy (1.003666ms)
✔ current disposition presentation must match structured source (0.870875ms)
✔ current deadline cannot defer DEVELOPMENT provider obligations to integration (0.909083ms)
ℹ tests 43
ℹ suites 0
ℹ pass 43
ℹ fail 0
ℹ cancelled 0
ℹ skipped 0
ℹ todo 0
ℹ duration_ms 144.076292
