Validated 6 pinned Buf plugins and locked generation workflow.
✔ proto generation configuration is pinned and lock-preserving (39.620333ms)
✔ proto generation configuration rejects an unpinned remote plugin (36.9ms)
✔ proto generation configuration rejects implicit dependency updates (36.990792ms)
ℹ tests 3
ℹ suites 0
ℹ pass 3
ℹ fail 0
ℹ cancelled 0
ℹ skipped 0
ℹ todo 0
ℹ duration_ms 144.942916
Extracted 50 JSON schema documents.
Validated 50 standalone JSON schemas and 11 planned domain schemas.
✔ standalone JSON schema gate passes the complete generated catalog (139.691167ms)
✔ standalone JSON schema gate rejects a missing planned domain schema (50.073833ms)
✔ standalone JSON schema gate rejects an unresolved reference (135.577ms)
ℹ tests 3
ℹ suites 0
ℹ pass 3
ℹ fail 0
ℹ cancelled 0
ℹ skipped 0
ℹ todo 0
ℹ duration_ms 361.420334
Proto compatibility checked against 095a4b3d07ede4c05326c2b90b86ea0b7fdbb44a
Proto checks passed.
