Would reformat: engines/engine-sdk/sdk_src/quantos_engine_sdk/grpc.py
Would reformat: engines/engine-sdk/sdk_src/quantos_engine_sdk/observability.py
Would reformat: engines/mock-engine/src/mock_engine/service.py
Would reformat: engines/openbb-adapter/src/openbb_adapter/adapter.py
Would reformat: engines/openbb-adapter/src/openbb_adapter/providers.py
Would reformat: engines/openbb-adapter/src/openbb_adapter/service.py
Would reformat: engines/strategy-lab/src/strategy_lab/service.py
Would reformat: engines/tests/engine_contract_harness.py
Would reformat: engines/tests/test_engine_contract.py
Would reformat: engines/tests/test_mock_engine_recovery.py
Would reformat: engines/tests/test_openbb_adapter_contract.py
Would reformat: engines/tests/test_protocol_metadata_completeness.py
Would reformat: engines/tests/test_strategy_lab_contract.py
Would reformat: engines/tests/test_tp08_qlib_mapping_samples.py
Would reformat: engines/tests/test_tp09_trendradar_mapping_samples.py
Would reformat: engines/tests/test_tp10_valuecell_evaluation.py
Would reformat: engines/tests/test_tp11_openstock_fixtures.py
Would reformat: engines/tests/test_tp12_nautilus_agents_rules.py
Would reformat: engines/tests/test_vibe_adapter_contract.py
Would reformat: engines/vibe-adapter/src/vibe_adapter/fixtures.py
20 files would be reformatted, 65 files already formatted
