✔ current BFF-FE-001 repository Gate passes (8.727792ms)
✔ CSRF deletion is rejected (6.196458ms)
✔ bearer session regression is rejected (5.428166ms)
✔ recent-auth deletion is rejected (4.541083ms)
✔ idempotency deletion is rejected (5.183208ms)
✔ last-factor protection deletion is rejected (3.901625ms)
✔ resource-hiding 404 deletion is rejected (4.239583ms)
✔ revocation replay deletion is rejected (3.852667ms)
✔ security audit reference deletion is rejected (4.181583ms)
✔ dependency regression is rejected (2.692125ms)
✔ provider changes invalidate executed evidence (2.556042ms)
✔ providerTests changes invalidate executed evidence (2.705583ms)
✔ authClient changes invalidate executed evidence (3.058333ms)
✔ settingsClient changes invalidate executed evidence (2.720875ms)
✔ liveProvider changes invalidate executed evidence (3.094416ms)
✔ frontendWorkflow commands in comments do not count as CI (3.075333ms)
✔ ciWorkflow commands in comments do not count as CI (3.1655ms)
✔ disabled CI steps cannot satisfy the Gate (2.940625ms)
✔ outdated inventory cannot satisfy the active evidence Gate (2.69025ms)
✔ commented Make recipes do not satisfy executable wiring (2.936334ms)
✔ no semantic receipt cannot satisfy the Gate (2.659291ms)
✔ deleted active evidence cannot satisfy the Gate (2.69275ms)
ℹ tests 22
ℹ suites 0
ℹ pass 22
ℹ fail 0
ℹ cancelled 0
ℹ skipped 0
ℹ todo 0
ℹ duration_ms 198.689708
