✔ joint schedule is acyclic and preserves task/status boundaries (12.029792ms)
✔ restoring a complete R1 prerequisite for S2 services creates a rejected cycle (6.099333ms)
✔ research service waiting on its consumer page is rejected (5.197916ms)
✔ historical CORE:R04 to CORE:L04 probe now fails closed (4.94325ms)
✔ an early identity API cannot silently depend on later research services (6.673958ms)
✔ a provider cannot wait for the consumer frontend Gate (4.777917ms)
✔ removing S2 service admission from a core execution task is rejected (5.480125ms)
✔ S2 service Gate cannot omit TP12 advance evaluation (5.48375ms)
✔ I10 cannot drop testnet service admission even if metadata is edited with it (5.936292ms)
✔ a new or existing frontend cannot skip the full provider Gate (6.469875ms)
✔ G5 cannot be marked as closing in I4 before reconciliation (5.701375ms)
✔ moving the G1 block above I1 tasks is rejected (5.504625ms)
✔ milestone cannot omit its last child while retaining a Gate summary (5.930833ms)
✔ prose-only backend dependencies cannot drift from structured prerequisites (5.932167ms)
✔ core closure mapping cannot become an implicit service alias (5.879792ms)
✔ ACCEPTED checkpoint needs SHA and evidence, not only a green word (6.281125ms)
✔ accepted checkpoint evidence must resolve (3.049ms)
✔ missing checkpoint and unknown dependency fail closed (7.604791ms)
✔ API windows cannot skip their preceding provider checkpoint (5.242458ms)
✔ UI windows cannot skip the preceding reconciliation window (5.606333ms)
✔ Web intake preserves the explicit no-model-review schema (1.370459ms)
✔ missing Web task fields still fail closed (1.35175ms)
✔ both plans must publish exactly the same stage contract (6.076917ms)
✔ changing both plans cannot defer correctness or functional deadlines to release (14.842083ms)
✔ both plans must retain every deferred release obligation (16.450542ms)
✔ tasks and checkpoints cannot omit, invent, or misclassify their stage gate (21.018292ms)
✔ release prerequisites cannot block either development or integration (13.413292ms)
✔ release gates cannot skip business closure or inherit the wrong stage (15.101625ms)
✔ historical ACCEPTED and completed tasks do not automatically become READY (6.353833ms)
✔ READY needs its own input digest and resolvable evidence (33.949833ms)
✔ unassessed stage gates cannot carry an apparent ready receipt (8.110375ms)
✔ BLOCKED retains failure evidence and digest without being counted as READY (10.937541ms)
✔ a READY chain needs READY prerequisites and its own evidence at every node (16.972916ms)
✔ stage readiness never substitutes for formal acceptance evidence (3.320667ms)
✔ release READY requires formal acceptance and all functional prerequisites (9.77425ms)
ℹ tests 35
ℹ suites 0
ℹ pass 35
ℹ fail 0
ℹ cancelled 0
ℹ skipped 0
ℹ todo 0
ℹ duration_ms 343.164208
