✔ complete current evidence passes with all dependencies checked (72.781667ms)
✔ own failure is rejected (71.720833ms)
✔ residual defect is rejected (62.785375ms)
✔ stale code is rejected (75.921125ms)
✔ upstream not READY is rejected (74.956917ms)
✔ upstream digest changed is rejected (83.469041ms)
✔ recursive upstream failure is rejected (69.486167ms)
✔ evidence tampered is rejected (67.543875ms)
✔ target assertion missing is rejected (66.831ms)
✔ cleanup unverified is rejected (73.282416ms)
✔ live policy mutant survives is rejected (88.294458ms)
✔ live semantic test omitted is rejected (81.106791ms)
✔ target source stale is rejected (82.709625ms)
✔ audit trace absent is rejected (62.932458ms)
ℹ tests 14
ℹ suites 0
ℹ pass 14
ℹ fail 0
ℹ cancelled 0
ℹ skipped 0
ℹ todo 0
ℹ duration_ms 1080.98075
