✔ development COMPLETED does not accept the current F06 review (1.282125ms)
✔ ACCEPTED with any open finding remains blocked (0.190583ms)
✔ all closed findings require a same-SHA complete receipt (1.036917ms)
✔ missing or duplicate review markers fail closed (0.168292ms)
✔ archived closure records must be present, complete and unique (0.31025ms)
✔ duplicate F06 task or engineering summaries fail closed (0.237459ms)
✔ command entrypoint retains initial failure, then executes SQL once with verified TLS (1.774709ms)
✔ transport closure after first SQL never reconnects or replays the statement (0.218042ms)
✔ persistent initial closure fails after three closed clients without any SQL (0.199209ms)
✔ authentication initial failure is not retried (0.174792ms)
✔ permission initial failure is not retried (0.158375ms)
✔ TLS initial failure is not retried (0.117375ms)
✔ default and bounded remote development transport budgets (0.358208ms)
✔ unbounded, fractional and malformed budgets fail closed (0.125208ms)
✔ two closed initial connections are retained, closed, then the third succeeds before any statement (0.839417ms)
✔ persistent closure fails after three and retains every failure (1.059125ms)
✔ auth bootstrap failure never retries (0.13525ms)
✔ permission bootstrap failure never retries (0.100542ms)
✔ TLS bootstrap failure never retries (0.068125ms)
✔ cancel bootstrap failure never retries (0.057625ms)
✔ unknown bootstrap failure never retries (0.062292ms)
✔ initial transport timeout retries but a later query error never reconnects (0.107625ms)
✔ failure to close an initial connection prevents retry (0.100292ms)
✔ budget cannot exceed three (0.22975ms)
✔ acceptance rejects missing, unfinished, reordered, semantic or unclosed attempts (3.472334ms)
✔ evidence-save failure closes the connected client and never reconnects (0.177292ms)
✔ initialization after the old 20s loop can pass only with an exact readiness response (1.824167ms)
✔ a never-ready service exhausts one bounded wall-clock budget (2.1475ms)
✔ response after deadline cannot grant readiness (0.132875ms)
✔ exited or killed services fail without waiting or probing (0.191917ms)
✔ connection failures and wrong successful HTTP status cannot pass (3.528416ms)
✔ invalid or unbounded startup budgets reject (0.141334ms)
✔ process exit during a successful probe cannot grant readiness (0.07125ms)
ℹ tests 33
ℹ suites 0
ℹ pass 33
ℹ fail 0
ℹ cancelled 0
ℹ skipped 0
ℹ todo 0
ℹ duration_ms 61.242375
