✔ valid source and execution-bound dependency chain is READY without release signatures (44.301375ms)
✔ missing required execution (36.975708ms)
✔ failed execution (36.183625ms)
✔ wrong actual command (33.266666ms)
✔ unresolved issue (27.85075ms)
✔ wrong node (26.965666ms)
✔ missing source inventory (35.289417ms)
✔ plan scope changed (26.89175ms)
✔ outside log path (32.921333ms)
✔ wrong log digest (31.697584ms)
✔ missing dependency (36.375625ms)
✔ dependency digest substituted (32.705209ms)
✔ tampered manifest bytes are rejected (26.279125ms)
✔ changed source content is rejected despite unchanged gate digest (30.585209ms)
✔ dependency must independently be READY (30.762709ms)
✔ arbitrary log cannot masquerade as successful execution (33.128959ms)
✔ input file symlink cannot escape the repository (32.958125ms)
✔ database execution cannot be inferred from a normal local PASS (42.518334ms)
✔ Supabase target receipt verifies each compressed execution log (38.633875ms)
✔ source drift during execution invalidates the original input snapshot (48.826916ms)
✔ requirement drift during execution invalidates the original input snapshot (57.038209ms)
✔ controlled public development profile overrides stale values and preserves server inputs (0.157833ms)
✔ private credentials cannot be injected through a public development profile (0.119583ms)
✔ transient Auth 503 can retry only a complete target execution (0.123208ms)
✔ persistent target timeout never becomes PASS and stops at its budget (0.143291ms)
✔ semantic target failures stop without retry or PASS (0.0905ms)
✔ target retry budget cannot be unbounded (0.275208ms)
✔ configured target retries require explicit attempt outcomes in the receipt (37.389292ms)
✔ three successful full builds bind output inventories (0.414125ms)
✔ reproducibility rejects only two builds (0.178625ms)
✔ reproducibility rejects missing Python build (0.17375ms)
✔ reproducibility rejects failed command (0.14075ms)
✔ reproducibility rejects different output digest (0.08975ms)
✔ reproducibility rejects substituted inventory (0.0695ms)
✔ reproducibility rejects dirty source (0.0595ms)
✔ reproducibility rejects old source (0.061208ms)
✔ development policy retains explicit build, coverage, volume and target storage obligations (0.343042ms)
✔ static make commands cannot reload .env.local or inherit target database opt-ins (0.080083ms)
✔ volume retry restarts the complete check only on a closed PostgreSQL transport (0.0515ms)
✔ volume correctness and certificate errors cannot be retried into PASS (0.028708ms)
✔ persistent database transport failure stays failed at the retry limit (0.0275ms)
✔ separate assessment snapshot preserves historical manifests and binds its own logs (41.724875ms)
✔ third-party Git link binds the actual clean checkout and rejects dirty/advanced source (180.739458ms)
✔ transient read-only preflight connection closure retries the complete target (0.1165ms)
✔ preflight permission and role failures are not transport retries (0.068ms)
✔ persistent preflight closure exhausts three attempts without PASS (0.063209ms)
ℹ tests 46
ℹ suites 0
ℹ pass 46
ℹ fail 0
ℹ cancelled 0
ℹ skipped 0
ℹ todo 0
ℹ duration_ms 1058.495833
