✔ formal gate rejects zero, one, two and noninteger runs (0.35725ms)
✔ all binaries participate in digest and omitted binary fails (3.17575ms)
✔ extra binary, missing wheel and stale/empty Web cannot pass output inventory (2.604167ms)
✔ manifest inventory cannot omit or add members (0.060459ms)
✔ dirty and untracked source rejected (56.036583ms)
✔ deleted module README is rejected (2.50875ms)
✔ wrong uv version fails toolchain preflight (16.444375ms)
✔ invalid locks fail real lock entrypoint (56.046792ms)
✔ Terminal default lint rejects a page TSX violation (913.819458ms)
✔ invalid run revokes old successful receipt (24.836917ms)
✔ Cargo manifest drift is rejected by actual lock gate (561.814917ms)
✔ uv manifest drift is rejected by actual lock gate (606.343208ms)
✔ pnpm manifest drift is rejected by actual lock gate (838.91375ms)
✔ malformed Buf lock is rejected by actual lock gate (647.018875ms)
✔ broken Desktop is outside phase-one pnpm frozen check (300.837709ms)
✔ uv output marker is metadata, other unexpected files still fail (2.153916ms)
✔ build-only tool is required in output inventory without becoming a runtime binary (2.021083ms)
✔ pnpm frozen check rejects missing or changed patch bytes (639.182167ms)
✔ pnpm patch cannot read outside the repository (143.341083ms)
ℹ tests 19
ℹ suites 0
ℹ pass 19
ℹ fail 0
ℹ cancelled 0
ℹ skipped 0
ℹ todo 0
ℹ duration_ms 4850.890417
