node --test scripts/f02-gate-negative.mjs scripts/f02-a11-gate-negative.mjs scripts/playwright-git-history.test.mjs scripts/storage-fixture.test.cjs
✔ complete Linux matrix passes; deletion and pixel tampering fail (390.720958ms)
✔ acceptance never updates snapshots or skips missing snapshots (0.8865ms)
✔ only main signing and verification jobs receive the signing environment (10.107416ms)
✔ signing policy rejects missing protection, wildcards, tags and extra branches (0.189208ms)
✔ candidate import rejects tampering and stale source before writing, then imports the reviewed matrix (370.475625ms)
✔ required download check rejects skipped or failed event-specific verification (21.137042ms)
✔ PR receipts bind the checked out head while main signing stays on the event SHA (3.332417ms)
Verified 2 release files for aaaaaaaaaaaaaaaaaaaaaaaaaaaaaaaaaaaaaaaa
Verified 2 release files for aaaaaaaaaaaaaaaaaaaaaaaaaaaaaaaaaaaaaaaa
✔ real Gitleaks positive control and GitHub/Slack leaks (1612.735916ms)
✔ historical digest exceptions do not waive fresh credentials in audit JSON (1126.595958ms)
✔ RLS baseline rejects policy deletion and late disabling with recovery (189.410167ms)
✔ RLS preflight recognizes the actual ten-table A2 migration and rejects incomplete loops (137.795916ms)
✔ RLS preflight expands audit export permissions without treating grants as RLS (132.367834ms)
✔ RLS literal loops preserve late disabling, NO FORCE and policy deletion (135.703709ms)
✔ RLS preflight cannot count conditional loops, comments, literals or function bodies as execution (161.191209ms)
✔ quoted SQL examples inside expanded policy expressions cannot enable RLS (22.599791ms)
✔ migration filename control, rejection and recovery (14.486708ms)
✔ waivers only authorize exact advisory/ecosystem/package/version before expiry (1.102333ms)
✔ license expression policy does not globally allow LGPL or unknown licenses (0.36625ms)
✔ release binds complete payload and SBOM to source; rejects corruption and build-only native files (3.067917ms)
✔ Buf compares against distinct historical source and detects removed fields (627.329458ms)
✔ SCA scanner adapter consumes exact waivers and never waives scanner failures (1106.655042ms)
✔ Playwright PR reporting preserves complete history for downstream security scans (1650.003042ms)
✔ all bucket migration INSERT columns exist in the shared CI fixture (0.352ms)
﹣ PostgreSQL compiles bucket migrations and preserves private export limits (0.041709ms) # SKIP
ℹ tests 24
ℹ suites 0
ℹ pass 23
ℹ fail 0
ℹ cancelled 0
ℹ skipped 1
ℹ todo 0
ℹ duration_ms 5315.006541
