node --test scripts/tests/glib-backport.test.mjs scripts/braces-backport.test.mjs
✔ installed backport rejects nested strings and supplied/cyclic AST while preserving regular globs (6.197208ms)
✔ missing resolver selection fails closed (2.230958ms)
✔ changed patch bytes fail closed (1.764541ms)
✔ unpatched lock consumer fails closed (2.033ms)
✔ changed installed implementation fails closed (4.826875ms)
✔ backport decision applies to one exact advisory/package/version and never other vulnerabilities (2.086ms)
✔ GLib backport rejects source rollback, missing files, and registry fallback (41.358542ms)
✔ optimized GLib iterator preserves a C variadic out-pointer for all five affected methods (698.943792ms)
✔ Desktop SCA invokes its independent manifest and rejects scanner failures or unwaived findings (894.162667ms)
ℹ tests 9
ℹ suites 0
ℹ pass 9
ℹ fail 0
ℹ cancelled 0
ℹ skipped 0
ℹ todo 0
ℹ duration_ms 1668.3245
node scripts/check-sca.mjs
{
  "status": "PASS",
  "passed": true,
  "scope": "all runtime, dev, build and security dependencies; includes independent Desktop Rust lock",
  "source": "40e11b819da14608893b0fad9ad4c4df299da5f3",
  "dirty": true,
  "lockDigests": {
    "Cargo.lock": "0ac5c7c1bfe056acce9d0cc6154963c03a8e67b3dd64b36f6f7c86462a0f836d",
    "pnpm-lock.yaml": "5e64ea8d5c6adc3d47d6233d46ed96b67bda0d1817b985a931c3c8be4c3fe0a9",
    "engines/uv.lock": "8f9e8ce7f28710653ab72ac5b18d5db93d2ebf21beaf304e5409be71e5fa2a58",
    "apps/terminal-desktop/src-tauri/Cargo.lock": "be99df0c1e077f33775578b59d56f8fb2f0bc0f81d4fa138164233ef321eef17"
  },
  "startedAt": "2026-10-08T06:12:51.153Z",
  "scanners": {
    "npm": {
      "status": "PASS",
      "findings": [
        {
          "ecosystem": "npm",
          "id": "GHSA-vfj7-8cjw-p6xm",
          "package": "braces",
          "version": "3.0.3",
          "severity": "high",
          "waived": false,
          "backportVerified": true
        }
      ]
    },
    "pypi": {
      "status": "PASS",
      "findings": []
    },
    "cargo": {
      "status": "PASS",
      "findings": []
    },
    "cargo-desktop": {
      "status": "PASS",
      "findings": [],
      "maintenanceWarnings": [
        {
          "id": "RUSTSEC-2024-0370",
          "package": "proc-macro-error",
          "version": "1.0.4",
          "kind": "unmaintained"
        },
        {
          "id": "RUSTSEC-2025-0081",
          "package": "unic-char-property",
          "version": "0.9.0",
          "kind": "unmaintained"
        },
        {
          "id": "RUSTSEC-2025-0075",
          "package": "unic-char-range",
          "version": "0.9.0",
          "kind": "unmaintained"
        },
        {
          "id": "RUSTSEC-2025-0080",
          "package": "unic-common",
          "version": "0.9.0",
          "kind": "unmaintained"
        },
        {
          "id": "RUSTSEC-2025-0100",
          "package": "unic-ucd-ident",
          "version": "0.9.0",
          "kind": "unmaintained"
        },
        {
          "id": "RUSTSEC-2025-0098",
          "package": "unic-ucd-version",
          "version": "0.9.0",
          "kind": "unmaintained"
        }
      ]
    }
  },
  "bracesBackport": {
    "advisory": "GHSA-vfj7-8cjw-p6xm",
    "package": "braces",
    "version": "3.0.3",
    "status": "BACKPORT_VERIFIED",
    "upstreamPatchedVersion": null,
    "patchSha256": "42bc2b75ecce13c9e695565d1b5dc53f733add034542c2e13f57db4cceeb9b87",
    "files": 10,
    "tests": {
      "stringCases": 18,
      "astCases": 6,
      "compatibilityCases": 5
    }
  },
  "glibBackport": {
    "advisory": "RUSTSEC-2024-0429",
    "status": "BACKPORT_VERIFIED",
    "upstreamFix": "https://github.com/gtk-rs/gtk-rs-core/pull/1343",
    "files": 120
  },
  "completedAt": "2026-10-08T06:13:19.799Z"
}
