✔ development COMPLETED does not accept the current F06 review (0.712583ms)
✔ ACCEPTED with any open finding remains blocked (0.154667ms)
✔ all closed findings require a same-SHA complete receipt (0.891417ms)
✔ missing or duplicate review markers fail closed (0.145625ms)
✔ archived closure records must be present, complete and unique (0.288084ms)
✔ duplicate F06 task or engineering summaries fail closed (0.20725ms)
✔ default and bounded remote development transport budgets (0.330875ms)
✔ unbounded, fractional and malformed budgets fail closed (0.148959ms)
✔ initialization after the old 20s loop can pass only with an exact readiness response (1.539708ms)
✔ a never-ready service exhausts one bounded wall-clock budget (1.329291ms)
✔ response after deadline cannot grant readiness (0.09625ms)
✔ exited or killed services fail without waiting or probing (0.090042ms)
✔ connection failures and wrong successful HTTP status cannot pass (2.2605ms)
✔ invalid or unbounded startup budgets reject (0.121666ms)
✔ process exit during a successful probe cannot grant readiness (0.065125ms)
ℹ tests 15
ℹ suites 0
ℹ pass 15
ℹ fail 0
ℹ cancelled 0
ℹ skipped 0
ℹ todo 0
ℹ duration_ms 39.310833
