✔ all eight independently content-bound dependencies admit DEVELOPMENT only (23.788042ms)
✔ engineering aggregation preserves the sole pending user confirmation (14.510417ms)
✔ milestone rejects missing F0 (13.897791ms)
✔ milestone rejects missing PRE (14.3165ms)
✔ milestone rejects duplicate dependency (13.703333ms)
✔ milestone rejects unready F0 (13.159541ms)
✔ milestone rejects manifest bytes replaced (12.734917ms)
✔ milestone rejects digest substituted (12.012875ms)
✔ milestone rejects dependency path substituted (12.532ms)
✔ milestone rejects dependency verdict substituted (12.980125ms)
✔ milestone rejects self manifest schema (14.221792ms)
✔ milestone rejects normative change (13.949375ms)
✔ milestone rejects source input change (13.307458ms)
✔ milestone rejects unexecuted check (13.386167ms)
✔ milestone rejects missing execution time (12.568917ms)
✔ milestone rejects missing required check (12.534ms)
✔ milestone rejects duplicate check (12.237167ms)
✔ milestone rejects wrong command (12.766333ms)
✔ milestone rejects log tampering (12.385542ms)
✔ milestone rejects rehashed prose (12.550375ms)
✔ milestone rejects external log path (12.282542ms)
✔ milestone rejects false formal acceptance (12.19475ms)
✔ milestone rejects aggregate claims database run (12.601166ms)
✔ milestone rejects hidden exclusions (12.482834ms)
✔ milestone rejects unresolved functional finding (12.583417ms)
✔ dependency validator is invoked and errors propagate (12.256875ms)
✔ fake READY cannot hide changed G0 scope (12.146375ms)
✔ arbitrary existing markdown cannot serve as a milestone receipt (0.096208ms)
✔ own arbitrary digest is rejected independently of dependency status (0.066083ms)
✔ F0 policy contains the six missing nodes and all eleven obligations (12.735042ms)
✔ production schema drift comparator rejects tables (0.144958ms)
✔ production schema drift comparator rejects columns (0.055ms)
✔ production schema drift comparator rejects constraints (0.043083ms)
✔ production schema drift comparator rejects indexes (0.049125ms)
✔ production schema drift comparator rejects policies (0.043583ms)
✔ production schema drift comparator rejects routines (0.0295ms)
✔ production schema drift comparator rejects triggers (0.040833ms)
✔ 100-task recovery evidence cannot use 10-task diagnostic or accept P95 (1.022375ms)
✔ CI validates milestone disposition and preserves strict admission and negatives (5.044792ms)
ℹ tests 39
ℹ suites 0
ℹ pass 39
ℹ fail 0
ℹ cancelled 0
ℹ skipped 0
ℹ todo 0
ℹ duration_ms 439.494167
