
> @sumalpha/quantos@ test:development-plans /Users/anray/Documents/project/SumAlpha/QuantOS
> node --test scripts/development-plan-order-negative.mjs

✔ joint schedule is acyclic and preserves task/status boundaries (18.2825ms)
✔ restoring a complete R1 prerequisite for S2 services creates a rejected cycle (5.563708ms)
✔ research service waiting on its consumer page is rejected (4.951791ms)
✔ historical CORE:R04 to CORE:L04 probe now fails closed (5.041ms)
✔ an early identity API cannot silently depend on later research services (6.33525ms)
✔ a provider cannot wait for the consumer frontend Gate (4.692417ms)
✔ removing S2 service admission from a core execution task is rejected (5.131834ms)
✔ S2 service Gate cannot omit TP12 advance evaluation (5.339417ms)
✔ I10 cannot drop testnet service admission even if metadata is edited with it (5.79625ms)
✔ a new or existing frontend cannot skip the full provider Gate (6.102292ms)
✔ G5 cannot be marked as closing in I4 before reconciliation (5.829375ms)
✔ moving the G1 block above I1 tasks is rejected (5.689333ms)
✔ milestone cannot omit its last child while retaining a Gate summary (5.693167ms)
✔ prose-only backend dependencies cannot drift from structured prerequisites (5.719375ms)
✔ core closure mapping cannot become an implicit service alias (5.253ms)
✔ ACCEPTED checkpoint needs SHA and evidence, not only a green word (5.712416ms)
✔ accepted checkpoint evidence must resolve (3.022ms)
✔ missing checkpoint and unknown dependency fail closed (7.002292ms)
✔ API windows cannot skip their preceding provider checkpoint (5.24625ms)
✔ UI windows cannot skip the preceding reconciliation window (5.545583ms)
✔ Web intake preserves the explicit no-model-review schema (1.584ms)
✔ missing Web task fields still fail closed (1.525542ms)
✔ both plans must publish exactly the same stage contract (5.98875ms)
✔ changing both plans cannot defer correctness or functional deadlines to release (15.150583ms)
✔ both plans must retain every deferred release obligation (14.91775ms)
✔ tasks and checkpoints cannot omit, invent, or misclassify their stage gate (21.178542ms)
✔ release prerequisites cannot block either development or integration (12.640125ms)
✔ release gates cannot skip business closure or inherit the wrong stage (14.287166ms)
✔ historical ACCEPTED and completed tasks do not automatically become READY (11.186625ms)
✔ READY needs its own input digest and resolvable evidence (37.813209ms)
✔ unassessed stage gates cannot carry an apparent ready receipt (7.353041ms)
✔ BLOCKED retains failure evidence and digest without being counted as READY (16.267333ms)
✔ a READY chain needs READY prerequisites and its own evidence at every node (20.465084ms)
✔ stage readiness never substitutes for formal acceptance evidence (3.096292ms)
✔ release READY requires formal acceptance and all functional prerequisites (9.449334ms)
✔ core intake follows the frontend audit-report format (6.986458ms)
✔ core review summary must be unique and link to audit evidence (8.577292ms)
✔ core shared task fields and existing window must stay consistent (16.082ms)
ℹ tests 38
ℹ suites 0
ℹ pass 38
ℹ fail 0
ℹ cancelled 0
ℹ skipped 0
ℹ todo 0
ℹ duration_ms 390.352333
