Validated 6 pinned Buf plugins and locked generation workflow.
✔ proto generation configuration is pinned and lock-preserving (36.294042ms)
✔ proto generation configuration rejects an unpinned remote plugin (34.732458ms)
✔ proto generation configuration rejects implicit dependency updates (34.916917ms)
ℹ tests 3
ℹ suites 0
ℹ pass 3
ℹ fail 0
ℹ cancelled 0
ℹ skipped 0
ℹ todo 0
ℹ duration_ms 135.773167
Extracted 50 JSON schema documents.
Validated 50 standalone JSON schemas and 11 planned domain schemas.
✔ standalone JSON schema gate passes the complete generated catalog (135.662417ms)
✔ standalone JSON schema gate rejects a missing planned domain schema (45.441708ms)
✔ standalone JSON schema gate rejects an unresolved reference (131.623584ms)
ℹ tests 3
ℹ suites 0
ℹ pass 3
ℹ fail 0
ℹ cancelled 0
ℹ skipped 0
ℹ todo 0
ℹ duration_ms 346.405209
Proto compatibility checked against c8aa8f830261285704b4e40ae3c85191cb40b40b
Proto checks passed.
