✔ Auth timeout is retained before bounded successful retry (0.499292ms)
✔ persistent login timeout remains failure after exactly three attempts (0.709416ms)
✔ Auth denial, invalid body and explicit cancellation never retry (0.15425ms)
✔ known closed login transport can retry without recording credential text (0.115959ms)
✔ login budget cannot be extended beyond three attempts (0.323917ms)
✔ only retained transport failures can precede actual login PASS (0.187958ms)
✔ missing, excessive and unfinished Auth attempts cannot establish acceptance (2.660791ms)
✔ actual-service receipt requires owned actor, confirmed session retirement and reaped PIDs (4.37175ms)
✔ F07 rejects active actor (0.637792ms)
✔ F07 rejects foreign actor (0.591458ms)
✔ F07 rejects foreign tenant (0.5265ms)
✔ F07 rejects no service cleanup (0.486792ms)
✔ F07 rejects reused PID (0.513833ms)
✔ F07 rejects unconfirmed logout (0.444541ms)
✔ F07 rejects missing logout (0.441208ms)
✔ F07 rejects cleanup failure (0.509666ms)
✔ F07 rejects cleanup after receipt (0.459417ms)
✔ valid source and execution-bound dependency chain is READY without release signatures (44.471709ms)
✔ missing required execution (33.524792ms)
✔ failed execution (32.58625ms)
✔ wrong actual command (32.666792ms)
✔ unresolved issue (26.922791ms)
✔ wrong node (26.440583ms)
✔ missing source inventory (30.278666ms)
✔ plan scope changed (24.312625ms)
✔ outside log path (26.222459ms)
✔ wrong log digest (27.127542ms)
✔ missing dependency (26.320125ms)
✔ dependency digest substituted (27.456541ms)
✔ tampered manifest bytes are rejected (21.305208ms)
✔ changed source content is rejected despite unchanged gate digest (26.390417ms)
✔ dependency must independently be READY (27.705958ms)
✔ arbitrary log cannot masquerade as successful execution (27.424375ms)
✔ input file symlink cannot escape the repository (27.813917ms)
✔ database execution cannot be inferred from a normal local PASS (32.555333ms)
✔ Supabase target receipt verifies each compressed execution log (31.511208ms)
✔ source drift during execution invalidates the original input snapshot (43.060292ms)
✔ requirement drift during execution invalidates the original input snapshot (43.856167ms)
✔ controlled public development profile overrides stale values and preserves server inputs (0.147292ms)
✔ private credentials cannot be injected through a public development profile (0.103333ms)
✔ transient Auth 503 can retry only a complete target execution (0.11125ms)
✔ persistent target timeout never becomes PASS and stops at its budget (0.08125ms)
✔ semantic target failures stop without retry or PASS (0.023791ms)
✔ target retry budget cannot be unbounded (0.099041ms)
✔ configured target retries require explicit attempt outcomes in the receipt (31.49875ms)
✔ three successful full builds bind output inventories (0.365791ms)
✔ reproducibility rejects only two builds (0.106792ms)
✔ reproducibility rejects missing Python build (0.135167ms)
✔ reproducibility rejects failed command (0.119958ms)
✔ reproducibility rejects different output digest (0.08525ms)
✔ reproducibility rejects substituted inventory (0.067458ms)
✔ reproducibility rejects dirty source (0.059125ms)
✔ reproducibility rejects old source (0.059542ms)
✔ development policy retains explicit build, coverage, volume and target storage obligations (0.305625ms)
✔ static make commands cannot reload .env.local or inherit target database opt-ins (0.0795ms)
✔ volume retry restarts the complete check only on a closed PostgreSQL transport (0.048375ms)
✔ volume correctness and certificate errors cannot be retried into PASS (0.030084ms)
✔ persistent database transport failure stays failed at the retry limit (0.025ms)
✔ separate assessment snapshot preserves historical manifests and binds its own logs (33.009125ms)
✔ third-party Git link binds the actual clean checkout and rejects dirty/advanced source (151.371417ms)
✔ transient read-only preflight connection closure retries the complete target (0.10425ms)
✔ preflight permission and role failures are not transport retries (0.057292ms)
✔ persistent preflight closure exhausts three attempts without PASS (0.057ms)
✔ component passes while missing dependency/whole release admission rejects (53.404583ms)
✔ static COMPLETED is never dependency admission (15.872583ms)
✔ READY declarations still execute strict receipt validation (16.303583ms)
✔ release handoff and dependency changes fail closed n=>n.get('RELEASE-GATE:BETA').required_scope=n.get('RELEASE-GATE:BETA').required_scope.replace(handoff,'') (14.910167ms)
✔ release handoff and dependency changes fail closed n=>n.get('RELEASE-GATE:BETA').stage_gate.stage='DEVELOPMENT' (14.837208ms)
✔ release handoff and dependency changes fail closed n=>n.get('CORE:R02').dependencies.pop() (14.950083ms)
✔ full target outcomes, cleanup and coverage bind development scope (34.051209ms)
✔ reject failed combined execution (16.46025ms)
✔ reject failed actor cleanup (12.622958ms)
✔ reject no boundary actors (14.819375ms)
✔ reject new provider run (13.517708ms)
✔ reject fresh quality claim (13.018542ms)
✔ reject engine left running (14.660458ms)
✔ reject wrong target (13.343084ms)
✔ reject release claimed (9.743666ms)
✔ reject wrong execution SHA (10.468041ms)
✔ reject missing approval (14.161041ms)
✔ reject changed source (12.96825ms)
✔ reject skipped target test (13.728125ms)
✔ reject under threshold coverage (27.198333ms)
✔ tampered nested log rejected without changing outcome labels (9.203375ms)
✔ nested path escape rejected (9.480041ms)
✔ R1 controlled policies cover the complete dependency closure (961.557583ms)
✔ R01 target and production coverage independently validate (32.386292ms)
✔ R01 reject vacuous actor cleanup (18.202167ms)
✔ R01 reject uncommitted outbox (18.250542ms)
✔ R01 reject fixture claimed as real provider (17.785625ms)
✔ R01 reject RLS failed (20.8115ms)
✔ R01 reject migration mismatched (17.892625ms)
✔ real process inventory outcome is separately required by R02 (0.948375ms)
✔ process cleanup reject leak cleaned after discovery (0.473291ms)
✔ process cleanup reject process inspection skipped (0.379459ms)
✔ process cleanup reject residual child left alive (0.386208ms)
✔ process cleanup reject failed cleanup relabeled (0.320916ms)
✔ process cleanup reject unbounded ownership scope (0.867625ms)
✔ process cleanup reject wrong source (0.364667ms)
✔ process cleanup reject missing baseline capture (0.467833ms)
✔ only repository Python with a known module and test socket is inventoried (0.950542ms)
✔ all fixture socket families including private f08 directories are recognized (0.072041ms)
✔ pre-existing processes and other assessment scopes are never owned (0.100625ms)
✔ PID reuse cannot impersonate an existing process identity (0.073708ms)
✔ real direct Python fixture is observed and terminated without a launcher orphan (1037.719667ms)
ℹ tests 105
ℹ suites 0
ℹ pass 105
ℹ fail 0
ℹ cancelled 0
ℹ skipped 0
ℹ todo 0
ℹ duration_ms 1377.739875
