✔ current BFF-FE-000 repository Gate passes (4.22625ms)
✔ missing phase-one page mapping is rejected (2.154042ms)
✔ published operation drift is rejected (4.088917ms)
✔ planned operation traceability deletion is rejected (1.720958ms)
✔ shared idempotency baseline deletion is rejected (2.778958ms)
✔ dependency regression is rejected (1.568042ms)
✔ error correlation header deletion is rejected (2.493709ms)
✔ generated Zod export deletion is rejected (2.097292ms)
✔ missing staging permits development readiness and never claims formal acceptance (1.2665ms)
✔ stage deferral cannot bypass engineering failures, final receipt requirements or unknown stages (0.065875ms)
✔ final review command cannot be rewired to the development stage (6.970875ms)
✔ current semantic A1 gate passes (3.604334ms)
✔ rejects cookie semantic regression (2.895542ms)
✔ rejects idempotency semantic regression (3.219625ms)
✔ rejects sort semantic regression (3.566708ms)
✔ rejects page semantic regression (2.584958ms)
✔ rejects ci semantic regression (2.535375ms)
✔ rejects decimal semantic regression (3.348625ms)
✔ rejects version semantic regression (2.534416ms)
✔ rejects csrf semantic regression (2.329166ms)
✔ exact registered security correction is accepted only within its window (12.021875ms)
✔ unregistered breaking type, enum or missing baseline fails closed (24.1975ms)
✔ new required parameters and constraints cannot silently bypass compatibility (0.854042ms)
✔ absent, invented and reference-only staging receipts never close A1 (0.440166ms)
✔ final receipt requires technical evidence plus one input-bound user confirmation (1.073167ms)
✔ optional property within an existing allOf is additive, required changes are rejected (0.116459ms)
ℹ tests 26
ℹ suites 0
ℹ pass 26
ℹ fail 0
ℹ cancelled 0
ℹ skipped 0
ℹ todo 0
ℹ duration_ms 178.112792
