✔ formal gate rejects zero, one, two and noninteger runs (0.367375ms)
✔ all binaries participate in digest and omitted binary fails (2.8085ms)
✔ extra binary, missing wheel and stale/empty Web cannot pass output inventory (2.354167ms)
✔ manifest inventory cannot omit or add members (0.061458ms)
✔ dirty and untracked source rejected (57.199916ms)
✔ deleted module README is rejected (2.387916ms)
✔ wrong uv version fails toolchain preflight (16.515542ms)
✔ invalid locks fail real lock entrypoint (33.94975ms)
✔ Terminal default lint rejects a page TSX violation (687.188ms)
✔ invalid run revokes old successful receipt (24.729ms)
✔ Cargo manifest drift is rejected by actual lock gate (543.367291ms)
✔ uv manifest drift is rejected by actual lock gate (609.468958ms)
✔ pnpm manifest drift is rejected by actual lock gate (827.841292ms)
✔ malformed Buf lock is rejected by actual lock gate (623.770209ms)
✔ broken Desktop is outside phase-one pnpm frozen check (296.723917ms)
✔ uv output marker is metadata, other unexpected files still fail (2.256958ms)
✔ build-only tool is required in output inventory without becoming a runtime binary (2.048ms)
✔ pnpm frozen check rejects missing or changed patch bytes (631.38925ms)
✔ pnpm patch cannot read outside the repository (137.311084ms)
ℹ tests 19
ℹ suites 0
ℹ pass 19
ℹ fail 0
ℹ cancelled 0
ℹ skipped 0
ℹ todo 0
ℹ duration_ms 4536.543958
