node --test scripts/f02-gate-negative.mjs scripts/f02-a11-gate-negative.mjs scripts/playwright-git-history.test.mjs
✔ complete Linux matrix passes; deletion and pixel tampering fail (391.14075ms)
✔ acceptance never updates snapshots or skips missing snapshots (0.530584ms)
✔ only main signing and verification jobs receive the signing environment (8.741208ms)
✔ signing policy rejects missing protection, wildcards, tags and extra branches (0.194334ms)
✔ candidate import rejects tampering and stale source before writing, then imports the reviewed matrix (362.756792ms)
✔ required download check rejects skipped or failed event-specific verification (27.464333ms)
✔ PR receipts bind the checked out head while main signing stays on the event SHA (3.076375ms)
Verified 2 release files for aaaaaaaaaaaaaaaaaaaaaaaaaaaaaaaaaaaaaaaa
Verified 2 release files for aaaaaaaaaaaaaaaaaaaaaaaaaaaaaaaaaaaaaaaa
✔ real Gitleaks positive control and GitHub/Slack leaks (1579.118792ms)
✔ historical digest exceptions do not waive fresh credentials in audit JSON (1117.20375ms)
✔ RLS baseline rejects policy deletion and late disabling with recovery (175.018209ms)
✔ RLS preflight recognizes the actual ten-table A2 migration and rejects incomplete loops (134.094167ms)
✔ RLS preflight expands audit export permissions without treating grants as RLS (134.472875ms)
✔ RLS literal loops preserve late disabling, NO FORCE and policy deletion (133.81775ms)
✔ RLS preflight cannot count conditional loops, comments, literals or function bodies as execution (155.144875ms)
✔ quoted SQL examples inside expanded policy expressions cannot enable RLS (24.016792ms)
✔ migration filename control, rejection and recovery (14.452333ms)
✔ waivers only authorize exact advisory/ecosystem/package/version before expiry (1.113875ms)
✔ license expression policy does not globally allow LGPL or unknown licenses (0.343625ms)
✔ release binds complete payload and SBOM to source; rejects corruption and build-only native files (3.069208ms)
✔ Buf compares against distinct historical source and detects removed fields (531.510709ms)
✔ SCA scanner adapter consumes exact waivers and never waives scanner failures (1112.288958ms)
✔ Playwright PR reporting preserves complete history for downstream security scans (1615.186584ms)
ℹ tests 22
ℹ suites 0
ℹ pass 22
ℹ fail 0
ℹ cancelled 0
ℹ skipped 0
ℹ todo 0
ℹ duration_ms 5157.680208
