Filename                      Regions    Missed Regions     Cover   Functions  Missed Functions  Executed       Lines      Missed Lines     Cover    Branches   Missed Branches     Cover
-----------------------------------------------------------------------------------------------------------------------------------------------------------------------------------------
clock.rs                           20                 0   100.00%           6                 0   100.00%          16                 0   100.00%           0                 0         -
error.rs                          104                 0   100.00%          18                 0   100.00%          91                 0   100.00%           0                 0         -
fixture.rs                        245                17    93.06%          22                 2    90.91%         147                10    93.20%           0                 0         -
id.rs                              29                 0   100.00%           8                 0   100.00%          24                 0   100.00%           0                 0         -
lib.rs                              3                 0   100.00%           1                 0   100.00%           6                 0   100.00%           0                 0         -
precision.rs                      119                 3    97.48%          17                 0   100.00%          76                 0   100.00%           0                 0         -
versioning.rs                     123                 1    99.19%          20                 0   100.00%          82                 0   100.00%           0                 0         -
-----------------------------------------------------------------------------------------------------------------------------------------------------------------------------------------
TOTAL                             643                21    96.73%          92                 2    97.83%         442                10    97.74%           0                 0         -
info: cargo-llvm-cov currently setting cfg(coverage); you can opt-out it by passing --no-cfg-coverage
   Compiling quantos-core v0.1.0 (/Users/anray/Documents/project/SumAlpha/QuantOS/crates/quantos-core)
    Finished `release` profile [optimized] target(s) in 0.90s
     Running unittests src/lib.rs (target/llvm-cov-target/release/deps/quantos_core-b0a92dda02aa0d46)

running 0 tests

test result: ok. 0 passed; 0 failed; 0 ignored; 0 measured; 0 filtered out; finished in 0.00s

     Running tests/core_contract.rs (target/llvm-cov-target/release/deps/core_contract-4eae0ddb22233b73)

running 10 tests
test clocks_are_utc_fixed_and_strictly_parsed ... ok
test workspace_health_contract_is_stable ... ok
test every_error_code_and_constructor_is_stable ... ok
test money_and_quantity_enforce_constructor_and_serde_boundaries ... ok
test typed_ids_cover_all_public_construction_paths ... ok
test money_deserialization_rejects_every_malformed_shape ... ok
test versions_and_hashes_cover_valid_and_invalid_wire_forms ... ok
test fixtures_are_canonical_verified_and_serde_safe ... ok
test fixture_rejects_hash_tampering_and_malformed_shapes ... ok
test builder_maps_serialization_failures_and_fixture_hashes_are_repeatable ... ok

test result: ok. 10 passed; 0 failed; 0 ignored; 0 measured; 0 filtered out; finished in 0.01s

