✔ all eight independently content-bound dependencies admit DEVELOPMENT only (17.312709ms)
✔ engineering aggregation preserves the sole pending user confirmation (8.938417ms)
✔ milestone rejects missing F0 (7.993667ms)
✔ milestone rejects missing PRE (8.251583ms)
✔ milestone rejects duplicate dependency (7.866708ms)
✔ milestone rejects unready F0 (7.815875ms)
✔ milestone rejects manifest bytes replaced (7.787833ms)
✔ milestone rejects digest substituted (7.256208ms)
✔ milestone rejects dependency path substituted (7.115458ms)
✔ milestone rejects dependency verdict substituted (7.147042ms)
✔ milestone rejects self manifest schema (7.2655ms)
✔ milestone rejects normative change (7.423084ms)
✔ milestone rejects source input change (7.149542ms)
✔ milestone rejects unexecuted check (8.752542ms)
✔ milestone rejects missing execution time (7.285292ms)
✔ milestone rejects missing required check (7.972792ms)
✔ milestone rejects duplicate check (7.279167ms)
✔ milestone rejects wrong command (7.18025ms)
✔ milestone rejects log tampering (7.305458ms)
✔ milestone rejects rehashed prose (7.30625ms)
✔ milestone rejects external log path (7.250375ms)
✔ milestone rejects false formal acceptance (7.402458ms)
✔ milestone rejects aggregate claims database run (7.181375ms)
✔ milestone rejects hidden exclusions (7.142292ms)
✔ milestone rejects unresolved functional finding (7.33825ms)
✔ dependency validator is invoked and errors propagate (7.359958ms)
✔ fake READY cannot hide changed G0 scope (7.091625ms)
✔ arbitrary existing markdown cannot serve as a milestone receipt (0.094625ms)
✔ own arbitrary digest is rejected independently of dependency status (0.063875ms)
✔ F0 policy contains the six missing nodes and all eleven obligations (7.704916ms)
✔ production schema drift comparator rejects tables (0.16675ms)
✔ production schema drift comparator rejects columns (0.062417ms)
✔ production schema drift comparator rejects constraints (0.060458ms)
✔ production schema drift comparator rejects indexes (0.041333ms)
✔ production schema drift comparator rejects policies (0.039542ms)
✔ production schema drift comparator rejects routines (0.035083ms)
✔ production schema drift comparator rejects triggers (0.039208ms)
✔ 100-task recovery evidence cannot use 10-task diagnostic or accept P95 (1.276041ms)
✔ CI consumes the full milestone engineering validator and its negatives (0.076583ms)
ℹ tests 39
ℹ suites 0
ℹ pass 39
ℹ fail 0
ℹ cancelled 0
ℹ skipped 0
ℹ todo 0
ℹ duration_ms 274.691458
