
> @sumalpha/quantos@ test:development-plans /Users/anray/Documents/project/SumAlpha/QuantOS
> node --test scripts/development-plan-order-negative.mjs

✔ joint schedule is acyclic and preserves task/status boundaries (11.203792ms)
✔ restoring a complete R1 prerequisite for S2 services creates a rejected cycle (5.282ms)
✔ research service waiting on its consumer page is rejected (4.655875ms)
✔ historical CORE:R04 to CORE:L04 probe now fails closed (4.484167ms)
✔ an early identity API cannot silently depend on later research services (5.744ms)
✔ a provider cannot wait for the consumer frontend Gate (4.264333ms)
✔ removing S2 service admission from a core execution task is rejected (4.951041ms)
✔ S2 service Gate cannot omit TP12 advance evaluation (4.791ms)
✔ I10 cannot drop testnet service admission even if metadata is edited with it (5.291209ms)
✔ a new or existing frontend cannot skip the full provider Gate (5.394833ms)
✔ G5 cannot be marked as closing in I4 before reconciliation (5.397708ms)
✔ moving the G1 block above I1 tasks is rejected (4.882333ms)
✔ milestone cannot omit its last child while retaining a Gate summary (5.358208ms)
✔ prose-only backend dependencies cannot drift from structured prerequisites (5.236125ms)
✔ core closure mapping cannot become an implicit service alias (4.903584ms)
✔ ACCEPTED checkpoint needs SHA and evidence, not only a green word (5.249ms)
✔ accepted checkpoint evidence must resolve (2.589541ms)
✔ missing checkpoint and unknown dependency fail closed (6.273041ms)
✔ API windows cannot skip their preceding provider checkpoint (4.523917ms)
✔ UI windows cannot skip the preceding reconciliation window (4.929542ms)
✔ Web intake preserves the explicit no-model-review schema (1.491541ms)
✔ missing Web task fields still fail closed (1.371458ms)
✔ both plans must publish exactly the same stage contract (5.512833ms)
✔ changing both plans cannot defer correctness or functional deadlines to release (12.675208ms)
✔ both plans must retain every deferred release obligation (15.109166ms)
✔ tasks and checkpoints cannot omit, invent, or misclassify their stage gate (18.605167ms)
✔ release prerequisites cannot block either development or integration (12.364041ms)
✔ release gates cannot skip business closure or inherit the wrong stage (13.6715ms)
✔ historical ACCEPTED and completed tasks do not automatically become READY (5.644208ms)
✔ READY needs its own input digest and resolvable evidence (30.449625ms)
✔ unassessed stage gates cannot carry an apparent ready receipt (6.922917ms)
✔ BLOCKED retains failure evidence and digest without being counted as READY (9.3775ms)
✔ a READY chain needs READY prerequisites and its own evidence at every node (14.371084ms)
✔ stage readiness never substitutes for formal acceptance evidence (2.756583ms)
✔ release READY requires formal acceptance and all functional prerequisites (8.485917ms)
ℹ tests 35
ℹ suites 0
ℹ pass 35
ℹ fail 0
ℹ cancelled 0
ℹ skipped 0
ℹ todo 0
ℹ duration_ms 304.079166
