
> @sumalpha/quantos@ test:pre04 /Users/anray/Documents/project/SumAlpha/QuantOS
> node --test scripts/pre04-gate-negative.mjs

✔ current full phase-one inventory passes (11.268125ms)
✔ missing Gap is rejected (4.991458ms)
✔ undecided realtime dependency is rejected (4.80375ms)
✔ deleted required actorId field is rejected (3.984666ms)
✔ nonexistent field source is rejected (4.077417ms)
✔ wrong field type and optionality are rejected (4.204625ms)
✔ generated operation deletion is rejected (3.705792ms)
✔ generated method and path drift are rejected (8.15825ms)
✔ same-count schema rename is rejected (3.12975ms)
✔ schema required and enum drift are rejected (7.953584ms)
✔ same-count Proto message rename is rejected (3.879458ms)
✔ removed Proto declaration is rejected (3.535416ms)
✔ same-count JSON Schema replacement is rejected (3.648292ms)
✔ duplicate contract row is rejected before Map collapse (3.569583ms)
✔ duplicate Gap row is rejected before Map collapse (4.237417ms)
✔ nonexistent role owner is rejected (3.818417ms)
✔ nonexistent backend task is rejected (3.5805ms)
✔ nonexistent BFF task is rejected (3.869542ms)
✔ unknown Gap page is rejected (3.399959ms)
✔ each missing website P0 page is rejected (18.528208ms)
✔ missing auxiliary risk/audit/order contract is rejected (11.438208ms)
✔ closing partly published Gap is rejected (3.385584ms)
✔ omitting planned operation is rejected (3.533209ms)
✔ unpublished Inventory Fixture cannot claim Implemented (3.558375ms)
✔ generated-only contract cannot claim Integrated (3.532542ms)
✔ missing provider evidence is rejected (3.647167ms)
✔ changed provider receipt is rejected (4.348375ms)
✔ missing Inventory Fixture is rejected (4.074458ms)
✔ Desktop contamination is rejected by Web inventory (4.119917ms)
✔ nonexistent domain field mappings including the former engine-version anchor are rejected (7.611125ms)
✔ removed referenced core task is rejected (3.76725ms)
✔ catalog source drift is rejected (3.987125ms)
✔ empty implementation artifact lists are rejected for every implemented contract (10.770458ms)
✔ each missing implementation evidence category is rejected (31.108583ms)
✔ duplicate artifacts cannot substitute for test or receipt evidence (4.144125ms)
✔ another contract receipt cannot substitute for required evidence (3.418625ms)
✔ unknown task suffixes are rejected in both backend task columns (20.942625ms)
✔ ambiguous cross-prefix ranges cannot impersonate reviewed backend tasks (7.163ms)
ℹ tests 38
ℹ suites 0
ℹ pass 38
ℹ fail 0
ℹ cancelled 0
ℹ skipped 0
ℹ todo 0
ℹ duration_ms 342.855834
