
> @sumalpha/quantos@ test:pre03 /Users/anray/Documents/project/SumAlpha/QuantOS
> node --test scripts/pre03-gate-negative.mjs

✔ current Web contract passes and never loads Desktop inputs (8.330125ms)
✔ apps/terminal rejects Next 15.5.23 (5.068334ms)
✔ apps/terminal rejects Next 16.0.0 (1.885125ms)
✔ apps/website rejects Next 15.5.23 (1.594125ms)
✔ apps/website rejects Next 16.0.0 (1.622375ms)
✔ missing package resolutions (1.806084ms)
✔ missing snapshots (1.139875ms)
✔ specifier drift (1.689375ms)
✔ dependency removed (1.767417ms)
✔ dependency inserted (1.789667ms)
✔ manifest drift fails without changing lock (0.859875ms)
✔ ADR drift fails (0.74475ms)
✔ duplicate ADR version row fails (0.612292ms)
✔ missing transitive snapshot fails (1.643083ms)
✔ Node pin drift fails (0.586708ms)
✔ effective Next configuration: valid export (215.432208ms)
✔ effective Next configuration: comment marker (225.178833ms)
✔ effective Next configuration: dead branch (214.552666ms)
✔ effective Next configuration: subsequent override (215.538292ms)
✔ effective Next configuration: function config (213.296375ms)
✔ bad route resources, fake HTML and script failures fail closed (11809.25075ms)
✔ Next-specific async client violation is an ESLint error (254.229875ms)
✔ build receipts reject stale source, config, identity and missing receipts (2.023125ms)
✔ source binding ignores caches but detects actual source changes (3.301959ms)
✔ all workspace importers and exact link targets are required (9.224625ms)
✔ runtime loader discovers omitted manifests independently of lockfile (483.75075ms)
✔ per-app env files are isolated and reloaded without polluting caller (654.310709ms)
ℹ tests 27
ℹ suites 0
ℹ pass 27
ℹ fail 0
ℹ cancelled 0
ℹ skipped 0
ℹ todo 0
ℹ duration_ms 15043.561542
