
> @sumalpha/quantos@ test:pre02 /Users/anray/Documents/project/SumAlpha/QuantOS
> pnpm --filter @sumalpha/ui test:pre02


> @sumalpha/ui@0.1.0 test:pre02 /Users/anray/Documents/project/SumAlpha/QuantOS/packages/ui
> node --test scripts/pre02-gate-negative.mjs

✔ current PRE-02 design-system contract passes (7.780125ms)
✔ renaming a required safety key fails even when the count stays at 18 (1.576167ms)
✔ missing state color mapping fails closed (1.396834ms)
✔ insufficient focus contrast is rejected (1.246541ms)
✔ missing readonly viewport is rejected (1.078958ms)
✔ deny cannot become success (1.121209ms)
✔ mapped token paths must exist (0.742166ms)
✔ English safety semantics cannot be inverted (0.675958ms)
✔ all compact density values remain frozen (0.755083ms)
✔ focus width and path remain frozen (0.826ms)
✔ breakpoint intervals cannot develop gaps (0.684041ms)
✔ typography and spacing must match the reviewed contract (0.937041ms)
✔ required component identity cannot be replaced (0.741917ms)
✔ comments do not supply executable Storybook configuration (0.736166ms)
✔ surface.2 contrast cannot be removed from the contract (0.776084ms)
✔ native reference viewport is not a prerequisite of the Web Gate (0.586375ms)
✔ disabled contrast rule cannot hide behind a matching comment (0.59ms)
✔ readonly viewport dimensions cannot hide behind its identifier (0.749667ms)
✔ phase-two page cannot enter the Web component acceptance rows (0.574625ms)
✔ provider JSX outside the decorator cannot authorize empty decorators (0.608792ms)
✔ unexported configuration does not authorize a Storybook entry (0.589458ms)
✔ initial theme cannot contradict the dark default contract (0.57975ms)
✔ object spread cannot silently override required addons (0.726209ms)
✔ duplicate decorators cannot replace the validated provider tree (0.808666ms)
✔ dead JSX branches are not executed provider decorators (1.278541ms)
✔ provider attributes cannot be overwritten through JSX spreads (0.767333ms)
✔ provider-only JSX without the Story consumer is rejected (0.662292ms)
ℹ tests 27
ℹ suites 0
ℹ pass 27
ℹ fail 0
ℹ cancelled 0
ℹ skipped 0
ℹ todo 0
ℹ duration_ms 192.449625
