
> @sumalpha/quantos@ test:pre06 /Users/anray/Documents/project/SumAlpha/QuantOS
> node --test scripts/pre06-gate-negative.mjs scripts/pre06-runtime-negative.mjs

✔ current PRE-06 Web baseline passes (26.426792ms)
✔ website browser Gate deletion is rejected (10.957166ms)
✔ Desktop coupling in phase-one compatibility is rejected (8.395334ms)
✔ Desktop deep-link inclusion in phase-one Terminal is rejected (7.16325ms)
✔ generated operation coverage drift is rejected (7.530459ms)
✔ visual baseline integrity failure is rejected (6.21225ms)
✔ performance budget weakening is rejected (5.8855ms)
✔ disabled CI steps and comment-only commands are rejected (17.103333ms)
✔ contract assertion deletion and visual comparison deletion fail closed (9.857625ms)
✔ website performance and critical coverage gates cannot be removed (10.683416ms)
✔ CI retry policy must reject flaky outcomes and archive failure evidence (12.532916ms)
✔ comments cannot restore weakened budget or critical coverage policy (15.112333ms)
✔ skipped suites and inactive screenshot assertions cannot satisfy the baseline (39.735208ms)
✔ critical contract callbacks cannot return early, hide assertions, or remove runtime counting (25.614458ms)
✔ unknown and corrupted fixtures are rejected, explicit sabotage fixtures remain expected failures (30.397625ms)
✔ empty assets and empty route manifest are never a zero-sized performance PASS (28.416792ms)
✔ actual CI configs return nonzero for first-fail-then-pass policy probe (1277.079958ms)
ℹ tests 17
ℹ suites 0
ℹ pass 17
ℹ fail 0
ℹ cancelled 0
ℹ skipped 0
ℹ todo 0
ℹ duration_ms 1384.356083
