Validated 6 pinned Buf plugins and locked generation workflow.
✔ proto generation configuration is pinned and lock-preserving (36.345125ms)
✔ proto generation configuration rejects an unpinned remote plugin (34.971166ms)
✔ proto generation configuration rejects implicit dependency updates (35.700458ms)
ℹ tests 3
ℹ suites 0
ℹ pass 3
ℹ fail 0
ℹ cancelled 0
ℹ skipped 0
ℹ todo 0
ℹ duration_ms 137.838708
Extracted 50 JSON schema documents.
Validated 50 standalone JSON schemas and 11 planned domain schemas.
✔ standalone JSON schema gate passes the complete generated catalog (133.470542ms)
✔ standalone JSON schema gate rejects a missing planned domain schema (48.651334ms)
✔ standalone JSON schema gate rejects an unresolved reference (117.651834ms)
ℹ tests 3
ℹ suites 0
ℹ pass 3
ℹ fail 0
ℹ cancelled 0
ℹ skipped 0
ℹ todo 0
ℹ duration_ms 330.230708
Proto compatibility checked against d758c839fbd57366346d0f2b9ef2081c68ab51e6
Proto checks passed.
