
> @sumalpha/quantos@ test:provider-a1 /Users/anray/Documents/project/SumAlpha/QuantOS
> node --test scripts/provider-a1-receipts.test.mjs

✔ valid source and execution-bound dependency chain is READY without release signatures (37.569292ms)
✔ missing required execution (27.813084ms)
✔ failed execution (27.771709ms)
✔ wrong actual command (27.625792ms)
✔ unresolved issue (22.923125ms)
✔ wrong node (21.375083ms)
✔ missing source inventory (26.926416ms)
✔ plan scope changed (21.129042ms)
✔ outside log path (26.363334ms)
✔ wrong log digest (25.072125ms)
✔ missing dependency (26.160167ms)
✔ dependency digest substituted (25.810167ms)
✔ tampered manifest bytes are rejected (21.073875ms)
✔ changed source content is rejected despite unchanged gate digest (25.318417ms)
✔ dependency must independently be READY (25.167667ms)
✔ arbitrary log cannot masquerade as successful execution (25.881958ms)
✔ input file symlink cannot escape the repository (26.168625ms)
✔ database execution cannot be inferred from a normal local PASS (29.886334ms)
✔ Supabase target receipt verifies each compressed execution log (30.3095ms)
✔ source drift during execution invalidates the original input snapshot (39.079083ms)
✔ requirement drift during execution invalidates the original input snapshot (45.295792ms)
✔ controlled public development profile overrides stale values and preserves server inputs (0.142375ms)
✔ private credentials cannot be injected through a public development profile (0.092416ms)
✔ transient Auth 503 can retry only a complete target execution (0.094917ms)
✔ persistent target timeout never becomes PASS and stops at its budget (0.0725ms)
✔ semantic target failures stop without retry or PASS (0.023042ms)
✔ target retry budget cannot be unbounded (0.09925ms)
✔ configured target retries require explicit attempt outcomes in the receipt (30.139459ms)
✔ three successful full builds bind output inventories (0.488375ms)
✔ reproducibility rejects only two builds (0.173083ms)
✔ reproducibility rejects missing Python build (0.150709ms)
✔ reproducibility rejects failed command (0.241ms)
✔ reproducibility rejects different output digest (0.096834ms)
✔ reproducibility rejects substituted inventory (0.070333ms)
✔ reproducibility rejects dirty source (0.059833ms)
✔ reproducibility rejects old source (0.066042ms)
✔ development policy retains explicit build, coverage, volume and target storage obligations (0.360959ms)
✔ static make commands cannot reload .env.local or inherit target database opt-ins (0.096708ms)
✔ volume retry restarts the complete check only on a closed PostgreSQL transport (0.080209ms)
✔ volume correctness and certificate errors cannot be retried into PASS (0.06ms)
✔ persistent database transport failure stays failed at the retry limit (0.03475ms)
✔ separate assessment snapshot preserves historical manifests and binds its own logs (30.929083ms)
✔ third-party Git link binds the actual clean checkout and rejects dirty/advanced source (139.735084ms)
ℹ tests 43
ℹ suites 0
ℹ pass 43
ℹ fail 0
ℹ cancelled 0
ℹ skipped 0
ℹ todo 0
ℹ duration_ms 829.206625
