
> @sumalpha/quantos@ test:pre05 /Users/anray/Documents/project/SumAlpha/QuantOS
> pnpm --filter @sumalpha/config test && node --test scripts/pre05-gate-negative.mjs


> @sumalpha/config@0.1.0 test /Users/anray/Documents/project/SumAlpha/QuantOS/packages/config
> vitest run


 RUN  v4.1.11 /Users/anray/Documents/project/SumAlpha/QuantOS/packages/config


 Test Files  1 passed (1)
      Tests  26 passed (26)
   Start at  21:17:07
   Duration  409ms (transform 60ms, setup 0ms, import 68ms, tests 270ms, environment 0ms)

✔ public client ID and public Sentry DSN pass client scan (0.993584ms)
✔ known secret shapes are rejected in every supported client artifact type (9.460084ms)
✔ arbitrary injected server credentials and encoded forms are rejected (0.6725ms)
✔ scanner rejects missing, empty and file roots (0.673959ms)
✔ scanner does not follow symlink artifacts (0.455458ms)
✔ artifact CLI fails closed and never echoes the synthetic secret (76.505917ms)
✔ relative and absolute env-file paths both work, missing paths fail (209.711917ms)
✔ both actual application build commands enforce the client artifact gate (0.482541ms)
✔ short server credentials are scanned; empty unset credentials do not match everything (1.244ms)
✔ production CLI loads app dotenv precedence and expansion, isolated per app (1289.469334ms)
ℹ tests 10
ℹ suites 0
ℹ pass 10
ℹ fail 0
ℹ cancelled 0
ℹ skipped 0
ℹ todo 0
ℹ duration_ms 1649.513709
