✔ formal gate rejects zero, one, two and noninteger runs (0.366459ms)
✔ all binaries participate in digest and omitted binary fails (3.180834ms)
✔ extra binary, missing wheel and stale/empty Web cannot pass output inventory (2.689875ms)
✔ manifest inventory cannot omit or add members (0.066459ms)
✔ dirty and untracked source rejected (60.118333ms)
✔ deleted module README is rejected (2.431917ms)
✔ wrong uv version fails toolchain preflight (17.28975ms)
✔ invalid locks fail real lock entrypoint (63.290125ms)
✔ Terminal default lint rejects a page TSX violation (940.201917ms)
✔ invalid run revokes old successful receipt (26.180875ms)
✔ Cargo manifest drift is rejected by actual lock gate (586.2415ms)
✔ uv manifest drift is rejected by actual lock gate (628.129ms)
✔ pnpm manifest drift is rejected by actual lock gate (848.904167ms)
✔ malformed Buf lock is rejected by actual lock gate (634.02525ms)
✔ broken Desktop is outside phase-one pnpm frozen check (301.601041ms)
✔ uv output marker is metadata, other unexpected files still fail (2.124416ms)
✔ build-only tool is required in output inventory without becoming a runtime binary (2.43ms)
✔ pnpm frozen check rejects missing or changed patch bytes (653.363625ms)
✔ pnpm patch cannot read outside the repository (142.0765ms)
ℹ tests 19
ℹ suites 0
ℹ pass 19
ℹ fail 0
ℹ cancelled 0
ℹ skipped 0
ℹ todo 0
ℹ duration_ms 4949.308
