
> @sumalpha/quantos@ test:pre01 /Users/anray/Documents/project/SumAlpha/QuantOS
> node --test ./scripts/tests/check-pre01.test.mjs

✔ current PRE-01 artifacts satisfy the executable contract (5.5635ms)
✔ missing a page state fails closed (1.777875ms)
✔ invalid story priority fails closed (0.526667ms)
✔ missing traceability row fails closed (1.313166ms)
✔ published operation cannot regress to planned fails closed (1.704833ms)
✔ unknown role fails closed (0.462083ms)
✔ unknown route fails closed (0.510459ms)
✔ duplicate story fails closed (0.533667ms)
✔ missing flow stories fails closed (0.57675ms)
✔ missing flow scenarios fails closed (1.176709ms)
✔ unsafe proposal criterion fails closed (1.269417ms)
✔ unknown trace task fails closed (1.298208ms)
✔ unauthorized admin grant fails closed (1.076542ms)
✔ missing permission route fails closed (0.713584ms)
✔ phase-one P16 fails closed (0.0875ms)
✔ missing contract owner fails closed (1.135834ms)
✔ empty flow role fails closed (0.586833ms)
✔ empty flow route fails closed (0.6155ms)
✔ state label mismatch fails closed (0.812625ms)
✔ desktop-only story fails closed (0.418291ms)
✔ persistent offline cache fails closed (0.8855ms)
✔ admin domain permission fails closed (0.683375ms)
✔ missing page story fails closed (0.452667ms)
✔ cross-page route fails closed (0.465083ms)
✔ current G0 governance preserves history without granting current acceptance (1.496875ms)
✔ past-due G0 item cannot silently remain OPEN (0.735875ms)
✔ fabricated G0 acceptance fails against current checkpoint (0.602291ms)
✔ missing G0 leftover owner fails (0.63ms)
✔ P05 cannot bind metadata download to an untraced audit export operation (1.917833ms)
✔ P21 cannot drop alert ownership from both ledger and trace while retaining the subscription (2.144ms)
✔ unknown unlabelled operation in API register is rejected (1.678625ms)
✔ P05 quality alerts require C16 ownership on the consumer page (1.5675ms)
✔ API register rejects current version 1.4.0 (1.394833ms)
✔ API register rejects current version 99.99.0 (1.356167ms)
✔ published register row cannot omit API version (1.463458ms)
✔ published register row cannot omit generated mock version (1.513167ms)
✔ all ten historical compatibility strategies cannot be cleared (0.806834ms)
✔ current disposition cannot drop a historical parent (1.011042ms)
✔ current disposition requires effective checkpoint deadline (0.830625ms)
✔ current disposition cannot claim target RELEASE completion (0.825583ms)
✔ current disposition requires nonempty compatibility strategy (1.054084ms)
✔ current disposition presentation must match structured source (0.84875ms)
✔ current deadline cannot defer DEVELOPMENT provider obligations to integration (0.862ms)
ℹ tests 43
ℹ suites 0
ℹ pass 43
ℹ fail 0
ℹ cancelled 0
ℹ skipped 0
ℹ todo 0
ℹ duration_ms 142.630042
