
> @sumalpha/quantos@ test:fep0 /Users/anray/Documents/project/SumAlpha/QuantOS
> node --test scripts/fep0-development.test.mjs

✔ all eight independently content-bound dependencies admit DEVELOPMENT only (25.60875ms)
✔ engineering aggregation preserves the sole pending user confirmation (18.002292ms)
✔ milestone rejects missing F0 (16.717417ms)
✔ milestone rejects missing PRE (16.491916ms)
✔ milestone rejects duplicate dependency (15.76375ms)
✔ milestone rejects unready F0 (15.650416ms)
✔ milestone rejects manifest bytes replaced (15.327625ms)
✔ milestone rejects digest substituted (14.728375ms)
✔ milestone rejects dependency path substituted (15.284666ms)
✔ milestone rejects dependency verdict substituted (15.147625ms)
✔ milestone rejects self manifest schema (16.98025ms)
✔ milestone rejects normative change (17.043208ms)
✔ milestone rejects source input change (16.274334ms)
✔ milestone rejects unexecuted check (15.563792ms)
✔ milestone rejects missing execution time (15.231334ms)
✔ milestone rejects missing required check (15.907042ms)
✔ milestone rejects duplicate check (16.046417ms)
✔ milestone rejects wrong command (16.454209ms)
✔ milestone rejects log tampering (15.136833ms)
✔ milestone rejects rehashed prose (14.230667ms)
✔ milestone rejects external log path (14.521625ms)
✔ milestone rejects false formal acceptance (13.447708ms)
✔ milestone rejects aggregate claims database run (13.710916ms)
✔ milestone rejects hidden exclusions (13.595042ms)
✔ milestone rejects unresolved functional finding (13.363292ms)
✔ dependency validator is invoked and errors propagate (13.540458ms)
✔ fake READY cannot hide changed G0 scope (13.532834ms)
✔ arbitrary existing markdown cannot serve as a milestone receipt (0.149584ms)
✔ own arbitrary digest is rejected independently of dependency status (0.141083ms)
✔ F0 policy contains the six missing nodes and all eleven obligations (14.390417ms)
✔ production schema drift comparator rejects tables (0.155875ms)
✔ production schema drift comparator rejects columns (0.05625ms)
✔ production schema drift comparator rejects constraints (0.044125ms)
✔ production schema drift comparator rejects indexes (0.0385ms)
✔ production schema drift comparator rejects policies (0.045417ms)
✔ production schema drift comparator rejects routines (0.032167ms)
✔ production schema drift comparator rejects triggers (0.0385ms)
✔ 100-task recovery evidence cannot use 10-task diagnostic or accept P95 (1.216041ms)
✔ CI consumes the full milestone engineering validator and its negatives (0.09775ms)
ℹ tests 39
ℹ suites 0
ℹ pass 39
ℹ fail 0
ℹ cancelled 0
ℹ skipped 0
ℹ todo 0
ℹ duration_ms 496.95325
