{
  "probes": 15,
  "false_passes": 12,
  "results": [
    {
      "name": "current-inventory",
      "expected": "PASS",
      "actual": "PASS",
      "behaves_as_expected": true,
      "failures": [],
      "metrics": {
        "contracts": 17,
        "gaps": 17,
        "p0_pages": 18,
        "field_rows": 144
      }
    },
    {
      "name": "duplicate-C01-row",
      "expected": "FAIL",
      "actual": "PASS",
      "behaves_as_expected": false,
      "failures": [],
      "metrics": {
        "contracts": 17,
        "gaps": 17,
        "p0_pages": 18,
        "field_rows": 144
      }
    },
    {
      "name": "duplicate-GAP01-row",
      "expected": "FAIL",
      "actual": "PASS",
      "behaves_as_expected": false,
      "failures": [],
      "metrics": {
        "contracts": 17,
        "gaps": 17,
        "p0_pages": 18,
        "field_rows": 144
      }
    },
    {
      "name": "delete-required-C01-actorId-field",
      "expected": "FAIL",
      "actual": "PASS",
      "behaves_as_expected": false,
      "failures": [],
      "metrics": {
        "contracts": 17,
        "gaps": 17,
        "p0_pages": 18,
        "field_rows": 143
      }
    },
    {
      "name": "field-source-nonexistent",
      "expected": "FAIL",
      "actual": "PASS",
      "behaves_as_expected": false,
      "failures": [],
      "metrics": {
        "contracts": 17,
        "gaps": 17,
        "p0_pages": 18,
        "field_rows": 144
      }
    },
    {
      "name": "field-type-corrupted",
      "expected": "FAIL",
      "actual": "PASS",
      "behaves_as_expected": false,
      "failures": [],
      "metrics": {
        "contracts": 17,
        "gaps": 17,
        "p0_pages": 18,
        "field_rows": 144
      }
    },
    {
      "name": "gap-unowned-page-and-backend",
      "expected": "FAIL",
      "actual": "PASS",
      "behaves_as_expected": false,
      "failures": [],
      "metrics": {
        "contracts": 17,
        "gaps": 17,
        "p0_pages": 18,
        "field_rows": 144
      }
    },
    {
      "name": "gap-nonexistent-BFF-task",
      "expected": "FAIL",
      "actual": "PASS",
      "behaves_as_expected": false,
      "failures": [],
      "metrics": {
        "contracts": 17,
        "gaps": 17,
        "p0_pages": 18,
        "field_rows": 144
      }
    },
    {
      "name": "owner-nonexistent-role",
      "expected": "FAIL",
      "actual": "PASS",
      "behaves_as_expected": false,
      "failures": [],
      "metrics": {
        "contracts": 17,
        "gaps": 17,
        "p0_pages": 18,
        "field_rows": 144
      }
    },
    {
      "name": "unfrozen-C02-promoted-to-Implemented",
      "expected": "FAIL",
      "actual": "PASS",
      "behaves_as_expected": false,
      "failures": [],
      "metrics": {
        "contracts": 17,
        "gaps": 17,
        "p0_pages": 18,
        "field_rows": 144
      }
    },
    {
      "name": "manifest-path-method-corrupted",
      "expected": "FAIL",
      "actual": "PASS",
      "behaves_as_expected": false,
      "failures": [],
      "metrics": {
        "contracts": 17,
        "gaps": 17,
        "p0_pages": 18,
        "field_rows": 144
      }
    },
    {
      "name": "same-count-schema-renamed",
      "expected": "FAIL",
      "actual": "PASS",
      "behaves_as_expected": false,
      "failures": [],
      "metrics": {
        "contracts": 17,
        "gaps": 17,
        "p0_pages": 18,
        "field_rows": 144
      }
    },
    {
      "name": "same-count-proto-message-renamed",
      "expected": "FAIL",
      "actual": "PASS",
      "behaves_as_expected": false,
      "failures": [],
      "metrics": {
        "contracts": 17,
        "gaps": 17,
        "p0_pages": 18,
        "field_rows": 144
      }
    },
    {
      "name": "unknown-page-contract-control",
      "expected": "FAIL",
      "actual": "FAIL",
      "behaves_as_expected": true,
      "failures": [
        "GS Query references known contract C99"
      ],
      "metrics": {
        "contracts": 17,
        "gaps": 17,
        "p0_pages": 18,
        "field_rows": 144
      }
    },
    {
      "name": "missing-gap-control",
      "expected": "FAIL",
      "actual": "FAIL",
      "behaves_as_expected": true,
      "failures": [
        "gap list contains GAP-01-GAP-17 exactly once and in order",
        "GAP-13 has all nine inventory columns",
        "GAP-13 maps to C13",
        "GAP-13 operation surface is decided",
        "GAP-13 has page and backend mappings",
        "GAP-13 has a P0/P1 priority",
        "GAP-13 has target stage and BFF task",
        "GAP-13 has an explicit status"
      ],
      "metrics": {
        "contracts": 17,
        "gaps": 16,
        "p0_pages": 18,
        "field_rows": 144
      }
    }
  ]
}
