
> @sumalpha/quantos@ test:bff-fe-001 /Users/anray/Documents/project/SumAlpha/QuantOS
> node --test scripts/bff-fe-001-gate-negative.mjs

✔ current BFF-FE-001 repository Gate passes (0.695ms)
✔ CSRF deletion is rejected (1.144542ms)
✔ bearer session regression is rejected (0.878292ms)
✔ recent-auth deletion is rejected (0.885167ms)
✔ idempotency deletion is rejected (0.878208ms)
✔ last-factor protection deletion is rejected (0.919125ms)
✔ resource-hiding 404 deletion is rejected (0.932208ms)
✔ revocation replay deletion is rejected (0.873958ms)
✔ security audit reference deletion is rejected (0.932ms)
✔ dependency regression is rejected (0.220875ms)
ℹ tests 10
ℹ suites 0
ℹ pass 10
ℹ fail 0
ℹ cancelled 0
ℹ skipped 0
ℹ todo 0
ℹ duration_ms 95.668875
