frontend-baseline	A2 complete provider window development Gate	﻿2026-10-07T05:56:05.4587895Z ##[group]Run pnpm check:provider-a2 && pnpm test:provider-a2
frontend-baseline	A2 complete provider window development Gate	2026-10-07T05:56:05.4588371Z ^[[36;1mpnpm check:provider-a2 && pnpm test:provider-a2^[[0m
frontend-baseline	A2 complete provider window development Gate	2026-10-07T05:56:05.4651881Z shell: /usr/bin/bash -e {0}
frontend-baseline	A2 complete provider window development Gate	2026-10-07T05:56:05.4652146Z env:
frontend-baseline	A2 complete provider window development Gate	2026-10-07T05:56:05.4652417Z   QUANTOS_BFF_BASE: 2835e41fcaa9f3924e9f03f95c62727b9e6c69b9
frontend-baseline	A2 complete provider window development Gate	2026-10-07T05:56:05.4652780Z   NEXT_PUBLIC_QUANTOS_ENV: local-mock
frontend-baseline	A2 complete provider window development Gate	2026-10-07T05:56:05.4653107Z   NEXT_PUBLIC_SITE_ORIGIN: https://sumalpha.ai
frontend-baseline	A2 complete provider window development Gate	2026-10-07T05:56:05.4653493Z   NEXT_PUBLIC_QUANTOS_TERMINAL_ORIGIN: http://localhost:3190
frontend-baseline	A2 complete provider window development Gate	2026-10-07T05:56:05.4653898Z   NEXT_PUBLIC_QUANTOS_BFF_ORIGIN: http://localhost:4010
frontend-baseline	A2 complete provider window development Gate	2026-10-07T05:56:05.4654303Z   NEXT_PUBLIC_QUANTOS_OIDC_ISSUER: https://mock.idp.local
frontend-baseline	A2 complete provider window development Gate	2026-10-07T05:56:05.4654694Z   NEXT_PUBLIC_QUANTOS_OIDC_CLIENT_ID: quantos-terminal-ci
frontend-baseline	A2 complete provider window development Gate	2026-10-07T05:56:05.4655141Z   NEXT_PUBLIC_QUANTOS_OIDC_REDIRECT_URI: http://localhost:3190/auth/callback
frontend-baseline	A2 complete provider window development Gate	2026-10-07T05:56:05.4655842Z   NEXT_PUBLIC_QUANTOS_DEFAULT_MODE: paper
frontend-baseline	A2 complete provider window development Gate	2026-10-07T05:56:05.4656187Z   NEXT_PUBLIC_QUANTOS_MOCK_ENABLED: true
frontend-baseline	A2 complete provider window development Gate	2026-10-07T05:56:05.4656486Z   NEXT_PUBLIC_QUANTOS_OBS_ENABLED: false
frontend-baseline	A2 complete provider window development Gate	2026-10-07T05:56:05.4656809Z   NEXT_PUBLIC_QUANTOS_FEATURE_ASSISTED_LIVE_TESTNET: off
frontend-baseline	A2 complete provider window development Gate	2026-10-07T05:56:05.4657143Z   CARGO_HOME: /home/runner/.cargo
frontend-baseline	A2 complete provider window development Gate	2026-10-07T05:56:05.4657401Z   CARGO_INCREMENTAL: 0
frontend-baseline	A2 complete provider window development Gate	2026-10-07T05:56:05.4657626Z   CARGO_TERM_COLOR: always
frontend-baseline	A2 complete provider window development Gate	2026-10-07T05:56:05.4657852Z ##[endgroup]
frontend-baseline	A2 complete provider window development Gate	2026-10-07T05:56:05.7577212Z 
frontend-baseline	A2 complete provider window development Gate	2026-10-07T05:56:05.7578187Z > @sumalpha/quantos@ check:provider-a2 /home/runner/work/QuantOS/QuantOS
frontend-baseline	A2 complete provider window development Gate	2026-10-07T05:56:05.7579226Z > node scripts/provider-a2-development.mjs
frontend-baseline	A2 complete provider window development Gate	2026-10-07T05:56:05.7579666Z 
frontend-baseline	A2 complete provider window development Gate	2026-10-07T05:56:16.1120850Z {
frontend-baseline	A2 complete provider window development Gate	2026-10-07T05:56:16.1121197Z   "nodeId": "PROVIDER:A2",
frontend-baseline	A2 complete provider window development Gate	2026-10-07T05:56:16.1121503Z   "status": "READY",
frontend-baseline	A2 complete provider window development Gate	2026-10-07T05:56:16.1121753Z   "operations": 26,
frontend-baseline	A2 complete provider window development Gate	2026-10-07T05:56:16.1121989Z   "dependencies": 3,
frontend-baseline	A2 complete provider window development Gate	2026-10-07T05:56:16.1122234Z   "formalAccepted": false
frontend-baseline	A2 complete provider window development Gate	2026-10-07T05:56:16.1122482Z }
frontend-baseline	A2 complete provider window development Gate	2026-10-07T05:56:16.4305421Z 
frontend-baseline	A2 complete provider window development Gate	2026-10-07T05:56:16.4306523Z > @sumalpha/quantos@ test:provider-a2 /home/runner/work/QuantOS/QuantOS
frontend-baseline	A2 complete provider window development Gate	2026-10-07T05:56:16.4307639Z > node --test scripts/provider-a2-development.test.mjs
frontend-baseline	A2 complete provider window development Gate	2026-10-07T05:56:16.4307969Z 
frontend-baseline	A2 complete provider window development Gate	2026-10-07T05:56:23.3508247Z ✔ A2 admits all 26 APIs only after three strict dependency validations (477.305343ms)
frontend-baseline	A2 complete provider window development Gate	2026-10-07T05:56:23.3509784Z ✔ A1 manifest impersonates A2 is rejected (220.940428ms)
frontend-baseline	A2 complete provider window development Gate	2026-10-07T05:56:23.3511030Z ✔ child manifest impersonates A2 is rejected (201.477114ms)
frontend-baseline	A2 complete provider window development Gate	2026-10-07T05:56:23.3512347Z ✔ formal acceptance is falsely inherited is rejected (178.737288ms)
frontend-baseline	A2 complete provider window development Gate	2026-10-07T05:56:23.3513455Z ✔ own failure is rejected (176.763404ms)
frontend-baseline	A2 complete provider window development Gate	2026-10-07T05:56:23.3514403Z ✔ residual issue is rejected (189.850666ms)
frontend-baseline	A2 complete provider window development Gate	2026-10-07T05:56:23.3515803Z ✔ unsafe evidence directory is rejected (174.830374ms)
frontend-baseline	A2 complete provider window development Gate	2026-10-07T05:56:23.3516911Z ✔ missing dependency is rejected (179.382541ms)
frontend-baseline	A2 complete provider window development Gate	2026-10-07T05:56:23.3517931Z ✔ dependency not READY is rejected (175.75318ms)
frontend-baseline	A2 complete provider window development Gate	2026-10-07T05:56:23.3519024Z ✔ dependency digest changed is rejected (176.439954ms)
frontend-baseline	A2 complete provider window development Gate	2026-10-07T05:56:23.3520245Z ✔ dependency bytes substituted is rejected (185.415933ms)
frontend-baseline	A2 complete provider window development Gate	2026-10-07T05:56:23.3521420Z ✔ recursive semantic failure is rejected (179.089078ms)
frontend-baseline	A2 complete provider window development Gate	2026-10-07T05:56:23.3522551Z ✔ normative input changed is rejected (175.923431ms)
frontend-baseline	A2 complete provider window development Gate	2026-10-07T05:56:23.3523609Z ✔ normative plan changed is rejected (183.956993ms)
frontend-baseline	A2 complete provider window development Gate	2026-10-07T05:56:23.3560395Z ✔ missing API coverage is rejected (265.58346ms)
frontend-baseline	A2 complete provider window development Gate	2026-10-07T05:56:23.3578667Z ✔ duplicated API coverage is rejected (276.45828ms)
frontend-baseline	A2 complete provider window development Gate	2026-10-07T05:56:23.3579260Z ✔ target receipt substituted is rejected (258.713629ms)
frontend-baseline	A2 complete provider window development Gate	2026-10-07T05:56:23.3579747Z ✔ failed target API is rejected (253.814084ms)
frontend-baseline	A2 complete provider window development Gate	2026-10-07T05:56:23.3580542Z ✔ all target operations denied is rejected (248.89238ms)
frontend-baseline	A2 complete provider window development Gate	2026-10-07T05:56:23.3581415Z ✔ planned API counted as implementation is rejected (268.024168ms)
frontend-baseline	A2 complete provider window development Gate	2026-10-07T05:56:23.3581936Z ✔ catalog scope omitted is rejected (260.35913ms)
frontend-baseline	A2 complete provider window development Gate	2026-10-07T05:56:23.3582361Z ✔ wrong API owner is rejected (255.068419ms)
frontend-baseline	A2 complete provider window development Gate	2026-10-07T05:56:23.3583574Z ✔ executed check absent is rejected (250.832524ms)
frontend-baseline	A2 complete provider window development Gate	2026-10-07T05:56:23.3584040Z ✔ failed execution is rejected (252.692751ms)
frontend-baseline	A2 complete provider window development Gate	2026-10-07T05:56:23.3584449Z ✔ log substituted is rejected (252.112222ms)
frontend-baseline	A2 complete provider window development Gate	2026-10-07T05:56:23.3584895Z ✔ negative tests not executed is rejected (269.091837ms)
frontend-baseline	A2 complete provider window development Gate	2026-10-07T05:56:23.3585353Z ✔ negative tests failed is rejected (254.094873ms)
frontend-baseline	A2 complete provider window development Gate	2026-10-07T05:56:23.3586380Z ✔ mandatory CI removed is rejected (186.965503ms)
frontend-baseline	A2 complete provider window development Gate	2026-10-07T05:56:23.3587168Z ✔ mandatory CI disabled is rejected (185.376909ms)
frontend-baseline	A2 complete provider window development Gate	2026-10-07T05:56:23.3587841Z ✔ mandatory CI conditional is rejected (177.099512ms)
frontend-baseline	A2 complete provider window development Gate	2026-10-07T05:56:23.3588431Z ✔ current Makefile/package/CI invoke the strict A2 checkpoint (2.047099ms)
frontend-baseline	A2 complete provider window development Gate	2026-10-07T05:56:23.4038021Z ℹ tests 31
frontend-baseline	A2 complete provider window development Gate	2026-10-07T05:56:23.4038631Z ℹ suites 0
frontend-baseline	A2 complete provider window development Gate	2026-10-07T05:56:23.4039077Z ℹ pass 31
frontend-baseline	A2 complete provider window development Gate	2026-10-07T05:56:23.4039488Z ℹ fail 0
frontend-baseline	A2 complete provider window development Gate	2026-10-07T05:56:23.4039920Z ℹ cancelled 0
frontend-baseline	A2 complete provider window development Gate	2026-10-07T05:56:23.4040391Z ℹ skipped 0
frontend-baseline	A2 complete provider window development Gate	2026-10-07T05:56:23.4040815Z ℹ todo 0
frontend-baseline	A2 complete provider window development Gate	2026-10-07T05:56:23.4041373Z ℹ duration_ms 6945.015915
