verify	Rebuild isolated databases and test drift and RLS	﻿2026-10-07T06:07:04.8197655Z ##[group]Run make f02-db-check
verify	Rebuild isolated databases and test drift and RLS	2026-10-07T06:07:04.8197961Z ^[[36;1mmake f02-db-check^[[0m
verify	Rebuild isolated databases and test drift and RLS	2026-10-07T06:07:04.8238237Z shell: /usr/bin/bash -e {0}
verify	Rebuild isolated databases and test drift and RLS	2026-10-07T06:07:04.8238529Z env:
verify	Rebuild isolated databases and test drift and RLS	2026-10-07T06:07:04.8238745Z   QUANTOS_SKIP_ENV: 1
verify	Rebuild isolated databases and test drift and RLS	2026-10-07T06:07:04.8239224Z   F02_PG_ADMIN_URL: postgresql://postgres@127.0.0.1:5432/postgres
verify	Rebuild isolated databases and test drift and RLS	2026-10-07T06:07:04.8239685Z   GITLEAKS_BIN: /home/runner/work/QuantOS/QuantOS/artifacts/tools/gitleaks
verify	Rebuild isolated databases and test drift and RLS	2026-10-07T06:07:04.8240356Z   QUANTOS_BFF_BASE: 2835e41fcaa9f3924e9f03f95c62727b9e6c69b9
verify	Rebuild isolated databases and test drift and RLS	2026-10-07T06:07:04.8240801Z   QUANTOS_PROTO_BASE: 2835e41fcaa9f3924e9f03f95c62727b9e6c69b9
verify	Rebuild isolated databases and test drift and RLS	2026-10-07T06:07:04.8241186Z   QUANTOS_SOURCE_SHA: 47cb743c4587f2eb866f39c594a472a86d262dfc
verify	Rebuild isolated databases and test drift and RLS	2026-10-07T06:07:04.8241520Z   CARGO_TERM_COLOR: always
verify	Rebuild isolated databases and test drift and RLS	2026-10-07T06:07:04.8241781Z   NEXT_PUBLIC_QUANTOS_ENV: local-mock
verify	Rebuild isolated databases and test drift and RLS	2026-10-07T06:07:04.8242100Z   NEXT_PUBLIC_SITE_ORIGIN: https://sumalpha.ai
verify	Rebuild isolated databases and test drift and RLS	2026-10-07T06:07:04.8242465Z   NEXT_PUBLIC_QUANTOS_TERMINAL_ORIGIN: http://localhost:3190
verify	Rebuild isolated databases and test drift and RLS	2026-10-07T06:07:04.8242838Z   NEXT_PUBLIC_QUANTOS_BFF_ORIGIN: http://localhost:4010
verify	Rebuild isolated databases and test drift and RLS	2026-10-07T06:07:04.8243251Z   NEXT_PUBLIC_QUANTOS_OIDC_ISSUER: https://mock.idp.local
verify	Rebuild isolated databases and test drift and RLS	2026-10-07T06:07:04.8243624Z   NEXT_PUBLIC_QUANTOS_OIDC_CLIENT_ID: quantos-terminal-ci
verify	Rebuild isolated databases and test drift and RLS	2026-10-07T06:07:04.8244037Z   NEXT_PUBLIC_QUANTOS_OIDC_REDIRECT_URI: http://localhost:3190/auth/callback
verify	Rebuild isolated databases and test drift and RLS	2026-10-07T06:07:04.8244423Z   NEXT_PUBLIC_QUANTOS_DEFAULT_MODE: paper
verify	Rebuild isolated databases and test drift and RLS	2026-10-07T06:07:04.8244715Z   NEXT_PUBLIC_QUANTOS_MOCK_ENABLED: true
verify	Rebuild isolated databases and test drift and RLS	2026-10-07T06:07:04.8244989Z   NEXT_PUBLIC_QUANTOS_OBS_ENABLED: false
verify	Rebuild isolated databases and test drift and RLS	2026-10-07T06:07:04.8245308Z   NEXT_PUBLIC_QUANTOS_FEATURE_ASSISTED_LIVE_TESTNET: off
verify	Rebuild isolated databases and test drift and RLS	2026-10-07T06:07:04.8245637Z   CARGO_HOME: /home/runner/.cargo
verify	Rebuild isolated databases and test drift and RLS	2026-10-07T06:07:04.8245900Z   CARGO_INCREMENTAL: 0
verify	Rebuild isolated databases and test drift and RLS	2026-10-07T06:07:04.8246207Z   pythonLocation: /opt/hostedtoolcache/Python/3.12.10/x64
verify	Rebuild isolated databases and test drift and RLS	2026-10-07T06:07:04.8246620Z   PKG_CONFIG_PATH: /opt/hostedtoolcache/Python/3.12.10/x64/lib/pkgconfig
verify	Rebuild isolated databases and test drift and RLS	2026-10-07T06:07:04.8247054Z   Python_ROOT_DIR: /opt/hostedtoolcache/Python/3.12.10/x64
verify	Rebuild isolated databases and test drift and RLS	2026-10-07T06:07:04.8247438Z   Python2_ROOT_DIR: /opt/hostedtoolcache/Python/3.12.10/x64
verify	Rebuild isolated databases and test drift and RLS	2026-10-07T06:07:04.8247815Z   Python3_ROOT_DIR: /opt/hostedtoolcache/Python/3.12.10/x64
verify	Rebuild isolated databases and test drift and RLS	2026-10-07T06:07:04.8248208Z   LD_LIBRARY_PATH: /opt/hostedtoolcache/Python/3.12.10/x64/lib
verify	Rebuild isolated databases and test drift and RLS	2026-10-07T06:07:04.8248584Z   UV_CACHE_DIR: /home/runner/work/_temp/setup-uv-cache
verify	Rebuild isolated databases and test drift and RLS	2026-10-07T06:07:04.8248894Z ##[endgroup]
verify	Rebuild isolated databases and test drift and RLS	2026-10-07T06:07:04.8327692Z node scripts/f02-db-gate.cjs
verify	Rebuild isolated databases and test drift and RLS	2026-10-07T06:07:05.3439597Z column "file_size_limit" of relation "buckets" does not exist
verify	Rebuild isolated databases and test drift and RLS	2026-10-07T06:07:05.3439966Z 
verify	Rebuild isolated databases and test drift and RLS	2026-10-07T06:07:05.3443174Z {
verify	Rebuild isolated databases and test drift and RLS	2026-10-07T06:07:05.3443607Z   "status": "FAIL",
verify	Rebuild isolated databases and test drift and RLS	2026-10-07T06:07:05.3444013Z   "passed": false,
verify	Rebuild isolated databases and test drift and RLS	2026-10-07T06:07:05.3444543Z   "source": "47cb743c4587f2eb866f39c594a472a86d262dfc",
verify	Rebuild isolated databases and test drift and RLS	2026-10-07T06:07:05.3445039Z   "dirty": false,
verify	Rebuild isolated databases and test drift and RLS	2026-10-07T06:07:05.3445452Z   "startedAt": "2026-10-07T06:07:04.913Z",
verify	Rebuild isolated databases and test drift and RLS	2026-10-07T06:07:05.3445872Z   "checks": [],
verify	Rebuild isolated databases and test drift and RLS	2026-10-07T06:07:05.3446528Z   "error": "column \"file_size_limit\" of relation \"buckets\" does not exist\n",
verify	Rebuild isolated databases and test drift and RLS	2026-10-07T06:07:05.3447333Z   "completedAt": "2026-10-07T06:07:05.343Z"
verify	Rebuild isolated databases and test drift and RLS	2026-10-07T06:07:05.3447870Z }
verify	Rebuild isolated databases and test drift and RLS	2026-10-07T06:07:05.3474261Z make: *** [Makefile:475: f02-db-check] Error 1
verify	Rebuild isolated databases and test drift and RLS	2026-10-07T06:07:05.3482428Z ##[error]Process completed with exit code 2.
