✔ current BFF-FE-000 repository Gate passes (4.11525ms)
✔ missing phase-one page mapping is rejected (2.527375ms)
✔ published operation drift is rejected (3.997125ms)
✔ planned operation traceability deletion is rejected (1.678375ms)
✔ shared idempotency baseline deletion is rejected (2.7005ms)
✔ dependency regression is rejected (1.572ms)
✔ error correlation header deletion is rejected (2.360167ms)
✔ generated Zod export deletion is rejected (1.911334ms)
✔ missing staging permits development readiness and never claims formal acceptance (1.353708ms)
✔ stage deferral cannot bypass engineering failures, final receipt requirements or unknown stages (0.067458ms)
✔ final review command cannot be rewired to the development stage (6.988458ms)
✔ current semantic A1 gate passes (3.370542ms)
✔ rejects cookie semantic regression (2.865291ms)
✔ rejects idempotency semantic regression (2.886917ms)
✔ rejects sort semantic regression (3.756708ms)
✔ rejects page semantic regression (2.599708ms)
✔ rejects ci semantic regression (2.540292ms)
✔ rejects decimal semantic regression (3.255292ms)
✔ rejects version semantic regression (2.684833ms)
✔ rejects csrf semantic regression (2.594583ms)
✔ exact registered security correction is accepted only within its window (12.522542ms)
✔ unregistered breaking type, enum or missing baseline fails closed (24.342166ms)
✔ new required parameters and constraints cannot silently bypass compatibility (1.075125ms)
✔ absent, invented and reference-only staging receipts never close A1 (0.495042ms)
✔ final receipt requires technical evidence plus one input-bound user confirmation (1.077875ms)
✔ optional property within an existing allOf is additive, required changes are rejected (0.117542ms)
ℹ tests 26
ℹ suites 0
ℹ pass 26
ℹ fail 0
ℹ cancelled 0
ℹ skipped 0
ℹ todo 0
ℹ duration_ms 174.075417
