
> @sumalpha/quantos@ test:pre01 /Users/anray/Documents/project/SumAlpha/QuantOS
> node --test ./scripts/tests/check-pre01.test.mjs

✔ current PRE-01 artifacts satisfy the executable contract (5.374667ms)
✔ missing a page state fails closed (1.752667ms)
✔ invalid story priority fails closed (0.509167ms)
✔ missing traceability row fails closed (1.339834ms)
✔ published operation cannot regress to planned fails closed (1.643666ms)
✔ unknown role fails closed (0.489917ms)
✔ unknown route fails closed (0.512708ms)
✔ duplicate story fails closed (0.540208ms)
✔ missing flow stories fails closed (0.564625ms)
✔ missing flow scenarios fails closed (1.191958ms)
✔ unsafe proposal criterion fails closed (1.168041ms)
✔ unknown trace task fails closed (1.306708ms)
✔ unauthorized admin grant fails closed (0.984334ms)
✔ missing permission route fails closed (0.679583ms)
✔ phase-one P16 fails closed (0.075292ms)
✔ missing contract owner fails closed (1.106708ms)
✔ empty flow role fails closed (0.571666ms)
✔ empty flow route fails closed (0.61025ms)
✔ state label mismatch fails closed (0.855875ms)
✔ desktop-only story fails closed (0.433583ms)
✔ persistent offline cache fails closed (0.937917ms)
✔ admin domain permission fails closed (0.708917ms)
✔ missing page story fails closed (0.474667ms)
✔ cross-page route fails closed (0.471875ms)
✔ current G0 governance preserves history without granting current acceptance (3.540792ms)
✔ past-due G0 item cannot silently remain OPEN (0.642292ms)
✔ fabricated G0 acceptance fails against current checkpoint (0.576833ms)
✔ missing G0 leftover owner fails (0.572542ms)
✔ P05 cannot bind metadata download to an untraced audit export operation (1.921667ms)
✔ P21 cannot drop alert ownership from both ledger and trace while retaining the subscription (2.069916ms)
✔ unknown unlabelled operation in API register is rejected (1.734ms)
✔ P05 quality alerts require C16 ownership on the consumer page (1.493916ms)
✔ API register rejects current version 1.4.0 (1.413125ms)
✔ API register rejects current version 99.99.0 (1.424833ms)
✔ published register row cannot omit API version (1.480625ms)
✔ published register row cannot omit generated mock version (1.469ms)
✔ all ten historical compatibility strategies cannot be cleared (0.676833ms)
✔ current disposition cannot drop a historical parent (0.891041ms)
✔ current disposition requires effective checkpoint deadline (0.773583ms)
✔ current disposition cannot claim target RELEASE completion (0.812875ms)
✔ current disposition requires nonempty compatibility strategy (0.899542ms)
✔ current disposition presentation must match structured source (0.740583ms)
✔ current deadline cannot defer DEVELOPMENT provider obligations to integration (0.814625ms)
ℹ tests 43
ℹ suites 0
ℹ pass 43
ℹ fail 0
ℹ cancelled 0
ℹ skipped 0
ℹ todo 0
ℹ duration_ms 140.609208
