
> @sumalpha/quantos@ test:pre02 /Users/anray/Documents/project/SumAlpha/QuantOS
> pnpm --filter @sumalpha/ui test:pre02


> @sumalpha/ui@0.1.0 test:pre02 /Users/anray/Documents/project/SumAlpha/QuantOS/packages/ui
> node --test scripts/pre02-gate-negative.mjs

✔ current PRE-02 design-system contract passes (7.930084ms)
✔ renaming a required safety key fails even when the count stays at 18 (1.998166ms)
✔ missing state color mapping fails closed (1.248708ms)
✔ insufficient focus contrast is rejected (1.1475ms)
✔ missing readonly viewport is rejected (1.050125ms)
✔ deny cannot become success (1.216541ms)
✔ mapped token paths must exist (0.812083ms)
✔ English safety semantics cannot be inverted (0.710292ms)
✔ all compact density values remain frozen (0.793667ms)
✔ focus width and path remain frozen (1.175375ms)
✔ breakpoint intervals cannot develop gaps (0.76275ms)
✔ typography and spacing must match the reviewed contract (0.86675ms)
✔ required component identity cannot be replaced (0.623ms)
✔ comments do not supply executable Storybook configuration (0.730291ms)
✔ surface.2 contrast cannot be removed from the contract (0.636167ms)
✔ native reference viewport is not a prerequisite of the Web Gate (0.573792ms)
✔ disabled contrast rule cannot hide behind a matching comment (0.601792ms)
✔ readonly viewport dimensions cannot hide behind its identifier (0.550333ms)
✔ phase-two page cannot enter the Web component acceptance rows (0.696167ms)
✔ provider JSX outside the decorator cannot authorize empty decorators (0.667125ms)
✔ unexported configuration does not authorize a Storybook entry (0.626709ms)
✔ initial theme cannot contradict the dark default contract (0.599125ms)
✔ object spread cannot silently override required addons (0.698666ms)
✔ duplicate decorators cannot replace the validated provider tree (0.671667ms)
✔ dead JSX branches are not executed provider decorators (0.880958ms)
✔ provider attributes cannot be overwritten through JSX spreads (0.685084ms)
✔ provider-only JSX without the Story consumer is rejected (0.663708ms)
ℹ tests 27
ℹ suites 0
ℹ pass 27
ℹ fail 0
ℹ cancelled 0
ℹ skipped 0
ℹ todo 0
ℹ duration_ms 197.132583
