
> @sumalpha/quantos@ test:pre03 /Users/anray/Documents/project/SumAlpha/QuantOS
> node --test scripts/pre03-gate-negative.mjs

✔ current Web contract passes and never loads Desktop inputs (8.594542ms)
✔ apps/terminal rejects Next 15.5.23 (5.291208ms)
✔ apps/terminal rejects Next 16.0.0 (1.870334ms)
✔ apps/website rejects Next 15.5.23 (1.617708ms)
✔ apps/website rejects Next 16.0.0 (1.668625ms)
✔ missing package resolutions (1.842708ms)
✔ missing snapshots (1.142416ms)
✔ specifier drift (1.693417ms)
✔ dependency removed (1.770875ms)
✔ dependency inserted (1.8515ms)
✔ manifest drift fails without changing lock (0.865375ms)
✔ ADR drift fails (0.725875ms)
✔ duplicate ADR version row fails (0.695042ms)
✔ missing transitive snapshot fails (1.611416ms)
✔ Node pin drift fails (0.80125ms)
✔ effective Next configuration: valid export (222.494041ms)
✔ effective Next configuration: comment marker (220.71075ms)
✔ effective Next configuration: dead branch (218.029542ms)
✔ effective Next configuration: subsequent override (216.88575ms)
✔ effective Next configuration: function config (216.109208ms)
✔ bad route resources, fake HTML and script failures fail closed (11817.487334ms)
✔ Next-specific async client violation is an ESLint error (240.122792ms)
✔ build receipts reject stale source, config, identity and missing receipts (2.074166ms)
✔ source binding ignores caches but detects actual source changes (3.573167ms)
✔ all workspace importers and exact link targets are required (11.243917ms)
✔ runtime loader discovers omitted manifests independently of lockfile (501.728875ms)
✔ per-app env files are isolated and reloaded without polluting caller (667.617084ms)
ℹ tests 27
ℹ suites 0
ℹ pass 27
ℹ fail 0
ℹ cancelled 0
ℹ skipped 0
ℹ todo 0
ℹ duration_ms 15096.533459
