
> @sumalpha/quantos@ test:pre06 /Users/anray/Documents/project/SumAlpha/QuantOS
> node --test scripts/pre06-gate-negative.mjs scripts/pre06-runtime-negative.mjs

✔ current PRE-06 Web baseline passes (25.156291ms)
✔ website browser Gate deletion is rejected (10.00675ms)
✔ Desktop coupling in phase-one compatibility is rejected (8.02825ms)
✔ Desktop deep-link inclusion in phase-one Terminal is rejected (6.773625ms)
✔ generated operation coverage drift is rejected (6.805042ms)
✔ visual baseline integrity failure is rejected (5.732292ms)
✔ performance budget weakening is rejected (5.802625ms)
✔ disabled CI steps and comment-only commands are rejected (16.532375ms)
✔ contract assertion deletion and visual comparison deletion fail closed (10.962166ms)
✔ website performance and critical coverage gates cannot be removed (10.667459ms)
✔ CI retry policy must reject flaky outcomes and archive failure evidence (10.363667ms)
✔ comments cannot restore weakened budget or critical coverage policy (14.061667ms)
✔ skipped suites and inactive screenshot assertions cannot satisfy the baseline (36.774458ms)
✔ critical contract callbacks cannot return early, hide assertions, or remove runtime counting (24.543125ms)
✔ unknown and corrupted fixtures are rejected, explicit sabotage fixtures remain expected failures (29.503292ms)
✔ empty assets and empty route manifest are never a zero-sized performance PASS (28.605333ms)
✔ actual CI configs return nonzero for first-fail-then-pass policy probe (1276.811084ms)
ℹ tests 17
ℹ suites 0
ℹ pass 17
ℹ fail 0
ℹ cancelled 0
ℹ skipped 0
ℹ todo 0
ℹ duration_ms 1382.368709
