Validated 6 pinned Buf plugins and locked generation workflow.
✔ proto generation configuration is pinned and lock-preserving (37.514084ms)
✔ proto generation configuration rejects an unpinned remote plugin (36.765833ms)
✔ proto generation configuration rejects implicit dependency updates (36.4615ms)
ℹ tests 3
ℹ suites 0
ℹ pass 3
ℹ fail 0
ℹ cancelled 0
ℹ skipped 0
ℹ todo 0
ℹ duration_ms 141.948917
Extracted 50 JSON schema documents.
Validated 50 standalone JSON schemas and 11 planned domain schemas.
✔ standalone JSON schema gate passes the complete generated catalog (138.473125ms)
✔ standalone JSON schema gate rejects a missing planned domain schema (48.615583ms)
✔ standalone JSON schema gate rejects an unresolved reference (130.733792ms)
ℹ tests 3
ℹ suites 0
ℹ pass 3
ℹ fail 0
ℹ cancelled 0
ℹ skipped 0
ℹ todo 0
ℹ duration_ms 352.247291
Proto compatibility checked against a8b2b9cfa96cfd9ac9863379174a6e5dc998632d
Proto checks passed.
