
> @sumalpha/quantos@ test:development-plans /Users/anray/Documents/project/SumAlpha/QuantOS
> node --test scripts/development-plan-order-negative.mjs

✖ joint schedule is acyclic and preserves task/status boundaries (9.045167ms)
✔ restoring a complete R1 prerequisite for S2 services creates a rejected cycle (4.114584ms)
✔ research service waiting on its consumer page is rejected (3.6415ms)
✔ historical CORE:R04 to CORE:L04 probe now fails closed (3.686208ms)
✔ an early identity API cannot silently depend on later research services (4.775042ms)
✔ a provider cannot wait for the consumer frontend Gate (3.385709ms)
✔ removing S2 service admission from a core execution task is rejected (3.854792ms)
✔ S2 service Gate cannot omit TP12 advance evaluation (3.913667ms)
✔ I10 cannot drop testnet service admission even if metadata is edited with it (4.494916ms)
✔ a new or existing frontend cannot skip the full provider Gate (4.156333ms)
✔ G5 cannot be marked as closing in I4 before reconciliation (3.923375ms)
✔ moving the G1 block above I1 tasks is rejected (3.7725ms)
✔ milestone cannot omit its last child while retaining a Gate summary (4.329416ms)
✔ prose-only backend dependencies cannot drift from structured prerequisites (4.357458ms)
✔ core closure mapping cannot become an implicit service alias (4.442291ms)
✔ ACCEPTED checkpoint needs SHA and evidence, not only a green word (4.597417ms)
✔ accepted checkpoint evidence must resolve (2.062583ms)
✔ missing checkpoint and unknown dependency fail closed (5.177875ms)
✔ API windows cannot skip their preceding provider checkpoint (3.857167ms)
✔ UI windows cannot skip the preceding reconciliation window (3.831125ms)
✔ Web intake preserves the explicit no-model-review schema (1.335667ms)
✔ missing Web task fields still fail closed (1.149667ms)
ℹ tests 22
ℹ suites 0
ℹ pass 21
ℹ fail 1
ℹ cancelled 0
ℹ skipped 0
ℹ todo 0
ℹ duration_ms 124.865833

✖ failing tests:

test at scripts/development-plan-order-negative.mjs:31:1
✖ joint schedule is acyclic and preserves task/status boundaries (9.045167ms)
  AssertionError [ERR_ASSERTION]: docs/SumAlpha-QuantOS-Frontend-Development-Execution-Plan.md: broken local link ./audit/BFF-FE-000-remediation-validation-2026-10-03.md
      at validatePlans (file:///Users/anray/Documents/project/SumAlpha/QuantOS/scripts/check-development-plans.mjs:223:7)
      at check (file:///Users/anray/Documents/project/SumAlpha/QuantOS/scripts/development-plan-order-negative.mjs:29:43)
      at TestContext.<anonymous> (file:///Users/anray/Documents/project/SumAlpha/QuantOS/scripts/development-plan-order-negative.mjs:32:18)
      at Test.runInAsyncScope (node:async_hooks:214:14)
      at Test.run (node:internal/test_runner/test:1106:25)
      at Test.start (node:internal/test_runner/test:1003:17)
      at startSubtestAfterBootstrap (node:internal/test_runner/harness:358:17) {
    generatedMessage: false,
    code: 'ERR_ASSERTION',
    actual: false,
    expected: true,
    operator: '==',
    diff: 'simple'
  }
 ELIFECYCLE  Command failed with exit code 1.
