
> @sumalpha/quantos@ test:pre06 /Users/anray/Documents/project/SumAlpha/QuantOS
> node --test scripts/pre06-gate-negative.mjs scripts/pre06-runtime-negative.mjs

✔ current PRE-06 Web baseline passes (33.620667ms)
✔ website browser Gate deletion is rejected (13.649458ms)
✔ Desktop coupling in phase-one compatibility is rejected (10.753542ms)
✔ Desktop deep-link inclusion in phase-one Terminal is rejected (9.376292ms)
✔ generated operation coverage drift is rejected (7.52025ms)
✔ visual baseline integrity failure is rejected (8.943583ms)
✔ performance budget weakening is rejected (6.129917ms)
✔ disabled CI steps and comment-only commands are rejected (17.74725ms)
✔ contract assertion deletion and visual comparison deletion fail closed (11.24675ms)
✔ website performance and critical coverage gates cannot be removed (10.913166ms)
✔ CI retry policy must reject flaky outcomes and archive failure evidence (9.712958ms)
✔ comments cannot restore weakened budget or critical coverage policy (13.933542ms)
✔ skipped suites and inactive screenshot assertions cannot satisfy the baseline (35.67775ms)
✔ critical contract callbacks cannot return early, hide assertions, or remove runtime counting (21.543542ms)
✔ unknown and corrupted fixtures are rejected, explicit sabotage fixtures remain expected failures (29.404792ms)
✔ empty assets and empty route manifest are never a zero-sized performance PASS (29.001042ms)
✔ actual CI configs return nonzero for first-fail-then-pass policy probe (1303.28425ms)
ℹ tests 17
ℹ suites 0
ℹ pass 17
ℹ fail 0
ℹ cancelled 0
ℹ skipped 0
ℹ todo 0
ℹ duration_ms 1409.421833
