
> @sumalpha/quantos@ test:pre04 /Users/anray/Documents/project/SumAlpha/QuantOS
> node --test scripts/pre04-gate-negative.mjs

✖ current full phase-one inventory passes (11.07425ms)
✔ missing Gap is rejected (4.849583ms)
✔ undecided realtime dependency is rejected (4.821917ms)
✔ deleted required actorId field is rejected (3.966209ms)
✔ nonexistent field source is rejected (4.056209ms)
✔ wrong field type and optionality are rejected (4.32825ms)
✔ generated operation deletion is rejected (3.704541ms)
✔ generated method and path drift are rejected (7.545709ms)
✔ same-count schema rename is rejected (3.179667ms)
✔ schema required and enum drift are rejected (8.01125ms)
✔ same-count Proto message rename is rejected (3.796084ms)
✔ removed Proto declaration is rejected (3.748625ms)
✔ same-count JSON Schema replacement is rejected (3.75675ms)
✔ duplicate contract row is rejected before Map collapse (3.486167ms)
✔ duplicate Gap row is rejected before Map collapse (3.568917ms)
✔ nonexistent role owner is rejected (3.728833ms)
✔ nonexistent backend task is rejected (3.514875ms)
✔ nonexistent BFF task is rejected (3.43025ms)
✔ unknown Gap page is rejected (3.684166ms)
✔ each missing website P0 page is rejected (17.365792ms)
✔ missing auxiliary risk/audit/order contract is rejected (10.578083ms)
✔ closing partly published Gap is rejected (3.441666ms)
✔ omitting planned operation is rejected (3.351667ms)
✔ unpublished Inventory Fixture cannot claim Implemented (3.366625ms)
✔ generated-only contract cannot claim Integrated (3.763459ms)
✔ missing provider evidence is rejected (3.476792ms)
✔ changed provider receipt is rejected (3.551667ms)
✔ missing Inventory Fixture is rejected (3.827375ms)
✔ Desktop contamination is rejected by Web inventory (3.821708ms)
✔ nonexistent domain field mappings including the former engine-version anchor are rejected (7.158458ms)
✔ removed referenced core task is rejected (3.477042ms)
✔ catalog source drift is rejected (3.5755ms)
✔ empty implementation artifact lists are rejected for every implemented contract (11.776583ms)
✔ each missing implementation evidence category is rejected (31.917375ms)
✔ duplicate artifacts cannot substitute for test or receipt evidence (3.739583ms)
✔ another contract receipt cannot substitute for required evidence (3.83125ms)
✔ unknown task suffixes are rejected in both backend task columns (21.016667ms)
✔ ambiguous cross-prefix ranges cannot impersonate reviewed backend tasks (6.755125ms)
ℹ tests 38
ℹ suites 0
ℹ pass 37
ℹ fail 1
ℹ cancelled 0
ℹ skipped 0
ℹ todo 0
ℹ duration_ms 334.863333

✖ failing tests:

test at scripts/pre04-gate-negative.mjs:17:1
✖ current full phase-one inventory passes (11.07425ms)
  AssertionError [ERR_ASSERTION]: C10 capability and domain coverage match reviewed decisions
  
  'FAIL' !== 'PASS'
  
      at TestContext.<anonymous> (file:///Users/anray/Documents/project/SumAlpha/QuantOS/scripts/pre04-gate-negative.mjs:19:10)
      at Test.runInAsyncScope (node:async_hooks:214:14)
      at Test.run (node:internal/test_runner/test:1106:25)
      at Test.start (node:internal/test_runner/test:1003:17)
      at startSubtestAfterBootstrap (node:internal/test_runner/harness:358:17) {
    generatedMessage: false,
    code: 'ERR_ASSERTION',
    actual: 'FAIL',
    expected: 'PASS',
    operator: 'strictEqual',
    diff: 'simple'
  }
 ELIFECYCLE  Command failed with exit code 1.
