
> @sumalpha/quantos@ test:pre01 /Users/anray/Documents/project/SumAlpha/QuantOS
> node --test ./scripts/tests/check-pre01.test.mjs

✔ current PRE-01 artifacts satisfy the executable contract (4.579ms)
✔ missing a page state fails closed (1.870875ms)
✔ invalid story priority fails closed (0.557375ms)
✔ missing traceability row fails closed (1.585084ms)
✔ published operation cannot regress to planned fails closed (1.725958ms)
✔ unknown role fails closed (0.534084ms)
✔ unknown route fails closed (0.619167ms)
✔ duplicate story fails closed (0.5915ms)
✔ missing flow stories fails closed (0.618584ms)
✔ missing flow scenarios fails closed (1.08775ms)
✔ unsafe proposal criterion fails closed (1.248209ms)
✔ unknown trace task fails closed (1.22075ms)
✔ unauthorized admin grant fails closed (0.951916ms)
✔ missing permission route fails closed (0.796792ms)
✔ phase-one P16 fails closed (0.098958ms)
✔ missing contract owner fails closed (1.082333ms)
✔ empty flow role fails closed (0.703416ms)
✔ empty flow route fails closed (0.640708ms)
✔ state label mismatch fails closed (0.846084ms)
✔ desktop-only story fails closed (0.428917ms)
✔ persistent offline cache fails closed (1.049166ms)
✔ admin domain permission fails closed (0.821708ms)
✔ missing page story fails closed (0.751708ms)
✔ cross-page route fails closed (0.543583ms)
✔ current G0 governance preserves history without granting current acceptance (2.205708ms)
✔ past-due G0 item cannot silently remain OPEN (0.531708ms)
✔ fabricated G0 acceptance fails against current checkpoint (0.463416ms)
✔ missing G0 leftover owner fails (0.417375ms)
✔ P05 cannot bind metadata download to an untraced audit export operation (1.9175ms)
✔ P21 cannot drop alert ownership from both ledger and trace while retaining the subscription (1.891333ms)
✔ unknown unlabelled operation in API register is rejected (1.617375ms)
✔ P05 quality alerts require C16 ownership on the consumer page (1.719833ms)
ℹ tests 32
ℹ suites 0
ℹ pass 32
ℹ fail 0
ℹ cancelled 0
ℹ skipped 0
ℹ todo 0
ℹ duration_ms 88.703709
