cargo build -p bff-gateway -p runtime-gateway --locked
    Finished `dev` profile [unoptimized + debuginfo] target(s) in 0.10s
node:events:486
      throw er; // Unhandled 'error' event
      ^

Error: read EADDRNOTAVAIL
    at TLSWrap.onStreamRead (node:internal/stream_base_commons:216:20)
Emitted 'error' event on Client instance at:
    at Client._handleErrorEvent (/Users/anray/Documents/project/SumAlpha/QuantOS/node_modules/.pnpm/pg@8.16.3/node_modules/pg/lib/client.js:350:10)
    at Connection.emit (node:events:508:28)
    at TLSSocket.reportStreamError (/Users/anray/Documents/project/SumAlpha/QuantOS/node_modules/.pnpm/pg@8.16.3/node_modules/pg/lib/connection.js:57:12)
    at TLSSocket.emit (node:events:508:28)
    at emitErrorNT (node:internal/streams/destroy:170:8)
    at emitErrorCloseNT (node:internal/streams/destroy:129:3)
    at process.processTicksAndRejections (node:internal/process/task_queues:89:21) {
  errno: -49,
  code: 'EADDRNOTAVAIL',
  syscall: 'read'
}

Node.js v24.12.0
make: *** [f07-target-service-acceptance] Error 1
