✔ current BFF-FE-001 repository Gate passes (7.419041ms)
✔ CSRF deletion is rejected (4.562458ms)
✔ bearer session regression is rejected (4.454917ms)
✔ recent-auth deletion is rejected (3.813791ms)
✔ idempotency deletion is rejected (4.367083ms)
✔ last-factor protection deletion is rejected (3.263583ms)
✔ resource-hiding 404 deletion is rejected (3.628625ms)
✔ revocation replay deletion is rejected (3.571542ms)
✔ security audit reference deletion is rejected (3.527167ms)
✔ dependency regression is rejected (2.580708ms)
✔ provider changes invalidate executed evidence (2.338166ms)
✔ providerTests changes invalidate executed evidence (2.47825ms)
✔ authClient changes invalidate executed evidence (2.633625ms)
✔ settingsClient changes invalidate executed evidence (2.415334ms)
✔ liveProvider changes invalidate executed evidence (2.757166ms)
✔ frontendWorkflow commands in comments do not count as CI (2.847583ms)
✔ ciWorkflow commands in comments do not count as CI (2.594958ms)
✔ disabled CI steps cannot satisfy the Gate (2.491666ms)
✔ outdated inventory cannot satisfy the active evidence Gate (2.415542ms)
✔ commented Make recipes do not satisfy executable wiring (2.476542ms)
✔ no semantic receipt cannot satisfy the Gate (2.259416ms)
✔ deleted active evidence cannot satisfy the Gate (2.137833ms)
ℹ tests 22
ℹ suites 0
ℹ pass 22
ℹ fail 0
ℹ cancelled 0
ℹ skipped 0
ℹ todo 0
ℹ duration_ms 164.445208
