supabase-target	Same SHA Supabase PostgreSQL Gate	﻿2026-10-05T15:00:51.9639999Z ##[group]Run make f09-target-check
supabase-target	Same SHA Supabase PostgreSQL Gate	2026-10-05T15:00:51.9640739Z ^[[36;1mmake f09-target-check^[[0m
supabase-target	Same SHA Supabase PostgreSQL Gate	2026-10-05T15:00:51.9703802Z shell: /usr/bin/bash -e {0}
supabase-target	Same SHA Supabase PostgreSQL Gate	2026-10-05T15:00:51.9704140Z env:
supabase-target	Same SHA Supabase PostgreSQL Gate	2026-10-05T15:00:51.9704413Z   QUANTOS_SKIP_ENV: 1
supabase-target	Same SHA Supabase PostgreSQL Gate	2026-10-05T15:00:51.9705466Z   DATABASE_URL: ***aws-0-ca-central-1.pooler.supabase.com:5432/postgres?sslmode=verify-full&sslrootcert=%2Fhome%2Frunner%2Fwork%2F_temp%2Ff09-ca.pem
supabase-target	Same SHA Supabase PostgreSQL Gate	2026-10-05T15:00:51.9706333Z   SUPABASE_URL: ***
supabase-target	Same SHA Supabase PostgreSQL Gate	2026-10-05T15:00:51.9712489Z   F09_CA_PEM: ***
supabase-target	Same SHA Supabase PostgreSQL Gate	
supabase-target	Same SHA Supabase PostgreSQL Gate	2026-10-05T15:00:51.9712814Z   CARGO_HOME: /home/runner/.cargo
supabase-target	Same SHA Supabase PostgreSQL Gate	2026-10-05T15:00:51.9713165Z   CARGO_INCREMENTAL: 0
supabase-target	Same SHA Supabase PostgreSQL Gate	2026-10-05T15:00:51.9713480Z   CARGO_TERM_COLOR: always
supabase-target	Same SHA Supabase PostgreSQL Gate	2026-10-05T15:00:51.9713865Z   pythonLocation: /opt/hostedtoolcache/Python/3.12.10/x64
supabase-target	Same SHA Supabase PostgreSQL Gate	2026-10-05T15:00:51.9714403Z   PKG_CONFIG_PATH: /opt/hostedtoolcache/Python/3.12.10/x64/lib/pkgconfig
supabase-target	Same SHA Supabase PostgreSQL Gate	2026-10-05T15:00:51.9714940Z   Python_ROOT_DIR: /opt/hostedtoolcache/Python/3.12.10/x64
supabase-target	Same SHA Supabase PostgreSQL Gate	2026-10-05T15:00:51.9715417Z   Python2_ROOT_DIR: /opt/hostedtoolcache/Python/3.12.10/x64
supabase-target	Same SHA Supabase PostgreSQL Gate	2026-10-05T15:00:51.9715918Z   Python3_ROOT_DIR: /opt/hostedtoolcache/Python/3.12.10/x64
supabase-target	Same SHA Supabase PostgreSQL Gate	2026-10-05T15:00:51.9716395Z   LD_LIBRARY_PATH: /opt/hostedtoolcache/Python/3.12.10/x64/lib
supabase-target	Same SHA Supabase PostgreSQL Gate	2026-10-05T15:00:51.9716863Z   UV_CACHE_DIR: /home/runner/work/_temp/setup-uv-cache
supabase-target	Same SHA Supabase PostgreSQL Gate	2026-10-05T15:00:51.9717764Z   QUANTOS_BFF_SSLROOTCERT: /home/runner/work/_temp/f09-ca.pem
supabase-target	Same SHA Supabase PostgreSQL Gate	2026-10-05T15:00:51.9718216Z ##[endgroup]
supabase-target	Same SHA Supabase PostgreSQL Gate	2026-10-05T15:00:51.9857390Z node scripts/f09-target-gate.cjs
supabase-target	Same SHA Supabase PostgreSQL Gate	2026-10-05T15:02:03.2905575Z info: syncing channel updates for 1.91.0-x86_64-unknown-linux-gnu
supabase-target	Same SHA Supabase PostgreSQL Gate	2026-10-05T15:02:03.2907704Z info: latest update on 2025-10-30 for version 1.91.0 (f8297e351 2025-10-28)
supabase-target	Same SHA Supabase PostgreSQL Gate	2026-10-05T15:02:03.2909118Z info: component cargo is up to date
supabase-target	Same SHA Supabase PostgreSQL Gate	2026-10-05T15:02:03.2910068Z info: downloading 2 components
supabase-target	Same SHA Supabase PostgreSQL Gate	2026-10-05T15:02:03.2911430Z ^[[1m^[[92m    Updating^[[0m crates.io index
supabase-target	Same SHA Supabase PostgreSQL Gate	2026-10-05T15:02:03.2912473Z ^[[1m^[[92m Downloading^[[0m crates ...
supabase-target	Same SHA Supabase PostgreSQL Gate	2026-10-05T15:02:03.2913365Z ^[[1m^[[92m  Downloaded^[[0m anstyle v1.0.14
supabase-target	Same SHA Supabase PostgreSQL Gate	2026-10-05T15:02:03.2914254Z ^[[1m^[[92m  Downloaded^[[0m ahash v0.7.8
supabase-target	Same SHA Supabase PostgreSQL Gate	2026-10-05T15:02:03.2915214Z ^[[1m^[[92m  Downloaded^[[0m anyhow v1.0.104
supabase-target	Same SHA Supabase PostgreSQL Gate	2026-10-05T15:02:03.2916242Z ^[[1m^[[92m  Downloaded^[[0m anstyle-query v1.1.5
supabase-target	Same SHA Supabase PostgreSQL Gate	2026-10-05T15:02:03.2917495Z ^[[1m^[[92m  Downloaded^[[0m atomic-waker v1.1.2
supabase-target	Same SHA Supabase PostgreSQL Gate	2026-10-05T15:02:03.2918722Z ^[[1m^[[92m  Downloaded^[[0m jobserver v0.1.35
supabase-target	Same SHA Supabase PostgreSQL Gate	2026-10-05T15:02:03.2919572Z ^[[1m^[[92m  Downloaded^[[0m async-stream v0.3.6
supabase-target	Same SHA Supabase PostgreSQL Gate	2026-10-05T15:02:03.2920190Z ^[[1m^[[92m  Downloaded^[[0m futures-macro v0.3.33
supabase-target	Same SHA Supabase PostgreSQL Gate	2026-10-05T15:02:03.2920688Z ^[[1m^[[92m  Downloaded^[[0m autocfg v1.5.1
supabase-target	Same SHA Supabase PostgreSQL Gate	2026-10-05T15:02:03.2921171Z ^[[1m^[[92m  Downloaded^[[0m bytecheck v0.6.12
supabase-target	Same SHA Supabase PostgreSQL Gate	2026-10-05T15:02:03.2921664Z ^[[1m^[[92m  Downloaded^[[0m itoa v1.0.18
supabase-target	Same SHA Supabase PostgreSQL Gate	2026-10-05T15:02:03.2922153Z ^[[1m^[[92m  Downloaded^[[0m async-trait v0.1.91
supabase-target	Same SHA Supabase PostgreSQL Gate	2026-10-05T15:02:03.2922673Z ^[[1m^[[92m  Downloaded^[[0m async-stream-impl v0.3.6
supabase-target	Same SHA Supabase PostgreSQL Gate	2026-10-05T15:02:03.2923188Z ^[[1m^[[92m  Downloaded^[[0m cpufeatures v0.2.17
supabase-target	Same SHA Supabase PostgreSQL Gate	2026-10-05T15:02:03.2923664Z ^[[1m^[[92m  Downloaded^[[0m arrayvec v0.7.8
supabase-target	Same SHA Supabase PostgreSQL Gate	2026-10-05T15:02:03.2924415Z ^[[1m^[[92m  Downloaded^[[0m is_terminal_polyfill v1.70.2
supabase-target	Same SHA Supabase PostgreSQL Gate	2026-10-05T15:02:03.2925077Z ^[[1m^[[92m  Downloaded^[[0m find-msvc-tools v0.1.9
supabase-target	Same SHA Supabase PostgreSQL Gate	2026-10-05T15:02:03.2925571Z ^[[1m^[[92m  Downloaded^[[0m idna_adapter v1.2.2
supabase-target	Same SHA Supabase PostgreSQL Gate	2026-10-05T15:02:03.2926035Z ^[[1m^[[92m  Downloaded^[[0m ipnet v2.12.0
supabase-target	Same SHA Supabase PostgreSQL Gate	2026-10-05T15:02:03.2926504Z ^[[1m^[[92m  Downloaded^[[0m crypto-common v0.1.7
supabase-target	Same SHA Supabase PostgreSQL Gate	2026-10-05T15:02:03.2926987Z ^[[1m^[[92m  Downloaded^[[0m cfg_aliases v0.2.2
supabase-target	Same SHA Supabase PostgreSQL Gate	2026-10-05T15:02:03.2927730Z ^[[1m^[[92m  Downloaded^[[0m byteorder v1.5.0
supabase-target	Same SHA Supabase PostgreSQL Gate	2026-10-05T15:02:03.2928194Z ^[[1m^[[92m  Downloaded^[[0m anstream v1.0.0
supabase-target	Same SHA Supabase PostgreSQL Gate	2026-10-05T15:02:03.2928649Z ^[[1m^[[92m  Downloaded^[[0m scopeguard v1.2.0
supabase-target	Same SHA Supabase PostgreSQL Gate	2026-10-05T15:02:03.2929128Z ^[[1m^[[92m  Downloaded^[[0m potential_utf v0.1.5
supabase-target	Same SHA Supabase PostgreSQL Gate	2026-10-05T15:02:03.2929624Z ^[[1m^[[92m  Downloaded^[[0m block-buffer v0.12.1
supabase-target	Same SHA Supabase PostgreSQL Gate	2026-10-05T15:02:03.2930494Z ^[[1m^[[92m  Downloaded^[[0m foreign-types-shared v0.1.1
supabase-target	Same SHA Supabase PostgreSQL Gate	2026-10-05T15:02:03.2930983Z ^[[1m^[[92m  Downloaded^[[0m fnv v1.0.7
supabase-target	Same SHA Supabase PostgreSQL Gate	2026-10-05T15:02:03.2931451Z ^[[1m^[[92m  Downloaded^[[0m block-buffer v0.10.4
supabase-target	Same SHA Supabase PostgreSQL Gate	2026-10-05T15:02:03.2932150Z ^[[1m^[[92m  Downloaded^[[0m clap_lex v1.1.0
supabase-target	Same SHA Supabase PostgreSQL Gate	2026-10-05T15:02:03.2932624Z ^[[1m^[[92m  Downloaded^[[0m colorchoice v1.0.5
supabase-target	Same SHA Supabase PostgreSQL Gate	2026-10-05T15:02:03.2933078Z ^[[1m^[[92m  Downloaded^[[0m cfg-if v1.0.4
supabase-target	Same SHA Supabase PostgreSQL Gate	2026-10-05T15:02:03.2933549Z ^[[1m^[[92m  Downloaded^[[0m anstyle-parse v1.0.0
supabase-target	Same SHA Supabase PostgreSQL Gate	2026-10-05T15:02:03.2934033Z ^[[1m^[[92m  Downloaded^[[0m futures-sink v0.3.33
supabase-target	Same SHA Supabase PostgreSQL Gate	2026-10-05T15:02:03.2934495Z ^[[1m^[[92m  Downloaded^[[0m multimap v0.10.1
supabase-target	Same SHA Supabase PostgreSQL Gate	2026-10-05T15:02:03.2934986Z ^[[1m^[[92m  Downloaded^[[0m icu_properties v2.2.0
supabase-target	Same SHA Supabase PostgreSQL Gate	2026-10-05T15:02:03.2935498Z ^[[1m^[[92m  Downloaded^[[0m bytecheck_derive v0.6.12
supabase-target	Same SHA Supabase PostgreSQL Gate	2026-10-05T15:02:03.2935970Z ^[[1m^[[92m  Downloaded^[[0m hmac v0.12.1
supabase-target	Same SHA Supabase PostgreSQL Gate	2026-10-05T15:02:03.2936435Z ^[[1m^[[92m  Downloaded^[[0m futures-core v0.3.33
supabase-target	Same SHA Supabase PostgreSQL Gate	2026-10-05T15:02:03.2936887Z ^[[1m^[[92m  Downloaded^[[0m heck v0.5.0
supabase-target	Same SHA Supabase PostgreSQL Gate	2026-10-05T15:02:03.2937726Z ^[[1m^[[92m  Downloaded^[[0m foreign-types v0.3.2
supabase-target	Same SHA Supabase PostgreSQL Gate	2026-10-05T15:02:03.2938285Z ^[[1m^[[92m  Downloaded^[[0m proc-macro-crate v3.5.0
supabase-target	Same SHA Supabase PostgreSQL Gate	2026-10-05T15:02:03.2938792Z ^[[1m^[[92m  Downloaded^[[0m rand_chacha v0.3.1
supabase-target	Same SHA Supabase PostgreSQL Gate	2026-10-05T15:02:03.2939266Z ^[[1m^[[92m  Downloaded^[[0m strsim v0.11.1
supabase-target	Same SHA Supabase PostgreSQL Gate	2026-10-05T15:02:03.2939753Z ^[[1m^[[92m  Downloaded^[[0m stable_deref_trait v1.2.1
supabase-target	Same SHA Supabase PostgreSQL Gate	2026-10-05T15:02:03.2940244Z ^[[1m^[[92m  Downloaded^[[0m fs_extra v1.3.0
supabase-target	Same SHA Supabase PostgreSQL Gate	2026-10-05T15:02:03.2940717Z ^[[1m^[[92m  Downloaded^[[0m generic-array v0.14.7
supabase-target	Same SHA Supabase PostgreSQL Gate	2026-10-05T15:02:03.2941197Z ^[[1m^[[92m  Downloaded^[[0m pkg-config v0.3.33
supabase-target	Same SHA Supabase PostgreSQL Gate	2026-10-05T15:02:03.2941669Z ^[[1m^[[92m  Downloaded^[[0m futures-task v0.3.33
supabase-target	Same SHA Supabase PostgreSQL Gate	2026-10-05T15:02:03.2942150Z ^[[1m^[[92m  Downloaded^[[0m crypto-common v0.2.2
supabase-target	Same SHA Supabase PostgreSQL Gate	2026-10-05T15:02:03.2942609Z ^[[1m^[[92m  Downloaded^[[0m simdutf8 v0.1.5
supabase-target	Same SHA Supabase PostgreSQL Gate	2026-10-05T15:02:03.2943071Z ^[[1m^[[92m  Downloaded^[[0m sync_wrapper v1.0.2
supabase-target	Same SHA Supabase PostgreSQL Gate	2026-10-05T15:02:03.2943524Z ^[[1m^[[92m  Downloaded^[[0m subtle v2.6.1
supabase-target	Same SHA Supabase PostgreSQL Gate	2026-10-05T15:02:03.2943972Z ^[[1m^[[92m  Downloaded^[[0m rustc-hash v2.1.3
supabase-target	Same SHA Supabase PostgreSQL Gate	2026-10-05T15:02:03.2944424Z ^[[1m^[[92m  Downloaded^[[0m rend v0.4.2
supabase-target	Same SHA Supabase PostgreSQL Gate	2026-10-05T15:02:03.2945209Z ^[[1m^[[92m  Downloaded^[[0m rand_pcg v0.10.2
supabase-target	Same SHA Supabase PostgreSQL Gate	2026-10-05T15:02:03.2946060Z ^[[1m^[[92m  Downloaded^[[0m radium v0.7.0
supabase-target	Same SHA Supabase PostgreSQL Gate	2026-10-05T15:02:03.2946961Z ^[[1m^[[92m  Downloaded^[[0m tokio-macros v2.7.1
supabase-target	Same SHA Supabase PostgreSQL Gate	2026-10-05T15:02:03.2948024Z ^[[1m^[[92m  Downloaded^[[0m quote v1.0.47
supabase-target	Same SHA Supabase PostgreSQL Gate	2026-10-05T15:02:03.2948824Z ^[[1m^[[92m  Downloaded^[[0m tap v1.0.1
supabase-target	Same SHA Supabase PostgreSQL Gate	2026-10-05T15:02:03.2949703Z ^[[1m^[[92m  Downloaded^[[0m tokio-native-tls v0.3.1
supabase-target	Same SHA Supabase PostgreSQL Gate	2026-10-05T15:02:03.2950568Z ^[[1m^[[92m  Downloaded^[[0m pbjson v0.7.0
supabase-target	Same SHA Supabase PostgreSQL Gate	2026-10-05T15:02:03.2951414Z ^[[1m^[[92m  Downloaded^[[0m getrandom v0.2.17
supabase-target	Same SHA Supabase PostgreSQL Gate	2026-10-05T15:02:03.2952251Z ^[[1m^[[92m  Downloaded^[[0m chacha20 v0.10.2
supabase-target	Same SHA Supabase PostgreSQL Gate	2026-10-05T15:02:03.2953119Z ^[[1m^[[92m  Downloaded^[[0m tokio-openssl v0.6.5
supabase-target	Same SHA Supabase PostgreSQL Gate	2026-10-05T15:02:03.2954027Z ^[[1m^[[92m  Downloaded^[[0m tower-service v0.3.3
supabase-target	Same SHA Supabase PostgreSQL Gate	2026-10-05T15:02:03.2954895Z ^[[1m^[[92m  Downloaded^[[0m try-lock v0.2.5
supabase-target	Same SHA Supabase PostgreSQL Gate	2026-10-05T15:02:03.2955774Z ^[[1m^[[92m  Downloaded^[[0m prost-derive v0.13.5
supabase-target	Same SHA Supabase PostgreSQL Gate	2026-10-05T15:02:03.2956660Z ^[[1m^[[92m  Downloaded^[[0m pbjson-build v0.7.0
supabase-target	Same SHA Supabase PostgreSQL Gate	2026-10-05T15:02:03.2957782Z ^[[1m^[[92m  Downloaded^[[0m prost v0.13.5
supabase-target	Same SHA Supabase PostgreSQL Gate	2026-10-05T15:02:03.2958700Z ^[[1m^[[92m  Downloaded^[[0m postgres-native-tls v0.5.3
supabase-target	Same SHA Supabase PostgreSQL Gate	2026-10-05T15:02:03.2959610Z ^[[1m^[[92m  Downloaded^[[0m untrusted v0.9.0
supabase-target	Same SHA Supabase PostgreSQL Gate	2026-10-05T15:02:03.2960457Z ^[[1m^[[92m  Downloaded^[[0m yoke-derive v0.8.2
supabase-target	Same SHA Supabase PostgreSQL Gate	2026-10-05T15:02:03.2961348Z ^[[1m^[[92m  Downloaded^[[0m zerofrom-derive v0.1.7
supabase-target	Same SHA Supabase PostgreSQL Gate	2026-10-05T15:02:03.2962205Z ^[[1m^[[92m  Downloaded^[[0m yoke v0.8.3
supabase-target	Same SHA Supabase PostgreSQL Gate	2026-10-05T15:02:03.2963010Z ^[[1m^[[92m  Downloaded^[[0m semver v1.0.28
supabase-target	Same SHA Supabase PostgreSQL Gate	2026-10-05T15:02:03.2963831Z ^[[1m^[[92m  Downloaded^[[0m quinn-udp v0.5.15
supabase-target	Same SHA Supabase PostgreSQL Gate	2026-10-05T15:02:03.2964681Z ^[[1m^[[92m  Downloaded^[[0m prost-build v0.13.5
supabase-target	Same SHA Supabase PostgreSQL Gate	2026-10-05T15:02:03.2965568Z ^[[1m^[[92m  Downloaded^[[0m zerovec-derive v0.11.3
supabase-target	Same SHA Supabase PostgreSQL Gate	2026-10-05T15:02:03.2966409Z ^[[1m^[[92m  Downloaded^[[0m zmij v1.0.23
supabase-target	Same SHA Supabase PostgreSQL Gate	2026-10-05T15:02:03.2967430Z ^[[1m^[[92m  Downloaded^[[0m tokio-util v0.7.19
supabase-target	Same SHA Supabase PostgreSQL Gate	2026-10-05T15:02:03.2968266Z ^[[1m^[[92m  Downloaded^[[0m tower v0.4.13
supabase-target	Same SHA Supabase PostgreSQL Gate	2026-10-05T15:02:03.2969400Z ^[[1m^[[92m  Downloaded^[[0m tracing-attributes v0.1.31
supabase-target	Same SHA Supabase PostgreSQL Gate	2026-10-05T15:02:03.2970294Z ^[[1m^[[92m  Downloaded^[[0m tower-http v0.6.11
supabase-target	Same SHA Supabase PostgreSQL Gate	2026-10-05T15:02:03.2971172Z ^[[1m^[[92m  Downloaded^[[0m syn v2.0.119
supabase-target	Same SHA Supabase PostgreSQL Gate	2026-10-05T15:02:03.2972315Z ^[[1m^[[92m  Downloaded^[[0m rustls-webpki v0.103.14
supabase-target	Same SHA Supabase PostgreSQL Gate	2026-10-05T15:02:03.2973185Z ^[[1m^[[92m  Downloaded^[[0m typenum v1.20.1
supabase-target	Same SHA Supabase PostgreSQL Gate	2026-10-05T15:02:03.2973981Z ^[[1m^[[92m  Downloaded^[[0m memchr v2.8.3
supabase-target	Same SHA Supabase PostgreSQL Gate	2026-10-05T15:02:03.2974877Z ^[[1m^[[92m  Downloaded^[[0m unicode-normalization v0.1.25
supabase-target	Same SHA Supabase PostgreSQL Gate	2026-10-05T15:02:03.2975743Z ^[[1m^[[92m  Downloaded^[[0m rkyv v0.7.46
supabase-target	Same SHA Supabase PostgreSQL Gate	2026-10-05T15:02:03.2976559Z ^[[1m^[[92m  Downloaded^[[0m rust_decimal v1.42.1
supabase-target	Same SHA Supabase PostgreSQL Gate	2026-10-05T15:02:03.2977654Z ^[[1m^[[92m  Downloaded^[[0m serde_json v1.0.151
supabase-target	Same SHA Supabase PostgreSQL Gate	2026-10-05T15:02:03.2978466Z ^[[1m^[[92m  Downloaded^[[0m url v2.5.8
supabase-target	Same SHA Supabase PostgreSQL Gate	2026-10-05T15:02:03.2979249Z ^[[1m^[[92m  Downloaded^[[0m tracing v0.1.44
supabase-target	Same SHA Supabase PostgreSQL Gate	2026-10-05T15:02:03.2980038Z ^[[1m^[[92m  Downloaded^[[0m tokio v1.53.1
supabase-target	Same SHA Supabase PostgreSQL Gate	2026-10-05T15:02:03.2980860Z ^[[1m^[[92m  Downloaded^[[0m quinn-proto v0.11.16
supabase-target	Same SHA Supabase PostgreSQL Gate	2026-10-05T15:02:03.2981678Z ^[[1m^[[92m  Downloaded^[[0m regex v1.13.1
supabase-target	Same SHA Supabase PostgreSQL Gate	2026-10-05T15:02:03.2982448Z ^[[1m^[[92m  Downloaded^[[0m reqwest v0.13.4
supabase-target	Same SHA Supabase PostgreSQL Gate	2026-10-05T15:02:03.2983287Z ^[[1m^[[92m  Downloaded^[[0m mio v1.2.2
supabase-target	Same SHA Supabase PostgreSQL Gate	2026-10-05T15:02:03.2984093Z ^[[1m^[[92m  Downloaded^[[0m openssl v0.10.81
supabase-target	Same SHA Supabase PostgreSQL Gate	2026-10-05T15:02:03.2984877Z ^[[1m^[[92m  Downloaded^[[0m vcpkg v0.2.15
supabase-target	Same SHA Supabase PostgreSQL Gate	2026-10-05T15:02:03.2985655Z ^[[1m^[[92m  Downloaded^[[0m zerocopy v0.8.55
supabase-target	Same SHA Supabase PostgreSQL Gate	2026-10-05T15:02:03.2986524Z ^[[1m^[[92m  Downloaded^[[0m regex-syntax v0.8.11
supabase-target	Same SHA Supabase PostgreSQL Gate	2026-10-05T15:02:03.2987533Z ^[[1m^[[92m  Downloaded^[[0m rustls v0.23.45
supabase-target	Same SHA Supabase PostgreSQL Gate	2026-10-05T15:02:03.2988354Z ^[[1m^[[92m  Downloaded^[[0m rustix v1.1.4
supabase-target	Same SHA Supabase PostgreSQL Gate	2026-10-05T15:02:03.2989169Z ^[[1m^[[92m  Downloaded^[[0m itertools v0.14.0
supabase-target	Same SHA Supabase PostgreSQL Gate	2026-10-05T15:02:03.2989967Z ^[[1m^[[92m  Downloaded^[[0m rand v0.8.7
supabase-target	Same SHA Supabase PostgreSQL Gate	2026-10-05T15:02:03.2990785Z ^[[1m^[[92m  Downloaded^[[0m serde_core v1.0.229
supabase-target	Same SHA Supabase PostgreSQL Gate	2026-10-05T15:02:03.2991655Z ^[[1m^[[92m  Downloaded^[[0m prettyplease v0.2.37
supabase-target	Same SHA Supabase PostgreSQL Gate	2026-10-05T15:02:03.2992601Z ^[[1m^[[92m  Downloaded^[[0m toml_edit v0.25.13+spec-1.1.0
supabase-target	Same SHA Supabase PostgreSQL Gate	2026-10-05T15:02:03.2993459Z ^[[1m^[[92m  Downloaded^[[0m syn v3.0.3
supabase-target	Same SHA Supabase PostgreSQL Gate	2026-10-05T15:02:03.2994229Z ^[[1m^[[92m  Downloaded^[[0m serde v1.0.229
supabase-target	Same SHA Supabase PostgreSQL Gate	2026-10-05T15:02:03.2995010Z ^[[1m^[[92m  Downloaded^[[0m rand v0.10.2
supabase-target	Same SHA Supabase PostgreSQL Gate	2026-10-05T15:02:03.2995807Z ^[[1m^[[92m  Downloaded^[[0m quinn v0.11.11
supabase-target	Same SHA Supabase PostgreSQL Gate	2026-10-05T15:02:03.2996652Z ^[[1m^[[92m  Downloaded^[[0m openssl-sys v0.9.117
supabase-target	Same SHA Supabase PostgreSQL Gate	2026-10-05T15:02:03.2997731Z ^[[1m^[[92m  Downloaded^[[0m regex-automata v0.4.16
supabase-target	Same SHA Supabase PostgreSQL Gate	2026-10-05T15:02:03.2998586Z ^[[1m^[[92m  Downloaded^[[0m log v0.4.33
supabase-target	Same SHA Supabase PostgreSQL Gate	2026-10-05T15:02:03.2999382Z ^[[1m^[[92m  Downloaded^[[0m indexmap v2.14.0
supabase-target	Same SHA Supabase PostgreSQL Gate	2026-10-05T15:02:03.3000149Z ^[[1m^[[92m  Downloaded^[[0m syn v1.0.109
supabase-target	Same SHA Supabase PostgreSQL Gate	2026-10-05T15:02:03.3000960Z ^[[1m^[[92m  Downloaded^[[0m serde_derive v1.0.229
supabase-target	Same SHA Supabase PostgreSQL Gate	2026-10-05T15:02:03.3001807Z ^[[1m^[[92m  Downloaded^[[0m proc-macro2 v1.0.107
supabase-target	Same SHA Supabase PostgreSQL Gate	2026-10-05T15:02:03.3002625Z ^[[1m^[[92m  Downloaded^[[0m num-traits v0.2.19
supabase-target	Same SHA Supabase PostgreSQL Gate	2026-10-05T15:02:03.3003409Z ^[[1m^[[92m  Downloaded^[[0m chrono v0.4.45
supabase-target	Same SHA Supabase PostgreSQL Gate	2026-10-05T15:02:03.3004329Z ^[[1m^[[92m  Downloaded^[[0m petgraph v0.7.1
supabase-target	Same SHA Supabase PostgreSQL Gate	2026-10-05T15:02:03.3005147Z ^[[1m^[[92m  Downloaded^[[0m aws-lc-rs v1.18.0
supabase-target	Same SHA Supabase PostgreSQL Gate	2026-10-05T15:02:03.3005928Z ^[[1m^[[92m  Downloaded^[[0m bitvec v1.1.1
supabase-target	Same SHA Supabase PostgreSQL Gate	2026-10-05T15:02:03.3006687Z ^[[1m^[[92m  Downloaded^[[0m libc v0.2.189
supabase-target	Same SHA Supabase PostgreSQL Gate	2026-10-05T15:02:03.3007714Z ^[[1m^[[92m  Downloaded^[[0m icu_properties_data v2.2.0
supabase-target	Same SHA Supabase PostgreSQL Gate	2026-10-05T15:02:03.3008557Z ^[[1m^[[92m  Downloaded^[[0m winnow v1.0.4
supabase-target	Same SHA Supabase PostgreSQL Gate	2026-10-05T15:02:03.3009311Z ^[[1m^[[92m  Downloaded^[[0m hyper v1.11.0
supabase-target	Same SHA Supabase PostgreSQL Gate	2026-10-05T15:02:03.3010049Z ^[[1m^[[92m  Downloaded^[[0m h2 v0.4.16
supabase-target	Same SHA Supabase PostgreSQL Gate	2026-10-05T15:02:03.3010850Z ^[[1m^[[92m  Downloaded^[[0m futures-util v0.3.33
supabase-target	Same SHA Supabase PostgreSQL Gate	2026-10-05T15:02:03.3011758Z ^[[1m^[[92m  Downloaded^[[0m clap_builder v4.6.2
supabase-target	Same SHA Supabase PostgreSQL Gate	2026-10-05T15:02:03.3012572Z ^[[1m^[[92m  Downloaded^[[0m zeroize v1.9.0
supabase-target	Same SHA Supabase PostgreSQL Gate	2026-10-05T15:02:03.3013338Z ^[[1m^[[92m  Downloaded^[[0m whoami v2.1.2
supabase-target	Same SHA Supabase PostgreSQL Gate	2026-10-05T15:02:03.3014083Z ^[[1m^[[92m  Downloaded^[[0m tower v0.5.3
supabase-target	Same SHA Supabase PostgreSQL Gate	2026-10-05T15:02:03.3014888Z ^[[1m^[[92m  Downloaded^[[0m tokio-rustls v0.26.4
supabase-target	Same SHA Supabase PostgreSQL Gate	2026-10-05T15:02:03.3015699Z ^[[1m^[[92m  Downloaded^[[0m socket2 v0.5.10
supabase-target	Same SHA Supabase PostgreSQL Gate	2026-10-05T15:02:03.3016553Z ^[[1m^[[92m  Downloaded^[[0m rustls-pki-types v1.15.1
supabase-target	Same SHA Supabase PostgreSQL Gate	2026-10-05T15:02:03.3017858Z ^[[1m^[[92m  Downloaded^[[0m postgres-types v0.2.14
supabase-target	Same SHA Supabase PostgreSQL Gate	2026-10-05T15:02:03.3018717Z ^[[1m^[[92m  Downloaded^[[0m pin-project v1.1.13
supabase-target	Same SHA Supabase PostgreSQL Gate	2026-10-05T15:02:03.3019724Z ^[[1m^[[92m  Downloaded^[[0m pbjson-types v0.7.0
supabase-target	Same SHA Supabase PostgreSQL Gate	2026-10-05T15:02:03.3020533Z ^[[1m^[[92m  Downloaded^[[0m litemap v0.8.2
supabase-target	Same SHA Supabase PostgreSQL Gate	2026-10-05T15:02:03.3021322Z ^[[1m^[[92m  Downloaded^[[0m itertools v0.13.0
supabase-target	Same SHA Supabase PostgreSQL Gate	2026-10-05T15:02:03.3022120Z ^[[1m^[[92m  Downloaded^[[0m hashbrown v0.17.1
supabase-target	Same SHA Supabase PostgreSQL Gate	2026-10-05T15:02:03.3022878Z ^[[1m^[[92m  Downloaded^[[0m axum v0.7.9
supabase-target	Same SHA Supabase PostgreSQL Gate	2026-10-05T15:02:03.3023646Z ^[[1m^[[92m  Downloaded^[[0m zerofrom v0.1.8
supabase-target	Same SHA Supabase PostgreSQL Gate	2026-10-05T15:02:03.3024433Z ^[[1m^[[92m  Downloaded^[[0m want v0.3.1
supabase-target	Same SHA Supabase PostgreSQL Gate	2026-10-05T15:02:03.3025195Z ^[[1m^[[92m  Downloaded^[[0m uuid v1.24.0
supabase-target	Same SHA Supabase PostgreSQL Gate	2026-10-05T15:02:03.3025988Z ^[[1m^[[92m  Downloaded^[[0m utf8_iter v1.0.4
supabase-target	Same SHA Supabase PostgreSQL Gate	2026-10-05T15:02:03.3026783Z ^[[1m^[[92m  Downloaded^[[0m tonic v0.12.3
supabase-target	Same SHA Supabase PostgreSQL Gate	2026-10-05T15:02:03.3027795Z ^[[1m^[[92m  Downloaded^[[0m tokio-stream v0.1.19
supabase-target	Same SHA Supabase PostgreSQL Gate	2026-10-05T15:02:03.3028653Z ^[[1m^[[92m  Downloaded^[[0m zerotrie v0.2.4
supabase-target	Same SHA Supabase PostgreSQL Gate	2026-10-05T15:02:03.3029472Z ^[[1m^[[92m  Downloaded^[[0m seahash v4.1.0
supabase-target	Same SHA Supabase PostgreSQL Gate	2026-10-05T15:02:03.3030270Z ^[[1m^[[92m  Downloaded^[[0m zerovec v0.11.6
supabase-target	Same SHA Supabase PostgreSQL Gate	2026-10-05T15:02:03.3031091Z ^[[1m^[[92m  Downloaded^[[0m rustversion v1.0.23
supabase-target	Same SHA Supabase PostgreSQL Gate	2026-10-05T15:02:03.3031946Z ^[[1m^[[92m  Downloaded^[[0m ppv-lite86 v0.2.21
supabase-target	Same SHA Supabase PostgreSQL Gate	2026-10-05T15:02:03.3032787Z ^[[1m^[[92m  Downloaded^[[0m postgres v0.19.14
supabase-target	Same SHA Supabase PostgreSQL Gate	2026-10-05T15:02:03.3033571Z ^[[1m^[[92m  Downloaded^[[0m idna v1.1.0
supabase-target	Same SHA Supabase PostgreSQL Gate	2026-10-05T15:02:03.3034374Z ^[[1m^[[92m  Downloaded^[[0m native-tls v0.2.18
supabase-target	Same SHA Supabase PostgreSQL Gate	2026-10-05T15:02:03.3035212Z ^[[1m^[[92m  Downloaded^[[0m aho-corasick v1.1.4
supabase-target	Same SHA Supabase PostgreSQL Gate	2026-10-05T15:02:03.3036006Z ^[[1m^[[92m  Downloaded^[[0m wyz v0.5.1
supabase-target	Same SHA Supabase PostgreSQL Gate	2026-10-05T15:02:03.3036842Z ^[[1m^[[92m  Downloaded^[[0m unicode-ident v1.0.24
supabase-target	Same SHA Supabase PostgreSQL Gate	2026-10-05T15:02:03.3037916Z ^[[1m^[[92m  Downloaded^[[0m tokio-postgres v0.7.18
supabase-target	Same SHA Supabase PostgreSQL Gate	2026-10-05T15:02:03.3038893Z ^[[1m^[[92m  Downloaded^[[0m rustls-platform-verifier v0.7.0
supabase-target	Same SHA Supabase PostgreSQL Gate	2026-10-05T15:02:03.3039824Z ^[[1m^[[92m  Downloaded^[[0m parking_lot v0.12.5
supabase-target	Same SHA Supabase PostgreSQL Gate	2026-10-05T15:02:03.3040668Z ^[[1m^[[92m  Downloaded^[[0m hyper-util v0.1.20
supabase-target	Same SHA Supabase PostgreSQL Gate	2026-10-05T15:02:03.3041496Z ^[[1m^[[92m  Downloaded^[[0m cc v1.4.0
supabase-target	Same SHA Supabase PostgreSQL Gate	2026-10-05T15:02:03.3042276Z ^[[1m^[[92m  Downloaded^[[0m borsh v1.8.0
supabase-target	Same SHA Supabase PostgreSQL Gate	2026-10-05T15:02:03.3043100Z ^[[1m^[[92m  Downloaded^[[0m writeable v0.6.3
supabase-target	Same SHA Supabase PostgreSQL Gate	2026-10-05T15:02:03.3044014Z ^[[1m^[[92m  Downloaded^[[0m unicode-properties v0.1.4
supabase-target	Same SHA Supabase PostgreSQL Gate	2026-10-05T15:02:03.3044935Z ^[[1m^[[92m  Downloaded^[[0m unicode-bidi v0.3.18
supabase-target	Same SHA Supabase PostgreSQL Gate	2026-10-05T15:02:03.3045824Z ^[[1m^[[92m  Downloaded^[[0m tracing-core v0.1.36
supabase-target	Same SHA Supabase PostgreSQL Gate	2026-10-05T15:02:03.3046669Z ^[[1m^[[92m  Downloaded^[[0m tinyvec v1.12.0
supabase-target	Same SHA Supabase PostgreSQL Gate	2026-10-05T15:02:03.3047762Z ^[[1m^[[92m  Downloaded^[[0m synstructure v0.13.2
supabase-target	Same SHA Supabase PostgreSQL Gate	2026-10-05T15:02:03.3048721Z ^[[1m^[[92m  Downloaded^[[0m rustls-native-certs v0.8.4
supabase-target	Same SHA Supabase PostgreSQL Gate	2026-10-05T15:02:03.3049620Z ^[[1m^[[92m  Downloaded^[[0m md-5 v0.11.0
supabase-target	Same SHA Supabase PostgreSQL Gate	2026-10-05T15:02:03.3050421Z ^[[1m^[[92m  Downloaded^[[0m matchit v0.7.3
supabase-target	Same SHA Supabase PostgreSQL Gate	2026-10-05T15:02:03.3051290Z ^[[1m^[[92m  Downloaded^[[0m icu_collections v2.2.0
supabase-target	Same SHA Supabase PostgreSQL Gate	2026-10-05T15:02:03.3052134Z ^[[1m^[[92m  Downloaded^[[0m http v1.4.2
supabase-target	Same SHA Supabase PostgreSQL Gate	2026-10-05T15:02:03.3052952Z ^[[1m^[[92m  Downloaded^[[0m hashbrown v0.12.3
supabase-target	Same SHA Supabase PostgreSQL Gate	2026-10-05T15:02:03.3053805Z ^[[1m^[[92m  Downloaded^[[0m ring v0.17.14
supabase-target	Same SHA Supabase PostgreSQL Gate	2026-10-05T15:02:03.3054661Z ^[[1m^[[92m  Downloaded^[[0m version_check v0.9.5
supabase-target	Same SHA Supabase PostgreSQL Gate	2026-10-05T15:02:03.3055514Z ^[[1m^[[92m  Downloaded^[[0m utf8parse v0.2.2
supabase-target	Same SHA Supabase PostgreSQL Gate	2026-10-05T15:02:03.3056311Z ^[[1m^[[92m  Downloaded^[[0m slab v0.4.12
supabase-target	Same SHA Supabase PostgreSQL Gate	2026-10-05T15:02:03.3057113Z ^[[1m^[[92m  Downloaded^[[0m siphasher v1.0.3
supabase-target	Same SHA Supabase PostgreSQL Gate	2026-10-05T15:02:03.3058203Z ^[[1m^[[92m  Downloaded^[[0m signal-hook-registry v1.4.8
supabase-target	Same SHA Supabase PostgreSQL Gate	2026-10-05T15:02:03.3059075Z ^[[1m^[[92m  Downloaded^[[0m shlex v2.0.1
supabase-target	Same SHA Supabase PostgreSQL Gate	2026-10-05T15:02:03.3059851Z ^[[1m^[[92m  Downloaded^[[0m sha2 v0.10.9
supabase-target	Same SHA Supabase PostgreSQL Gate	2026-10-05T15:02:03.3060663Z ^[[1m^[[92m  Downloaded^[[0m rkyv_derive v0.7.46
supabase-target	Same SHA Supabase PostgreSQL Gate	2026-10-05T15:02:03.3076425Z ^[[1m^[[92m  Downloaded^[[0m rand_core v0.10.1
supabase-target	Same SHA Supabase PostgreSQL Gate	2026-10-05T15:02:03.3077637Z ^[[1m^[[92m  Downloaded^[[0m rand_core v0.6.4
supabase-target	Same SHA Supabase PostgreSQL Gate	2026-10-05T15:02:03.3078615Z ^[[1m^[[92m  Downloaded^[[0m postgres-protocol v0.6.12
supabase-target	Same SHA Supabase PostgreSQL Gate	2026-10-05T15:02:03.3079641Z ^[[1m^[[92m  Downloaded^[[0m pin-project-lite v0.2.17
supabase-target	Same SHA Supabase PostgreSQL Gate	2026-10-05T15:02:03.3080657Z ^[[1m^[[92m  Downloaded^[[0m pin-project-internal v1.1.13
supabase-target	Same SHA Supabase PostgreSQL Gate	2026-10-05T15:02:03.3081845Z ^[[1m^[[92m  Downloaded^[[0m phf v0.13.1
supabase-target	Same SHA Supabase PostgreSQL Gate	2026-10-05T15:02:03.3082683Z ^[[1m^[[92m  Downloaded^[[0m base64 v0.21.7
supabase-target	Same SHA Supabase PostgreSQL Gate	2026-10-05T15:02:03.3083981Z ^[[1m^[[92m  Downloaded^[[0m toml_parser v1.1.3+spec-1.1.0
supabase-target	Same SHA Supabase PostgreSQL Gate	2026-10-05T15:02:03.3084862Z ^[[1m^[[92m  Downloaded^[[0m tinystr v0.8.3
supabase-target	Same SHA Supabase PostgreSQL Gate	2026-10-05T15:02:03.3085662Z ^[[1m^[[92m  Downloaded^[[0m socket2 v0.6.5
supabase-target	Same SHA Supabase PostgreSQL Gate	2026-10-05T15:02:03.3086468Z ^[[1m^[[92m  Downloaded^[[0m smallvec v1.15.2
supabase-target	Same SHA Supabase PostgreSQL Gate	2026-10-05T15:02:03.3087456Z ^[[1m^[[92m  Downloaded^[[0m sha2 v0.11.0
supabase-target	Same SHA Supabase PostgreSQL Gate	2026-10-05T15:02:03.3088302Z ^[[1m^[[92m  Downloaded^[[0m prost-types v0.13.5
supabase-target	Same SHA Supabase PostgreSQL Gate	2026-10-05T15:02:03.3089202Z ^[[1m^[[92m  Downloaded^[[0m parking_lot_core v0.9.12
supabase-target	Same SHA Supabase PostgreSQL Gate	2026-10-05T15:02:03.3090102Z ^[[1m^[[92m  Downloaded^[[0m once_cell v1.21.4
supabase-target	Same SHA Supabase PostgreSQL Gate	2026-10-05T15:02:03.3091016Z ^[[1m^[[92m  Downloaded^[[0m icu_normalizer_data v2.2.0
supabase-target	Same SHA Supabase PostgreSQL Gate	2026-10-05T15:02:03.3091941Z ^[[1m^[[92m  Downloaded^[[0m icu_normalizer v2.2.0
supabase-target	Same SHA Supabase PostgreSQL Gate	2026-10-05T15:02:03.3092843Z ^[[1m^[[92m  Downloaded^[[0m icu_locale_core v2.2.0
supabase-target	Same SHA Supabase PostgreSQL Gate	2026-10-05T15:02:03.3093712Z ^[[1m^[[92m  Downloaded^[[0m httparse v1.10.1
supabase-target	Same SHA Supabase PostgreSQL Gate	2026-10-05T15:02:03.3094533Z ^[[1m^[[92m  Downloaded^[[0m hmac v0.13.0
supabase-target	Same SHA Supabase PostgreSQL Gate	2026-10-05T15:02:03.3095347Z ^[[1m^[[92m  Downloaded^[[0m getrandom v0.4.3
supabase-target	Same SHA Supabase PostgreSQL Gate	2026-10-05T15:02:03.3096158Z ^[[1m^[[92m  Downloaded^[[0m clap v4.6.4
supabase-target	Same SHA Supabase PostgreSQL Gate	2026-10-05T15:02:03.3096942Z ^[[1m^[[92m  Downloaded^[[0m bytes v1.12.1
supabase-target	Same SHA Supabase PostgreSQL Gate	2026-10-05T15:02:03.3097957Z ^[[1m^[[92m  Downloaded^[[0m base64 v0.22.1
supabase-target	Same SHA Supabase PostgreSQL Gate	2026-10-05T15:02:03.3098810Z ^[[1m^[[92m  Downloaded^[[0m tower-layer v0.3.3
supabase-target	Same SHA Supabase PostgreSQL Gate	2026-10-05T15:02:03.3099756Z ^[[1m^[[92m  Downloaded^[[0m toml_datetime v1.1.1+spec-1.1.0
supabase-target	Same SHA Supabase PostgreSQL Gate	2026-10-05T15:02:03.3100676Z ^[[1m^[[92m  Downloaded^[[0m tempfile v3.27.0
supabase-target	Same SHA Supabase PostgreSQL Gate	2026-10-05T15:02:03.3101496Z ^[[1m^[[92m  Downloaded^[[0m lru-slab v0.1.2
supabase-target	Same SHA Supabase PostgreSQL Gate	2026-10-05T15:02:03.3102328Z ^[[1m^[[92m  Downloaded^[[0m lock_api v0.4.14
supabase-target	Same SHA Supabase PostgreSQL Gate	2026-10-05T15:02:03.3103164Z ^[[1m^[[92m  Downloaded^[[0m indexmap v1.9.3
supabase-target	Same SHA Supabase PostgreSQL Gate	2026-10-05T15:02:03.3104012Z ^[[1m^[[92m  Downloaded^[[0m icu_provider v2.2.0
supabase-target	Same SHA Supabase PostgreSQL Gate	2026-10-05T15:02:03.3104881Z ^[[1m^[[92m  Downloaded^[[0m const-oid v0.10.2
supabase-target	Same SHA Supabase PostgreSQL Gate	2026-10-05T15:02:03.3105756Z ^[[1m^[[92m  Downloaded^[[0m tinyvec_macros v0.1.1
supabase-target	Same SHA Supabase PostgreSQL Gate	2026-10-05T15:02:03.3106645Z ^[[1m^[[92m  Downloaded^[[0m borsh-derive v1.8.0
supabase-target	Same SHA Supabase PostgreSQL Gate	2026-10-05T15:02:03.3107717Z ^[[1m^[[92m  Downloaded^[[0m thiserror-impl v2.0.19
supabase-target	Same SHA Supabase PostgreSQL Gate	2026-10-05T15:02:03.3108634Z ^[[1m^[[92m  Downloaded^[[0m thiserror v2.0.19
supabase-target	Same SHA Supabase PostgreSQL Gate	2026-10-05T15:02:03.3109548Z ^[[1m^[[92m  Downloaded^[[0m percent-encoding v2.3.2
supabase-target	Same SHA Supabase PostgreSQL Gate	2026-10-05T15:02:03.3110471Z ^[[1m^[[92m  Downloaded^[[0m iana-time-zone v0.1.65
supabase-target	Same SHA Supabase PostgreSQL Gate	2026-10-05T15:02:03.3111372Z ^[[1m^[[92m  Downloaded^[[0m futures-channel v0.3.33
supabase-target	Same SHA Supabase PostgreSQL Gate	2026-10-05T15:02:03.3112243Z ^[[1m^[[92m  Downloaded^[[0m bitflags v2.13.1
supabase-target	Same SHA Supabase PostgreSQL Gate	2026-10-05T15:02:03.3113088Z ^[[1m^[[92m  Downloaded^[[0m stringprep v0.1.5
supabase-target	Same SHA Supabase PostgreSQL Gate	2026-10-05T15:02:03.3113975Z ^[[1m^[[92m  Downloaded^[[0m ptr_meta v0.1.4
supabase-target	Same SHA Supabase PostgreSQL Gate	2026-10-05T15:02:03.3114854Z ^[[1m^[[92m  Downloaded^[[0m linux-raw-sys v0.12.1
supabase-target	Same SHA Supabase PostgreSQL Gate	2026-10-05T15:02:03.3115742Z ^[[1m^[[92m  Downloaded^[[0m hybrid-array v0.4.13
supabase-target	Same SHA Supabase PostgreSQL Gate	2026-10-05T15:02:03.3116599Z ^[[1m^[[92m  Downloaded^[[0m fastrand v2.5.0
supabase-target	Same SHA Supabase PostgreSQL Gate	2026-10-05T15:02:03.3117638Z ^[[1m^[[92m  Downloaded^[[0m clap_derive v4.6.4
supabase-target	Same SHA Supabase PostgreSQL Gate	2026-10-05T15:02:03.3118534Z ^[[1m^[[92m  Downloaded^[[0m hyper-timeout v0.5.2
supabase-target	Same SHA Supabase PostgreSQL Gate	2026-10-05T15:02:03.3119421Z ^[[1m^[[92m  Downloaded^[[0m hyper-rustls v0.27.9
supabase-target	Same SHA Supabase PostgreSQL Gate	2026-10-05T15:02:03.3120303Z ^[[1m^[[92m  Downloaded^[[0m http-body-util v0.1.4
supabase-target	Same SHA Supabase PostgreSQL Gate	2026-10-05T15:02:03.3121190Z ^[[1m^[[92m  Downloaded^[[0m fixedbitset v0.5.7
supabase-target	Same SHA Supabase PostgreSQL Gate	2026-10-05T15:02:03.3122094Z ^[[1m^[[92m  Downloaded^[[0m fallible-iterator v0.2.0
supabase-target	Same SHA Supabase PostgreSQL Gate	2026-10-05T15:02:03.3122971Z ^[[1m^[[92m  Downloaded^[[0m ctutils v0.4.2
supabase-target	Same SHA Supabase PostgreSQL Gate	2026-10-05T15:02:03.3123773Z ^[[1m^[[92m  Downloaded^[[0m cmov v0.5.4
supabase-target	Same SHA Supabase PostgreSQL Gate	2026-10-05T15:02:03.3124629Z ^[[1m^[[92m  Downloaded^[[0m ptr_meta_derive v0.1.4
supabase-target	Same SHA Supabase PostgreSQL Gate	2026-10-05T15:02:03.3125548Z ^[[1m^[[92m  Downloaded^[[0m postgres-openssl v0.5.3
supabase-target	Same SHA Supabase PostgreSQL Gate	2026-10-05T15:02:03.3126443Z ^[[1m^[[92m  Downloaded^[[0m phf_shared v0.13.1
supabase-target	Same SHA Supabase PostgreSQL Gate	2026-10-05T15:02:03.3127496Z ^[[1m^[[92m  Downloaded^[[0m openssl-macros v0.1.1
supabase-target	Same SHA Supabase PostgreSQL Gate	2026-10-05T15:02:03.3128389Z ^[[1m^[[92m  Downloaded^[[0m httpdate v1.0.3
supabase-target	Same SHA Supabase PostgreSQL Gate	2026-10-05T15:02:03.3129214Z ^[[1m^[[92m  Downloaded^[[0m errno v0.3.14
supabase-target	Same SHA Supabase PostgreSQL Gate	2026-10-05T15:02:03.3130013Z ^[[1m^[[92m  Downloaded^[[0m either v1.17.0
supabase-target	Same SHA Supabase PostgreSQL Gate	2026-10-05T15:02:03.3131056Z ^[[1m^[[92m  Downloaded^[[0m displaydoc v0.2.6
supabase-target	Same SHA Supabase PostgreSQL Gate	2026-10-05T15:02:03.3131880Z ^[[1m^[[92m  Downloaded^[[0m digest v0.11.3
supabase-target	Same SHA Supabase PostgreSQL Gate	2026-10-05T15:02:03.3132673Z ^[[1m^[[92m  Downloaded^[[0m digest v0.10.7
supabase-target	Same SHA Supabase PostgreSQL Gate	2026-10-05T15:02:03.3133667Z ^[[1m^[[92m  Downloaded^[[0m cmake v0.1.58
supabase-target	Same SHA Supabase PostgreSQL Gate	2026-10-05T15:02:03.3134457Z ^[[1m^[[92m  Downloaded^[[0m dunce v1.0.5
supabase-target	Same SHA Supabase PostgreSQL Gate	2026-10-05T15:02:03.3135245Z ^[[1m^[[92m  Downloaded^[[0m mime v0.3.17
supabase-target	Same SHA Supabase PostgreSQL Gate	2026-10-05T15:02:03.3136056Z ^[[1m^[[92m  Downloaded^[[0m http-body v1.1.0
supabase-target	Same SHA Supabase PostgreSQL Gate	2026-10-05T15:02:03.3136856Z ^[[1m^[[92m  Downloaded^[[0m hex v0.4.3
supabase-target	Same SHA Supabase PostgreSQL Gate	2026-10-05T15:02:03.3137858Z ^[[1m^[[92m  Downloaded^[[0m funty v2.0.0
supabase-target	Same SHA Supabase PostgreSQL Gate	2026-10-05T15:02:03.3138710Z ^[[1m^[[92m  Downloaded^[[0m form_urlencoded v1.2.2
supabase-target	Same SHA Supabase PostgreSQL Gate	2026-10-05T15:02:03.3139615Z ^[[1m^[[92m  Downloaded^[[0m openssl-probe v0.2.1
supabase-target	Same SHA Supabase PostgreSQL Gate	2026-10-05T15:02:03.3140484Z ^[[1m^[[92m  Downloaded^[[0m equivalent v1.0.2
supabase-target	Same SHA Supabase PostgreSQL Gate	2026-10-05T15:02:03.3141320Z ^[[1m^[[92m  Downloaded^[[0m axum-core v0.4.5
supabase-target	Same SHA Supabase PostgreSQL Gate	2026-10-05T15:02:03.3142160Z ^[[1m^[[92m  Downloaded^[[0m futures-io v0.3.33
supabase-target	Same SHA Supabase PostgreSQL Gate	2026-10-05T15:02:03.3143033Z ^[[1m^[[92m  Downloaded^[[0m cpufeatures v0.3.0
supabase-target	Same SHA Supabase PostgreSQL Gate	2026-10-05T15:02:03.3143884Z ^[[1m^[[92m  Downloaded^[[0m aws-lc-sys v0.44.0
supabase-target	Same SHA Supabase PostgreSQL Gate	2026-10-05T15:02:03.3144747Z ^[[1m^[[92m   Compiling^[[0m proc-macro2 v1.0.107
supabase-target	Same SHA Supabase PostgreSQL Gate	2026-10-05T15:02:03.3145649Z ^[[1m^[[92m   Compiling^[[0m unicode-ident v1.0.24
supabase-target	Same SHA Supabase PostgreSQL Gate	2026-10-05T15:02:03.3146504Z ^[[1m^[[92m   Compiling^[[0m quote v1.0.47
supabase-target	Same SHA Supabase PostgreSQL Gate	2026-10-05T15:02:03.3147481Z ^[[1m^[[92m   Compiling^[[0m libc v0.2.189
supabase-target	Same SHA Supabase PostgreSQL Gate	2026-10-05T15:02:03.3148306Z ^[[1m^[[92m   Compiling^[[0m cfg-if v1.0.4
supabase-target	Same SHA Supabase PostgreSQL Gate	2026-10-05T15:02:03.3149111Z ^[[1m^[[92m   Compiling^[[0m bytes v1.12.1
supabase-target	Same SHA Supabase PostgreSQL Gate	2026-10-05T15:02:03.3149983Z ^[[1m^[[92m   Compiling^[[0m pin-project-lite v0.2.17
supabase-target	Same SHA Supabase PostgreSQL Gate	2026-10-05T15:02:03.3150842Z ^[[1m^[[92m   Compiling^[[0m shlex v2.0.1
supabase-target	Same SHA Supabase PostgreSQL Gate	2026-10-05T15:02:03.3151700Z ^[[1m^[[92m   Compiling^[[0m find-msvc-tools v0.1.9
supabase-target	Same SHA Supabase PostgreSQL Gate	2026-10-05T15:02:03.3152588Z ^[[1m^[[92m   Compiling^[[0m futures-core v0.3.33
supabase-target	Same SHA Supabase PostgreSQL Gate	2026-10-05T15:02:03.3153453Z ^[[1m^[[92m   Compiling^[[0m pkg-config v0.3.33
supabase-target	Same SHA Supabase PostgreSQL Gate	2026-10-05T15:02:03.3154259Z ^[[1m^[[92m   Compiling^[[0m itoa v1.0.18
supabase-target	Same SHA Supabase PostgreSQL Gate	2026-10-05T15:02:03.3155063Z ^[[1m^[[92m   Compiling^[[0m syn v2.0.119
supabase-target	Same SHA Supabase PostgreSQL Gate	2026-10-05T15:02:03.3155869Z ^[[1m^[[92m   Compiling^[[0m syn v3.0.3
supabase-target	Same SHA Supabase PostgreSQL Gate	2026-10-05T15:02:03.3156686Z ^[[1m^[[92m   Compiling^[[0m serde_core v1.0.229
supabase-target	Same SHA Supabase PostgreSQL Gate	2026-10-05T15:02:03.3157800Z ^[[1m^[[92m   Compiling^[[0m memchr v2.8.3
supabase-target	Same SHA Supabase PostgreSQL Gate	2026-10-05T15:02:03.3158630Z ^[[1m^[[92m   Compiling^[[0m jobserver v0.1.35
supabase-target	Same SHA Supabase PostgreSQL Gate	2026-10-05T15:02:03.3159435Z ^[[1m^[[92m   Compiling^[[0m cc v1.4.0
supabase-target	Same SHA Supabase PostgreSQL Gate	2026-10-05T15:02:03.3160207Z ^[[1m^[[92m   Compiling^[[0m errno v0.3.14
supabase-target	Same SHA Supabase PostgreSQL Gate	2026-10-05T15:02:03.3161086Z ^[[1m^[[92m   Compiling^[[0m signal-hook-registry v1.4.8
supabase-target	Same SHA Supabase PostgreSQL Gate	2026-10-05T15:02:03.3161966Z ^[[1m^[[92m   Compiling^[[0m socket2 v0.6.5
supabase-target	Same SHA Supabase PostgreSQL Gate	2026-10-05T15:02:03.3163434Z ^[[1m^[[92m   Compiling^[[0m mio v1.2.2
supabase-target	Same SHA Supabase PostgreSQL Gate	2026-10-05T15:02:03.3164256Z ^[[1m^[[92m   Compiling^[[0m typenum v1.20.1
supabase-target	Same SHA Supabase PostgreSQL Gate	2026-10-05T15:02:03.3165127Z ^[[1m^[[92m   Compiling^[[0m futures-sink v0.3.33
supabase-target	Same SHA Supabase PostgreSQL Gate	2026-10-05T15:02:03.3165980Z ^[[1m^[[92m   Compiling^[[0m autocfg v1.5.1
supabase-target	Same SHA Supabase PostgreSQL Gate	2026-10-05T15:02:03.3166805Z ^[[1m^[[92m   Compiling^[[0m smallvec v1.15.2
supabase-target	Same SHA Supabase PostgreSQL Gate	2026-10-05T15:02:03.3167867Z ^[[1m^[[92m   Compiling^[[0m once_cell v1.21.4
supabase-target	Same SHA Supabase PostgreSQL Gate	2026-10-05T15:02:03.3168710Z ^[[1m^[[92m   Compiling^[[0m slab v0.4.12
supabase-target	Same SHA Supabase PostgreSQL Gate	2026-10-05T15:02:03.3169551Z ^[[1m^[[92m   Compiling^[[0m synstructure v0.13.2
supabase-target	Same SHA Supabase PostgreSQL Gate	2026-10-05T15:02:03.3170401Z ^[[1m^[[92m   Compiling^[[0m serde v1.0.229
supabase-target	Same SHA Supabase PostgreSQL Gate	2026-10-05T15:02:03.3180449Z ^[[1m^[[92m   Compiling^[[0m serde_derive v1.0.229
supabase-target	Same SHA Supabase PostgreSQL Gate	2026-10-05T15:02:03.3181403Z ^[[1m^[[92m   Compiling^[[0m futures-io v0.3.33
supabase-target	Same SHA Supabase PostgreSQL Gate	2026-10-05T15:02:03.3182744Z ^[[1m^[[92m   Compiling^[[0m futures-task v0.3.33
supabase-target	Same SHA Supabase PostgreSQL Gate	2026-10-05T15:02:03.3183766Z ^[[1m^[[92m   Compiling^[[0m stable_deref_trait v1.2.1
supabase-target	Same SHA Supabase PostgreSQL Gate	2026-10-05T15:02:03.3184711Z ^[[1m^[[92m   Compiling^[[0m percent-encoding v2.3.2
supabase-target	Same SHA Supabase PostgreSQL Gate	2026-10-05T15:02:03.3185599Z ^[[1m^[[92m   Compiling^[[0m num-traits v0.2.19
supabase-target	Same SHA Supabase PostgreSQL Gate	2026-10-05T15:02:03.3186430Z ^[[1m^[[92m   Compiling^[[0m log v0.4.33
supabase-target	Same SHA Supabase PostgreSQL Gate	2026-10-05T15:02:03.3187474Z ^[[1m^[[92m   Compiling^[[0m equivalent v1.0.2
supabase-target	Same SHA Supabase PostgreSQL Gate	2026-10-05T15:02:03.3188359Z ^[[1m^[[92m   Compiling^[[0m hashbrown v0.17.1
supabase-target	Same SHA Supabase PostgreSQL Gate	2026-10-05T15:02:03.3189164Z ^[[1m^[[92m   Compiling^[[0m http v1.4.2
supabase-target	Same SHA Supabase PostgreSQL Gate	2026-10-05T15:02:03.3189972Z ^[[1m^[[92m   Compiling^[[0m indexmap v2.14.0
supabase-target	Same SHA Supabase PostgreSQL Gate	2026-10-05T15:02:03.3191080Z ^[[1m^[[92m   Compiling^[[0m tokio-macros v2.7.1
supabase-target	Same SHA Supabase PostgreSQL Gate	2026-10-05T15:02:03.3191917Z ^[[1m^[[92m   Compiling^[[0m tokio v1.53.1
supabase-target	Same SHA Supabase PostgreSQL Gate	2026-10-05T15:02:03.3192971Z ^[[1m^[[92m   Compiling^[[0m futures-macro v0.3.33
supabase-target	Same SHA Supabase PostgreSQL Gate	2026-10-05T15:02:03.3193868Z ^[[1m^[[92m   Compiling^[[0m zerofrom-derive v0.1.7
supabase-target	Same SHA Supabase PostgreSQL Gate	2026-10-05T15:02:03.3194754Z ^[[1m^[[92m   Compiling^[[0m futures-util v0.3.33
supabase-target	Same SHA Supabase PostgreSQL Gate	2026-10-05T15:02:03.3195602Z ^[[1m^[[92m   Compiling^[[0m zerofrom v0.1.8
supabase-target	Same SHA Supabase PostgreSQL Gate	2026-10-05T15:02:03.3196439Z ^[[1m^[[92m   Compiling^[[0m yoke-derive v0.8.2
supabase-target	Same SHA Supabase PostgreSQL Gate	2026-10-05T15:02:03.3197530Z ^[[1m^[[92m   Compiling^[[0m zerovec-derive v0.11.3
supabase-target	Same SHA Supabase PostgreSQL Gate	2026-10-05T15:02:03.3198397Z ^[[1m^[[92m   Compiling^[[0m yoke v0.8.3
supabase-target	Same SHA Supabase PostgreSQL Gate	2026-10-05T15:02:03.3199182Z ^[[1m^[[92m   Compiling^[[0m zmij v1.0.23
supabase-target	Same SHA Supabase PostgreSQL Gate	2026-10-05T15:02:03.3199980Z ^[[1m^[[92m   Compiling^[[0m base64 v0.22.1
supabase-target	Same SHA Supabase PostgreSQL Gate	2026-10-05T15:02:03.3200795Z ^[[1m^[[92m   Compiling^[[0m displaydoc v0.2.6
supabase-target	Same SHA Supabase PostgreSQL Gate	2026-10-05T15:02:03.3201620Z ^[[1m^[[92m   Compiling^[[0m zerovec v0.11.6
supabase-target	Same SHA Supabase PostgreSQL Gate	2026-10-05T15:02:03.3202464Z ^[[1m^[[92m   Compiling^[[0m hybrid-array v0.4.13
supabase-target	Same SHA Supabase PostgreSQL Gate	2026-10-05T15:02:03.3203362Z ^[[1m^[[92m   Compiling^[[0m futures-channel v0.3.33
supabase-target	Same SHA Supabase PostgreSQL Gate	2026-10-05T15:02:03.3204220Z ^[[1m^[[92m   Compiling^[[0m rand_core v0.10.1
supabase-target	Same SHA Supabase PostgreSQL Gate	2026-10-05T15:02:03.3205085Z ^[[1m^[[92m   Compiling^[[0m vcpkg v0.2.15
supabase-target	Same SHA Supabase PostgreSQL Gate	2026-10-05T15:02:03.3205904Z ^[[1m^[[92m   Compiling^[[0m tokio-util v0.7.19
supabase-target	Same SHA Supabase PostgreSQL Gate	2026-10-05T15:02:03.3206746Z ^[[1m^[[92m   Compiling^[[0m serde_json v1.0.151
supabase-target	Same SHA Supabase PostgreSQL Gate	2026-10-05T15:02:03.3207769Z ^[[1m^[[92m   Compiling^[[0m getrandom v0.4.3
supabase-target	Same SHA Supabase PostgreSQL Gate	2026-10-05T15:02:03.3208631Z ^[[1m^[[92m   Compiling^[[0m openssl-sys v0.9.117
supabase-target	Same SHA Supabase PostgreSQL Gate	2026-10-05T15:02:03.3209477Z ^[[1m^[[92m   Compiling^[[0m http-body v1.1.0
supabase-target	Same SHA Supabase PostgreSQL Gate	2026-10-05T15:02:03.3210278Z ^[[1m^[[92m   Compiling^[[0m cmake v0.1.58
supabase-target	Same SHA Supabase PostgreSQL Gate	2026-10-05T15:02:03.3211080Z ^[[1m^[[92m   Compiling^[[0m fs_extra v1.3.0
supabase-target	Same SHA Supabase PostgreSQL Gate	2026-10-05T15:02:03.3211920Z ^[[1m^[[92m   Compiling^[[0m version_check v0.9.5
supabase-target	Same SHA Supabase PostgreSQL Gate	2026-10-05T15:02:03.3212734Z ^[[1m^[[92m   Compiling^[[0m cmov v0.5.4
supabase-target	Same SHA Supabase PostgreSQL Gate	2026-10-05T15:02:03.3213518Z ^[[1m^[[92m   Compiling^[[0m either v1.17.0
supabase-target	Same SHA Supabase PostgreSQL Gate	2026-10-05T15:02:03.3214318Z ^[[1m^[[92m   Compiling^[[0m anyhow v1.0.104
supabase-target	Same SHA Supabase PostgreSQL Gate	2026-10-05T15:02:03.3215159Z ^[[1m^[[92m   Compiling^[[0m tower-service v0.3.3
supabase-target	Same SHA Supabase PostgreSQL Gate	2026-10-05T15:02:03.3215964Z ^[[1m^[[92m   Compiling^[[0m dunce v1.0.5
supabase-target	Same SHA Supabase PostgreSQL Gate	2026-10-05T15:02:03.3216808Z ^[[1m^[[92m   Compiling^[[0m iana-time-zone v0.1.65
supabase-target	Same SHA Supabase PostgreSQL Gate	2026-10-05T15:02:03.3217878Z ^[[1m^[[92m   Compiling^[[0m subtle v2.6.1
supabase-target	Same SHA Supabase PostgreSQL Gate	2026-10-05T15:02:03.3218664Z ^[[1m^[[92m   Compiling^[[0m chrono v0.4.45
supabase-target	Same SHA Supabase PostgreSQL Gate	2026-10-05T15:02:03.3219712Z ^[[1m^[[92m   Compiling^[[0m aws-lc-sys v0.44.0
supabase-target	Same SHA Supabase PostgreSQL Gate	2026-10-05T15:02:03.3220568Z ^[[1m^[[92m   Compiling^[[0m ctutils v0.4.2
supabase-target	Same SHA Supabase PostgreSQL Gate	2026-10-05T15:02:03.3221439Z ^[[1m^[[92m   Compiling^[[0m generic-array v0.14.7
supabase-target	Same SHA Supabase PostgreSQL Gate	2026-10-05T15:02:03.3222541Z ^[[1m^[[92m   Compiling^[[0m crypto-common v0.2.2
supabase-target	Same SHA Supabase PostgreSQL Gate	2026-10-05T15:02:03.3223529Z ^[[1m^[[92m   Compiling^[[0m block-buffer v0.12.1
supabase-target	Same SHA Supabase PostgreSQL Gate	2026-10-05T15:02:03.3224439Z ^[[1m^[[92m   Compiling^[[0m tracing-attributes v0.1.31
supabase-target	Same SHA Supabase PostgreSQL Gate	2026-10-05T15:02:03.3225349Z ^[[1m^[[92m   Compiling^[[0m tracing-core v0.1.36
supabase-target	Same SHA Supabase PostgreSQL Gate	2026-10-05T15:02:03.3226201Z ^[[1m^[[92m   Compiling^[[0m const-oid v0.10.2
supabase-target	Same SHA Supabase PostgreSQL Gate	2026-10-05T15:02:03.3227009Z ^[[1m^[[92m   Compiling^[[0m digest v0.11.3
supabase-target	Same SHA Supabase PostgreSQL Gate	2026-10-05T15:02:03.3227995Z ^[[1m^[[92m   Compiling^[[0m tracing v0.1.44
supabase-target	Same SHA Supabase PostgreSQL Gate	2026-10-05T15:02:03.3228478Z ^[[1m^[[92m   Compiling^[[0m itertools v0.14.0
supabase-target	Same SHA Supabase PostgreSQL Gate	2026-10-05T15:02:03.3228942Z ^[[1m^[[92m   Compiling^[[0m tinystr v0.8.3
supabase-target	Same SHA Supabase PostgreSQL Gate	2026-10-05T15:02:03.3229415Z ^[[1m^[[92m   Compiling^[[0m async-trait v0.1.91
supabase-target	Same SHA Supabase PostgreSQL Gate	2026-10-05T15:02:03.3229905Z ^[[1m^[[92m   Compiling^[[0m tinyvec_macros v0.1.1
supabase-target	Same SHA Supabase PostgreSQL Gate	2026-10-05T15:02:03.3230380Z ^[[1m^[[92m   Compiling^[[0m writeable v0.6.3
supabase-target	Same SHA Supabase PostgreSQL Gate	2026-10-05T15:02:03.3230829Z ^[[1m^[[92m   Compiling^[[0m litemap v0.8.2
supabase-target	Same SHA Supabase PostgreSQL Gate	2026-10-05T15:02:03.3231284Z ^[[1m^[[92m   Compiling^[[0m cpufeatures v0.3.0
supabase-target	Same SHA Supabase PostgreSQL Gate	2026-10-05T15:02:03.3231759Z ^[[1m^[[92m   Compiling^[[0m httparse v1.10.1
supabase-target	Same SHA Supabase PostgreSQL Gate	2026-10-05T15:02:03.3232244Z ^[[1m^[[92m   Compiling^[[0m icu_locale_core v2.2.0
supabase-target	Same SHA Supabase PostgreSQL Gate	2026-10-05T15:02:03.3232722Z ^[[1m^[[92m   Compiling^[[0m tinyvec v1.12.0
supabase-target	Same SHA Supabase PostgreSQL Gate	2026-10-05T15:02:03.3233205Z ^[[1m^[[92m   Compiling^[[0m prost-derive v0.13.5
supabase-target	Same SHA Supabase PostgreSQL Gate	2026-10-05T15:02:03.3233726Z ^[[1m^[[92m   Compiling^[[0m potential_utf v0.1.5
supabase-target	Same SHA Supabase PostgreSQL Gate	2026-10-05T15:02:03.3234222Z ^[[1m^[[92m   Compiling^[[0m zerotrie v0.2.4
supabase-target	Same SHA Supabase PostgreSQL Gate	2026-10-05T15:02:03.3234915Z ^[[1m^[[92m   Compiling^[[0m icu_properties_data v2.2.0
supabase-target	Same SHA Supabase PostgreSQL Gate	2026-10-05T15:02:03.3235436Z ^[[1m^[[92m   Compiling^[[0m tower-layer v0.3.3
supabase-target	Same SHA Supabase PostgreSQL Gate	2026-10-05T15:02:03.3236033Z ^[[1m^[[92m   Compiling^[[0m aws-lc-rs v1.18.0
supabase-target	Same SHA Supabase PostgreSQL Gate	2026-10-05T15:02:03.3236494Z ^[[1m^[[92m   Compiling^[[0m try-lock v0.2.5
supabase-target	Same SHA Supabase PostgreSQL Gate	2026-10-05T15:02:03.3236959Z ^[[1m^[[92m   Compiling^[[0m bitflags v2.13.1
supabase-target	Same SHA Supabase PostgreSQL Gate	2026-10-05T15:02:03.3237836Z ^[[1m^[[92m   Compiling^[[0m fnv v1.0.7
supabase-target	Same SHA Supabase PostgreSQL Gate	2026-10-05T15:02:03.3238322Z ^[[1m^[[92m   Compiling^[[0m utf8_iter v1.0.4
supabase-target	Same SHA Supabase PostgreSQL Gate	2026-10-05T15:02:03.3238779Z ^[[1m^[[92m   Compiling^[[0m zeroize v1.9.0
supabase-target	Same SHA Supabase PostgreSQL Gate	2026-10-05T15:02:03.3239270Z ^[[1m^[[92m   Compiling^[[0m icu_normalizer_data v2.2.0
supabase-target	Same SHA Supabase PostgreSQL Gate	2026-10-05T15:02:03.3239774Z ^[[1m^[[92m   Compiling^[[0m atomic-waker v1.1.2
supabase-target	Same SHA Supabase PostgreSQL Gate	2026-10-05T15:02:03.3240266Z ^[[1m^[[92m   Compiling^[[0m icu_collections v2.2.0
supabase-target	Same SHA Supabase PostgreSQL Gate	2026-10-05T15:02:03.3240731Z ^[[1m^[[92m   Compiling^[[0m h2 v0.4.16
supabase-target	Same SHA Supabase PostgreSQL Gate	2026-10-05T15:02:03.3241176Z ^[[1m^[[92m   Compiling^[[0m want v0.3.1
supabase-target	Same SHA Supabase PostgreSQL Gate	2026-10-05T15:02:03.3241642Z ^[[1m^[[92m   Compiling^[[0m icu_provider v2.2.0
supabase-target	Same SHA Supabase PostgreSQL Gate	2026-10-05T15:02:03.3242170Z ^[[1m^[[92m   Compiling^[[0m unicode-normalization v0.1.25
supabase-target	Same SHA Supabase PostgreSQL Gate	2026-10-05T15:02:03.3242678Z ^[[1m^[[92m   Compiling^[[0m chacha20 v0.10.2
supabase-target	Same SHA Supabase PostgreSQL Gate	2026-10-05T15:02:03.3243162Z ^[[1m^[[92m   Compiling^[[0m uuid v1.24.0
supabase-target	Same SHA Supabase PostgreSQL Gate	2026-10-05T15:02:03.3243623Z ^[[1m^[[92m   Compiling^[[0m sync_wrapper v1.0.2
supabase-target	Same SHA Supabase PostgreSQL Gate	2026-10-05T15:02:03.3244103Z ^[[1m^[[92m   Compiling^[[0m unicode-bidi v0.3.18
supabase-target	Same SHA Supabase PostgreSQL Gate	2026-10-05T15:02:03.3244565Z ^[[1m^[[92m   Compiling^[[0m openssl v0.10.81
supabase-target	Same SHA Supabase PostgreSQL Gate	2026-10-05T15:02:03.3245051Z ^[[1m^[[92m   Compiling^[[0m parking_lot_core v0.9.12
supabase-target	Same SHA Supabase PostgreSQL Gate	2026-10-05T15:02:03.3245569Z ^[[1m^[[92m   Compiling^[[0m unicode-properties v0.1.4
supabase-target	Same SHA Supabase PostgreSQL Gate	2026-10-05T15:02:03.3246055Z ^[[1m^[[92m   Compiling^[[0m httpdate v1.0.3
supabase-target	Same SHA Supabase PostgreSQL Gate	2026-10-05T15:02:03.3246550Z ^[[1m^[[92m   Compiling^[[0m foreign-types-shared v0.1.1
supabase-target	Same SHA Supabase PostgreSQL Gate	2026-10-05T15:02:03.3247055Z ^[[1m^[[92m   Compiling^[[0m foreign-types v0.3.2
supabase-target	Same SHA Supabase PostgreSQL Gate	2026-10-05T15:02:03.3248093Z ^[[1m^[[92m   Compiling^[[0m stringprep v0.1.5
supabase-target	Same SHA Supabase PostgreSQL Gate	2026-10-05T15:02:03.3248716Z ^[[1m^[[92m   Compiling^[[0m rand v0.10.2
supabase-target	Same SHA Supabase PostgreSQL Gate	2026-10-05T15:02:03.3249237Z ^[[1m^[[92m   Compiling^[[0m rustls-pki-types v1.15.1
supabase-target	Same SHA Supabase PostgreSQL Gate	2026-10-05T15:02:03.3249903Z ^[[1m^[[92m   Compiling^[[0m hyper v1.11.0
supabase-target	Same SHA Supabase PostgreSQL Gate	2026-10-05T15:02:03.3250375Z ^[[1m^[[92m   Compiling^[[0m block-buffer v0.10.4
supabase-target	Same SHA Supabase PostgreSQL Gate	2026-10-05T15:02:03.3250873Z ^[[1m^[[92m   Compiling^[[0m crypto-common v0.1.7
supabase-target	Same SHA Supabase PostgreSQL Gate	2026-10-05T15:02:03.3251329Z ^[[1m^[[92m   Compiling^[[0m sha2 v0.11.0
supabase-target	Same SHA Supabase PostgreSQL Gate	2026-10-05T15:02:03.3251767Z ^[[1m^[[92m   Compiling^[[0m md-5 v0.11.0
supabase-target	Same SHA Supabase PostgreSQL Gate	2026-10-05T15:02:03.3252421Z ^[[1m^[[92m   Compiling^[[0m hmac v0.13.0
supabase-target	Same SHA Supabase PostgreSQL Gate	2026-10-05T15:02:03.3253045Z ^[[1m^[[92m   Compiling^[[0m openssl-macros v0.1.1
supabase-target	Same SHA Supabase PostgreSQL Gate	2026-10-05T15:02:03.3253542Z ^[[1m^[[92m   Compiling^[[0m scopeguard v1.2.0
supabase-target	Same SHA Supabase PostgreSQL Gate	2026-10-05T15:02:03.3254044Z ^[[1m^[[92m   Compiling^[[0m fallible-iterator v0.2.0
supabase-target	Same SHA Supabase PostgreSQL Gate	2026-10-05T15:02:03.3254521Z ^[[1m^[[92m   Compiling^[[0m rustix v1.1.4
supabase-target	Same SHA Supabase PostgreSQL Gate	2026-10-05T15:02:03.3254975Z ^[[1m^[[92m   Compiling^[[0m byteorder v1.5.0
supabase-target	Same SHA Supabase PostgreSQL Gate	2026-10-05T15:02:03.3255435Z ^[[1m^[[92m   Compiling^[[0m siphasher v1.0.3
supabase-target	Same SHA Supabase PostgreSQL Gate	2026-10-05T15:02:03.3255908Z ^[[1m^[[92m   Compiling^[[0m openssl-probe v0.2.1
supabase-target	Same SHA Supabase PostgreSQL Gate	2026-10-05T15:02:03.3256380Z ^[[1m^[[92m   Compiling^[[0m zerocopy v0.8.55
supabase-target	Same SHA Supabase PostgreSQL Gate	2026-10-05T15:02:03.3256817Z ^[[1m^[[92m   Compiling^[[0m heck v0.5.0
supabase-target	Same SHA Supabase PostgreSQL Gate	2026-10-05T15:02:03.3257401Z ^[[1m^[[92m   Compiling^[[0m ipnet v2.12.0
supabase-target	Same SHA Supabase PostgreSQL Gate	2026-10-05T15:02:03.3257865Z ^[[1m^[[92m   Compiling^[[0m prost v0.13.5
supabase-target	Same SHA Supabase PostgreSQL Gate	2026-10-05T15:02:03.3258346Z ^[[1m^[[92m   Compiling^[[0m postgres-protocol v0.6.12
supabase-target	Same SHA Supabase PostgreSQL Gate	2026-10-05T15:02:03.3258843Z ^[[1m^[[92m   Compiling^[[0m hyper-util v0.1.20
supabase-target	Same SHA Supabase PostgreSQL Gate	2026-10-05T15:02:03.3259312Z ^[[1m^[[92m   Compiling^[[0m phf_shared v0.13.1
supabase-target	Same SHA Supabase PostgreSQL Gate	2026-10-05T15:02:03.3259764Z ^[[1m^[[92m   Compiling^[[0m lock_api v0.4.14
supabase-target	Same SHA Supabase PostgreSQL Gate	2026-10-05T15:02:03.3260207Z ^[[1m^[[92m   Compiling^[[0m digest v0.10.7
supabase-target	Same SHA Supabase PostgreSQL Gate	2026-10-05T15:02:03.3260669Z ^[[1m^[[92m   Compiling^[[0m icu_normalizer v2.2.0
supabase-target	Same SHA Supabase PostgreSQL Gate	2026-10-05T15:02:03.3261153Z ^[[1m^[[92m   Compiling^[[0m icu_properties v2.2.0
supabase-target	Same SHA Supabase PostgreSQL Gate	2026-10-05T15:02:03.3261602Z ^[[1m^[[92m   Compiling^[[0m tower v0.5.3
supabase-target	Same SHA Supabase PostgreSQL Gate	2026-10-05T15:02:03.3262060Z ^[[1m^[[92m   Compiling^[[0m http-body-util v0.1.4
supabase-target	Same SHA Supabase PostgreSQL Gate	2026-10-05T15:02:03.3262543Z ^[[1m^[[92m   Compiling^[[0m regex-syntax v0.8.11
supabase-target	Same SHA Supabase PostgreSQL Gate	2026-10-05T15:02:03.3263261Z ^[[1m^[[92m   Compiling^[[0m thiserror v2.0.19
supabase-target	Same SHA Supabase PostgreSQL Gate	2026-10-05T15:02:03.3263733Z ^[[1m^[[92m   Compiling^[[0m untrusted v0.9.0
supabase-target	Same SHA Supabase PostgreSQL Gate	2026-10-05T15:02:03.3264203Z ^[[1m^[[92m   Compiling^[[0m linux-raw-sys v0.12.1
supabase-target	Same SHA Supabase PostgreSQL Gate	2026-10-05T15:02:03.3264857Z ^[[1m^[[92m   Compiling^[[0m prettyplease v0.2.37
supabase-target	Same SHA Supabase PostgreSQL Gate	2026-10-05T15:02:03.3265322Z ^[[1m^[[92m   Compiling^[[0m rustls v0.23.45
supabase-target	Same SHA Supabase PostgreSQL Gate	2026-10-05T15:02:03.3265794Z ^[[1m^[[92m   Compiling^[[0m regex-automata v0.4.16
supabase-target	Same SHA Supabase PostgreSQL Gate	2026-10-05T15:02:03.3266274Z ^[[1m^[[92m   Compiling^[[0m idna_adapter v1.2.2
supabase-target	Same SHA Supabase PostgreSQL Gate	2026-10-05T15:02:03.3266746Z ^[[1m^[[92m   Compiling^[[0m parking_lot v0.12.5
supabase-target	Same SHA Supabase PostgreSQL Gate	2026-10-05T15:02:03.3267328Z ^[[1m^[[92m   Compiling^[[0m phf v0.13.1
supabase-target	Same SHA Supabase PostgreSQL Gate	2026-10-05T15:02:03.3267814Z ^[[1m^[[92m   Compiling^[[0m postgres-types v0.2.14
supabase-target	Same SHA Supabase PostgreSQL Gate	2026-10-05T15:02:03.3268300Z ^[[1m^[[92m   Compiling^[[0m prost-types v0.13.5
supabase-target	Same SHA Supabase PostgreSQL Gate	2026-10-05T15:02:03.3268780Z ^[[1m^[[92m   Compiling^[[0m thiserror-impl v2.0.19
supabase-target	Same SHA Supabase PostgreSQL Gate	2026-10-05T15:02:03.3269232Z ^[[1m^[[92m   Compiling^[[0m whoami v2.1.2
supabase-target	Same SHA Supabase PostgreSQL Gate	2026-10-05T15:02:03.3269677Z ^[[1m^[[92m   Compiling^[[0m getrandom v0.2.17
supabase-target	Same SHA Supabase PostgreSQL Gate	2026-10-05T15:02:03.3270156Z ^[[1m^[[92m   Compiling^[[0m rust_decimal v1.42.1
supabase-target	Same SHA Supabase PostgreSQL Gate	2026-10-05T15:02:03.3270622Z ^[[1m^[[92m   Compiling^[[0m fixedbitset v0.5.7
supabase-target	Same SHA Supabase PostgreSQL Gate	2026-10-05T15:02:03.3271083Z ^[[1m^[[92m   Compiling^[[0m cpufeatures v0.2.17
supabase-target	Same SHA Supabase PostgreSQL Gate	2026-10-05T15:02:03.3271547Z ^[[1m^[[92m   Compiling^[[0m native-tls v0.2.18
supabase-target	Same SHA Supabase PostgreSQL Gate	2026-10-05T15:02:03.3272010Z ^[[1m^[[92m   Compiling^[[0m rustversion v1.0.23
supabase-target	Same SHA Supabase PostgreSQL Gate	2026-10-05T15:02:03.3272467Z ^[[1m^[[92m   Compiling^[[0m fastrand v2.5.0
supabase-target	Same SHA Supabase PostgreSQL Gate	2026-10-05T15:02:03.3272906Z ^[[1m^[[92m   Compiling^[[0m sha2 v0.10.9
supabase-target	Same SHA Supabase PostgreSQL Gate	2026-10-05T15:02:03.3273345Z ^[[1m^[[92m   Compiling^[[0m tempfile v3.27.0
supabase-target	Same SHA Supabase PostgreSQL Gate	2026-10-05T15:02:03.3273798Z ^[[1m^[[92m   Compiling^[[0m petgraph v0.7.1
supabase-target	Same SHA Supabase PostgreSQL Gate	2026-10-05T15:02:03.3274255Z ^[[1m^[[92m   Compiling^[[0m rand_core v0.6.4
supabase-target	Same SHA Supabase PostgreSQL Gate	2026-10-05T15:02:03.3274736Z ^[[1m^[[92m   Compiling^[[0m tokio-postgres v0.7.18
supabase-target	Same SHA Supabase PostgreSQL Gate	2026-10-05T15:02:03.3275199Z ^[[1m^[[92m   Compiling^[[0m regex v1.13.1
supabase-target	Same SHA Supabase PostgreSQL Gate	2026-10-05T15:02:03.3275652Z ^[[1m^[[92m   Compiling^[[0m ppv-lite86 v0.2.21
supabase-target	Same SHA Supabase PostgreSQL Gate	2026-10-05T15:02:03.3276098Z ^[[1m^[[92m   Compiling^[[0m idna v1.1.0
supabase-target	Same SHA Supabase PostgreSQL Gate	2026-10-05T15:02:03.3276542Z ^[[1m^[[92m   Compiling^[[0m itertools v0.13.0
supabase-target	Same SHA Supabase PostgreSQL Gate	2026-10-05T15:02:03.3277366Z ^[[1m^[[92m   Compiling^[[0m form_urlencoded v1.2.2
supabase-target	Same SHA Supabase PostgreSQL Gate	2026-10-05T15:02:03.3277903Z ^[[1m^[[92m   Compiling^[[0m semver v1.0.28
supabase-target	Same SHA Supabase PostgreSQL Gate	2026-10-05T15:02:03.3278561Z ^[[1m^[[92m   Compiling^[[0m indexmap v1.9.3
supabase-target	Same SHA Supabase PostgreSQL Gate	2026-10-05T15:02:03.3279035Z ^[[1m^[[92m   Compiling^[[0m arrayvec v0.7.8
supabase-target	Same SHA Supabase PostgreSQL Gate	2026-10-05T15:02:03.3279497Z ^[[1m^[[92m   Compiling^[[0m multimap v0.10.1
supabase-target	Same SHA Supabase PostgreSQL Gate	2026-10-05T15:02:03.3279976Z ^[[1m^[[92m   Compiling^[[0m prost-build v0.13.5
supabase-target	Same SHA Supabase PostgreSQL Gate	2026-10-05T15:02:03.3280460Z ^[[1m^[[92m   Compiling^[[0m pbjson-build v0.7.0
supabase-target	Same SHA Supabase PostgreSQL Gate	2026-10-05T15:02:03.3280907Z ^[[1m^[[92m   Compiling^[[0m url v2.5.8
supabase-target	Same SHA Supabase PostgreSQL Gate	2026-10-05T15:02:03.3281361Z ^[[1m^[[92m   Compiling^[[0m rand_chacha v0.3.1
supabase-target	Same SHA Supabase PostgreSQL Gate	2026-10-05T15:02:03.3281875Z ^[[1m^[[92m   Compiling^[[0m pin-project-internal v1.1.13
supabase-target	Same SHA Supabase PostgreSQL Gate	2026-10-05T15:02:03.3282377Z ^[[1m^[[92m   Compiling^[[0m mime v0.3.17
supabase-target	Same SHA Supabase PostgreSQL Gate	2026-10-05T15:02:03.3282803Z ^[[1m^[[92m   Compiling^[[0m hex v0.4.3
supabase-target	Same SHA Supabase PostgreSQL Gate	2026-10-05T15:02:03.3283274Z ^[[1m^[[92m   Compiling^[[0m hashbrown v0.12.3
supabase-target	Same SHA Supabase PostgreSQL Gate	2026-10-05T15:02:03.3284042Z ^[[1m^[[92m   Compiling^[[0m quantos-core v0.1.0 (/home/runner/work/QuantOS/QuantOS/crates/quantos-core)
supabase-target	Same SHA Supabase PostgreSQL Gate	2026-10-05T15:02:03.3284720Z ^[[1m^[[92m   Compiling^[[0m pin-project v1.1.13
supabase-target	Same SHA Supabase PostgreSQL Gate	2026-10-05T15:02:03.3285201Z ^[[1m^[[92m   Compiling^[[0m axum-core v0.4.5
supabase-target	Same SHA Supabase PostgreSQL Gate	2026-10-05T15:02:03.3285689Z ^[[1m^[[92m   Compiling^[[0m tokio-native-tls v0.3.1
supabase-target	Same SHA Supabase PostgreSQL Gate	2026-10-05T15:02:03.3286155Z ^[[1m^[[92m   Compiling^[[0m rand v0.8.7
supabase-target	Same SHA Supabase PostgreSQL Gate	2026-10-05T15:02:03.3286608Z ^[[1m^[[92m   Compiling^[[0m pbjson-types v0.7.0
supabase-target	Same SHA Supabase PostgreSQL Gate	2026-10-05T15:02:03.3287111Z ^[[1m^[[92m   Compiling^[[0m rustls-native-certs v0.8.4
supabase-target	Same SHA Supabase PostgreSQL Gate	2026-10-05T15:02:03.3287958Z ^[[1m^[[92m   Compiling^[[0m async-stream-impl v0.3.6
supabase-target	Same SHA Supabase PostgreSQL Gate	2026-10-05T15:02:03.3288471Z ^[[1m^[[92m   Compiling^[[0m tokio-openssl v0.6.5
supabase-target	Same SHA Supabase PostgreSQL Gate	2026-10-05T15:02:03.3288942Z ^[[1m^[[92m   Compiling^[[0m base64 v0.21.7
supabase-target	Same SHA Supabase PostgreSQL Gate	2026-10-05T15:02:03.3289390Z ^[[1m^[[92m   Compiling^[[0m matchit v0.7.3
supabase-target	Same SHA Supabase PostgreSQL Gate	2026-10-05T15:02:03.3289829Z ^[[1m^[[92m   Compiling^[[0m pbjson v0.7.0
supabase-target	Same SHA Supabase PostgreSQL Gate	2026-10-05T15:02:03.3290296Z ^[[1m^[[92m   Compiling^[[0m async-stream v0.3.6
supabase-target	Same SHA Supabase PostgreSQL Gate	2026-10-05T15:02:03.3290950Z ^[[1m^[[92m   Compiling^[[0m tower v0.4.13
supabase-target	Same SHA Supabase PostgreSQL Gate	2026-10-05T15:02:03.3291447Z ^[[1m^[[92m   Compiling^[[0m postgres-native-tls v0.5.3
supabase-target	Same SHA Supabase PostgreSQL Gate	2026-10-05T15:02:03.3291957Z ^[[1m^[[92m   Compiling^[[0m tower-http v0.6.11
supabase-target	Same SHA Supabase PostgreSQL Gate	2026-10-05T15:02:03.3292555Z ^[[1m^[[92m   Compiling^[[0m axum v0.7.9
supabase-target	Same SHA Supabase PostgreSQL Gate	2026-10-05T15:02:03.3293037Z ^[[1m^[[92m   Compiling^[[0m postgres v0.19.14
supabase-target	Same SHA Supabase PostgreSQL Gate	2026-10-05T15:02:03.3293528Z ^[[1m^[[92m   Compiling^[[0m hyper-timeout v0.5.2
supabase-target	Same SHA Supabase PostgreSQL Gate	2026-10-05T15:02:03.3294013Z ^[[1m^[[92m   Compiling^[[0m tokio-stream v0.1.19
supabase-target	Same SHA Supabase PostgreSQL Gate	2026-10-05T15:02:03.3294472Z ^[[1m^[[92m   Compiling^[[0m socket2 v0.5.10
supabase-target	Same SHA Supabase PostgreSQL Gate	2026-10-05T15:02:03.3294916Z ^[[1m^[[92m   Compiling^[[0m tonic v0.12.3
supabase-target	Same SHA Supabase PostgreSQL Gate	2026-10-05T15:02:03.3295370Z ^[[1m^[[92m   Compiling^[[0m utf8parse v0.2.2
supabase-target	Same SHA Supabase PostgreSQL Gate	2026-10-05T15:02:03.3295839Z ^[[1m^[[92m   Compiling^[[0m anstyle-parse v1.0.0
supabase-target	Same SHA Supabase PostgreSQL Gate	2026-10-05T15:02:03.3296334Z ^[[1m^[[92m   Compiling^[[0m postgres-openssl v0.5.3
supabase-target	Same SHA Supabase PostgreSQL Gate	2026-10-05T15:02:03.3297111Z ^[[1m^[[92m   Compiling^[[0m quantos-policy v0.1.0 (/home/runner/work/QuantOS/QuantOS/crates/quantos-policy)
supabase-target	Same SHA Supabase PostgreSQL Gate	2026-10-05T15:02:03.3298028Z ^[[1m^[[92m   Compiling^[[0m hmac v0.12.1
supabase-target	Same SHA Supabase PostgreSQL Gate	2026-10-05T15:02:03.3298479Z ^[[1m^[[92m   Compiling^[[0m anstyle v1.0.14
supabase-target	Same SHA Supabase PostgreSQL Gate	2026-10-05T15:02:03.3298944Z ^[[1m^[[92m   Compiling^[[0m colorchoice v1.0.5
supabase-target	Same SHA Supabase PostgreSQL Gate	2026-10-05T15:02:03.3299429Z ^[[1m^[[92m   Compiling^[[0m anstyle-query v1.1.5
supabase-target	Same SHA Supabase PostgreSQL Gate	2026-10-05T15:02:03.3299943Z ^[[1m^[[92m   Compiling^[[0m is_terminal_polyfill v1.70.2
supabase-target	Same SHA Supabase PostgreSQL Gate	2026-10-05T15:02:03.3300437Z ^[[1m^[[92m   Compiling^[[0m clap_lex v1.1.0
supabase-target	Same SHA Supabase PostgreSQL Gate	2026-10-05T15:02:03.3300886Z ^[[1m^[[92m   Compiling^[[0m anstream v1.0.0
supabase-target	Same SHA Supabase PostgreSQL Gate	2026-10-05T15:02:03.3301329Z ^[[1m^[[92m   Compiling^[[0m strsim v0.11.1
supabase-target	Same SHA Supabase PostgreSQL Gate	2026-10-05T15:02:03.3302058Z ^[[1m^[[92m   Compiling^[[0m quantos-event v0.1.0 (/home/runner/work/QuantOS/QuantOS/crates/quantos-event)
supabase-target	Same SHA Supabase PostgreSQL Gate	2026-10-05T15:02:03.3302717Z ^[[1m^[[92m   Compiling^[[0m clap_builder v4.6.2
supabase-target	Same SHA Supabase PostgreSQL Gate	2026-10-05T15:02:03.3303457Z ^[[1m^[[92m   Compiling^[[0m quantos-proto v0.1.0 (/home/runner/work/QuantOS/QuantOS/crates/quantos-proto)
supabase-target	Same SHA Supabase PostgreSQL Gate	2026-10-05T15:02:03.3304104Z ^[[1m^[[92m   Compiling^[[0m clap_derive v4.6.4
supabase-target	Same SHA Supabase PostgreSQL Gate	2026-10-05T15:02:03.3304948Z ^[[1m^[[92m   Compiling^[[0m quantos-engine-manager v0.1.0 (/home/runner/work/QuantOS/QuantOS/crates/quantos-engine-manager)
supabase-target	Same SHA Supabase PostgreSQL Gate	2026-10-05T15:02:03.3305670Z ^[[1m^[[92m   Compiling^[[0m clap v4.6.4
supabase-target	Same SHA Supabase PostgreSQL Gate	2026-10-05T15:02:03.3306151Z ^[[1m^[[92m   Compiling^[[0m rustls-webpki v0.103.14
supabase-target	Same SHA Supabase PostgreSQL Gate	2026-10-05T15:02:03.3306658Z ^[[1m^[[92m   Compiling^[[0m tokio-rustls v0.26.4
supabase-target	Same SHA Supabase PostgreSQL Gate	2026-10-05T15:02:03.3307403Z ^[[1m^[[92m   Compiling^[[0m rustls-platform-verifier v0.7.0
supabase-target	Same SHA Supabase PostgreSQL Gate	2026-10-05T15:02:03.3308095Z ^[[1m^[[92m   Compiling^[[0m hyper-rustls v0.27.9
supabase-target	Same SHA Supabase PostgreSQL Gate	2026-10-05T15:02:03.3308565Z ^[[1m^[[92m   Compiling^[[0m reqwest v0.13.4
supabase-target	Same SHA Supabase PostgreSQL Gate	2026-10-05T15:02:03.3309323Z ^[[1m^[[92m   Compiling^[[0m quantos-storage v0.1.0 (/home/runner/work/QuantOS/QuantOS/crates/quantos-storage)
supabase-target	Same SHA Supabase PostgreSQL Gate	2026-10-05T15:02:03.3310275Z ^[[1m^[[92m   Compiling^[[0m quantos-auth v0.1.0 (/home/runner/work/QuantOS/QuantOS/crates/quantos-auth)
supabase-target	Same SHA Supabase PostgreSQL Gate	2026-10-05T15:02:03.3311211Z ^[[1m^[[92m   Compiling^[[0m quantos-runtime v0.1.0 (/home/runner/work/QuantOS/QuantOS/crates/quantos-runtime)
supabase-target	Same SHA Supabase PostgreSQL Gate	2026-10-05T15:02:03.3312227Z ^[[1m^[[92m   Compiling^[[0m quantos-observability v0.1.0 (/home/runner/work/QuantOS/QuantOS/crates/quantos-observability)
supabase-target	Same SHA Supabase PostgreSQL Gate	2026-10-05T15:02:03.3313257Z ^[[1m^[[92m   Compiling^[[0m capacity-monitor v0.1.0 (/home/runner/work/QuantOS/QuantOS/services/capacity-monitor)
supabase-target	Same SHA Supabase PostgreSQL Gate	2026-10-05T15:02:03.3314129Z ^[[1m^[[92m    Finished^[[0m `dev` profile [unoptimized + debuginfo] target(s) in 1m 09s
supabase-target	Same SHA Supabase PostgreSQL Gate	2026-10-05T15:02:05.2864771Z ^[[1m^[[92m   Compiling^[[0m quantos-portfolio v0.1.0 (/home/runner/work/QuantOS/QuantOS/crates/quantos-portfolio)
supabase-target	Same SHA Supabase PostgreSQL Gate	2026-10-05T15:02:05.2866238Z ^[[1m^[[92m   Compiling^[[0m portfolio-rebuild v0.1.0 (/home/runner/work/QuantOS/QuantOS/services/portfolio-rebuild)
supabase-target	Same SHA Supabase PostgreSQL Gate	2026-10-05T15:02:05.2867767Z ^[[1m^[[92m    Finished^[[0m `dev` profile [unoptimized + debuginfo] target(s) in 1.93s
supabase-target	Same SHA Supabase PostgreSQL Gate	2026-10-05T15:03:11.7001151Z F09 scheduler smoke PASS: 2 real Supabase missing-coverage ticks
supabase-target	Same SHA Supabase PostgreSQL Gate	2026-10-05T15:04:24.2514111Z make[1]: Entering directory '/home/runner/work/QuantOS/QuantOS'
supabase-target	Same SHA Supabase PostgreSQL Gate	2026-10-05T15:04:24.2516345Z QUANTOS_RUN_F09_POSTGRES_TESTS=1 cargo test -p quantos-observability --test postgres_capacity_monitor --locked -- --test-threads=1 --skip restricted_runtime_role_records_only_real_storage_outcomes --nocapture
supabase-target	Same SHA Supabase PostgreSQL Gate	2026-10-05T15:04:24.2517809Z 
supabase-target	Same SHA Supabase PostgreSQL Gate	2026-10-05T15:04:24.2518183Z running 3 tests
supabase-target	Same SHA Supabase PostgreSQL Gate	2026-10-05T15:04:24.2518706Z test fault_proxy_retries_real_postgres_event_and_consumer_chain ... ok
supabase-target	Same SHA Supabase PostgreSQL Gate	2026-10-05T15:04:24.2519409Z test live_database_session_termination_preserves_ordered_event_chain ... ok
supabase-target	Same SHA Supabase PostgreSQL Gate	2026-10-05T15:04:24.2520181Z test live_metrics_drive_restart_safe_windows_persist_alerts_and_build_adr_evidence ... ok
supabase-target	Same SHA Supabase PostgreSQL Gate	2026-10-05T15:04:24.2520600Z 
supabase-target	Same SHA Supabase PostgreSQL Gate	2026-10-05T15:04:24.2521007Z test result: ok. 3 passed; 0 failed; 0 ignored; 0 measured; 1 filtered out; finished in 63.11s
supabase-target	Same SHA Supabase PostgreSQL Gate	2026-10-05T15:04:24.2521415Z 
supabase-target	Same SHA Supabase PostgreSQL Gate	2026-10-05T15:04:24.2521698Z make[1]: Leaving directory '/home/runner/work/QuantOS/QuantOS'
supabase-target	Same SHA Supabase PostgreSQL Gate	2026-10-05T15:04:24.2522422Z ^[[1m^[[92m   Compiling^[[0m anyhow v1.0.104
supabase-target	Same SHA Supabase PostgreSQL Gate	2026-10-05T15:04:24.2522923Z ^[[1m^[[92m   Compiling^[[0m prost-derive v0.13.5
supabase-target	Same SHA Supabase PostgreSQL Gate	2026-10-05T15:04:24.2523395Z ^[[1m^[[92m   Compiling^[[0m prost v0.13.5
supabase-target	Same SHA Supabase PostgreSQL Gate	2026-10-05T15:04:24.2523965Z ^[[1m^[[92m   Compiling^[[0m tonic v0.12.3
supabase-target	Same SHA Supabase PostgreSQL Gate	2026-10-05T15:04:24.2524562Z ^[[1m^[[92m   Compiling^[[0m prost-types v0.13.5
supabase-target	Same SHA Supabase PostgreSQL Gate	2026-10-05T15:04:24.2525050Z ^[[1m^[[92m   Compiling^[[0m pbjson-build v0.7.0
supabase-target	Same SHA Supabase PostgreSQL Gate	2026-10-05T15:04:24.2525557Z ^[[1m^[[92m   Compiling^[[0m prost-build v0.13.5
supabase-target	Same SHA Supabase PostgreSQL Gate	2026-10-05T15:04:24.2526051Z ^[[1m^[[92m   Compiling^[[0m pbjson-types v0.7.0
supabase-target	Same SHA Supabase PostgreSQL Gate	2026-10-05T15:04:24.2526834Z ^[[1m^[[92m   Compiling^[[0m quantos-proto v0.1.0 (/home/runner/work/QuantOS/QuantOS/crates/quantos-proto)
supabase-target	Same SHA Supabase PostgreSQL Gate	2026-10-05T15:04:24.2528179Z ^[[1m^[[92m   Compiling^[[0m quantos-engine-manager v0.1.0 (/home/runner/work/QuantOS/QuantOS/crates/quantos-engine-manager)
supabase-target	Same SHA Supabase PostgreSQL Gate	2026-10-05T15:04:24.2529235Z ^[[1m^[[92m   Compiling^[[0m quantos-runtime v0.1.0 (/home/runner/work/QuantOS/QuantOS/crates/quantos-runtime)
supabase-target	Same SHA Supabase PostgreSQL Gate	2026-10-05T15:04:24.2530286Z ^[[1m^[[92m   Compiling^[[0m quantos-observability v0.1.0 (/home/runner/work/QuantOS/QuantOS/crates/quantos-observability)
supabase-target	Same SHA Supabase PostgreSQL Gate	2026-10-05T15:04:24.2531196Z ^[[1m^[[92m    Finished^[[0m `test` profile [unoptimized + debuginfo] target(s) in 9.37s
supabase-target	Same SHA Supabase PostgreSQL Gate	2026-10-05T15:04:24.2532185Z ^[[1m^[[92m     Running^[[0m tests/postgres_capacity_monitor.rs (target/debug/deps/postgres_capacity_monitor-eb8fdf40cad32c36)
supabase-target	Same SHA Supabase PostgreSQL Gate	2026-10-05T15:04:24.2533154Z F09 database termination recovered; correlation=01a10c97-6699-7102-870b-0620f0337ab3; ordered_events=2
supabase-target	Same SHA Supabase PostgreSQL Gate	2026-10-05T15:04:24.2533994Z F09 capacity continuity tick 0/17
supabase-target	Same SHA Supabase PostgreSQL Gate	2026-10-05T15:04:24.2534554Z F09 capacity continuity tick 3/17
supabase-target	Same SHA Supabase PostgreSQL Gate	2026-10-05T15:04:24.2544739Z F09 capacity continuity tick 6/17
supabase-target	Same SHA Supabase PostgreSQL Gate	2026-10-05T15:04:24.2545198Z F09 capacity continuity tick 9/17
supabase-target	Same SHA Supabase PostgreSQL Gate	2026-10-05T15:04:24.2545615Z F09 capacity continuity tick 12/17
supabase-target	Same SHA Supabase PostgreSQL Gate	2026-10-05T15:04:24.2546032Z F09 capacity continuity tick 15/17
supabase-target	Same SHA Supabase PostgreSQL Gate	2026-10-05T15:04:35.3673718Z 
supabase-target	Same SHA Supabase PostgreSQL Gate	2026-10-05T15:04:35.3674809Z running 1 test
supabase-target	Same SHA Supabase PostgreSQL Gate	2026-10-05T15:04:35.3675832Z test f09_portfolio_and_risk_queries_persist_actual_latency_samples ... ok
supabase-target	Same SHA Supabase PostgreSQL Gate	2026-10-05T15:04:35.3676471Z 
supabase-target	Same SHA Supabase PostgreSQL Gate	2026-10-05T15:04:35.3677473Z test result: ok. 1 passed; 0 failed; 0 ignored; 0 measured; 1 filtered out; finished in 0.00s
supabase-target	Same SHA Supabase PostgreSQL Gate	2026-10-05T15:04:35.3678215Z 
supabase-target	Same SHA Supabase PostgreSQL Gate	2026-10-05T15:04:35.3678815Z ^[[1m^[[92m   Compiling^[[0m syn v2.0.119
supabase-target	Same SHA Supabase PostgreSQL Gate	2026-10-05T15:04:35.3679632Z ^[[1m^[[92m   Compiling^[[0m smallvec v1.15.2
supabase-target	Same SHA Supabase PostgreSQL Gate	2026-10-05T15:04:35.3680443Z ^[[1m^[[92m   Compiling^[[0m cc v1.4.0
supabase-target	Same SHA Supabase PostgreSQL Gate	2026-10-05T15:04:35.3681212Z ^[[1m^[[92m   Compiling^[[0m tokio v1.53.1
supabase-target	Same SHA Supabase PostgreSQL Gate	2026-10-05T15:04:35.3682066Z ^[[1m^[[92m   Compiling^[[0m parking_lot_core v0.9.12
supabase-target	Same SHA Supabase PostgreSQL Gate	2026-10-05T15:04:35.3682949Z ^[[1m^[[92m   Compiling^[[0m futures-task v0.3.33
supabase-target	Same SHA Supabase PostgreSQL Gate	2026-10-05T15:04:35.3683601Z ^[[1m^[[92m   Compiling^[[0m futures-util v0.3.33
supabase-target	Same SHA Supabase PostgreSQL Gate	2026-10-05T15:04:35.3684117Z ^[[1m^[[92m   Compiling^[[0m openssl-sys v0.9.117
supabase-target	Same SHA Supabase PostgreSQL Gate	2026-10-05T15:04:35.3684614Z ^[[1m^[[92m   Compiling^[[0m openssl v0.10.81
supabase-target	Same SHA Supabase PostgreSQL Gate	2026-10-05T15:04:35.3685189Z ^[[1m^[[92m   Compiling^[[0m parking_lot v0.12.5
supabase-target	Same SHA Supabase PostgreSQL Gate	2026-10-05T15:04:35.3685815Z ^[[1m^[[92m   Compiling^[[0m tokio-openssl v0.6.5
supabase-target	Same SHA Supabase PostgreSQL Gate	2026-10-05T15:04:35.3686294Z ^[[1m^[[92m   Compiling^[[0m digest v0.10.7
supabase-target	Same SHA Supabase PostgreSQL Gate	2026-10-05T15:04:35.3686742Z ^[[1m^[[92m   Compiling^[[0m sha2 v0.10.9
supabase-target	Same SHA Supabase PostgreSQL Gate	2026-10-05T15:04:35.3687902Z ^[[1m^[[92m   Compiling^[[0m quantos-core v0.1.0 (/home/runner/work/QuantOS/QuantOS/crates/quantos-core)
supabase-target	Same SHA Supabase PostgreSQL Gate	2026-10-05T15:04:35.3688965Z ^[[1m^[[92m   Compiling^[[0m tokio-util v0.7.19
supabase-target	Same SHA Supabase PostgreSQL Gate	2026-10-05T15:04:35.3689648Z ^[[1m^[[92m   Compiling^[[0m synstructure v0.13.2
supabase-target	Same SHA Supabase PostgreSQL Gate	2026-10-05T15:04:35.3690178Z ^[[1m^[[92m   Compiling^[[0m tokio-postgres v0.7.18
supabase-target	Same SHA Supabase PostgreSQL Gate	2026-10-05T15:04:35.3690699Z ^[[1m^[[92m   Compiling^[[0m zerofrom-derive v0.1.7
supabase-target	Same SHA Supabase PostgreSQL Gate	2026-10-05T15:04:35.3691191Z ^[[1m^[[92m   Compiling^[[0m yoke-derive v0.8.2
supabase-target	Same SHA Supabase PostgreSQL Gate	2026-10-05T15:04:35.3691684Z ^[[1m^[[92m   Compiling^[[0m zerovec-derive v0.11.3
supabase-target	Same SHA Supabase PostgreSQL Gate	2026-10-05T15:04:35.3692159Z ^[[1m^[[92m   Compiling^[[0m displaydoc v0.2.6
supabase-target	Same SHA Supabase PostgreSQL Gate	2026-10-05T15:04:35.3692652Z ^[[1m^[[92m   Compiling^[[0m openssl-macros v0.1.1
supabase-target	Same SHA Supabase PostgreSQL Gate	2026-10-05T15:04:35.3693131Z ^[[1m^[[92m   Compiling^[[0m zerofrom v0.1.8
supabase-target	Same SHA Supabase PostgreSQL Gate	2026-10-05T15:04:35.3693571Z ^[[1m^[[92m   Compiling^[[0m yoke v0.8.3
supabase-target	Same SHA Supabase PostgreSQL Gate	2026-10-05T15:04:35.3694013Z ^[[1m^[[92m   Compiling^[[0m zerovec v0.11.6
supabase-target	Same SHA Supabase PostgreSQL Gate	2026-10-05T15:04:35.3694457Z ^[[1m^[[92m   Compiling^[[0m zerotrie v0.2.4
supabase-target	Same SHA Supabase PostgreSQL Gate	2026-10-05T15:04:35.3694893Z ^[[1m^[[92m   Compiling^[[0m tinystr v0.8.3
supabase-target	Same SHA Supabase PostgreSQL Gate	2026-10-05T15:04:35.3695366Z ^[[1m^[[92m   Compiling^[[0m potential_utf v0.1.5
supabase-target	Same SHA Supabase PostgreSQL Gate	2026-10-05T15:04:35.3695849Z ^[[1m^[[92m   Compiling^[[0m icu_collections v2.2.0
supabase-target	Same SHA Supabase PostgreSQL Gate	2026-10-05T15:04:35.3696335Z ^[[1m^[[92m   Compiling^[[0m icu_locale_core v2.2.0
supabase-target	Same SHA Supabase PostgreSQL Gate	2026-10-05T15:04:35.3696798Z ^[[1m^[[92m   Compiling^[[0m postgres v0.19.14
supabase-target	Same SHA Supabase PostgreSQL Gate	2026-10-05T15:04:35.3697561Z ^[[1m^[[92m   Compiling^[[0m icu_provider v2.2.0
supabase-target	Same SHA Supabase PostgreSQL Gate	2026-10-05T15:04:35.3698107Z ^[[1m^[[92m   Compiling^[[0m icu_properties v2.2.0
supabase-target	Same SHA Supabase PostgreSQL Gate	2026-10-05T15:04:35.3698605Z ^[[1m^[[92m   Compiling^[[0m icu_normalizer v2.2.0
supabase-target	Same SHA Supabase PostgreSQL Gate	2026-10-05T15:04:35.3699082Z ^[[1m^[[92m   Compiling^[[0m idna_adapter v1.2.2
supabase-target	Same SHA Supabase PostgreSQL Gate	2026-10-05T15:04:35.3699541Z ^[[1m^[[92m   Compiling^[[0m idna v1.1.0
supabase-target	Same SHA Supabase PostgreSQL Gate	2026-10-05T15:04:35.3699971Z ^[[1m^[[92m   Compiling^[[0m url v2.5.8
supabase-target	Same SHA Supabase PostgreSQL Gate	2026-10-05T15:04:35.3700452Z ^[[1m^[[92m   Compiling^[[0m postgres-openssl v0.5.3
supabase-target	Same SHA Supabase PostgreSQL Gate	2026-10-05T15:04:35.3701274Z ^[[1m^[[92m   Compiling^[[0m quantos-portfolio v0.1.0 (/home/runner/work/QuantOS/QuantOS/crates/quantos-portfolio)
supabase-target	Same SHA Supabase PostgreSQL Gate	2026-10-05T15:04:35.3702159Z ^[[1m^[[92m    Finished^[[0m `test` profile [unoptimized + debuginfo] target(s) in 11.06s
supabase-target	Same SHA Supabase PostgreSQL Gate	2026-10-05T15:04:35.3703079Z ^[[1m^[[92m     Running^[[0m tests/postgres_portfolio.rs (target/debug/deps/postgres_portfolio-d76cef897ef975f4)
supabase-target	Same SHA Supabase PostgreSQL Gate	2026-10-05T15:04:59.3130370Z 
supabase-target	Same SHA Supabase PostgreSQL Gate	2026-10-05T15:04:59.3133308Z running 1 test
supabase-target	Same SHA Supabase PostgreSQL Gate	2026-10-05T15:04:59.3134025Z test live::f09_live_tests::real_logout_db_write_matches_persistent_trace ... FAILED
supabase-target	Same SHA Supabase PostgreSQL Gate	2026-10-05T15:04:59.3134528Z 
supabase-target	Same SHA Supabase PostgreSQL Gate	2026-10-05T15:04:59.3134747Z failures:
supabase-target	Same SHA Supabase PostgreSQL Gate	2026-10-05T15:04:59.3134932Z 
supabase-target	Same SHA Supabase PostgreSQL Gate	2026-10-05T15:04:59.3135057Z failures:
supabase-target	Same SHA Supabase PostgreSQL Gate	2026-10-05T15:04:59.3135490Z     live::f09_live_tests::real_logout_db_write_matches_persistent_trace
supabase-target	Same SHA Supabase PostgreSQL Gate	2026-10-05T15:04:59.3135836Z 
supabase-target	Same SHA Supabase PostgreSQL Gate	2026-10-05T15:04:59.3136259Z test result: FAILED. 0 passed; 1 failed; 0 ignored; 0 measured; 14 filtered out; finished in 1.17s
supabase-target	Same SHA Supabase PostgreSQL Gate	2026-10-05T15:04:59.3136679Z 
supabase-target	Same SHA Supabase PostgreSQL Gate	2026-10-05T15:04:59.3137085Z ^[[1m^[[92m Downloading^[[0m crates ...
supabase-target	Same SHA Supabase PostgreSQL Gate	2026-10-05T15:04:59.3137883Z ^[[1m^[[92m  Downloaded^[[0m serde_urlencoded v0.7.1
supabase-target	Same SHA Supabase PostgreSQL Gate	2026-10-05T15:04:59.3138417Z ^[[1m^[[92m  Downloaded^[[0m serde_path_to_error v0.1.20
supabase-target	Same SHA Supabase PostgreSQL Gate	2026-10-05T15:04:59.3138943Z ^[[1m^[[92m  Downloaded^[[0m ryu v1.0.23
supabase-target	Same SHA Supabase PostgreSQL Gate	2026-10-05T15:04:59.3139421Z ^[[1m^[[92m   Compiling^[[0m serde_core v1.0.229
supabase-target	Same SHA Supabase PostgreSQL Gate	2026-10-05T15:04:59.3139925Z ^[[1m^[[92m   Compiling^[[0m serde_json v1.0.151
supabase-target	Same SHA Supabase PostgreSQL Gate	2026-10-05T15:04:59.3140512Z ^[[1m^[[92m   Compiling^[[0m tracing v0.1.44
supabase-target	Same SHA Supabase PostgreSQL Gate	2026-10-05T15:04:59.3141376Z ^[[1m^[[92m   Compiling^[[0m form_urlencoded v1.2.2
supabase-target	Same SHA Supabase PostgreSQL Gate	2026-10-05T15:04:59.3142197Z ^[[1m^[[92m   Compiling^[[0m url v2.5.8
supabase-target	Same SHA Supabase PostgreSQL Gate	2026-10-05T15:04:59.3142963Z ^[[1m^[[92m   Compiling^[[0m ryu v1.0.23
supabase-target	Same SHA Supabase PostgreSQL Gate	2026-10-05T15:04:59.3143439Z ^[[1m^[[92m   Compiling^[[0m h2 v0.4.16
supabase-target	Same SHA Supabase PostgreSQL Gate	2026-10-05T15:04:59.3143861Z ^[[1m^[[92m   Compiling^[[0m tower v0.5.3
supabase-target	Same SHA Supabase PostgreSQL Gate	2026-10-05T15:04:59.3144296Z ^[[1m^[[92m   Compiling^[[0m axum-core v0.4.5
supabase-target	Same SHA Supabase PostgreSQL Gate	2026-10-05T15:04:59.3144743Z ^[[1m^[[92m   Compiling^[[0m tower v0.4.13
supabase-target	Same SHA Supabase PostgreSQL Gate	2026-10-05T15:04:59.3145193Z ^[[1m^[[92m   Compiling^[[0m tower-http v0.6.11
supabase-target	Same SHA Supabase PostgreSQL Gate	2026-10-05T15:04:59.3145641Z ^[[1m^[[92m   Compiling^[[0m serde v1.0.229
supabase-target	Same SHA Supabase PostgreSQL Gate	2026-10-05T15:04:59.3146069Z ^[[1m^[[92m   Compiling^[[0m uuid v1.24.0
supabase-target	Same SHA Supabase PostgreSQL Gate	2026-10-05T15:04:59.3146755Z ^[[1m^[[92m   Compiling^[[0m chrono v0.4.45
supabase-target	Same SHA Supabase PostgreSQL Gate	2026-10-05T15:04:59.3147428Z ^[[1m^[[92m   Compiling^[[0m semver v1.0.28
supabase-target	Same SHA Supabase PostgreSQL Gate	2026-10-05T15:04:59.3147971Z ^[[1m^[[92m   Compiling^[[0m rust_decimal v1.42.1
supabase-target	Same SHA Supabase PostgreSQL Gate	2026-10-05T15:04:59.3148682Z ^[[1m^[[92m   Compiling^[[0m hyper v1.11.0
supabase-target	Same SHA Supabase PostgreSQL Gate	2026-10-05T15:04:59.3149203Z ^[[1m^[[92m   Compiling^[[0m postgres-types v0.2.14
supabase-target	Same SHA Supabase PostgreSQL Gate	2026-10-05T15:04:59.3149743Z ^[[1m^[[92m   Compiling^[[0m tokio-postgres v0.7.18
supabase-target	Same SHA Supabase PostgreSQL Gate	2026-10-05T15:04:59.3150561Z ^[[1m^[[92m   Compiling^[[0m quantos-core v0.1.0 (/home/runner/work/QuantOS/QuantOS/crates/quantos-core)
supabase-target	Same SHA Supabase PostgreSQL Gate	2026-10-05T15:04:59.3151278Z ^[[1m^[[92m   Compiling^[[0m hyper-util v0.1.20
supabase-target	Same SHA Supabase PostgreSQL Gate	2026-10-05T15:04:59.3151807Z ^[[1m^[[92m   Compiling^[[0m serde_urlencoded v0.7.1
supabase-target	Same SHA Supabase PostgreSQL Gate	2026-10-05T15:04:59.3152395Z ^[[1m^[[92m   Compiling^[[0m serde_path_to_error v0.1.20
supabase-target	Same SHA Supabase PostgreSQL Gate	2026-10-05T15:04:59.3152975Z ^[[1m^[[92m   Compiling^[[0m pbjson v0.7.0
supabase-target	Same SHA Supabase PostgreSQL Gate	2026-10-05T15:04:59.3153484Z ^[[1m^[[92m   Compiling^[[0m pbjson-types v0.7.0
supabase-target	Same SHA Supabase PostgreSQL Gate	2026-10-05T15:04:59.3154285Z ^[[1m^[[92m   Compiling^[[0m quantos-policy v0.1.0 (/home/runner/work/QuantOS/QuantOS/crates/quantos-policy)
supabase-target	Same SHA Supabase PostgreSQL Gate	2026-10-05T15:04:59.3155005Z ^[[1m^[[92m   Compiling^[[0m aho-corasick v1.1.4
supabase-target	Same SHA Supabase PostgreSQL Gate	2026-10-05T15:04:59.3155515Z ^[[1m^[[92m   Compiling^[[0m postgres v0.19.14
supabase-target	Same SHA Supabase PostgreSQL Gate	2026-10-05T15:04:59.3156062Z ^[[1m^[[92m   Compiling^[[0m postgres-native-tls v0.5.3
supabase-target	Same SHA Supabase PostgreSQL Gate	2026-10-05T15:04:59.3156613Z ^[[1m^[[92m   Compiling^[[0m hyper-timeout v0.5.2
supabase-target	Same SHA Supabase PostgreSQL Gate	2026-10-05T15:04:59.3157087Z ^[[1m^[[92m   Compiling^[[0m axum v0.7.9
supabase-target	Same SHA Supabase PostgreSQL Gate	2026-10-05T15:04:59.3157885Z ^[[1m^[[92m   Compiling^[[0m hyper-rustls v0.27.9
supabase-target	Same SHA Supabase PostgreSQL Gate	2026-10-05T15:04:59.3158394Z ^[[1m^[[92m   Compiling^[[0m reqwest v0.13.4
supabase-target	Same SHA Supabase PostgreSQL Gate	2026-10-05T15:04:59.3158925Z ^[[1m^[[92m   Compiling^[[0m postgres-openssl v0.5.3
supabase-target	Same SHA Supabase PostgreSQL Gate	2026-10-05T15:04:59.3159464Z ^[[1m^[[92m   Compiling^[[0m regex-syntax v0.8.11
supabase-target	Same SHA Supabase PostgreSQL Gate	2026-10-05T15:04:59.3160353Z ^[[1m^[[92m   Compiling^[[0m quantos-storage v0.1.0 (/home/runner/work/QuantOS/QuantOS/crates/quantos-storage)
supabase-target	Same SHA Supabase PostgreSQL Gate	2026-10-05T15:04:59.3161377Z ^[[1m^[[92m   Compiling^[[0m quantos-auth v0.1.0 (/home/runner/work/QuantOS/QuantOS/crates/quantos-auth)
supabase-target	Same SHA Supabase PostgreSQL Gate	2026-10-05T15:04:59.3162065Z ^[[1m^[[92m   Compiling^[[0m tonic v0.12.3
supabase-target	Same SHA Supabase PostgreSQL Gate	2026-10-05T15:04:59.3162721Z ^[[1m^[[92m   Compiling^[[0m regex-automata v0.4.16
supabase-target	Same SHA Supabase PostgreSQL Gate	2026-10-05T15:04:59.3164269Z ^[[1m^[[92m   Compiling^[[0m quantos-event v0.1.0 (/home/runner/work/QuantOS/QuantOS/crates/quantos-event)
supabase-target	Same SHA Supabase PostgreSQL Gate	2026-10-05T15:04:59.3165480Z ^[[1m^[[92m   Compiling^[[0m quantos-proto v0.1.0 (/home/runner/work/QuantOS/QuantOS/crates/quantos-proto)
supabase-target	Same SHA Supabase PostgreSQL Gate	2026-10-05T15:04:59.3166521Z ^[[1m^[[92m   Compiling^[[0m quantos-engine-manager v0.1.0 (/home/runner/work/QuantOS/QuantOS/crates/quantos-engine-manager)
supabase-target	Same SHA Supabase PostgreSQL Gate	2026-10-05T15:04:59.3167500Z ^[[1m^[[92m   Compiling^[[0m regex v1.13.1
supabase-target	Same SHA Supabase PostgreSQL Gate	2026-10-05T15:04:59.3168338Z ^[[1m^[[92m   Compiling^[[0m quantos-runtime v0.1.0 (/home/runner/work/QuantOS/QuantOS/crates/quantos-runtime)
supabase-target	Same SHA Supabase PostgreSQL Gate	2026-10-05T15:04:59.3169367Z ^[[1m^[[92m   Compiling^[[0m quantos-observability v0.1.0 (/home/runner/work/QuantOS/QuantOS/crates/quantos-observability)
supabase-target	Same SHA Supabase PostgreSQL Gate	2026-10-05T15:04:59.3170331Z ^[[1m^[[92m   Compiling^[[0m bff-gateway v0.1.0 (/home/runner/work/QuantOS/QuantOS/services/bff-gateway)
supabase-target	Same SHA Supabase PostgreSQL Gate	2026-10-05T15:04:59.3171158Z ^[[1m^[[92m    Finished^[[0m `test` profile [unoptimized + debuginfo] target(s) in 22.72s
supabase-target	Same SHA Supabase PostgreSQL Gate	2026-10-05T15:04:59.3172007Z ^[[1m^[[92m     Running^[[0m unittests src/lib.rs (target/debug/deps/bff_gateway-ec8b5d389f96f1ac)
supabase-target	Same SHA Supabase PostgreSQL Gate	2026-10-05T15:04:59.3172480Z 
supabase-target	Same SHA Supabase PostgreSQL Gate	2026-10-05T15:04:59.3173689Z thread 'live::f09_live_tests::real_logout_db_write_matches_persistent_trace' (9306) panicked at services/bff-gateway/src/live/f09_live_tests.rs:140:55:
supabase-target	Same SHA Supabase PostgreSQL Gate	2026-10-05T15:04:59.3175137Z narrow BFF DB required: NotPresent
supabase-target	Same SHA Supabase PostgreSQL Gate	2026-10-05T15:04:59.3176112Z note: run with `RUST_BACKTRACE=1` environment variable to display a backtrace
supabase-target	Same SHA Supabase PostgreSQL Gate	2026-10-05T15:04:59.3177643Z ^[[1m^[[91merror^[[0m: test failed, to rerun pass `-p bff-gateway --lib`
supabase-target	Same SHA Supabase PostgreSQL Gate	2026-10-05T15:04:59.3179209Z cargo test -p bff-gateway --lib f09_live_tests --locked -- --ignored --test-threads=1 --nocapture failed with 101
supabase-target	Same SHA Supabase PostgreSQL Gate	2026-10-05T15:04:59.3184706Z make: *** [Makefile:272: f09-target-check] Error 1
supabase-target	Same SHA Supabase PostgreSQL Gate	2026-10-05T15:04:59.3201739Z ##[error]Process completed with exit code 2.
