frontend-baseline	Verify PROVIDER A1 functional receipts and rejection probes	﻿2026-10-05T14:57:50.4902745Z ##[group]Run pnpm check:provider-a1 && pnpm test:provider-a1
frontend-baseline	Verify PROVIDER A1 functional receipts and rejection probes	2026-10-05T14:57:50.4903034Z ^[[36;1mpnpm check:provider-a1 && pnpm test:provider-a1^[[0m
frontend-baseline	Verify PROVIDER A1 functional receipts and rejection probes	2026-10-05T14:57:50.4956329Z shell: /usr/bin/bash -e {0}
frontend-baseline	Verify PROVIDER A1 functional receipts and rejection probes	2026-10-05T14:57:50.4956512Z env:
frontend-baseline	Verify PROVIDER A1 functional receipts and rejection probes	2026-10-05T14:57:50.4956674Z   QUANTOS_BFF_BASE: f2283fab37386354e19ffe32df2c86a1a7e9676f
frontend-baseline	Verify PROVIDER A1 functional receipts and rejection probes	2026-10-05T14:57:50.4956888Z   NEXT_PUBLIC_QUANTOS_ENV: local-mock
frontend-baseline	Verify PROVIDER A1 functional receipts and rejection probes	2026-10-05T14:57:50.4957084Z   NEXT_PUBLIC_SITE_ORIGIN: https://sumalpha.ai
frontend-baseline	Verify PROVIDER A1 functional receipts and rejection probes	2026-10-05T14:57:50.4957324Z   NEXT_PUBLIC_QUANTOS_TERMINAL_ORIGIN: http://localhost:3190
frontend-baseline	Verify PROVIDER A1 functional receipts and rejection probes	2026-10-05T14:57:50.4957576Z   NEXT_PUBLIC_QUANTOS_BFF_ORIGIN: http://localhost:4010
frontend-baseline	Verify PROVIDER A1 functional receipts and rejection probes	2026-10-05T14:57:50.4957817Z   NEXT_PUBLIC_QUANTOS_OIDC_ISSUER: https://mock.idp.local
frontend-baseline	Verify PROVIDER A1 functional receipts and rejection probes	2026-10-05T14:57:50.4958056Z   NEXT_PUBLIC_QUANTOS_OIDC_CLIENT_ID: quantos-terminal-ci
frontend-baseline	Verify PROVIDER A1 functional receipts and rejection probes	2026-10-05T14:57:50.4958329Z   NEXT_PUBLIC_QUANTOS_OIDC_REDIRECT_URI: http://localhost:3190/auth/callback
frontend-baseline	Verify PROVIDER A1 functional receipts and rejection probes	2026-10-05T14:57:50.4958599Z   NEXT_PUBLIC_QUANTOS_DEFAULT_MODE: paper
frontend-baseline	Verify PROVIDER A1 functional receipts and rejection probes	2026-10-05T14:57:50.4958828Z   NEXT_PUBLIC_QUANTOS_MOCK_ENABLED: true
frontend-baseline	Verify PROVIDER A1 functional receipts and rejection probes	2026-10-05T14:57:50.4959016Z   NEXT_PUBLIC_QUANTOS_OBS_ENABLED: false
frontend-baseline	Verify PROVIDER A1 functional receipts and rejection probes	2026-10-05T14:57:50.4959220Z   NEXT_PUBLIC_QUANTOS_FEATURE_ASSISTED_LIVE_TESTNET: off
frontend-baseline	Verify PROVIDER A1 functional receipts and rejection probes	2026-10-05T14:57:50.4959425Z   CARGO_HOME: /home/runner/.cargo
frontend-baseline	Verify PROVIDER A1 functional receipts and rejection probes	2026-10-05T14:57:50.4959597Z   CARGO_INCREMENTAL: 0
frontend-baseline	Verify PROVIDER A1 functional receipts and rejection probes	2026-10-05T14:57:50.4959738Z   CARGO_TERM_COLOR: always
frontend-baseline	Verify PROVIDER A1 functional receipts and rejection probes	2026-10-05T14:57:50.4959882Z ##[endgroup]
frontend-baseline	Verify PROVIDER A1 functional receipts and rejection probes	2026-10-05T14:57:50.6803840Z 
frontend-baseline	Verify PROVIDER A1 functional receipts and rejection probes	2026-10-05T14:57:50.6804752Z > @sumalpha/quantos@ check:provider-a1 /home/runner/work/QuantOS/QuantOS
frontend-baseline	Verify PROVIDER A1 functional receipts and rejection probes	2026-10-05T14:57:50.6805389Z > node scripts/provider-a1-receipts.mjs
frontend-baseline	Verify PROVIDER A1 functional receipts and rejection probes	2026-10-05T14:57:50.6805616Z 
frontend-baseline	Verify PROVIDER A1 functional receipts and rejection probes	2026-10-05T14:57:51.3168100Z ENOENT: no such file or directory, lstat '/home/runner/work/QuantOS/QuantOS/docs/audit/evidence/provider-a1-remediation-20261004/a2-final-20261005/artifacts'
frontend-baseline	Verify PROVIDER A1 functional receipts and rejection probes	2026-10-05T14:57:51.3375814Z  ELIFECYCLE  Command failed with exit code 1.
frontend-baseline	Verify PROVIDER A1 functional receipts and rejection probes	2026-10-05T14:57:51.3589209Z ##[error]Process completed with exit code 1.
