verify	Secret scan	﻿2026-10-05T15:02:08.2090641Z ##[group]Run bash scripts/check-secrets.sh
verify	Secret scan	2026-10-05T15:02:08.2091082Z ^[[36;1mbash scripts/check-secrets.sh^[[0m
verify	Secret scan	2026-10-05T15:02:08.2128717Z shell: /usr/bin/bash -e {0}
verify	Secret scan	2026-10-05T15:02:08.2129211Z env:
verify	Secret scan	2026-10-05T15:02:08.2129528Z   QUANTOS_SKIP_ENV: 1
verify	Secret scan	2026-10-05T15:02:08.2129924Z   F02_PG_ADMIN_URL: postgresql://postgres@127.0.0.1:5432/postgres
verify	Secret scan	2026-10-05T15:02:08.2130437Z   GITLEAKS_BIN: /home/runner/work/QuantOS/QuantOS/artifacts/tools/gitleaks
verify	Secret scan	2026-10-05T15:02:08.2130922Z   QUANTOS_BFF_BASE: f2283fab37386354e19ffe32df2c86a1a7e9676f
verify	Secret scan	2026-10-05T15:02:08.2131337Z   QUANTOS_PROTO_BASE: f2283fab37386354e19ffe32df2c86a1a7e9676f
verify	Secret scan	2026-10-05T15:02:08.2131748Z   QUANTOS_SOURCE_SHA: f764bc677a1655481a7f5e9e1467221ee962df82
verify	Secret scan	2026-10-05T15:02:08.2132083Z   CARGO_TERM_COLOR: always
verify	Secret scan	2026-10-05T15:02:08.2132344Z   NEXT_PUBLIC_QUANTOS_ENV: local-mock
verify	Secret scan	2026-10-05T15:02:08.2132657Z   NEXT_PUBLIC_SITE_ORIGIN: https://sumalpha.ai
verify	Secret scan	2026-10-05T15:02:08.2133028Z   NEXT_PUBLIC_QUANTOS_TERMINAL_ORIGIN: http://localhost:3190
verify	Secret scan	2026-10-05T15:02:08.2133434Z   NEXT_PUBLIC_QUANTOS_BFF_ORIGIN: http://localhost:4010
verify	Secret scan	2026-10-05T15:02:08.2133801Z   NEXT_PUBLIC_QUANTOS_OIDC_ISSUER: https://mock.idp.local
verify	Secret scan	2026-10-05T15:02:08.2134151Z   NEXT_PUBLIC_QUANTOS_OIDC_CLIENT_ID: quantos-terminal-ci
verify	Secret scan	2026-10-05T15:02:08.2134577Z   NEXT_PUBLIC_QUANTOS_OIDC_REDIRECT_URI: http://localhost:3190/auth/callback
verify	Secret scan	2026-10-05T15:02:08.2134978Z   NEXT_PUBLIC_QUANTOS_DEFAULT_MODE: paper
verify	Secret scan	2026-10-05T15:02:08.2135276Z   NEXT_PUBLIC_QUANTOS_MOCK_ENABLED: true
verify	Secret scan	2026-10-05T15:02:08.2135556Z   NEXT_PUBLIC_QUANTOS_OBS_ENABLED: false
verify	Secret scan	2026-10-05T15:02:08.2135873Z   NEXT_PUBLIC_QUANTOS_FEATURE_ASSISTED_LIVE_TESTNET: off
verify	Secret scan	2026-10-05T15:02:08.2136179Z   CARGO_HOME: /home/runner/.cargo
verify	Secret scan	2026-10-05T15:02:08.2136443Z   CARGO_INCREMENTAL: 0
verify	Secret scan	2026-10-05T15:02:08.2136733Z   pythonLocation: /opt/hostedtoolcache/Python/3.12.10/x64
verify	Secret scan	2026-10-05T15:02:08.2137144Z   PKG_CONFIG_PATH: /opt/hostedtoolcache/Python/3.12.10/x64/lib/pkgconfig
verify	Secret scan	2026-10-05T15:02:08.2137559Z   Python_ROOT_DIR: /opt/hostedtoolcache/Python/3.12.10/x64
verify	Secret scan	2026-10-05T15:02:08.2137927Z   Python2_ROOT_DIR: /opt/hostedtoolcache/Python/3.12.10/x64
verify	Secret scan	2026-10-05T15:02:08.2138299Z   Python3_ROOT_DIR: /opt/hostedtoolcache/Python/3.12.10/x64
verify	Secret scan	2026-10-05T15:02:08.2138662Z   LD_LIBRARY_PATH: /opt/hostedtoolcache/Python/3.12.10/x64/lib
verify	Secret scan	2026-10-05T15:02:08.2139184Z   UV_CACHE_DIR: /home/runner/work/_temp/setup-uv-cache
verify	Secret scan	2026-10-05T15:02:08.2139488Z ##[endgroup]
verify	Secret scan	2026-10-05T15:02:11.1631528Z ^[[90m3:02PM^[[0m ^[[32mINF^[[0m ^[[1m335 commits scanned.^[[0m
verify	Secret scan	2026-10-05T15:02:11.1632345Z ^[[90m3:02PM^[[0m ^[[32mINF^[[0m ^[[1mscanned ~78727194 bytes (78.73 MB) in 2.45s^[[0m
verify	Secret scan	2026-10-05T15:02:11.1632894Z ^[[90m3:02PM^[[0m ^[[33mWRN^[[0m ^[[1mleaks found: 5^[[0m
verify	Secret scan	2026-10-05T15:02:11.1668519Z ##[error]Process completed with exit code 1.
verify	Archive F02 validation evidence	﻿2026-10-05T15:02:11.1764699Z ##[group]Run actions/upload-artifact@v4
verify	Archive F02 validation evidence	2026-10-05T15:02:11.1764964Z with:
verify	Archive F02 validation evidence	2026-10-05T15:02:11.1765273Z   name: f02-validation-evidence
verify	Archive F02 validation evidence	2026-10-05T15:02:11.1765510Z   path: artifacts/f02/
verify	Archive F02 validation evidence	2026-10-05T15:02:11.1765718Z   if-no-files-found: error
verify	Archive F02 validation evidence	2026-10-05T15:02:11.1765945Z   compression-level: 6
verify	Archive F02 validation evidence	2026-10-05T15:02:11.1766143Z   overwrite: false
verify	Archive F02 validation evidence	2026-10-05T15:02:11.1766344Z   include-hidden-files: false
verify	Archive F02 validation evidence	2026-10-05T15:02:11.1766561Z env:
verify	Archive F02 validation evidence	2026-10-05T15:02:11.1766734Z   QUANTOS_SKIP_ENV: 1
verify	Archive F02 validation evidence	2026-10-05T15:02:11.1767007Z   F02_PG_ADMIN_URL: postgresql://postgres@127.0.0.1:5432/postgres
verify	Archive F02 validation evidence	2026-10-05T15:02:11.1767394Z   GITLEAKS_BIN: /home/runner/work/QuantOS/QuantOS/artifacts/tools/gitleaks
verify	Archive F02 validation evidence	2026-10-05T15:02:11.1767759Z   QUANTOS_BFF_BASE: f2283fab37386354e19ffe32df2c86a1a7e9676f
verify	Archive F02 validation evidence	2026-10-05T15:02:11.1768096Z   QUANTOS_PROTO_BASE: f2283fab37386354e19ffe32df2c86a1a7e9676f
verify	Archive F02 validation evidence	2026-10-05T15:02:11.1768421Z   QUANTOS_SOURCE_SHA: f764bc677a1655481a7f5e9e1467221ee962df82
verify	Archive F02 validation evidence	2026-10-05T15:02:11.1768692Z   CARGO_TERM_COLOR: always
verify	Archive F02 validation evidence	2026-10-05T15:02:11.1769148Z   NEXT_PUBLIC_QUANTOS_ENV: local-mock
verify	Archive F02 validation evidence	2026-10-05T15:02:11.1769428Z   NEXT_PUBLIC_SITE_ORIGIN: https://sumalpha.ai
verify	Archive F02 validation evidence	2026-10-05T15:02:11.1769747Z   NEXT_PUBLIC_QUANTOS_TERMINAL_ORIGIN: http://localhost:3190
verify	Archive F02 validation evidence	2026-10-05T15:02:11.1770063Z   NEXT_PUBLIC_QUANTOS_BFF_ORIGIN: http://localhost:4010
verify	Archive F02 validation evidence	2026-10-05T15:02:11.1770385Z   NEXT_PUBLIC_QUANTOS_OIDC_ISSUER: https://mock.idp.local
verify	Archive F02 validation evidence	2026-10-05T15:02:11.1770697Z   NEXT_PUBLIC_QUANTOS_OIDC_CLIENT_ID: quantos-terminal-ci
verify	Archive F02 validation evidence	2026-10-05T15:02:11.1771062Z   NEXT_PUBLIC_QUANTOS_OIDC_REDIRECT_URI: http://localhost:3190/auth/callback
verify	Archive F02 validation evidence	2026-10-05T15:02:11.1771392Z   NEXT_PUBLIC_QUANTOS_DEFAULT_MODE: paper
verify	Archive F02 validation evidence	2026-10-05T15:02:11.1771640Z   NEXT_PUBLIC_QUANTOS_MOCK_ENABLED: true
verify	Archive F02 validation evidence	2026-10-05T15:02:11.1771888Z   NEXT_PUBLIC_QUANTOS_OBS_ENABLED: false
verify	Archive F02 validation evidence	2026-10-05T15:02:11.1772153Z   NEXT_PUBLIC_QUANTOS_FEATURE_ASSISTED_LIVE_TESTNET: off
verify	Archive F02 validation evidence	2026-10-05T15:02:11.1772429Z   CARGO_HOME: /home/runner/.cargo
verify	Archive F02 validation evidence	2026-10-05T15:02:11.1772652Z   CARGO_INCREMENTAL: 0
verify	Archive F02 validation evidence	2026-10-05T15:02:11.1772903Z   pythonLocation: /opt/hostedtoolcache/Python/3.12.10/x64
verify	Archive F02 validation evidence	2026-10-05T15:02:11.1773253Z   PKG_CONFIG_PATH: /opt/hostedtoolcache/Python/3.12.10/x64/lib/pkgconfig
verify	Archive F02 validation evidence	2026-10-05T15:02:11.1773598Z   Python_ROOT_DIR: /opt/hostedtoolcache/Python/3.12.10/x64
verify	Archive F02 validation evidence	2026-10-05T15:02:11.1773914Z   Python2_ROOT_DIR: /opt/hostedtoolcache/Python/3.12.10/x64
verify	Archive F02 validation evidence	2026-10-05T15:02:11.1774227Z   Python3_ROOT_DIR: /opt/hostedtoolcache/Python/3.12.10/x64
verify	Archive F02 validation evidence	2026-10-05T15:02:11.1774539Z   LD_LIBRARY_PATH: /opt/hostedtoolcache/Python/3.12.10/x64/lib
verify	Archive F02 validation evidence	2026-10-05T15:02:11.1774852Z   UV_CACHE_DIR: /home/runner/work/_temp/setup-uv-cache
verify	Archive F02 validation evidence	2026-10-05T15:02:11.1775101Z ##[endgroup]
verify	Archive F02 validation evidence	2026-10-05T15:02:11.3206612Z (node:8735) [DEP0040] DeprecationWarning: The `punycode` module is deprecated. Please use a userland alternative instead.
verify	Archive F02 validation evidence	2026-10-05T15:02:11.3207287Z (Use `node --trace-deprecation ...` to show where the warning was created)
verify	Archive F02 validation evidence	2026-10-05T15:02:11.3222386Z ##[error]No files were found with the provided path: artifacts/f02/. No artifacts will be uploaded.
verify-download	Require the event-specific download verification	﻿2026-10-05T15:02:21.2746098Z ##[group]Run if [[ "$GITHUB_EVENT_NAME" == "push" && "$GITHUB_REF" == "refs/heads/main" ]]; then
verify-download	Require the event-specific download verification	2026-10-05T15:02:21.2747836Z ^[[36;1mif [[ "$GITHUB_EVENT_NAME" == "push" && "$GITHUB_REF" == "refs/heads/main" ]]; then^[[0m
verify-download	Require the event-specific download verification	2026-10-05T15:02:21.2748882Z ^[[36;1m  test "$MAIN_RESULT" = success^[[0m
verify-download	Require the event-specific download verification	2026-10-05T15:02:21.2749865Z ^[[36;1melif [[ "$GITHUB_EVENT_NAME" == "pull_request" ]]; then^[[0m
verify-download	Require the event-specific download verification	2026-10-05T15:02:21.2750758Z ^[[36;1m  test "$PR_RESULT" = success^[[0m
verify-download	Require the event-specific download verification	2026-10-05T15:02:21.2751730Z ^[[36;1melse^[[0m
verify-download	Require the event-specific download verification	2026-10-05T15:02:21.2752427Z ^[[36;1m  exit 1^[[0m
verify-download	Require the event-specific download verification	2026-10-05T15:02:21.2753103Z ^[[36;1mfi^[[0m
verify-download	Require the event-specific download verification	2026-10-05T15:02:21.7299882Z shell: /usr/bin/bash -e {0}
verify-download	Require the event-specific download verification	2026-10-05T15:02:21.7301444Z env:
verify-download	Require the event-specific download verification	2026-10-05T15:02:21.7302507Z   MAIN_RESULT: skipped
verify-download	Require the event-specific download verification	2026-10-05T15:02:21.7303501Z   PR_RESULT: skipped
verify-download	Require the event-specific download verification	2026-10-05T15:02:21.7304485Z ##[endgroup]
verify-download	Require the event-specific download verification	2026-10-05T15:02:21.7924640Z ##[error]Process completed with exit code 1.
