
> @sumalpha/quantos@ test:development-plans /Users/anray/Documents/project/SumAlpha/QuantOS
> node --test scripts/development-plan-order-negative.mjs

✔ joint schedule is acyclic and preserves task/status boundaries (11.705959ms)
✔ restoring a complete R1 prerequisite for S2 services creates a rejected cycle (5.264125ms)
✔ research service waiting on its consumer page is rejected (4.856791ms)
✔ historical CORE:R04 to CORE:L04 probe now fails closed (4.747959ms)
✔ an early identity API cannot silently depend on later research services (6.206792ms)
✔ a provider cannot wait for the consumer frontend Gate (4.383542ms)
✔ removing S2 service admission from a core execution task is rejected (5.070916ms)
✔ S2 service Gate cannot omit TP12 advance evaluation (5.304291ms)
✔ I10 cannot drop testnet service admission even if metadata is edited with it (5.868875ms)
✔ a new or existing frontend cannot skip the full provider Gate (6.065083ms)
✔ G5 cannot be marked as closing in I4 before reconciliation (5.773334ms)
✔ moving the G1 block above I1 tasks is rejected (5.252458ms)
✔ milestone cannot omit its last child while retaining a Gate summary (5.536875ms)
✔ prose-only backend dependencies cannot drift from structured prerequisites (5.659792ms)
✔ core closure mapping cannot become an implicit service alias (5.482167ms)
✔ ACCEPTED checkpoint needs SHA and evidence, not only a green word (5.627667ms)
✔ accepted checkpoint evidence must resolve (2.886042ms)
✔ missing checkpoint and unknown dependency fail closed (7.430125ms)
✔ API windows cannot skip their preceding provider checkpoint (4.948209ms)
✔ UI windows cannot skip the preceding reconciliation window (5.040875ms)
✔ Web intake preserves the explicit no-model-review schema (1.601167ms)
✔ missing Web task fields still fail closed (1.555125ms)
✔ both plans must publish exactly the same stage contract (5.679458ms)
✔ changing both plans cannot defer correctness or functional deadlines to release (13.838417ms)
✔ both plans must retain every deferred release obligation (15.618083ms)
✔ tasks and checkpoints cannot omit, invent, or misclassify their stage gate (20.158ms)
✔ release prerequisites cannot block either development or integration (13.040333ms)
✔ release gates cannot skip business closure or inherit the wrong stage (14.889042ms)
✔ historical ACCEPTED and completed tasks do not automatically become READY (5.9475ms)
✔ READY needs its own input digest and resolvable evidence (31.606541ms)
✔ unassessed stage gates cannot carry an apparent ready receipt (7.686083ms)
✔ BLOCKED retains failure evidence and digest without being counted as READY (9.282708ms)
✔ a READY chain needs READY prerequisites and its own evidence at every node (14.146084ms)
✔ stage readiness never substitutes for formal acceptance evidence (3.036834ms)
✔ release READY requires formal acceptance and all functional prerequisites (8.825833ms)
ℹ tests 35
ℹ suites 0
ℹ pass 35
ℹ fail 0
ℹ cancelled 0
ℹ skipped 0
ℹ todo 0
ℹ duration_ms 321.994958
