✔ valid source and execution-bound dependency chain is READY without release signatures (41.393875ms)
✔ missing required execution (33.4245ms)
✔ failed execution (30.990917ms)
✔ wrong actual command (32.1805ms)
✔ unresolved issue (27.454083ms)
✔ wrong node (25.879042ms)
✔ missing source inventory (31.52025ms)
✔ plan scope changed (25.589166ms)
✔ outside log path (31.230625ms)
✔ wrong log digest (31.456041ms)
✔ missing dependency (34.813459ms)
✔ dependency digest substituted (34.919875ms)
✔ tampered manifest bytes are rejected (27.579292ms)
✔ changed source content is rejected despite unchanged gate digest (32.829959ms)
✔ dependency must independently be READY (34.620916ms)
✔ arbitrary log cannot masquerade as successful execution (32.411834ms)
✔ input file symlink cannot escape the repository (31.650291ms)
✔ database execution cannot be inferred from a normal local PASS (42.773583ms)
✔ Supabase target receipt verifies each compressed execution log (40.847792ms)
✔ source drift during execution invalidates the original input snapshot (52.159208ms)
✔ requirement drift during execution invalidates the original input snapshot (59.497792ms)
✔ controlled public development profile overrides stale values and preserves server inputs (0.190666ms)
✔ private credentials cannot be injected through a public development profile (0.1455ms)
✔ transient Auth 503 can retry only a complete target execution (0.111333ms)
✔ persistent target timeout never becomes PASS and stops at its budget (0.085583ms)
✔ semantic target failures stop without retry or PASS (0.030834ms)
✔ target retry budget cannot be unbounded (0.118459ms)
✔ configured target retries require explicit attempt outcomes in the receipt (40.254417ms)
✔ three successful full builds bind output inventories (0.351209ms)
✔ reproducibility rejects only two builds (0.138166ms)
✔ reproducibility rejects missing Python build (0.18025ms)
✔ reproducibility rejects failed command (0.159042ms)
✔ reproducibility rejects different output digest (0.105208ms)
✔ reproducibility rejects substituted inventory (0.07375ms)
✔ reproducibility rejects dirty source (0.059875ms)
✔ reproducibility rejects old source (0.064334ms)
✔ development policy retains explicit build, coverage, volume and target storage obligations (0.33375ms)
✔ static make commands cannot reload .env.local or inherit target database opt-ins (0.095375ms)
✔ volume retry restarts the complete check only on a closed PostgreSQL transport (0.065625ms)
✔ volume correctness and certificate errors cannot be retried into PASS (0.035625ms)
✔ persistent database transport failure stays failed at the retry limit (0.031792ms)
✔ separate assessment snapshot preserves historical manifests and binds its own logs (43.020291ms)
✔ third-party Git link binds the actual clean checkout and rejects dirty/advanced source (187.892ms)
ℹ tests 43
ℹ suites 0
ℹ pass 43
ℹ fail 0
ℹ cancelled 0
ℹ skipped 0
ℹ todo 0
ℹ duration_ms 1057.834
