✔ formal gate rejects zero, one, two and noninteger runs (0.369542ms)
✔ all binaries participate in digest and omitted binary fails (3.038708ms)
✔ extra binary, missing wheel and stale/empty Web cannot pass output inventory (2.39875ms)
✔ manifest inventory cannot omit or add members (0.061458ms)
✔ dirty and untracked source rejected (58.426208ms)
✔ deleted module README is rejected (2.370792ms)
✔ wrong uv version fails toolchain preflight (17.410958ms)
✔ invalid locks fail real lock entrypoint (61.02125ms)
✔ Terminal default lint rejects a page TSX violation (638.374917ms)
✔ invalid run revokes old successful receipt (23.876458ms)
✔ Cargo manifest drift is rejected by actual lock gate (564.321ms)
✔ uv manifest drift is rejected by actual lock gate (610.803917ms)
✔ pnpm manifest drift is rejected by actual lock gate (853.278334ms)
✔ malformed Buf lock is rejected by actual lock gate (625.141209ms)
✔ broken Desktop is outside phase-one pnpm frozen check (299.536458ms)
✔ uv output marker is metadata, other unexpected files still fail (2.222417ms)
✔ build-only tool is required in output inventory without becoming a runtime binary (2.041334ms)
✔ pnpm frozen check rejects missing or changed patch bytes (643.347208ms)
✔ pnpm patch cannot read outside the repository (138.4465ms)
ℹ tests 19
ℹ suites 0
ℹ pass 19
ℹ fail 0
ℹ cancelled 0
ℹ skipped 0
ℹ todo 0
ℹ duration_ms 4579.873
