node --test scripts/f02-gate-negative.mjs scripts/f02-a11-gate-negative.mjs scripts/playwright-git-history.test.mjs scripts/storage-fixture.test.cjs scripts/f02-development-database.test.cjs
✔ complete Linux matrix passes; deletion and pixel tampering fail (410.553666ms)
✔ acceptance never updates snapshots or skips missing snapshots (1.230042ms)
✔ only main signing and verification jobs receive the signing environment (9.859958ms)
✔ signing policy rejects missing protection, wildcards, tags and extra branches (0.216667ms)
✔ candidate import rejects tampering and stale source before writing, then imports the reviewed matrix (371.68175ms)
✔ required download check rejects skipped or failed event-specific verification (23.312834ms)
✔ PR receipts bind the checked out head while main signing stays on the event SHA (3.144541ms)
✔ successful checks publish only after all seven negatives, independent read-only verification and close (16.469959ms)
✔ an idle error after mutation is handled, no SQL is replayed and independent cleanup cannot convert FAIL to PASS (1.917875ms)
✔ initial known transport failure closes the failed connection before a fresh connection, preserving bootstrap (2.286042ms)
✔ 28P01 initial failure never retries (0.767834ms)
✔ 42501 initial failure never retries (0.733375ms)
✔ CERT_HAS_EXPIRED initial failure never retries (1.035375ms)
✔ configuration failure overwrites historic PASS with current-source FAIL (0.628667ms)
✔ cleanup catalog mismatch fails even after seven successful checks (2.503ms)
✔ failed primary close preserves its error and cannot publish success after read-only verification (2.336541ms)
✔ a mutation that does not affect schema is rejected (1.561708ms)
✔ strict artifact acceptance rejects stale success, unclosed sessions, missing bootstrap and post-SQL errors (7.429334ms)
Verified 2 release files for aaaaaaaaaaaaaaaaaaaaaaaaaaaaaaaaaaaaaaaa
Verified 2 release files for aaaaaaaaaaaaaaaaaaaaaaaaaaaaaaaaaaaaaaaa
✔ real Gitleaks positive control and GitHub/Slack leaks (1603.958917ms)
✔ historical digest exceptions do not waive fresh credentials in audit JSON (1078.524791ms)
✔ RLS baseline rejects policy deletion and late disabling with recovery (171.215583ms)
✔ RLS preflight recognizes the actual ten-table A2 migration and rejects incomplete loops (132.655208ms)
✔ RLS preflight expands audit export permissions without treating grants as RLS (132.338083ms)
✔ RLS literal loops preserve late disabling, NO FORCE and policy deletion (129.941791ms)
✔ RLS preflight cannot count conditional loops, comments, literals or function bodies as execution (149.823583ms)
✔ quoted SQL examples inside expanded policy expressions cannot enable RLS (22.603084ms)
✔ migration filename control, rejection and recovery (14.80275ms)
✔ waivers only authorize exact advisory/ecosystem/package/version before expiry (1.06175ms)
✔ license expression policy does not globally allow LGPL or unknown licenses (0.328416ms)
✔ release binds complete payload and SBOM to source; rejects corruption and build-only native files (2.812625ms)
✔ Buf compares against distinct historical source and detects removed fields (603.842041ms)
✔ SCA scanner adapter consumes exact waivers and never waives scanner failures (1060.114458ms)
✔ Playwright PR reporting preserves complete history for downstream security scans (1643.2775ms)
✔ all bucket migration INSERT columns exist in the shared CI fixture (0.398542ms)
﹣ PostgreSQL compiles bucket migrations and preserves private export limits (0.046375ms) # SKIP
ℹ tests 35
ℹ suites 0
ℹ pass 34
ℹ fail 0
ℹ cancelled 0
ℹ skipped 1
ℹ todo 0
ℹ duration_ms 5149.611834
