✔ development COMPLETED does not accept the current F06 review (0.691375ms)
✔ ACCEPTED with any open finding remains blocked (0.163208ms)
✔ all closed findings require a same-SHA complete receipt (1.229333ms)
✔ missing or duplicate review markers fail closed (0.196125ms)
✔ archived closure records must be present, complete and unique (0.332625ms)
✔ duplicate F06 task or engineering summaries fail closed (0.218167ms)
✔ all eight registered fixtures retire by exact identity without deleting facts (1.645125ms)
✔ wrong tenant ownership stops before any mutation (0.282458ms)
✔ remaining active actor rejects cleanup success (0.389209ms)
✔ post-SQL disconnect is recorded and no mutation replays (0.141791ms)
✔ duplicate or wrong-run fixture inventory never opens a connection (0.298ms)
✔ admission rejects partial inventory, unclosed connection, active sessions and missing cleanup (0.815667ms)
✔ command entrypoint retains initial failure, then executes SQL once with verified TLS (1.519459ms)
✔ transport closure after first SQL never reconnects or replays the statement (0.207292ms)
✔ persistent initial closure fails after three closed clients without any SQL (0.184833ms)
✔ authentication initial failure is not retried (0.159541ms)
✔ permission initial failure is not retried (0.14275ms)
✔ TLS initial failure is not retried (0.119959ms)
✔ default and bounded remote development transport budgets (0.375ms)
✔ unbounded, fractional and malformed budgets fail closed (0.165791ms)
✔ functional database budget records elapsed time and preserves all command arguments (0.570833ms)
✔ timeout remains a failed null exit with its signal and safe error code, without retry (0.121125ms)
✔ existing HTTP/service command budget is unchanged (0.058541ms)
✔ two closed initial connections are retained, closed, then the third succeeds before any statement (0.582833ms)
✔ persistent closure fails after three and retains every failure (0.79525ms)
✔ auth bootstrap failure never retries (0.147333ms)
✔ permission bootstrap failure never retries (0.127208ms)
✔ TLS bootstrap failure never retries (0.070584ms)
✔ cancel bootstrap failure never retries (0.055541ms)
✔ unknown bootstrap failure never retries (0.05925ms)
✔ initial transport timeout retries but a later query error never reconnects (0.108917ms)
✔ failure to close an initial connection prevents retry (0.105291ms)
✔ budget cannot exceed three (0.2105ms)
✔ acceptance rejects missing, unfinished, reordered, semantic or unclosed attempts (3.001917ms)
✔ evidence-save failure closes the connected client and never reconnects (0.090625ms)
✔ initialization after the old 20s loop can pass only with an exact readiness response (1.501917ms)
✔ a never-ready service exhausts one bounded wall-clock budget (1.669792ms)
✔ response after deadline cannot grant readiness (0.11375ms)
✔ exited or killed services fail without waiting or probing (0.092125ms)
✔ connection failures and wrong successful HTTP status cannot pass (2.537459ms)
✔ invalid or unbounded startup budgets reject (0.136459ms)
✔ process exit during a successful probe cannot grant readiness (0.068333ms)
ℹ tests 42
ℹ suites 0
ℹ pass 42
ℹ fail 0
ℹ cancelled 0
ℹ skipped 0
ℹ todo 0
ℹ duration_ms 49.02925
