✔ completed command records diagnostic and redacts configured secret split across chunks (33.342208ms)
✔ deadline kills an actual owned grandchild, preserves FAIL and logs (1509.486875ms)
✔ successful leader with detached lifetime descendant is FAIL even after cleanup (141.224958ms)
✔ spawn failure and evidence-write failure cannot become success (2.821375ms)
✔ explicit cancellation cleans its group and never passes (102.810959ms)
✔ interleaved stderr cannot break secret redaction (41.544458ms)
✔ output limit is bounded failure without partial secret chunks (23.938041ms)
✔ normal completion without sensitive output remains PASS with closed process group (20.95725ms)
✔ F09 admission requires command supervision and immutable owned cleanup proofs (5.9655ms)
✔ three exact owned actors retire while immutable event facts remain (1.168125ms)
✔ ownership mismatch refuses mutation (1.795875ms)
✔ post-SQL reset is FAIL with no replay (0.154375ms)
✔ active actors and changed event facts fail retirement (0.64ms)
✔ wrong run and duplicate actors never connect (0.509166ms)
✔ empty fixture inventory cannot admit successful F09 (0.10675ms)
✔ partial, open, changed and active cleanup receipts fail admission (0.394042ms)
✔ later A2 migration does not make a complete F09 ledger stale (0.358583ms)
✔ missing target migration fails closed (0.16775ms)
✔ changed applied SQL checksum fails closed (0.071708ms)
✔ missing F09 prerequisite fails even if remaining ledger matches (0.060458ms)
✔ F09 rule semantics match the development-plan thresholds (0.713625ms)
✔ unchanged rule IDs cannot hide threshold, duration, count or severity drift (0.729417ms)
ℹ tests 22
ℹ suites 0
ℹ pass 22
ℹ fail 0
ℹ cancelled 0
ℹ skipped 0
ℹ todo 0
ℹ duration_ms 1907.637584
