✔ all eight independently content-bound dependencies admit DEVELOPMENT only (22.367166ms)
✔ engineering aggregation preserves the sole pending user confirmation (13.654625ms)
✔ milestone rejects missing F0 (13.151875ms)
✔ milestone rejects missing PRE (12.289166ms)
✔ milestone rejects duplicate dependency (12.131875ms)
✔ milestone rejects unready F0 (12.116959ms)
✔ milestone rejects manifest bytes replaced (11.486208ms)
✔ milestone rejects digest substituted (12.444375ms)
✔ milestone rejects dependency path substituted (11.396833ms)
✔ milestone rejects dependency verdict substituted (12.9695ms)
✔ milestone rejects self manifest schema (12.191542ms)
✔ milestone rejects normative change (12.644167ms)
✔ milestone rejects source input change (11.82925ms)
✔ milestone rejects unexecuted check (11.973791ms)
✔ milestone rejects missing execution time (11.902333ms)
✔ milestone rejects missing required check (11.598667ms)
✔ milestone rejects duplicate check (11.539708ms)
✔ milestone rejects wrong command (12.151667ms)
✔ milestone rejects log tampering (11.591541ms)
✔ milestone rejects rehashed prose (13.2415ms)
✔ milestone rejects external log path (12.462458ms)
✔ milestone rejects false formal acceptance (12.833583ms)
✔ milestone rejects aggregate claims database run (11.462959ms)
✔ milestone rejects hidden exclusions (12.229042ms)
✔ milestone rejects unresolved functional finding (12.036292ms)
✔ dependency validator is invoked and errors propagate (12.057209ms)
✔ fake READY cannot hide changed G0 scope (11.743834ms)
✔ arbitrary existing markdown cannot serve as a milestone receipt (0.112667ms)
✔ own arbitrary digest is rejected independently of dependency status (0.066875ms)
✔ F0 policy contains the six missing nodes and all eleven obligations (11.677875ms)
✔ production schema drift comparator rejects tables (0.214917ms)
✔ production schema drift comparator rejects columns (0.084625ms)
✔ production schema drift comparator rejects constraints (0.052292ms)
✔ production schema drift comparator rejects indexes (0.052792ms)
✔ production schema drift comparator rejects policies (0.04325ms)
✔ production schema drift comparator rejects routines (0.031709ms)
✔ production schema drift comparator rejects triggers (0.035959ms)
✔ 100-task recovery evidence cannot use 10-task diagnostic or accept P95 (1.074292ms)
✔ CI validates milestone disposition and preserves strict admission and negatives (5.152667ms)
ℹ tests 39
ℹ suites 0
ℹ pass 39
ℹ fail 0
ℹ cancelled 0
ℹ skipped 0
ℹ todo 0
ℹ duration_ms 433.265958
