
> @sumalpha/quantos@ test:development-plans /Users/anray/Documents/project/SumAlpha/QuantOS
> node --test scripts/development-plan-order-negative.mjs

✔ joint schedule is acyclic and preserves task/status boundaries (14.435208ms)
✔ restoring a complete R1 prerequisite for S2 services creates a rejected cycle (5.211708ms)
✔ research service waiting on its consumer page is rejected (4.632083ms)
✔ historical CORE:R04 to CORE:L04 probe now fails closed (4.588ms)
✔ an early identity API cannot silently depend on later research services (5.893209ms)
✔ a provider cannot wait for the consumer frontend Gate (4.230459ms)
✔ removing S2 service admission from a core execution task is rejected (4.451583ms)
✔ S2 service Gate cannot omit TP12 advance evaluation (5.06225ms)
✔ I10 cannot drop testnet service admission even if metadata is edited with it (5.439ms)
✔ a new or existing frontend cannot skip the full provider Gate (5.46875ms)
✔ G5 cannot be marked as closing in I4 before reconciliation (5.702417ms)
✔ moving the G1 block above I1 tasks is rejected (5.18375ms)
✔ milestone cannot omit its last child while retaining a Gate summary (5.220875ms)
✔ prose-only backend dependencies cannot drift from structured prerequisites (5.279666ms)
✔ core closure mapping cannot become an implicit service alias (5.089459ms)
✔ ACCEPTED checkpoint needs SHA and evidence, not only a green word (5.445791ms)
✔ accepted checkpoint evidence must resolve (2.744041ms)
✔ missing checkpoint and unknown dependency fail closed (6.581833ms)
✔ API windows cannot skip their preceding provider checkpoint (4.783792ms)
✔ UI windows cannot skip the preceding reconciliation window (4.993792ms)
✔ Web intake preserves the explicit no-model-review schema (1.666625ms)
✔ missing Web task fields still fail closed (1.488833ms)
✔ both plans must publish exactly the same stage contract (5.585125ms)
✔ changing both plans cannot defer correctness or functional deadlines to release (14.187583ms)
✔ both plans must retain every deferred release obligation (13.551625ms)
✔ tasks and checkpoints cannot omit, invent, or misclassify their stage gate (19.298208ms)
✔ release prerequisites cannot block either development or integration (12.088875ms)
✔ release gates cannot skip business closure or inherit the wrong stage (13.732375ms)
✔ historical ACCEPTED and completed tasks do not automatically become READY (9.455333ms)
✔ READY needs its own input digest and resolvable evidence (36.423709ms)
✔ unassessed stage gates cannot carry an apparent ready receipt (7.5295ms)
✔ BLOCKED retains failure evidence and digest without being counted as READY (13.244042ms)
✔ a READY chain needs READY prerequisites and its own evidence at every node (18.273ms)
✔ stage readiness never substitutes for formal acceptance evidence (3.0985ms)
✔ release READY requires formal acceptance and all functional prerequisites (9.105709ms)
✔ core intake follows the frontend audit-report format (6.918708ms)
✔ core review summary must be unique and link to audit evidence (8.303208ms)
✔ core shared task fields and existing window must stay consistent (15.651833ms)
ℹ tests 38
ℹ suites 0
ℹ pass 38
ℹ fail 0
ℹ cancelled 0
ℹ skipped 0
ℹ todo 0
ℹ duration_ms 362.863416
