Validated 6 pinned Buf plugins and locked generation workflow.
✔ proto generation configuration is pinned and lock-preserving (36.054834ms)
✔ proto generation configuration rejects an unpinned remote plugin (36.477208ms)
✔ proto generation configuration rejects implicit dependency updates (36.326292ms)
ℹ tests 3
ℹ suites 0
ℹ pass 3
ℹ fail 0
ℹ cancelled 0
ℹ skipped 0
ℹ todo 0
ℹ duration_ms 138.657625
Extracted 50 JSON schema documents.
Validated 50 standalone JSON schemas and 11 planned domain schemas.
✔ standalone JSON schema gate passes the complete generated catalog (126.895959ms)
✔ standalone JSON schema gate rejects a missing planned domain schema (47.061375ms)
✔ standalone JSON schema gate rejects an unresolved reference (124.061ms)
ℹ tests 3
ℹ suites 0
ℹ pass 3
ℹ fail 0
ℹ cancelled 0
ℹ skipped 0
ℹ todo 0
ℹ duration_ms 330.533167
Proto compatibility checked against 232a93092691bdfc8d00fcdc3ed38e517bd4be10
Proto checks passed.
