✔ engineering-only evidence cannot admit TP08 (164.69325ms)
✔ copied receipt requires all nine logs and seven experiment files (74.550292ms)
✔ TP08 receipt rejects omitted check (134.850916ms)
✔ TP08 receipt rejects failed execution (130.320084ms)
✔ TP08 receipt rejects fake command (130.346958ms)
✔ TP08 receipt rejects source inventory (119.1685ms)
✔ TP08 receipt rejects log digest (133.240542ms)
✔ TP08 receipt rejects formal claim (72.562625ms)
✔ TP08 receipt rejects future execution (147.261667ms)
✔ TP08 receipt rejects omitted output (138.063833ms)
✔ TP08 receipt rejects widened scope (72.291292ms)
✔ execution source must match unified manifest (73.07075ms)
✔ copied logs validated independently (201.793583ms)
✔ tampered object bytes denied even after output digest update (130.820292ms)
✔ forged upstream execution denied after output digest update (131.118417ms)
ℹ tests 15
ℹ suites 0
ℹ pass 15
ℹ fail 0
ℹ cancelled 0
ℹ skipped 0
ℹ todo 0
ℹ duration_ms 1910.720791
