✔ current BFF-FE-000 repository Gate passes (4.052ms)
✔ missing phase-one page mapping is rejected (2.699125ms)
✔ published operation drift is rejected (1.66725ms)
✔ planned operation traceability deletion is rejected (1.495708ms)
✔ shared idempotency baseline deletion is rejected (2.956667ms)
✔ dependency regression is rejected (1.513041ms)
✔ error correlation header deletion is rejected (2.575ms)
✔ generated Zod export deletion is rejected (1.325083ms)
✔ missing staging permits development readiness and never claims formal acceptance (0.577375ms)
✔ stage deferral cannot bypass engineering failures, final receipt requirements or unknown stages (0.071625ms)
✔ final review command cannot be rewired to the development stage (5.316917ms)
✔ current semantic A1 gate passes (4.442292ms)
✔ rejects cookie semantic regression (2.695292ms)
✔ rejects idempotency semantic regression (2.771333ms)
✔ rejects sort semantic regression (3.235542ms)
✔ rejects page semantic regression (2.522459ms)
✔ rejects ci semantic regression (2.271667ms)
✔ rejects decimal semantic regression (2.2665ms)
✔ rejects version semantic regression (2.691792ms)
✔ rejects csrf semantic regression (2.165917ms)
✔ exact registered security correction is accepted only within its window (11.580375ms)
✔ unregistered breaking type, enum or missing baseline fails closed (21.369708ms)
✔ new required parameters and constraints cannot silently bypass compatibility (0.876417ms)
✔ absent, invented and reference-only staging receipts never close A1 (0.147708ms)
✔ receipt checker binds actual evidence bytes and each role to source and contract inputs (0.315583ms)
✔ optional property within an existing allOf is additive, required changes are rejected (0.116458ms)
ℹ tests 26
ℹ suites 0
ℹ pass 26
ℹ fail 0
ℹ cancelled 0
ℹ skipped 0
ℹ todo 0
ℹ duration_ms 162.793458
