
> @sumalpha/quantos@ test:pre03 /Users/anray/Documents/project/SumAlpha/QuantOS
> node --test scripts/pre03-gate-negative.mjs

✔ current Web contract passes and never loads Desktop inputs (8.027959ms)
✔ apps/terminal rejects Next 15.5.23 (5.012416ms)
✔ apps/terminal rejects Next 16.0.0 (1.84725ms)
✔ apps/website rejects Next 15.5.23 (1.574333ms)
✔ apps/website rejects Next 16.0.0 (1.45375ms)
✔ missing package resolutions (1.753958ms)
✔ missing snapshots (1.137834ms)
✔ specifier drift (1.688167ms)
✔ dependency removed (1.721084ms)
✔ dependency inserted (1.6995ms)
✔ manifest drift fails without changing lock (0.78825ms)
✔ ADR drift fails (0.674458ms)
✔ duplicate ADR version row fails (0.658542ms)
✔ missing transitive snapshot fails (1.51475ms)
✔ Node pin drift fails (0.754209ms)
✔ effective Next configuration: valid export (206.507042ms)
✔ effective Next configuration: comment marker (210.868167ms)
✔ effective Next configuration: dead branch (204.970875ms)
✔ effective Next configuration: subsequent override (205.922667ms)
✔ effective Next configuration: function config (204.014667ms)
✔ bad route resources, fake HTML and script failures fail closed (11809.264875ms)
✔ Next-specific async client violation is an ESLint error (235.666875ms)
✔ build receipts reject stale source, config, identity and missing receipts (1.851125ms)
✔ source binding ignores caches but detects actual source changes (3.361625ms)
✔ all workspace importers and exact link targets are required (11.179959ms)
✔ runtime loader discovers omitted manifests independently of lockfile (484.056333ms)
✔ per-app env files are isolated and reloaded without polluting caller (629.166875ms)
ℹ tests 27
ℹ suites 0
ℹ pass 27
ℹ fail 0
ℹ cancelled 0
ℹ skipped 0
ℹ todo 0
ℹ duration_ms 14919.225167
