
> @sumalpha/quantos@ test:pre04 /Users/anray/Documents/project/SumAlpha/QuantOS
> node --test scripts/pre04-gate-negative.mjs

✔ current full phase-one inventory passes (10.608541ms)
✔ missing Gap is rejected (4.755459ms)
✔ undecided realtime dependency is rejected (4.691833ms)
✔ deleted required actorId field is rejected (4.32275ms)
✔ nonexistent field source is rejected (3.800792ms)
✔ wrong field type and optionality are rejected (4.381208ms)
✔ generated operation deletion is rejected (3.840375ms)
✔ generated method and path drift are rejected (7.321458ms)
✔ same-count schema rename is rejected (3.127459ms)
✔ schema required and enum drift are rejected (8.083958ms)
✔ same-count Proto message rename is rejected (3.643208ms)
✔ removed Proto declaration is rejected (3.530542ms)
✔ same-count JSON Schema replacement is rejected (3.766292ms)
✔ duplicate contract row is rejected before Map collapse (3.449375ms)
✔ duplicate Gap row is rejected before Map collapse (3.424917ms)
✔ nonexistent role owner is rejected (3.583541ms)
✔ nonexistent backend task is rejected (3.383ms)
✔ nonexistent BFF task is rejected (3.326125ms)
✔ unknown Gap page is rejected (3.489625ms)
✔ each missing website P0 page is rejected (17.446209ms)
✔ missing auxiliary risk/audit/order contract is rejected (10.85975ms)
✔ closing partly published Gap is rejected (3.52925ms)
✔ omitting planned operation is rejected (3.381333ms)
✔ unpublished Inventory Fixture cannot claim Implemented (3.235291ms)
✔ generated-only contract cannot claim Integrated (3.378208ms)
✔ missing provider evidence is rejected (3.209167ms)
✔ changed provider receipt is rejected (3.302042ms)
✔ missing Inventory Fixture is rejected (3.82275ms)
✔ Desktop contamination is rejected by Web inventory (4.090625ms)
✔ nonexistent domain field mappings including the former engine-version anchor are rejected (7.847167ms)
✔ removed referenced core task is rejected (3.766041ms)
✔ catalog source drift is rejected (3.728084ms)
✔ empty implementation artifact lists are rejected for every implemented contract (10.215666ms)
✔ each missing implementation evidence category is rejected (31.116625ms)
✔ duplicate artifacts cannot substitute for test or receipt evidence (3.543875ms)
✔ another contract receipt cannot substitute for required evidence (3.585333ms)
✔ unknown task suffixes are rejected in both backend task columns (20.881542ms)
✔ ambiguous cross-prefix ranges cannot impersonate reviewed backend tasks (6.355584ms)
ℹ tests 38
ℹ suites 0
ℹ pass 38
ℹ fail 0
ℹ cancelled 0
ℹ skipped 0
ℹ todo 0
ℹ duration_ms 332.183083
