
> @sumalpha/quantos@ test:pre01 /Users/anray/Documents/project/SumAlpha/QuantOS
> node --test ./scripts/tests/check-pre01.test.mjs

✔ current PRE-01 artifacts satisfy the executable contract (4.130667ms)
✔ missing a page state fails closed (1.785542ms)
✔ invalid story priority fails closed (0.553834ms)
✔ missing traceability row fails closed (1.499083ms)
✔ published operation cannot regress to planned fails closed (1.583417ms)
✔ unknown role fails closed (0.461459ms)
✔ unknown route fails closed (0.563541ms)
✔ duplicate story fails closed (0.51525ms)
✔ missing flow stories fails closed (0.575959ms)
✔ missing flow scenarios fails closed (1.057416ms)
✔ unsafe proposal criterion fails closed (1.204417ms)
✔ unknown trace task fails closed (1.279542ms)
✔ unauthorized admin grant fails closed (0.94975ms)
✔ missing permission route fails closed (0.740792ms)
✔ phase-one P16 fails closed (0.084875ms)
✔ missing contract owner fails closed (1.059208ms)
✔ empty flow role fails closed (0.723542ms)
✔ empty flow route fails closed (0.706459ms)
✔ state label mismatch fails closed (0.918917ms)
✔ desktop-only story fails closed (0.454583ms)
✔ persistent offline cache fails closed (0.980833ms)
✔ admin domain permission fails closed (0.724792ms)
✔ missing page story fails closed (0.491ms)
✔ cross-page route fails closed (0.457083ms)
✔ current G0 governance preserves history without granting current acceptance (1.813167ms)
✔ past-due G0 item cannot silently remain OPEN (0.51225ms)
✔ fabricated G0 acceptance fails against current checkpoint (0.471208ms)
✔ missing G0 leftover owner fails (0.564792ms)
✔ P05 cannot bind metadata download to an untraced audit export operation (1.711375ms)
✔ P21 cannot drop alert ownership from both ledger and trace while retaining the subscription (1.83625ms)
✔ unknown unlabelled operation in API register is rejected (1.584834ms)
✔ P05 quality alerts require C16 ownership on the consumer page (1.573417ms)
ℹ tests 32
ℹ suites 0
ℹ pass 32
ℹ fail 0
ℹ cancelled 0
ℹ skipped 0
ℹ todo 0
ℹ duration_ms 83.4515
