Validated 6 pinned Buf plugins and locked generation workflow.
✔ proto generation configuration is pinned and lock-preserving (38.523667ms)
✔ proto generation configuration rejects an unpinned remote plugin (36.811708ms)
✔ proto generation configuration rejects implicit dependency updates (36.514ms)
ℹ tests 3
ℹ suites 0
ℹ pass 3
ℹ fail 0
ℹ cancelled 0
ℹ skipped 0
ℹ todo 0
ℹ duration_ms 142.605708
Extracted 50 JSON schema documents.
Validated 50 standalone JSON schemas and 11 planned domain schemas.
✔ standalone JSON schema gate passes the complete generated catalog (135.275417ms)
✔ standalone JSON schema gate rejects a missing planned domain schema (52.181708ms)
✔ standalone JSON schema gate rejects an unresolved reference (133.215541ms)
ℹ tests 3
ℹ suites 0
ℹ pass 3
ℹ fail 0
ℹ cancelled 0
ℹ skipped 0
ℹ todo 0
ℹ duration_ms 354.50075
Proto compatibility checked against c3e6718aa8787b4b29af52705c0c02b473bbddaa
Proto checks passed.
