
> @sumalpha/quantos@ test:provider-a1 /Users/anray/Documents/project/SumAlpha/QuantOS
> node --test scripts/provider-a1-receipts.test.mjs

✔ valid source and execution-bound dependency chain is READY without release signatures (35.426667ms)
✔ missing required execution (29.171542ms)
✔ failed execution (27.080875ms)
✔ wrong actual command (25.554875ms)
✔ unresolved issue (20.445084ms)
✔ wrong node (19.880542ms)
✔ missing source inventory (24.134375ms)
✔ plan scope changed (19.653541ms)
✔ outside log path (24.378333ms)
✔ wrong log digest (23.714334ms)
✔ missing dependency (24.053125ms)
✔ dependency digest substituted (24.477833ms)
✔ tampered manifest bytes are rejected (19.02925ms)
✔ changed source content is rejected despite unchanged gate digest (23.183625ms)
✔ dependency must independently be READY (23.553209ms)
✔ arbitrary log cannot masquerade as successful execution (23.74725ms)
✔ input file symlink cannot escape the repository (24.3625ms)
✔ database execution cannot be inferred from a normal local PASS (28.000167ms)
✔ Supabase target receipt verifies each compressed execution log (28.511459ms)
✔ source drift during execution invalidates the original input snapshot (37.44075ms)
✔ requirement drift during execution invalidates the original input snapshot (40.496625ms)
✔ controlled public development profile overrides stale values and preserves server inputs (0.100625ms)
✔ private credentials cannot be injected through a public development profile (0.086542ms)
✔ transient Auth 503 can retry only a complete target execution (0.090625ms)
✔ persistent target timeout never becomes PASS and stops at its budget (0.071042ms)
✔ semantic target failures stop without retry or PASS (0.023125ms)
✔ target retry budget cannot be unbounded (0.086542ms)
✔ configured target retries require explicit attempt outcomes in the receipt (28.7985ms)
✔ three successful full builds bind output inventories (0.286875ms)
✔ reproducibility rejects only two builds (0.079375ms)
✔ reproducibility rejects missing Python build (0.111ms)
✔ reproducibility rejects failed command (0.124542ms)
✔ reproducibility rejects different output digest (0.097625ms)
✔ reproducibility rejects substituted inventory (0.073084ms)
✔ reproducibility rejects dirty source (0.054959ms)
✔ reproducibility rejects old source (0.057125ms)
✔ development policy retains explicit build, coverage, volume and target storage obligations (0.237084ms)
✔ static make commands cannot reload .env.local or inherit target database opt-ins (0.081708ms)
✔ volume retry restarts the complete check only on a closed PostgreSQL transport (0.057459ms)
✔ volume correctness and certificate errors cannot be retried into PASS (0.029125ms)
✔ persistent database transport failure stays failed at the retry limit (0.024792ms)
ℹ tests 41
ℹ suites 0
ℹ pass 41
ℹ fail 0
ℹ cancelled 0
ℹ skipped 0
ℹ todo 0
ℹ duration_ms 615.256042
