✔ formal gate rejects zero, one, two and noninteger runs (0.423458ms)
✔ all binaries participate in digest and omitted binary fails (3.487792ms)
✔ extra binary, missing wheel and stale/empty Web cannot pass output inventory (2.63625ms)
✔ manifest inventory cannot omit or add members (0.067833ms)
✔ dirty and untracked source rejected (81.11225ms)
✔ deleted module README is rejected (2.924834ms)
✔ wrong uv version fails toolchain preflight (20.830416ms)
✔ invalid locks fail real lock entrypoint (66.090167ms)
✔ Terminal default lint rejects a page TSX violation (1462.676ms)
✔ invalid run revokes old successful receipt (29.340917ms)
✔ Cargo manifest drift is rejected by actual lock gate (703.539834ms)
✔ uv manifest drift is rejected by actual lock gate (750.753291ms)
✔ pnpm manifest drift is rejected by actual lock gate (993.233792ms)
✔ malformed Buf lock is rejected by actual lock gate (718.398042ms)
✔ broken Desktop is outside phase-one pnpm frozen check (337.43775ms)
✔ uv output marker is metadata, other unexpected files still fail (2.270958ms)
✔ build-only tool is required in output inventory without becoming a runtime binary (2.190083ms)
✔ pnpm frozen check rejects missing or changed patch bytes (704.416625ms)
✔ pnpm patch cannot read outside the repository (157.454542ms)
ℹ tests 19
ℹ suites 0
ℹ pass 19
ℹ fail 0
ℹ cancelled 0
ℹ skipped 0
ℹ todo 0
ℹ duration_ms 6078.162958
