node --test scripts/f02-gate-negative.mjs scripts/f02-a11-gate-negative.mjs scripts/playwright-git-history.test.mjs scripts/storage-fixture.test.cjs
✔ complete Linux matrix passes; deletion and pixel tampering fail (398.065625ms)
✔ acceptance never updates snapshots or skips missing snapshots (1.041375ms)
✔ only main signing and verification jobs receive the signing environment (10.031834ms)
✔ signing policy rejects missing protection, wildcards, tags and extra branches (0.20825ms)
✔ candidate import rejects tampering and stale source before writing, then imports the reviewed matrix (357.622459ms)
✔ required download check rejects skipped or failed event-specific verification (21.489833ms)
✔ PR receipts bind the checked out head while main signing stays on the event SHA (2.830333ms)
Verified 2 release files for aaaaaaaaaaaaaaaaaaaaaaaaaaaaaaaaaaaaaaaa
Verified 2 release files for aaaaaaaaaaaaaaaaaaaaaaaaaaaaaaaaaaaaaaaa
✔ real Gitleaks positive control and GitHub/Slack leaks (1575.0155ms)
✔ historical digest exceptions do not waive fresh credentials in audit JSON (1101.475583ms)
✔ RLS baseline rejects policy deletion and late disabling with recovery (167.190667ms)
✔ RLS preflight recognizes the actual ten-table A2 migration and rejects incomplete loops (126.84225ms)
✔ RLS preflight expands audit export permissions without treating grants as RLS (125.944917ms)
✔ RLS literal loops preserve late disabling, NO FORCE and policy deletion (125.818875ms)
✔ RLS preflight cannot count conditional loops, comments, literals or function bodies as execution (142.473291ms)
✔ quoted SQL examples inside expanded policy expressions cannot enable RLS (21.470542ms)
✔ migration filename control, rejection and recovery (14.352916ms)
✔ waivers only authorize exact advisory/ecosystem/package/version before expiry (1.047834ms)
✔ license expression policy does not globally allow LGPL or unknown licenses (0.342875ms)
✔ release binds complete payload and SBOM to source; rejects corruption and build-only native files (2.817625ms)
✔ Buf compares against distinct historical source and detects removed fields (485.2075ms)
✔ SCA scanner adapter consumes exact waivers and never waives scanner failures (1086.948375ms)
✔ Playwright PR reporting preserves complete history for downstream security scans (1587.984ms)
✔ all bucket migration INSERT columns exist in the shared CI fixture (0.373792ms)
﹣ PostgreSQL compiles bucket migrations and preserves private export limits (0.047708ms) # SKIP
ℹ tests 24
ℹ suites 0
ℹ pass 23
ℹ fail 0
ℹ cancelled 0
ℹ skipped 1
ℹ todo 0
ℹ duration_ms 5019.050792
