✔ development COMPLETED does not accept the current F06 review (0.702791ms)
✔ ACCEPTED with any open finding remains blocked (0.146625ms)
✔ all closed findings require a same-SHA complete receipt (0.876792ms)
✔ missing or duplicate review markers fail closed (0.144834ms)
✔ archived closure records must be present, complete and unique (0.294416ms)
✔ duplicate F06 task or engineering summaries fail closed (0.188084ms)
✔ default and bounded remote development transport budgets (0.34075ms)
✔ unbounded, fractional and malformed budgets fail closed (0.120916ms)
✔ initialization after the old 20s loop can pass only with an exact readiness response (1.553959ms)
✔ a never-ready service exhausts one bounded wall-clock budget (1.390916ms)
✔ response after deadline cannot grant readiness (0.092083ms)
✔ exited or killed services fail without waiting or probing (0.086291ms)
✔ connection failures and wrong successful HTTP status cannot pass (2.4275ms)
✔ invalid or unbounded startup budgets reject (0.129166ms)
✔ process exit during a successful probe cannot grant readiness (0.066667ms)
ℹ tests 15
ℹ suites 0
ℹ pass 15
ℹ fail 0
ℹ cancelled 0
ℹ skipped 0
ℹ todo 0
ℹ duration_ms 42.036291
