    Finished `dev` profile [unoptimized + debuginfo] target(s) in 0.11s
    Finished `dev` profile [unoptimized + debuginfo] target(s) in 0.09s
F09 scheduler smoke PASS: 2 real Supabase missing-coverage ticks
QUANTOS_RUN_F09_POSTGRES_TESTS=1 cargo test -p quantos-observability --test postgres_capacity_monitor --locked -- --test-threads=1 --skip restricted_runtime_role_records_only_real_storage_outcomes --nocapture

running 3 tests
test fault_proxy_retries_real_postgres_event_and_consumer_chain ... ok
test live_database_session_termination_preserves_ordered_event_chain ... ok
test live_metrics_drive_restart_safe_windows_persist_alerts_and_build_adr_evidence ... ok

test result: ok. 3 passed; 0 failed; 0 ignored; 0 measured; 1 filtered out; finished in 360.35s

    Finished `test` profile [unoptimized + debuginfo] target(s) in 0.10s
     Running tests/postgres_capacity_monitor.rs (target/debug/deps/postgres_capacity_monitor-66be2e9e41b16aad)
F09 database termination recovered; correlation=01a1198c-0c06-75e2-8a88-65a4cb3f9f7f; ordered_events=2
F09 capacity continuity tick 0/17
F09 capacity continuity tick 3/17
F09 capacity continuity tick 6/17
F09 capacity continuity tick 9/17
F09 capacity continuity tick 12/17
F09 capacity continuity tick 15/17

running 1 test
test f09_portfolio_and_risk_queries_persist_actual_latency_samples ... ok

test result: ok. 1 passed; 0 failed; 0 ignored; 0 measured; 1 filtered out; finished in 15.45s

    Finished `test` profile [unoptimized + debuginfo] target(s) in 0.08s
     Running tests/postgres_portfolio.rs (target/debug/deps/postgres_portfolio-6f684ef8228c8a8c)

running 1 test
test live::f09_live_tests::real_logout_db_write_matches_persistent_trace ... F09 BFF real session revoke and persistent trace share correlation_id=01a11991-3b19-7910-b4c0-16011a584ad6
ok

test result: ok. 1 passed; 0 failed; 0 ignored; 0 measured; 14 filtered out; finished in 7.86s

    Finished `test` profile [unoptimized + debuginfo] target(s) in 0.48s
     Running unittests src/lib.rs (target/debug/deps/bff_gateway-d12a65752bc484f1)

running 1 test
F09 Runtime persisted run and trace share correlation_id=01a11991-70dc-7113-b496-cbc89835e6fe
test live::tests::f09_runtime_real_write_trace ... ok

test result: ok. 1 passed; 0 failed; 0 ignored; 0 measured; 9 filtered out; finished in 19.96s

    Finished `test` profile [unoptimized + debuginfo] target(s) in 0.15s
     Running unittests src/main.rs (target/debug/deps/runtime_gateway-10c42f263fd4cdce)
{"event":"F09_PORTFOLIO_WRITE_TRACE_PASS","correlationId":"01a11991-9d60-7663-9799-73d304098824","snapshotHash":"sha256:2081d8c86e1a95ae74d66be445e82db83a81e22d36bad8fc3d843640e2d416c1","lastEventSequence":23,"positionCount":3}

running 1 test
test manager_supervises_three_real_crashes_without_test_owned_restarts ... ok

test result: ok. 1 passed; 0 failed; 0 ignored; 0 measured; 24 filtered out; finished in 0.87s

    Finished `test` profile [unoptimized + debuginfo] target(s) in 0.10s
     Running tests/python_mock_engine.rs (target/debug/deps/python_mock_engine-a14b3ed6aaf7410e)
