✔ all eight independently content-bound dependencies admit DEVELOPMENT only (24.080333ms)
✔ engineering aggregation preserves the sole pending user confirmation (14.910084ms)
✔ milestone rejects missing F0 (13.979084ms)
✔ milestone rejects missing PRE (16.91ms)
✔ milestone rejects duplicate dependency (14.174333ms)
✔ milestone rejects unready F0 (14.2785ms)
✔ milestone rejects manifest bytes replaced (14.00675ms)
✔ milestone rejects digest substituted (13.470167ms)
✔ milestone rejects dependency path substituted (13.77325ms)
✔ milestone rejects dependency verdict substituted (13.988625ms)
✔ milestone rejects self manifest schema (14.692542ms)
✔ milestone rejects normative change (13.926625ms)
✔ milestone rejects source input change (13.301458ms)
✔ milestone rejects unexecuted check (13.384459ms)
✔ milestone rejects missing execution time (12.411458ms)
✔ milestone rejects missing required check (12.565333ms)
✔ milestone rejects duplicate check (12.37425ms)
✔ milestone rejects wrong command (12.607333ms)
✔ milestone rejects log tampering (12.700583ms)
✔ milestone rejects rehashed prose (12.224792ms)
✔ milestone rejects external log path (12.351625ms)
✔ milestone rejects false formal acceptance (12.301125ms)
✔ milestone rejects aggregate claims database run (12.661583ms)
✔ milestone rejects hidden exclusions (12.64275ms)
✔ milestone rejects unresolved functional finding (12.391125ms)
✔ dependency validator is invoked and errors propagate (12.302625ms)
✔ fake READY cannot hide changed G0 scope (12.082625ms)
✔ arbitrary existing markdown cannot serve as a milestone receipt (0.101041ms)
✔ own arbitrary digest is rejected independently of dependency status (0.070292ms)
✔ F0 policy contains the six missing nodes and all eleven obligations (12.232875ms)
✔ production schema drift comparator rejects tables (0.120625ms)
✔ production schema drift comparator rejects columns (0.052ms)
✔ production schema drift comparator rejects constraints (0.042959ms)
✔ production schema drift comparator rejects indexes (0.047417ms)
✔ production schema drift comparator rejects policies (0.034792ms)
✔ production schema drift comparator rejects routines (0.030709ms)
✔ production schema drift comparator rejects triggers (0.038625ms)
✔ 100-task recovery evidence cannot use 10-task diagnostic or accept P95 (0.886083ms)
✔ CI validates milestone disposition and preserves strict admission and negatives (5.648834ms)
ℹ tests 39
ℹ suites 0
ℹ pass 39
ℹ fail 0
ℹ cancelled 0
ℹ skipped 0
ℹ todo 0
ℹ duration_ms 448.642458
