
> @sumalpha/quantos@ test:development-plans /Users/anray/Documents/project/SumAlpha/QuantOS
> node --test scripts/development-plan-order-negative.mjs

✔ joint schedule is acyclic and preserves task/status boundaries (17.492292ms)
✔ restoring a complete R1 prerequisite for S2 services creates a rejected cycle (5.461042ms)
✔ research service waiting on its consumer page is rejected (4.897708ms)
✔ historical CORE:R04 to CORE:L04 probe now fails closed (4.827ms)
✔ an early identity API cannot silently depend on later research services (5.977459ms)
✔ a provider cannot wait for the consumer frontend Gate (4.492917ms)
✔ removing S2 service admission from a core execution task is rejected (4.581833ms)
✔ S2 service Gate cannot omit TP12 advance evaluation (4.970625ms)
✔ I10 cannot drop testnet service admission even if metadata is edited with it (6.200583ms)
✔ a new or existing frontend cannot skip the full provider Gate (5.773167ms)
✔ G5 cannot be marked as closing in I4 before reconciliation (5.650916ms)
✔ moving the G1 block above I1 tasks is rejected (5.034209ms)
✔ milestone cannot omit its last child while retaining a Gate summary (5.102625ms)
✔ prose-only backend dependencies cannot drift from structured prerequisites (5.213666ms)
✔ core closure mapping cannot become an implicit service alias (4.905291ms)
✔ ACCEPTED checkpoint needs SHA and evidence, not only a green word (5.778667ms)
✔ accepted checkpoint evidence must resolve (2.724459ms)
✔ missing checkpoint and unknown dependency fail closed (6.421208ms)
✔ API windows cannot skip their preceding provider checkpoint (4.913208ms)
✔ UI windows cannot skip the preceding reconciliation window (4.5885ms)
✔ Web intake preserves the explicit no-model-review schema (1.287833ms)
✔ missing Web task fields still fail closed (1.286708ms)
✔ both plans must publish exactly the same stage contract (5.246417ms)
✔ changing both plans cannot defer correctness or functional deadlines to release (14.034208ms)
✔ both plans must retain every deferred release obligation (12.510541ms)
✔ tasks and checkpoints cannot omit, invent, or misclassify their stage gate (18.53125ms)
✔ release prerequisites cannot block either development or integration (11.289792ms)
✔ release gates cannot skip business closure or inherit the wrong stage (12.970709ms)
✔ historical ACCEPTED and completed tasks do not automatically become READY (11.46725ms)
✔ READY needs its own input digest and resolvable evidence (34.576167ms)
✔ unassessed stage gates cannot carry an apparent ready receipt (6.817292ms)
✔ BLOCKED retains failure evidence and digest without being counted as READY (13.95475ms)
✔ a READY chain needs READY prerequisites and its own evidence at every node (19.483541ms)
✔ stage readiness never substitutes for formal acceptance evidence (2.855166ms)
✔ release READY requires formal acceptance and all functional prerequisites (8.66675ms)
✔ core intake follows the frontend audit-report format (6.353333ms)
✔ core review summary must be unique and link to audit evidence (8.400625ms)
✔ core shared task fields and existing window must stay consistent (14.586875ms)
ℹ tests 38
ℹ suites 0
ℹ pass 38
ℹ fail 0
ℹ cancelled 0
ℹ skipped 0
ℹ todo 0
ℹ duration_ms 361.231167
