Validated 6 pinned Buf plugins and locked generation workflow.
✔ proto generation configuration is pinned and lock-preserving (39.371ms)
✔ proto generation configuration rejects an unpinned remote plugin (39.832166ms)
✔ proto generation configuration rejects implicit dependency updates (41.984333ms)
ℹ tests 3
ℹ suites 0
ℹ pass 3
ℹ fail 0
ℹ cancelled 0
ℹ skipped 0
ℹ todo 0
ℹ duration_ms 154.31525
Extracted 50 JSON schema documents.
Validated 50 standalone JSON schemas and 11 planned domain schemas.
✔ standalone JSON schema gate passes the complete generated catalog (144.72725ms)
✔ standalone JSON schema gate rejects a missing planned domain schema (47.878041ms)
✔ standalone JSON schema gate rejects an unresolved reference (139.485167ms)
ℹ tests 3
ℹ suites 0
ℹ pass 3
ℹ fail 0
ℹ cancelled 0
ℹ skipped 0
ℹ todo 0
ℹ duration_ms 366.653292
Proto compatibility checked against 55b4999a09af2a0e86b73a7e907be1ecf4460da7
Proto checks passed.
