✔ valid source and execution-bound dependency chain is READY without release signatures (44.347084ms)
✔ missing required execution (32.666209ms)
✔ failed execution (31.411125ms)
✔ wrong actual command (31.619416ms)
✔ unresolved issue (26.513458ms)
✔ wrong node (24.72ms)
✔ missing source inventory (28.597ms)
✔ plan scope changed (22.47475ms)
✔ outside log path (26.587209ms)
✔ wrong log digest (26.004708ms)
✔ missing dependency (26.191542ms)
✔ dependency digest substituted (25.857875ms)
✔ tampered manifest bytes are rejected (21.970916ms)
✔ changed source content is rejected despite unchanged gate digest (25.848417ms)
✔ dependency must independently be READY (25.930417ms)
✔ arbitrary log cannot masquerade as successful execution (26.283583ms)
✔ input file symlink cannot escape the repository (25.353958ms)
✔ database execution cannot be inferred from a normal local PASS (30.108458ms)
✔ Supabase target receipt verifies each compressed execution log (30.861625ms)
✔ source drift during execution invalidates the original input snapshot (39.070916ms)
✔ requirement drift during execution invalidates the original input snapshot (41.9ms)
✔ controlled public development profile overrides stale values and preserves server inputs (0.117083ms)
✔ private credentials cannot be injected through a public development profile (0.086875ms)
✔ transient Auth 503 can retry only a complete target execution (0.102959ms)
✔ persistent target timeout never becomes PASS and stops at its budget (0.090292ms)
✔ semantic target failures stop without retry or PASS (0.023333ms)
✔ target retry budget cannot be unbounded (0.087584ms)
✔ configured target retries require explicit attempt outcomes in the receipt (30.91925ms)
✔ three successful full builds bind output inventories (0.344833ms)
✔ reproducibility rejects only two builds (0.102458ms)
✔ reproducibility rejects missing Python build (0.127417ms)
✔ reproducibility rejects failed command (0.128166ms)
✔ reproducibility rejects different output digest (0.086875ms)
✔ reproducibility rejects substituted inventory (0.069292ms)
✔ reproducibility rejects dirty source (0.060458ms)
✔ reproducibility rejects old source (0.056416ms)
✔ development policy retains explicit build, coverage, volume and target storage obligations (0.2985ms)
✔ static make commands cannot reload .env.local or inherit target database opt-ins (0.090292ms)
✔ volume retry restarts the complete check only on a closed PostgreSQL transport (0.056542ms)
✔ volume correctness and certificate errors cannot be retried into PASS (0.03225ms)
✔ persistent database transport failure stays failed at the retry limit (0.027167ms)
✔ separate assessment snapshot preserves historical manifests and binds its own logs (32.814708ms)
✔ third-party Git link binds the actual clean checkout and rejects dirty/advanced source (145.410084ms)
✔ transient read-only preflight connection closure retries the complete target (0.100708ms)
✔ preflight permission and role failures are not transport retries (0.060208ms)
✔ persistent preflight closure exhausts three attempts without PASS (0.062708ms)
✔ component passes while missing dependency/whole release admission rejects (53.192792ms)
✔ static COMPLETED is never dependency admission (15.974584ms)
✔ READY declarations still execute strict receipt validation (16.091792ms)
✔ release handoff and dependency changes fail closed n=>n.get('RELEASE-GATE:BETA').required_scope=n.get('RELEASE-GATE:BETA').required_scope.replace(handoff,'') (13.7045ms)
✔ release handoff and dependency changes fail closed n=>n.get('RELEASE-GATE:BETA').stage_gate.stage='DEVELOPMENT' (14.570917ms)
✔ release handoff and dependency changes fail closed n=>n.get('CORE:R02').dependencies.pop() (14.88025ms)
✔ full target outcomes, cleanup and coverage bind development scope (41.1175ms)
✔ reject failed combined execution (16.354125ms)
✔ reject failed actor cleanup (12.250042ms)
✔ reject no boundary actors (14.949917ms)
✔ reject new provider run (12.35ms)
✔ reject fresh quality claim (13.470792ms)
✔ reject engine left running (12.720125ms)
✔ reject wrong target (12.442542ms)
✔ reject release claimed (10.279542ms)
✔ reject wrong execution SHA (10.162333ms)
✔ reject missing approval (13.687583ms)
✔ reject changed source (12.001041ms)
✔ reject skipped target test (13.524084ms)
✔ reject under threshold coverage (26.743375ms)
✔ tampered nested log rejected without changing outcome labels (9ms)
✔ nested path escape rejected (9.320208ms)
✔ R1 controlled policies cover the complete dependency closure (966.000292ms)
✔ R01 target and production coverage independently validate (29.975958ms)
✔ R01 reject vacuous actor cleanup (17.96625ms)
✔ R01 reject uncommitted outbox (18.373875ms)
✔ R01 reject fixture claimed as real provider (17.734334ms)
✔ R01 reject RLS failed (19.478083ms)
✔ R01 reject migration mismatched (17.685708ms)
✔ real process inventory outcome is separately required by R02 (1.006958ms)
✔ process cleanup reject leak cleaned after discovery (0.413458ms)
✔ process cleanup reject process inspection skipped (0.362708ms)
✔ process cleanup reject residual child left alive (0.363209ms)
✔ process cleanup reject failed cleanup relabeled (0.298083ms)
✔ process cleanup reject unbounded ownership scope (0.871625ms)
✔ process cleanup reject wrong source (0.340458ms)
✔ process cleanup reject missing baseline capture (0.466083ms)
✔ only repository Python with a known module and test socket is inventoried (0.977625ms)
✔ all fixture socket families including private f08 directories are recognized (0.073542ms)
✔ pre-existing processes and other assessment scopes are never owned (0.094542ms)
✔ PID reuse cannot impersonate an existing process identity (0.071666ms)
✔ real direct Python fixture is observed and terminated without a launcher orphan (1031.611542ms)
ℹ tests 88
ℹ suites 0
ℹ pass 88
ℹ fail 0
ℹ cancelled 0
ℹ skipped 0
ℹ todo 0
ℹ duration_ms 1377.363416
