{
  "original": "PASS",
  "accepted_broken_inputs": 10,
  "total_mutations": 10,
  "runtime": [
    {
      "state": "running",
      "status": "RENDERED"
    },
    {
      "state": "some_future_enum",
      "status": "RENDERED"
    },
    {
      "state": "toString",
      "status": "THREW",
      "error": "tokenPath.split is not a function or its return value is not iterable"
    },
    {
      "state": "constructor",
      "status": "THREW",
      "error": "tokenPath.split is not a function or its return value is not iterable"
    },
    {
      "state": "__proto__",
      "status": "THREW",
      "error": "tokenPath.split is not a function or its return value is not iterable"
    },
    {
      "state": "some_future_enum under light/en providers",
      "status": "RENDERED"
    }
  ],
  "contrast_failures": [
    {
      "pair": "dark input border.strong/surface.0",
      "ratio": 2.194192081798922,
      "minimum": 3,
      "context": "q-input border/background; component boundary, needs sufficient alternative visual identification"
    },
    {
      "pair": "dark input border.strong/surface.1",
      "ratio": 1.9856524295235911,
      "minimum": 3,
      "context": "q-input on panel/dialog"
    },
    {
      "pair": "light input border.strong/surface.0",
      "ratio": 1.6753222666102543,
      "minimum": 3,
      "context": "q-input border/background; component boundary, needs sufficient alternative visual identification"
    },
    {
      "pair": "light input border.strong/surface.1",
      "ratio": 1.7669726942154063,
      "minimum": 3,
      "context": "q-input on panel/dialog"
    },
    {
      "pair": "Storybook toolbar light: default StateBadge running / light surface.0",
      "ratio": 2.4105507356907423,
      "minimum": 4.5,
      "foreground": "#60A5FA",
      "background": "#F7F9FC",
      "basis": "StateBadge default theme dark ignores ThemeProvider; default story has no theme prop; computed from SSR markup and light provider token",
      "markup": "<span role=\"status\" aria-label=\"running\" style=\"display:inline-flex;align-items:center;gap:6px;color:#60A5FA;font-size:13px;line-height:18px;font-variant-numeric:tabular-nums\"><span aria-hidden=\"true\">◆</span><span>running</span></span>"
    }
  ]
}
