node --test scripts/f02-gate-negative.mjs scripts/f02-a11-gate-negative.mjs scripts/playwright-git-history.test.mjs scripts/storage-fixture.test.cjs
✔ complete Linux matrix passes; deletion and pixel tampering fail (380.979ms)
✔ acceptance never updates snapshots or skips missing snapshots (0.545541ms)
✔ only main signing and verification jobs receive the signing environment (8.754833ms)
✔ signing policy rejects missing protection, wildcards, tags and extra branches (0.193875ms)
✔ candidate import rejects tampering and stale source before writing, then imports the reviewed matrix (357.80975ms)
✔ required download check rejects skipped or failed event-specific verification (24.054375ms)
✔ PR receipts bind the checked out head while main signing stays on the event SHA (2.799875ms)
Verified 2 release files for aaaaaaaaaaaaaaaaaaaaaaaaaaaaaaaaaaaaaaaa
Verified 2 release files for aaaaaaaaaaaaaaaaaaaaaaaaaaaaaaaaaaaaaaaa
✔ real Gitleaks positive control and GitHub/Slack leaks (1593.895791ms)
✔ historical digest exceptions do not waive fresh credentials in audit JSON (1064.581416ms)
✔ RLS baseline rejects policy deletion and late disabling with recovery (169.913625ms)
✔ RLS preflight recognizes the actual ten-table A2 migration and rejects incomplete loops (127.691916ms)
✔ RLS preflight expands audit export permissions without treating grants as RLS (128.964125ms)
✔ RLS literal loops preserve late disabling, NO FORCE and policy deletion (132.365209ms)
✔ RLS preflight cannot count conditional loops, comments, literals or function bodies as execution (147.774167ms)
✔ quoted SQL examples inside expanded policy expressions cannot enable RLS (22.974375ms)
✔ migration filename control, rejection and recovery (15.577625ms)
✔ waivers only authorize exact advisory/ecosystem/package/version before expiry (1.1115ms)
✔ license expression policy does not globally allow LGPL or unknown licenses (0.402792ms)
✔ release binds complete payload and SBOM to source; rejects corruption and build-only native files (3.04375ms)
✔ Buf compares against distinct historical source and detects removed fields (544.926083ms)
✔ SCA scanner adapter consumes exact waivers and never waives scanner failures (1774.724542ms)
✔ Playwright PR reporting preserves complete history for downstream security scans (1602.020375ms)
✔ all bucket migration INSERT columns exist in the shared CI fixture (0.398834ms)
﹣ PostgreSQL compiles bucket migrations and preserves private export limits (0.047459ms) # SKIP
ℹ tests 24
ℹ suites 0
ℹ pass 23
ℹ fail 0
ℹ cancelled 0
ℹ skipped 1
ℹ todo 0
ℹ duration_ms 5767.730709
