
> @sumalpha/quantos@ test:development-plans /Users/anray/Documents/project/SumAlpha/QuantOS
> node --test scripts/development-plan-order-negative.mjs

✔ joint schedule is acyclic and preserves task/status boundaries (15.776333ms)
✔ restoring a complete R1 prerequisite for S2 services creates a rejected cycle (5.417416ms)
✔ research service waiting on its consumer page is rejected (5.027042ms)
✔ historical CORE:R04 to CORE:L04 probe now fails closed (4.419917ms)
✔ an early identity API cannot silently depend on later research services (5.974459ms)
✔ a provider cannot wait for the consumer frontend Gate (4.507583ms)
✔ removing S2 service admission from a core execution task is rejected (4.75275ms)
✔ S2 service Gate cannot omit TP12 advance evaluation (4.998417ms)
✔ I10 cannot drop testnet service admission even if metadata is edited with it (5.384375ms)
✔ a new or existing frontend cannot skip the full provider Gate (5.411917ms)
✔ G5 cannot be marked as closing in I4 before reconciliation (5.654041ms)
✔ moving the G1 block above I1 tasks is rejected (4.934167ms)
✔ milestone cannot omit its last child while retaining a Gate summary (5.037458ms)
✔ prose-only backend dependencies cannot drift from structured prerequisites (4.98675ms)
✔ core closure mapping cannot become an implicit service alias (4.830666ms)
✔ ACCEPTED checkpoint needs SHA and evidence, not only a green word (5.300292ms)
✔ accepted checkpoint evidence must resolve (2.557833ms)
✔ missing checkpoint and unknown dependency fail closed (6.34275ms)
✔ API windows cannot skip their preceding provider checkpoint (4.659292ms)
✔ UI windows cannot skip the preceding reconciliation window (5.013875ms)
✔ Web intake preserves the explicit no-model-review schema (1.681625ms)
✔ missing Web task fields still fail closed (1.350208ms)
✔ both plans must publish exactly the same stage contract (5.474834ms)
✔ changing both plans cannot defer correctness or functional deadlines to release (14.927458ms)
✔ both plans must retain every deferred release obligation (15.804875ms)
✔ tasks and checkpoints cannot omit, invent, or misclassify their stage gate (19.649959ms)
✔ release prerequisites cannot block either development or integration (12.125791ms)
✔ release gates cannot skip business closure or inherit the wrong stage (13.676792ms)
✔ historical ACCEPTED and completed tasks do not automatically become READY (11.047542ms)
✔ READY needs its own input digest and resolvable evidence (35.939041ms)
✔ unassessed stage gates cannot carry an apparent ready receipt (7.150709ms)
✔ BLOCKED retains failure evidence and digest without being counted as READY (14.685458ms)
✔ a READY chain needs READY prerequisites and its own evidence at every node (20.119166ms)
✔ stage readiness never substitutes for formal acceptance evidence (2.987708ms)
✔ release READY requires formal acceptance and all functional prerequisites (8.917875ms)
✔ core intake follows the frontend audit-report format (6.6585ms)
✔ core review summary must be unique and link to audit evidence (8.509375ms)
✔ core shared task fields and existing window must stay consistent (15.031708ms)
ℹ tests 38
ℹ suites 0
ℹ pass 38
ℹ fail 0
ℹ cancelled 0
ℹ skipped 0
ℹ todo 0
ℹ duration_ms 365.597083
