verify	Rebuild isolated databases and test drift and RLS	﻿2026-10-08T09:54:39.9856867Z ##[group]Run make f02-db-check
verify	Rebuild isolated databases and test drift and RLS	2026-10-08T09:54:39.9857184Z ^[[36;1mmake f02-db-check^[[0m
verify	Rebuild isolated databases and test drift and RLS	2026-10-08T09:54:39.9922532Z shell: /usr/bin/bash -e {0}
verify	Rebuild isolated databases and test drift and RLS	2026-10-08T09:54:39.9922821Z env:
verify	Rebuild isolated databases and test drift and RLS	2026-10-08T09:54:39.9923034Z   QUANTOS_SKIP_ENV: 1
verify	Rebuild isolated databases and test drift and RLS	2026-10-08T09:54:39.9923383Z   F02_PG_ADMIN_URL: postgresql://postgres@127.0.0.1:5432/postgres
verify	Rebuild isolated databases and test drift and RLS	2026-10-08T09:54:39.9923883Z   GITLEAKS_BIN: /home/runner/work/QuantOS/QuantOS/artifacts/tools/gitleaks
verify	Rebuild isolated databases and test drift and RLS	2026-10-08T09:54:39.9924347Z   QUANTOS_BFF_BASE: c7a4d6531359b8d82e86a3d22758bbbb1af0de4c
verify	Rebuild isolated databases and test drift and RLS	2026-10-08T09:54:39.9924749Z   QUANTOS_PROTO_BASE: c7a4d6531359b8d82e86a3d22758bbbb1af0de4c
verify	Rebuild isolated databases and test drift and RLS	2026-10-08T09:54:39.9925180Z   QUANTOS_SOURCE_SHA: c6e55f67dede46e4d47eec0b7dcfc70bf0f15ab6
verify	Rebuild isolated databases and test drift and RLS	2026-10-08T09:54:39.9925527Z   CARGO_TERM_COLOR: always
verify	Rebuild isolated databases and test drift and RLS	2026-10-08T09:54:39.9925783Z   NEXT_PUBLIC_QUANTOS_ENV: local-mock
verify	Rebuild isolated databases and test drift and RLS	2026-10-08T09:54:39.9926108Z   NEXT_PUBLIC_SITE_ORIGIN: https://sumalpha.ai
verify	Rebuild isolated databases and test drift and RLS	2026-10-08T09:54:39.9926494Z   NEXT_PUBLIC_QUANTOS_TERMINAL_ORIGIN: http://localhost:3190
verify	Rebuild isolated databases and test drift and RLS	2026-10-08T09:54:39.9926923Z   NEXT_PUBLIC_QUANTOS_BFF_ORIGIN: http://localhost:4010
verify	Rebuild isolated databases and test drift and RLS	2026-10-08T09:54:39.9927370Z   NEXT_PUBLIC_QUANTOS_OIDC_ISSUER: https://mock.idp.local
verify	Rebuild isolated databases and test drift and RLS	2026-10-08T09:54:39.9927760Z   NEXT_PUBLIC_QUANTOS_OIDC_CLIENT_ID: quantos-terminal-ci
verify	Rebuild isolated databases and test drift and RLS	2026-10-08T09:54:39.9928539Z   NEXT_PUBLIC_QUANTOS_OIDC_REDIRECT_URI: http://localhost:3190/auth/callback
verify	Rebuild isolated databases and test drift and RLS	2026-10-08T09:54:39.9928986Z   NEXT_PUBLIC_QUANTOS_DEFAULT_MODE: paper
verify	Rebuild isolated databases and test drift and RLS	2026-10-08T09:54:39.9929291Z   NEXT_PUBLIC_QUANTOS_MOCK_ENABLED: true
verify	Rebuild isolated databases and test drift and RLS	2026-10-08T09:54:39.9929597Z   NEXT_PUBLIC_QUANTOS_OBS_ENABLED: false
verify	Rebuild isolated databases and test drift and RLS	2026-10-08T09:54:39.9929929Z   NEXT_PUBLIC_QUANTOS_FEATURE_ASSISTED_LIVE_TESTNET: off
verify	Rebuild isolated databases and test drift and RLS	2026-10-08T09:54:39.9930510Z   CARGO_HOME: /home/runner/.cargo
verify	Rebuild isolated databases and test drift and RLS	2026-10-08T09:54:39.9930776Z   CARGO_INCREMENTAL: 0
verify	Rebuild isolated databases and test drift and RLS	2026-10-08T09:54:39.9931075Z   pythonLocation: /opt/hostedtoolcache/Python/3.12.10/x64
verify	Rebuild isolated databases and test drift and RLS	2026-10-08T09:54:39.9931515Z   PKG_CONFIG_PATH: /opt/hostedtoolcache/Python/3.12.10/x64/lib/pkgconfig
verify	Rebuild isolated databases and test drift and RLS	2026-10-08T09:54:39.9931952Z   Python_ROOT_DIR: /opt/hostedtoolcache/Python/3.12.10/x64
verify	Rebuild isolated databases and test drift and RLS	2026-10-08T09:54:39.9932358Z   Python2_ROOT_DIR: /opt/hostedtoolcache/Python/3.12.10/x64
verify	Rebuild isolated databases and test drift and RLS	2026-10-08T09:54:39.9932751Z   Python3_ROOT_DIR: /opt/hostedtoolcache/Python/3.12.10/x64
verify	Rebuild isolated databases and test drift and RLS	2026-10-08T09:54:39.9933148Z   LD_LIBRARY_PATH: /opt/hostedtoolcache/Python/3.12.10/x64/lib
verify	Rebuild isolated databases and test drift and RLS	2026-10-08T09:54:39.9933541Z   UV_CACHE_DIR: /home/runner/work/_temp/setup-uv-cache
verify	Rebuild isolated databases and test drift and RLS	2026-10-08T09:54:39.9933850Z ##[endgroup]
verify	Rebuild isolated databases and test drift and RLS	2026-10-08T09:54:40.0041800Z node scripts/f02-db-gate.cjs
verify	Rebuild isolated databases and test drift and RLS	2026-10-08T09:54:41.0313743Z role "quantos_snapshot_writer" already exists
verify	Rebuild isolated databases and test drift and RLS	2026-10-08T09:54:41.0314104Z 
verify	Rebuild isolated databases and test drift and RLS	2026-10-08T09:54:41.0316942Z {
verify	Rebuild isolated databases and test drift and RLS	2026-10-08T09:54:41.0317323Z   "status": "FAIL",
verify	Rebuild isolated databases and test drift and RLS	2026-10-08T09:54:41.0317690Z   "passed": false,
verify	Rebuild isolated databases and test drift and RLS	2026-10-08T09:54:41.0318420Z   "source": "c6e55f67dede46e4d47eec0b7dcfc70bf0f15ab6",
verify	Rebuild isolated databases and test drift and RLS	2026-10-08T09:54:41.0318845Z   "dirty": false,
verify	Rebuild isolated databases and test drift and RLS	2026-10-08T09:54:41.0319173Z   "startedAt": "2026-10-08T09:54:40.117Z",
verify	Rebuild isolated databases and test drift and RLS	2026-10-08T09:54:41.0319518Z   "checks": [],
verify	Rebuild isolated databases and test drift and RLS	2026-10-08T09:54:41.0319918Z   "error": "role \"quantos_snapshot_writer\" already exists\n",
verify	Rebuild isolated databases and test drift and RLS	2026-10-08T09:54:41.0320407Z   "completedAt": "2026-10-08T09:54:41.031Z"
verify	Rebuild isolated databases and test drift and RLS	2026-10-08T09:54:41.0320784Z }
verify	Rebuild isolated databases and test drift and RLS	2026-10-08T09:54:41.0352183Z make: *** [Makefile:498: f02-db-check] Error 1
verify	Rebuild isolated databases and test drift and RLS	2026-10-08T09:54:41.0363851Z ##[error]Process completed with exit code 2.
verify-download	Require the event-specific download verification	﻿2026-10-08T09:54:52.7355027Z ##[group]Run if [[ "$GITHUB_EVENT_NAME" == "push" && "$GITHUB_REF" == "refs/heads/main" ]]; then
verify-download	Require the event-specific download verification	2026-10-08T09:54:52.7356544Z ^[[36;1mif [[ "$GITHUB_EVENT_NAME" == "push" && "$GITHUB_REF" == "refs/heads/main" ]]; then^[[0m
verify-download	Require the event-specific download verification	2026-10-08T09:54:52.7357555Z ^[[36;1m  test "$MAIN_RESULT" = success^[[0m
verify-download	Require the event-specific download verification	2026-10-08T09:54:52.7358827Z ^[[36;1melif [[ "$GITHUB_EVENT_NAME" == "pull_request" ]]; then^[[0m
verify-download	Require the event-specific download verification	2026-10-08T09:54:52.7359790Z ^[[36;1m  test "$PR_RESULT" = success^[[0m
verify-download	Require the event-specific download verification	2026-10-08T09:54:52.7360466Z ^[[36;1melse^[[0m
verify-download	Require the event-specific download verification	2026-10-08T09:54:52.7361045Z ^[[36;1m  exit 1^[[0m
verify-download	Require the event-specific download verification	2026-10-08T09:54:52.7361600Z ^[[36;1mfi^[[0m
verify-download	Require the event-specific download verification	2026-10-08T09:54:52.8291226Z shell: /usr/bin/bash -e {0}
verify-download	Require the event-specific download verification	2026-10-08T09:54:52.8292436Z env:
verify-download	Require the event-specific download verification	2026-10-08T09:54:52.8293388Z   MAIN_RESULT: skipped
verify-download	Require the event-specific download verification	2026-10-08T09:54:52.8294165Z   PR_RESULT: skipped
verify-download	Require the event-specific download verification	2026-10-08T09:54:52.8294832Z ##[endgroup]
verify-download	Require the event-specific download verification	2026-10-08T09:54:52.8565819Z ##[error]Process completed with exit code 1.
