   Compiling h2 v0.4.16
   Compiling prost-build v0.13.5
   Compiling tokio-postgres v0.7.18
   Compiling tokio-rustls v0.26.4
   Compiling quantos-core v0.1.0 (/Users/anray/Documents/project/SumAlpha/QuantOS/crates/quantos-core)
   Compiling pbjson-types v0.7.0
   Compiling postgres v0.19.14
   Compiling postgres-native-tls v0.5.3
   Compiling hyper v1.11.0
   Compiling hyper-util v0.1.20
   Compiling hyper-timeout v0.5.2
   Compiling hyper-rustls v0.27.9
   Compiling tonic v0.12.3
   Compiling reqwest v0.13.4
   Compiling quantos-proto v0.1.0 (/Users/anray/Documents/project/SumAlpha/QuantOS/crates/quantos-proto)
   Compiling quantos-storage v0.1.0 (/Users/anray/Documents/project/SumAlpha/QuantOS/crates/quantos-storage)
    Finished `test` profile [unoptimized + debuginfo] target(s) in 16.73s
     Running tests/postgres_persistence.rs (target/debug/deps/postgres_persistence-ad7b7ad58a3813ca)

running 1 test
test postgres_storage_store_persists_artifacts_and_schema_registry ... 
thread 'postgres_storage_store_persists_artifacts_and_schema_registry' (4363947) panicked at crates/quantos-storage/tests/postgres_persistence.rs:163:10:
snapshot persists: Postgres(Error { kind: Db, cause: Some(DbError { severity: "ERROR", parsed_severity: Some(Error), code: SqlState(E42702), message: "column reference \"a\" is ambiguous", detail: Some("It could refer to either a PL/pgSQL variable or a table column."), hint: None, position: Some(Internal { position: 74, query: "not exists(select 1 from jsonb_array_elements(new.artifact_refs) a where a->>'artifact_id'=l->>'reference')" }), where_: Some("PL/pgSQL function quantos.validate_snapshot_insert() line 47 at IF\nSQL statement \"insert into quantos.data_snapshots select (s).* on conflict(tenant_id,content_hash) do nothing returning *\"\nPL/pgSQL function quantos.persist_data_snapshot(jsonb,text,jsonb) line 9 at SQL statement"), schema: None, table: None, column: None, datatype: None, constraint: None, file: Some("pl_comp.c"), line: Some(1133), routine: Some("plpgsql_post_column_ref") }) })
note: run with `RUST_BACKTRACE=1` environment variable to display a backtrace
FAILED

failures:

failures:
    postgres_storage_store_persists_artifacts_and_schema_registry

test result: FAILED. 0 passed; 1 failed; 0 ignored; 0 measured; 0 filtered out; finished in 31.33s

error: test failed, to rerun pass `-p quantos-storage --test postgres_persistence`
