✔ production rejects InMemoryTerminalBackend (266.179291ms)
✔ production rejects InMemoryStrategyBackend (1.68975ms)
✔ production rejects InMemoryExecutionBackend (1.458375ms)
✔ production rejects InMemoryOpsBackend (1.167833ms)
✔ production rejects TerminalBackend (1.051541ms)
✔ production rejects StrategyBackend (0.85475ms)
✔ production rejects ExecutionBackend (0.760792ms)
✔ production rejects OpsBackend (0.737625ms)
✔ production rejects createTerminalClient (0.824917ms)
✔ production rejects bypass import * as api from '@sumalpha/api-client'; export const value = api; (1.098041ms)
✔ production rejects bypass export * from '@sumalpha/api-client'; (0.5595ms)
✔ production rejects bypass export { InMemoryOpsBackend as Default } from '@sumalpha/api-client'; (0.751958ms)
✔ production rejects bypass export const value = import('@sumalpha/api-client'); (0.735666ms)
✔ production rejects bypass export const value = require('@sumalpha/api-client'); (0.925125ms)
✔ production rejects bypass import { value } from '../../../../crates/bff/src/db'; export {value}; (0.537541ms)
✔ production rejects bypass import { value } from '../tests/fixtures/backend'; export {value}; (0.471083ms)
✔ production rejects bypass export const value = import(globalThis.name); (0.637792ms)
✔ production rejects bypass import { value } from '@sumalpha/api-client/src/terminal'; export {value}; (0.488ms)
✔ generated named public client imports are allowed (0.525834ms)
✔ explicit test fixture adapters remain allowed (2.17675ms)
✔ production src cannot hide behind a test-like filename (0.551041ms)
✔ shared frontend wrapper cannot re-export a legacy adapter under an alias (1.4415ms)
✔ production rejects direct database or venue module pg (0.512125ms)
✔ production rejects direct database or venue module postgres (0.49075ms)
✔ production rejects direct database or venue module @supabase/supabase-js (0.503084ms)
✔ production rejects direct database or venue module @prisma/client (0.493417ms)
✔ production rejects direct database or venue module ccxt (0.485166ms)
✔ production rejects direct database or venue module @binance/connector (0.479291ms)
✔ registered Storybook data fixtures remain allowed (1.352875ms)
✔ runtime TerminalClient cannot instantiate a handwritten backend in production (0.449958ms)
✔ type-only legacy migration annotation does not create a production adapter (0.856625ms)
✔ production boundary cannot be bypassed with js (2.34875ms)
✔ production boundary cannot be bypassed with jsx (1.237ms)
✔ production boundary cannot be bypassed with mjs (0.539333ms)
✔ production boundary cannot be bypassed with cjs (0.991625ms)
✔ production boundary cannot be disabled with an inline directive (0.966333ms)
✔ production cannot import repository database CLI internals (0.451291ms)
ℹ tests 37
ℹ suites 0
ℹ pass 37
ℹ fail 0
ℹ cancelled 0
ℹ skipped 0
ℹ todo 0
ℹ duration_ms 396.54325
