✔ complete engineering checks retain BLOCKED while scope confirmation is absent (159.26475ms)
✔ strict acceptance rejects pending current user scope (136.459458ms)
✔ G0 rejects missing explicit proto baseline (138.800417ms)
✔ G0 rejects same-head proto baseline (120.640792ms)
✔ G0 rejects fabricated READY (119.356625ms)
✔ G0 rejects historical arbitrary manifest (118.185291ms)
✔ G0 rejects missing actual check (117.867958ms)
✔ G0 rejects duplicate actual check (115.212291ms)
✔ G0 rejects failed check (113.674791ms)
✔ G0 rejects unexecuted check (113.924ms)
✔ G0 rejects wrong command (116.550708ms)
✔ G0 rejects source inventory drift (116.353166ms)
✔ G0 rejects planned scope delivered claim (116.451375ms)
✔ G0 rejects log tampering (115.012709ms)
✔ G0 rejects arbitrary rehashed prose (116.274291ms)
✔ G0 rejects wrong Web build source (124.951084ms)
✔ G0 rejects missing dependency (122.381709ms)
✔ G0 rejects dependency digest drift (121.673791ms)
✔ G0 rejects unready upstream (123.025583ms)
✔ G0 rejects hidden scope residual (116.451625ms)
✔ pending scope cannot incorporate an approval record (102.830333ms)
✔ legacy six-role records cannot grant current confirmation (116.476792ms)
✔ confirmed scope must bind current input digest (100.857667ms)
✔ confirmed scope requires the single user record (101.994417ms)
✔ dependency validation is actually invoked and failures propagate (121.765667ms)
✔ one document-bound current user confirmation replaces all role receipts (97.724459ms)
✔ CI must always validate engineering receipts and G0 negatives (0.089709ms)
✔ G0 rejects normative plan drift during execution before publishing (114.462334ms)
✔ G0 rejects code inventory drift during execution before publishing (117.556459ms)
✔ lifecycle metadata alone does not change normative G0 inputs (115.090917ms)
✔ real BFF baseline CLI matches its required G0 execution marker (83.804833ms)
✔ G0 worktree allows only lifecycle/evidence state "" (0.079583ms)
✔ G0 worktree allows only lifecycle/evidence state " M docs/SumAlpha-QuantOS-Development-Plan.md\n" (0.05975ms)
✔ G0 worktree allows only lifecycle/evidence state "M  docs/SumAlpha-QuantOS-Frontend-Development-Execution-Plan.md\n?? docs/audit/evidence/new/\n" (0.047917ms)
✔ G0 worktree allows only lifecycle/evidence state "?? docs/audit/report.md\n" (0.01475ms)
✔ G0 worktree rejects uncommitted functional input " M scripts/g0-development.mjs\n" (0.080375ms)
✔ G0 worktree rejects uncommitted functional input "M  apps/terminal/src/auth/flow.ts\n" (0.05075ms)
✔ G0 worktree rejects uncommitted functional input "?? bff/new.yaml\n" (0.032333ms)
✔ G0 worktree rejects uncommitted functional input "R  docs/audit/a.md -> scripts/backdoor.mjs\n" (0.029666ms)
✔ user-confirmed scope includes the normative G0 plan and excludes lifecycle metadata (105.910042ms)
✔ confirmation-only finalization refuses an absent user reply and cannot bless changed engineering inputs (123.560042ms)
✔ document-bound user reply finalizes the unchanged engineering checks without fabricating new execution (142.512ms)
✔ one current user confirmation validates all documented review dimensions (1.730209ms)
✔ user confirmation rejects assistant self-approval (0.583ms)
✔ user confirmation rejects unconfirmed draft (0.1625ms)
✔ user confirmation rejects workflow instruction alone (0.1575ms)
✔ user confirmation rejects missing user message (0.508417ms)
✔ user confirmation rejects missing identity (0.114833ms)
✔ user confirmation rejects old historical confirmation (0.107083ms)
✔ user confirmation rejects future confirmation (0.100583ms)
✔ user confirmation rejects wrong node (0.32475ms)
✔ user confirmation rejects wrong stage (0.211042ms)
✔ user confirmation rejects wrong input digest (0.185ms)
✔ user confirmation rejects wrong draft path (0.111167ms)
✔ user confirmation rejects parent traversal (0.118125ms)
✔ user confirmation rejects wrong document hash (0.096166ms)
✔ changed original user record is rejected even with unchanged scope (0.23775ms)
✔ rehashing a draft cannot authorize a different scope (0.4625ms)
✔ draft must retain every review dimension even with updated document hash (0.153791ms)
ℹ tests 59
ℹ suites 0
ℹ pass 59
ℹ fail 0
ℹ cancelled 0
ℹ skipped 0
ℹ todo 0
ℹ duration_ms 3948.374042
