✔ current PRE-01 artifacts satisfy the executable contract (5.22325ms)
✔ missing a page state fails closed (1.773209ms)
✔ invalid story priority fails closed (0.521334ms)
✔ missing traceability row fails closed (1.327542ms)
✔ published operation cannot regress to planned fails closed (1.6685ms)
✔ unknown role fails closed (0.447875ms)
✔ unknown route fails closed (0.50725ms)
✔ duplicate story fails closed (0.574333ms)
✔ missing flow stories fails closed (0.569666ms)
✔ missing flow scenarios fails closed (1.215167ms)
✔ unsafe proposal criterion fails closed (1.13425ms)
✔ unknown trace task fails closed (1.285792ms)
✔ unauthorized admin grant fails closed (1.116333ms)
✔ missing permission route fails closed (0.695042ms)
✔ phase-one P16 fails closed (0.0845ms)
✔ missing contract owner fails closed (1.159667ms)
✔ empty flow role fails closed (0.584167ms)
✔ empty flow route fails closed (0.594875ms)
✔ state label mismatch fails closed (0.833084ms)
✔ desktop-only story fails closed (0.425375ms)
✔ persistent offline cache fails closed (0.916292ms)
✔ admin domain permission fails closed (0.706666ms)
✔ missing page story fails closed (0.467916ms)
✔ cross-page route fails closed (0.479334ms)
✔ current G0 governance preserves history without granting current acceptance (1.487041ms)
✔ past-due G0 item cannot silently remain OPEN (0.655041ms)
✔ fabricated G0 acceptance fails against current checkpoint (0.619833ms)
✔ missing G0 leftover owner fails (0.58975ms)
✔ P05 cannot bind metadata download to an untraced audit export operation (1.907584ms)
✔ P21 cannot drop alert ownership from both ledger and trace while retaining the subscription (2.218625ms)
✔ unknown unlabelled operation in API register is rejected (1.7485ms)
✔ P05 quality alerts require C16 ownership on the consumer page (1.592542ms)
✔ API register rejects current version 1.4.0 (1.429542ms)
✔ API register rejects current version 99.99.0 (1.435583ms)
✔ published register row cannot omit API version (1.529667ms)
✔ published register row cannot omit generated mock version (1.498ms)
✔ all ten historical compatibility strategies cannot be cleared (0.774459ms)
✔ current disposition cannot drop a historical parent (0.987542ms)
✔ current disposition requires effective checkpoint deadline (0.8275ms)
✔ current disposition cannot claim target RELEASE completion (0.8315ms)
✔ current disposition requires nonempty compatibility strategy (0.751417ms)
✔ current disposition presentation must match structured source (1.0965ms)
✔ current deadline cannot defer DEVELOPMENT provider obligations to integration (0.946792ms)
ℹ tests 43
ℹ suites 0
ℹ pass 43
ℹ fail 0
ℹ cancelled 0
ℹ skipped 0
ℹ todo 0
ℹ duration_ms 139.289417
