✔ joint schedule is acyclic and preserves task/status boundaries (18.167083ms)
✔ restoring a complete R1 prerequisite for S2 services creates a rejected cycle (6.1455ms)
✔ research service waiting on its consumer page is rejected (5.582875ms)
✔ historical CORE:R04 to CORE:L04 probe now fails closed (5.249875ms)
✔ an early identity API cannot silently depend on later research services (6.906417ms)
✔ a provider cannot wait for the consumer frontend Gate (5.485834ms)
✔ removing S2 service admission from a core execution task is rejected (5.975709ms)
✔ S2 service Gate cannot omit TP12 advance evaluation (11.251958ms)
✔ I10 cannot drop testnet service admission even if metadata is edited with it (9.424292ms)
✔ a new or existing frontend cannot skip the full provider Gate (9.66725ms)
✔ G5 cannot be marked as closing in I4 before reconciliation (6.573458ms)
✔ moving the G1 block above I1 tasks is rejected (6.098542ms)
✔ milestone cannot omit its last child while retaining a Gate summary (6.136084ms)
✔ prose-only backend dependencies cannot drift from structured prerequisites (6.293459ms)
✔ core closure mapping cannot become an implicit service alias (5.898375ms)
✔ ACCEPTED checkpoint needs SHA and evidence, not only a green word (6.907584ms)
✔ accepted checkpoint evidence must resolve (2.913167ms)
✔ missing checkpoint and unknown dependency fail closed (7.751541ms)
✔ API windows cannot skip their preceding provider checkpoint (5.434541ms)
✔ UI windows cannot skip the preceding reconciliation window (5.747292ms)
✔ Web intake preserves the explicit no-model-review schema (1.786166ms)
✔ missing Web task fields still fail closed (1.606708ms)
✔ both plans must publish exactly the same stage contract (6.323458ms)
✔ changing both plans cannot defer correctness or functional deadlines to release (14.846083ms)
✔ both plans must retain every deferred release obligation (15.777583ms)
✔ tasks and checkpoints cannot omit, invent, or misclassify their stage gate (21.270708ms)
✔ release prerequisites cannot block either development or integration (14.117833ms)
✔ release gates cannot skip business closure or inherit the wrong stage (16.041916ms)
✔ historical ACCEPTED and completed tasks do not automatically become READY (12.282708ms)
✔ READY needs its own input digest and resolvable evidence (38.463792ms)
✔ unassessed stage gates cannot carry an apparent ready receipt (8.023291ms)
✔ BLOCKED retains failure evidence and digest without being counted as READY (16.51675ms)
✔ a READY chain needs READY prerequisites and its own evidence at every node (20.897459ms)
✔ stage readiness never substitutes for formal acceptance evidence (3.173ms)
✔ release READY requires formal acceptance and all functional prerequisites (9.575792ms)
✔ core intake follows the frontend audit-report format (7.166583ms)
✔ core review summary must be unique and link to audit evidence (9.446042ms)
✔ core shared task fields and existing window must stay consistent (16.443625ms)
ℹ tests 38
ℹ suites 0
ℹ pass 38
ℹ fail 0
ℹ cancelled 0
ℹ skipped 0
ℹ todo 0
ℹ duration_ms 430.1145
