✔ fully bound executed evidence is admitted (1.352792ms)
✔ Node spec reporter with successful executed assertions is admitted (0.3265ms)
✔ Node non-execution or failure summary is rejected: "# pass 0\n# fail 0\n" (0.466792ms)
✔ Node non-execution or failure summary is rejected: "# pass 21\n# fail 1\n" (0.179ms)
✔ Node non-execution or failure summary is rejected: "business assertions passed\n" (0.178917ms)
✔ Node non-execution or failure summary is rejected: "// # pass 21\n// # fail 0\n" (0.150792ms)
✔ comments-only replacement changes functional inputs is rejected (0.510875ms)
✔ unready dependency is rejected (0.172166ms)
✔ missing live execution is rejected (0.151375ms)
✔ evidence bytes changed is rejected (0.158083ms)
✔ compilation-only mutant rejection is rejected (0.539083ms)
✔ missing current export roots is rejected (0.299208ms)
✔ missing authentication matrix is rejected (0.272125ms)
✔ unexecuted target assertion is rejected (0.257542ms)
✔ dependency validator failed is rejected (0.110875ms)
✔ current BFF-FE-007 repository Gate passes (0.808666ms)
✔ redaction attestation deletion is rejected (1.523875ms)
✔ evidence cursor deletion is rejected (1.014958ms)
✔ export capability regression is rejected (1.038083ms)
✔ CSRF deletion is rejected (1.283708ms)
✔ recent-auth deletion is rejected (1.114208ms)
✔ idempotency deletion is rejected (1.028083ms)
✔ expired download response deletion is rejected (0.961833ms)
✔ download URL leakage through status is rejected (1.012667ms)
✔ watermark deletion is rejected (1.409667ms)
✔ dependency regression is rejected (0.256833ms)
ℹ tests 26
ℹ suites 0
ℹ pass 26
ℹ fail 0
ℹ cancelled 0
ℹ skipped 0
ℹ todo 0
ℹ duration_ms 110.942416
