
> @sumalpha/quantos@ build /private/var/folders/k8/_4hymb6j59s0c8xntb11ktmc0000gn/T/quantos-pre03-recheck-wthqbc5m
> pnpm -r build

Scope: 7 of 8 workspace projects
packages/config build$ rm -rf dist && tsc --project tsconfig.build.json
packages/ui build$ rm -rf dist && tsc --project tsconfig.build.json
packages/config build: Done
packages/ui build: Done
packages/platform build$ rm -rf dist && tsc --project tsconfig.build.json
packages/api-client build$ rm -rf dist && tsc --project tsconfig.build.json
packages/platform build: Done
packages/api-client build: Done
apps/website build$ next build && node ../../scripts/pre03-build-receipt.mjs website
packages/domain-ui build$ rm -rf dist && tsc --project tsconfig.build.json
packages/domain-ui build: Done
apps/website build:    ▲ Next.js 15.5.24
apps/website build:    - Environments: .env.local
apps/website build:    Creating an optimized production build ...
apps/website build:  ✓ Compiled successfully in 1371ms
apps/website build:    Linting and checking validity of types ...
apps/website build:    Collecting page data ...
apps/website build:    Generating static pages (0/12) ...
apps/website build:    Generating static pages (3/12) 
apps/website build:    Generating static pages (6/12) 
apps/website build:    Generating static pages (9/12) 
apps/website build:  ✓ Generating static pages (12/12)
apps/website build:    Finalizing page optimization ...
apps/website build:    Collecting build traces ...
apps/website build:    Exporting (0/2) ...
apps/website build:  ✓ Exporting (2/2)
apps/website build: Route (app)                                 Size  First Load JS
apps/website build: ┌ ○ /                                      146 B         103 kB
apps/website build: ├ ○ /_not-found                          1.01 kB         104 kB
apps/website build: ├ ○ /access-request                      2.33 kB         105 kB
apps/website build: ├ ○ /architecture-security                 146 B         103 kB
apps/website build: ├ ○ /docs                                 2.3 kB         105 kB
apps/website build: ├ ○ /login                                 146 B         103 kB
apps/website build: ├ ○ /product                               146 B         103 kB
apps/website build: ├ ○ /robots.txt                            146 B         103 kB
apps/website build: ├ ○ /sitemap.xml                           146 B         103 kB
apps/website build: └ ○ /use-cases                             146 B         103 kB
apps/website build: + First Load JS shared by all             103 kB
apps/website build:   ├ chunks/93-641809efeb57e9b9.js        46.8 kB
apps/website build:   ├ chunks/d35bb0e7-3679ef361d95d4f9.js  54.3 kB
apps/website build:   └ other shared chunks (total)          1.87 kB
apps/website build: ○  (Static)  prerendered as static content
apps/website build: Done
apps/terminal build$ next build && node ../../scripts/pre03-build-receipt.mjs terminal
apps/terminal build:    ▲ Next.js 15.5.24
apps/terminal build:    - Environments: .env.local
apps/terminal build:    Creating an optimized production build ...
apps/terminal build:  ✓ Compiled successfully in 1995ms
apps/terminal build:    Linting and checking validity of types ...
apps/terminal build:    Collecting page data ...
apps/terminal build:    Generating static pages (0/17) ...
apps/terminal build:    Generating static pages (4/17) 
apps/terminal build:    Generating static pages (8/17) 
apps/terminal build:    Generating static pages (12/17) 
apps/terminal build:  ✓ Generating static pages (17/17)
apps/terminal build:    Finalizing page optimization ...
apps/terminal build:    Collecting build traces ...
apps/terminal build:    Exporting (0/2) ...
apps/terminal build:  ✓ Exporting (2/2)
apps/terminal build: Route (app)                                 Size  First Load JS
apps/terminal build: ┌ ○ /                                      139 B         103 kB
apps/terminal build: ├ ○ /_not-found                            139 B         103 kB
apps/terminal build: ├ ○ /access-request                      2.79 kB         106 kB
apps/terminal build: ├ ○ /auth/callback                        3.3 kB         106 kB
apps/terminal build: ├ ○ /auth/deep-link                      2.35 kB         105 kB
apps/terminal build: ├ ○ /command                             6.73 kB         129 kB
apps/terminal build: ├ ○ /login                               3.32 kB         106 kB
apps/terminal build: ├ ○ /maintenance                           139 B         103 kB
apps/terminal build: ├ ○ /mfa                                 4.19 kB         107 kB
apps/terminal build: ├ ○ /offline                             1.59 kB         105 kB
apps/terminal build: ├ ○ /settings/browser                      132 B         131 kB
apps/terminal build: ├ ○ /settings/notifications                131 B         131 kB
apps/terminal build: ├ ○ /settings/profile                      132 B         131 kB
apps/terminal build: ├ ○ /settings/security                     132 B         131 kB
apps/terminal build: └ ○ /unauthorized                        1.74 kB         105 kB
apps/terminal build: + First Load JS shared by all             103 kB
apps/terminal build:   ├ chunks/93-641809efeb57e9b9.js        46.8 kB
apps/terminal build:   ├ chunks/d35bb0e7-3679ef361d95d4f9.js  54.3 kB
apps/terminal build:   └ other shared chunks (total)           1.9 kB
apps/terminal build: ○  (Static)  prerendered as static content
apps/terminal build: Done
