
> @sumalpha/quantos@ test:development-plans /private/var/folders/k8/_4hymb6j59s0c8xntb11ktmc0000gn/T/quantos-pre03-recheck-wthqbc5m
> node --test scripts/development-plan-order-negative.mjs

✔ joint schedule is acyclic and preserves task/status boundaries (8.981542ms)
✔ restoring a complete R1 prerequisite for S2 services creates a rejected cycle (4.161458ms)
✔ research service waiting on its consumer page is rejected (3.565791ms)
✔ historical CORE:R04 to CORE:L04 probe now fails closed (3.679084ms)
✔ an early identity API cannot silently depend on later research services (4.897167ms)
✔ a provider cannot wait for the consumer frontend Gate (3.561458ms)
✔ removing S2 service admission from a core execution task is rejected (3.86975ms)
✔ S2 service Gate cannot omit TP12 advance evaluation (3.841584ms)
✔ I10 cannot drop testnet service admission even if metadata is edited with it (4.311209ms)
✔ a new or existing frontend cannot skip the full provider Gate (4.096584ms)
✔ G5 cannot be marked as closing in I4 before reconciliation (4.0345ms)
✔ moving the G1 block above I1 tasks is rejected (3.866666ms)
✔ milestone cannot omit its last child while retaining a Gate summary (4.225375ms)
✔ prose-only backend dependencies cannot drift from structured prerequisites (4.269458ms)
✔ core closure mapping cannot become an implicit service alias (4.318167ms)
✔ ACCEPTED checkpoint needs SHA and evidence, not only a green word (4.329458ms)
✔ accepted checkpoint evidence must resolve (2.113583ms)
✔ missing checkpoint and unknown dependency fail closed (4.985667ms)
✔ API windows cannot skip their preceding provider checkpoint (3.714583ms)
✔ UI windows cannot skip the preceding reconciliation window (3.853166ms)
✔ Web intake preserves the explicit no-model-review schema (1.340459ms)
✔ missing Web task fields still fail closed (1.217125ms)
ℹ tests 22
ℹ suites 0
ℹ pass 22
ℹ fail 0
ℹ cancelled 0
ℹ skipped 0
ℹ todo 0
ℹ duration_ms 122.671959
