
> @sumalpha/quantos@ test:pre02 /private/var/folders/k8/_4hymb6j59s0c8xntb11ktmc0000gn/T/quantos-pre03-recheck-wthqbc5m
> pnpm --filter @sumalpha/ui test:pre02


> @sumalpha/ui@0.1.0 test:pre02 /private/var/folders/k8/_4hymb6j59s0c8xntb11ktmc0000gn/T/quantos-pre03-recheck-wthqbc5m/packages/ui
> node --test scripts/pre02-gate-negative.mjs

✔ current PRE-02 design-system contract passes (7.746542ms)
✔ renaming a required safety key fails even when the count stays at 18 (1.567125ms)
✔ missing state color mapping fails closed (1.320708ms)
✔ insufficient focus contrast is rejected (1.123042ms)
✔ missing readonly viewport is rejected (1.071458ms)
✔ deny cannot become success (1.251ms)
✔ mapped token paths must exist (0.799833ms)
✔ English safety semantics cannot be inverted (0.692875ms)
✔ all compact density values remain frozen (0.797084ms)
✔ focus width and path remain frozen (0.875542ms)
✔ breakpoint intervals cannot develop gaps (0.661333ms)
✔ typography and spacing must match the reviewed contract (0.85975ms)
✔ required component identity cannot be replaced (0.669584ms)
✔ comments do not supply executable Storybook configuration (0.689208ms)
✔ surface.2 contrast cannot be removed from the contract (0.785583ms)
✔ native reference viewport is not a prerequisite of the Web Gate (0.583709ms)
✔ disabled contrast rule cannot hide behind a matching comment (0.59425ms)
✔ readonly viewport dimensions cannot hide behind its identifier (0.756042ms)
✔ phase-two page cannot enter the Web component acceptance rows (0.578791ms)
✔ provider JSX outside the decorator cannot authorize empty decorators (0.594042ms)
✔ unexported configuration does not authorize a Storybook entry (0.587709ms)
✔ initial theme cannot contradict the dark default contract (0.598084ms)
✔ object spread cannot silently override required addons (0.72875ms)
✔ duplicate decorators cannot replace the validated provider tree (0.684125ms)
✔ dead JSX branches are not executed provider decorators (0.880792ms)
✔ provider attributes cannot be overwritten through JSX spreads (0.683542ms)
✔ provider-only JSX without the Story consumer is rejected (0.660125ms)
ℹ tests 27
ℹ suites 0
ℹ pass 27
ℹ fail 0
ℹ cancelled 0
ℹ skipped 0
ℹ todo 0
ℹ duration_ms 196.635208
