
> @sumalpha/quantos@ test:pre03 /private/var/folders/k8/_4hymb6j59s0c8xntb11ktmc0000gn/T/quantos-pre03-recheck-wthqbc5m
> node --test scripts/pre03-gate-negative.mjs

✔ current Web contract passes and never loads Desktop inputs (8.98175ms)
✔ apps/terminal rejects Next 15.5.23 (5.9575ms)
✔ apps/terminal rejects Next 16.0.0 (1.934542ms)
✔ apps/website rejects Next 15.5.23 (1.710625ms)
✔ apps/website rejects Next 16.0.0 (1.622292ms)
✔ missing package resolutions (1.94ms)
✔ missing snapshots (1.201ms)
✔ specifier drift (1.756875ms)
✔ dependency removed (1.879708ms)
✔ dependency inserted (1.92975ms)
✔ manifest drift fails without changing lock (0.952709ms)
✔ ADR drift fails (0.913417ms)
✔ duplicate ADR version row fails (0.827625ms)
✔ missing transitive snapshot fails (1.885792ms)
✔ Node pin drift fails (0.626167ms)
✔ effective Next configuration: valid export (227.659791ms)
✔ effective Next configuration: comment marker (227.884125ms)
✔ effective Next configuration: dead branch (231.674583ms)
✔ effective Next configuration: subsequent override (224.089875ms)
✔ effective Next configuration: function config (227.558375ms)
✔ bad route resources, fake HTML and script failures fail closed (11814.388459ms)
 ⚠ Installing TypeScript as it was not found while loading "next.config.ts".
 ⚠ Installing TypeScript as it was not found while loading "next.config.ts".
✔ Next-specific async client violation is an ESLint error (247.677667ms)
✔ build receipts reject stale source, config, identity and missing receipts (2.028625ms)
✔ source binding ignores caches but detects actual source changes (3.194291ms)
✔ all workspace importers and exact link targets are required (14.763792ms)
✔ runtime loader discovers omitted manifests independently of lockfile (18382.920958ms)
✔ per-app env files are isolated and reloaded without polluting caller (673.390875ms)
ℹ tests 27
ℹ suites 0
ℹ pass 27
ℹ fail 0
ℹ cancelled 0
ℹ skipped 0
ℹ todo 0
ℹ duration_ms 33082.317834
