✔ Auth timeout is retained before bounded successful retry (0.43525ms)
✔ persistent login timeout remains failure after exactly three attempts (0.690208ms)
✔ Auth denial, invalid body and explicit cancellation never retry (0.141875ms)
✔ known closed login transport can retry without recording credential text (0.123083ms)
✔ login budget cannot be extended beyond three attempts (0.326ms)
✔ only retained transport failures can precede actual login PASS (0.176791ms)
✔ missing, excessive and unfinished Auth attempts cannot establish acceptance (2.503167ms)
✔ actual-service receipt requires owned actor, confirmed session retirement and reaped PIDs (4.545416ms)
✔ F07 rejects active actor (0.6655ms)
✔ F07 rejects foreign actor (0.668708ms)
✔ F07 rejects foreign tenant (0.462959ms)
✔ F07 rejects no service cleanup (0.399625ms)
✔ F07 rejects reused PID (0.409833ms)
✔ F07 rejects unconfirmed logout (0.401417ms)
✔ F07 rejects missing logout (0.358417ms)
✔ F07 rejects cleanup failure (0.430208ms)
✔ F07 rejects cleanup after receipt (0.407958ms)
✔ all eight independently content-bound dependencies admit DEVELOPMENT only (26.115167ms)
✔ engineering aggregation preserves the sole pending user confirmation (16.232084ms)
✔ milestone rejects missing F0 (15.685083ms)
✔ milestone rejects missing PRE (16.098625ms)
✔ milestone rejects duplicate dependency (14.657709ms)
✔ milestone rejects unready F0 (13.783875ms)
✔ milestone rejects manifest bytes replaced (13.967083ms)
✔ milestone rejects digest substituted (12.979708ms)
✔ milestone rejects dependency path substituted (13.208167ms)
✔ milestone rejects dependency verdict substituted (13.899209ms)
✔ milestone rejects self manifest schema (14.947084ms)
✔ milestone rejects normative change (14.259666ms)
✔ milestone rejects source input change (13.975042ms)
✔ milestone rejects unexecuted check (14.058708ms)
✔ milestone rejects missing execution time (13.123416ms)
✔ milestone rejects missing required check (13.330875ms)
✔ milestone rejects duplicate check (13.1215ms)
✔ milestone rejects wrong command (13.285ms)
✔ milestone rejects log tampering (13.482542ms)
✔ milestone rejects rehashed prose (12.883333ms)
✔ milestone rejects external log path (13.392792ms)
✔ milestone rejects false formal acceptance (13.0585ms)
✔ milestone rejects aggregate claims database run (13.043625ms)
✔ milestone rejects hidden exclusions (12.850167ms)
✔ milestone rejects unresolved functional finding (12.931542ms)
✔ dependency validator is invoked and errors propagate (13.235125ms)
✔ fake READY cannot hide changed G0 scope (13.178833ms)
✔ arbitrary existing markdown cannot serve as a milestone receipt (0.112042ms)
✔ own arbitrary digest is rejected independently of dependency status (0.072583ms)
✔ F0 policy contains the six missing nodes and all eleven obligations (13.19175ms)
✔ production schema drift comparator rejects tables (0.169291ms)
✔ production schema drift comparator rejects columns (0.069875ms)
✔ production schema drift comparator rejects constraints (0.056083ms)
✔ production schema drift comparator rejects indexes (0.04075ms)
✔ production schema drift comparator rejects policies (0.047042ms)
✔ production schema drift comparator rejects routines (0.036541ms)
✔ production schema drift comparator rejects triggers (0.041792ms)
✔ 100-task recovery evidence cannot use 10-task diagnostic or accept P95 (1.03275ms)
✔ CI validates milestone disposition and preserves strict admission and negatives (5.52525ms)
✔ two closed initial connections are retained, closed, then the third succeeds before any statement (0.523708ms)
✔ persistent closure fails after three and retains every failure (0.782083ms)
✔ auth bootstrap failure never retries (0.156458ms)
✔ permission bootstrap failure never retries (0.10575ms)
✔ TLS bootstrap failure never retries (0.069ms)
✔ cancel bootstrap failure never retries (0.0555ms)
✔ unknown bootstrap failure never retries (0.060875ms)
✔ initial transport timeout retries but a later query error never reconnects (0.10675ms)
✔ failure to close an initial connection prevents retry (0.116916ms)
✔ budget cannot exceed three (0.21675ms)
✔ acceptance rejects missing, unfinished, reordered, semantic or unclosed attempts (2.61825ms)
✔ evidence-save failure closes the connected client and never reconnects (0.073375ms)
✔ valid source and execution-bound dependency chain is READY without release signatures (44.253708ms)
✔ missing required execution (32.475833ms)
✔ failed execution (30.888459ms)
✔ wrong actual command (29.821167ms)
✔ unresolved issue (23.55375ms)
✔ wrong node (22.389ms)
✔ missing source inventory (28.759333ms)
✔ plan scope changed (22.713084ms)
✔ outside log path (27.969375ms)
✔ wrong log digest (27.034333ms)
✔ missing dependency (27.280958ms)
✔ dependency digest substituted (27.257041ms)
✔ tampered manifest bytes are rejected (21.793833ms)
✔ changed source content is rejected despite unchanged gate digest (26.663667ms)
✔ dependency must independently be READY (27.109791ms)
✔ arbitrary log cannot masquerade as successful execution (30.55075ms)
✔ input file symlink cannot escape the repository (24.758333ms)
✔ database execution cannot be inferred from a normal local PASS (29.36925ms)
✔ Supabase target receipt verifies each compressed execution log (30.623875ms)
✔ source drift during execution invalidates the original input snapshot (38.028583ms)
✔ requirement drift during execution invalidates the original input snapshot (41.240958ms)
✔ controlled public development profile overrides stale values and preserves server inputs (0.114916ms)
✔ private credentials cannot be injected through a public development profile (0.094875ms)
✔ transient Auth 503 can retry only a complete target execution (0.106791ms)
✔ persistent target timeout never becomes PASS and stops at its budget (0.082292ms)
✔ semantic target failures stop without retry or PASS (0.02475ms)
✔ target retry budget cannot be unbounded (0.086208ms)
✔ configured target retries require explicit attempt outcomes in the receipt (30.698625ms)
✔ three successful full builds bind output inventories (0.358375ms)
✔ reproducibility rejects only two builds (0.101625ms)
✔ reproducibility rejects missing Python build (0.133833ms)
✔ reproducibility rejects failed command (0.123083ms)
✔ reproducibility rejects different output digest (0.08875ms)
✔ reproducibility rejects substituted inventory (0.06875ms)
✔ reproducibility rejects dirty source (0.060625ms)
✔ reproducibility rejects old source (0.056292ms)
✔ development policy retains explicit build, coverage, volume and target storage obligations (0.309542ms)
✔ static make commands cannot reload .env.local or inherit target database opt-ins (0.076625ms)
✔ volume retry restarts the complete check only on a closed PostgreSQL transport (0.050583ms)
✔ volume correctness and certificate errors cannot be retried into PASS (0.028083ms)
✔ persistent database transport failure stays failed at the retry limit (0.02725ms)
✔ separate assessment snapshot preserves historical manifests and binds its own logs (30.33775ms)
✔ third-party Git link binds the actual clean checkout and rejects dirty/advanced source (135.849708ms)
✔ transient read-only preflight connection closure retries the complete target (0.095666ms)
✔ preflight permission and role failures are not transport retries (0.05375ms)
✔ persistent preflight closure exhausts three attempts without PASS (0.057125ms)
ℹ tests 114
ℹ suites 0
ℹ pass 114
ℹ fail 0
ℹ cancelled 0
ℹ skipped 0
ℹ todo 0
ℹ duration_ms 859.895667
