✔ current BFF-FE-000 repository Gate passes (4.015375ms)
✔ missing phase-one page mapping is rejected (1.933167ms)
✔ published operation drift is rejected (2.912625ms)
✔ planned operation traceability deletion is rejected (2.520334ms)
✔ shared idempotency baseline deletion is rejected (2.73825ms)
✔ dependency regression is rejected (1.481ms)
✔ error correlation header deletion is rejected (2.32175ms)
✔ generated Zod export deletion is rejected (1.85575ms)
✔ missing staging permits development readiness and never claims formal acceptance (1.832167ms)
✔ stage deferral cannot bypass engineering failures, final receipt requirements or unknown stages (0.07075ms)
✔ final review command cannot be rewired to the development stage (4.809584ms)
✔ current semantic A1 gate passes (3.64625ms)
✔ rejects cookie semantic regression (2.865417ms)
✔ rejects idempotency semantic regression (3.24925ms)
✔ rejects sort semantic regression (3.196625ms)
✔ rejects page semantic regression (2.769042ms)
✔ rejects ci semantic regression (3.132958ms)
✔ rejects decimal semantic regression (2.446708ms)
✔ rejects version semantic regression (2.271708ms)
✔ rejects csrf semantic regression (2.318292ms)
✔ exact registered security correction is accepted only within its window (11.826833ms)
✔ unregistered breaking type, enum or missing baseline fails closed (24.464ms)
✔ new required parameters and constraints cannot silently bypass compatibility (1.054917ms)
✔ absent, invented and reference-only staging receipts never close A1 (0.535542ms)
✔ final receipt requires technical evidence plus one input-bound user confirmation (1.070167ms)
✔ optional property within an existing allOf is additive, required changes are rejected (0.124ms)
ℹ tests 26
ℹ suites 0
ℹ pass 26
ℹ fail 0
ℹ cancelled 0
ℹ skipped 0
ℹ todo 0
ℹ duration_ms 169.926083
