✔ formal gate rejects zero, one, two and noninteger runs (0.3605ms)
✔ all binaries participate in digest and omitted binary fails (3.320458ms)
✔ extra binary, missing wheel and stale/empty Web cannot pass output inventory (2.772667ms)
✔ manifest inventory cannot omit or add members (0.062166ms)
✔ dirty and untracked source rejected (56.319458ms)
✔ deleted module README is rejected (2.583458ms)
✔ wrong uv version fails toolchain preflight (16.006542ms)
✔ invalid locks fail real lock entrypoint (58.320167ms)
✔ Terminal default lint rejects a page TSX violation (961.567916ms)
✔ invalid run revokes old successful receipt (23.843583ms)
✔ Cargo manifest drift is rejected by actual lock gate (542.796ms)
✔ uv manifest drift is rejected by actual lock gate (606.91675ms)
✔ pnpm manifest drift is rejected by actual lock gate (824.46125ms)
✔ malformed Buf lock is rejected by actual lock gate (613.233958ms)
✔ broken Desktop is outside phase-one pnpm frozen check (291.307375ms)
✔ uv output marker is metadata, other unexpected files still fail (2.221208ms)
✔ build-only tool is required in output inventory without becoming a runtime binary (2.317042ms)
✔ pnpm frozen check rejects missing or changed patch bytes (631.200167ms)
✔ pnpm patch cannot read outside the repository (136.622042ms)
ℹ tests 19
ℹ suites 0
ℹ pass 19
ℹ fail 0
ℹ cancelled 0
ℹ skipped 0
ℹ todo 0
ℹ duration_ms 4809.593458
