node --test scripts/f02-gate-negative.mjs scripts/f02-a11-gate-negative.mjs scripts/playwright-git-history.test.mjs
✔ complete Linux matrix passes; deletion and pixel tampering fail (400.46975ms)
✔ acceptance never updates snapshots or skips missing snapshots (0.547375ms)
✔ only main signing and verification jobs receive the signing environment (10.183583ms)
✔ signing policy rejects missing protection, wildcards, tags and extra branches (0.184833ms)
✔ candidate import rejects tampering and stale source before writing, then imports the reviewed matrix (380.301583ms)
✔ required download check rejects skipped or failed event-specific verification (23.692875ms)
✔ PR receipts bind the checked out head while main signing stays on the event SHA (5.345958ms)
Verified 2 release files for aaaaaaaaaaaaaaaaaaaaaaaaaaaaaaaaaaaaaaaa
Verified 2 release files for aaaaaaaaaaaaaaaaaaaaaaaaaaaaaaaaaaaaaaaa
✔ real Gitleaks positive control and GitHub/Slack leaks (1632.948458ms)
✔ historical digest exceptions do not waive fresh credentials in audit JSON (1141.24375ms)
✔ RLS baseline rejects policy deletion and late disabling with recovery (182.556708ms)
✔ RLS preflight recognizes the actual ten-table A2 migration and rejects incomplete loops (136.701291ms)
✔ RLS literal loops preserve late disabling, NO FORCE and policy deletion (130.414208ms)
✔ RLS preflight cannot count conditional loops, comments, literals or function bodies as execution (149.788625ms)
✔ quoted SQL examples inside expanded policy expressions cannot enable RLS (21.997958ms)
✔ migration filename control, rejection and recovery (14.508084ms)
✔ waivers only authorize exact advisory/ecosystem/package/version before expiry (1.085167ms)
✔ license expression policy does not globally allow LGPL or unknown licenses (0.355667ms)
✔ release binds complete payload and SBOM to source; rejects corruption and build-only native files (2.918041ms)
✔ Buf compares against distinct historical source and detects removed fields (616.5195ms)
✔ SCA scanner adapter consumes exact waivers and never waives scanner failures (1708.00175ms)
✔ Playwright PR reporting preserves complete history for downstream security scans (1625.088042ms)
ℹ tests 21
ℹ suites 0
ℹ pass 21
ℹ fail 0
ℹ cancelled 0
ℹ skipped 0
ℹ todo 0
ℹ duration_ms 5781.770375
