Building wheel...
Successfully built artifacts/f08-target/wheels/quantos_mock_engine-0.1.0-py3-none-any.whl
Resolved 52 packages in 1ms
Uninstalled 37 packages in 115ms
Installed 8 packages in 5ms
 - boolean-py==5.0
 - cachecontrol==0.14.4
 - certifi==2026.7.22
 - charset-normalizer==3.5.1
 - cyclonedx-python-lib==9.1.0
 - defusedxml==0.7.1
 - filelock==4.0.0
 - hatchling==1.27.0
 - idna==3.19
 - license-expression==30.4.4
 - markdown-it-py==4.2.0
 - mdurl==0.1.2
 - msgpack==1.2.2
 - packageurl-python==0.17.6
 - pathspec==1.1.1
 - pip==26.2.1
 - pip-api==0.0.35
 - pip-audit==2.9.0
 - pip-requirements-parser==32.0.1
 - platformdirs==4.11.9
 - py-serializable==2.1.0
 - pyparsing==3.3.2
 ~ quantos-engine-sdk==0.1.0 (from file:///Users/anray/Documents/project/SumAlpha/QuantOS/engines/engine-sdk)
 ~ quantos-llmquant==0.1.0 (from file:///Users/anray/Documents/project/SumAlpha/QuantOS/engines/llmquant)
 ~ quantos-mock-engine==0.1.0 (from file:///Users/anray/Documents/project/SumAlpha/QuantOS/engines/mock-engine)
 ~ quantos-openbb-adapter==0.1.0 (from file:///Users/anray/Documents/project/SumAlpha/QuantOS/engines/openbb-adapter)
 ~ quantos-rd-agent==0.1.0 (from file:///Users/anray/Documents/project/SumAlpha/QuantOS/engines/rd-agent)
 ~ quantos-strategy-lab==0.1.0 (from file:///Users/anray/Documents/project/SumAlpha/QuantOS/engines/strategy-lab)
 ~ quantos-trading-agents==0.1.0 (from file:///Users/anray/Documents/project/SumAlpha/QuantOS/engines/trading-agents)
 ~ quantos-vibe-adapter==0.1.0 (from file:///Users/anray/Documents/project/SumAlpha/QuantOS/engines/vibe-adapter)
 - requests==2.34.2
 - rich==15.0.0
 - sortedcontainers==2.4.0
 - toml==0.10.2
 - tomli==2.2.1
 - trove-classifiers==2026.6.1.19
 - urllib3==2.8.0
{
  "sourceCommit": "2faef8ea05517d7bb77abde0fc0d0a8299a77308",
  "environment": "local-isolated-process-diagnostic",
  "cases": [
    {
      "id": "five_rpc_and_tenant_denial",
      "status": "PASS"
    },
    {
      "id": "three_supervised_crashes",
      "status": "PASS"
    },
    {
      "id": "deadline_two_seconds",
      "status": "PASS"
    },
    {
      "id": "running_cancel",
      "status": "PASS"
    },
    {
      "id": "durable_reconstruction",
      "status": "PASS"
    },
    {
      "id": "manager_os_kill_and_replay_policy",
      "status": "PASS"
    },
    {
      "id": "idempotency_and_changed_input",
      "status": "PASS"
    },
    {
      "id": "sidecar_artifact_integrity",
      "status": "PASS"
    },
    {
      "id": "untrusted_rpc_rejection",
      "status": "PASS"
    }
  ],
  "status": "PASS"
}
Resolved 52 packages in 2ms
Uninstalled 8 packages in 13ms
Installed 8 packages in 5ms
 ~ quantos-engine-sdk==0.1.0 (from file:///Users/anray/Documents/project/SumAlpha/QuantOS/engines/engine-sdk)
 ~ quantos-llmquant==0.1.0 (from file:///Users/anray/Documents/project/SumAlpha/QuantOS/engines/llmquant)
 ~ quantos-mock-engine==0.1.0 (from file:///Users/anray/Documents/project/SumAlpha/QuantOS/engines/mock-engine)
 ~ quantos-openbb-adapter==0.1.0 (from file:///Users/anray/Documents/project/SumAlpha/QuantOS/engines/openbb-adapter)
 ~ quantos-rd-agent==0.1.0 (from file:///Users/anray/Documents/project/SumAlpha/QuantOS/engines/rd-agent)
 ~ quantos-strategy-lab==0.1.0 (from file:///Users/anray/Documents/project/SumAlpha/QuantOS/engines/strategy-lab)
 ~ quantos-trading-agents==0.1.0 (from file:///Users/anray/Documents/project/SumAlpha/QuantOS/engines/trading-agents)
 ~ quantos-vibe-adapter==0.1.0 (from file:///Users/anray/Documents/project/SumAlpha/QuantOS/engines/vibe-adapter)
