   Compiling quantos-proto v0.1.0 (/Users/anray/Documents/project/SumAlpha/QuantOS/crates/quantos-proto)
   Compiling quantos-engine-manager v0.1.0 (/Users/anray/Documents/project/SumAlpha/QuantOS/crates/quantos-engine-manager)
   Compiling quantos-runtime v0.1.0 (/Users/anray/Documents/project/SumAlpha/QuantOS/crates/quantos-runtime)
   Compiling quantos-observability v0.1.0 (/Users/anray/Documents/project/SumAlpha/QuantOS/crates/quantos-observability)
   Compiling capacity-monitor v0.1.0 (/Users/anray/Documents/project/SumAlpha/QuantOS/services/capacity-monitor)
    Finished `dev` profile [unoptimized + debuginfo] target(s) in 5.14s
   Compiling portfolio-rebuild v0.1.0 (/Users/anray/Documents/project/SumAlpha/QuantOS/services/portfolio-rebuild)
    Finished `dev` profile [unoptimized + debuginfo] target(s) in 1.64s
F09 scheduler smoke PASS: 2 real Supabase missing-coverage ticks
QUANTOS_RUN_F09_POSTGRES_TESTS=1 cargo test -p quantos-observability --test postgres_capacity_monitor --locked -- --test-threads=1 --skip restricted_runtime_role_records_only_real_storage_outcomes --nocapture

running 3 tests
test fault_proxy_retries_real_postgres_event_and_consumer_chain ... ok
test live_database_session_termination_preserves_ordered_event_chain ... ok
test live_metrics_drive_restart_safe_windows_persist_alerts_and_build_adr_evidence ... ok

test result: ok. 3 passed; 0 failed; 0 ignored; 0 measured; 1 filtered out; finished in 268.54s

   Compiling quantos-proto v0.1.0 (/Users/anray/Documents/project/SumAlpha/QuantOS/crates/quantos-proto)
   Compiling quantos-engine-manager v0.1.0 (/Users/anray/Documents/project/SumAlpha/QuantOS/crates/quantos-engine-manager)
   Compiling quantos-runtime v0.1.0 (/Users/anray/Documents/project/SumAlpha/QuantOS/crates/quantos-runtime)
   Compiling quantos-observability v0.1.0 (/Users/anray/Documents/project/SumAlpha/QuantOS/crates/quantos-observability)
    Finished `test` profile [unoptimized + debuginfo] target(s) in 5.95s
     Running tests/postgres_capacity_monitor.rs (target/debug/deps/postgres_capacity_monitor-9574dfcf6ab1c033)
F09 database termination recovered; correlation=01a10ec6-c2cc-78c1-ac3f-d5c01db88f82; ordered_events=2
F09 capacity continuity tick 0/17
F09 capacity continuity tick 3/17
F09 capacity continuity tick 6/17
F09 capacity continuity tick 9/17
F09 capacity continuity tick 12/17
F09 capacity continuity tick 15/17

running 1 test
test f09_portfolio_and_risk_queries_persist_actual_latency_samples ... ok

test result: ok. 1 passed; 0 failed; 0 ignored; 0 measured; 1 filtered out; finished in 11.57s

    Finished `test` profile [unoptimized + debuginfo] target(s) in 0.08s
     Running tests/postgres_portfolio.rs (target/debug/deps/postgres_portfolio-6f684ef8228c8a8c)

running 1 test
test live::f09_live_tests::real_logout_db_write_matches_persistent_trace ... F09 BFF real session revoke and persistent trace share correlation_id=01a10eca-bd12-7cf2-bd73-e04163e84fcb
ok

test result: ok. 1 passed; 0 failed; 0 ignored; 0 measured; 14 filtered out; finished in 6.80s

    Finished `test` profile [unoptimized + debuginfo] target(s) in 0.09s
     Running unittests src/lib.rs (target/debug/deps/bff_gateway-68c4eb783de3751f)

running 1 test
F09 Runtime persisted run and trace share correlation_id=01a10eca-ef7c-7033-a04b-8553f560561f
test live::tests::f09_runtime_real_write_trace ... ok

test result: ok. 1 passed; 0 failed; 0 ignored; 0 measured; 9 filtered out; finished in 14.96s

   Compiling runtime-gateway v0.1.0 (/Users/anray/Documents/project/SumAlpha/QuantOS/services/runtime-gateway)
    Finished `test` profile [unoptimized + debuginfo] target(s) in 1.11s
     Running unittests src/main.rs (target/debug/deps/runtime_gateway-1b2dfe6edba358ee)
{"event":"F09_PORTFOLIO_WRITE_TRACE_PASS","correlationId":"01a10ecb-12aa-70c0-ae09-2edb31e5854a","snapshotHash":"sha256:2081d8c86e1a95ae74d66be445e82db83a81e22d36bad8fc3d843640e2d416c1","lastEventSequence":23,"positionCount":3}

running 1 test
test manager_supervises_three_real_crashes_without_test_owned_restarts ... ok

test result: ok. 1 passed; 0 failed; 0 ignored; 0 measured; 24 filtered out; finished in 0.77s

   Compiling quantos-proto v0.1.0 (/Users/anray/Documents/project/SumAlpha/QuantOS/crates/quantos-proto)
   Compiling quantos-engine-manager v0.1.0 (/Users/anray/Documents/project/SumAlpha/QuantOS/crates/quantos-engine-manager)
    Finished `test` profile [unoptimized + debuginfo] target(s) in 14.03s
     Running tests/python_mock_engine.rs (target/debug/deps/python_mock_engine-a14b3ed6aaf7410e)
