✔ all eight independently content-bound dependencies admit DEVELOPMENT only (18.106041ms)
✔ engineering aggregation preserves the sole pending user confirmation (9.3425ms)
✔ milestone rejects missing F0 (8.151583ms)
✔ milestone rejects missing PRE (8.430625ms)
✔ milestone rejects duplicate dependency (8.14825ms)
✔ milestone rejects unready F0 (8.014625ms)
✔ milestone rejects manifest bytes replaced (7.632375ms)
✔ milestone rejects digest substituted (7.385209ms)
✔ milestone rejects dependency path substituted (7.195125ms)
✔ milestone rejects dependency verdict substituted (6.977166ms)
✔ milestone rejects self manifest schema (7.028875ms)
✔ milestone rejects normative change (7.237208ms)
✔ milestone rejects source input change (7.205ms)
✔ milestone rejects unexecuted check (8.781083ms)
✔ milestone rejects missing execution time (7.288541ms)
✔ milestone rejects missing required check (7.743666ms)
✔ milestone rejects duplicate check (7.143708ms)
✔ milestone rejects wrong command (7.21275ms)
✔ milestone rejects log tampering (7.228084ms)
✔ milestone rejects rehashed prose (7.019917ms)
✔ milestone rejects external log path (6.876916ms)
✔ milestone rejects false formal acceptance (6.813ms)
✔ milestone rejects aggregate claims database run (6.636291ms)
✔ milestone rejects hidden exclusions (6.914625ms)
✔ milestone rejects unresolved functional finding (6.84875ms)
✔ dependency validator is invoked and errors propagate (7.065625ms)
✔ fake READY cannot hide changed G0 scope (6.843291ms)
✔ arbitrary existing markdown cannot serve as a milestone receipt (0.108375ms)
✔ own arbitrary digest is rejected independently of dependency status (0.063625ms)
✔ F0 policy contains the six missing nodes and all eleven obligations (7.0135ms)
✔ production schema drift comparator rejects tables (0.106666ms)
✔ production schema drift comparator rejects columns (0.050167ms)
✔ production schema drift comparator rejects constraints (0.0465ms)
✔ production schema drift comparator rejects indexes (0.039833ms)
✔ production schema drift comparator rejects policies (0.035667ms)
✔ production schema drift comparator rejects routines (0.030459ms)
✔ production schema drift comparator rejects triggers (0.042417ms)
✔ 100-task recovery evidence cannot use 10-task diagnostic or accept P95 (0.897542ms)
✔ CI consumes the full milestone engineering validator and its negatives (0.063583ms)
ℹ tests 39
ℹ suites 0
ℹ pass 39
ℹ fail 0
ℹ cancelled 0
ℹ skipped 0
ℹ todo 0
ℹ duration_ms 274.205334
