
> @sumalpha/quantos@ test:pre06 /Users/anray/Documents/project/SumAlpha/QuantOS
> node --test scripts/pre06-gate-negative.mjs scripts/pre06-runtime-negative.mjs

✔ current PRE-06 Web baseline passes (24.708167ms)
✔ website browser Gate deletion is rejected (9.567208ms)
✔ Desktop coupling in phase-one compatibility is rejected (7.815791ms)
✔ Desktop deep-link inclusion in phase-one Terminal is rejected (7.100667ms)
✔ generated operation coverage drift is rejected (6.208875ms)
✔ visual baseline integrity failure is rejected (5.678292ms)
✔ performance budget weakening is rejected (5.250333ms)
✔ disabled CI steps and comment-only commands are rejected (15.913125ms)
✔ contract assertion deletion and visual comparison deletion fail closed (9.510625ms)
✔ website performance and critical coverage gates cannot be removed (10.035042ms)
✔ CI retry policy must reject flaky outcomes and archive failure evidence (10.065625ms)
✔ comments cannot restore weakened budget or critical coverage policy (14.366542ms)
✔ skipped suites and inactive screenshot assertions cannot satisfy the baseline (35.951666ms)
✔ critical contract callbacks cannot return early, hide assertions, or remove runtime counting (21.825208ms)
✔ unknown and corrupted fixtures are rejected, explicit sabotage fixtures remain expected failures (28.928458ms)
✔ empty assets and empty route manifest are never a zero-sized performance PASS (28.013542ms)
✔ actual CI configs return nonzero for first-fail-then-pass policy probe (1230.489458ms)
ℹ tests 17
ℹ suites 0
ℹ pass 17
ℹ fail 0
ℹ cancelled 0
ℹ skipped 0
ℹ todo 0
ℹ duration_ms 1334.036834
