
> @sumalpha/quantos@ test:pre03 /Users/anray/Documents/project/SumAlpha/QuantOS
> node --test scripts/pre03-gate-negative.mjs

✔ current Web contract passes and never loads Desktop inputs (8.145542ms)
✔ apps/terminal rejects Next 15.5.23 (5.139958ms)
✔ apps/terminal rejects Next 16.0.0 (1.904917ms)
✔ apps/website rejects Next 15.5.23 (1.5875ms)
✔ apps/website rejects Next 16.0.0 (1.513ms)
✔ missing package resolutions (1.753625ms)
✔ missing snapshots (1.100417ms)
✔ specifier drift (1.653875ms)
✔ dependency removed (1.699292ms)
✔ dependency inserted (1.763958ms)
✔ manifest drift fails without changing lock (0.816625ms)
✔ ADR drift fails (0.7455ms)
✔ duplicate ADR version row fails (0.614666ms)
✔ missing transitive snapshot fails (1.612208ms)
✔ Node pin drift fails (0.561541ms)
✔ effective Next configuration: valid export (209.975ms)
✔ effective Next configuration: comment marker (210.29575ms)
✔ effective Next configuration: dead branch (208.608958ms)
✔ effective Next configuration: subsequent override (210.697166ms)
✔ effective Next configuration: function config (210.325416ms)
✔ bad route resources, fake HTML and script failures fail closed (11814.147458ms)
✔ Next-specific async client violation is an ESLint error (249.039083ms)
✔ build receipts reject stale source, config, identity and missing receipts (1.992292ms)
✔ source binding ignores caches but detects actual source changes (3.396833ms)
✔ all workspace importers and exact link targets are required (12.803ms)
✔ runtime loader discovers omitted manifests independently of lockfile (508.43ms)
✔ per-app env files are isolated and reloaded without polluting caller (655.995166ms)
ℹ tests 27
ℹ suites 0
ℹ pass 27
ℹ fail 0
ℹ cancelled 0
ℹ skipped 0
ℹ todo 0
ℹ duration_ms 15016.217667
