
> @sumalpha/quantos@ test:pre02 /Users/anray/Documents/project/SumAlpha/QuantOS
> pnpm --filter @sumalpha/ui test:pre02


> @sumalpha/ui@0.1.0 test:pre02 /Users/anray/Documents/project/SumAlpha/QuantOS/packages/ui
> node --test scripts/pre02-gate-negative.mjs

✔ current PRE-02 design-system contract passes (7.690541ms)
✔ renaming a required safety key fails even when the count stays at 18 (1.607084ms)
✔ missing state color mapping fails closed (1.247833ms)
✔ insufficient focus contrast is rejected (1.101959ms)
✔ missing readonly viewport is rejected (1.025ms)
✔ deny cannot become success (1.203666ms)
✔ mapped token paths must exist (0.79875ms)
✔ English safety semantics cannot be inverted (0.703458ms)
✔ all compact density values remain frozen (0.768417ms)
✔ focus width and path remain frozen (0.861625ms)
✔ breakpoint intervals cannot develop gaps (0.671542ms)
✔ typography and spacing must match the reviewed contract (0.7965ms)
✔ required component identity cannot be replaced (0.598083ms)
✔ comments do not supply executable Storybook configuration (0.69775ms)
✔ surface.2 contrast cannot be removed from the contract (0.614959ms)
✔ native reference viewport is not a prerequisite of the Web Gate (0.565209ms)
✔ disabled contrast rule cannot hide behind a matching comment (0.590834ms)
✔ readonly viewport dimensions cannot hide behind its identifier (0.689417ms)
✔ phase-two page cannot enter the Web component acceptance rows (0.570958ms)
✔ provider JSX outside the decorator cannot authorize empty decorators (0.708792ms)
✔ unexported configuration does not authorize a Storybook entry (0.654875ms)
✔ initial theme cannot contradict the dark default contract (0.633167ms)
✔ object spread cannot silently override required addons (0.730416ms)
✔ duplicate decorators cannot replace the validated provider tree (0.678958ms)
✔ dead JSX branches are not executed provider decorators (1.434042ms)
✔ provider attributes cannot be overwritten through JSX spreads (0.808791ms)
✔ provider-only JSX without the Story consumer is rejected (0.668542ms)
ℹ tests 27
ℹ suites 0
ℹ pass 27
ℹ fail 0
ℹ cancelled 0
ℹ skipped 0
ℹ todo 0
ℹ duration_ms 191.353375
