
> @sumalpha/quantos@ test:pre04 /Users/anray/Documents/project/SumAlpha/QuantOS
> node --test scripts/pre04-gate-negative.mjs

✔ current full phase-one inventory passes (10.480625ms)
✔ missing Gap is rejected (4.772417ms)
✔ undecided realtime dependency is rejected (4.703583ms)
✔ deleted required actorId field is rejected (3.83275ms)
✔ nonexistent field source is rejected (3.878042ms)
✔ wrong field type and optionality are rejected (4.316041ms)
✔ generated operation deletion is rejected (3.771166ms)
✔ generated method and path drift are rejected (7.2185ms)
✔ same-count schema rename is rejected (3.045625ms)
✔ schema required and enum drift are rejected (7.788167ms)
✔ same-count Proto message rename is rejected (3.818417ms)
✔ removed Proto declaration is rejected (3.609125ms)
✔ same-count JSON Schema replacement is rejected (3.998542ms)
✔ duplicate contract row is rejected before Map collapse (3.568542ms)
✔ duplicate Gap row is rejected before Map collapse (3.491292ms)
✔ nonexistent role owner is rejected (3.83025ms)
✔ nonexistent backend task is rejected (4.019333ms)
✔ nonexistent BFF task is rejected (3.630792ms)
✔ unknown Gap page is rejected (3.65675ms)
✔ each missing website P0 page is rejected (17.095625ms)
✔ missing auxiliary risk/audit/order contract is rejected (10.95875ms)
✔ closing partly published Gap is rejected (4.440708ms)
✔ omitting planned operation is rejected (3.7635ms)
✔ unpublished Inventory Fixture cannot claim Implemented (3.491125ms)
✔ generated-only contract cannot claim Integrated (3.857834ms)
✔ missing provider evidence is rejected (3.428208ms)
✔ changed provider receipt is rejected (3.616167ms)
✔ missing Inventory Fixture is rejected (4.475375ms)
✔ Desktop contamination is rejected by Web inventory (4.18875ms)
✔ nonexistent domain field mappings including the former engine-version anchor are rejected (8.376042ms)
✔ removed referenced core task is rejected (4.09525ms)
✔ catalog source drift is rejected (4.021292ms)
✔ empty implementation artifact lists are rejected for every implemented contract (10.278583ms)
✔ each missing implementation evidence category is rejected (33.946417ms)
✔ duplicate artifacts cannot substitute for test or receipt evidence (3.8545ms)
✔ another contract receipt cannot substitute for required evidence (3.722916ms)
✔ unknown task suffixes are rejected in both backend task columns (21.325875ms)
✔ ambiguous cross-prefix ranges cannot impersonate reviewed backend tasks (6.851459ms)
ℹ tests 38
ℹ suites 0
ℹ pass 38
ℹ fail 0
ℹ cancelled 0
ℹ skipped 0
ℹ todo 0
ℹ duration_ms 341.3805
