
> @sumalpha/quantos@ test:pre01 /Users/anray/Documents/project/SumAlpha/QuantOS
> node --test ./scripts/tests/check-pre01.test.mjs

✔ current PRE-01 artifacts satisfy the executable contract (5.429791ms)
✔ missing a page state fails closed (1.743791ms)
✔ invalid story priority fails closed (0.518125ms)
✔ missing traceability row fails closed (1.34825ms)
✔ published operation cannot regress to planned fails closed (1.597875ms)
✔ unknown role fails closed (0.461167ms)
✔ unknown route fails closed (0.516916ms)
✔ duplicate story fails closed (0.549667ms)
✔ missing flow stories fails closed (0.548916ms)
✔ missing flow scenarios fails closed (1.173209ms)
✔ unsafe proposal criterion fails closed (1.125417ms)
✔ unknown trace task fails closed (1.283625ms)
✔ unauthorized admin grant fails closed (1.049792ms)
✔ missing permission route fails closed (0.698083ms)
✔ phase-one P16 fails closed (0.086667ms)
✔ missing contract owner fails closed (1.082583ms)
✔ empty flow role fails closed (0.568333ms)
✔ empty flow route fails closed (0.5755ms)
✔ state label mismatch fails closed (0.823833ms)
✔ desktop-only story fails closed (0.42775ms)
✔ persistent offline cache fails closed (0.910292ms)
✔ admin domain permission fails closed (0.726042ms)
✔ missing page story fails closed (0.464125ms)
✔ cross-page route fails closed (0.475667ms)
✔ current G0 governance preserves history without granting current acceptance (3.159417ms)
✔ past-due G0 item cannot silently remain OPEN (0.612833ms)
✔ fabricated G0 acceptance fails against current checkpoint (0.534709ms)
✔ missing G0 leftover owner fails (0.54475ms)
✔ P05 cannot bind metadata download to an untraced audit export operation (1.859667ms)
✔ P21 cannot drop alert ownership from both ledger and trace while retaining the subscription (2.026292ms)
✔ unknown unlabelled operation in API register is rejected (1.608208ms)
✔ P05 quality alerts require C16 ownership on the consumer page (1.502542ms)
✔ API register rejects current version 1.4.0 (1.438792ms)
✔ API register rejects current version 99.99.0 (1.397375ms)
✔ published register row cannot omit API version (1.491125ms)
✔ published register row cannot omit generated mock version (1.485042ms)
✔ all ten historical compatibility strategies cannot be cleared (0.681375ms)
✔ current disposition cannot drop a historical parent (0.888042ms)
✔ current disposition requires effective checkpoint deadline (0.766917ms)
✔ current disposition cannot claim target RELEASE completion (0.976917ms)
✔ current disposition requires nonempty compatibility strategy (0.736708ms)
✔ current disposition presentation must match structured source (0.738875ms)
✔ current deadline cannot defer DEVELOPMENT provider obligations to integration (0.809084ms)
ℹ tests 43
ℹ suites 0
ℹ pass 43
ℹ fail 0
ℹ cancelled 0
ℹ skipped 0
ℹ todo 0
ℹ duration_ms 140.326375
