Validated 6 pinned Buf plugins and locked generation workflow.
✔ proto generation configuration is pinned and lock-preserving (35.650209ms)
✔ proto generation configuration rejects an unpinned remote plugin (35.487625ms)
✔ proto generation configuration rejects implicit dependency updates (35.258792ms)
ℹ tests 3
ℹ suites 0
ℹ pass 3
ℹ fail 0
ℹ cancelled 0
ℹ skipped 0
ℹ todo 0
ℹ duration_ms 136.763917
Extracted 50 JSON schema documents.
Validated 50 standalone JSON schemas and 11 planned domain schemas.
✔ standalone JSON schema gate passes the complete generated catalog (131.559666ms)
✔ standalone JSON schema gate rejects a missing planned domain schema (44.920792ms)
✔ standalone JSON schema gate rejects an unresolved reference (123.424958ms)
ℹ tests 3
ℹ suites 0
ℹ pass 3
ℹ fail 0
ℹ cancelled 0
ℹ skipped 0
ℹ todo 0
ℹ duration_ms 333.62875
Proto compatibility checked against e0e9cbc649ffd610cfa5ee7e576117ce70c6bae5
Proto checks passed.
