
> @sumalpha/quantos@ test:provider-a1 /Users/anray/Documents/project/SumAlpha/QuantOS
> node --test scripts/provider-a1-receipts.test.mjs

✔ valid source and execution-bound dependency chain is READY without release signatures (37.64125ms)
✔ missing required execution (28.4235ms)
✔ failed execution (26.312709ms)
✔ wrong actual command (26.039625ms)
✔ unresolved issue (21.108583ms)
✔ wrong node (23.163708ms)
✔ missing source inventory (26.51275ms)
✔ plan scope changed (22.791125ms)
✔ outside log path (26.672375ms)
✔ wrong log digest (26.738542ms)
✔ missing dependency (26.47ms)
✔ dependency digest substituted (26.087334ms)
✔ tampered manifest bytes are rejected (20.521125ms)
✔ changed source content is rejected despite unchanged gate digest (25.056583ms)
✔ dependency must independently be READY (24.164208ms)
✔ arbitrary log cannot masquerade as successful execution (24.334083ms)
✔ input file symlink cannot escape the repository (24.8085ms)
✔ database execution cannot be inferred from a normal local PASS (31.538667ms)
✔ Supabase target receipt verifies each compressed execution log (31.986791ms)
✔ source drift during execution invalidates the original input snapshot (47.025292ms)
✔ requirement drift during execution invalidates the original input snapshot (59.430709ms)
✔ controlled public development profile overrides stale values and preserves server inputs (0.139917ms)
✔ private credentials cannot be injected through a public development profile (0.090208ms)
✔ transient Auth 503 can retry only a complete target execution (0.093083ms)
✔ persistent target timeout never becomes PASS and stops at its budget (0.071959ms)
✔ semantic target failures stop without retry or PASS (0.022958ms)
✔ target retry budget cannot be unbounded (0.104083ms)
✔ configured target retries require explicit attempt outcomes in the receipt (36.770708ms)
✔ three successful full builds bind output inventories (0.359ms)
✔ reproducibility rejects only two builds (0.106167ms)
✔ reproducibility rejects missing Python build (0.13675ms)
✔ reproducibility rejects failed command (0.129416ms)
✔ reproducibility rejects different output digest (0.093583ms)
✔ reproducibility rejects substituted inventory (0.070292ms)
✔ reproducibility rejects dirty source (0.056583ms)
✔ reproducibility rejects old source (0.060666ms)
✔ development policy retains explicit build, coverage, volume and target storage obligations (0.299584ms)
✔ static make commands cannot reload .env.local or inherit target database opt-ins (0.081167ms)
✔ volume retry restarts the complete check only on a closed PostgreSQL transport (0.049291ms)
✔ volume correctness and certificate errors cannot be retried into PASS (0.029083ms)
✔ persistent database transport failure stays failed at the retry limit (0.024459ms)
✔ separate assessment snapshot preserves historical manifests and binds its own logs (34.42825ms)
✔ third-party Git link binds the actual clean checkout and rejects dirty/advanced source (142.7835ms)
ℹ tests 43
ℹ suites 0
ℹ pass 43
ℹ fail 0
ℹ cancelled 0
ℹ skipped 0
ℹ todo 0
ℹ duration_ms 862.654333
