✔ fully bound executed evidence is admitted (1.321666ms)
✔ Node spec reporter with successful executed assertions is admitted (0.299167ms)
✔ Node non-execution or failure summary is rejected: "# pass 0\n# fail 0\n" (0.4645ms)
✔ Node non-execution or failure summary is rejected: "# pass 21\n# fail 1\n" (0.172542ms)
✔ Node non-execution or failure summary is rejected: "business assertions passed\n" (0.16825ms)
✔ Node non-execution or failure summary is rejected: "// # pass 21\n// # fail 0\n" (0.149208ms)
✔ comments-only replacement changes functional inputs is rejected (0.515459ms)
✔ unready dependency is rejected (0.161666ms)
✔ missing live execution is rejected (0.150333ms)
✔ evidence bytes changed is rejected (0.180084ms)
✔ compilation-only mutant rejection is rejected (0.526625ms)
✔ missing current export roots is rejected (0.350875ms)
✔ missing authentication matrix is rejected (0.252958ms)
✔ unexecuted target assertion is rejected (0.172417ms)
✔ dependency validator failed is rejected (0.098166ms)
✔ current BFF-FE-007 repository Gate passes (0.848125ms)
✔ redaction attestation deletion is rejected (1.419916ms)
✔ evidence cursor deletion is rejected (1.028208ms)
✔ export capability regression is rejected (1.085875ms)
✔ CSRF deletion is rejected (1.006416ms)
✔ recent-auth deletion is rejected (0.997542ms)
✔ idempotency deletion is rejected (1.052334ms)
✔ expired download response deletion is rejected (0.992167ms)
✔ download URL leakage through status is rejected (1.071709ms)
✔ watermark deletion is rejected (1.11825ms)
✔ dependency regression is rejected (0.215833ms)
ℹ tests 26
ℹ suites 0
ℹ pass 26
ℹ fail 0
ℹ cancelled 0
ℹ skipped 0
ℹ todo 0
ℹ duration_ms 108.344583
