
> @sumalpha/quantos@ test:development-plans /Users/anray/Documents/project/SumAlpha/QuantOS
> node --test scripts/development-plan-order-negative.mjs

✔ joint schedule is acyclic and preserves task/status boundaries (9.983667ms)
✔ restoring a complete R1 prerequisite for S2 services creates a rejected cycle (4.507625ms)
✔ research service waiting on its consumer page is rejected (4.242125ms)
✔ historical CORE:R04 to CORE:L04 probe now fails closed (3.906875ms)
✔ an early identity API cannot silently depend on later research services (5.002333ms)
✔ a provider cannot wait for the consumer frontend Gate (3.52975ms)
✔ removing S2 service admission from a core execution task is rejected (3.741917ms)
✔ S2 service Gate cannot omit TP12 advance evaluation (3.87275ms)
✔ I10 cannot drop testnet service admission even if metadata is edited with it (4.331917ms)
✔ a new or existing frontend cannot skip the full provider Gate (4.063792ms)
✔ G5 cannot be marked as closing in I4 before reconciliation (4.266333ms)
✔ moving the G1 block above I1 tasks is rejected (4.077875ms)
✔ milestone cannot omit its last child while retaining a Gate summary (4.317167ms)
✔ prose-only backend dependencies cannot drift from structured prerequisites (4.387625ms)
✔ core closure mapping cannot become an implicit service alias (4.407709ms)
✔ ACCEPTED checkpoint needs SHA and evidence, not only a green word (4.370584ms)
✔ accepted checkpoint evidence must resolve (2.105708ms)
✔ missing checkpoint and unknown dependency fail closed (5.11375ms)
✔ API windows cannot skip their preceding provider checkpoint (3.824834ms)
✔ UI windows cannot skip the preceding reconciliation window (3.946958ms)
✔ Web intake preserves the explicit no-model-review schema (1.4125ms)
✔ missing Web task fields still fail closed (1.198167ms)
ℹ tests 22
ℹ suites 0
ℹ pass 22
ℹ fail 0
ℹ cancelled 0
ℹ skipped 0
ℹ todo 0
ℹ duration_ms 130.2175
