
> @sumalpha/quantos@ test:pre06 /Users/anray/Documents/project/SumAlpha/QuantOS
> node --test scripts/pre06-gate-negative.mjs scripts/pre06-runtime-negative.mjs

✔ current PRE-06 Web baseline passes (24.184541ms)
✔ website browser Gate deletion is rejected (9.571958ms)
✔ Desktop coupling in phase-one compatibility is rejected (7.70875ms)
✔ Desktop deep-link inclusion in phase-one Terminal is rejected (7.102334ms)
✔ generated operation coverage drift is rejected (6.307ms)
✔ visual baseline integrity failure is rejected (5.718333ms)
✔ performance budget weakening is rejected (5.244959ms)
✔ disabled CI steps and comment-only commands are rejected (15.9405ms)
✔ contract assertion deletion and visual comparison deletion fail closed (9.985417ms)
✔ website performance and critical coverage gates cannot be removed (10.066917ms)
✔ CI retry policy must reject flaky outcomes and archive failure evidence (9.611334ms)
✔ comments cannot restore weakened budget or critical coverage policy (13.519375ms)
✔ skipped suites and inactive screenshot assertions cannot satisfy the baseline (34.418042ms)
✔ critical contract callbacks cannot return early, hide assertions, or remove runtime counting (20.406333ms)
✔ unknown and corrupted fixtures are rejected, explicit sabotage fixtures remain expected failures (29.443583ms)
✔ empty assets and empty route manifest are never a zero-sized performance PASS (29.146ms)
✔ actual CI configs return nonzero for first-fail-then-pass policy probe (1254.677542ms)
ℹ tests 17
ℹ suites 0
ℹ pass 17
ℹ fail 0
ℹ cancelled 0
ℹ skipped 0
ℹ todo 0
ℹ duration_ms 1362.888709
