✔ production rejects InMemoryTerminalBackend (240.336792ms)
✔ production rejects InMemoryStrategyBackend (1.69575ms)
✔ production rejects InMemoryExecutionBackend (1.195792ms)
✔ production rejects InMemoryOpsBackend (0.9615ms)
✔ production rejects TerminalBackend (0.9855ms)
✔ production rejects StrategyBackend (0.849792ms)
✔ production rejects ExecutionBackend (0.733542ms)
✔ production rejects OpsBackend (0.763416ms)
✔ production rejects createTerminalClient (0.866625ms)
✔ production rejects bypass import * as api from '@sumalpha/api-client'; export const value = api; (1.131375ms)
✔ production rejects bypass export * from '@sumalpha/api-client'; (0.559417ms)
✔ production rejects bypass export { InMemoryOpsBackend as Default } from '@sumalpha/api-client'; (0.578583ms)
✔ production rejects bypass export const value = import('@sumalpha/api-client'); (0.671ms)
✔ production rejects bypass export const value = require('@sumalpha/api-client'); (0.886917ms)
✔ production rejects bypass import { value } from '../../../../crates/bff/src/db'; export {value}; (0.521959ms)
✔ production rejects bypass import { value } from '../tests/fixtures/backend'; export {value}; (0.444083ms)
✔ production rejects bypass export const value = import(globalThis.name); (0.687667ms)
✔ production rejects bypass import { value } from '@sumalpha/api-client/src/terminal'; export {value}; (0.507292ms)
✔ generated named public client imports are allowed (0.522417ms)
✔ explicit test fixture adapters remain allowed (2.144583ms)
✔ production src cannot hide behind a test-like filename (0.540167ms)
✔ shared frontend wrapper cannot re-export a legacy adapter under an alias (1.334917ms)
✔ production rejects direct database or venue module pg (0.509792ms)
✔ production rejects direct database or venue module postgres (0.486125ms)
✔ production rejects direct database or venue module @supabase/supabase-js (0.490333ms)
✔ production rejects direct database or venue module @prisma/client (0.527ms)
✔ production rejects direct database or venue module ccxt (0.494ms)
✔ production rejects direct database or venue module @binance/connector (0.477708ms)
✔ registered Storybook data fixtures remain allowed (1.301791ms)
✔ runtime TerminalClient cannot instantiate a handwritten backend in production (0.454334ms)
✔ type-only legacy migration annotation does not create a production adapter (0.847459ms)
✔ production boundary cannot be bypassed with js (2.172541ms)
✔ production boundary cannot be bypassed with jsx (1.179375ms)
✔ production boundary cannot be bypassed with mjs (0.538209ms)
✔ production boundary cannot be bypassed with cjs (1.015916ms)
✔ production boundary cannot be disabled with an inline directive (1.081167ms)
✔ production cannot import repository database CLI internals (0.49775ms)
ℹ tests 37
ℹ suites 0
ℹ pass 37
ℹ fail 0
ℹ cancelled 0
ℹ skipped 0
ℹ todo 0
ℹ duration_ms 354.421417
