✔ current PRE-01 artifacts satisfy the executable contract (4.880125ms)
✔ missing a page state fails closed (1.76575ms)
✔ invalid story priority fails closed (0.50125ms)
✔ missing traceability row fails closed (1.347291ms)
✔ published operation cannot regress to planned fails closed (1.683416ms)
✔ unknown role fails closed (0.467042ms)
✔ unknown route fails closed (0.501167ms)
✔ duplicate story fails closed (0.503875ms)
✔ missing flow stories fails closed (0.689709ms)
✔ missing flow scenarios fails closed (1.191125ms)
✔ unsafe proposal criterion fails closed (1.14825ms)
✔ unknown trace task fails closed (1.289083ms)
✔ unauthorized admin grant fails closed (1.048708ms)
✔ missing permission route fails closed (0.708166ms)
✔ phase-one P16 fails closed (0.08875ms)
✔ missing contract owner fails closed (1.093334ms)
✔ empty flow role fails closed (0.564625ms)
✔ empty flow route fails closed (0.57175ms)
✔ state label mismatch fails closed (0.820708ms)
✔ desktop-only story fails closed (0.417625ms)
✔ persistent offline cache fails closed (0.882958ms)
✔ admin domain permission fails closed (0.701709ms)
✔ missing page story fails closed (0.44325ms)
✔ cross-page route fails closed (0.479208ms)
✔ current G0 governance preserves history without granting current acceptance (1.329042ms)
✔ past-due G0 item cannot silently remain OPEN (0.614541ms)
✔ fabricated G0 acceptance fails against current checkpoint (0.545417ms)
✔ missing G0 leftover owner fails (0.559042ms)
✔ P05 cannot bind metadata download to an untraced audit export operation (1.8815ms)
✔ P21 cannot drop alert ownership from both ledger and trace while retaining the subscription (2.078458ms)
✔ unknown unlabelled operation in API register is rejected (1.704625ms)
✔ P05 quality alerts require C16 ownership on the consumer page (1.527125ms)
✔ API register rejects current version 1.4.0 (1.384333ms)
✔ API register rejects current version 99.99.0 (1.393833ms)
✔ published register row cannot omit API version (1.445417ms)
✔ published register row cannot omit generated mock version (1.452083ms)
✔ all ten historical compatibility strategies cannot be cleared (0.701125ms)
✔ current disposition cannot drop a historical parent (0.934875ms)
✔ current disposition requires effective checkpoint deadline (0.742875ms)
✔ current disposition cannot claim target RELEASE completion (0.766834ms)
✔ current disposition requires nonempty compatibility strategy (0.884458ms)
✔ current disposition presentation must match structured source (0.716416ms)
✔ current deadline cannot defer DEVELOPMENT provider obligations to integration (0.82225ms)
ℹ tests 43
ℹ suites 0
ℹ pass 43
ℹ fail 0
ℹ cancelled 0
ℹ skipped 0
ℹ todo 0
ℹ duration_ms 135.530833
