✔ current BFF-FE-000 repository Gate passes (4.071209ms)
✔ missing phase-one page mapping is rejected (2.126ms)
✔ published operation drift is rejected (3.91225ms)
✔ planned operation traceability deletion is rejected (1.673875ms)
✔ shared idempotency baseline deletion is rejected (3.160709ms)
✔ dependency regression is rejected (1.584292ms)
✔ error correlation header deletion is rejected (2.48275ms)
✔ generated Zod export deletion is rejected (2.0635ms)
✔ missing staging permits development readiness and never claims formal acceptance (1.451167ms)
✔ stage deferral cannot bypass engineering failures, final receipt requirements or unknown stages (0.07775ms)
✔ final review command cannot be rewired to the development stage (5.291583ms)
✔ current semantic A1 gate passes (5.87975ms)
✔ rejects cookie semantic regression (2.923667ms)
✔ rejects idempotency semantic regression (2.619792ms)
✔ rejects sort semantic regression (2.868708ms)
✔ rejects page semantic regression (3.167792ms)
✔ rejects ci semantic regression (2.855584ms)
✔ rejects decimal semantic regression (2.920625ms)
✔ rejects version semantic regression (3.118709ms)
✔ rejects csrf semantic regression (2.589125ms)
✔ exact registered security correction is accepted only within its window (11.944459ms)
✔ unregistered breaking type, enum or missing baseline fails closed (24.578292ms)
✔ new required parameters and constraints cannot silently bypass compatibility (0.907792ms)
✔ absent, invented and reference-only staging receipts never close A1 (0.462208ms)
✔ final receipt requires technical evidence plus one input-bound user confirmation (1.066291ms)
✔ optional property within an existing allOf is additive, required changes are rejected (0.107416ms)
ℹ tests 26
ℹ suites 0
ℹ pass 26
ℹ fail 0
ℹ cancelled 0
ℹ skipped 0
ℹ todo 0
ℹ duration_ms 175.722791
