✔ formal gate rejects zero, one, two and noninteger runs (0.35875ms)
✔ all binaries participate in digest and omitted binary fails (2.96325ms)
✔ extra binary, missing wheel and stale/empty Web cannot pass output inventory (2.514542ms)
✔ manifest inventory cannot omit or add members (0.059459ms)
✔ dirty and untracked source rejected (60.12975ms)
✔ deleted module README is rejected (2.297583ms)
✔ wrong uv version fails toolchain preflight (17.148583ms)
✔ invalid locks fail real lock entrypoint (56.043875ms)
✔ Terminal default lint rejects a page TSX violation (985.580125ms)
✔ invalid run revokes old successful receipt (27.062125ms)
✔ Cargo manifest drift is rejected by actual lock gate (612.549166ms)
✔ uv manifest drift is rejected by actual lock gate (639.667042ms)
✔ pnpm manifest drift is rejected by actual lock gate (846.110667ms)
✔ malformed Buf lock is rejected by actual lock gate (628.176458ms)
✔ broken Desktop is outside phase-one pnpm frozen check (306.525333ms)
✔ uv output marker is metadata, other unexpected files still fail (2.409041ms)
✔ build-only tool is required in output inventory without becoming a runtime binary (2.002125ms)
✔ pnpm frozen check rejects missing or changed patch bytes (657.972958ms)
✔ pnpm patch cannot read outside the repository (144.935959ms)
ℹ tests 19
ℹ suites 0
ℹ pass 19
ℹ fail 0
ℹ cancelled 0
ℹ skipped 0
ℹ todo 0
ℹ duration_ms 5029.951583
