node --test scripts/f02-gate-negative.mjs scripts/f02-a11-gate-negative.mjs scripts/playwright-git-history.test.mjs
✔ complete Linux matrix passes; deletion and pixel tampering fail (403.414875ms)
✔ acceptance never updates snapshots or skips missing snapshots (0.582ms)
✔ only main signing and verification jobs receive the signing environment (10.581125ms)
✔ signing policy rejects missing protection, wildcards, tags and extra branches (0.202125ms)
✔ candidate import rejects tampering and stale source before writing, then imports the reviewed matrix (369.876958ms)
✔ required download check rejects skipped or failed event-specific verification (26.934875ms)
✔ PR receipts bind the checked out head while main signing stays on the event SHA (3.361417ms)
Verified 2 release files for aaaaaaaaaaaaaaaaaaaaaaaaaaaaaaaaaaaaaaaa
Verified 2 release files for aaaaaaaaaaaaaaaaaaaaaaaaaaaaaaaaaaaaaaaa
✔ real Gitleaks positive control and GitHub/Slack leaks (1660.756458ms)
✔ historical digest exceptions do not waive fresh credentials in audit JSON (1151.492417ms)
✔ RLS baseline rejects policy deletion and late disabling with recovery (191.845625ms)
✔ RLS preflight recognizes the actual ten-table A2 migration and rejects incomplete loops (150.08775ms)
✔ RLS preflight expands audit export permissions without treating grants as RLS (146.635875ms)
✔ RLS literal loops preserve late disabling, NO FORCE and policy deletion (139.535166ms)
✔ RLS preflight cannot count conditional loops, comments, literals or function bodies as execution (156.738083ms)
✔ quoted SQL examples inside expanded policy expressions cannot enable RLS (23.552375ms)
✔ migration filename control, rejection and recovery (15.307ms)
✔ waivers only authorize exact advisory/ecosystem/package/version before expiry (1.069959ms)
✔ license expression policy does not globally allow LGPL or unknown licenses (0.346333ms)
✔ release binds complete payload and SBOM to source; rejects corruption and build-only native files (3.249208ms)
✔ Buf compares against distinct historical source and detects removed fields (648.108708ms)
✔ SCA scanner adapter consumes exact waivers and never waives scanner failures (1067.604125ms)
✔ Playwright PR reporting preserves complete history for downstream security scans (1675.795416ms)
ℹ tests 22
ℹ suites 0
ℹ pass 22
ℹ fail 0
ℹ cancelled 0
ℹ skipped 0
ℹ todo 0
ℹ duration_ms 5399.931333
