✔ all eight independently content-bound dependencies admit DEVELOPMENT only (17.44925ms)
✔ engineering aggregation preserves the sole pending user confirmation (8.921583ms)
✔ milestone rejects missing F0 (8.046584ms)
✔ milestone rejects missing PRE (8.464084ms)
✔ milestone rejects duplicate dependency (7.920625ms)
✔ milestone rejects unready F0 (7.811ms)
✔ milestone rejects manifest bytes replaced (7.772958ms)
✔ milestone rejects digest substituted (7.312542ms)
✔ milestone rejects dependency path substituted (7.257292ms)
✔ milestone rejects dependency verdict substituted (7.366916ms)
✔ milestone rejects self manifest schema (8.12925ms)
✔ milestone rejects normative change (7.58325ms)
✔ milestone rejects source input change (7.594833ms)
✔ milestone rejects unexecuted check (8.985333ms)
✔ milestone rejects missing execution time (7.2935ms)
✔ milestone rejects missing required check (7.726042ms)
✔ milestone rejects duplicate check (7.836208ms)
✔ milestone rejects wrong command (7.649292ms)
✔ milestone rejects log tampering (7.803875ms)
✔ milestone rejects rehashed prose (7.413125ms)
✔ milestone rejects external log path (7.2545ms)
✔ milestone rejects false formal acceptance (7.360542ms)
✔ milestone rejects aggregate claims database run (7.069666ms)
✔ milestone rejects hidden exclusions (7.259333ms)
✔ milestone rejects unresolved functional finding (7.369125ms)
✔ dependency validator is invoked and errors propagate (7.34875ms)
✔ fake READY cannot hide changed G0 scope (7.289875ms)
✔ arbitrary existing markdown cannot serve as a milestone receipt (0.091417ms)
✔ own arbitrary digest is rejected independently of dependency status (0.062666ms)
✔ F0 policy contains the six missing nodes and all eleven obligations (7.705208ms)
✔ production schema drift comparator rejects tables (0.134541ms)
✔ production schema drift comparator rejects columns (0.055041ms)
✔ production schema drift comparator rejects constraints (0.052ms)
✔ production schema drift comparator rejects indexes (0.036708ms)
✔ production schema drift comparator rejects policies (0.042125ms)
✔ production schema drift comparator rejects routines (0.033875ms)
✔ production schema drift comparator rejects triggers (0.04225ms)
✔ 100-task recovery evidence cannot use 10-task diagnostic or accept P95 (1.110709ms)
✔ CI consumes the full milestone engineering validator and its negatives (0.083791ms)
ℹ tests 39
ℹ suites 0
ℹ pass 39
ℹ fail 0
ℹ cancelled 0
ℹ skipped 0
ℹ todo 0
ℹ duration_ms 279.150208
