
> @sumalpha/quantos@ test:development-plans /Users/anray/Documents/project/SumAlpha/QuantOS
> node --test scripts/development-plan-order-negative.mjs

✔ joint schedule is acyclic and preserves task/status boundaries (11.191ms)
✔ restoring a complete R1 prerequisite for S2 services creates a rejected cycle (5.750917ms)
✔ research service waiting on its consumer page is rejected (4.793125ms)
✔ historical CORE:R04 to CORE:L04 probe now fails closed (4.912583ms)
✔ an early identity API cannot silently depend on later research services (6.304375ms)
✔ a provider cannot wait for the consumer frontend Gate (4.3235ms)
✔ removing S2 service admission from a core execution task is rejected (5.229542ms)
✔ S2 service Gate cannot omit TP12 advance evaluation (5.122459ms)
✔ I10 cannot drop testnet service admission even if metadata is edited with it (5.9615ms)
✔ a new or existing frontend cannot skip the full provider Gate (6.129625ms)
✔ G5 cannot be marked as closing in I4 before reconciliation (5.989375ms)
✔ moving the G1 block above I1 tasks is rejected (5.250209ms)
✔ milestone cannot omit its last child while retaining a Gate summary (5.986959ms)
✔ prose-only backend dependencies cannot drift from structured prerequisites (6.292042ms)
✔ core closure mapping cannot become an implicit service alias (5.575708ms)
✔ ACCEPTED checkpoint needs SHA and evidence, not only a green word (5.921041ms)
✔ accepted checkpoint evidence must resolve (2.769125ms)
✔ missing checkpoint and unknown dependency fail closed (7.801125ms)
✔ API windows cannot skip their preceding provider checkpoint (5.328459ms)
✔ UI windows cannot skip the preceding reconciliation window (5.759542ms)
✔ Web intake preserves the explicit no-model-review schema (1.526333ms)
✔ missing Web task fields still fail closed (1.521209ms)
✔ both plans must publish exactly the same stage contract (6.279166ms)
✔ changing both plans cannot defer correctness or functional deadlines to release (14.668417ms)
✔ both plans must retain every deferred release obligation (17.353167ms)
✔ tasks and checkpoints cannot omit, invent, or misclassify their stage gate (21.305875ms)
✔ release prerequisites cannot block either development or integration (13.816834ms)
✔ release gates cannot skip business closure or inherit the wrong stage (15.434792ms)
✔ historical ACCEPTED and completed tasks do not automatically become READY (6.4185ms)
✔ READY needs its own input digest and resolvable evidence (34.434458ms)
✔ unassessed stage gates cannot carry an apparent ready receipt (8.327541ms)
✔ BLOCKED retains failure evidence and digest without being counted as READY (10.442791ms)
✔ a READY chain needs READY prerequisites and its own evidence at every node (15.840416ms)
✔ stage readiness never substitutes for formal acceptance evidence (3.075ms)
✔ release READY requires formal acceptance and all functional prerequisites (9.744166ms)
ℹ tests 35
ℹ suites 0
ℹ pass 35
ℹ fail 0
ℹ cancelled 0
ℹ skipped 0
ℹ todo 0
ℹ duration_ms 339.513875
