
> @sumalpha/quantos@ test:pre02 /Users/anray/Documents/project/SumAlpha/QuantOS
> pnpm --filter @sumalpha/ui test:pre02


> @sumalpha/ui@0.1.0 test:pre02 /Users/anray/Documents/project/SumAlpha/QuantOS/packages/ui
> node --test scripts/pre02-gate-negative.mjs

✔ current PRE-02 design-system contract passes (8.995417ms)
✔ renaming a required safety key fails even when the count stays at 18 (1.6675ms)
✔ missing state color mapping fails closed (1.2475ms)
✔ insufficient focus contrast is rejected (1.081083ms)
✔ missing readonly viewport is rejected (1.294917ms)
✔ deny cannot become success (1.260375ms)
✔ mapped token paths must exist (0.764958ms)
✔ English safety semantics cannot be inverted (0.675666ms)
✔ all compact density values remain frozen (0.761292ms)
✔ focus width and path remain frozen (0.814833ms)
✔ breakpoint intervals cannot develop gaps (0.673708ms)
✔ typography and spacing must match the reviewed contract (1.089959ms)
✔ required component identity cannot be replaced (0.77875ms)
✔ comments do not supply executable Storybook configuration (0.805583ms)
✔ surface.2 contrast cannot be removed from the contract (0.683375ms)
✔ native reference viewport is not a prerequisite of the Web Gate (0.610041ms)
✔ disabled contrast rule cannot hide behind a matching comment (0.601292ms)
✔ readonly viewport dimensions cannot hide behind its identifier (0.80475ms)
✔ phase-two page cannot enter the Web component acceptance rows (0.592667ms)
✔ provider JSX outside the decorator cannot authorize empty decorators (0.628292ms)
✔ unexported configuration does not authorize a Storybook entry (0.647625ms)
✔ initial theme cannot contradict the dark default contract (0.601042ms)
✔ object spread cannot silently override required addons (0.750708ms)
✔ duplicate decorators cannot replace the validated provider tree (0.680875ms)
✔ dead JSX branches are not executed provider decorators (1.099542ms)
✔ provider attributes cannot be overwritten through JSX spreads (0.958833ms)
✔ provider-only JSX without the Story consumer is rejected (0.70025ms)
ℹ tests 27
ℹ suites 0
ℹ pass 27
ℹ fail 0
ℹ cancelled 0
ℹ skipped 0
ℹ todo 0
ℹ duration_ms 204.671583
