
> @sumalpha/quantos@ test:pre01 /Users/anray/Documents/project/SumAlpha/QuantOS
> node --test ./scripts/tests/check-pre01.test.mjs

✔ current PRE-01 artifacts satisfy the executable contract (5.648292ms)
✔ missing a page state fails closed (2.122875ms)
✔ invalid story priority fails closed (0.696167ms)
✔ missing traceability row fails closed (1.569833ms)
✔ published operation cannot regress to planned fails closed (1.828667ms)
✔ unknown role fails closed (0.491125ms)
✔ unknown route fails closed (0.519875ms)
✔ duplicate story fails closed (0.600791ms)
✔ missing flow stories fails closed (0.677583ms)
✔ missing flow scenarios fails closed (1.35525ms)
✔ unsafe proposal criterion fails closed (1.292208ms)
✔ unknown trace task fails closed (1.417333ms)
✔ unauthorized admin grant fails closed (1.11025ms)
✔ missing permission route fails closed (0.680792ms)
✔ phase-one P16 fails closed (0.082959ms)
✔ missing contract owner fails closed (1.069291ms)
✔ empty flow role fails closed (0.622334ms)
✔ empty flow route fails closed (0.641708ms)
✔ state label mismatch fails closed (0.915791ms)
✔ desktop-only story fails closed (0.483291ms)
✔ persistent offline cache fails closed (0.980208ms)
✔ admin domain permission fails closed (0.757209ms)
✔ missing page story fails closed (0.516917ms)
✔ cross-page route fails closed (0.511375ms)
✔ current G0 governance preserves history without granting current acceptance (2.662375ms)
✔ past-due G0 item cannot silently remain OPEN (0.707459ms)
✔ fabricated G0 acceptance fails against current checkpoint (0.59ms)
✔ missing G0 leftover owner fails (0.580542ms)
✔ P05 cannot bind metadata download to an untraced audit export operation (2.120917ms)
✔ P21 cannot drop alert ownership from both ledger and trace while retaining the subscription (2.187833ms)
✔ unknown unlabelled operation in API register is rejected (1.731666ms)
✔ P05 quality alerts require C16 ownership on the consumer page (1.529792ms)
✔ API register rejects current version 1.4.0 (1.544542ms)
✔ API register rejects current version 99.99.0 (1.4025ms)
✔ published register row cannot omit API version (1.5355ms)
✔ published register row cannot omit generated mock version (1.512042ms)
✔ all ten historical compatibility strategies cannot be cleared (0.741875ms)
✔ current disposition cannot drop a historical parent (0.928708ms)
✔ current disposition requires effective checkpoint deadline (0.781834ms)
✔ current disposition cannot claim target RELEASE completion (0.831208ms)
✔ current disposition requires nonempty compatibility strategy (0.989084ms)
✔ current disposition presentation must match structured source (0.831875ms)
✔ current deadline cannot defer DEVELOPMENT provider obligations to integration (0.838208ms)
ℹ tests 43
ℹ suites 0
ℹ pass 43
ℹ fail 0
ℹ cancelled 0
ℹ skipped 0
ℹ todo 0
ℹ duration_ms 152.539875
