
> @sumalpha/quantos@ test:pre06 /Users/anray/Documents/project/SumAlpha/QuantOS
> node --test scripts/pre06-gate-negative.mjs scripts/pre06-runtime-negative.mjs

✔ current PRE-06 Web baseline passes (25.193708ms)
✔ website browser Gate deletion is rejected (11.125292ms)
✔ Desktop coupling in phase-one compatibility is rejected (8.589208ms)
✔ Desktop deep-link inclusion in phase-one Terminal is rejected (8.315958ms)
✔ generated operation coverage drift is rejected (7.068ms)
✔ visual baseline integrity failure is rejected (6.358416ms)
✔ performance budget weakening is rejected (6.230792ms)
✔ disabled CI steps and comment-only commands are rejected (17.073458ms)
✔ contract assertion deletion and visual comparison deletion fail closed (10.690875ms)
✔ website performance and critical coverage gates cannot be removed (11.162584ms)
✔ CI retry policy must reject flaky outcomes and archive failure evidence (10.967916ms)
✔ comments cannot restore weakened budget or critical coverage policy (15.953708ms)
✔ skipped suites and inactive screenshot assertions cannot satisfy the baseline (37.078125ms)
✔ critical contract callbacks cannot return early, hide assertions, or remove runtime counting (23.321083ms)
✔ unknown and corrupted fixtures are rejected, explicit sabotage fixtures remain expected failures (31.0445ms)
✔ empty assets and empty route manifest are never a zero-sized performance PASS (30.161792ms)
✔ actual CI configs return nonzero for first-fail-then-pass policy probe (1335.619792ms)
ℹ tests 17
ℹ suites 0
ℹ pass 17
ℹ fail 0
ℹ cancelled 0
ℹ skipped 0
ℹ todo 0
ℹ duration_ms 1462.944084
