
> @sumalpha/quantos@ test:pre03 /Users/anray/Documents/project/SumAlpha/QuantOS
> node --test scripts/pre03-gate-negative.mjs

✔ current Web contract passes and never loads Desktop inputs (8.970833ms)
✔ apps/terminal rejects Next 15.5.23 (5.963167ms)
✔ apps/terminal rejects Next 16.0.0 (1.974583ms)
✔ apps/website rejects Next 15.5.23 (1.693875ms)
✔ apps/website rejects Next 16.0.0 (1.58875ms)
✔ missing package resolutions (1.781ms)
✔ missing snapshots (1.459875ms)
✔ specifier drift (2.3805ms)
✔ dependency removed (3.863334ms)
✔ dependency inserted (2.313958ms)
✔ manifest drift fails without changing lock (0.950334ms)
✔ ADR drift fails (0.926917ms)
✔ duplicate ADR version row fails (0.870625ms)
✔ missing transitive snapshot fails (1.976125ms)
✔ Node pin drift fails (0.772959ms)
✔ effective Next configuration: valid export (231.244833ms)
✔ effective Next configuration: comment marker (223.473542ms)
✔ effective Next configuration: dead branch (223.867ms)
✔ effective Next configuration: subsequent override (217.947458ms)
✔ effective Next configuration: function config (219.047917ms)
✔ bad route resources, fake HTML and script failures fail closed (11815.687625ms)
✔ Next-specific async client violation is an ESLint error (259.969042ms)
✔ build receipts reject stale source, config, identity and missing receipts (2.100958ms)
✔ source binding ignores caches but detects actual source changes (3.7915ms)
✔ all workspace importers and exact link targets are required (10.794416ms)
✔ runtime loader discovers omitted manifests independently of lockfile (539.752792ms)
✔ per-app env files are isolated and reloaded without polluting caller (735.72225ms)
ℹ tests 27
ℹ suites 0
ℹ pass 27
ℹ fail 0
ℹ cancelled 0
ℹ skipped 0
ℹ todo 0
ℹ duration_ms 15282.824
