Validated 6 pinned Buf plugins and locked generation workflow.
✔ proto generation configuration is pinned and lock-preserving (37.843458ms)
✔ proto generation configuration rejects an unpinned remote plugin (36.451958ms)
✔ proto generation configuration rejects implicit dependency updates (39.087667ms)
ℹ tests 3
ℹ suites 0
ℹ pass 3
ℹ fail 0
ℹ cancelled 0
ℹ skipped 0
ℹ todo 0
ℹ duration_ms 144.78675
Extracted 50 JSON schema documents.
Validated 50 standalone JSON schemas and 11 planned domain schemas.
✔ standalone JSON schema gate passes the complete generated catalog (134.827417ms)
✔ standalone JSON schema gate rejects a missing planned domain schema (46.749458ms)
✔ standalone JSON schema gate rejects an unresolved reference (127.030958ms)
ℹ tests 3
ℹ suites 0
ℹ pass 3
ℹ fail 0
ℹ cancelled 0
ℹ skipped 0
ℹ todo 0
ℹ duration_ms 343.606584
Proto compatibility checked against 5e3339c9e5cc95d550c6e67ffa36701998cb0e2f
Proto checks passed.
