
> @sumalpha/quantos@ test:provider-a1 /Users/anray/Documents/project/SumAlpha/QuantOS
> node --test scripts/provider-a1-receipts.test.mjs

✔ valid source and execution-bound dependency chain is READY without release signatures (44.613958ms)
✔ missing required execution (30.639667ms)
✔ failed execution (28.0195ms)
✔ wrong actual command (29.054166ms)
✔ unresolved issue (24.683666ms)
✔ wrong node (24.031792ms)
✔ missing source inventory (28.734208ms)
✔ plan scope changed (23.886333ms)
✔ outside log path (29.852958ms)
✔ wrong log digest (31.424917ms)
✔ missing dependency (31.117208ms)
✔ dependency digest substituted (29.999875ms)
✔ tampered manifest bytes are rejected (24.52575ms)
✔ changed source content is rejected despite unchanged gate digest (29.31575ms)
✔ dependency must independently be READY (29.114542ms)
✔ arbitrary log cannot masquerade as successful execution (30.311916ms)
✔ input file symlink cannot escape the repository (30.021083ms)
✔ database execution cannot be inferred from a normal local PASS (34.786541ms)
✔ Supabase target receipt verifies each compressed execution log (35.246583ms)
✔ source drift during execution invalidates the original input snapshot (44.819459ms)
✔ requirement drift during execution invalidates the original input snapshot (49.51675ms)
✔ controlled public development profile overrides stale values and preserves server inputs (0.149292ms)
✔ private credentials cannot be injected through a public development profile (0.103292ms)
✔ transient Auth 503 can retry only a complete target execution (0.096334ms)
✔ persistent target timeout never becomes PASS and stops at its budget (0.087125ms)
✔ semantic target failures stop without retry or PASS (0.022708ms)
✔ target retry budget cannot be unbounded (0.112709ms)
✔ configured target retries require explicit attempt outcomes in the receipt (35.107542ms)
✔ three successful full builds bind output inventories (0.482917ms)
✔ reproducibility rejects only two builds (0.113667ms)
✔ reproducibility rejects missing Python build (0.126333ms)
✔ reproducibility rejects failed command (0.125792ms)
✔ reproducibility rejects different output digest (0.096333ms)
✔ reproducibility rejects substituted inventory (0.069416ms)
✔ reproducibility rejects dirty source (0.055541ms)
✔ reproducibility rejects old source (0.059917ms)
✔ development policy retains explicit build, coverage, volume and target storage obligations (0.302208ms)
✔ static make commands cannot reload .env.local or inherit target database opt-ins (0.084792ms)
✔ volume retry restarts the complete check only on a closed PostgreSQL transport (0.057417ms)
✔ volume correctness and certificate errors cannot be retried into PASS (0.038709ms)
✔ persistent database transport failure stays failed at the retry limit (0.028125ms)
✔ separate assessment snapshot preserves historical manifests and binds its own logs (36.275833ms)
✔ third-party Git link binds the actual clean checkout and rejects dirty/advanced source (156.695042ms)
ℹ tests 43
ℹ suites 0
ℹ pass 43
ℹ fail 0
ℹ cancelled 0
ℹ skipped 0
ℹ todo 0
ℹ duration_ms 936.14675
