
running 12 tests
test public_access_request_validates_origin_and_body_and_writes_audit ... ok
test logout_expires_secure_http_only_same_site_cookie ... ok
test authentication_csrf_and_resource_failures_fail_closed ... ok
test mfa_rate_limit_is_account_neutral ... ok
test session_revocation_requires_recent_auth_is_idempotent_and_emits_sse_audit ... ok
test stale_settings_write_returns_current_version_without_mutation ... ok
test current_session_and_last_mfa_factor_are_protected ... ok
test challenges_are_fresh_single_use_and_cooldown_precedes_verification ... FAILED
test notification_save_is_idempotent_and_audited ... ok
test settings_roundtrip_preserves_inputs_and_separates_idempotent_intents ... ok
test security_retries_execute_once_and_match_success_correlation ... ok
test session_stream_stays_open_for_other_session_and_closes_revoked_target ... ok

failures:

---- challenges_are_fresh_single_use_and_cooldown_precedes_verification stdout ----

thread 'challenges_are_fresh_single_use_and_cooldown_precedes_verification' (565493) panicked at services/bff-gateway/tests/auth_settings_provider.rs:582:5:
assertion `left == right` failed
  left: 200
 right: 403
note: run with `RUST_BACKTRACE=1` environment variable to display a backtrace


failures:
    challenges_are_fresh_single_use_and_cooldown_precedes_verification

test result: FAILED. 11 passed; 1 failed; 0 ignored; 0 measured; 0 filtered out; finished in 0.12s

   Compiling bff-gateway v0.1.0 (/var/folders/k8/_4hymb6j59s0c8xntb11ktmc0000gn/T/quantos-a2-mutants-AdL6mG/services/bff-gateway)
    Finished `test` profile [unoptimized + debuginfo] target(s) in 1.67s
     Running tests/auth_settings_provider.rs (target/bff-fe-001-mutants/debug/deps/auth_settings_provider-01c227c7f07b7a53)
error: test failed, to rerun pass `-p bff-gateway --test auth_settings_provider`
