
/Users/anray/Documents/project/SumAlpha/QuantOS/packages/ui/scripts/pre02-checks.mjs
   41:71  error  Unnecessary escape character: \[                no-useless-escape
  141:18  error  'structuredClone' is not defined                no-undef
  261:5   error  'process' is not defined                        no-undef
  261:66  error  'process' is not defined                        no-undef
  264:44  error  'console' is not defined                        no-undef
  265:5   error  'process' is not defined                        no-undef
  267:21  error  '_checks' is assigned a value but never used    @typescript-eslint/no-unused-vars
  267:40  error  '_failures' is assigned a value but never used  @typescript-eslint/no-unused-vars
  268:5   error  'process' is not defined                        no-undef

/Users/anray/Documents/project/SumAlpha/QuantOS/scripts/check-bff-contract-coverage.mjs
   8:40  error  'URL' is not defined      no-undef
  60:33  error  'console' is not defined  no-undef
  61:3   error  'console' is not defined  no-undef
  62:3   error  'process' is not defined  no-undef
  65:1   error  'console' is not defined  no-undef

/Users/anray/Documents/project/SumAlpha/QuantOS/scripts/check-bff-fe-000.mjs
  142:39  error  'process' is not defined  no-undef
  145:42  error  'console' is not defined  no-undef
  146:5   error  'process' is not defined  no-undef
  148:5   error  'console' is not defined  no-undef

/Users/anray/Documents/project/SumAlpha/QuantOS/scripts/check-bff-fe-001.mjs
  137:39  error  'process' is not defined  no-undef
  143:42  error  'console' is not defined  no-undef
  144:5   error  'process' is not defined  no-undef
  145:10  error  'console' is not defined  no-undef

/Users/anray/Documents/project/SumAlpha/QuantOS/scripts/check-bff-fe-007.mjs
  119:39  error  'process' is not defined  no-undef
  122:42  error  'console' is not defined  no-undef
  123:5   error  'process' is not defined  no-undef
  124:10  error  'console' is not defined  no-undef

/Users/anray/Documents/project/SumAlpha/QuantOS/scripts/check-pre01.mjs
  164:5   error  'process' is not defined  no-undef
  164:64  error  'process' is not defined  no-undef
  165:9   error  'process' is not defined  no-undef
  166:19  error  'process' is not defined  no-undef
  166:89  error  'process' is not defined  no-undef

/Users/anray/Documents/project/SumAlpha/QuantOS/scripts/pre04-inventory.mjs
  235:5   error  'process' is not defined  no-undef
  235:66  error  'process' is not defined  no-undef
  238:44  error  'console' is not defined  no-undef
  239:5   error  'process' is not defined  no-undef
  243:5   error  'process' is not defined  no-undef

/Users/anray/Documents/project/SumAlpha/QuantOS/scripts/pre04-render-fields.mjs
  5:19  error  'URL' is not defined      no-undef
  6:1   error  'console' is not defined  no-undef

/Users/anray/Documents/project/SumAlpha/QuantOS/scripts/tests/check-pre01.test.mjs
  9:26  error  'URL' is not defined  no-undef

✖ 39 problems (39 errors, 0 warnings)

