============================= test session starts ==============================
platform darwin -- Python 3.12.10, pytest-9.0.3, pluggy-1.6.0 -- /Users/anray/Documents/project/SumAlpha/QuantOS/engines/.venv/bin/python
cachedir: .pytest_cache
rootdir: /Users/anray/Documents/project/SumAlpha/QuantOS/engines
configfile: pyproject.toml
plugins: cov-6.2.1
collecting ... collected 273 items

engines/tests/test_llmquant_contract.py::test_llmquant_contract_all_rpcs PASSED [  0%]
engines/tests/test_llmquant_contract.py::test_llmquant_is_deterministic_for_fixed_snapshot PASSED [  0%]
engines/tests/test_llmquant_contract.py::test_llmquant_rejects_forbidden_boundary_requests PASSED [  1%]
engines/tests/test_llmquant_contract.py::test_llmquant_requires_release_and_matching_feature_snapshot PASSED [  1%]
engines/tests/test_llmquant_contract.py::test_llmquant_validates_100_fixed_inputs_against_signal_proto PASSED [  1%]
engines/tests/test_llmquant_contract.py::test_llmquant_stream_cancel_takes_effect_within_two_seconds PASSED [  2%]
engines/tests/test_llmquant_contract.py::test_llmquant_p95_response_stays_under_one_second PASSED [  2%]
engines/tests/test_llmquant_development.py::test_hundred_replay_schema_provenance_and_artifact[case-000] PASSED [  2%]
engines/tests/test_llmquant_development.py::test_hundred_replay_schema_provenance_and_artifact[case-001] PASSED [  3%]
engines/tests/test_llmquant_development.py::test_hundred_replay_schema_provenance_and_artifact[case-002] PASSED [  3%]
engines/tests/test_llmquant_development.py::test_hundred_replay_schema_provenance_and_artifact[case-003] PASSED [  4%]
engines/tests/test_llmquant_development.py::test_hundred_replay_schema_provenance_and_artifact[case-004] PASSED [  4%]
engines/tests/test_llmquant_development.py::test_hundred_replay_schema_provenance_and_artifact[case-005] PASSED [  4%]
engines/tests/test_llmquant_development.py::test_hundred_replay_schema_provenance_and_artifact[case-006] PASSED [  5%]
engines/tests/test_llmquant_development.py::test_hundred_replay_schema_provenance_and_artifact[case-007] PASSED [  5%]
engines/tests/test_llmquant_development.py::test_hundred_replay_schema_provenance_and_artifact[case-008] PASSED [  5%]
engines/tests/test_llmquant_development.py::test_hundred_replay_schema_provenance_and_artifact[case-009] PASSED [  6%]
engines/tests/test_llmquant_development.py::test_hundred_replay_schema_provenance_and_artifact[case-010] PASSED [  6%]
engines/tests/test_llmquant_development.py::test_hundred_replay_schema_provenance_and_artifact[case-011] PASSED [  6%]
engines/tests/test_llmquant_development.py::test_hundred_replay_schema_provenance_and_artifact[case-012] PASSED [  7%]
engines/tests/test_llmquant_development.py::test_hundred_replay_schema_provenance_and_artifact[case-013] PASSED [  7%]
engines/tests/test_llmquant_development.py::test_hundred_replay_schema_provenance_and_artifact[case-014] PASSED [  8%]
engines/tests/test_llmquant_development.py::test_hundred_replay_schema_provenance_and_artifact[case-015] PASSED [  8%]
engines/tests/test_llmquant_development.py::test_hundred_replay_schema_provenance_and_artifact[case-016] PASSED [  8%]
engines/tests/test_llmquant_development.py::test_hundred_replay_schema_provenance_and_artifact[case-017] PASSED [  9%]
engines/tests/test_llmquant_development.py::test_hundred_replay_schema_provenance_and_artifact[case-018] PASSED [  9%]
engines/tests/test_llmquant_development.py::test_hundred_replay_schema_provenance_and_artifact[case-019] PASSED [  9%]
engines/tests/test_llmquant_development.py::test_hundred_replay_schema_provenance_and_artifact[case-020] PASSED [ 10%]
engines/tests/test_llmquant_development.py::test_hundred_replay_schema_provenance_and_artifact[case-021] PASSED [ 10%]
engines/tests/test_llmquant_development.py::test_hundred_replay_schema_provenance_and_artifact[case-022] PASSED [ 10%]
engines/tests/test_llmquant_development.py::test_hundred_replay_schema_provenance_and_artifact[case-023] PASSED [ 11%]
engines/tests/test_llmquant_development.py::test_hundred_replay_schema_provenance_and_artifact[case-024] PASSED [ 11%]
engines/tests/test_llmquant_development.py::test_hundred_replay_schema_provenance_and_artifact[case-025] PASSED [ 12%]
engines/tests/test_llmquant_development.py::test_hundred_replay_schema_provenance_and_artifact[case-026] PASSED [ 12%]
engines/tests/test_llmquant_development.py::test_hundred_replay_schema_provenance_and_artifact[case-027] PASSED [ 12%]
engines/tests/test_llmquant_development.py::test_hundred_replay_schema_provenance_and_artifact[case-028] PASSED [ 13%]
engines/tests/test_llmquant_development.py::test_hundred_replay_schema_provenance_and_artifact[case-029] PASSED [ 13%]
engines/tests/test_llmquant_development.py::test_hundred_replay_schema_provenance_and_artifact[case-030] PASSED [ 13%]
engines/tests/test_llmquant_development.py::test_hundred_replay_schema_provenance_and_artifact[case-031] PASSED [ 14%]
engines/tests/test_llmquant_development.py::test_hundred_replay_schema_provenance_and_artifact[case-032] PASSED [ 14%]
engines/tests/test_llmquant_development.py::test_hundred_replay_schema_provenance_and_artifact[case-033] PASSED [ 15%]
engines/tests/test_llmquant_development.py::test_hundred_replay_schema_provenance_and_artifact[case-034] PASSED [ 15%]
engines/tests/test_llmquant_development.py::test_hundred_replay_schema_provenance_and_artifact[case-035] PASSED [ 15%]
engines/tests/test_llmquant_development.py::test_hundred_replay_schema_provenance_and_artifact[case-036] PASSED [ 16%]
engines/tests/test_llmquant_development.py::test_hundred_replay_schema_provenance_and_artifact[case-037] PASSED [ 16%]
engines/tests/test_llmquant_development.py::test_hundred_replay_schema_provenance_and_artifact[case-038] PASSED [ 16%]
engines/tests/test_llmquant_development.py::test_hundred_replay_schema_provenance_and_artifact[case-039] PASSED [ 17%]
engines/tests/test_llmquant_development.py::test_hundred_replay_schema_provenance_and_artifact[case-040] PASSED [ 17%]
engines/tests/test_llmquant_development.py::test_hundred_replay_schema_provenance_and_artifact[case-041] PASSED [ 17%]
engines/tests/test_llmquant_development.py::test_hundred_replay_schema_provenance_and_artifact[case-042] PASSED [ 18%]
engines/tests/test_llmquant_development.py::test_hundred_replay_schema_provenance_and_artifact[case-043] PASSED [ 18%]
engines/tests/test_llmquant_development.py::test_hundred_replay_schema_provenance_and_artifact[case-044] PASSED [ 19%]
engines/tests/test_llmquant_development.py::test_hundred_replay_schema_provenance_and_artifact[case-045] PASSED [ 19%]
engines/tests/test_llmquant_development.py::test_hundred_replay_schema_provenance_and_artifact[case-046] PASSED [ 19%]
engines/tests/test_llmquant_development.py::test_hundred_replay_schema_provenance_and_artifact[case-047] PASSED [ 20%]
engines/tests/test_llmquant_development.py::test_hundred_replay_schema_provenance_and_artifact[case-048] PASSED [ 20%]
engines/tests/test_llmquant_development.py::test_hundred_replay_schema_provenance_and_artifact[case-049] PASSED [ 20%]
engines/tests/test_llmquant_development.py::test_hundred_replay_schema_provenance_and_artifact[case-050] PASSED [ 21%]
engines/tests/test_llmquant_development.py::test_hundred_replay_schema_provenance_and_artifact[case-051] PASSED [ 21%]
engines/tests/test_llmquant_development.py::test_hundred_replay_schema_provenance_and_artifact[case-052] PASSED [ 21%]
engines/tests/test_llmquant_development.py::test_hundred_replay_schema_provenance_and_artifact[case-053] PASSED [ 22%]
engines/tests/test_llmquant_development.py::test_hundred_replay_schema_provenance_and_artifact[case-054] PASSED [ 22%]
engines/tests/test_llmquant_development.py::test_hundred_replay_schema_provenance_and_artifact[case-055] PASSED [ 23%]
engines/tests/test_llmquant_development.py::test_hundred_replay_schema_provenance_and_artifact[case-056] PASSED [ 23%]
engines/tests/test_llmquant_development.py::test_hundred_replay_schema_provenance_and_artifact[case-057] PASSED [ 23%]
engines/tests/test_llmquant_development.py::test_hundred_replay_schema_provenance_and_artifact[case-058] PASSED [ 24%]
engines/tests/test_llmquant_development.py::test_hundred_replay_schema_provenance_and_artifact[case-059] PASSED [ 24%]
engines/tests/test_llmquant_development.py::test_hundred_replay_schema_provenance_and_artifact[case-060] PASSED [ 24%]
engines/tests/test_llmquant_development.py::test_hundred_replay_schema_provenance_and_artifact[case-061] PASSED [ 25%]
engines/tests/test_llmquant_development.py::test_hundred_replay_schema_provenance_and_artifact[case-062] PASSED [ 25%]
engines/tests/test_llmquant_development.py::test_hundred_replay_schema_provenance_and_artifact[case-063] PASSED [ 26%]
engines/tests/test_llmquant_development.py::test_hundred_replay_schema_provenance_and_artifact[case-064] PASSED [ 26%]
engines/tests/test_llmquant_development.py::test_hundred_replay_schema_provenance_and_artifact[case-065] PASSED [ 26%]
engines/tests/test_llmquant_development.py::test_hundred_replay_schema_provenance_and_artifact[case-066] PASSED [ 27%]
engines/tests/test_llmquant_development.py::test_hundred_replay_schema_provenance_and_artifact[case-067] PASSED [ 27%]
engines/tests/test_llmquant_development.py::test_hundred_replay_schema_provenance_and_artifact[case-068] PASSED [ 27%]
engines/tests/test_llmquant_development.py::test_hundred_replay_schema_provenance_and_artifact[case-069] PASSED [ 28%]
engines/tests/test_llmquant_development.py::test_hundred_replay_schema_provenance_and_artifact[case-070] PASSED [ 28%]
engines/tests/test_llmquant_development.py::test_hundred_replay_schema_provenance_and_artifact[case-071] PASSED [ 28%]
engines/tests/test_llmquant_development.py::test_hundred_replay_schema_provenance_and_artifact[case-072] PASSED [ 29%]
engines/tests/test_llmquant_development.py::test_hundred_replay_schema_provenance_and_artifact[case-073] PASSED [ 29%]
engines/tests/test_llmquant_development.py::test_hundred_replay_schema_provenance_and_artifact[case-074] PASSED [ 30%]
engines/tests/test_llmquant_development.py::test_hundred_replay_schema_provenance_and_artifact[case-075] PASSED [ 30%]
engines/tests/test_llmquant_development.py::test_hundred_replay_schema_provenance_and_artifact[case-076] PASSED [ 30%]
engines/tests/test_llmquant_development.py::test_hundred_replay_schema_provenance_and_artifact[case-077] PASSED [ 31%]
engines/tests/test_llmquant_development.py::test_hundred_replay_schema_provenance_and_artifact[case-078] PASSED [ 31%]
engines/tests/test_llmquant_development.py::test_hundred_replay_schema_provenance_and_artifact[case-079] PASSED [ 31%]
engines/tests/test_llmquant_development.py::test_hundred_replay_schema_provenance_and_artifact[case-080] PASSED [ 32%]
engines/tests/test_llmquant_development.py::test_hundred_replay_schema_provenance_and_artifact[case-081] PASSED [ 32%]
engines/tests/test_llmquant_development.py::test_hundred_replay_schema_provenance_and_artifact[case-082] PASSED [ 32%]
engines/tests/test_llmquant_development.py::test_hundred_replay_schema_provenance_and_artifact[case-083] PASSED [ 33%]
engines/tests/test_llmquant_development.py::test_hundred_replay_schema_provenance_and_artifact[case-084] PASSED [ 33%]
engines/tests/test_llmquant_development.py::test_hundred_replay_schema_provenance_and_artifact[case-085] PASSED [ 34%]
engines/tests/test_llmquant_development.py::test_hundred_replay_schema_provenance_and_artifact[case-086] PASSED [ 34%]
engines/tests/test_llmquant_development.py::test_hundred_replay_schema_provenance_and_artifact[case-087] PASSED [ 34%]
engines/tests/test_llmquant_development.py::test_hundred_replay_schema_provenance_and_artifact[case-088] PASSED [ 35%]
engines/tests/test_llmquant_development.py::test_hundred_replay_schema_provenance_and_artifact[case-089] PASSED [ 35%]
engines/tests/test_llmquant_development.py::test_hundred_replay_schema_provenance_and_artifact[case-090] PASSED [ 35%]
engines/tests/test_llmquant_development.py::test_hundred_replay_schema_provenance_and_artifact[case-091] PASSED [ 36%]
engines/tests/test_llmquant_development.py::test_hundred_replay_schema_provenance_and_artifact[case-092] PASSED [ 36%]
engines/tests/test_llmquant_development.py::test_hundred_replay_schema_provenance_and_artifact[case-093] PASSED [ 36%]
engines/tests/test_llmquant_development.py::test_hundred_replay_schema_provenance_and_artifact[case-094] PASSED [ 37%]
engines/tests/test_llmquant_development.py::test_hundred_replay_schema_provenance_and_artifact[case-095] PASSED [ 37%]
engines/tests/test_llmquant_development.py::test_hundred_replay_schema_provenance_and_artifact[case-096] PASSED [ 38%]
engines/tests/test_llmquant_development.py::test_hundred_replay_schema_provenance_and_artifact[case-097] PASSED [ 38%]
engines/tests/test_llmquant_development.py::test_hundred_replay_schema_provenance_and_artifact[case-098] PASSED [ 38%]
engines/tests/test_llmquant_development.py::test_hundred_replay_schema_provenance_and_artifact[case-099] PASSED [ 39%]
engines/tests/test_llmquant_development.py::test_five_rpc_shared_harness PASSED [ 39%]
engines/tests/test_llmquant_development.py::test_boundary_rejection_has_no_side_effect[case-00-execute] PASSED [ 39%]
engines/tests/test_llmquant_development.py::test_boundary_rejection_has_no_side_effect[case-00-stream] PASSED [ 40%]
engines/tests/test_llmquant_development.py::test_boundary_rejection_has_no_side_effect[case-01-execute] PASSED [ 40%]
engines/tests/test_llmquant_development.py::test_boundary_rejection_has_no_side_effect[case-01-stream] PASSED [ 41%]
engines/tests/test_llmquant_development.py::test_boundary_rejection_has_no_side_effect[case-02-execute] PASSED [ 41%]
engines/tests/test_llmquant_development.py::test_boundary_rejection_has_no_side_effect[case-02-stream] PASSED [ 41%]
engines/tests/test_llmquant_development.py::test_boundary_rejection_has_no_side_effect[case-03-execute] PASSED [ 42%]
engines/tests/test_llmquant_development.py::test_boundary_rejection_has_no_side_effect[case-03-stream] PASSED [ 42%]
engines/tests/test_llmquant_development.py::test_boundary_rejection_has_no_side_effect[case-04-execute] PASSED [ 42%]
engines/tests/test_llmquant_development.py::test_boundary_rejection_has_no_side_effect[case-04-stream] PASSED [ 43%]
engines/tests/test_llmquant_development.py::test_boundary_rejection_has_no_side_effect[case-05-execute] PASSED [ 43%]
engines/tests/test_llmquant_development.py::test_boundary_rejection_has_no_side_effect[case-05-stream] PASSED [ 43%]
engines/tests/test_llmquant_development.py::test_boundary_rejection_has_no_side_effect[case-06-execute] PASSED [ 44%]
engines/tests/test_llmquant_development.py::test_boundary_rejection_has_no_side_effect[case-06-stream] PASSED [ 44%]
engines/tests/test_llmquant_development.py::test_boundary_rejection_has_no_side_effect[case-07-execute] PASSED [ 45%]
engines/tests/test_llmquant_development.py::test_boundary_rejection_has_no_side_effect[case-07-stream] PASSED [ 45%]
engines/tests/test_llmquant_development.py::test_boundary_rejection_has_no_side_effect[case-08-execute] PASSED [ 45%]
engines/tests/test_llmquant_development.py::test_boundary_rejection_has_no_side_effect[case-08-stream] PASSED [ 46%]
engines/tests/test_llmquant_development.py::test_boundary_rejection_has_no_side_effect[case-09-execute] PASSED [ 46%]
engines/tests/test_llmquant_development.py::test_boundary_rejection_has_no_side_effect[case-09-stream] PASSED [ 46%]
engines/tests/test_llmquant_development.py::test_boundary_rejection_has_no_side_effect[case-10-execute] PASSED [ 47%]
engines/tests/test_llmquant_development.py::test_boundary_rejection_has_no_side_effect[case-10-stream] PASSED [ 47%]
engines/tests/test_llmquant_development.py::test_boundary_rejection_has_no_side_effect[case-11-execute] PASSED [ 47%]
engines/tests/test_llmquant_development.py::test_boundary_rejection_has_no_side_effect[case-11-stream] PASSED [ 48%]
engines/tests/test_llmquant_development.py::test_boundary_rejection_has_no_side_effect[case-12-execute] PASSED [ 48%]
engines/tests/test_llmquant_development.py::test_boundary_rejection_has_no_side_effect[case-12-stream] PASSED [ 49%]
engines/tests/test_llmquant_development.py::test_boundary_rejection_has_no_side_effect[case-13-execute] PASSED [ 49%]
engines/tests/test_llmquant_development.py::test_boundary_rejection_has_no_side_effect[case-13-stream] PASSED [ 49%]
engines/tests/test_llmquant_development.py::test_boundary_rejection_has_no_side_effect[case-14-execute] PASSED [ 50%]
engines/tests/test_llmquant_development.py::test_boundary_rejection_has_no_side_effect[case-14-stream] PASSED [ 50%]
engines/tests/test_llmquant_development.py::test_boundary_rejection_has_no_side_effect[case-15-execute] PASSED [ 50%]
engines/tests/test_llmquant_development.py::test_boundary_rejection_has_no_side_effect[case-15-stream] PASSED [ 51%]
engines/tests/test_llmquant_development.py::test_boundary_rejection_has_no_side_effect[case-16-execute] PASSED [ 51%]
engines/tests/test_llmquant_development.py::test_boundary_rejection_has_no_side_effect[case-16-stream] PASSED [ 52%]
engines/tests/test_llmquant_development.py::test_boundary_rejection_has_no_side_effect[case-17-execute] PASSED [ 52%]
engines/tests/test_llmquant_development.py::test_boundary_rejection_has_no_side_effect[case-17-stream] PASSED [ 52%]
engines/tests/test_llmquant_development.py::test_boundary_rejection_has_no_side_effect[case-18-execute] PASSED [ 53%]
engines/tests/test_llmquant_development.py::test_boundary_rejection_has_no_side_effect[case-18-stream] PASSED [ 53%]
engines/tests/test_llmquant_development.py::test_boundary_rejection_has_no_side_effect[case-19-execute] PASSED [ 53%]
engines/tests/test_llmquant_development.py::test_boundary_rejection_has_no_side_effect[case-19-stream] PASSED [ 54%]
engines/tests/test_llmquant_development.py::test_boundary_rejection_has_no_side_effect[case-20-execute] PASSED [ 54%]
engines/tests/test_llmquant_development.py::test_boundary_rejection_has_no_side_effect[case-20-stream] PASSED [ 54%]
engines/tests/test_llmquant_development.py::test_boundary_rejection_has_no_side_effect[case-21-execute] PASSED [ 55%]
engines/tests/test_llmquant_development.py::test_boundary_rejection_has_no_side_effect[case-21-stream] PASSED [ 55%]
engines/tests/test_llmquant_development.py::test_boundary_rejection_has_no_side_effect[case-22-execute] PASSED [ 56%]
engines/tests/test_llmquant_development.py::test_boundary_rejection_has_no_side_effect[case-22-stream] PASSED [ 56%]
engines/tests/test_llmquant_development.py::test_boundary_rejection_has_no_side_effect[case-23-execute] PASSED [ 56%]
engines/tests/test_llmquant_development.py::test_boundary_rejection_has_no_side_effect[case-23-stream] PASSED [ 57%]
engines/tests/test_llmquant_development.py::test_boundary_rejection_has_no_side_effect[case-24-execute] PASSED [ 57%]
engines/tests/test_llmquant_development.py::test_boundary_rejection_has_no_side_effect[case-24-stream] PASSED [ 57%]
engines/tests/test_llmquant_development.py::test_boundary_rejection_has_no_side_effect[case-25-execute] PASSED [ 58%]
engines/tests/test_llmquant_development.py::test_boundary_rejection_has_no_side_effect[case-25-stream] PASSED [ 58%]
engines/tests/test_llmquant_development.py::test_boundary_rejection_has_no_side_effect[case-26-execute] PASSED [ 58%]
engines/tests/test_llmquant_development.py::test_boundary_rejection_has_no_side_effect[case-26-stream] PASSED [ 59%]
engines/tests/test_llmquant_development.py::test_boundary_rejection_has_no_side_effect[case-27-execute] PASSED [ 59%]
engines/tests/test_llmquant_development.py::test_boundary_rejection_has_no_side_effect[case-27-stream] PASSED [ 60%]
engines/tests/test_llmquant_development.py::test_boundary_rejection_has_no_side_effect[case-28-execute] PASSED [ 60%]
engines/tests/test_llmquant_development.py::test_boundary_rejection_has_no_side_effect[case-28-stream] PASSED [ 60%]
engines/tests/test_llmquant_development.py::test_boundary_rejection_has_no_side_effect[case-29-execute] PASSED [ 61%]
engines/tests/test_llmquant_development.py::test_boundary_rejection_has_no_side_effect[case-29-stream] PASSED [ 61%]
engines/tests/test_llmquant_development.py::test_boundary_rejection_has_no_side_effect[case-30-execute] PASSED [ 61%]
engines/tests/test_llmquant_development.py::test_boundary_rejection_has_no_side_effect[case-30-stream] PASSED [ 62%]
engines/tests/test_llmquant_development.py::test_boundary_rejection_has_no_side_effect[case-31-execute] PASSED [ 62%]
engines/tests/test_llmquant_development.py::test_boundary_rejection_has_no_side_effect[case-31-stream] PASSED [ 63%]
engines/tests/test_llmquant_development.py::test_boundary_rejection_has_no_side_effect[case-32-execute] PASSED [ 63%]
engines/tests/test_llmquant_development.py::test_boundary_rejection_has_no_side_effect[case-32-stream] PASSED [ 63%]
engines/tests/test_llmquant_development.py::test_boundary_rejection_has_no_side_effect[case-33-execute] PASSED [ 64%]
engines/tests/test_llmquant_development.py::test_boundary_rejection_has_no_side_effect[case-33-stream] PASSED [ 64%]
engines/tests/test_llmquant_development.py::test_boundary_rejection_has_no_side_effect[case-34-execute] PASSED [ 64%]
engines/tests/test_llmquant_development.py::test_boundary_rejection_has_no_side_effect[case-34-stream] PASSED [ 65%]
engines/tests/test_llmquant_development.py::test_boundary_rejection_has_no_side_effect[case-35-execute] PASSED [ 65%]
engines/tests/test_llmquant_development.py::test_boundary_rejection_has_no_side_effect[case-35-stream] PASSED [ 65%]
engines/tests/test_llmquant_development.py::test_boundary_rejection_has_no_side_effect[case-36-execute] PASSED [ 66%]
engines/tests/test_llmquant_development.py::test_boundary_rejection_has_no_side_effect[case-36-stream] PASSED [ 66%]
engines/tests/test_llmquant_development.py::test_boundary_rejection_has_no_side_effect[case-37-execute] PASSED [ 67%]
engines/tests/test_llmquant_development.py::test_boundary_rejection_has_no_side_effect[case-37-stream] PASSED [ 67%]
engines/tests/test_llmquant_development.py::test_boundary_rejection_has_no_side_effect[case-38-execute] PASSED [ 67%]
engines/tests/test_llmquant_development.py::test_boundary_rejection_has_no_side_effect[case-38-stream] PASSED [ 68%]
engines/tests/test_llmquant_development.py::test_boundary_rejection_has_no_side_effect[case-39-execute] PASSED [ 68%]
engines/tests/test_llmquant_development.py::test_boundary_rejection_has_no_side_effect[case-39-stream] PASSED [ 68%]
engines/tests/test_llmquant_development.py::test_boundary_rejection_has_no_side_effect[case-40-execute] PASSED [ 69%]
engines/tests/test_llmquant_development.py::test_boundary_rejection_has_no_side_effect[case-40-stream] PASSED [ 69%]
engines/tests/test_llmquant_development.py::test_boundary_rejection_has_no_side_effect[case-41-execute] PASSED [ 69%]
engines/tests/test_llmquant_development.py::test_boundary_rejection_has_no_side_effect[case-41-stream] PASSED [ 70%]
engines/tests/test_llmquant_development.py::test_boundary_rejection_has_no_side_effect[case-42-execute] PASSED [ 70%]
engines/tests/test_llmquant_development.py::test_boundary_rejection_has_no_side_effect[case-42-stream] PASSED [ 71%]
engines/tests/test_llmquant_development.py::test_boundary_rejection_has_no_side_effect[case-43-execute] PASSED [ 71%]
engines/tests/test_llmquant_development.py::test_boundary_rejection_has_no_side_effect[case-43-stream] PASSED [ 71%]
engines/tests/test_llmquant_development.py::test_boundary_rejection_has_no_side_effect[case-44-execute] PASSED [ 72%]
engines/tests/test_llmquant_development.py::test_boundary_rejection_has_no_side_effect[case-44-stream] PASSED [ 72%]
engines/tests/test_llmquant_development.py::test_boundary_rejection_has_no_side_effect[case-45-execute] PASSED [ 72%]
engines/tests/test_llmquant_development.py::test_boundary_rejection_has_no_side_effect[case-45-stream] PASSED [ 73%]
engines/tests/test_llmquant_development.py::test_boundary_rejection_has_no_side_effect[case-46-execute] PASSED [ 73%]
engines/tests/test_llmquant_development.py::test_boundary_rejection_has_no_side_effect[case-46-stream] PASSED [ 73%]
engines/tests/test_llmquant_development.py::test_boundary_rejection_has_no_side_effect[case-47-execute] PASSED [ 74%]
engines/tests/test_llmquant_development.py::test_boundary_rejection_has_no_side_effect[case-47-stream] PASSED [ 74%]
engines/tests/test_llmquant_development.py::test_boundary_rejection_has_no_side_effect[case-48-execute] PASSED [ 75%]
engines/tests/test_llmquant_development.py::test_boundary_rejection_has_no_side_effect[case-48-stream] PASSED [ 75%]
engines/tests/test_llmquant_development.py::test_boundary_rejection_has_no_side_effect[case-49-execute] PASSED [ 75%]
engines/tests/test_llmquant_development.py::test_boundary_rejection_has_no_side_effect[case-49-stream] PASSED [ 76%]
engines/tests/test_llmquant_development.py::test_boundary_rejection_has_no_side_effect[case-50-execute] PASSED [ 76%]
engines/tests/test_llmquant_development.py::test_boundary_rejection_has_no_side_effect[case-50-stream] PASSED [ 76%]
engines/tests/test_llmquant_development.py::test_boundary_rejection_has_no_side_effect[case-51-execute] PASSED [ 77%]
engines/tests/test_llmquant_development.py::test_boundary_rejection_has_no_side_effect[case-51-stream] PASSED [ 77%]
engines/tests/test_llmquant_development.py::test_boundary_rejection_has_no_side_effect[case-52-execute] PASSED [ 78%]
engines/tests/test_llmquant_development.py::test_boundary_rejection_has_no_side_effect[case-52-stream] PASSED [ 78%]
engines/tests/test_llmquant_development.py::test_boundary_rejection_has_no_side_effect[case-53-execute] PASSED [ 78%]
engines/tests/test_llmquant_development.py::test_boundary_rejection_has_no_side_effect[case-53-stream] PASSED [ 79%]
engines/tests/test_llmquant_development.py::test_boundary_rejection_has_no_side_effect[case-54-execute] PASSED [ 79%]
engines/tests/test_llmquant_development.py::test_boundary_rejection_has_no_side_effect[case-54-stream] PASSED [ 79%]
engines/tests/test_llmquant_development.py::test_boundary_rejection_has_no_side_effect[case-55-execute] PASSED [ 80%]
engines/tests/test_llmquant_development.py::test_boundary_rejection_has_no_side_effect[case-55-stream] PASSED [ 80%]
engines/tests/test_llmquant_development.py::test_research_only[execute-2] PASSED [ 80%]
engines/tests/test_llmquant_development.py::test_research_only[execute-3] PASSED [ 81%]
engines/tests/test_llmquant_development.py::test_research_only[execute-4] PASSED [ 81%]
engines/tests/test_llmquant_development.py::test_research_only[execute-5] PASSED [ 82%]
engines/tests/test_llmquant_development.py::test_research_only[stream-2] PASSED [ 82%]
engines/tests/test_llmquant_development.py::test_research_only[stream-3] PASSED [ 82%]
engines/tests/test_llmquant_development.py::test_research_only[stream-4] PASSED [ 83%]
engines/tests/test_llmquant_development.py::test_research_only[stream-5] PASSED [ 83%]
engines/tests/test_llmquant_development.py::test_execution_identity_conflict[execute-strategy_release_id] PASSED [ 83%]
engines/tests/test_llmquant_development.py::test_execution_identity_conflict[execute-snapshot] PASSED [ 84%]
engines/tests/test_llmquant_development.py::test_execution_identity_conflict[execute-policy] PASSED [ 84%]
engines/tests/test_llmquant_development.py::test_execution_identity_conflict[execute-request_id] PASSED [ 84%]
engines/tests/test_llmquant_development.py::test_execution_identity_conflict[execute-correlation_id] PASSED [ 85%]
engines/tests/test_llmquant_development.py::test_execution_identity_conflict[execute-causation_id] PASSED [ 85%]
engines/tests/test_llmquant_development.py::test_execution_identity_conflict[execute-issued_at] PASSED [ 86%]
engines/tests/test_llmquant_development.py::test_execution_identity_conflict[stream-strategy_release_id] PASSED [ 86%]
engines/tests/test_llmquant_development.py::test_execution_identity_conflict[stream-snapshot] PASSED [ 86%]
engines/tests/test_llmquant_development.py::test_execution_identity_conflict[stream-policy] PASSED [ 87%]
engines/tests/test_llmquant_development.py::test_execution_identity_conflict[stream-request_id] PASSED [ 87%]
engines/tests/test_llmquant_development.py::test_execution_identity_conflict[stream-correlation_id] PASSED [ 87%]
engines/tests/test_llmquant_development.py::test_execution_identity_conflict[stream-causation_id] PASSED [ 88%]
engines/tests/test_llmquant_development.py::test_execution_identity_conflict[stream-issued_at] PASSED [ 88%]
engines/tests/test_llmquant_development.py::test_cancel_authorization_is_scoped[tenant_id] PASSED [ 89%]
engines/tests/test_llmquant_development.py::test_cancel_authorization_is_scoped[workspace_id] PASSED [ 89%]
engines/tests/test_llmquant_development.py::test_cancel_authorization_is_scoped[actor_id] PASSED [ 89%]
engines/tests/test_llmquant_development.py::test_cancel_authorization_is_scoped[capabilities] PASSED [ 90%]
engines/tests/test_llmquant_development.py::test_cancel_authorization_is_scoped[mode] PASSED [ 90%]
engines/tests/test_llmquant_development.py::test_cancel_authorization_is_scoped[unknown] PASSED [ 90%]
engines/tests/test_llmquant_development.py::test_artifact_read_scope_and_collision_resistance[tenant_id] PASSED [ 91%]
engines/tests/test_llmquant_development.py::test_artifact_read_scope_and_collision_resistance[workspace_id] PASSED [ 91%]
engines/tests/test_llmquant_development.py::test_artifact_read_scope_and_collision_resistance[actor_id] PASSED [ 91%]
engines/tests/test_llmquant_development.py::test_inflight_stop_prevents_artifact_write[deadline-execute] PASSED [ 92%]
engines/tests/test_llmquant_development.py::test_inflight_stop_prevents_artifact_write[deadline-stream] PASSED [ 92%]
engines/tests/test_llmquant_development.py::test_inflight_stop_prevents_artifact_write[cancel-execute] PASSED [ 93%]
engines/tests/test_llmquant_development.py::test_inflight_stop_prevents_artifact_write[cancel-stream] PASSED [ 93%]
engines/tests/test_llmquant_development.py::test_inflight_stop_prevents_artifact_write[transport-execute] PASSED [ 93%]
engines/tests/test_llmquant_development.py::test_inflight_stop_prevents_artifact_write[transport-stream] PASSED [ 94%]
engines/tests/test_llmquant_development.py::test_llmquant_source_has_no_upstream_or_tool_runtime_imports PASSED [ 94%]
engines/tests/test_llmquant_development.py::test_stream_stop_between_deltas_never_commits[cancel] PASSED [ 94%]
engines/tests/test_llmquant_development.py::test_stream_stop_between_deltas_never_commits[deadline] PASSED [ 95%]
engines/tests/test_llmquant_development.py::test_bundle_commit_is_atomic_and_immutable PASSED [ 95%]
engines/tests/test_llmquant_development.py::test_historical_replay_window_is_explicit_and_non_executable PASSED [ 95%]
engines/tests/test_llmquant_development.py::test_missing_release_snapshot_is_rejected[execute-strategy_release_id] PASSED [ 96%]
engines/tests/test_llmquant_development.py::test_missing_release_snapshot_is_rejected[execute-feature_snapshot_id] PASSED [ 96%]
engines/tests/test_llmquant_development.py::test_missing_release_snapshot_is_rejected[stream-strategy_release_id] PASSED [ 97%]
engines/tests/test_llmquant_development.py::test_missing_release_snapshot_is_rejected[stream-feature_snapshot_id] PASSED [ 97%]
engines/tests/test_llmquant_development.py::test_fixture_definition_tampering_is_rejected[digest] PASSED [ 97%]
engines/tests/test_llmquant_development.py::test_fixture_definition_tampering_is_rejected[confidence] PASSED [ 98%]
engines/tests/test_llmquant_development.py::test_fixture_definition_tampering_is_rejected[window] PASSED [ 98%]
engines/tests/test_llmquant_development.py::test_distinct_execution_keys_and_policy_bind_artifact_ids[False-execute] PASSED [ 98%]
engines/tests/test_llmquant_development.py::test_distinct_execution_keys_and_policy_bind_artifact_ids[False-stream] PASSED [ 99%]
engines/tests/test_llmquant_development.py::test_distinct_execution_keys_and_policy_bind_artifact_ids[True-execute] PASSED [ 99%]
engines/tests/test_llmquant_development.py::test_distinct_execution_keys_and_policy_bind_artifact_ids[True-stream] PASSED [100%]

============================= 273 passed in 2.08s ==============================
