✔ complete engineering checks retain BLOCKED while scope confirmation is absent (145.861417ms)
✔ strict acceptance rejects pending current user scope (121.78025ms)
✔ G0 rejects missing explicit proto baseline (107.34125ms)
✔ G0 rejects same-head proto baseline (110.87825ms)
✔ G0 rejects fabricated READY (104.685708ms)
✔ G0 rejects historical arbitrary manifest (105.480917ms)
✔ G0 rejects missing actual check (104.218ms)
✔ G0 rejects duplicate actual check (101.624625ms)
✔ G0 rejects failed check (100.728708ms)
✔ G0 rejects unexecuted check (100.535542ms)
✔ G0 rejects wrong command (100.897208ms)
✔ G0 rejects source inventory drift (102.275667ms)
✔ G0 rejects planned scope delivered claim (101.447416ms)
✔ G0 rejects log tampering (99.226709ms)
✔ G0 rejects arbitrary rehashed prose (102.042875ms)
✔ G0 rejects wrong Web build source (107.95125ms)
✔ G0 rejects missing dependency (106.278417ms)
✔ G0 rejects dependency digest drift (108.600958ms)
✔ G0 rejects unready upstream (108.776291ms)
✔ G0 rejects hidden scope residual (99.357292ms)
✔ pending scope cannot incorporate an approval record (85.087416ms)
✔ legacy six-role records cannot grant current confirmation (91.994667ms)
✔ confirmed scope must bind current input digest (84.40675ms)
✔ confirmed scope requires the single user record (86.758166ms)
✔ dependency validation is actually invoked and failures propagate (106.440792ms)
✔ one document-bound current user confirmation replaces all role receipts (84.911791ms)
✔ CI must always validate engineering receipts and G0 negatives (0.101625ms)
✔ G0 rejects normative plan drift during execution before publishing (102.127041ms)
✔ G0 rejects code inventory drift during execution before publishing (103.995417ms)
✔ lifecycle metadata alone does not change normative G0 inputs (99.837084ms)
✔ real BFF baseline CLI matches its required G0 execution marker (84.658917ms)
✔ G0 worktree allows only lifecycle/evidence state "" (0.091917ms)
✔ G0 worktree allows only lifecycle/evidence state " M docs/SumAlpha-QuantOS-Development-Plan.md\n" (0.065709ms)
✔ G0 worktree allows only lifecycle/evidence state "M  docs/SumAlpha-QuantOS-Frontend-Development-Execution-Plan.md\n?? docs/audit/evidence/new/\n" (0.055167ms)
✔ G0 worktree allows only lifecycle/evidence state "?? docs/audit/report.md\n" (0.016541ms)
✔ G0 worktree rejects uncommitted functional input " M scripts/g0-development.mjs\n" (0.083291ms)
✔ G0 worktree rejects uncommitted functional input "M  apps/terminal/src/auth/flow.ts\n" (0.050333ms)
✔ G0 worktree rejects uncommitted functional input "?? bff/new.yaml\n" (0.032125ms)
✔ G0 worktree rejects uncommitted functional input "R  docs/audit/a.md -> scripts/backdoor.mjs\n" (0.031292ms)
✔ user-confirmed scope includes the normative G0 plan and excludes lifecycle metadata (94.506875ms)
✔ confirmation-only finalization refuses an absent user reply and cannot bless changed engineering inputs (109.633541ms)
✔ document-bound user reply finalizes the unchanged engineering checks without fabricating new execution (113.529917ms)
✔ one current user confirmation validates all documented review dimensions (1.837416ms)
✔ user confirmation rejects assistant self-approval (0.605917ms)
✔ user confirmation rejects unconfirmed draft (0.180875ms)
✔ user confirmation rejects workflow instruction alone (0.158834ms)
✔ user confirmation rejects missing user message (0.5625ms)
✔ user confirmation rejects missing identity (0.149334ms)
✔ user confirmation rejects old historical confirmation (0.121583ms)
✔ user confirmation rejects future confirmation (0.108583ms)
✔ user confirmation rejects wrong node (0.354583ms)
✔ user confirmation rejects wrong stage (0.213666ms)
✔ user confirmation rejects wrong input digest (0.159375ms)
✔ user confirmation rejects wrong draft path (0.104375ms)
✔ user confirmation rejects parent traversal (0.1ms)
✔ user confirmation rejects wrong document hash (0.1015ms)
✔ changed original user record is rejected even with unchanged scope (0.09825ms)
✔ rehashing a draft cannot authorize a different scope (0.159167ms)
✔ draft must retain every review dimension even with updated document hash (0.125167ms)
ℹ tests 59
ℹ suites 0
ℹ pass 59
ℹ fail 0
ℹ cancelled 0
ℹ skipped 0
ℹ todo 0
ℹ duration_ms 3446.579333
