✔ current PRE-01 artifacts satisfy the executable contract (5.530208ms)
✔ missing a page state fails closed (1.918458ms)
✔ invalid story priority fails closed (0.620166ms)
✔ missing traceability row fails closed (1.508083ms)
✔ published operation cannot regress to planned fails closed (1.663542ms)
✔ unknown role fails closed (0.488042ms)
✔ unknown route fails closed (0.493166ms)
✔ duplicate story fails closed (0.505916ms)
✔ missing flow stories fails closed (0.565666ms)
✔ missing flow scenarios fails closed (1.447458ms)
✔ unsafe proposal criterion fails closed (1.356ms)
✔ unknown trace task fails closed (1.486625ms)
✔ unauthorized admin grant fails closed (1.072542ms)
✔ missing permission route fails closed (0.734417ms)
✔ phase-one P16 fails closed (0.08825ms)
✔ missing contract owner fails closed (1.174917ms)
✔ empty flow role fails closed (0.619ms)
✔ empty flow route fails closed (0.632541ms)
✔ state label mismatch fails closed (0.881167ms)
✔ desktop-only story fails closed (0.454916ms)
✔ persistent offline cache fails closed (1.06725ms)
✔ admin domain permission fails closed (0.774292ms)
✔ missing page story fails closed (0.471ms)
✔ cross-page route fails closed (0.5245ms)
✔ current G0 governance preserves history without granting current acceptance (1.450042ms)
✔ past-due G0 item cannot silently remain OPEN (0.619625ms)
✔ fabricated G0 acceptance fails against current checkpoint (0.55025ms)
✔ missing G0 leftover owner fails (0.548625ms)
✔ P05 cannot bind metadata download to an untraced audit export operation (1.811417ms)
✔ P21 cannot drop alert ownership from both ledger and trace while retaining the subscription (2.321542ms)
✔ unknown unlabelled operation in API register is rejected (1.835208ms)
✔ P05 quality alerts require C16 ownership on the consumer page (1.689792ms)
✔ API register rejects current version 1.4.0 (1.587042ms)
✔ API register rejects current version 99.99.0 (1.508042ms)
✔ published register row cannot omit API version (1.711167ms)
✔ published register row cannot omit generated mock version (1.784375ms)
✔ all ten historical compatibility strategies cannot be cleared (0.860208ms)
✔ current disposition cannot drop a historical parent (1.037583ms)
✔ current disposition requires effective checkpoint deadline (0.816042ms)
✔ current disposition cannot claim target RELEASE completion (0.890834ms)
✔ current disposition requires nonempty compatibility strategy (0.998209ms)
✔ current disposition presentation must match structured source (0.814667ms)
✔ current deadline cannot defer DEVELOPMENT provider obligations to integration (0.936542ms)
ℹ tests 43
ℹ suites 0
ℹ pass 43
ℹ fail 0
ℹ cancelled 0
ℹ skipped 0
ℹ todo 0
ℹ duration_ms 148.232584
