✔ formal gate rejects zero, one, two and noninteger runs (0.362666ms)
✔ all binaries participate in digest and omitted binary fails (2.9285ms)
✔ extra binary, missing wheel and stale/empty Web cannot pass output inventory (2.542792ms)
✔ manifest inventory cannot omit or add members (0.060958ms)
✔ dirty and untracked source rejected (60.160791ms)
✔ deleted module README is rejected (2.232792ms)
✔ wrong uv version fails toolchain preflight (17.229709ms)
✔ invalid locks fail real lock entrypoint (59.612125ms)
✔ Terminal default lint rejects a page TSX violation (706.391291ms)
✔ invalid run revokes old successful receipt (25.080334ms)
✔ Cargo manifest drift is rejected by actual lock gate (570.876125ms)
✔ uv manifest drift is rejected by actual lock gate (623.747084ms)
✔ pnpm manifest drift is rejected by actual lock gate (847.635208ms)
✔ malformed Buf lock is rejected by actual lock gate (630.117459ms)
✔ broken Desktop is outside phase-one pnpm frozen check (303.618ms)
✔ uv output marker is metadata, other unexpected files still fail (2.141292ms)
✔ build-only tool is required in output inventory without becoming a runtime binary (2.273667ms)
ℹ tests 17
ℹ suites 0
ℹ pass 17
ℹ fail 0
ℹ cancelled 0
ℹ skipped 0
ℹ todo 0
ℹ duration_ms 3891.778084
