
> @sumalpha/quantos@ test:development-plans /Users/anray/Documents/project/SumAlpha/QuantOS
> node --test scripts/development-plan-order-negative.mjs

✔ joint schedule is acyclic and preserves task/status boundaries (16.052667ms)
✔ restoring a complete R1 prerequisite for S2 services creates a rejected cycle (7.919834ms)
✔ research service waiting on its consumer page is rejected (7.4535ms)
✔ historical CORE:R04 to CORE:L04 probe now fails closed (7.342084ms)
✔ an early identity API cannot silently depend on later research services (8.951291ms)
✔ a provider cannot wait for the consumer frontend Gate (6.760916ms)
✔ removing S2 service admission from a core execution task is rejected (7.162875ms)
✔ S2 service Gate cannot omit TP12 advance evaluation (7.8145ms)
✔ I10 cannot drop testnet service admission even if metadata is edited with it (8.296667ms)
✔ a new or existing frontend cannot skip the full provider Gate (8.807708ms)
✔ G5 cannot be marked as closing in I4 before reconciliation (8.249667ms)
✔ moving the G1 block above I1 tasks is rejected (7.686375ms)
✔ milestone cannot omit its last child while retaining a Gate summary (8.439209ms)
✔ prose-only backend dependencies cannot drift from structured prerequisites (8.565875ms)
✔ core closure mapping cannot become an implicit service alias (7.99675ms)
✔ ACCEPTED checkpoint needs SHA and evidence, not only a green word (8.529583ms)
✔ accepted checkpoint evidence must resolve (4.125083ms)
✔ missing checkpoint and unknown dependency fail closed (10.308375ms)
✔ API windows cannot skip their preceding provider checkpoint (7.569333ms)
✔ UI windows cannot skip the preceding reconciliation window (7.827667ms)
✔ Web intake preserves the explicit no-model-review schema (2.117958ms)
✔ missing Web task fields still fail closed (2.07975ms)
✔ both plans must publish exactly the same stage contract (7.764875ms)
✔ changing both plans cannot defer correctness or functional deadlines to release (18.42325ms)
✔ both plans must retain every deferred release obligation (18.119875ms)
✔ tasks and checkpoints cannot omit, invent, or misclassify their stage gate (29.129375ms)
✔ release prerequisites cannot block either development or integration (17.332333ms)
✔ release gates cannot skip business closure or inherit the wrong stage (19.698417ms)
✔ historical ACCEPTED and completed tasks do not automatically become READY (8.198ms)
✔ READY needs its own input digest and resolvable evidence (44.704375ms)
✔ unassessed stage gates cannot carry an apparent ready receipt (10.210959ms)
✔ BLOCKED retains failure evidence and digest without being counted as READY (13.523875ms)
✔ a READY chain needs READY prerequisites and its own evidence at every node (20.587334ms)
✔ stage readiness never substitutes for formal acceptance evidence (4.197583ms)
✔ release READY requires formal acceptance and all functional prerequisites (13.59725ms)
ℹ tests 35
ℹ suites 0
ℹ pass 35
ℹ fail 0
ℹ cancelled 0
ℹ skipped 0
ℹ todo 0
ℹ duration_ms 454.006708
