
> @sumalpha/quantos@ test:pre02 /Users/anray/Documents/project/SumAlpha/QuantOS
> pnpm --filter @sumalpha/ui test:pre02


> @sumalpha/ui@0.1.0 test:pre02 /Users/anray/Documents/project/SumAlpha/QuantOS/packages/ui
> node --test scripts/pre02-gate-negative.mjs

✔ current PRE-02 design-system contract passes (7.770333ms)
✔ renaming a required safety key fails even when the count stays at 18 (1.565625ms)
✔ missing state color mapping fails closed (1.232ms)
✔ insufficient focus contrast is rejected (1.091333ms)
✔ missing readonly viewport is rejected (1.054166ms)
✔ deny cannot become success (1.108083ms)
✔ mapped token paths must exist (0.743667ms)
✔ English safety semantics cannot be inverted (0.659875ms)
✔ all compact density values remain frozen (0.758042ms)
✔ focus width and path remain frozen (0.79275ms)
✔ breakpoint intervals cannot develop gaps (0.656958ms)
✔ typography and spacing must match the reviewed contract (0.783333ms)
✔ required component identity cannot be replaced (0.596834ms)
✔ comments do not supply executable Storybook configuration (0.683792ms)
✔ surface.2 contrast cannot be removed from the contract (0.614541ms)
✔ native reference viewport is not a prerequisite of the Web Gate (0.556958ms)
✔ disabled contrast rule cannot hide behind a matching comment (0.569625ms)
✔ readonly viewport dimensions cannot hide behind its identifier (0.789458ms)
✔ phase-two page cannot enter the Web component acceptance rows (0.577083ms)
✔ provider JSX outside the decorator cannot authorize empty decorators (0.582542ms)
✔ unexported configuration does not authorize a Storybook entry (0.584167ms)
✔ initial theme cannot contradict the dark default contract (0.590291ms)
✔ object spread cannot silently override required addons (0.726292ms)
✔ duplicate decorators cannot replace the validated provider tree (0.663166ms)
✔ dead JSX branches are not executed provider decorators (1.072958ms)
✔ provider attributes cannot be overwritten through JSX spreads (0.795375ms)
✔ provider-only JSX without the Story consumer is rejected (0.661125ms)
ℹ tests 27
ℹ suites 0
ℹ pass 27
ℹ fail 0
ℹ cancelled 0
ℹ skipped 0
ℹ todo 0
ℹ duration_ms 191.262375
