
running 13 tests
test tests::object_keys_are_deterministic_for_same_hash ... ok
test snapshot::tests::quality_and_usage_wire_values_round_trip_and_reject_unknown_values ... ok
test supabase_storage::tests::payload_hash_validation_rejects_mismatch ... ok
test snapshot::tests::data_snapshot_rejects_invalid_window_age_and_schema ... ok
test tests::artifact_manifest_uses_hash_based_object_key ... ok
test tests::schema_registry_deduplicates_equivalent_documents ... ok
test tests::artifact_catalog_deduplicates_by_tenant_and_hash ... ok
test snapshot::tests::optional_license_rule_accepts_complete_unlicensed_metadata ... ok
test snapshot::tests::research_gate_allows_degraded_non_expired_snapshots ... ok
test snapshot::tests::data_snapshot_hash_is_stable_for_equivalent_inputs ... ok
test snapshot::tests::snapshot_gate_fails_closed_for_cross_tenant_rules_and_incomplete_lineage ... ok
test supabase_storage::tests::object_url_points_to_supabase_storage_endpoint ... ok
test snapshot::tests::strategy_and_trading_gates_reject_three_hundred_invalid_fixtures ... ok

test result: ok. 13 passed; 0 failed; 0 ignored; 0 measured; 0 filtered out; finished in 0.06s


running 3 tests
test registration_failure_compensates_upload_and_success_persists ... ok
test invalid_configuration_fails_before_requests ... ok
test http_success_errors_and_corrupt_downloads ... ok

test result: ok. 3 passed; 0 failed; 0 ignored; 0 measured; 0 filtered out; finished in 0.06s

    Finished `test` profile [unoptimized + debuginfo] target(s) in 0.10s
     Running unittests src/lib.rs (target/debug/deps/quantos_storage-357ed894a5974822)
     Running tests/storage_http.rs (target/debug/deps/storage_http-51e1ea94033244c9)
