✔ formal gate rejects zero, one, two and noninteger runs (0.415625ms)
✔ all binaries participate in digest and omitted binary fails (3.371875ms)
✔ extra binary, missing wheel and stale/empty Web cannot pass output inventory (2.548916ms)
✔ manifest inventory cannot omit or add members (0.066667ms)
✔ dirty and untracked source rejected (61.063959ms)
✔ deleted module README is rejected (2.482625ms)
✔ wrong uv version fails toolchain preflight (17.915625ms)
✔ invalid locks fail real lock entrypoint (61.038084ms)
✔ Terminal default lint rejects a page TSX violation (976.934375ms)
✔ invalid run revokes old successful receipt (27.530583ms)
✔ Cargo manifest drift is rejected by actual lock gate (585.691292ms)
✔ uv manifest drift is rejected by actual lock gate (670.781125ms)
✔ pnpm manifest drift is rejected by actual lock gate (931.922417ms)
✔ malformed Buf lock is rejected by actual lock gate (688.934125ms)
✔ broken Desktop is outside phase-one pnpm frozen check (315.233417ms)
✔ uv output marker is metadata, other unexpected files still fail (2.574667ms)
✔ build-only tool is required in output inventory without becoming a runtime binary (2.145667ms)
✔ pnpm frozen check rejects missing or changed patch bytes (702.833958ms)
✔ pnpm patch cannot read outside the repository (148.135875ms)
ℹ tests 19
ℹ suites 0
ℹ pass 19
ℹ fail 0
ℹ cancelled 0
ℹ skipped 0
ℹ todo 0
ℹ duration_ms 5238.962208
