
> @sumalpha/quantos@ test:pre01 /Users/anray/Documents/project/SumAlpha/QuantOS
> node --test ./scripts/tests/check-pre01.test.mjs

✔ current PRE-01 artifacts satisfy the executable contract (5.9445ms)
✔ missing a page state fails closed (1.893416ms)
✔ invalid story priority fails closed (0.577583ms)
✔ missing traceability row fails closed (1.4035ms)
✔ published operation cannot regress to planned fails closed (2.184041ms)
✔ unknown role fails closed (0.614584ms)
✔ unknown route fails closed (0.622417ms)
✔ duplicate story fails closed (0.861917ms)
✔ missing flow stories fails closed (0.713958ms)
✔ missing flow scenarios fails closed (1.291334ms)
✔ unsafe proposal criterion fails closed (1.330375ms)
✔ unknown trace task fails closed (1.416ms)
✔ unauthorized admin grant fails closed (1.024792ms)
✔ missing permission route fails closed (0.753792ms)
✔ phase-one P16 fails closed (0.087791ms)
✔ missing contract owner fails closed (1.205291ms)
✔ empty flow role fails closed (0.630542ms)
✔ empty flow route fails closed (0.645833ms)
✔ state label mismatch fails closed (0.967458ms)
✔ desktop-only story fails closed (0.496958ms)
✔ persistent offline cache fails closed (1.009542ms)
✔ admin domain permission fails closed (0.835666ms)
✔ missing page story fails closed (0.744291ms)
✔ cross-page route fails closed (0.56125ms)
✔ current G0 governance preserves history without granting current acceptance (1.763625ms)
✔ past-due G0 item cannot silently remain OPEN (0.718375ms)
✔ fabricated G0 acceptance fails against current checkpoint (0.618333ms)
✔ missing G0 leftover owner fails (0.638208ms)
✔ P05 cannot bind metadata download to an untraced audit export operation (2.430583ms)
✔ P21 cannot drop alert ownership from both ledger and trace while retaining the subscription (3.122208ms)
✔ unknown unlabelled operation in API register is rejected (1.872042ms)
✔ P05 quality alerts require C16 ownership on the consumer page (1.699208ms)
✔ API register rejects current version 1.4.0 (1.814542ms)
✔ API register rejects current version 99.99.0 (2.18325ms)
✔ published register row cannot omit API version (1.763833ms)
✔ published register row cannot omit generated mock version (2.040083ms)
✔ all ten historical compatibility strategies cannot be cleared (0.896667ms)
✔ current disposition cannot drop a historical parent (1.281625ms)
✔ current disposition requires effective checkpoint deadline (1.007208ms)
✔ current disposition cannot claim target RELEASE completion (1.026375ms)
✔ current disposition requires nonempty compatibility strategy (0.907125ms)
✔ current disposition presentation must match structured source (1.088542ms)
✔ current deadline cannot defer DEVELOPMENT provider obligations to integration (0.935583ms)
ℹ tests 43
ℹ suites 0
ℹ pass 43
ℹ fail 0
ℹ cancelled 0
ℹ skipped 0
ℹ todo 0
ℹ duration_ms 163.385541
