
> @sumalpha/quantos@ test:development-plans /private/var/folders/k8/_4hymb6j59s0c8xntb11ktmc0000gn/T/quantos-p0-review-9rl852il
> node --test scripts/development-plan-order-negative.mjs

✔ joint schedule is acyclic and preserves task/status boundaries (9.156291ms)
✔ restoring a complete R1 prerequisite for S2 services creates a rejected cycle (4.096375ms)
✔ research service waiting on its consumer page is rejected (3.579625ms)
✔ historical CORE:R04 to CORE:L04 probe now fails closed (3.673791ms)
✔ an early identity API cannot silently depend on later research services (5.037833ms)
✔ a provider cannot wait for the consumer frontend Gate (3.561292ms)
✔ removing S2 service admission from a core execution task is rejected (3.917791ms)
✔ S2 service Gate cannot omit TP12 advance evaluation (4.12475ms)
✔ I10 cannot drop testnet service admission even if metadata is edited with it (4.538458ms)
✔ a new or existing frontend cannot skip the full provider Gate (4.097459ms)
✔ G5 cannot be marked as closing in I4 before reconciliation (4.177459ms)
✔ moving the G1 block above I1 tasks is rejected (3.987584ms)
✔ milestone cannot omit its last child while retaining a Gate summary (4.618459ms)
✔ prose-only backend dependencies cannot drift from structured prerequisites (4.385625ms)
✔ core closure mapping cannot become an implicit service alias (4.377709ms)
✔ ACCEPTED checkpoint needs SHA and evidence, not only a green word (4.184875ms)
✔ accepted checkpoint evidence must resolve (2.062875ms)
✔ missing checkpoint and unknown dependency fail closed (5.228041ms)
✔ API windows cannot skip their preceding provider checkpoint (3.864667ms)
✔ UI windows cannot skip the preceding reconciliation window (3.986209ms)
✔ Web intake preserves the explicit no-model-review schema (1.366625ms)
✔ missing Web task fields still fail closed (1.216167ms)
ℹ tests 22
ℹ suites 0
ℹ pass 22
ℹ fail 0
ℹ cancelled 0
ℹ skipped 0
ℹ todo 0
ℹ duration_ms 127.690375
