
> @sumalpha/quantos@ test:pre02 /private/var/folders/k8/_4hymb6j59s0c8xntb11ktmc0000gn/T/quantos-p0-review-9rl852il
> pnpm --filter @sumalpha/ui test:pre02


> @sumalpha/ui@0.1.0 test:pre02 /private/var/folders/k8/_4hymb6j59s0c8xntb11ktmc0000gn/T/quantos-p0-review-9rl852il/packages/ui
> node --test scripts/pre02-gate-negative.mjs

✔ current PRE-02 design-system contract passes (8.510791ms)
✔ renaming a required safety key fails even when the count stays at 18 (1.704959ms)
✔ missing state color mapping fails closed (1.305375ms)
✔ insufficient focus contrast is rejected (1.085417ms)
✔ missing readonly viewport is rejected (1.152708ms)
✔ deny cannot become success (1.37425ms)
✔ mapped token paths must exist (0.806459ms)
✔ English safety semantics cannot be inverted (0.739417ms)
✔ all compact density values remain frozen (0.829625ms)
✔ focus width and path remain frozen (1.0975ms)
✔ breakpoint intervals cannot develop gaps (0.995959ms)
✔ typography and spacing must match the reviewed contract (0.984084ms)
✔ required component identity cannot be replaced (0.674ms)
✔ comments do not supply executable Storybook configuration (0.756709ms)
✔ surface.2 contrast cannot be removed from the contract (0.645709ms)
✔ native reference viewport is not a prerequisite of the Web Gate (0.576292ms)
✔ disabled contrast rule cannot hide behind a matching comment (0.581625ms)
✔ readonly viewport dimensions cannot hide behind its identifier (0.751875ms)
✔ phase-two page cannot enter the Web component acceptance rows (0.6445ms)
✔ provider JSX outside the decorator cannot authorize empty decorators (0.61175ms)
✔ unexported configuration does not authorize a Storybook entry (0.950459ms)
✔ initial theme cannot contradict the dark default contract (0.644625ms)
✔ object spread cannot silently override required addons (0.790209ms)
✔ duplicate decorators cannot replace the validated provider tree (0.685667ms)
✔ dead JSX branches are not executed provider decorators (1.147333ms)
✔ provider attributes cannot be overwritten through JSX spreads (0.768875ms)
✔ provider-only JSX without the Story consumer is rejected (0.672375ms)
ℹ tests 27
ℹ suites 0
ℹ pass 27
ℹ fail 0
ℹ cancelled 0
ℹ skipped 0
ℹ todo 0
ℹ duration_ms 199.465792
