
> @sumalpha/quantos@ test:pre03 /private/var/folders/k8/_4hymb6j59s0c8xntb11ktmc0000gn/T/quantos-p0-review-9rl852il
> node --test scripts/pre03-gate-negative.mjs

✔ current Web contract passes and never loads Desktop inputs (9.0345ms)
✔ apps/terminal rejects Next 15.5.23 (5.636208ms)
✔ apps/terminal rejects Next 16.0.0 (1.988291ms)
✔ apps/website rejects Next 15.5.23 (1.677125ms)
✔ apps/website rejects Next 16.0.0 (1.608667ms)
✔ missing package resolutions (1.866125ms)
✔ missing snapshots (1.245958ms)
✔ specifier drift (1.817ms)
✔ dependency removed (1.8465ms)
✔ dependency inserted (1.812458ms)
✔ manifest drift fails without changing lock (0.912ms)
✔ ADR drift fails (0.850792ms)
✔ duplicate ADR version row fails (1.018208ms)
✔ missing transitive snapshot fails (1.839083ms)
✔ Node pin drift fails (0.821166ms)
✔ effective Next configuration: valid export (226.08525ms)
✔ effective Next configuration: comment marker (226.758958ms)
✔ effective Next configuration: dead branch (230.976875ms)
✔ effective Next configuration: subsequent override (224.650875ms)
✔ effective Next configuration: function config (240.203209ms)
✔ bad route resources, fake HTML and script failures fail closed (11811.033708ms)
✔ Next-specific async client violation is an ESLint error (254.250667ms)
✔ build receipts reject stale source, config, identity and missing receipts (2.045334ms)
✔ source binding ignores caches but detects actual source changes (3.289541ms)
✔ all workspace importers and exact link targets are required (11.854083ms)
✔ runtime loader discovers omitted manifests independently of lockfile (541.337208ms)
✔ per-app env files are isolated and reloaded without polluting caller (692.715959ms)
ℹ tests 27
ℹ suites 0
ℹ pass 27
ℹ fail 0
ℹ cancelled 0
ℹ skipped 0
ℹ todo 0
ℹ duration_ms 15257.17525
