
> @sumalpha/quantos@ test:pre06 /private/var/folders/k8/_4hymb6j59s0c8xntb11ktmc0000gn/T/quantos-p0-review-9rl852il
> node --test scripts/pre06-gate-negative.mjs scripts/pre06-runtime-negative.mjs

✔ current PRE-06 Web baseline passes (24.924083ms)
✔ website browser Gate deletion is rejected (9.759083ms)
✔ Desktop coupling in phase-one compatibility is rejected (7.968708ms)
✔ Desktop deep-link inclusion in phase-one Terminal is rejected (6.877ms)
✔ generated operation coverage drift is rejected (6.375875ms)
✔ visual baseline integrity failure is rejected (5.536083ms)
✔ performance budget weakening is rejected (5.37575ms)
✔ disabled CI steps and comment-only commands are rejected (16.173708ms)
✔ contract assertion deletion and visual comparison deletion fail closed (10.887709ms)
✔ website performance and critical coverage gates cannot be removed (10.434167ms)
✔ CI retry policy must reject flaky outcomes and archive failure evidence (8.621709ms)
✔ comments cannot restore weakened budget or critical coverage policy (14.784292ms)
✔ skipped suites and inactive screenshot assertions cannot satisfy the baseline (35.432ms)
✔ unknown and corrupted fixtures are rejected, explicit sabotage fixtures remain expected failures (29.462917ms)
✔ empty assets and empty route manifest are never a zero-sized performance PASS (29.046208ms)
✔ actual CI configs return nonzero for first-fail-then-pass policy probe (1287.662916ms)
ℹ tests 16
ℹ suites 0
ℹ pass 16
ℹ fail 0
ℹ cancelled 0
ℹ skipped 0
ℹ todo 0
ℹ duration_ms 1394.58425
