
> @sumalpha/quantos@ test:pre04 /private/var/folders/k8/_4hymb6j59s0c8xntb11ktmc0000gn/T/quantos-p0-review-9rl852il
> node --test scripts/pre04-gate-negative.mjs

✔ current full phase-one inventory passes (10.819917ms)
✔ missing Gap is rejected (3.983708ms)
✔ undecided realtime dependency is rejected (5.320542ms)
✔ deleted required actorId field is rejected (3.512417ms)
✔ nonexistent field source is rejected (3.307083ms)
✔ wrong field type and optionality are rejected (3.499541ms)
✔ generated operation deletion is rejected (3.413459ms)
✔ generated method and path drift are rejected (6.494625ms)
✔ same-count schema rename is rejected (2.745625ms)
✔ schema required and enum drift are rejected (6.397833ms)
✔ same-count Proto message rename is rejected (3.386875ms)
✔ removed Proto declaration is rejected (3.359167ms)
✔ same-count JSON Schema replacement is rejected (2.952666ms)
✔ duplicate contract row is rejected before Map collapse (3.247584ms)
✔ duplicate Gap row is rejected before Map collapse (2.932ms)
✔ nonexistent role owner is rejected (2.830166ms)
✔ nonexistent backend task is rejected (3.138625ms)
✔ nonexistent BFF task is rejected (2.886458ms)
✔ unknown Gap page is rejected (2.846125ms)
✔ each missing website P0 page is rejected (14.438958ms)
✔ missing auxiliary risk/audit/order contract is rejected (8.779625ms)
✔ closing partly published Gap is rejected (2.959708ms)
✔ omitting planned operation is rejected (3.354875ms)
✔ unpublished Inventory Fixture cannot claim Implemented (3.129334ms)
✔ generated-only contract cannot claim Integrated (2.834ms)
✔ missing provider evidence is rejected (3.757917ms)
✔ changed provider receipt is rejected (2.990708ms)
✔ missing Inventory Fixture is rejected (2.957666ms)
✔ Desktop contamination is rejected by Web inventory (3.21675ms)
✔ nonexistent domain field mappings including the former engine-version anchor are rejected (5.917083ms)
✔ removed referenced core task is rejected (3.996167ms)
✔ catalog source drift is rejected (2.842458ms)
✔ empty implementation artifact lists are rejected for every implemented contract (8.370333ms)
✔ each missing implementation evidence category is rejected (26.660958ms)
✔ duplicate artifacts cannot substitute for test or receipt evidence (3.428834ms)
✔ another contract receipt cannot substitute for required evidence (2.804083ms)
✔ unknown task suffixes are rejected in both backend task columns (18.374208ms)
✔ ambiguous cross-prefix ranges cannot impersonate reviewed backend tasks (5.642333ms)
ℹ tests 38
ℹ suites 0
ℹ pass 38
ℹ fail 0
ℹ cancelled 0
ℹ skipped 0
ℹ todo 0
ℹ duration_ms 284.88775
