
> @sumalpha/quantos@ test:pre01 /private/var/folders/k8/_4hymb6j59s0c8xntb11ktmc0000gn/T/quantos-p0-review-9rl852il
> node --test ./scripts/tests/check-pre01.test.mjs

✔ current PRE-01 artifacts satisfy the executable contract (4.081375ms)
✔ missing a page state fails closed (1.76ms)
✔ invalid story priority fails closed (0.567792ms)
✔ missing traceability row fails closed (1.792959ms)
✔ published operation cannot regress to planned fails closed (1.611542ms)
✔ unknown role fails closed (0.517334ms)
✔ unknown route fails closed (0.577084ms)
✔ duplicate story fails closed (0.515917ms)
✔ missing flow stories fails closed (0.536708ms)
✔ missing flow scenarios fails closed (1.060333ms)
✔ unsafe proposal criterion fails closed (1.214833ms)
✔ unknown trace task fails closed (1.316875ms)
✔ unauthorized admin grant fails closed (1.131166ms)
✔ missing permission route fails closed (0.77175ms)
✔ phase-one P16 fails closed (0.088625ms)
✔ missing contract owner fails closed (1.090542ms)
✔ empty flow role fails closed (0.673375ms)
✔ empty flow route fails closed (0.662708ms)
✔ state label mismatch fails closed (0.865333ms)
✔ desktop-only story fails closed (0.463333ms)
✔ persistent offline cache fails closed (1.116625ms)
✔ admin domain permission fails closed (0.766417ms)
✔ missing page story fails closed (0.544833ms)
✔ cross-page route fails closed (0.52075ms)
✔ current G0 governance preserves history without granting current acceptance (0.829709ms)
✔ past-due G0 item cannot silently remain OPEN (0.447833ms)
✔ fabricated G0 acceptance fails against current checkpoint (0.396292ms)
✔ missing G0 leftover owner fails (0.449417ms)
✔ P05 cannot bind metadata download to an untraced audit export operation (1.776125ms)
✔ P21 cannot drop alert ownership from both ledger and trace while retaining the subscription (1.82225ms)
✔ unknown unlabelled operation in API register is rejected (1.544958ms)
✔ P05 quality alerts require C16 ownership on the consumer page (1.763584ms)
ℹ tests 32
ℹ suites 0
ℹ pass 32
ℹ fail 0
ℹ cancelled 0
ℹ skipped 0
ℹ todo 0
ℹ duration_ms 86.220916
