
> @sumalpha/ui@0.1.0 build-storybook /private/var/folders/k8/_4hymb6j59s0c8xntb11ktmc0000gn/T/quantos-p0-review-9rl852il/packages/ui
> storybook build

[1m@storybook/core v8.6.18
[22m
info => Cleaning outputDir: [36mstorybook-static[39m
info => Loading presets
info => Building manager..
info => Manager built ([38;2;181;126;229m64 ms[39m)
info => Building preview..
info Using tsconfig paths for react-docgen
[36mvite v6.4.3 [32mbuilding for production...[36m[39m
transforming...
(node:71897) [DEP0190] DeprecationWarning: Passing args to a child process with shell option true can lead to security vulnerabilities, as the arguments are not escaped, only concatenated.
(Use `node --trace-deprecation ...` to show where the warning was created)
info => Copying static files: [36mpublic[39m at [36mstorybook-static[39m
[33msrc/i18n/I18nProvider.tsx (1:0): Error when using sourcemap for reporting an error: Can't resolve original location of error.[39m
[33msrc/i18n/I18nProvider.tsx (1:0): Module level directives cause errors when bundled, "use client" in "src/i18n/I18nProvider.tsx" was ignored.[39m
[33msrc/theme/ThemeProvider.tsx (1:0): Error when using sourcemap for reporting an error: Can't resolve original location of error.[39m
[33msrc/theme/ThemeProvider.tsx (1:0): Module level directives cause errors when bundled, "use client" in "src/theme/ThemeProvider.tsx" was ignored.[39m
[33m../../apps/terminal/app/settings/_components/ui104-settings-workspace.tsx (1:0): Error when using sourcemap for reporting an error: Can't resolve original location of error.[39m
[33m../../apps/terminal/app/settings/_components/ui104-settings-workspace.tsx (1:0): Module level directives cause errors when bundled, "use client" in "../../apps/terminal/app/settings/_components/ui104-settings-workspace.tsx" was ignored.[39m
[33msrc/components/Button/Button.tsx (1:0): Error when using sourcemap for reporting an error: Can't resolve original location of error.[39m
[33msrc/components/Button/Button.tsx (1:0): Module level directives cause errors when bundled, "use client" in "src/components/Button/Button.tsx" was ignored.[39m
[33msrc/components/DangerConfirmDialog/DangerConfirmDialog.tsx (1:0): Error when using sourcemap for reporting an error: Can't resolve original location of error.[39m
[33msrc/components/DangerConfirmDialog/DangerConfirmDialog.tsx (1:0): Module level directives cause errors when bundled, "use client" in "src/components/DangerConfirmDialog/DangerConfirmDialog.tsx" was ignored.[39m
[33msrc/components/DataGrid/DataGrid.tsx (1:0): Error when using sourcemap for reporting an error: Can't resolve original location of error.[39m
[33msrc/components/DataGrid/DataGrid.tsx (1:0): Module level directives cause errors when bundled, "use client" in "src/components/DataGrid/DataGrid.tsx" was ignored.[39m
[33m../../node_modules/.pnpm/@radix-ui+react-dialog@1.1.23_@types+react-dom@19.2.4_@types+react@19.2.18__@types+reac_f43cda4f5f60c6fd8f384ced683c6d90/node_modules/@radix-ui/react-dialog/dist/index.mjs (1:0): Module level directives cause errors when bundled, "use client" in "../../node_modules/.pnpm/@radix-ui+react-dialog@1.1.23_@types+react-dom@19.2.4_@types+react@19.2.18__@types+reac_f43cda4f5f60c6fd8f384ced683c6d90/node_modules/@radix-ui/react-dialog/dist/index.mjs" was ignored.[39m
[33m../../node_modules/.pnpm/@radix-ui+react-portal@1.1.17_@types+react-dom@19.2.4_@types+react@19.2.18__@types+reac_7d49bbd59f67da7ea06e84940374bb40/node_modules/@radix-ui/react-portal/dist/index.mjs (1:0): Module level directives cause errors when bundled, "use client" in "../../node_modules/.pnpm/@radix-ui+react-portal@1.1.17_@types+react-dom@19.2.4_@types+react@19.2.18__@types+reac_7d49bbd59f67da7ea06e84940374bb40/node_modules/@radix-ui/react-portal/dist/index.mjs" was ignored.[39m
[33m../../node_modules/.pnpm/@radix-ui+react-dismissable-layer@1.1.19_@types+react-dom@19.2.4_@types+react@19.2.18___40e495cae3a960f65f80435c18b02650/node_modules/@radix-ui/react-dismissable-layer/dist/index.mjs (1:0): Module level directives cause errors when bundled, "use client" in "../../node_modules/.pnpm/@radix-ui+react-dismissable-layer@1.1.19_@types+react-dom@19.2.4_@types+react@19.2.18___40e495cae3a960f65f80435c18b02650/node_modules/@radix-ui/react-dismissable-layer/dist/index.mjs" was ignored.[39m
[33m../../node_modules/.pnpm/@radix-ui+react-focus-scope@1.1.16_@types+react-dom@19.2.4_@types+react@19.2.18__@types_3b4e29b84c639c7da7ed6c275ef9f34b/node_modules/@radix-ui/react-focus-scope/dist/index.mjs (1:0): Module level directives cause errors when bundled, "use client" in "../../node_modules/.pnpm/@radix-ui+react-focus-scope@1.1.16_@types+react-dom@19.2.4_@types+react@19.2.18__@types_3b4e29b84c639c7da7ed6c275ef9f34b/node_modules/@radix-ui/react-focus-scope/dist/index.mjs" was ignored.[39m
[33m../../node_modules/.pnpm/@radix-ui+react-focus-guards@1.1.6_@types+react@19.2.18_react@19.2.8/node_modules/@radix-ui/react-focus-guards/dist/index.mjs (1:0): Module level directives cause errors when bundled, "use client" in "../../node_modules/.pnpm/@radix-ui+react-focus-guards@1.1.6_@types+react@19.2.18_react@19.2.8/node_modules/@radix-ui/react-focus-guards/dist/index.mjs" was ignored.[39m
[33m../../node_modules/.pnpm/@radix-ui+react-presence@1.1.10_@types+react-dom@19.2.4_@types+react@19.2.18__@types+re_c16522d094fa2977c5a9a5cd628ab890/node_modules/@radix-ui/react-presence/dist/index.mjs (1:0): Module level directives cause errors when bundled, "use client" in "../../node_modules/.pnpm/@radix-ui+react-presence@1.1.10_@types+react-dom@19.2.4_@types+react@19.2.18__@types+re_c16522d094fa2977c5a9a5cd628ab890/node_modules/@radix-ui/react-presence/dist/index.mjs" was ignored.[39m
[32m✓[39m 203 modules transformed.
[33m../../node_modules/.pnpm/@storybook+core@8.6.18_storybook@8.6.18/node_modules/@storybook/core/dist/preview/runtime.js (3683:15): Use of eval in "../../node_modules/.pnpm/@storybook+core@8.6.18_storybook@8.6.18/node_modules/@storybook/core/dist/preview/runtime.js" is strongly discouraged as it poses security risks and may cause issues with minification.[39m
[33m../../node_modules/.pnpm/@storybook+core@8.6.18_storybook@8.6.18/node_modules/@storybook/core/dist/preview/runtime.js (3685:16): Use of eval in "../../node_modules/.pnpm/@storybook+core@8.6.18_storybook@8.6.18/node_modules/@storybook/core/dist/preview/runtime.js" is strongly discouraged as it poses security risks and may cause issues with minification.[39m
rendering chunks...
computing gzip size...
[2mstorybook-static/[22m[32miframe.html                                          [39m[1m[2m 18.02 kB[22m[1m[22m[2m │ gzip:   5.03 kB[22m
[2mstorybook-static/[22m[2massets/[22m[35mpreview-BLQmdr70.css                          [39m[1m[2m  5.77 kB[22m[1m[22m[2m │ gzip:   1.47 kB[22m
[2mstorybook-static/[22m[2massets/[22m[35mui104-settings-workspace-D8DhfB6s.css         [39m[1m[2m 62.14 kB[22m[1m[22m[2m │ gzip:  14.89 kB[22m
[2mstorybook-static/[22m[2massets/[22m[36m_commonjsHelpers-CqkleIqs.js                  [39m[1m[2m  0.12 kB[22m[1m[22m[2m │ gzip:   0.13 kB[22m
[2mstorybook-static/[22m[2massets/[22m[36mindex-3b7XovMV.js                             [39m[1m[2m  0.14 kB[22m[1m[22m[2m │ gzip:   0.13 kB[22m
[2mstorybook-static/[22m[2massets/[22m[36mpreview-CvbIS5ZJ.js                           [39m[1m[2m  0.18 kB[22m[1m[22m[2m │ gzip:   0.16 kB[22m
[2mstorybook-static/[22m[2massets/[22m[36mindex--sZXvukR.js                             [39m[1m[2m  0.46 kB[22m[1m[22m[2m │ gzip:   0.30 kB[22m
[2mstorybook-static/[22m[2massets/[22m[36mchunk-XP5HYGXS-BHXC9YeQ.js                    [39m[1m[2m  0.71 kB[22m[1m[22m[2m │ gzip:   0.40 kB[22m
[2mstorybook-static/[22m[2massets/[22m[36mpreview-DGUiP6tS.js                           [39m[1m[2m  0.71 kB[22m[1m[22m[2m │ gzip:   0.50 kB[22m
[2mstorybook-static/[22m[2massets/[22m[36mjsx-runtime-D_zvdyIk.js                       [39m[1m[2m  0.73 kB[22m[1m[22m[2m │ gzip:   0.46 kB[22m
[2mstorybook-static/[22m[2massets/[22m[36mindex-Bhqu_tAV.js                             [39m[1m[2m  0.79 kB[22m[1m[22m[2m │ gzip:   0.47 kB[22m
[2mstorybook-static/[22m[2massets/[22m[36mreact-18-S2UKtIyE.js                          [39m[1m[2m  0.84 kB[22m[1m[22m[2m │ gzip:   0.50 kB[22m
[2mstorybook-static/[22m[2massets/[22m[36mButton-n-zZTxPa.js                            [39m[1m[2m  0.90 kB[22m[1m[22m[2m │ gzip:   0.49 kB[22m
[2mstorybook-static/[22m[2massets/[22m[36mInlineAlert-sLGLlC8E.js                       [39m[1m[2m  0.91 kB[22m[1m[22m[2m │ gzip:   0.47 kB[22m
[2mstorybook-static/[22m[2massets/[22m[36mpreview-B3_44YQI.js                           [39m[1m[2m  0.95 kB[22m[1m[22m[2m │ gzip:   0.60 kB[22m
[2mstorybook-static/[22m[2massets/[22m[36mI18nProvider.stories-inkwb62D.js              [39m[1m[2m  1.03 kB[22m[1m[22m[2m │ gzip:   0.54 kB[22m
[2mstorybook-static/[22m[2massets/[22m[36mtest-utils-f4F7u-s2.js                        [39m[1m[2m  1.16 kB[22m[1m[22m[2m │ gzip:   0.72 kB[22m
[2mstorybook-static/[22m[2massets/[22m[36mThemeProvider.stories-rM20LThT.js             [39m[1m[2m  1.19 kB[22m[1m[22m[2m │ gzip:   0.60 kB[22m
[2mstorybook-static/[22m[2massets/[22m[36mpreview-B-eEeV5_.js                           [39m[1m[2m  1.23 kB[22m[1m[22m[2m │ gzip:   0.65 kB[22m
[2mstorybook-static/[22m[2massets/[22m[36mInlineAlert.stories-BhGJWnZc.js               [39m[1m[2m  1.49 kB[22m[1m[22m[2m │ gzip:   0.66 kB[22m
[2mstorybook-static/[22m[2massets/[22m[36mButton.stories-R5TLtxiO.js                    [39m[1m[2m  1.55 kB[22m[1m[22m[2m │ gzip:   0.59 kB[22m
[2mstorybook-static/[22m[2massets/[22m[36mStateBadge-D-6FdPAn.js                        [39m[1m[2m  1.67 kB[22m[1m[22m[2m │ gzip:   0.83 kB[22m
[2mstorybook-static/[22m[2massets/[22m[36mui103-oVml8kWR.js                             [39m[1m[2m  2.01 kB[22m[1m[22m[2m │ gzip:   1.03 kB[22m
[2mstorybook-static/[22m[2massets/[22m[36mpreview-Dp6-IRA2.js                           [39m[1m[2m  2.22 kB[22m[1m[22m[2m │ gzip:   1.21 kB[22m
[2mstorybook-static/[22m[2massets/[22m[36mConnectionStatusBar.stories-7vBJnXmD.js       [39m[1m[2m  2.43 kB[22m[1m[22m[2m │ gzip:   1.12 kB[22m
[2mstorybook-static/[22m[2massets/[22m[36mDangerConfirmDialog.stories-C68cRBUH.js       [39m[1m[2m  2.66 kB[22m[1m[22m[2m │ gzip:   1.20 kB[22m
[2mstorybook-static/[22m[2massets/[22m[36mRiskPostureBadge.stories-Sx0PneXR.js          [39m[1m[2m  2.75 kB[22m[1m[22m[2m │ gzip:   1.22 kB[22m
[2mstorybook-static/[22m[2massets/[22m[36mStateBadge.stories-CeIx7fAf.js                [39m[1m[2m  2.77 kB[22m[1m[22m[2m │ gzip:   0.92 kB[22m
[2mstorybook-static/[22m[2massets/[22m[36mDataFreshnessIndicator.stories-BJELRQ3u.js    [39m[1m[2m  2.77 kB[22m[1m[22m[2m │ gzip:   1.22 kB[22m
[2mstorybook-static/[22m[2massets/[22m[36mEvidenceTimeline.stories-B6z2BGn5.js          [39m[1m[2m  3.24 kB[22m[1m[22m[2m │ gzip:   1.10 kB[22m
[2mstorybook-static/[22m[2massets/[22m[36mpreview-DbvcQN37.js                           [39m[1m[2m  3.62 kB[22m[1m[22m[2m │ gzip:   1.75 kB[22m
[2mstorybook-static/[22m[2massets/[22m[36mindex-BA8NevWa.js                             [39m[1m[2m  3.89 kB[22m[1m[22m[2m │ gzip:   1.52 kB[22m
[2mstorybook-static/[22m[2massets/[22m[36mindicators-BVJ5jHP8.js                        [39m[1m[2m  3.96 kB[22m[1m[22m[2m │ gzip:   1.44 kB[22m
[2mstorybook-static/[22m[2massets/[22m[36mpreview-B0GEC7uH.js                           [39m[1m[2m  5.06 kB[22m[1m[22m[2m │ gzip:   1.88 kB[22m
[2mstorybook-static/[22m[2massets/[22m[36mThemeProvider-ChIlKNxc.js                     [39m[1m[2m  5.16 kB[22m[1m[22m[2m │ gzip:   2.04 kB[22m
[2mstorybook-static/[22m[2massets/[22m[36mDataGrid.stories-lVdetiv2.js                  [39m[1m[2m  6.06 kB[22m[1m[22m[2m │ gzip:   2.27 kB[22m
[2mstorybook-static/[22m[2massets/[22m[36mI18nProvider-C4YwdO9d.js                      [39m[1m[2m  7.14 kB[22m[1m[22m[2m │ gzip:   3.37 kB[22m
[2mstorybook-static/[22m[2massets/[22m[36mpreview-CCCznEf4.js                           [39m[1m[2m  7.62 kB[22m[1m[22m[2m │ gzip:   1.56 kB[22m
[2mstorybook-static/[22m[2massets/[22m[36mpreview-BBWR9nbA.js                           [39m[1m[2m  8.12 kB[22m[1m[22m[2m │ gzip:   3.10 kB[22m
[2mstorybook-static/[22m[2massets/[22m[36mindex-UiW3gZKV.js                             [39m[1m[2m  8.31 kB[22m[1m[22m[2m │ gzip:   3.29 kB[22m
[2mstorybook-static/[22m[2massets/[22m[36mEvidenceTimeline-Cj-s9bEy.js                  [39m[1m[2m 10.70 kB[22m[1m[22m[2m │ gzip:   3.31 kB[22m
[2mstorybook-static/[22m[2massets/[22m[36mColor-YHDXOIA2-Ev4iI063.js                    [39m[1m[2m 29.41 kB[22m[1m[22m[2m │ gzip:  11.09 kB[22m
[2mstorybook-static/[22m[2massets/[22m[36mmatchers-7Z3WT2CE-T3xScrR7.js                 [39m[1m[2m 29.81 kB[22m[1m[22m[2m │ gzip:  10.30 kB[22m
[2mstorybook-static/[22m[2massets/[22m[36mentry-preview-CCseNh98.js                     [39m[1m[2m 29.85 kB[22m[1m[22m[2m │ gzip:   9.56 kB[22m
[2mstorybook-static/[22m[2massets/[22m[36mui104-settings-workspace.stories-Bo0vAYLu.js  [39m[1m[2m 35.19 kB[22m[1m[22m[2m │ gzip:  10.72 kB[22m
[2mstorybook-static/[22m[2massets/[22m[36mDangerConfirmDialog-CjR2de3_.js               [39m[1m[2m 42.87 kB[22m[1m[22m[2m │ gzip:  14.59 kB[22m
[2mstorybook-static/[22m[2massets/[22m[36mindex-DgH-xKnr.js                             [39m[1m[2m 57.15 kB[22m[1m[22m[2m │ gzip:  16.28 kB[22m
[2mstorybook-static/[22m[2massets/[22m[36mclient-CTepALB4.js                            [39m[1m[2m181.00 kB[22m[1m[22m[2m │ gzip:  56.87 kB[22m
[2mstorybook-static/[22m[2massets/[22m[36miframe-DiL8X-7x.js                            [39m[1m[2m214.95 kB[22m[1m[22m[2m │ gzip:  72.58 kB[22m
[2mstorybook-static/[22m[2massets/[22m[36mentry-preview-docs-BEV6M-O4.js                [39m[1m[2m247.12 kB[22m[1m[22m[2m │ gzip:  73.45 kB[22m
[2mstorybook-static/[22m[2massets/[22m[36maxe-BvpLO7uO.js                               [39m[1m[33m601.24 kB[39m[22m[2m │ gzip: 165.89 kB[22m
[2mstorybook-static/[22m[2massets/[22m[36mpreview-BIuR4HGU.js                           [39m[1m[33m660.73 kB[39m[22m[2m │ gzip: 156.59 kB[22m
[2mstorybook-static/[22m[2massets/[22m[36mindex-DH-M5T-F.js                             [39m[1m[33m662.49 kB[39m[22m[2m │ gzip: 157.07 kB[22m
[2mstorybook-static/[22m[2massets/[22m[36mDocsRenderer-CFRXHY34-CXUfWDAu.js             [39m[1m[33m888.20 kB[39m[22m[2m │ gzip: 275.88 kB[22m
[33m
(!) Some chunks are larger than 500 kB after minification. Consider:
- Using dynamic import() to code-split the application
- Use build.rollupOptions.output.manualChunks to improve chunking: https://rollupjs.org/configuration-options/#output-manualchunks
- Adjust chunk size limit for this warning via build.chunkSizeWarningLimit.[39m
[32m✓ built in 2.59s[39m
info => Preview built ([38;2;181;126;229m2.81 s[39m)
info => Output directory: /private/var/folders/k8/_4hymb6j59s0c8xntb11ktmc0000gn/T/quantos-p0-review-9rl852il/packages/ui/storybook-static

[35m[1mattention[22m[39m => Storybook now collects completely anonymous telemetry regarding usage.
This information is used to shape Storybook's roadmap and prioritize features.
You can learn more, including how to opt-out if you'd not like to participate in this anonymous program, by visiting the following URL:
[36mhttps://storybook.js.org/telemetry[39m

