
> @sumalpha/quantos@ test:browser:website /private/var/folders/k8/_4hymb6j59s0c8xntb11ktmc0000gn/T/quantos-p0-review-9rl852il
> node scripts/check-pre06.mjs && playwright test --config playwright.website.config.ts --project=webkit --workers=2 --reporter=list,json --retries=0 --update-snapshots=none

{
  "schema": "quantos-pre06/v1",
  "status": "PASS",
  "bff_operations": 62,
  "bff_schemas": 51,
  "visual_baselines": 24
}

Running 18 tests using 2 workers

  ✓   2 [webkit] › tests/e2e/website.spec.ts:23:7 › WEB-101 website › 首页呈现品牌主张、信任承诺与证据链 (484ms)
  ✓   1 [webkit] › tests/e2e/website.spec.ts:33:7 › WEB-101 website › 全部首期页面可访问且导航互链 (827ms)
  ✓   3 [webkit] › tests/e2e/website.spec.ts:46:9 › WEB-101 website › / 无 serious/critical 无障碍违规 (613ms)
  ✓   4 [webkit] › tests/e2e/website.spec.ts:46:9 › WEB-101 website › /product 无 serious/critical 无障碍违规 (587ms)
  ✓   5 [webkit] › tests/e2e/website.spec.ts:46:9 › WEB-101 website › /architecture-security 无 serious/critical 无障碍违规 (578ms)
  ✓   6 [webkit] › tests/e2e/website.spec.ts:46:9 › WEB-101 website › /use-cases 无 serious/critical 无障碍违规 (562ms)
  ✓   7 [webkit] › tests/e2e/website.spec.ts:46:9 › WEB-101 website › /docs 无 serious/critical 无障碍违规 (545ms)
  ✓   8 [webkit] › tests/e2e/website.spec.ts:46:9 › WEB-101 website › /access-request 无 serious/critical 无障碍违规 (551ms)
  ✓   9 [webkit] › tests/e2e/website.spec.ts:46:9 › WEB-101 website › /login 无 serious/critical 无障碍违规 (540ms)
  ✓  10 [webkit] › tests/e2e/website.spec.ts:54:7 › WEB-101 website › 390px 移动端无页面级横向溢出 (357ms)
  ✓  11 [webkit] › tests/e2e/website.spec.ts:63:7 › WEB-101 website › 文档中心无结果时可清除条件并联系支持 (500ms)
  ✓  12 [webkit] › tests/e2e/website.spec.ts:76:7 › WEB-101 website › 访问申请表单：校验、honeypot 与受理语义 (656ms)
  ✓  13 [webkit] › tests/e2e/website.spec.ts:99:7 › WEB-101 website › 访问申请 202 仅显示受理态并发送冻结契约字段 (304ms)
  ✓  15 [webkit] › tests/e2e/website.spec.ts:145:7 › WEB-101 website › 离线时禁止提交并保留已填内容 (262ms)
  ✓  14 [webkit] › tests/e2e/website.spec.ts:126:7 › WEB-101 website › 访问申请 429 显示等待与参考号且保留输入 (311ms)
  ✓  17 [webkit] › tests/e2e/website.spec.ts:177:7 › WEB-101 website › 官网不包含收益承诺类禁用词 (431ms)
  ✓  16 [webkit] › tests/e2e/website.spec.ts:156:7 › WEB-101 website › SEO 输出覆盖 canonical、robots 与七页 sitemap (518ms)
  ✓  18 [webkit] › tests/e2e/website.spec.ts:191:7 › WEB-101 website › 登录页指向 Terminal 且不内嵌认证表单 (205ms)

  18 passed (5.6s)
