cargo fmt --check
cargo clippy --workspace --all-targets -- -D warnings
    Finished `dev` profile [unoptimized + debuginfo] target(s) in 0.12s
uv run --locked --project engines --all-packages ruff check .
All checks passed!
uv run --locked --project engines --all-packages pyright --project engines
0 errors, 0 warnings, 0 informations 
WARNING: there is a new pyright version available (v1.1.403 -> v1.1.414).
Please install the new version or set PYRIGHT_PYTHON_FORCE_VERSION to `latest`

pnpm lint

> @sumalpha/quantos@ lint /Users/anray/Documents/project/SumAlpha/QuantOS
> pnpm -r lint

Scope: 7 of 8 workspace projects
packages/config lint$ eslint src tests --ext .ts
packages/ui lint$ eslint src tests --ext .ts,.tsx
packages/config lint: Done
packages/ui lint: Done
packages/api-client lint$ eslint src tests --ext .ts
packages/platform lint$ eslint src tests --ext .ts
packages/platform lint: Done
packages/api-client lint: Done
apps/website lint$ eslint app src tests
packages/domain-ui lint$ eslint src tests --ext .ts,.tsx
apps/website lint: Done
packages/domain-ui lint: Done
apps/terminal lint$ eslint app src tests --ext .ts,.tsx
apps/terminal lint: Done
pnpm typecheck

> @sumalpha/quantos@ typecheck /Users/anray/Documents/project/SumAlpha/QuantOS
> pnpm -r typecheck

Scope: 7 of 8 workspace projects
packages/config typecheck$ tsc --project tsconfig.json --noEmit
packages/ui typecheck$ tsc --project tsconfig.json --noEmit
packages/config typecheck: Done
packages/ui typecheck: Done
packages/platform typecheck$ tsc --project tsconfig.json --noEmit
packages/api-client typecheck$ tsc --project tsconfig.json --noEmit
packages/platform typecheck: Done
packages/api-client typecheck: Done
packages/domain-ui typecheck$ tsc --project tsconfig.json --noEmit
apps/website typecheck$ tsc --project tsconfig.json --noEmit
apps/website typecheck: Done
packages/domain-ui typecheck: Done
apps/terminal typecheck$ tsc --project tsconfig.json --noEmit
apps/terminal typecheck: Done
cargo test --workspace --locked
    Finished `test` profile [unoptimized + debuginfo] target(s) in 0.20s
     Running unittests src/lib.rs (target/debug/deps/bff_gateway-da731158c828bbaf)

running 0 tests

test result: ok. 0 passed; 0 failed; 0 ignored; 0 measured; 0 filtered out; finished in 0.00s

     Running unittests src/main.rs (target/debug/deps/bff_gateway-552eedd7809cfd97)

running 0 tests

test result: ok. 0 passed; 0 failed; 0 ignored; 0 measured; 0 filtered out; finished in 0.00s

     Running tests/audit_export_provider.rs (target/debug/deps/audit_export_provider-8a017242beb39958)

running 4 tests
test evidence_chain_preserves_causation_order_and_hides_missing_resources ... ok
test export_cancel_expiry_and_validation_fail_closed ... ok
test audit_search_is_capability_guarded_redacted_and_cursor_paginated ... ok
test export_lifecycle_is_idempotent_watermarked_short_lived_and_audited ... ok

test result: ok. 4 passed; 0 failed; 0 ignored; 0 measured; 0 filtered out; finished in 0.00s

     Running tests/auth_settings_provider.rs (target/debug/deps/auth_settings_provider-19578b84d9f4b028)

running 8 tests
test public_access_request_validates_origin_and_body_and_writes_audit ... ok
test logout_expires_secure_http_only_same_site_cookie ... ok
test mfa_rate_limit_is_account_neutral ... ok
test notification_save_is_idempotent_and_audited ... ok
test current_session_and_last_mfa_factor_are_protected ... ok
test authentication_csrf_and_resource_failures_fail_closed ... ok
test stale_settings_write_returns_current_version_without_mutation ... ok
test session_revocation_requires_recent_auth_is_idempotent_and_emits_sse_audit ... ok

test result: ok. 8 passed; 0 failed; 0 ignored; 0 measured; 0 filtered out; finished in 0.01s

     Running unittests src/main.rs (target/debug/deps/capacity_monitor-fc5f3b423df4e0bd)

running 0 tests

test result: ok. 0 passed; 0 failed; 0 ignored; 0 measured; 0 filtered out; finished in 0.00s

     Running unittests src/main.rs (target/debug/deps/execution_gateway-959259954a100c0e)

running 2 tests
test tests::nautilus_gateway_builder_is_available_for_bootstrap ... ok
test tests::paper_gateway_builder_is_available_for_bootstrap ... ok

test result: ok. 2 passed; 0 failed; 0 ignored; 0 measured; 0 filtered out; finished in 0.00s

     Running unittests src/main.rs (target/debug/deps/market_ingestor-db0c505121670650)

running 0 tests

test result: ok. 0 passed; 0 failed; 0 ignored; 0 measured; 0 filtered out; finished in 0.00s

     Running unittests src/main.rs (target/debug/deps/portfolio_rebuild-2066533cb7a12c3e)

running 0 tests

test result: ok. 0 passed; 0 failed; 0 ignored; 0 measured; 0 filtered out; finished in 0.00s

     Running unittests src/lib.rs (target/debug/deps/quantos_auth-0c42167fb97fd646)

running 2 tests
test tests::user_request_context_can_represent_primary_workspace_session ... ok
test tests::auth_context_projects_policy_context ... ok

test result: ok. 2 passed; 0 failed; 0 ignored; 0 measured; 0 filtered out; finished in 0.00s

     Running tests/postgres_auth_context.rs (target/debug/deps/postgres_auth_context-16425549cac8e0cd)

running 2 tests
test gateway_auth_loads_primary_workspace_context_and_enforces_capability_checks ... ok
test gateway_auth_only_allows_service_secret_resolution_via_allowlist_session ... ok

test result: ok. 2 passed; 0 failed; 0 ignored; 0 measured; 0 filtered out; finished in 0.00s

     Running unittests src/lib.rs (target/debug/deps/quantos_core-a89a67db9c52d109)

running 21 tests
test clock::tests::parser_normalizes_positive_offset_to_utc ... ok
test clock::tests::fixed_clock_always_returns_same_utc_value ... ok
test clock::tests::invalid_timestamps_return_stable_machine_codes ... ok
test error::tests::every_error_maps_to_stable_machine_code ... ok
test clock::tests::parser_normalizes_negative_offset_to_utc ... ok
test id::tests::invalid_ids_return_stable_machine_code ... ok
test tests::build_version_uses_semver_primitives ... ok
test precision::tests::money_accepts_max_supported_scale ... ok
test precision::tests::quantity_rejects_negative_values ... ok
test precision::tests::money_rejects_invalid_currency_codes ... ok
test precision::tests::money_rejects_excess_scale ... ok
test precision::tests::quantity_accepts_zero_and_high_precision_boundaries ... ok
test precision::tests::quantity_rejects_excess_precision ... ok
test id::tests::typed_ids_roundtrip_from_strings ... ok
test tests::ready_report_marks_service_ready ... ok
test tests::workspace_name_is_stable ... ok
test versioning::tests::build_versions_use_semver ... ok
test fixture::tests::canonicalization_sorts_nested_objects_consistently ... ok
test versioning::tests::content_hashes_are_lowercase_sha256 ... ok
test tests::fixture_hash_is_stable_for_same_payload ... ok
test versioning::tests::schema_versions_require_v_prefix ... ok

test result: ok. 21 passed; 0 failed; 0 ignored; 0 measured; 0 filtered out; finished in 0.00s

     Running unittests src/lib.rs (target/debug/deps/quantos_engine_manager-752bab394f024cbf)

running 3 tests
test tests::remaining_time_rejects_expired_deadlines ... ok
test tests::review_manifest_rejects_duplicate_capabilities ... ok
test tests::manager_opens_backoff_window_after_three_recorded_failures ... ok

test result: ok. 3 passed; 0 failed; 0 ignored; 0 measured; 0 filtered out; finished in 0.00s

     Running tests/python_llmquant.rs (target/debug/deps/python_llmquant-c3766982fe12b164)

running 2 tests
test python_llmquant_rejects_forbidden_boundary_fields ... ok
test python_llmquant_contracts_round_trip_over_uds ... ok

test result: ok. 2 passed; 0 failed; 0 ignored; 0 measured; 0 filtered out; finished in 0.27s

     Running tests/python_mock_engine.rs (target/debug/deps/python_mock_engine-7578587b3f97b379)

running 6 tests
test python_mock_engine_contracts_round_trip_over_uds ... ok
test missing_vibe_adapter_does_not_block_mock_workflow_routing ... ok
test python_mock_engine_recovers_after_three_unavailable_failures ... ok
test python_mock_engine_deadline_timeout_is_deterministic ... ok
test execution_concurrency_and_rss_quotas_reject_excess_work ... ok
test one_request_survives_three_real_engine_process_crashes ... ok

test result: ok. 6 passed; 0 failed; 0 ignored; 0 measured; 0 filtered out; finished in 0.88s

     Running tests/python_openbb_adapter.rs (target/debug/deps/python_openbb_adapter-2f72fcbbffb3eab0)

running 2 tests
test python_openbb_adapter_blocks_production_license_enablement ... ok
test python_openbb_adapter_contracts_round_trip_over_uds ... ok

test result: ok. 2 passed; 0 failed; 0 ignored; 0 measured; 0 filtered out; finished in 0.21s

     Running tests/python_rd_agent.rs (target/debug/deps/python_rd_agent-eb627723770852db)

running 2 tests
test python_rd_agent_rejects_forbidden_boundary_fields ... ok
test python_rd_agent_contracts_round_trip_over_uds ... ok

test result: ok. 2 passed; 0 failed; 0 ignored; 0 measured; 0 filtered out; finished in 0.21s

     Running tests/python_strategy_lab.rs (target/debug/deps/python_strategy_lab-a65c38c7ae1466a8)

running 4 tests
test python_strategy_lab_rejects_forbidden_boundary_fields ... ok
test python_strategy_lab_static_check_failure_blocks_release ... ok
test python_strategy_lab_contracts_round_trip_over_uds ... ok
test python_strategy_lab_rejects_hundred_malicious_prompts ... ok

test result: ok. 4 passed; 0 failed; 0 ignored; 0 measured; 0 filtered out; finished in 0.24s

     Running tests/python_trading_agents.rs (target/debug/deps/python_trading_agents-1bfdb8f6617878dd)

running 2 tests
test python_trading_agents_rejects_forbidden_boundary_fields ... ok
test python_trading_agents_contracts_round_trip_over_uds ... ok

test result: ok. 2 passed; 0 failed; 0 ignored; 0 measured; 0 filtered out; finished in 0.21s

     Running tests/python_vibe_adapter.rs (target/debug/deps/python_vibe_adapter-83638384dde1a606)

running 2 tests
test python_vibe_adapter_rejects_forbidden_boundary_fields ... ok
test python_vibe_adapter_contracts_round_trip_over_uds ... ok

test result: ok. 2 passed; 0 failed; 0 ignored; 0 measured; 0 filtered out; finished in 0.21s

     Running unittests src/lib.rs (target/debug/deps/quantos_event-59ac692bfaf9fd22)

running 7 tests
test tests::duplicate_events_are_rejected_at_append_time ... ok
test tests::projection_sends_poison_messages_to_dead_letter_after_max_attempts ... ok
test tests::projection_ignores_duplicate_deliveries ... ok
test tests::projection_buffers_out_of_order_events_and_replays_in_sequence ... ok
test tests::append_rejects_sequence_gaps ... ok
test tests::projection_can_resume_after_restart_from_checkpoint ... ok
test tests::ledger_replays_ten_thousand_events_without_loss ... ok

test result: ok. 7 passed; 0 failed; 0 ignored; 0 measured; 0 filtered out; finished in 0.19s

     Running tests/postgres_persistence.rs (target/debug/deps/postgres_persistence-4394364d744a461c)

running 4 tests
test postgres_polling_claims_with_skip_locked_and_recovers_after_lease_expiry ... ok
test postgres_inbox_receipt_only_allows_one_side_effect_across_thousand_delivery_attempts ... ok
test postgres_polling_worker_dead_letters_poison_events_after_retry_budget ... ok
test postgres_polling_worker_compensates_for_realtime_misses_and_replays_by_correlation ... ok

test result: ok. 4 passed; 0 failed; 0 ignored; 0 measured; 0 filtered out; finished in 0.00s

     Running unittests src/lib.rs (target/debug/deps/quantos_evidence-588b7ff528e3b43f)

running 1 test
test tests::evidence_package_is_go_ready_and_tamper_evident ... ok

test result: ok. 1 passed; 0 failed; 0 ignored; 0 measured; 0 filtered out; finished in 0.27s

     Running unittests src/lib.rs (target/debug/deps/quantos_execution-57d5b06a2505cca4)

running 31 tests
test dual::tests::m5_flag_off_makes_assisted_live_unreachable ... ok
test gateway::tests::limit_intent_without_price_is_rejected_before_the_kernel ... ok
test paper::tests::cancel_latency_and_rejections_are_auditable ... ok
test paper::tests::duplicate_submit_only_calls_downstream_once ... ok
test gateway::tests::nautilus_adapter_replay_also_produces_one_outbox_entry ... ok
test gateway::tests::nautilus_events_map_back_to_owned_schema_through_the_gateway ... ok
test gateway::tests::boundary_command_carries_no_session_or_identity_material ... ok
test gateway::tests::nautilus_adapter_maps_wire_shape_and_client_order_id_is_stable ... ok
test gateway::tests::order_and_fill_events_map_back_to_owned_schema ... ok
test gateway::tests::all_six_boundary_rejection_classes_are_enforced_before_the_kernel ... ok
test dual::tests::self_approval_cap_expiry_and_allowlist_are_all_rejected ... ok
test paper::tests::illegal_transitions_are_rejected_by_the_state_machine ... ok
test gateway::tests::thousand_replays_with_same_key_produce_exactly_one_downstream_submission ... ok
test venue::tests::network_and_authentication_failures_are_classified ... ok
test paper::tests::every_fill_is_traceable_to_a_command ... ok
test tests::approved_command_carries_approval_signature ... ok
test venue::tests::venue_config_rejects_production_endpoints_and_keys ... ok
test venue::tests::precision_and_rate_limits_are_mapped ... ok
test zone::tests::expired_sessions_and_commands_are_rejected ... ok
test zone::tests::mtls_identity_enforces_expiry_and_revocation ... ok
test zone::tests::only_execution_gateway_can_resolve_vault_references ... ok
test zone::tests::unlisted_egress_hosts_are_blocked ... ok
test zone::tests::rotation_recovers_within_five_minutes_then_stales ... ok
test zone::tests::zone_fixtures_contain_no_secret_material ... ok
test tests::seven_rejection_classes_are_all_enforced ... ok
test gateway::tests::hundred_precision_and_limit_variants_are_fully_intercepted ... ok
test venue::tests::two_hundred_testnet_scenarios_map_fully_to_internal_schema ... ok
test tests::thousand_concurrent_issuances_with_same_key_emit_exactly_one_command ... ok
test dual::tests::fifty_dual_approvals_all_write_signed_audit_entries ... ok
test tests::issuance_stays_under_two_hundred_millis_p95_and_is_short_lived ... ok
test paper::tests::one_hundred_thousand_order_events_all_transition_legally ... ok

test result: ok. 31 passed; 0 failed; 0 ignored; 0 measured; 0 filtered out; finished in 0.76s

     Running unittests src/lib.rs (target/debug/deps/quantos_market-189270dabe223716)

running 5 tests
test tests::rejects_unapproved_providers_and_normalizes_symbols ... ok
test tests::invalid_ticks_do_not_poison_deduplication_and_negative_values_fail_quality ... ok
test tests::freshness_and_quality_anomalies_emit_events_within_five_seconds ... ok
test tests::out_of_order_and_duplicate_ticks_are_deduplicated ... ok
test tests::replay_dataset_ingests_one_hundred_thousand_ticks_without_parse_failures ... ok

test result: ok. 5 passed; 0 failed; 0 ignored; 0 measured; 0 filtered out; finished in 6.19s

     Running unittests src/lib.rs (target/debug/deps/quantos_observability-64df2425f8b69a8b)

running 10 tests
test tests::health_report_requires_all_components_ready ... ok
test capacity::tests::required_external_metric_inventory_is_complete_and_unique ... ok
test capacity::tests::capacity_evidence_serializes_for_the_adr_generator ... ok
test tests::telemetry_redacts_secret_fields ... ok
test tests::fault_proxy_redacts_secrets_and_preserves_recovery_trace ... ok
test tests::capacity_alerts_cover_required_thresholds_and_adr_inputs ... ok
test service::tests::returns_stable_structured_errors ... ok
test tests::observable_writes_are_indexed_by_correlation_id ... ok
test tests::db_event_consumer_and_engine_faults_recover_without_secret_leaks ... ok
test service::tests::exposes_health_metrics_and_correlation_trace ... ok

test result: ok. 10 passed; 0 failed; 0 ignored; 0 measured; 0 filtered out; finished in 0.00s

     Running tests/postgres_capacity_monitor.rs (target/debug/deps/postgres_capacity_monitor-adc4d1ddcbd344d5)

running 1 test
test live_metrics_drive_restart_safe_windows_persist_alerts_and_build_adr_evidence ... ok

test result: ok. 1 passed; 0 failed; 0 ignored; 0 measured; 0 filtered out; finished in 0.00s

     Running unittests src/lib.rs (target/debug/deps/quantos_policy-c4d491a6c94594f0)

running 4 tests
test tests::owner_role_is_allowed_without_explicit_capability_row ... ok
test tests::viewer_role_cannot_execute_without_explicit_capability ... ok
test tests::secret_resolution_rejects_non_service_roles ... ok
test tests::explicit_capability_can_unlock_service_secret_resolution ... ok

test result: ok. 4 passed; 0 failed; 0 ignored; 0 measured; 0 filtered out; finished in 0.00s

     Running unittests src/lib.rs (target/debug/deps/quantos_portfolio-1f2982b8de6f8ec1)

running 4 tests
test tests::out_of_order_and_duplicate_events_are_rejected ... ok
test tests::ten_thousand_event_replay_matches_golden_snapshot ... ok
test tests::rebuild_is_fully_repeatable ... ok
test tests::portfolio_queries_stay_under_three_hundred_millis_p95 ... ok

test result: ok. 4 passed; 0 failed; 0 ignored; 0 measured; 0 filtered out; finished in 0.05s

     Running tests/postgres_portfolio.rs (target/debug/deps/postgres_portfolio-7a18f561d924a852)

running 1 test
test postgres_portfolio_store_persists_and_reads_projection ... ok

test result: ok. 1 passed; 0 failed; 0 ignored; 0 measured; 0 filtered out; finished in 0.00s

     Running unittests src/lib.rs (target/debug/deps/quantos_proto-0949fdb7c0a51897)

running 0 tests

test result: ok. 0 passed; 0 failed; 0 ignored; 0 measured; 0 filtered out; finished in 0.00s

     Running tests/protocol_roundtrip.rs (target/debug/deps/protocol_roundtrip-a2618732cdccab82)

running 4 tests
test trade_proposal_verdict_values_are_stable ... ok
test command_metadata_schema_requires_audit_fields ... ok
test trade_command_roundtrips_across_one_thousand_fixtures ... ok
test every_planned_domain_type_roundtrips_across_one_thousand_fixture_sets ... ok

test result: ok. 4 passed; 0 failed; 0 ignored; 0 measured; 0 filtered out; finished in 0.11s

     Running unittests src/lib.rs (target/debug/deps/quantos_reconcile-2e1ea9d7920aadf7)

running 3 tests
test tests::exception_queue_enforces_acknowledge_then_close_lifecycle ... ok
test tests::ten_consecutive_shadow_days_reconcile_with_zero_unexplained_breaks ... ok
test tests::twenty_injected_breaks_are_detected_and_located_within_sla ... ok

test result: ok. 3 passed; 0 failed; 0 ignored; 0 measured; 0 filtered out; finished in 0.00s

     Running unittests src/lib.rs (target/debug/deps/quantos_risk-f095f13261d223a2)

running 5 tests
test tests::post_trade_rules_catch_daily_loss_and_leverage_breach ... ok
test tests::fifty_allow_fixtures_all_pass ... ok
test tests::fifty_deny_fixtures_cover_every_rule_and_include_limits_and_signature ... ok
test tests::fifty_approval_required_fixtures_all_route_to_approval ... ok
test tests::kill_switch_rejects_new_commands_under_one_second_p95 ... ok

test result: ok. 5 passed; 0 failed; 0 ignored; 0 measured; 0 filtered out; finished in 0.01s

     Running unittests src/lib.rs (target/debug/deps/quantos_runtime-8d9ac4bfd5ac4656)

running 5 tests
test tests::cancel_and_timeout_events_are_audited ... ok
test research::tests::repository_deduplicates_replayed_artifacts_after_restart ... ok
test research::tests::scheduling_same_fixture_keeps_input_hash_stable ... ok
test tests::scheduling_one_hundred_runs_stays_under_budget_in_memory ... ok
test tests::kernel_recovers_one_hundred_runs_without_duplicate_artifacts ... ok

test result: ok. 5 passed; 0 failed; 0 ignored; 0 measured; 0 filtered out; finished in 0.01s

     Running tests/postgres_runtime.rs (target/debug/deps/postgres_runtime-c65e8eb774bdba62)

running 3 tests
test postgres_runtime_worker_child_claims_checkpoints_and_waits ... ignored, helper process invoked by the PostgreSQL recovery test
test postgres_runtime_records_cancel_and_timeout_audits ... ok
test postgres_runtime_recovers_one_hundred_runs_without_duplicate_artifacts ... ok

test result: ok. 2 passed; 0 failed; 1 ignored; 0 measured; 0 filtered out; finished in 0.00s

     Running tests/research_orchestration.rs (target/debug/deps/research_orchestration-7b6871d16779a87f)

running 2 tests
test research_workflow_cancel_confirms_within_two_seconds ... ok
test research_workflow_runs_ten_times_with_stable_input_hash_and_locatable_evidence ... ok

test result: ok. 2 passed; 0 failed; 0 ignored; 0 measured; 0 filtered out; finished in 0.23s

     Running tests/signal_proposal_orchestration.rs (target/debug/deps/signal_proposal_orchestration-2ded5fdbd7c174af)

running 3 tests
test signal_proposal_workflow_rejects_forbidden_order_tools ... ok
test signal_proposal_workflow_replay_keeps_signal_and_proposal_hashes_stable ... ok
test signal_proposal_workflow_runs_hundred_cases_with_evidence_expiry_and_non_executable_proposals ... ok

test result: ok. 3 passed; 0 failed; 0 ignored; 0 measured; 0 filtered out; finished in 1.62s

     Running unittests src/lib.rs (target/debug/deps/quantos_storage-cd140a6d3bd328a8)

running 10 tests
test tests::object_keys_are_deterministic_for_same_hash ... ok
test supabase_storage::tests::payload_hash_validation_rejects_mismatch ... ok
test tests::artifact_manifest_uses_hash_based_object_key ... ok
test tests::artifact_catalog_deduplicates_by_tenant_and_hash ... ok
test tests::schema_registry_deduplicates_equivalent_documents ... ok
test snapshot::tests::research_gate_allows_degraded_non_expired_snapshots ... ok
test snapshot::tests::data_snapshot_hash_is_stable_for_equivalent_inputs ... ok
test snapshot::tests::snapshot_gate_fails_closed_for_cross_tenant_rules_and_incomplete_lineage ... ok
test supabase_storage::tests::object_url_points_to_supabase_storage_endpoint ... ok
test snapshot::tests::strategy_and_trading_gates_reject_three_hundred_invalid_fixtures ... ok

test result: ok. 10 passed; 0 failed; 0 ignored; 0 measured; 0 filtered out; finished in 0.05s

     Running tests/postgres_persistence.rs (target/debug/deps/postgres_persistence-1f4005ebce4c9193)

running 1 test
test postgres_storage_store_persists_artifacts_and_schema_registry ... ok

test result: ok. 1 passed; 0 failed; 0 ignored; 0 measured; 0 filtered out; finished in 0.00s

     Running tests/supabase_storage_integration.rs (target/debug/deps/supabase_storage_integration-e85be689ca7b00f8)

running 1 test
test supabase_storage_adapter_round_trips_artifacts_and_registers_manifest ... ok

test result: ok. 1 passed; 0 failed; 0 ignored; 0 measured; 0 filtered out; finished in 0.00s

     Running unittests src/lib.rs (target/debug/deps/quantos_strategy-c192e4a6bbb2cdba)

running 16 tests
test release::tests::assisted_live_is_not_representable_before_m5 ... ok
test generated::tests::unsupported_rules_are_rejected ... ok
test release::tests::duplicate_publish_returns_same_hash_and_modified_content_conflicts ... ok
test tests::unapproved_references_are_rejected_at_save_time ... ok
test release::tests::hundred_unverified_or_unapproved_deployments_are_all_rejected ... ok
test tests::drafts_without_snapshot_or_artifacts_cannot_initiate_validation ... ok
test release::tests::approved_release_deploys_to_paper_and_shadow_and_stays_immutable ... ok
test generated::tests::hundred_static_check_failures_all_block_release_path ... ok
test tests::unauthorized_actor_cannot_save_or_initiate_validation ... ok
test backtest::tests::validation_report_contains_costs_environment_and_input_hash ... ok
test generated::tests::clean_generated_draft_replays_through_backtest_pipeline ... ok
test backtest::tests::series_not_bound_to_snapshot_is_rejected ... ok
test backtest::tests::ten_replays_produce_identical_metrics_and_hashes ... ok
test tests::draft_saves_stay_under_three_hundred_millis_p95 ... ok
test tests::fifty_concurrent_editors_never_silently_overwrite ... ok
test backtest::tests::hundred_lookahead_and_leakage_fixtures_all_fail ... ok

test result: ok. 16 passed; 0 failed; 0 ignored; 0 measured; 0 filtered out; finished in 0.13s

     Running tests/postgres_drafts.rs (target/debug/deps/postgres_drafts-096cd3ad7480dcc5)

running 1 test
test postgres_strategy_store_persists_versions_and_rejects_conflicts ... ok

test result: ok. 1 passed; 0 failed; 0 ignored; 0 measured; 0 filtered out; finished in 0.00s

     Running tests/postgres_releases.rs (target/debug/deps/postgres_releases-3970ebbe8c16964a)

running 1 test
test postgres_release_store_enforces_dedupe_conflict_and_deployment_gate ... ok

test result: ok. 1 passed; 0 failed; 0 ignored; 0 measured; 0 filtered out; finished in 0.00s

     Running unittests src/main.rs (target/debug/deps/replay_cli-25fa0269b817038d)

running 0 tests

test result: ok. 0 passed; 0 failed; 0 ignored; 0 measured; 0 filtered out; finished in 0.00s

     Running unittests src/main.rs (target/debug/deps/runtime_gateway-e25ff0ecf90223ea)

running 2 tests
test tests::auth_middleware_builder_is_available_for_gateway_bootstrap ... ok
test tests::runtime_store_builder_is_available_for_gateway_bootstrap ... ok

test result: ok. 2 passed; 0 failed; 0 ignored; 0 measured; 0 filtered out; finished in 0.00s

   Doc-tests bff_gateway

running 0 tests

test result: ok. 0 passed; 0 failed; 0 ignored; 0 measured; 0 filtered out; finished in 0.00s

   Doc-tests quantos_auth

running 0 tests

test result: ok. 0 passed; 0 failed; 0 ignored; 0 measured; 0 filtered out; finished in 0.00s

   Doc-tests quantos_core

running 0 tests

test result: ok. 0 passed; 0 failed; 0 ignored; 0 measured; 0 filtered out; finished in 0.00s

   Doc-tests quantos_engine_manager

running 0 tests

test result: ok. 0 passed; 0 failed; 0 ignored; 0 measured; 0 filtered out; finished in 0.00s

   Doc-tests quantos_event

running 0 tests

test result: ok. 0 passed; 0 failed; 0 ignored; 0 measured; 0 filtered out; finished in 0.00s

   Doc-tests quantos_evidence

running 0 tests

test result: ok. 0 passed; 0 failed; 0 ignored; 0 measured; 0 filtered out; finished in 0.00s

   Doc-tests quantos_execution

running 0 tests

test result: ok. 0 passed; 0 failed; 0 ignored; 0 measured; 0 filtered out; finished in 0.00s

   Doc-tests quantos_market

running 0 tests

test result: ok. 0 passed; 0 failed; 0 ignored; 0 measured; 0 filtered out; finished in 0.00s

   Doc-tests quantos_observability

running 0 tests

test result: ok. 0 passed; 0 failed; 0 ignored; 0 measured; 0 filtered out; finished in 0.00s

   Doc-tests quantos_policy

running 0 tests

test result: ok. 0 passed; 0 failed; 0 ignored; 0 measured; 0 filtered out; finished in 0.00s

   Doc-tests quantos_portfolio

running 0 tests

test result: ok. 0 passed; 0 failed; 0 ignored; 0 measured; 0 filtered out; finished in 0.00s

   Doc-tests quantos_proto

running 0 tests

test result: ok. 0 passed; 0 failed; 0 ignored; 0 measured; 0 filtered out; finished in 0.00s

   Doc-tests quantos_reconcile

running 0 tests

test result: ok. 0 passed; 0 failed; 0 ignored; 0 measured; 0 filtered out; finished in 0.00s

   Doc-tests quantos_risk

running 0 tests

test result: ok. 0 passed; 0 failed; 0 ignored; 0 measured; 0 filtered out; finished in 0.00s

   Doc-tests quantos_runtime

running 0 tests

test result: ok. 0 passed; 0 failed; 0 ignored; 0 measured; 0 filtered out; finished in 0.00s

   Doc-tests quantos_storage

running 0 tests

test result: ok. 0 passed; 0 failed; 0 ignored; 0 measured; 0 filtered out; finished in 0.00s

   Doc-tests quantos_strategy

running 0 tests

test result: ok. 0 passed; 0 failed; 0 ignored; 0 measured; 0 filtered out; finished in 0.00s

uv run --locked --project engines --all-packages pytest
============================= test session starts ==============================
platform darwin -- Python 3.9.6, pytest-8.4.1, pluggy-1.6.0
rootdir: /Users/anray/Documents/project/SumAlpha/QuantOS
plugins: cov-6.2.1
collected 91 items

engines/tests/test_engine_contract.py .                                  [  1%]
engines/tests/test_engine_observability.py .                             [  2%]
engines/tests/test_llmquant_contract.py .......                          [  9%]
engines/tests/test_openbb_adapter_contract.py .........                  [ 19%]
engines/tests/test_proto_sdk.py ..                                       [ 21%]
engines/tests/test_protocol_metadata_completeness.py ...                 [ 25%]
engines/tests/test_rd_agent_contract.py .....                            [ 30%]
engines/tests/test_strategy_lab_contract.py .......                      [ 38%]
engines/tests/test_tp08_qlib_mapping_samples.py .....                    [ 43%]
engines/tests/test_tp09_trendradar_mapping_samples.py ......             [ 50%]
engines/tests/test_tp10_valuecell_evaluation.py .......                  [ 58%]
engines/tests/test_tp11_openstock_fixtures.py .....                      [ 63%]
engines/tests/test_tp12_nautilus_agents_rules.py .......                 [ 71%]
engines/tests/test_tp13_loong_evaluation.py ......                       [ 78%]
engines/tests/test_trading_agents_contract.py .......                    [ 85%]
engines/tests/test_vibe_adapter_contract.py ......                       [ 92%]
engines/tests/test_workspace.py .......                                  [100%]

============================== 91 passed in 9.17s ==============================
pnpm test

> @sumalpha/quantos@ test /Users/anray/Documents/project/SumAlpha/QuantOS
> pnpm -r test

Scope: 7 of 8 workspace projects
packages/config test$ vitest run
packages/ui test$ vitest run
packages/ui test:  RUN  v3.2.4 /Users/anray/Documents/project/SumAlpha/QuantOS/packages/ui
packages/config test:  RUN  v3.2.4 /Users/anray/Documents/project/SumAlpha/QuantOS/packages/config
packages/config test:  ✓ tests/config.test.ts (12 tests) 3ms
packages/config test:  Test Files  1 passed (1)
packages/config test:       Tests  12 passed (12)
packages/config test:    Start at  10:37:27
packages/config test:    Duration  347ms (transform 57ms, setup 0ms, collect 58ms, tests 3ms, environment 0ms, prepare 51ms)
packages/ui test:  ✓ tests/ui.test.ts (1 test) 1ms
packages/ui test:  ✓ tests/ui103.test.tsx (6 tests) 6ms
packages/ui test:  Test Files  2 passed (2)
packages/ui test:       Tests  7 passed (7)
packages/ui test:    Start at  10:37:27
packages/ui test:    Duration  428ms (transform 127ms, setup 0ms, collect 271ms, tests 7ms, environment 0ms, prepare 92ms)
packages/config test: Done
packages/ui test: Done
packages/platform test$ vitest run
packages/api-client test$ vitest run
packages/api-client test:  RUN  v3.2.4 /Users/anray/Documents/project/SumAlpha/QuantOS/packages/api-client
packages/platform test:  RUN  v3.2.4 /Users/anray/Documents/project/SumAlpha/QuantOS/packages/platform
packages/platform test:  ✓ tests/platform.test.ts (2 tests) 1ms
packages/platform test:  Test Files  1 passed (1)
packages/platform test:       Tests  2 passed (2)
packages/platform test:    Start at  10:37:27
packages/platform test:    Duration  306ms (transform 24ms, setup 0ms, collect 23ms, tests 1ms, environment 0ms, prepare 64ms)
packages/api-client test:  ✓ tests/sse-poc.test.ts (7 tests) 29ms
packages/platform test: Done
packages/api-client test:  ✓ tests/api-client.test.ts (4 tests) 4ms
packages/api-client test:  Test Files  2 passed (2)
packages/api-client test:       Tests  11 passed (11)
packages/api-client test:    Start at  10:37:27
packages/api-client test:    Duration  451ms (transform 79ms, setup 0ms, collect 184ms, tests 33ms, environment 0ms, prepare 100ms)
packages/api-client test: Done
apps/website test$ vitest run
packages/domain-ui test$ vitest run
packages/domain-ui test:  RUN  v3.2.4 /Users/anray/Documents/project/SumAlpha/QuantOS/packages/domain-ui
apps/website test:  RUN  v3.2.4 /Users/anray/Documents/project/SumAlpha/QuantOS/apps/website
packages/domain-ui test:  ✓ tests/ui101.test.ts (12 tests) 3ms
packages/domain-ui test:  ✓ tests/domain-ui.test.ts (1 test) 1ms
packages/domain-ui test:  ✓ tests/indicators.test.tsx (3 tests) 4ms
packages/domain-ui test:  Test Files  3 passed (3)
packages/domain-ui test:       Tests  16 passed (16)
packages/domain-ui test:    Start at  10:37:28
packages/domain-ui test:    Duration  374ms (transform 161ms, setup 0ms, collect 356ms, tests 8ms, environment 0ms, prepare 234ms)
apps/website test:  ✓ tests/website.test.ts (1 test) 1ms
apps/website test:  ✓ tests/website-compliance.test.ts (6 tests) 4ms
apps/website test:  Test Files  2 passed (2)
apps/website test:       Tests  7 passed (7)
apps/website test:    Start at  10:37:28
apps/website test:    Duration  327ms (transform 79ms, setup 0ms, collect 231ms, tests 5ms, environment 0ms, prepare 69ms)
packages/domain-ui test: Done
apps/website test: Done
apps/terminal test$ vitest run
apps/terminal test:  RUN  v3.2.4 /Users/anray/Documents/project/SumAlpha/QuantOS/apps/terminal
apps/terminal test:  ✓ tests/auth-bff.test.ts (4 tests) 3ms
apps/terminal test:  ✓ tests/deep-link-auth.test.ts (3 tests) 1ms
apps/terminal test:  ✓ tests/auth-poc.test.ts (10 tests) 6ms
apps/terminal test:  ✓ tests/ui101-runtime.test.ts (4 tests) 2ms
apps/terminal test:  ✓ tests/audit-gateway.test.ts (3 tests) 4ms
apps/terminal test:  ✓ tests/ui104-settings.test.ts (6 tests) 4ms
apps/terminal test:  ✓ tests/terminal.test.ts (1 test) 1ms
apps/terminal test:  ✓ tests/l03-scenarios.test.ts (6 tests) 3ms
apps/terminal test:  ✓ tests/u01-scenarios.test.ts (9 tests) 4ms
apps/terminal test:  ✓ tests/x06-scenarios.test.ts (8 tests) 5ms
apps/terminal test:  ✓ tests/s04-scenarios.test.ts (6 tests) 10ms
apps/terminal test:  Test Files  11 passed (11)
apps/terminal test:       Tests  60 passed (60)
apps/terminal test:    Start at  10:37:29
apps/terminal test:    Duration  516ms (transform 425ms, setup 0ms, collect 2.18s, tests 43ms, environment 1ms, prepare 602ms)
apps/terminal test: Done
