✔ formal gate rejects zero, one, two and noninteger runs (0.394542ms)
✔ all binaries participate in digest and omitted binary fails (3.14125ms)
✔ extra binary, missing wheel and stale/empty Web cannot pass output inventory (2.409292ms)
✔ manifest inventory cannot omit or add members (0.064708ms)
✔ dirty and untracked source rejected (58.740667ms)
✔ deleted module README is rejected (2.4315ms)
✔ wrong uv version fails toolchain preflight (17.776083ms)
✔ invalid locks fail real lock entrypoint (34.161833ms)
✔ Terminal default lint rejects a page TSX violation (923.813125ms)
✔ invalid run revokes old successful receipt (26.071917ms)
✔ Cargo manifest drift is rejected by actual lock gate (570.526334ms)
✔ uv manifest drift is rejected by actual lock gate (676.511417ms)
✔ pnpm manifest drift is rejected by actual lock gate (900.5825ms)
✔ malformed Buf lock is rejected by actual lock gate (631.118625ms)
✔ broken Desktop is outside phase-one pnpm frozen check (299.677458ms)
✔ uv output marker is metadata, other unexpected files still fail (2.118208ms)
✔ build-only tool is required in output inventory without becoming a runtime binary (1.989792ms)
✔ pnpm frozen check rejects missing or changed patch bytes (641.722167ms)
✔ pnpm patch cannot read outside the repository (146.221875ms)
ℹ tests 19
ℹ suites 0
ℹ pass 19
ℹ fail 0
ℹ cancelled 0
ℹ skipped 0
ℹ todo 0
ℹ duration_ms 4974.721416
