node --test scripts/f02-gate-negative.mjs scripts/f02-a11-gate-negative.mjs scripts/playwright-git-history.test.mjs scripts/storage-fixture.test.cjs scripts/f02-development-database.test.cjs
✔ complete Linux matrix passes; deletion and pixel tampering fail (392.774792ms)
✔ acceptance never updates snapshots or skips missing snapshots (1.37225ms)
✔ only main signing and verification jobs receive the signing environment (9.963041ms)
✔ signing policy rejects missing protection, wildcards, tags and extra branches (0.211375ms)
✔ candidate import rejects tampering and stale source before writing, then imports the reviewed matrix (357.626042ms)
✔ required download check rejects skipped or failed event-specific verification (22.59725ms)
✔ PR receipts bind the checked out head while main signing stays on the event SHA (3.501292ms)
✔ successful checks publish only after all seven negatives, independent read-only verification and close (9.527792ms)
✔ an idle error after mutation is handled, no SQL is replayed and independent cleanup cannot convert FAIL to PASS (1.394916ms)
✔ initial known transport failure closes the failed connection before a fresh connection, preserving bootstrap (2.450792ms)
✔ 28P01 initial failure never retries (1.010167ms)
✔ 42501 initial failure never retries (0.852709ms)
✔ CERT_HAS_EXPIRED initial failure never retries (0.750458ms)
✔ configuration failure overwrites historic PASS with current-source FAIL (0.777667ms)
✔ cleanup catalog mismatch fails even after seven successful checks (2.309833ms)
✔ failed primary close preserves its error and cannot publish success after read-only verification (2.317792ms)
✔ a mutation that does not affect schema is rejected (1.854041ms)
✔ strict artifact acceptance rejects stale success, unclosed sessions, missing bootstrap and post-SQL errors (6.217833ms)
Verified 2 release files for aaaaaaaaaaaaaaaaaaaaaaaaaaaaaaaaaaaaaaaa
Verified 2 release files for aaaaaaaaaaaaaaaaaaaaaaaaaaaaaaaaaaaaaaaa
✔ real Gitleaks positive control and GitHub/Slack leaks (1601.726958ms)
✔ historical digest exceptions do not waive fresh credentials in audit JSON (1076.662833ms)
✔ RLS baseline rejects policy deletion and late disabling with recovery (162.700542ms)
✔ RLS preflight recognizes the actual ten-table A2 migration and rejects incomplete loops (124.799834ms)
✔ RLS preflight expands audit export permissions without treating grants as RLS (124.941292ms)
✔ RLS literal loops preserve late disabling, NO FORCE and policy deletion (123.518666ms)
✔ RLS preflight cannot count conditional loops, comments, literals or function bodies as execution (140.885625ms)
✔ quoted SQL examples inside expanded policy expressions cannot enable RLS (21.410375ms)
✔ migration filename control, rejection and recovery (13.631417ms)
✔ waivers only authorize exact advisory/ecosystem/package/version before expiry (0.986917ms)
✔ license expression policy does not globally allow LGPL or unknown licenses (0.316167ms)
✔ release binds complete payload and SBOM to source; rejects corruption and build-only native files (2.616ms)
✔ Buf compares against distinct historical source and detects removed fields (580.603417ms)
✔ SCA scanner adapter consumes exact waivers and never waives scanner failures (1970.222958ms)
✔ Playwright PR reporting preserves complete history for downstream security scans (1609.40825ms)
✔ all bucket migration INSERT columns exist in the shared CI fixture (0.325917ms)
﹣ PostgreSQL compiles bucket migrations and preserves private export limits (0.040709ms) # SKIP
ℹ tests 35
ℹ suites 0
ℹ pass 34
ℹ fail 0
ℹ cancelled 0
ℹ skipped 1
ℹ todo 0
ℹ duration_ms 5987.829917
