✔ development COMPLETED does not accept the current F06 review (0.705834ms)
✔ ACCEPTED with any open finding remains blocked (0.196375ms)
✔ all closed findings require a same-SHA complete receipt (0.932917ms)
✔ missing or duplicate review markers fail closed (0.163375ms)
✔ archived closure records must be present, complete and unique (0.305541ms)
✔ duplicate F06 task or engineering summaries fail closed (0.20525ms)
✔ all eight registered fixtures retire by exact identity without deleting facts (1.681792ms)
✔ wrong tenant ownership stops before any mutation (0.278084ms)
✔ remaining active actor rejects cleanup success (0.401333ms)
✔ post-SQL disconnect is recorded and no mutation replays (0.15175ms)
✔ duplicate or wrong-run fixture inventory never opens a connection (0.299416ms)
✔ admission rejects partial inventory, unclosed connection, active sessions and missing cleanup (0.829333ms)
✔ command entrypoint retains initial failure, then executes SQL once with verified TLS (1.365167ms)
✔ transport closure after first SQL never reconnects or replays the statement (0.192709ms)
✔ persistent initial closure fails after three closed clients without any SQL (0.173958ms)
✔ authentication initial failure is not retried (0.165625ms)
✔ permission initial failure is not retried (0.145417ms)
✔ TLS initial failure is not retried (0.116166ms)
✔ default and bounded remote development transport budgets (0.344459ms)
✔ unbounded, fractional and malformed budgets fail closed (0.120917ms)
✔ functional database budget records elapsed time and preserves all command arguments (0.596834ms)
✔ timeout remains a failed null exit with its signal and safe error code, without retry (0.129417ms)
✔ existing HTTP/service command budget is unchanged (0.058083ms)
✔ two closed initial connections are retained, closed, then the third succeeds before any statement (0.579833ms)
✔ persistent closure fails after three and retains every failure (0.830208ms)
✔ auth bootstrap failure never retries (0.108958ms)
✔ permission bootstrap failure never retries (0.095ms)
✔ TLS bootstrap failure never retries (0.061375ms)
✔ cancel bootstrap failure never retries (0.053417ms)
✔ unknown bootstrap failure never retries (0.057709ms)
✔ initial transport timeout retries but a later query error never reconnects (0.099958ms)
✔ failure to close an initial connection prevents retry (0.100167ms)
✔ budget cannot exceed three (0.188625ms)
✔ acceptance rejects missing, unfinished, reordered, semantic or unclosed attempts (2.937583ms)
✔ evidence-save failure closes the connected client and never reconnects (0.093334ms)
✔ initialization after the old 20s loop can pass only with an exact readiness response (1.595625ms)
✔ a never-ready service exhausts one bounded wall-clock budget (1.386917ms)
✔ response after deadline cannot grant readiness (0.097333ms)
✔ exited or killed services fail without waiting or probing (0.088625ms)
✔ connection failures and wrong successful HTTP status cannot pass (2.530875ms)
✔ invalid or unbounded startup budgets reject (0.127458ms)
✔ process exit during a successful probe cannot grant readiness (0.065875ms)
ℹ tests 42
ℹ suites 0
ℹ pass 42
ℹ fail 0
ℹ cancelled 0
ℹ skipped 0
ℹ todo 0
ℹ duration_ms 53.333541
