✔ completed command records diagnostic and redacts configured secret split across chunks (33.843458ms)
✔ deadline kills an actual owned grandchild, preserves FAIL and logs (1508.778833ms)
✔ successful leader with detached lifetime descendant is FAIL even after cleanup (141.867292ms)
✔ spawn failure and evidence-write failure cannot become success (2.943042ms)
✔ explicit cancellation cleans its group and never passes (102.981208ms)
✔ interleaved stderr cannot break secret redaction (41.457209ms)
✔ output limit is bounded failure without partial secret chunks (30.624166ms)
✔ normal completion without sensitive output remains PASS with closed process group (21.17225ms)
✔ F09 admission requires command supervision and immutable owned cleanup proofs (6.14825ms)
✔ three exact owned actors retire while immutable event facts remain (1.301333ms)
✔ ownership mismatch refuses mutation (1.8615ms)
✔ post-SQL reset is FAIL with no replay (0.16725ms)
✔ active actors and changed event facts fail retirement (0.792417ms)
✔ wrong run and duplicate actors never connect (0.654834ms)
✔ empty fixture inventory cannot admit successful F09 (0.1415ms)
✔ partial, open, changed and active cleanup receipts fail admission (0.400167ms)
✔ later A2 migration does not make a complete F09 ledger stale (0.354667ms)
✔ missing target migration fails closed (0.168334ms)
✔ changed applied SQL checksum fails closed (0.071792ms)
✔ missing F09 prerequisite fails even if remaining ledger matches (0.0585ms)
✔ F09 rule semantics match the development-plan thresholds (0.726875ms)
✔ unchanged rule IDs cannot hide threshold, duration, count or severity drift (0.785208ms)
ℹ tests 22
ℹ suites 0
ℹ pass 22
ℹ fail 0
ℹ cancelled 0
ℹ skipped 0
ℹ todo 0
ℹ duration_ms 1916.816916
