✔ all eight independently content-bound dependencies admit DEVELOPMENT only (23.571667ms)
✔ engineering aggregation preserves the sole pending user confirmation (13.9435ms)
✔ milestone rejects missing F0 (13.04975ms)
✔ milestone rejects missing PRE (13.67325ms)
✔ milestone rejects duplicate dependency (12.673042ms)
✔ milestone rejects unready F0 (12.762959ms)
✔ milestone rejects manifest bytes replaced (12.627709ms)
✔ milestone rejects digest substituted (11.764916ms)
✔ milestone rejects dependency path substituted (12.401291ms)
✔ milestone rejects dependency verdict substituted (13.444292ms)
✔ milestone rejects self manifest schema (13.235ms)
✔ milestone rejects normative change (13.335791ms)
✔ milestone rejects source input change (12.52625ms)
✔ milestone rejects unexecuted check (12.566667ms)
✔ milestone rejects missing execution time (12.276333ms)
✔ milestone rejects missing required check (12.343958ms)
✔ milestone rejects duplicate check (12.399875ms)
✔ milestone rejects wrong command (12.7435ms)
✔ milestone rejects log tampering (12.607917ms)
✔ milestone rejects rehashed prose (13.096458ms)
✔ milestone rejects external log path (13.439584ms)
✔ milestone rejects false formal acceptance (12.098416ms)
✔ milestone rejects aggregate claims database run (12.457916ms)
✔ milestone rejects hidden exclusions (11.715916ms)
✔ milestone rejects unresolved functional finding (12.354ms)
✔ dependency validator is invoked and errors propagate (12.532542ms)
✔ fake READY cannot hide changed G0 scope (12.150125ms)
✔ arbitrary existing markdown cannot serve as a milestone receipt (0.093042ms)
✔ own arbitrary digest is rejected independently of dependency status (0.075708ms)
✔ F0 policy contains the six missing nodes and all eleven obligations (12.286375ms)
✔ production schema drift comparator rejects tables (0.138875ms)
✔ production schema drift comparator rejects columns (0.057417ms)
✔ production schema drift comparator rejects constraints (0.04675ms)
✔ production schema drift comparator rejects indexes (0.046459ms)
✔ production schema drift comparator rejects policies (0.037625ms)
✔ production schema drift comparator rejects routines (0.0305ms)
✔ production schema drift comparator rejects triggers (0.040917ms)
✔ 100-task recovery evidence cannot use 10-task diagnostic or accept P95 (1.966709ms)
✔ CI validates milestone disposition and preserves strict admission and negatives (5.427791ms)
ℹ tests 39
ℹ suites 0
ℹ pass 39
ℹ fail 0
ℹ cancelled 0
ℹ skipped 0
ℹ todo 0
ℹ duration_ms 436.241083
