
> @sumalpha/quantos@ test:development-plans /Users/anray/Documents/project/SumAlpha/QuantOS
> node --test scripts/development-plan-order-negative.mjs

✔ joint schedule is acyclic and preserves task/status boundaries (16.022875ms)
✔ restoring a complete R1 prerequisite for S2 services creates a rejected cycle (4.86475ms)
✔ research service waiting on its consumer page is rejected (4.502ms)
✔ historical CORE:R04 to CORE:L04 probe now fails closed (4.47225ms)
✔ an early identity API cannot silently depend on later research services (5.864917ms)
✔ a provider cannot wait for the consumer frontend Gate (4.207667ms)
✔ removing S2 service admission from a core execution task is rejected (4.589833ms)
✔ S2 service Gate cannot omit TP12 advance evaluation (4.875417ms)
✔ I10 cannot drop testnet service admission even if metadata is edited with it (5.315833ms)
✔ a new or existing frontend cannot skip the full provider Gate (5.486458ms)
✔ G5 cannot be marked as closing in I4 before reconciliation (5.839708ms)
✔ moving the G1 block above I1 tasks is rejected (4.867375ms)
✔ milestone cannot omit its last child while retaining a Gate summary (5.117083ms)
✔ prose-only backend dependencies cannot drift from structured prerequisites (5.166791ms)
✔ core closure mapping cannot become an implicit service alias (4.886458ms)
✔ ACCEPTED checkpoint needs SHA and evidence, not only a green word (5.301875ms)
✔ accepted checkpoint evidence must resolve (2.60675ms)
✔ missing checkpoint and unknown dependency fail closed (6.45ms)
✔ API windows cannot skip their preceding provider checkpoint (4.868459ms)
✔ UI windows cannot skip the preceding reconciliation window (5.099167ms)
✔ Web intake preserves the explicit no-model-review schema (1.678875ms)
✔ missing Web task fields still fail closed (1.37375ms)
✔ both plans must publish exactly the same stage contract (5.391042ms)
✔ changing both plans cannot defer correctness or functional deadlines to release (14.793125ms)
✔ both plans must retain every deferred release obligation (13.062875ms)
✔ tasks and checkpoints cannot omit, invent, or misclassify their stage gate (18.763083ms)
✔ release prerequisites cannot block either development or integration (11.586416ms)
✔ release gates cannot skip business closure or inherit the wrong stage (13.089791ms)
✔ historical ACCEPTED and completed tasks do not automatically become READY (10.752625ms)
✔ READY needs its own input digest and resolvable evidence (35.503875ms)
✔ unassessed stage gates cannot carry an apparent ready receipt (10.807ms)
✔ BLOCKED retains failure evidence and digest without being counted as READY (15.075667ms)
✔ a READY chain needs READY prerequisites and its own evidence at every node (19.969958ms)
✔ stage readiness never substitutes for formal acceptance evidence (2.749125ms)
✔ release READY requires formal acceptance and all functional prerequisites (8.570083ms)
✔ core intake follows the frontend audit-report format (6.275542ms)
✔ core review summary must be unique and link to audit evidence (7.948542ms)
✔ core shared task fields and existing window must stay consistent (14.28675ms)
ℹ tests 38
ℹ suites 0
ℹ pass 38
ℹ fail 0
ℹ cancelled 0
ℹ skipped 0
ℹ todo 0
ℹ duration_ms 362.398708
