Validated 6 pinned Buf plugins and locked generation workflow.
✔ proto generation configuration is pinned and lock-preserving (34.934625ms)
✔ proto generation configuration rejects an unpinned remote plugin (33.810916ms)
✔ proto generation configuration rejects implicit dependency updates (33.954875ms)
ℹ tests 3
ℹ suites 0
ℹ pass 3
ℹ fail 0
ℹ cancelled 0
ℹ skipped 0
ℹ todo 0
ℹ duration_ms 132.583833
Extracted 50 JSON schema documents.
Validated 50 standalone JSON schemas and 11 planned domain schemas.
✔ standalone JSON schema gate passes the complete generated catalog (135.686708ms)
✔ standalone JSON schema gate rejects a missing planned domain schema (47.06025ms)
✔ standalone JSON schema gate rejects an unresolved reference (134.928417ms)
ℹ tests 3
ℹ suites 0
ℹ pass 3
ℹ fail 0
ℹ cancelled 0
ℹ skipped 0
ℹ todo 0
ℹ duration_ms 351.270834
Proto compatibility checked against da89ff813ac49b91c82895f1d7e04898b5b9b389
Proto checks passed.
