✔ Auth timeout is retained before bounded successful retry (0.500416ms)
✔ persistent login timeout remains failure after exactly three attempts (0.735416ms)
✔ Auth denial, invalid body and explicit cancellation never retry (0.147416ms)
✔ known closed login transport can retry without recording credential text (0.116375ms)
✔ login budget cannot be extended beyond three attempts (0.328917ms)
✔ only retained transport failures can precede actual login PASS (0.182333ms)
✔ missing, excessive and unfinished Auth attempts cannot establish acceptance (2.712584ms)
✔ actual-service receipt requires owned actor, confirmed session retirement and reaped PIDs (4.872958ms)
✔ F07 rejects active actor (0.546792ms)
✔ F07 rejects foreign actor (0.639792ms)
✔ F07 rejects foreign tenant (0.403ms)
✔ F07 rejects no service cleanup (0.40175ms)
✔ F07 rejects reused PID (0.394292ms)
✔ F07 rejects unconfirmed logout (0.382959ms)
✔ F07 rejects missing logout (0.416291ms)
✔ F07 rejects cleanup failure (0.455667ms)
✔ F07 rejects cleanup after receipt (0.394542ms)
✔ two closed initial connections are retained, closed, then the third succeeds before any statement (0.570833ms)
✔ persistent closure fails after three and retains every failure (0.772417ms)
✔ auth bootstrap failure never retries (0.110125ms)
✔ permission bootstrap failure never retries (0.091416ms)
✔ TLS bootstrap failure never retries (0.0625ms)
✔ cancel bootstrap failure never retries (0.052417ms)
✔ unknown bootstrap failure never retries (0.060166ms)
✔ initial transport timeout retries but a later query error never reconnects (0.094083ms)
✔ failure to close an initial connection prevents retry (0.1005ms)
✔ budget cannot exceed three (0.21525ms)
✔ acceptance rejects missing, unfinished, reordered, semantic or unclosed attempts (2.701458ms)
✔ evidence-save failure closes the connected client and never reconnects (0.090583ms)
✔ valid source and execution-bound dependency chain is READY without release signatures (44.342042ms)
✔ missing required execution (33.352375ms)
✔ failed execution (33.463458ms)
✔ wrong actual command (32.1815ms)
✔ unresolved issue (25.375292ms)
✔ wrong node (24.217833ms)
✔ missing source inventory (29.00525ms)
✔ plan scope changed (23.149459ms)
✔ outside log path (26.993167ms)
✔ wrong log digest (26.945333ms)
✔ missing dependency (25.960792ms)
✔ dependency digest substituted (25.861708ms)
✔ tampered manifest bytes are rejected (20.860666ms)
✔ changed source content is rejected despite unchanged gate digest (24.880417ms)
✔ dependency must independently be READY (27.916ms)
✔ arbitrary log cannot masquerade as successful execution (25.399916ms)
✔ input file symlink cannot escape the repository (26.226875ms)
✔ database execution cannot be inferred from a normal local PASS (31.392833ms)
✔ Supabase target receipt verifies each compressed execution log (31.362209ms)
✔ source drift during execution invalidates the original input snapshot (38.887833ms)
✔ requirement drift during execution invalidates the original input snapshot (42.282958ms)
✔ controlled public development profile overrides stale values and preserves server inputs (0.119917ms)
✔ private credentials cannot be injected through a public development profile (0.093333ms)
✔ transient Auth 503 can retry only a complete target execution (0.105833ms)
✔ persistent target timeout never becomes PASS and stops at its budget (0.0705ms)
✔ semantic target failures stop without retry or PASS (0.022584ms)
✔ target retry budget cannot be unbounded (0.211542ms)
✔ configured target retries require explicit attempt outcomes in the receipt (29.502542ms)
✔ three successful full builds bind output inventories (0.339667ms)
✔ reproducibility rejects only two builds (0.1025ms)
✔ reproducibility rejects missing Python build (0.116209ms)
✔ reproducibility rejects failed command (0.113166ms)
✔ reproducibility rejects different output digest (0.084708ms)
✔ reproducibility rejects substituted inventory (0.06625ms)
✔ reproducibility rejects dirty source (0.057834ms)
✔ reproducibility rejects old source (0.05525ms)
✔ development policy retains explicit build, coverage, volume and target storage obligations (0.315208ms)
✔ static make commands cannot reload .env.local or inherit target database opt-ins (0.074458ms)
✔ volume retry restarts the complete check only on a closed PostgreSQL transport (0.049167ms)
✔ volume correctness and certificate errors cannot be retried into PASS (0.029209ms)
✔ persistent database transport failure stays failed at the retry limit (0.024333ms)
✔ separate assessment snapshot preserves historical manifests and binds its own logs (32.083667ms)
✔ third-party Git link binds the actual clean checkout and rejects dirty/advanced source (136.42075ms)
✔ transient read-only preflight connection closure retries the complete target (0.109625ms)
✔ preflight permission and role failures are not transport retries (0.06325ms)
✔ persistent preflight closure exhausts three attempts without PASS (0.067125ms)
✔ component passes while missing dependency/whole release admission rejects (52.689417ms)
✔ static COMPLETED is never dependency admission (14.817958ms)
✔ READY declarations still execute strict receipt validation (15.8035ms)
✔ release handoff and dependency changes fail closed n=>n.get('RELEASE-GATE:BETA').required_scope=n.get('RELEASE-GATE:BETA').required_scope.replace(handoff,'') (14.270542ms)
✔ release handoff and dependency changes fail closed n=>n.get('RELEASE-GATE:BETA').stage_gate.stage='DEVELOPMENT' (14.092791ms)
✔ release handoff and dependency changes fail closed n=>n.get('CORE:R02').dependencies.pop() (14.872125ms)
✔ full target outcomes, cleanup and coverage bind development scope (42.616167ms)
✔ reject missing initial bootstrap (13.247292ms)
✔ reject unclosed preparation connection (11.8145ms)
✔ reject post-SQL transport reset (12.31425ms)
✔ reject unclosed actor cleanup connection (13.989958ms)
✔ reject missing boundary cleanup bootstrap (11.37025ms)
✔ reject failed combined execution (15.575958ms)
✔ reject failed actor cleanup (11.299584ms)
✔ reject no boundary actors (13.589083ms)
✔ reject new provider run (12.92925ms)
✔ reject fresh quality claim (12.977ms)
✔ reject engine left running (12.80425ms)
✔ reject wrong target (13.364ms)
✔ reject release claimed (9.278167ms)
✔ reject wrong execution SHA (8.834125ms)
✔ reject missing approval (12.488125ms)
✔ reject changed source (10.439334ms)
✔ reject skipped target test (12.496875ms)
✔ reject under threshold coverage (24.978958ms)
✔ tampered nested log rejected without changing outcome labels (9.176958ms)
✔ nested path escape rejected (8.242625ms)
✔ R1 controlled policies cover the complete dependency closure (1059.752125ms)
✔ R01 target and production coverage independently validate (30.739958ms)
✔ R01 reject vacuous actor cleanup (18.343125ms)
✔ R01 reject uncommitted outbox (18.747708ms)
✔ R01 reject fixture claimed as real provider (18.853ms)
✔ R01 reject RLS failed (22.363959ms)
✔ R01 reject migration mismatched (17.878292ms)
✔ real process inventory outcome is separately required by R02 (1.005917ms)
✔ process cleanup reject leak cleaned after discovery (0.436666ms)
✔ process cleanup reject process inspection skipped (0.309791ms)
✔ process cleanup reject residual child left alive (0.546917ms)
✔ process cleanup reject failed cleanup relabeled (0.375334ms)
✔ process cleanup reject unbounded ownership scope (0.866375ms)
✔ process cleanup reject wrong source (0.308ms)
✔ process cleanup reject missing baseline capture (0.481583ms)
✔ only repository Python with a known module and test socket is inventoried (0.968792ms)
✔ all fixture socket families including private f08 directories are recognized (0.071875ms)
✔ pre-existing processes and other assessment scopes are never owned (0.098792ms)
✔ PID reuse cannot impersonate an existing process identity (0.061791ms)
✔ real direct Python fixture is observed and terminated without a launcher orphan (1044.090625ms)
ℹ tests 122
ℹ suites 0
ℹ pass 122
ℹ fail 0
ℹ cancelled 0
ℹ skipped 0
ℹ todo 0
ℹ duration_ms 1537.150791
