✔ engineering-only validation never grants TP01-D admission (190.744083ms)
✔ all copied supporting logs are required (98.108666ms)
✔ TP01-D artifact rejects omitted check (181.970667ms)
✔ TP01-D artifact rejects failed execution (181.173167ms)
✔ TP01-D artifact rejects fake command (178.875416ms)
✔ TP01-D artifact rejects source inventory (166.384958ms)
✔ TP01-D artifact rejects log digest (176.84425ms)
✔ TP01-D artifact rejects fixture omission (177.929166ms)
✔ TP01-D artifact rejects queue drift (176.385125ms)
✔ TP01-D artifact rejects formal claim (96.04ms)
✔ TP01-D artifact rejects future execution (177.7035ms)
✔ source commit must match execution manifest (96.792333ms)
✔ copied logs are validated independently of mutable canonical logs (258.218ms)
✔ exact two-family queue binds current locked sources and QuantOS replacements (1.186292ms)
✔ actual queue documents and inventory agree (0.695792ms)
✔ patch queue rejects old baseline (0.903833ms)
✔ patch queue rejects invented upstream (0.311875ms)
✔ patch queue rejects omitted design (0.318667ms)
✔ patch queue rejects duplicate design (0.264708ms)
✔ patch queue rejects new session family (0.246792ms)
✔ patch queue rejects direct import (0.24825ms)
✔ patch queue rejects extra patch (0.318542ms)
✔ patch queue rejects unreviewed target (0.289625ms)
✔ patch queue rejects path escape (0.2705ms)
✔ patch queue rejects source digest (0.370375ms)
✔ patch queue rejects unknown source (0.318625ms)
✔ patch queue rejects missing permission replacement (0.299375ms)
✔ patch queue rejects upstream storage (0.373083ms)
✔ patch queue rejects false status (0.196084ms)
✔ patch queue rejects missing document (0.198209ms)
✔ patch queue rejects extra capability (0.310125ms)
ℹ tests 31
ℹ suites 0
ℹ pass 31
ℹ fail 0
ℹ cancelled 0
ℹ skipped 0
ℹ todo 0
ℹ duration_ms 2199.224333
