✔ current BFF-FE-000 repository Gate passes (4.069417ms)
✔ missing phase-one page mapping is rejected (2.045291ms)
✔ published operation drift is rejected (3.34575ms)
✔ planned operation traceability deletion is rejected (2.331917ms)
✔ shared idempotency baseline deletion is rejected (2.594042ms)
✔ dependency regression is rejected (1.446041ms)
✔ error correlation header deletion is rejected (2.322458ms)
✔ generated Zod export deletion is rejected (1.457458ms)
✔ missing staging permits development readiness and never claims formal acceptance (0.536375ms)
✔ stage deferral cannot bypass engineering failures, final receipt requirements or unknown stages (0.059292ms)
✔ final review command cannot be rewired to the development stage (6.847916ms)
✔ current semantic A1 gate passes (3.240458ms)
✔ rejects cookie semantic regression (2.743416ms)
✔ rejects idempotency semantic regression (2.928625ms)
✔ rejects sort semantic regression (3.746708ms)
✔ rejects page semantic regression (2.559458ms)
✔ rejects ci semantic regression (2.510292ms)
✔ rejects decimal semantic regression (2.588416ms)
✔ rejects version semantic regression (2.757375ms)
✔ rejects csrf semantic regression (2.353375ms)
✔ exact registered security correction is accepted only within its window (12.420792ms)
✔ unregistered breaking type, enum or missing baseline fails closed (23.940208ms)
✔ new required parameters and constraints cannot silently bypass compatibility (0.991541ms)
✔ absent, invented and reference-only staging receipts never close A1 (0.160916ms)
✔ receipt checker binds actual evidence bytes and each role to source and contract inputs (0.327375ms)
✔ optional property within an existing allOf is additive, required changes are rejected (0.11225ms)
ℹ tests 26
ℹ suites 0
ℹ pass 26
ℹ fail 0
ℹ cancelled 0
ℹ skipped 0
ℹ todo 0
ℹ duration_ms 170.928666
