✔ formal gate rejects zero, one, two and noninteger runs (0.357333ms)
✔ all binaries participate in digest and omitted binary fails (2.93075ms)
✔ extra binary, missing wheel and stale/empty Web cannot pass output inventory (2.3705ms)
✔ manifest inventory cannot omit or add members (0.058166ms)
✔ dirty and untracked source rejected (60.766666ms)
✔ deleted module README is rejected (2.547416ms)
✔ wrong uv version fails toolchain preflight (17.3875ms)
✔ invalid locks fail real lock entrypoint (34.569041ms)
✔ Terminal default lint rejects a page TSX violation (642.45225ms)
✔ invalid run revokes old successful receipt (24.817708ms)
✔ Cargo manifest drift is rejected by actual lock gate (546.904833ms)
✔ uv manifest drift is rejected by actual lock gate (634.64375ms)
✔ pnpm manifest drift is rejected by actual lock gate (879.088083ms)
✔ malformed Buf lock is rejected by actual lock gate (649.600375ms)
✔ broken Desktop is outside phase-one pnpm frozen check (307.20325ms)
✔ uv output marker is metadata, other unexpected files still fail (2.19025ms)
✔ build-only tool is required in output inventory without becoming a runtime binary (2.103791ms)
ℹ tests 17
ℹ suites 0
ℹ pass 17
ℹ fail 0
ℹ cancelled 0
ℹ skipped 0
ℹ todo 0
ℹ duration_ms 3845.245792
