
> @sumalpha/quantos@ test:development-plans /Users/anray/Documents/project/SumAlpha/QuantOS
> node --test scripts/development-plan-order-negative.mjs

✔ joint schedule is acyclic and preserves task/status boundaries (11.131792ms)
✔ restoring a complete R1 prerequisite for S2 services creates a rejected cycle (5.47ms)
✔ research service waiting on its consumer page is rejected (4.665708ms)
✔ historical CORE:R04 to CORE:L04 probe now fails closed (4.568958ms)
✔ an early identity API cannot silently depend on later research services (6.135375ms)
✔ a provider cannot wait for the consumer frontend Gate (4.338458ms)
✔ removing S2 service admission from a core execution task is rejected (4.824209ms)
✔ S2 service Gate cannot omit TP12 advance evaluation (5.089791ms)
✔ I10 cannot drop testnet service admission even if metadata is edited with it (5.681125ms)
✔ a new or existing frontend cannot skip the full provider Gate (5.898416ms)
✔ G5 cannot be marked as closing in I4 before reconciliation (5.562917ms)
✔ moving the G1 block above I1 tasks is rejected (5.0455ms)
✔ milestone cannot omit its last child while retaining a Gate summary (5.845291ms)
✔ prose-only backend dependencies cannot drift from structured prerequisites (5.778959ms)
✔ core closure mapping cannot become an implicit service alias (5.136584ms)
✔ ACCEPTED checkpoint needs SHA and evidence, not only a green word (6.238958ms)
✔ accepted checkpoint evidence must resolve (2.590542ms)
✔ missing checkpoint and unknown dependency fail closed (6.754709ms)
✔ API windows cannot skip their preceding provider checkpoint (4.878834ms)
✔ UI windows cannot skip the preceding reconciliation window (4.9105ms)
✔ Web intake preserves the explicit no-model-review schema (1.418166ms)
✔ missing Web task fields still fail closed (1.483917ms)
✔ both plans must publish exactly the same stage contract (5.275666ms)
✔ changing both plans cannot defer correctness or functional deadlines to release (13.812875ms)
✔ both plans must retain every deferred release obligation (13.961708ms)
✔ tasks and checkpoints cannot omit, invent, or misclassify their stage gate (18.58375ms)
✔ release prerequisites cannot block either development or integration (11.846916ms)
✔ release gates cannot skip business closure or inherit the wrong stage (13.938042ms)
✔ historical ACCEPTED and completed tasks do not automatically become READY (5.562167ms)
✔ READY needs its own input digest and resolvable evidence (29.490791ms)
✔ unassessed stage gates cannot carry an apparent ready receipt (6.732791ms)
✔ BLOCKED retains failure evidence and digest without being counted as READY (8.641667ms)
✔ a READY chain needs READY prerequisites and its own evidence at every node (13.274708ms)
✔ stage readiness never substitutes for formal acceptance evidence (2.732541ms)
✔ release READY requires formal acceptance and all functional prerequisites (8.402333ms)
ℹ tests 35
ℹ suites 0
ℹ pass 35
ℹ fail 0
ℹ cancelled 0
ℹ skipped 0
ℹ todo 0
ℹ duration_ms 305.6705
