
> @sumalpha/quantos@ test:pre05 /Users/anray/Documents/project/SumAlpha/QuantOS
> pnpm --filter @sumalpha/config test && node --test scripts/pre05-gate-negative.mjs


> @sumalpha/config@0.1.0 test /Users/anray/Documents/project/SumAlpha/QuantOS/packages/config
> vitest run


 RUN  v4.1.11 /Users/anray/Documents/project/SumAlpha/QuantOS/packages/config


 Test Files  1 passed (1)
      Tests  26 passed (26)
   Start at  12:14:24
   Duration  357ms (transform 29ms, setup 0ms, import 36ms, tests 264ms, environment 0ms)

✔ public client ID and public Sentry DSN pass client scan (1.582208ms)
✔ known secret shapes are rejected in every supported client artifact type (9.190875ms)
✔ arbitrary injected server credentials and encoded forms are rejected (0.715208ms)
✔ scanner rejects missing, empty and file roots (0.870084ms)
✔ scanner does not follow symlink artifacts (0.50725ms)
✔ artifact CLI fails closed and never echoes the synthetic secret (80.577875ms)
✔ relative and absolute env-file paths both work, missing paths fail (204.604208ms)
✔ both actual application build commands enforce the client artifact gate (0.237ms)
✔ short server credentials are scanned; empty unset credentials do not match everything (1.237125ms)
✔ production CLI loads app dotenv precedence and expansion, isolated per app (1291.740083ms)
ℹ tests 10
ℹ suites 0
ℹ pass 10
ℹ fail 0
ℹ cancelled 0
ℹ skipped 0
ℹ todo 0
ℹ duration_ms 1654.222834
