
> @sumalpha/quantos@ test:pre06 /Users/anray/Documents/project/SumAlpha/QuantOS
> node --test scripts/pre06-gate-negative.mjs scripts/pre06-runtime-negative.mjs

✔ current PRE-06 Web baseline passes (23.670708ms)
✔ website browser Gate deletion is rejected (9.758625ms)
✔ Desktop coupling in phase-one compatibility is rejected (7.62875ms)
✔ Desktop deep-link inclusion in phase-one Terminal is rejected (7.103375ms)
✔ generated operation coverage drift is rejected (6.25575ms)
✔ visual baseline integrity failure is rejected (5.793875ms)
✔ performance budget weakening is rejected (5.068125ms)
✔ disabled CI steps and comment-only commands are rejected (16.154375ms)
✔ contract assertion deletion and visual comparison deletion fail closed (9.609417ms)
✔ website performance and critical coverage gates cannot be removed (10.767125ms)
✔ CI retry policy must reject flaky outcomes and archive failure evidence (10.504917ms)
✔ comments cannot restore weakened budget or critical coverage policy (14.670625ms)
✔ skipped suites and inactive screenshot assertions cannot satisfy the baseline (34.738833ms)
✔ critical contract callbacks cannot return early, hide assertions, or remove runtime counting (22.60425ms)
✔ unknown and corrupted fixtures are rejected, explicit sabotage fixtures remain expected failures (30.824542ms)
✔ empty assets and empty route manifest are never a zero-sized performance PASS (29.582709ms)
✔ actual CI configs return nonzero for first-fail-then-pass policy probe (1264.964ms)
ℹ tests 17
ℹ suites 0
ℹ pass 17
ℹ fail 0
ℹ cancelled 0
ℹ skipped 0
ℹ todo 0
ℹ duration_ms 1378.581125
