
> @sumalpha/quantos@ test:pre02 /Users/anray/Documents/project/SumAlpha/QuantOS
> pnpm --filter @sumalpha/ui test:pre02


> @sumalpha/ui@0.1.0 test:pre02 /Users/anray/Documents/project/SumAlpha/QuantOS/packages/ui
> node --test scripts/pre02-gate-negative.mjs

✔ current PRE-02 design-system contract passes (8.302916ms)
✔ renaming a required safety key fails even when the count stays at 18 (1.601791ms)
✔ missing state color mapping fails closed (1.334083ms)
✔ insufficient focus contrast is rejected (1.178959ms)
✔ missing readonly viewport is rejected (1.053667ms)
✔ deny cannot become success (1.2725ms)
✔ mapped token paths must exist (0.811167ms)
✔ English safety semantics cannot be inverted (0.69825ms)
✔ all compact density values remain frozen (0.802792ms)
✔ focus width and path remain frozen (0.837ms)
✔ breakpoint intervals cannot develop gaps (0.665791ms)
✔ typography and spacing must match the reviewed contract (0.939791ms)
✔ required component identity cannot be replaced (0.715958ms)
✔ comments do not supply executable Storybook configuration (0.830958ms)
✔ surface.2 contrast cannot be removed from the contract (0.965167ms)
✔ native reference viewport is not a prerequisite of the Web Gate (0.6485ms)
✔ disabled contrast rule cannot hide behind a matching comment (0.604375ms)
✔ readonly viewport dimensions cannot hide behind its identifier (0.732958ms)
✔ phase-two page cannot enter the Web component acceptance rows (0.587083ms)
✔ provider JSX outside the decorator cannot authorize empty decorators (0.608875ms)
✔ unexported configuration does not authorize a Storybook entry (0.605791ms)
✔ initial theme cannot contradict the dark default contract (0.596667ms)
✔ object spread cannot silently override required addons (0.738291ms)
✔ duplicate decorators cannot replace the validated provider tree (0.704542ms)
✔ dead JSX branches are not executed provider decorators (1.18625ms)
✔ provider attributes cannot be overwritten through JSX spreads (0.867792ms)
✔ provider-only JSX without the Story consumer is rejected (0.709042ms)
ℹ tests 27
ℹ suites 0
ℹ pass 27
ℹ fail 0
ℹ cancelled 0
ℹ skipped 0
ℹ todo 0
ℹ duration_ms 199.711458
