
> @sumalpha/quantos@ test:pre04 /Users/anray/Documents/project/SumAlpha/QuantOS
> node --test scripts/pre04-gate-negative.mjs

✔ current full phase-one inventory passes (11.89625ms)
✔ missing Gap is rejected (5.316667ms)
✔ undecided realtime dependency is rejected (5.491583ms)
✔ deleted required actorId field is rejected (4.733667ms)
✔ nonexistent field source is rejected (4.28525ms)
✔ wrong field type and optionality are rejected (4.858125ms)
✔ generated operation deletion is rejected (4.268375ms)
✔ generated method and path drift are rejected (8.690583ms)
✔ same-count schema rename is rejected (3.622334ms)
✔ schema required and enum drift are rejected (8.918708ms)
✔ same-count Proto message rename is rejected (4.522375ms)
✔ removed Proto declaration is rejected (4.239625ms)
✔ same-count JSON Schema replacement is rejected (4.340125ms)
✔ duplicate contract row is rejected before Map collapse (3.695375ms)
✔ duplicate Gap row is rejected before Map collapse (3.768875ms)
✔ nonexistent role owner is rejected (4.263625ms)
✔ nonexistent backend task is rejected (4.134625ms)
✔ nonexistent BFF task is rejected (3.660166ms)
✔ unknown Gap page is rejected (3.792791ms)
✔ each missing website P0 page is rejected (19.316375ms)
✔ missing auxiliary risk/audit/order contract is rejected (11.562584ms)
✔ closing partly published Gap is rejected (4.036125ms)
✔ omitting planned operation is rejected (3.716542ms)
✔ unpublished Inventory Fixture cannot claim Implemented (3.533375ms)
✔ generated-only contract cannot claim Integrated (4.060542ms)
✔ missing provider evidence is rejected (3.758416ms)
✔ changed provider receipt is rejected (3.753375ms)
✔ missing Inventory Fixture is rejected (4.470542ms)
✔ Desktop contamination is rejected by Web inventory (4.225542ms)
✔ nonexistent domain field mappings including the former engine-version anchor are rejected (8.755625ms)
✔ removed referenced core task is rejected (3.800542ms)
✔ catalog source drift is rejected (4.199125ms)
✔ empty implementation artifact lists are rejected for every implemented contract (12.403416ms)
✔ each missing implementation evidence category is rejected (37.944417ms)
✔ duplicate artifacts cannot substitute for test or receipt evidence (4.790417ms)
✔ another contract receipt cannot substitute for required evidence (4.902209ms)
✔ unknown task suffixes are rejected in both backend task columns (24.415ms)
✔ ambiguous cross-prefix ranges cannot impersonate reviewed backend tasks (7.535083ms)
ℹ tests 38
ℹ suites 0
ℹ pass 38
ℹ fail 0
ℹ cancelled 0
ℹ skipped 0
ℹ todo 0
ℹ duration_ms 377.230667
