
> @sumalpha/quantos@ test:pre03 /Users/anray/Documents/project/SumAlpha/QuantOS
> node --test scripts/pre03-gate-negative.mjs

✔ current Web contract passes and never loads Desktop inputs (8.590667ms)
✔ apps/terminal rejects Next 15.5.23 (5.426875ms)
✔ apps/terminal rejects Next 16.0.0 (1.915ms)
✔ apps/website rejects Next 15.5.23 (1.627125ms)
✔ apps/website rejects Next 16.0.0 (1.578459ms)
✔ missing package resolutions (1.847625ms)
✔ missing snapshots (1.201792ms)
✔ specifier drift (1.814875ms)
✔ dependency removed (1.884458ms)
✔ dependency inserted (1.936459ms)
✔ manifest drift fails without changing lock (0.925459ms)
✔ ADR drift fails (0.724666ms)
✔ duplicate ADR version row fails (0.734958ms)
✔ missing transitive snapshot fails (1.847208ms)
✔ Node pin drift fails (0.747333ms)
✔ effective Next configuration: valid export (225.648791ms)
✔ effective Next configuration: comment marker (220.578459ms)
✔ effective Next configuration: dead branch (223.635458ms)
✔ effective Next configuration: subsequent override (232.010042ms)
✔ effective Next configuration: function config (232.9025ms)
✔ bad route resources, fake HTML and script failures fail closed (11804.36125ms)
✔ Next-specific async client violation is an ESLint error (247.346959ms)
✔ build receipts reject stale source, config, identity and missing receipts (2.029917ms)
✔ source binding ignores caches but detects actual source changes (3.636958ms)
✔ all workspace importers and exact link targets are required (12.781958ms)
✔ runtime loader discovers omitted manifests independently of lockfile (507.203792ms)
✔ per-app env files are isolated and reloaded without polluting caller (666.735625ms)
ℹ tests 27
ℹ suites 0
ℹ pass 27
ℹ fail 0
ℹ cancelled 0
ℹ skipped 0
ℹ todo 0
ℹ duration_ms 15132.91375
