
> @sumalpha/quantos@ test:pre01 /Users/anray/Documents/project/SumAlpha/QuantOS
> node --test ./scripts/tests/check-pre01.test.mjs

✔ current PRE-01 artifacts satisfy the executable contract (5.320667ms)
✔ missing a page state fails closed (1.8625ms)
✔ invalid story priority fails closed (0.562541ms)
✔ missing traceability row fails closed (1.366125ms)
✔ published operation cannot regress to planned fails closed (1.693666ms)
✔ unknown role fails closed (0.484208ms)
✔ unknown route fails closed (0.539875ms)
✔ duplicate story fails closed (0.548708ms)
✔ missing flow stories fails closed (0.687666ms)
✔ missing flow scenarios fails closed (1.208709ms)
✔ unsafe proposal criterion fails closed (1.258875ms)
✔ unknown trace task fails closed (1.376458ms)
✔ unauthorized admin grant fails closed (1.135833ms)
✔ missing permission route fails closed (0.737375ms)
✔ phase-one P16 fails closed (0.090083ms)
✔ missing contract owner fails closed (1.141042ms)
✔ empty flow role fails closed (0.625708ms)
✔ empty flow route fails closed (0.67ms)
✔ state label mismatch fails closed (0.93825ms)
✔ desktop-only story fails closed (0.457792ms)
✔ persistent offline cache fails closed (0.967166ms)
✔ admin domain permission fails closed (0.737959ms)
✔ missing page story fails closed (0.497125ms)
✔ cross-page route fails closed (0.43175ms)
✔ current G0 governance preserves history without granting current acceptance (1.41675ms)
✔ past-due G0 item cannot silently remain OPEN (0.607792ms)
✔ fabricated G0 acceptance fails against current checkpoint (0.541625ms)
✔ missing G0 leftover owner fails (0.578625ms)
✔ P05 cannot bind metadata download to an untraced audit export operation (2.032958ms)
✔ P21 cannot drop alert ownership from both ledger and trace while retaining the subscription (2.4425ms)
✔ unknown unlabelled operation in API register is rejected (1.68875ms)
✔ P05 quality alerts require C16 ownership on the consumer page (1.520625ms)
✔ API register rejects current version 1.4.0 (1.622083ms)
✔ API register rejects current version 99.99.0 (1.503833ms)
✔ published register row cannot omit API version (1.875334ms)
✔ published register row cannot omit generated mock version (1.697459ms)
✔ all ten historical compatibility strategies cannot be cleared (0.837ms)
✔ current disposition cannot drop a historical parent (0.993125ms)
✔ current disposition requires effective checkpoint deadline (0.827375ms)
✔ current disposition cannot claim target RELEASE completion (0.833292ms)
✔ current disposition requires nonempty compatibility strategy (0.838375ms)
✔ current disposition presentation must match structured source (1.076375ms)
✔ current deadline cannot defer DEVELOPMENT provider obligations to integration (1.225041ms)
ℹ tests 43
ℹ suites 0
ℹ pass 43
ℹ fail 0
ℹ cancelled 0
ℹ skipped 0
ℹ todo 0
ℹ duration_ms 146.33875
