Validated 6 pinned Buf plugins and locked generation workflow.
✔ proto generation configuration is pinned and lock-preserving (35.710375ms)
✔ proto generation configuration rejects an unpinned remote plugin (35.086875ms)
✔ proto generation configuration rejects implicit dependency updates (35.907ms)
ℹ tests 3
ℹ suites 0
ℹ pass 3
ℹ fail 0
ℹ cancelled 0
ℹ skipped 0
ℹ todo 0
ℹ duration_ms 137.259375
Extracted 50 JSON schema documents.
Validated 50 standalone JSON schemas and 11 planned domain schemas.
✔ standalone JSON schema gate passes the complete generated catalog (136.96175ms)
✔ standalone JSON schema gate rejects a missing planned domain schema (46.395583ms)
✔ standalone JSON schema gate rejects an unresolved reference (128.747042ms)
ℹ tests 3
ℹ suites 0
ℹ pass 3
ℹ fail 0
ℹ cancelled 0
ℹ skipped 0
ℹ todo 0
ℹ duration_ms 345.135875
Proto compatibility checked against 090e5c92260f33ad6e4bf858dd667f8876c3059a
Proto checks passed.
