
> @sumalpha/quantos@ test:provider-a1 /Users/anray/Documents/project/SumAlpha/QuantOS
> node --test scripts/provider-a1-receipts.test.mjs

✔ valid source and execution-bound dependency chain is READY without release signatures (36.757292ms)
✔ missing required execution (27.428708ms)
✔ failed execution (26.070709ms)
✔ wrong actual command (25.269292ms)
✔ unresolved issue (21.591417ms)
✔ wrong node (20.842583ms)
✔ missing source inventory (24.971792ms)
✔ plan scope changed (21.118334ms)
✔ outside log path (26.860667ms)
✔ wrong log digest (26.816708ms)
✔ missing dependency (27.965416ms)
✔ dependency digest substituted (27.161166ms)
✔ tampered manifest bytes are rejected (21.061208ms)
✔ changed source content is rejected despite unchanged gate digest (27.124541ms)
✔ dependency must independently be READY (26.291958ms)
✔ arbitrary log cannot masquerade as successful execution (25.497792ms)
✔ input file symlink cannot escape the repository (24.774292ms)
✔ database execution cannot be inferred from a normal local PASS (29.736583ms)
✔ Supabase target receipt verifies each compressed execution log (29.814958ms)
✔ source drift during execution invalidates the original input snapshot (38.974834ms)
✔ requirement drift during execution invalidates the original input snapshot (42.164625ms)
✔ controlled public development profile overrides stale values and preserves server inputs (0.120583ms)
✔ private credentials cannot be injected through a public development profile (0.09175ms)
✔ transient Auth 503 can retry only a complete target execution (0.092917ms)
✔ persistent target timeout never becomes PASS and stops at its budget (0.077292ms)
✔ semantic target failures stop without retry or PASS (0.023125ms)
✔ target retry budget cannot be unbounded (0.084875ms)
✔ configured target retries require explicit attempt outcomes in the receipt (30.856584ms)
✔ three successful full builds bind output inventories (0.293917ms)
✔ reproducibility rejects only two builds (0.083ms)
✔ reproducibility rejects missing Python build (0.11025ms)
✔ reproducibility rejects failed command (0.132125ms)
✔ reproducibility rejects different output digest (0.094417ms)
✔ reproducibility rejects substituted inventory (0.070708ms)
✔ reproducibility rejects dirty source (0.058625ms)
✔ reproducibility rejects old source (0.058208ms)
✔ development policy retains explicit build, coverage, volume and target storage obligations (0.254708ms)
✔ static make commands cannot reload .env.local or inherit target database opt-ins (0.093917ms)
✔ volume retry restarts the complete check only on a closed PostgreSQL transport (0.051125ms)
✔ volume correctness and certificate errors cannot be retried into PASS (0.027833ms)
✔ persistent database transport failure stays failed at the retry limit (0.028334ms)
✔ separate assessment snapshot preserves historical manifests and binds its own logs (29.822709ms)
ℹ tests 42
ℹ suites 0
ℹ pass 42
ℹ fail 0
ℹ cancelled 0
ℹ skipped 0
ℹ todo 0
ℹ duration_ms 681.531792
