
> @sumalpha/ui@0.1.0 build-storybook /Users/anray/Documents/project/SumAlpha/QuantOS/packages/ui
> storybook build

@storybook/core v8.6.18

info => Cleaning outputDir: storybook-static
info => Loading presets
info => Building manager..
info => Manager built ([38;2;181;126;229m65 ms[39m)
info => Building preview..
info Using tsconfig paths for react-docgen
vite v6.4.3 building for production...
transforming...
info => Copying static files: public at storybook-static
✓ 203 modules transformed.
rendering chunks...
computing gzip size...
storybook-static/iframe.html                                           18.02 kB │ gzip:   5.03 kB
storybook-static/assets/preview-BLQmdr70.css                            5.77 kB │ gzip:   1.47 kB
storybook-static/assets/ui104-settings-workspace-D8DhfB6s.css          62.14 kB │ gzip:  14.89 kB
storybook-static/assets/_commonjsHelpers-CqkleIqs.js                    0.12 kB │ gzip:   0.13 kB
storybook-static/assets/index-3b7XovMV.js                               0.14 kB │ gzip:   0.13 kB
storybook-static/assets/preview-CvbIS5ZJ.js                             0.18 kB │ gzip:   0.16 kB
storybook-static/assets/index--sZXvukR.js                               0.46 kB │ gzip:   0.30 kB
storybook-static/assets/chunk-XP5HYGXS-BHXC9YeQ.js                      0.71 kB │ gzip:   0.40 kB
storybook-static/assets/preview-DGUiP6tS.js                             0.71 kB │ gzip:   0.50 kB
storybook-static/assets/jsx-runtime-D_zvdyIk.js                         0.73 kB │ gzip:   0.46 kB
storybook-static/assets/index-Bhqu_tAV.js                               0.79 kB │ gzip:   0.47 kB
storybook-static/assets/react-18-S2UKtIyE.js                            0.84 kB │ gzip:   0.50 kB
storybook-static/assets/Button-n-zZTxPa.js                              0.90 kB │ gzip:   0.49 kB
storybook-static/assets/InlineAlert-sLGLlC8E.js                         0.91 kB │ gzip:   0.47 kB
storybook-static/assets/preview-B3_44YQI.js                             0.95 kB │ gzip:   0.60 kB
storybook-static/assets/I18nProvider.stories-inkwb62D.js                1.03 kB │ gzip:   0.54 kB
storybook-static/assets/test-utils-f4F7u-s2.js                          1.16 kB │ gzip:   0.72 kB
storybook-static/assets/ThemeProvider.stories-rM20LThT.js               1.19 kB │ gzip:   0.60 kB
storybook-static/assets/preview-B-eEeV5_.js                             1.23 kB │ gzip:   0.65 kB
storybook-static/assets/InlineAlert.stories-BhGJWnZc.js                 1.49 kB │ gzip:   0.66 kB
storybook-static/assets/Button.stories-R5TLtxiO.js                      1.55 kB │ gzip:   0.59 kB
storybook-static/assets/StateBadge-D-6FdPAn.js                          1.67 kB │ gzip:   0.83 kB
storybook-static/assets/ui103-oVml8kWR.js                               2.01 kB │ gzip:   1.03 kB
storybook-static/assets/preview-Dp6-IRA2.js                             2.22 kB │ gzip:   1.21 kB
storybook-static/assets/ConnectionStatusBar.stories-7vBJnXmD.js         2.43 kB │ gzip:   1.12 kB
storybook-static/assets/DangerConfirmDialog.stories-C68cRBUH.js         2.66 kB │ gzip:   1.20 kB
storybook-static/assets/RiskPostureBadge.stories-Sx0PneXR.js            2.75 kB │ gzip:   1.22 kB
storybook-static/assets/StateBadge.stories-CeIx7fAf.js                  2.77 kB │ gzip:   0.92 kB
storybook-static/assets/DataFreshnessIndicator.stories-BJELRQ3u.js      2.77 kB │ gzip:   1.22 kB
storybook-static/assets/EvidenceTimeline.stories-B6z2BGn5.js            3.24 kB │ gzip:   1.10 kB
storybook-static/assets/preview-DbvcQN37.js                             3.62 kB │ gzip:   1.75 kB
storybook-static/assets/index-BA8NevWa.js                               3.89 kB │ gzip:   1.52 kB
storybook-static/assets/indicators-BVJ5jHP8.js                          3.96 kB │ gzip:   1.44 kB
storybook-static/assets/preview-B0GEC7uH.js                             5.06 kB │ gzip:   1.88 kB
storybook-static/assets/ThemeProvider-ChIlKNxc.js                       5.16 kB │ gzip:   2.04 kB
storybook-static/assets/DataGrid.stories-lVdetiv2.js                    6.06 kB │ gzip:   2.27 kB
storybook-static/assets/I18nProvider-C4YwdO9d.js                        7.14 kB │ gzip:   3.37 kB
storybook-static/assets/preview-CCCznEf4.js                             7.62 kB │ gzip:   1.56 kB
storybook-static/assets/preview-BBWR9nbA.js                             8.12 kB │ gzip:   3.10 kB
storybook-static/assets/index-UiW3gZKV.js                               8.31 kB │ gzip:   3.29 kB
storybook-static/assets/EvidenceTimeline-Cj-s9bEy.js                   10.70 kB │ gzip:   3.31 kB
storybook-static/assets/Color-YHDXOIA2-Ev4iI063.js                     29.41 kB │ gzip:  11.09 kB
storybook-static/assets/matchers-7Z3WT2CE-T3xScrR7.js                  29.81 kB │ gzip:  10.30 kB
storybook-static/assets/entry-preview-CCseNh98.js                      29.85 kB │ gzip:   9.56 kB
storybook-static/assets/ui104-settings-workspace.stories-Bo0vAYLu.js   35.19 kB │ gzip:  10.72 kB
storybook-static/assets/DangerConfirmDialog-CjR2de3_.js                42.87 kB │ gzip:  14.59 kB
storybook-static/assets/index-DgH-xKnr.js                              57.15 kB │ gzip:  16.28 kB
storybook-static/assets/client-CTepALB4.js                            181.00 kB │ gzip:  56.87 kB
storybook-static/assets/iframe-DiL8X-7x.js                            214.95 kB │ gzip:  72.58 kB
storybook-static/assets/entry-preview-docs-BEV6M-O4.js                247.12 kB │ gzip:  73.45 kB
storybook-static/assets/axe-BvpLO7uO.js                               601.24 kB │ gzip: 165.89 kB
storybook-static/assets/preview-BIuR4HGU.js                           660.73 kB │ gzip: 156.59 kB
storybook-static/assets/index-DH-M5T-F.js                             662.49 kB │ gzip: 157.07 kB
storybook-static/assets/DocsRenderer-CFRXHY34-CXUfWDAu.js             888.20 kB │ gzip: 275.88 kB
✓ built in 2.53s
info => Preview built ([38;2;181;126;229m2.78 s[39m)
info => Output directory: /Users/anray/Documents/project/SumAlpha/QuantOS/packages/ui/storybook-static
src/i18n/I18nProvider.tsx (1:0): Error when using sourcemap for reporting an error: Can't resolve original location of error.
src/i18n/I18nProvider.tsx (1:0): Module level directives cause errors when bundled, "use client" in "src/i18n/I18nProvider.tsx" was ignored.
src/theme/ThemeProvider.tsx (1:0): Error when using sourcemap for reporting an error: Can't resolve original location of error.
src/theme/ThemeProvider.tsx (1:0): Module level directives cause errors when bundled, "use client" in "src/theme/ThemeProvider.tsx" was ignored.
src/components/Button/Button.tsx (1:0): Error when using sourcemap for reporting an error: Can't resolve original location of error.
src/components/Button/Button.tsx (1:0): Module level directives cause errors when bundled, "use client" in "src/components/Button/Button.tsx" was ignored.
../../apps/terminal/app/settings/_components/ui104-settings-workspace.tsx (1:0): Error when using sourcemap for reporting an error: Can't resolve original location of error.
../../apps/terminal/app/settings/_components/ui104-settings-workspace.tsx (1:0): Module level directives cause errors when bundled, "use client" in "../../apps/terminal/app/settings/_components/ui104-settings-workspace.tsx" was ignored.
src/components/DangerConfirmDialog/DangerConfirmDialog.tsx (1:0): Error when using sourcemap for reporting an error: Can't resolve original location of error.
src/components/DangerConfirmDialog/DangerConfirmDialog.tsx (1:0): Module level directives cause errors when bundled, "use client" in "src/components/DangerConfirmDialog/DangerConfirmDialog.tsx" was ignored.
../../node_modules/.pnpm/@radix-ui+react-dialog@1.1.23_@types+react-dom@19.2.4_@types+react@19.2.18__@types+reac_f43cda4f5f60c6fd8f384ced683c6d90/node_modules/@radix-ui/react-dialog/dist/index.mjs (1:0): Module level directives cause errors when bundled, "use client" in "../../node_modules/.pnpm/@radix-ui+react-dialog@1.1.23_@types+react-dom@19.2.4_@types+react@19.2.18__@types+reac_f43cda4f5f60c6fd8f384ced683c6d90/node_modules/@radix-ui/react-dialog/dist/index.mjs" was ignored.
src/components/DataGrid/DataGrid.tsx (1:0): Error when using sourcemap for reporting an error: Can't resolve original location of error.
src/components/DataGrid/DataGrid.tsx (1:0): Module level directives cause errors when bundled, "use client" in "src/components/DataGrid/DataGrid.tsx" was ignored.
../../node_modules/.pnpm/@radix-ui+react-portal@1.1.17_@types+react-dom@19.2.4_@types+react@19.2.18__@types+reac_7d49bbd59f67da7ea06e84940374bb40/node_modules/@radix-ui/react-portal/dist/index.mjs (1:0): Module level directives cause errors when bundled, "use client" in "../../node_modules/.pnpm/@radix-ui+react-portal@1.1.17_@types+react-dom@19.2.4_@types+react@19.2.18__@types+reac_7d49bbd59f67da7ea06e84940374bb40/node_modules/@radix-ui/react-portal/dist/index.mjs" was ignored.
../../node_modules/.pnpm/@radix-ui+react-dismissable-layer@1.1.19_@types+react-dom@19.2.4_@types+react@19.2.18___40e495cae3a960f65f80435c18b02650/node_modules/@radix-ui/react-dismissable-layer/dist/index.mjs (1:0): Module level directives cause errors when bundled, "use client" in "../../node_modules/.pnpm/@radix-ui+react-dismissable-layer@1.1.19_@types+react-dom@19.2.4_@types+react@19.2.18___40e495cae3a960f65f80435c18b02650/node_modules/@radix-ui/react-dismissable-layer/dist/index.mjs" was ignored.
../../node_modules/.pnpm/@radix-ui+react-focus-scope@1.1.16_@types+react-dom@19.2.4_@types+react@19.2.18__@types_3b4e29b84c639c7da7ed6c275ef9f34b/node_modules/@radix-ui/react-focus-scope/dist/index.mjs (1:0): Module level directives cause errors when bundled, "use client" in "../../node_modules/.pnpm/@radix-ui+react-focus-scope@1.1.16_@types+react-dom@19.2.4_@types+react@19.2.18__@types_3b4e29b84c639c7da7ed6c275ef9f34b/node_modules/@radix-ui/react-focus-scope/dist/index.mjs" was ignored.
../../node_modules/.pnpm/@radix-ui+react-presence@1.1.10_@types+react-dom@19.2.4_@types+react@19.2.18__@types+re_c16522d094fa2977c5a9a5cd628ab890/node_modules/@radix-ui/react-presence/dist/index.mjs (1:0): Module level directives cause errors when bundled, "use client" in "../../node_modules/.pnpm/@radix-ui+react-presence@1.1.10_@types+react-dom@19.2.4_@types+react@19.2.18__@types+re_c16522d094fa2977c5a9a5cd628ab890/node_modules/@radix-ui/react-presence/dist/index.mjs" was ignored.
../../node_modules/.pnpm/@radix-ui+react-focus-guards@1.1.6_@types+react@19.2.18_react@19.2.8/node_modules/@radix-ui/react-focus-guards/dist/index.mjs (1:0): Module level directives cause errors when bundled, "use client" in "../../node_modules/.pnpm/@radix-ui+react-focus-guards@1.1.6_@types+react@19.2.18_react@19.2.8/node_modules/@radix-ui/react-focus-guards/dist/index.mjs" was ignored.
../../node_modules/.pnpm/@storybook+core@8.6.18_storybook@8.6.18/node_modules/@storybook/core/dist/preview/runtime.js (3683:15): Use of eval in "../../node_modules/.pnpm/@storybook+core@8.6.18_storybook@8.6.18/node_modules/@storybook/core/dist/preview/runtime.js" is strongly discouraged as it poses security risks and may cause issues with minification.
../../node_modules/.pnpm/@storybook+core@8.6.18_storybook@8.6.18/node_modules/@storybook/core/dist/preview/runtime.js (3685:16): Use of eval in "../../node_modules/.pnpm/@storybook+core@8.6.18_storybook@8.6.18/node_modules/@storybook/core/dist/preview/runtime.js" is strongly discouraged as it poses security risks and may cause issues with minification.

(!) Some chunks are larger than 500 kB after minification. Consider:
- Using dynamic import() to code-split the application
- Use build.rollupOptions.output.manualChunks to improve chunking: https://rollupjs.org/configuration-options/#output-manualchunks
- Adjust chunk size limit for this warning via build.chunkSizeWarningLimit.
