TAP version 13
# Subtest: current BFF-FE-001 repository Gate passes
ok 1 - current BFF-FE-001 repository Gate passes
  ---
  duration_ms: 6.454666
  type: 'test'
  ...
# Subtest: CSRF deletion is rejected
ok 2 - CSRF deletion is rejected
  ---
  duration_ms: 6.138833
  type: 'test'
  ...
# Subtest: bearer session regression is rejected
ok 3 - bearer session regression is rejected
  ---
  duration_ms: 4.303167
  type: 'test'
  ...
# Subtest: recent-auth deletion is rejected
ok 4 - recent-auth deletion is rejected
  ---
  duration_ms: 5.437375
  type: 'test'
  ...
# Subtest: idempotency deletion is rejected
ok 5 - idempotency deletion is rejected
  ---
  duration_ms: 3.617667
  type: 'test'
  ...
# Subtest: last-factor protection deletion is rejected
ok 6 - last-factor protection deletion is rejected
  ---
  duration_ms: 3.848459
  type: 'test'
  ...
# Subtest: resource-hiding 404 deletion is rejected
ok 7 - resource-hiding 404 deletion is rejected
  ---
  duration_ms: 4.0115
  type: 'test'
  ...
# Subtest: revocation replay deletion is rejected
ok 8 - revocation replay deletion is rejected
  ---
  duration_ms: 8.113084
  type: 'test'
  ...
# Subtest: security audit reference deletion is rejected
ok 9 - security audit reference deletion is rejected
  ---
  duration_ms: 4.445875
  type: 'test'
  ...
# Subtest: dependency regression is rejected
ok 10 - dependency regression is rejected
  ---
  duration_ms: 3.174042
  type: 'test'
  ...
# Subtest: provider changes invalidate executed evidence
ok 11 - provider changes invalidate executed evidence
  ---
  duration_ms: 3.018917
  type: 'test'
  ...
# Subtest: providerTests changes invalidate executed evidence
ok 12 - providerTests changes invalidate executed evidence
  ---
  duration_ms: 2.731833
  type: 'test'
  ...
# Subtest: authClient changes invalidate executed evidence
ok 13 - authClient changes invalidate executed evidence
  ---
  duration_ms: 3.0475
  type: 'test'
  ...
# Subtest: settingsClient changes invalidate executed evidence
ok 14 - settingsClient changes invalidate executed evidence
  ---
  duration_ms: 2.786792
  type: 'test'
  ...
# Subtest: liveProvider changes invalidate executed evidence
ok 15 - liveProvider changes invalidate executed evidence
  ---
  duration_ms: 2.809375
  type: 'test'
  ...
# Subtest: frontendWorkflow commands in comments do not count as CI
ok 16 - frontendWorkflow commands in comments do not count as CI
  ---
  duration_ms: 3.283209
  type: 'test'
  ...
# Subtest: ciWorkflow commands in comments do not count as CI
ok 17 - ciWorkflow commands in comments do not count as CI
  ---
  duration_ms: 2.831083
  type: 'test'
  ...
# Subtest: disabled CI steps cannot satisfy the Gate
ok 18 - disabled CI steps cannot satisfy the Gate
  ---
  duration_ms: 3.044625
  type: 'test'
  ...
# Subtest: outdated inventory cannot satisfy the active evidence Gate
ok 19 - outdated inventory cannot satisfy the active evidence Gate
  ---
  duration_ms: 2.749875
  type: 'test'
  ...
# Subtest: commented Make recipes do not satisfy executable wiring
ok 20 - commented Make recipes do not satisfy executable wiring
  ---
  duration_ms: 2.645625
  type: 'test'
  ...
# Subtest: no semantic receipt cannot satisfy the Gate
ok 21 - no semantic receipt cannot satisfy the Gate
  ---
  duration_ms: 2.908833
  type: 'test'
  ...
# Subtest: deleted active evidence cannot satisfy the Gate
ok 22 - deleted active evidence cannot satisfy the Gate
  ---
  duration_ms: 2.736708
  type: 'test'
  ...
1..22
# tests 22
# suites 0
# pass 22
# fail 0
# cancelled 0
# skipped 0
# todo 0
# duration_ms 185.827625
