✔ current BFF-FE-001 repository Gate passes (7.211209ms)
✔ CSRF deletion is rejected (5.467667ms)
✔ bearer session regression is rejected (4.88625ms)
✔ recent-auth deletion is rejected (4.228709ms)
✔ idempotency deletion is rejected (4.447084ms)
✔ last-factor protection deletion is rejected (3.738167ms)
✔ resource-hiding 404 deletion is rejected (4.015583ms)
✔ revocation replay deletion is rejected (3.599541ms)
✔ security audit reference deletion is rejected (3.609833ms)
✔ dependency regression is rejected (2.531666ms)
✔ provider changes invalidate executed evidence (2.395458ms)
✔ providerTests changes invalidate executed evidence (2.46425ms)
✔ authClient changes invalidate executed evidence (2.477875ms)
✔ settingsClient changes invalidate executed evidence (2.704791ms)
✔ liveProvider changes invalidate executed evidence (2.496625ms)
✔ frontendWorkflow commands in comments do not count as CI (2.785667ms)
✔ ciWorkflow commands in comments do not count as CI (2.585375ms)
✔ disabled CI steps cannot satisfy the Gate (2.570542ms)
✔ outdated inventory cannot satisfy the active evidence Gate (2.610916ms)
✔ commented Make recipes do not satisfy executable wiring (2.383208ms)
✔ no semantic receipt cannot satisfy the Gate (2.286875ms)
✔ deleted active evidence cannot satisfy the Gate (2.5415ms)
ℹ tests 22
ℹ suites 0
ℹ pass 22
ℹ fail 0
ℹ cancelled 0
ℹ skipped 0
ℹ todo 0
ℹ duration_ms 169.40025
