✔ complete current evidence passes with all dependencies checked (60.2515ms)
✔ own failure is rejected (45.07725ms)
✔ residual defect is rejected (45.369166ms)
✔ stale code is rejected (45.6495ms)
✔ upstream not READY is rejected (45.576417ms)
✔ upstream digest changed is rejected (44.571625ms)
✔ recursive upstream failure is rejected (44.870084ms)
✔ evidence tampered is rejected (43.319041ms)
✔ target assertion missing is rejected (43.228375ms)
✔ cleanup unverified is rejected (43.295125ms)
✔ live policy mutant survives is rejected (43.569625ms)
✔ live semantic test omitted is rejected (42.589833ms)
✔ target source stale is rejected (42.9665ms)
✔ audit trace absent is rejected (43.577292ms)
ℹ tests 14
ℹ suites 0
ℹ pass 14
ℹ fail 0
ℹ cancelled 0
ℹ skipped 0
ℹ todo 0
ℹ duration_ms 672.779708
