COMMAND ["uv", "sync", "--locked", "--project", "engines", "--all-packages", "--all-groups"]
COMMAND ["uv", "build", "--project", "engines/engine-sdk", "--python", "/Users/anray/Documents/project/SumAlpha/QuantOS/engines/.venv/bin/python", "--wheel", "--no-build-isolation", "--out-dir", "/Users/anray/Documents/project/SumAlpha/QuantOS/artifacts/tp02-packaged/wheels"]
COMMAND ["uv", "build", "--project", "engines/rd-agent", "--python", "/Users/anray/Documents/project/SumAlpha/QuantOS/engines/.venv/bin/python", "--wheel", "--no-build-isolation", "--out-dir", "/Users/anray/Documents/project/SumAlpha/QuantOS/artifacts/tp02-packaged/wheels"]
COMMAND ["uv", "venv", "--python", "/Users/anray/Documents/project/SumAlpha/QuantOS/engines/.venv/bin/python", "/private/tmp/tp02-22stxnlh/venv"]
COMMAND ["uv", "pip", "install", "--offline", "--no-deps", "--python", "/private/tmp/tp02-22stxnlh/venv/bin/python", "/Users/anray/Documents/project/SumAlpha/QuantOS/artifacts/tp02-packaged/wheels/quantos_engine_sdk-0.1.0-py3-none-any.whl", "/Users/anray/Documents/project/SumAlpha/QuantOS/artifacts/tp02-packaged/wheels/quantos_rd_agent-0.1.0-py3-none-any.whl"]
COMMAND ["/private/tmp/tp02-22stxnlh/venv/bin/python", "-I", "-c", "import rd_agent,quantos_engine_sdk; assert \"/site-packages/\" in rd_agent.__file__; assert \"/site-packages/\" in quantos_engine_sdk.__file__; print(\"TP02_INSTALLED_WHEEL\",rd_agent.__file__,quantos_engine_sdk.__file__)"]
TP02_INSTALLED_WHEEL /private/tmp/tp02-22stxnlh/venv/lib/python3.12/site-packages/rd_agent/__init__.py /private/tmp/tp02-22stxnlh/venv/lib/python3.12/site-packages/quantos_engine_sdk/__init__.py
COMMAND ["/private/tmp/tp02-22stxnlh/venv/bin/python", "-I", "-c", "\nimport sys,grpc\nfrom datetime import datetime,timedelta,timezone\nfrom quantos.common.v1 import common_pb2 as c\nfrom quantos.engine.v1 import engine_pb2 as e\nfrom quantos_engine_sdk import EngineClient,json_document_from_mapping as doc,json_document_to_mapping as mapping,timestamp_from_datetime as ts,uds_target\nclient=EngineClient(uds_target(sys.argv[1]))\nmeta=c.CommandMetadata(request_id='packaged-request',tenant_id='tenant-packaged',workspace_id='workspace-packaged',actor=c.ActorRef(actor_id='actor-packaged',actor_kind=c.ACTOR_KIND_USER,capabilities=['research.hypothesis.v1','research.experiment.v1']),correlation_id='packaged-corr',causation_id='packaged-cause',mode=c.RUNTIME_MODE_RESEARCH,environment=c.ENVIRONMENT_TEST,issued_at=ts(datetime.now(timezone.utc)))\nassert client.get_metadata(e.GetMetadataRequest(metadata=meta),timeout=3).engine_name=='rd-agent'\nassert client.health(e.HealthRequest(metadata=meta),timeout=3).ready\nfor i,cap in enumerate(['research.hypothesis.v1','research.experiment.v1']):\n request=e.ExecuteRequest(metadata=meta,workflow_run_id=f'packaged-run-{i}',idempotency_key=f'packaged-key-{i}',capability=cap,input_schema_version='v1',data_snapshot_ref='fixed-packaged-snapshot',policy_context_ref='packaged-policy',input=doc({'tools':['query_snapshot']}),deadline=ts(datetime.now(timezone.utc)+timedelta(seconds=5)))\n a=client.execute(request,timeout=3);b=client.execute(request,timeout=3)\n assert a.output==b.output and a.input_hash==b.input_hash and a.artifact_refs==b.artifact_refs\n assert a.artifact_refs[0].uri.startswith('mock-artifact://') and not mapping(a.output)['trade_executable']\n stream=client.stream_execute(e.StreamExecuteRequest(request=request),timeout=3)\n assert len(stream)==3 and stream[-1].done and stream[-1].artifact_refs==a.artifact_refs\n assert client.cancel(e.CancelRequest(metadata=meta,execution_id=a.execution_id),timeout=3).cancelled\n request.idempotency_key+='-denied';request.input.CopyFrom(doc({'tools':['read_secret']}))\n for rpc in ['execute','stream']:\n  try:\n   if rpc=='execute':client.execute(request,timeout=3)\n   else:client.stream_execute(e.StreamExecuteRequest(request=request),timeout=3)\n  except grpc.RpcError as error:assert error.code()==grpc.StatusCode.PERMISSION_DENIED\n  else:raise AssertionError('packaged forbidden tool accepted')\nclient.close()\nprint('TP02_PACKAGED_FIVE_RPC_PASS two capabilities, deterministic replay, denied tool through both RPCs')\n", "/private/tmp/tp02-22stxnlh/engine.sock"]
TP02_PACKAGED_FIVE_RPC_PASS two capabilities, deterministic replay, denied tool through both RPCs
{"capabilities": 2, "formalAccepted": false, "installedIsolated": true, "ownedChildReaped": true, "realUpstreamRuntime": false, "rpcCount": 5, "schema": "quantos-tp02-packaged-service/v1", "status": "PASS", "wheels": [{"file": "quantos_engine_sdk-0.1.0-py3-none-any.whl", "sha256": "7d9a43e4c7dfc0ba43a8fa89f1bd72a033c55aab7e61ce6fde3258158a2ea519"}, {"file": "quantos_rd_agent-0.1.0-py3-none-any.whl", "sha256": "86a45ee0c7974948b18788a191745346ea56f20c44ff64ac5d4689ae8646278e"}]}
TP02_PACKAGED_SERVICE_PASS
Resolved 52 packages in 1ms
Audited 50 packages in 0.19ms
Building wheel...
Successfully built artifacts/tp02-packaged/wheels/quantos_engine_sdk-0.1.0-py3-none-any.whl
Building wheel...
Successfully built artifacts/tp02-packaged/wheels/quantos_rd_agent-0.1.0-py3-none-any.whl
Using CPython 3.12.10 interpreter at: engines/.venv/bin/python
Creating virtual environment at: /private/tmp/tp02-22stxnlh/venv
Activate with: source /private/tmp/tp02-22stxnlh/venv/bin/activate
Using Python 3.12.10 environment at: /private/tmp/tp02-22stxnlh/venv
Resolved 2 packages in 1ms
Prepared 2 packages in 5ms
Installed 2 packages in 1ms
 + quantos-engine-sdk==0.1.0 (from file:///Users/anray/Documents/project/SumAlpha/QuantOS/artifacts/tp02-packaged/wheels/quantos_engine_sdk-0.1.0-py3-none-any.whl)
 + quantos-rd-agent==0.1.0 (from file:///Users/anray/Documents/project/SumAlpha/QuantOS/artifacts/tp02-packaged/wheels/quantos_rd_agent-0.1.0-py3-none-any.whl)
