✔ current BFF-FE-001 repository Gate passes (7.48175ms)
✔ CSRF deletion is rejected (4.767208ms)
✔ bearer session regression is rejected (4.420125ms)
✔ recent-auth deletion is rejected (3.84575ms)
✔ idempotency deletion is rejected (4.296792ms)
✔ last-factor protection deletion is rejected (3.302916ms)
✔ resource-hiding 404 deletion is rejected (3.64425ms)
✔ revocation replay deletion is rejected (3.536958ms)
✔ security audit reference deletion is rejected (3.570375ms)
✔ dependency regression is rejected (2.507875ms)
✔ provider changes invalidate executed evidence (2.369833ms)
✔ providerTests changes invalidate executed evidence (2.5355ms)
✔ authClient changes invalidate executed evidence (2.488709ms)
✔ settingsClient changes invalidate executed evidence (2.773916ms)
✔ liveProvider changes invalidate executed evidence (2.331167ms)
✔ frontendWorkflow commands in comments do not count as CI (2.613417ms)
✔ ciWorkflow commands in comments do not count as CI (2.448125ms)
✔ disabled CI steps cannot satisfy the Gate (2.425958ms)
✔ outdated inventory cannot satisfy the active evidence Gate (2.308708ms)
✔ commented Make recipes do not satisfy executable wiring (2.509583ms)
✔ no semantic receipt cannot satisfy the Gate (2.2325ms)
✔ deleted active evidence cannot satisfy the Gate (2.447708ms)
ℹ tests 22
ℹ suites 0
ℹ pass 22
ℹ fail 0
ℹ cancelled 0
ℹ skipped 0
ℹ todo 0
ℹ duration_ms 164.983584
