TAP version 13
# Subtest: complete current evidence passes with all dependencies checked
ok 1 - complete current evidence passes with all dependencies checked
  ---
  duration_ms: 689.004625
  type: 'test'
  ...
# Subtest: own failure is rejected
ok 2 - own failure is rejected
  ---
  duration_ms: 603.56825
  type: 'test'
  ...
# Subtest: residual defect is rejected
ok 3 - residual defect is rejected
  ---
  duration_ms: 586.060958
  type: 'test'
  ...
# Subtest: stale code is rejected
ok 4 - stale code is rejected
  ---
  duration_ms: 586.188917
  type: 'test'
  ...
# Subtest: upstream not READY is rejected
ok 5 - upstream not READY is rejected
  ---
  duration_ms: 584.369
  type: 'test'
  ...
# Subtest: upstream digest changed is rejected
ok 6 - upstream digest changed is rejected
  ---
  duration_ms: 575.863458
  type: 'test'
  ...
# Subtest: recursive upstream failure is rejected
ok 7 - recursive upstream failure is rejected
  ---
  duration_ms: 584.999875
  type: 'test'
  ...
# Subtest: evidence tampered is rejected
ok 8 - evidence tampered is rejected
  ---
  duration_ms: 577.064125
  type: 'test'
  ...
# Subtest: target assertion missing is rejected
ok 9 - target assertion missing is rejected
  ---
  duration_ms: 573.442292
  type: 'test'
  ...
# Subtest: cleanup unverified is rejected
ok 10 - cleanup unverified is rejected
  ---
  duration_ms: 607.232
  type: 'test'
  ...
# Subtest: live policy mutant survives is rejected
ok 11 - live policy mutant survives is rejected
  ---
  duration_ms: 580.161417
  type: 'test'
  ...
# Subtest: live semantic test omitted is rejected
ok 12 - live semantic test omitted is rejected
  ---
  duration_ms: 574.444
  type: 'test'
  ...
# Subtest: target source stale is rejected
ok 13 - target source stale is rejected
  ---
  duration_ms: 568.353083
  type: 'test'
  ...
# Subtest: audit trace absent is rejected
ok 14 - audit trace absent is rejected
  ---
  duration_ms: 602.114083
  type: 'test'
  ...
# Subtest: missing successful target getSession is rejected
ok 15 - missing successful target getSession is rejected
  ---
  duration_ms: 602.660083
  type: 'test'
  ...
# Subtest: missing successful target getContext is rejected
ok 16 - missing successful target getContext is rejected
  ---
  duration_ms: 595.598125
  type: 'test'
  ...
# Subtest: missing successful target reauth is rejected
ok 17 - missing successful target reauth is rejected
  ---
  duration_ms: 613.3565
  type: 'test'
  ...
# Subtest: missing successful target mfaChallenge is rejected
ok 18 - missing successful target mfaChallenge is rejected
  ---
  duration_ms: 601.363792
  type: 'test'
  ...
# Subtest: missing successful target logout is rejected
ok 19 - missing successful target logout is rejected
  ---
  duration_ms: 602.262417
  type: 'test'
  ...
# Subtest: missing successful target submitAccessRequest is rejected
ok 20 - missing successful target submitAccessRequest is rejected
  ---
  duration_ms: 611.231083
  type: 'test'
  ...
# Subtest: missing successful target getProfile is rejected
ok 21 - missing successful target getProfile is rejected
  ---
  duration_ms: 614.032
  type: 'test'
  ...
# Subtest: missing successful target saveProfile is rejected
ok 22 - missing successful target saveProfile is rejected
  ---
  duration_ms: 618.03825
  type: 'test'
  ...
# Subtest: missing successful target getNotificationPrefs is rejected
ok 23 - missing successful target getNotificationPrefs is rejected
  ---
  duration_ms: 620.022167
  type: 'test'
  ...
# Subtest: missing successful target saveNotificationPrefs is rejected
ok 24 - missing successful target saveNotificationPrefs is rejected
  ---
  duration_ms: 624.4635
  type: 'test'
  ...
# Subtest: missing successful target getSecuritySettings is rejected
ok 25 - missing successful target getSecuritySettings is rejected
  ---
  duration_ms: 622.6585
  type: 'test'
  ...
# Subtest: missing successful target listSessions is rejected
ok 26 - missing successful target listSessions is rejected
  ---
  duration_ms: 616.573584
  type: 'test'
  ...
# Subtest: missing successful target revokeSession is rejected
ok 27 - missing successful target revokeSession is rejected
  ---
  duration_ms: 620.39875
  type: 'test'
  ...
# Subtest: missing successful target subscribeSessionRevocations is rejected
ok 28 - missing successful target subscribeSessionRevocations is rejected
  ---
  duration_ms: 615.887125
  type: 'test'
  ...
# Subtest: missing successful target listDevices is rejected
ok 29 - missing successful target listDevices is rejected
  ---
  duration_ms: 615.118833
  type: 'test'
  ...
# Subtest: missing successful target revokeDevice is rejected
ok 30 - missing successful target revokeDevice is rejected
  ---
  duration_ms: 621.431958
  type: 'test'
  ...
# Subtest: missing successful target setupMfa is rejected
ok 31 - missing successful target setupMfa is rejected
  ---
  duration_ms: 625.0425
  type: 'test'
  ...
# Subtest: missing successful target revokeMfaFactor is rejected
ok 32 - missing successful target revokeMfaFactor is rejected
  ---
  duration_ms: 630.282625
  type: 'test'
  ...
# Subtest: missing successful target listDownloads is rejected
ok 33 - missing successful target listDownloads is rejected
  ---
  duration_ms: 614.929083
  type: 'test'
  ...
# Subtest: missing successful target getPlatformCapabilities is rejected
ok 34 - missing successful target getPlatformCapabilities is rejected
  ---
  duration_ms: 621.1455
  type: 'test'
  ...
# Subtest: all target status 401 is rejected
ok 35 - all target status 401 is rejected
  ---
  duration_ms: 607.219959
  type: 'test'
  ...
# Subtest: all target status 500 is rejected
ok 36 - all target status 500 is rejected
  ---
  duration_ms: 612.187292
  type: 'test'
  ...
# Subtest: missing SSE assertion is rejected
ok 37 - missing SSE assertion is rejected
  ---
  duration_ms: 585.078916
  type: 'test'
  ...
# Subtest: missing target commit is rejected
ok 38 - missing target commit is rejected
  ---
  duration_ms: 626.610958
  type: 'test'
  ...
# Subtest: malformed target commit is rejected
ok 39 - malformed target commit is rejected
  ---
  duration_ms: 609.274042
  type: 'test'
  ...
# Subtest: unknown target commit is rejected
ok 40 - unknown target commit is rejected
  ---
  duration_ms: 614.911167
  type: 'test'
  ...
# Subtest: contract issues missing is rejected
ok 41 - contract issues missing is rejected
  ---
  duration_ms: 605.098667
  type: 'test'
  ...
# Subtest: target source must match immutable execution commit
ok 42 - target source must match immutable execution commit
  ---
  duration_ms: 616.009708
  type: 'test'
  ...
# Subtest: successful coverage permits explicit denial probe without contract metadata
ok 43 - successful coverage permits explicit denial probe without contract metadata
  ---
  duration_ms: 613.65825
  type: 'test'
  ...
# Subtest: denial probe with contract failures is rejected
ok 44 - denial probe with contract failures is rejected
  ---
  duration_ms: 620.348375
  type: 'test'
  ...
1..44
# tests 44
# suites 0
# pass 44
# fail 0
# cancelled 0
# skipped 0
# todo 0
# duration_ms 26767.760792
