
> @sumalpha/quantos@ test:p0 /Users/anray/Documents/project/SumAlpha/QuantOS
> node --test scripts/p0-acceptance-negative.mjs

✔ complete synthetic acceptance satisfies the receipt schema only (1.414042ms)
✔ missing receipt is rejected (0.391084ms)
✔ old SHA is rejected (0.623291ms)
✔ FAIL receipt is rejected (0.553583ms)
✔ missing check is rejected (0.62375ms)
✔ duplicate check is rejected (0.89725ms)
✔ fake command is rejected (0.634167ms)
✔ failed command is rejected (0.465125ms)
✔ corrupted log is rejected (0.491667ms)
✔ URL instead of artifact is rejected (1.165541ms)
✔ missing F06 is rejected (0.469333ms)
✔ old F06 is rejected (0.487125ms)
✔ incomplete PRE is rejected (0.702875ms)
✔ unrejected mutation is rejected (0.44575ms)
✔ extra admission is rejected (0.343167ms)
✔ unclosed control is rejected (0.357917ms)
ℹ tests 16
ℹ suites 0
ℹ pass 16
ℹ fail 0
ℹ cancelled 0
ℹ skipped 0
ℹ todo 0
ℹ duration_ms 48.443958
