
> @sumalpha/quantos@ test:development-plans /Users/anray/Documents/project/SumAlpha/QuantOS
> node --test scripts/development-plan-order-negative.mjs

✔ joint schedule is acyclic and preserves task/status boundaries (17.05875ms)
✔ restoring a complete R1 prerequisite for S2 services creates a rejected cycle (5.293291ms)
✔ research service waiting on its consumer page is rejected (4.716167ms)
✔ historical CORE:R04 to CORE:L04 probe now fails closed (4.68125ms)
✔ an early identity API cannot silently depend on later research services (6.38575ms)
✔ a provider cannot wait for the consumer frontend Gate (4.544042ms)
✔ removing S2 service admission from a core execution task is rejected (5.133042ms)
✔ S2 service Gate cannot omit TP12 advance evaluation (5.005792ms)
✔ I10 cannot drop testnet service admission even if metadata is edited with it (5.479375ms)
✔ a new or existing frontend cannot skip the full provider Gate (6.317375ms)
✔ G5 cannot be marked as closing in I4 before reconciliation (6.212708ms)
✔ moving the G1 block above I1 tasks is rejected (5.396791ms)
✔ milestone cannot omit its last child while retaining a Gate summary (5.988375ms)
✔ prose-only backend dependencies cannot drift from structured prerequisites (5.845292ms)
✔ core closure mapping cannot become an implicit service alias (5.593125ms)
✔ ACCEPTED checkpoint needs SHA and evidence, not only a green word (5.812625ms)
✔ accepted checkpoint evidence must resolve (2.836709ms)
✔ missing checkpoint and unknown dependency fail closed (7.438708ms)
✔ API windows cannot skip their preceding provider checkpoint (5.334625ms)
✔ UI windows cannot skip the preceding reconciliation window (5.607125ms)
✔ Web intake preserves the explicit no-model-review schema (1.873792ms)
✔ missing Web task fields still fail closed (1.641334ms)
✔ both plans must publish exactly the same stage contract (6.24375ms)
✔ changing both plans cannot defer correctness or functional deadlines to release (16.903208ms)
✔ both plans must retain every deferred release obligation (14.070792ms)
✔ tasks and checkpoints cannot omit, invent, or misclassify their stage gate (20.056291ms)
✔ release prerequisites cannot block either development or integration (13.494ms)
✔ release gates cannot skip business closure or inherit the wrong stage (13.813875ms)
✔ historical ACCEPTED and completed tasks do not automatically become READY (11.547458ms)
✔ READY needs its own input digest and resolvable evidence (35.754041ms)
✔ unassessed stage gates cannot carry an apparent ready receipt (7.406791ms)
✔ BLOCKED retains failure evidence and digest without being counted as READY (15.009334ms)
✔ a READY chain needs READY prerequisites and its own evidence at every node (20.719167ms)
✔ stage readiness never substitutes for formal acceptance evidence (2.782083ms)
✔ release READY requires formal acceptance and all functional prerequisites (9.022416ms)
✔ core intake follows the frontend audit-report format (6.765667ms)
✔ core review summary must be unique and link to audit evidence (8.290708ms)
✔ core shared task fields and existing window must stay consistent (16.357834ms)
ℹ tests 38
ℹ suites 0
ℹ pass 38
ℹ fail 0
ℹ cancelled 0
ℹ skipped 0
ℹ todo 0
ℹ duration_ms 384.976708
