frontend-baseline	P0 acceptance receipt policy regressions	﻿2026-10-09T08:54:21.8695338Z ##[group]Run pnpm test:p0
frontend-baseline	P0 acceptance receipt policy regressions	2026-10-09T08:54:21.8695623Z ^[[36;1mpnpm test:p0^[[0m
frontend-baseline	P0 acceptance receipt policy regressions	2026-10-09T08:54:21.8758284Z shell: /usr/bin/bash -e {0}
frontend-baseline	P0 acceptance receipt policy regressions	2026-10-09T08:54:21.8758552Z env:
frontend-baseline	P0 acceptance receipt policy regressions	2026-10-09T08:54:21.8758821Z   QUANTOS_BFF_BASE: cd4e81900d1805d380c2bee0dd9abc14fe282dca
frontend-baseline	P0 acceptance receipt policy regressions	2026-10-09T08:54:21.8759188Z   NEXT_PUBLIC_QUANTOS_ENV: local-mock
frontend-baseline	P0 acceptance receipt policy regressions	2026-10-09T08:54:21.8759502Z   NEXT_PUBLIC_SITE_ORIGIN: https://sumalpha.ai
frontend-baseline	P0 acceptance receipt policy regressions	2026-10-09T08:54:21.8759878Z   NEXT_PUBLIC_QUANTOS_TERMINAL_ORIGIN: http://localhost:3190
frontend-baseline	P0 acceptance receipt policy regressions	2026-10-09T08:54:21.8760269Z   NEXT_PUBLIC_QUANTOS_BFF_ORIGIN: http://localhost:4010
frontend-baseline	P0 acceptance receipt policy regressions	2026-10-09T08:54:21.8760637Z   NEXT_PUBLIC_QUANTOS_OIDC_ISSUER: https://mock.idp.local
frontend-baseline	P0 acceptance receipt policy regressions	2026-10-09T08:54:21.8761000Z   NEXT_PUBLIC_QUANTOS_OIDC_CLIENT_ID: quantos-terminal-ci
frontend-baseline	P0 acceptance receipt policy regressions	2026-10-09T08:54:21.8761754Z   NEXT_PUBLIC_QUANTOS_OIDC_REDIRECT_URI: http://localhost:3190/auth/callback
frontend-baseline	P0 acceptance receipt policy regressions	2026-10-09T08:54:21.8762188Z   NEXT_PUBLIC_QUANTOS_DEFAULT_MODE: paper
frontend-baseline	P0 acceptance receipt policy regressions	2026-10-09T08:54:21.8762481Z   NEXT_PUBLIC_QUANTOS_MOCK_ENABLED: true
frontend-baseline	P0 acceptance receipt policy regressions	2026-10-09T08:54:21.8762808Z   NEXT_PUBLIC_QUANTOS_OBS_ENABLED: false
frontend-baseline	P0 acceptance receipt policy regressions	2026-10-09T08:54:21.8763121Z   NEXT_PUBLIC_QUANTOS_FEATURE_ASSISTED_LIVE_TESTNET: off
frontend-baseline	P0 acceptance receipt policy regressions	2026-10-09T08:54:21.8763453Z   CARGO_HOME: /home/runner/.cargo
frontend-baseline	P0 acceptance receipt policy regressions	2026-10-09T08:54:21.8763711Z   CARGO_INCREMENTAL: 0
frontend-baseline	P0 acceptance receipt policy regressions	2026-10-09T08:54:21.8763932Z   CARGO_TERM_COLOR: always
frontend-baseline	P0 acceptance receipt policy regressions	2026-10-09T08:54:21.8764153Z ##[endgroup]
frontend-baseline	P0 acceptance receipt policy regressions	2026-10-09T08:54:22.1656876Z 
frontend-baseline	P0 acceptance receipt policy regressions	2026-10-09T08:54:22.1657699Z > @sumalpha/quantos@ test:p0 /home/runner/work/QuantOS/QuantOS
frontend-baseline	P0 acceptance receipt policy regressions	2026-10-09T08:54:22.1658341Z > node --test scripts/p0-acceptance-negative.mjs
frontend-baseline	P0 acceptance receipt policy regressions	2026-10-09T08:54:22.1658622Z 
frontend-baseline	P0 acceptance receipt policy regressions	2026-10-09T08:54:22.2953918Z ✖ complete synthetic acceptance satisfies the receipt schema only (4.923846ms)
frontend-baseline	P0 acceptance receipt policy regressions	2026-10-09T08:54:22.2959213Z ✔ missing receipt is rejected (1.379458ms)
frontend-baseline	P0 acceptance receipt policy regressions	2026-10-09T08:54:22.2960403Z ✔ old SHA is rejected (2.127761ms)
frontend-baseline	P0 acceptance receipt policy regressions	2026-10-09T08:54:22.2961675Z ✔ FAIL receipt is rejected (2.2977ms)
frontend-baseline	P0 acceptance receipt policy regressions	2026-10-09T08:54:22.2962549Z ✔ missing check is rejected (3.255296ms)
frontend-baseline	P0 acceptance receipt policy regressions	2026-10-09T08:54:22.2963382Z ✔ duplicate check is rejected (1.811327ms)
frontend-baseline	P0 acceptance receipt policy regressions	2026-10-09T08:54:22.2964240Z ✔ fake command is rejected (2.140145ms)
frontend-baseline	P0 acceptance receipt policy regressions	2026-10-09T08:54:22.2965593Z ✔ failed command is rejected (2.006002ms)
frontend-baseline	P0 acceptance receipt policy regressions	2026-10-09T08:54:22.2968126Z ✔ corrupted log is rejected (2.414439ms)
frontend-baseline	P0 acceptance receipt policy regressions	2026-10-09T08:54:22.2970722Z ✔ URL instead of artifact is rejected (3.233534ms)
frontend-baseline	P0 acceptance receipt policy regressions	2026-10-09T08:54:22.2973532Z ✔ missing F06 is rejected (1.498801ms)
frontend-baseline	P0 acceptance receipt policy regressions	2026-10-09T08:54:22.2975671Z ✔ old F06 is rejected (1.963864ms)
frontend-baseline	P0 acceptance receipt policy regressions	2026-10-09T08:54:22.2979056Z ✔ incomplete PRE is rejected (3.114462ms)
frontend-baseline	P0 acceptance receipt policy regressions	2026-10-09T08:54:22.2981110Z ✔ unrejected mutation is rejected (1.444249ms)
frontend-baseline	P0 acceptance receipt policy regressions	2026-10-09T08:54:22.2988774Z ✔ extra admission is rejected (1.272778ms)
frontend-baseline	P0 acceptance receipt policy regressions	2026-10-09T08:54:22.2995005Z ✔ unclosed control is rejected (1.794225ms)
frontend-baseline	P0 acceptance receipt policy regressions	2026-10-09T08:54:22.3118548Z ℹ tests 16
frontend-baseline	P0 acceptance receipt policy regressions	2026-10-09T08:54:22.3118880Z ℹ suites 0
frontend-baseline	P0 acceptance receipt policy regressions	2026-10-09T08:54:22.3119140Z ℹ pass 15
frontend-baseline	P0 acceptance receipt policy regressions	2026-10-09T08:54:22.3119381Z ℹ fail 1
frontend-baseline	P0 acceptance receipt policy regressions	2026-10-09T08:54:22.3119626Z ℹ cancelled 0
frontend-baseline	P0 acceptance receipt policy regressions	2026-10-09T08:54:22.3119889Z ℹ skipped 0
frontend-baseline	P0 acceptance receipt policy regressions	2026-10-09T08:54:22.3120109Z ℹ todo 0
frontend-baseline	P0 acceptance receipt policy regressions	2026-10-09T08:54:22.3120399Z ℹ duration_ms 115.401223
frontend-baseline	P0 acceptance receipt policy regressions	2026-10-09T08:54:22.3120571Z 
frontend-baseline	P0 acceptance receipt policy regressions	2026-10-09T08:54:22.3120694Z ✖ failing tests:
frontend-baseline	P0 acceptance receipt policy regressions	2026-10-09T08:54:22.3120836Z 
frontend-baseline	P0 acceptance receipt policy regressions	2026-10-09T08:54:22.3121063Z test at scripts/p0-acceptance-negative.mjs:8:1
frontend-baseline	P0 acceptance receipt policy regressions	2026-10-09T08:54:22.3122010Z ✖ complete synthetic acceptance satisfies the receipt schema only (4.923846ms)
frontend-baseline	P0 acceptance receipt policy regressions	2026-10-09T08:54:22.3122660Z   AssertionError [ERR_ASSERTION]: Expected values to be strictly equal:
frontend-baseline	P0 acceptance receipt policy regressions	2026-10-09T08:54:22.3123067Z   
frontend-baseline	P0 acceptance receipt policy regressions	2026-10-09T08:54:22.3123263Z   'FAIL' !== 'PASS'
frontend-baseline	P0 acceptance receipt policy regressions	2026-10-09T08:54:22.3123483Z   
frontend-baseline	P0 acceptance receipt policy regressions	2026-10-09T08:54:22.3124044Z       at TestContext.<anonymous> (file:///home/runner/work/QuantOS/QuantOS/scripts/p0-acceptance-negative.mjs:8:83)
frontend-baseline	P0 acceptance receipt policy regressions	2026-10-09T08:54:22.3124713Z       at Test.runInAsyncScope (node:async_hooks:214:14)
frontend-baseline	P0 acceptance receipt policy regressions	2026-10-09T08:54:22.3125322Z       at Test.run (node:internal/test_runner/test:1106:25)
frontend-baseline	P0 acceptance receipt policy regressions	2026-10-09T08:54:22.3126051Z       at Test.start (node:internal/test_runner/test:1003:17)
frontend-baseline	P0 acceptance receipt policy regressions	2026-10-09T08:54:22.3126578Z       at startSubtestAfterBootstrap (node:internal/test_runner/harness:358:17) {
frontend-baseline	P0 acceptance receipt policy regressions	2026-10-09T08:54:22.3127481Z     generatedMessage: true,
frontend-baseline	P0 acceptance receipt policy regressions	2026-10-09T08:54:22.3127766Z     code: 'ERR_ASSERTION',
frontend-baseline	P0 acceptance receipt policy regressions	2026-10-09T08:54:22.3127994Z     actual: 'FAIL',
frontend-baseline	P0 acceptance receipt policy regressions	2026-10-09T08:54:22.3128244Z     expected: 'PASS',
frontend-baseline	P0 acceptance receipt policy regressions	2026-10-09T08:54:22.3128477Z     operator: 'strictEqual',
frontend-baseline	P0 acceptance receipt policy regressions	2026-10-09T08:54:22.3128716Z     diff: 'simple'
frontend-baseline	P0 acceptance receipt policy regressions	2026-10-09T08:54:22.3128944Z   }
frontend-baseline	P0 acceptance receipt policy regressions	2026-10-09T08:54:22.3324552Z  ELIFECYCLE  Command failed with exit code 1.
frontend-baseline	P0 acceptance receipt policy regressions	2026-10-09T08:54:22.3685859Z ##[error]Process completed with exit code 1.
