verify	Validate R01 market ingestion contract and replay	﻿2026-10-09T08:55:18.3275799Z ##[group]Run make r01-check
verify	Validate R01 market ingestion contract and replay	2026-10-09T08:55:18.3275980Z ^[[36;1mmake r01-check^[[0m
verify	Validate R01 market ingestion contract and replay	2026-10-09T08:55:18.3326484Z shell: /usr/bin/bash -e {0}
verify	Validate R01 market ingestion contract and replay	2026-10-09T08:55:18.3326628Z env:
verify	Validate R01 market ingestion contract and replay	2026-10-09T08:55:18.3326739Z   QUANTOS_SKIP_ENV: 1
verify	Validate R01 market ingestion contract and replay	2026-10-09T08:55:18.3326940Z   F02_PG_ADMIN_URL: postgresql://postgres@127.0.0.1:5432/postgres
verify	Validate R01 market ingestion contract and replay	2026-10-09T08:55:18.3327194Z   GITLEAKS_BIN: /home/runner/work/QuantOS/QuantOS/artifacts/tools/gitleaks
verify	Validate R01 market ingestion contract and replay	2026-10-09T08:55:18.3327436Z   QUANTOS_BFF_BASE: cd4e81900d1805d380c2bee0dd9abc14fe282dca
verify	Validate R01 market ingestion contract and replay	2026-10-09T08:55:18.3327658Z   QUANTOS_PROTO_BASE: cd4e81900d1805d380c2bee0dd9abc14fe282dca
verify	Validate R01 market ingestion contract and replay	2026-10-09T08:55:18.3327874Z   QUANTOS_SOURCE_SHA: 5244691aef8dc94e1243cfd7706751366209b5f9
verify	Validate R01 market ingestion contract and replay	2026-10-09T08:55:18.3328054Z   CARGO_TERM_COLOR: always
verify	Validate R01 market ingestion contract and replay	2026-10-09T08:55:18.3328193Z   NEXT_PUBLIC_QUANTOS_ENV: local-mock
verify	Validate R01 market ingestion contract and replay	2026-10-09T08:55:18.3328359Z   NEXT_PUBLIC_SITE_ORIGIN: https://sumalpha.ai
verify	Validate R01 market ingestion contract and replay	2026-10-09T08:55:18.3328681Z   NEXT_PUBLIC_QUANTOS_TERMINAL_ORIGIN: http://localhost:3190
verify	Validate R01 market ingestion contract and replay	2026-10-09T08:55:18.3328890Z   NEXT_PUBLIC_QUANTOS_BFF_ORIGIN: http://localhost:4010
verify	Validate R01 market ingestion contract and replay	2026-10-09T08:55:18.3329109Z   NEXT_PUBLIC_QUANTOS_OIDC_ISSUER: https://mock.idp.local
verify	Validate R01 market ingestion contract and replay	2026-10-09T08:55:18.3329314Z   NEXT_PUBLIC_QUANTOS_OIDC_CLIENT_ID: quantos-terminal-ci
verify	Validate R01 market ingestion contract and replay	2026-10-09T08:55:18.3329549Z   NEXT_PUBLIC_QUANTOS_OIDC_REDIRECT_URI: http://localhost:3190/auth/callback
verify	Validate R01 market ingestion contract and replay	2026-10-09T08:55:18.3329764Z   NEXT_PUBLIC_QUANTOS_DEFAULT_MODE: paper
verify	Validate R01 market ingestion contract and replay	2026-10-09T08:55:18.3329923Z   NEXT_PUBLIC_QUANTOS_MOCK_ENABLED: true
verify	Validate R01 market ingestion contract and replay	2026-10-09T08:55:18.3330075Z   NEXT_PUBLIC_QUANTOS_OBS_ENABLED: false
verify	Validate R01 market ingestion contract and replay	2026-10-09T08:55:18.3330248Z   NEXT_PUBLIC_QUANTOS_FEATURE_ASSISTED_LIVE_TESTNET: off
verify	Validate R01 market ingestion contract and replay	2026-10-09T08:55:18.3330419Z   CARGO_HOME: /home/runner/.cargo
verify	Validate R01 market ingestion contract and replay	2026-10-09T08:55:18.3330558Z   CARGO_INCREMENTAL: 0
verify	Validate R01 market ingestion contract and replay	2026-10-09T08:55:18.3330718Z   pythonLocation: /opt/hostedtoolcache/Python/3.12.10/x64
verify	Validate R01 market ingestion contract and replay	2026-10-09T08:55:18.3330942Z   PKG_CONFIG_PATH: /opt/hostedtoolcache/Python/3.12.10/x64/lib/pkgconfig
verify	Validate R01 market ingestion contract and replay	2026-10-09T08:55:18.3331175Z   Python_ROOT_DIR: /opt/hostedtoolcache/Python/3.12.10/x64
verify	Validate R01 market ingestion contract and replay	2026-10-09T08:55:18.3331387Z   Python2_ROOT_DIR: /opt/hostedtoolcache/Python/3.12.10/x64
verify	Validate R01 market ingestion contract and replay	2026-10-09T08:55:18.3331594Z   Python3_ROOT_DIR: /opt/hostedtoolcache/Python/3.12.10/x64
verify	Validate R01 market ingestion contract and replay	2026-10-09T08:55:18.3331806Z   LD_LIBRARY_PATH: /opt/hostedtoolcache/Python/3.12.10/x64/lib
verify	Validate R01 market ingestion contract and replay	2026-10-09T08:55:18.3332010Z   UV_CACHE_DIR: /home/runner/work/_temp/setup-uv-cache
verify	Validate R01 market ingestion contract and replay	2026-10-09T08:55:18.3332176Z ##[endgroup]
verify	Validate R01 market ingestion contract and replay	2026-10-09T08:55:18.3403849Z node ./scripts/check-r01.mjs
verify	Validate R01 market ingestion contract and replay	2026-10-09T08:55:18.3594135Z FAIL dependency F03 is ACCEPTED
verify	Validate R01 market ingestion contract and replay	2026-10-09T08:55:18.3595372Z FAIL dependency F05 is ACCEPTED
verify	Validate R01 market ingestion contract and replay	2026-10-09T08:55:18.3617940Z make: *** [Makefile:100: r01-check] Error 1
verify	Validate R01 market ingestion contract and replay	2026-10-09T08:55:18.3624507Z ##[error]Process completed with exit code 2.
verify	Archive F02 validation evidence	﻿2026-10-09T08:55:18.3702084Z ##[group]Run actions/upload-artifact@v4
verify	Archive F02 validation evidence	2026-10-09T08:55:18.3702252Z with:
verify	Archive F02 validation evidence	2026-10-09T08:55:18.3702398Z   name: f02-validation-evidence
verify	Archive F02 validation evidence	2026-10-09T08:55:18.3702546Z   path: artifacts/f02/
verify	Archive F02 validation evidence	2026-10-09T08:55:18.3702676Z   if-no-files-found: error
verify	Archive F02 validation evidence	2026-10-09T08:55:18.3702810Z   compression-level: 6
verify	Archive F02 validation evidence	2026-10-09T08:55:18.3702931Z   overwrite: false
verify	Archive F02 validation evidence	2026-10-09T08:55:18.3703053Z   include-hidden-files: false
verify	Archive F02 validation evidence	2026-10-09T08:55:18.3703187Z env:
verify	Archive F02 validation evidence	2026-10-09T08:55:18.3703293Z   QUANTOS_SKIP_ENV: 1
verify	Archive F02 validation evidence	2026-10-09T08:55:18.3703629Z   F02_PG_ADMIN_URL: postgresql://postgres@127.0.0.1:5432/postgres
verify	Archive F02 validation evidence	2026-10-09T08:55:18.3703885Z   GITLEAKS_BIN: /home/runner/work/QuantOS/QuantOS/artifacts/tools/gitleaks
verify	Archive F02 validation evidence	2026-10-09T08:55:18.3704131Z   QUANTOS_BFF_BASE: cd4e81900d1805d380c2bee0dd9abc14fe282dca
verify	Archive F02 validation evidence	2026-10-09T08:55:18.3704351Z   QUANTOS_PROTO_BASE: cd4e81900d1805d380c2bee0dd9abc14fe282dca
verify	Archive F02 validation evidence	2026-10-09T08:55:18.3704566Z   QUANTOS_SOURCE_SHA: 5244691aef8dc94e1243cfd7706751366209b5f9
verify	Archive F02 validation evidence	2026-10-09T08:55:18.3704747Z   CARGO_TERM_COLOR: always
verify	Archive F02 validation evidence	2026-10-09T08:55:18.3704902Z   NEXT_PUBLIC_QUANTOS_ENV: local-mock
verify	Archive F02 validation evidence	2026-10-09T08:55:18.3705070Z   NEXT_PUBLIC_SITE_ORIGIN: https://sumalpha.ai
verify	Archive F02 validation evidence	2026-10-09T08:55:18.3705271Z   NEXT_PUBLIC_QUANTOS_TERMINAL_ORIGIN: http://localhost:3190
verify	Archive F02 validation evidence	2026-10-09T08:55:18.3705478Z   NEXT_PUBLIC_QUANTOS_BFF_ORIGIN: http://localhost:4010
verify	Archive F02 validation evidence	2026-10-09T08:55:18.3705683Z   NEXT_PUBLIC_QUANTOS_OIDC_ISSUER: https://mock.idp.local
verify	Archive F02 validation evidence	2026-10-09T08:55:18.3705887Z   NEXT_PUBLIC_QUANTOS_OIDC_CLIENT_ID: quantos-terminal-ci
verify	Archive F02 validation evidence	2026-10-09T08:55:18.3706127Z   NEXT_PUBLIC_QUANTOS_OIDC_REDIRECT_URI: http://localhost:3190/auth/callback
verify	Archive F02 validation evidence	2026-10-09T08:55:18.3706347Z   NEXT_PUBLIC_QUANTOS_DEFAULT_MODE: paper
verify	Archive F02 validation evidence	2026-10-09T08:55:18.3706505Z   NEXT_PUBLIC_QUANTOS_MOCK_ENABLED: true
verify	Archive F02 validation evidence	2026-10-09T08:55:18.3706660Z   NEXT_PUBLIC_QUANTOS_OBS_ENABLED: false
verify	Archive F02 validation evidence	2026-10-09T08:55:18.3706833Z   NEXT_PUBLIC_QUANTOS_FEATURE_ASSISTED_LIVE_TESTNET: off
verify	Archive F02 validation evidence	2026-10-09T08:55:18.3707008Z   CARGO_HOME: /home/runner/.cargo
verify	Archive F02 validation evidence	2026-10-09T08:55:18.3707146Z   CARGO_INCREMENTAL: 0
verify	Archive F02 validation evidence	2026-10-09T08:55:18.3707305Z   pythonLocation: /opt/hostedtoolcache/Python/3.12.10/x64
verify	Archive F02 validation evidence	2026-10-09T08:55:18.3707531Z   PKG_CONFIG_PATH: /opt/hostedtoolcache/Python/3.12.10/x64/lib/pkgconfig
verify	Archive F02 validation evidence	2026-10-09T08:55:18.3707756Z   Python_ROOT_DIR: /opt/hostedtoolcache/Python/3.12.10/x64
verify	Archive F02 validation evidence	2026-10-09T08:55:18.3707966Z   Python2_ROOT_DIR: /opt/hostedtoolcache/Python/3.12.10/x64
verify	Archive F02 validation evidence	2026-10-09T08:55:18.3708172Z   Python3_ROOT_DIR: /opt/hostedtoolcache/Python/3.12.10/x64
verify	Archive F02 validation evidence	2026-10-09T08:55:18.3708379Z   LD_LIBRARY_PATH: /opt/hostedtoolcache/Python/3.12.10/x64/lib
verify	Archive F02 validation evidence	2026-10-09T08:55:18.3708751Z   UV_CACHE_DIR: /home/runner/work/_temp/setup-uv-cache
verify	Archive F02 validation evidence	2026-10-09T08:55:18.3708916Z ##[endgroup]
verify	Archive F02 validation evidence	2026-10-09T08:55:18.4694902Z (node:21257) [DEP0040] DeprecationWarning: The `punycode` module is deprecated. Please use a userland alternative instead.
verify	Archive F02 validation evidence	2026-10-09T08:55:18.4695425Z (Use `node --trace-deprecation ...` to show where the warning was created)
verify	Archive F02 validation evidence	2026-10-09T08:55:18.4706609Z ##[error]No files were found with the provided path: artifacts/f02/. No artifacts will be uploaded.
verify-download	Require the event-specific download verification	﻿2026-10-09T08:55:30.3347973Z ##[group]Run if [[ "$GITHUB_EVENT_NAME" == "push" && "$GITHUB_REF" == "refs/heads/main" ]]; then
verify-download	Require the event-specific download verification	2026-10-09T08:55:30.3349347Z ^[[36;1mif [[ "$GITHUB_EVENT_NAME" == "push" && "$GITHUB_REF" == "refs/heads/main" ]]; then^[[0m
verify-download	Require the event-specific download verification	2026-10-09T08:55:30.3350293Z ^[[36;1m  test "$MAIN_RESULT" = success^[[0m
verify-download	Require the event-specific download verification	2026-10-09T08:55:30.3351178Z ^[[36;1melif [[ "$GITHUB_EVENT_NAME" == "pull_request" ]]; then^[[0m
verify-download	Require the event-specific download verification	2026-10-09T08:55:30.3352019Z ^[[36;1m  test "$PR_RESULT" = success^[[0m
verify-download	Require the event-specific download verification	2026-10-09T08:55:30.3352665Z ^[[36;1melse^[[0m
verify-download	Require the event-specific download verification	2026-10-09T08:55:30.3353290Z ^[[36;1m  exit 1^[[0m
verify-download	Require the event-specific download verification	2026-10-09T08:55:30.3353814Z ^[[36;1mfi^[[0m
verify-download	Require the event-specific download verification	2026-10-09T08:55:30.4175594Z shell: /usr/bin/bash -e {0}
verify-download	Require the event-specific download verification	2026-10-09T08:55:30.4176726Z env:
verify-download	Require the event-specific download verification	2026-10-09T08:55:30.4177747Z   MAIN_RESULT: skipped
verify-download	Require the event-specific download verification	2026-10-09T08:55:30.4178497Z   PR_RESULT: skipped
verify-download	Require the event-specific download verification	2026-10-09T08:55:30.4179068Z ##[endgroup]
verify-download	Require the event-specific download verification	2026-10-09T08:55:30.4508937Z ##[error]Process completed with exit code 1.
