/Users/anray/Documents/project/SumAlpha/QuantOS/packages/config/src/env.ts:528
        throw new Error("[quantos-config] 环境配置校验失败（fail-fast）：\n".concat(lines));
              ^

Error: [quantos-config] 环境配置校验失败（fail-fast）：
  - NEXT_PUBLIC_QUANTOS_ENV: 缺少必需变量（fail-fast）
  - NEXT_PUBLIC_SITE_ORIGIN: 缺少必需变量（fail-fast）
  - NEXT_PUBLIC_QUANTOS_TERMINAL_ORIGIN: 缺少必需变量（fail-fast）
  - NEXT_PUBLIC_QUANTOS_BFF_ORIGIN: 缺少必需变量（fail-fast）
  - NEXT_PUBLIC_QUANTOS_OIDC_ISSUER: 缺少必需变量（fail-fast）
  - NEXT_PUBLIC_QUANTOS_OIDC_CLIENT_ID: 缺少必需变量（fail-fast）
  - NEXT_PUBLIC_QUANTOS_OIDC_REDIRECT_URI: 缺少必需变量（fail-fast）
  - NEXT_PUBLIC_QUANTOS_DEFAULT_MODE: 缺少必需变量（fail-fast）
  - NEXT_PUBLIC_QUANTOS_MOCK_ENABLED: 缺少必需变量（fail-fast）
  - NEXT_PUBLIC_QUANTOS_OBS_ENABLED: 缺少必需变量（fail-fast）
  - NEXT_PUBLIC_QUANTOS_FEATURE_ASSISTED_LIVE_TESTNET: 缺少必需变量（fail-fast）
    at assertEnv (/Users/anray/Documents/project/SumAlpha/QuantOS/packages/config/src/env.ts:528:15)
    at Object.<anonymous> (/Users/anray/Documents/project/SumAlpha/QuantOS/apps/website/next.config.compiled.js:14:105)
    at Module._compile (node:internal/modules/cjs/loader:1761:14)
    at requireFromString (/Users/anray/Documents/project/SumAlpha/QuantOS/node_modules/.pnpm/next@15.5.24_@playwright+test@1.62.1_@types+node@24.3.0_react-dom@19.2.8_react@19.2.8__react@19.2.8/node_modules/next/dist/build/next-config-ts/require-hook.js:81:7)
    at transpileConfig (/Users/anray/Documents/project/SumAlpha/QuantOS/node_modules/.pnpm/next@15.5.24_@playwright+test@1.62.1_@types+node@24.3.0_react-dom@19.2.8_react@19.2.8__react@19.2.8/node_modules/next/dist/build/next-config-ts/transpile-config.js:99:51)
    at async Object.loadConfig (/Users/anray/Documents/project/SumAlpha/QuantOS/node_modules/.pnpm/next@15.5.24_@playwright+test@1.62.1_@types+node@24.3.0_react-dom@19.2.8_react@19.2.8__react@19.2.8/node_modules/next/dist/server/config.js:1088:36)
    at async file:///Users/anray/Documents/project/SumAlpha/QuantOS/scripts/pre03-next-config.mjs:26:18

Node.js v24.12.0
node:internal/errors:985
  const err = new Error(message);
              ^

Error: Command failed: /Users/anray/.nvm/versions/node/v24.12.0/bin/node /Users/anray/Documents/project/SumAlpha/QuantOS/scripts/pre03-next-config.mjs /Users/anray/Documents/project/SumAlpha/QuantOS website
/Users/anray/Documents/project/SumAlpha/QuantOS/packages/config/src/env.ts:528
        throw new Error("[quantos-config] 环境配置校验失败（fail-fast）：\n".concat(lines));
              ^

Error: [quantos-config] 环境配置校验失败（fail-fast）：
  - NEXT_PUBLIC_QUANTOS_ENV: 缺少必需变量（fail-fast）
  - NEXT_PUBLIC_SITE_ORIGIN: 缺少必需变量（fail-fast）
  - NEXT_PUBLIC_QUANTOS_TERMINAL_ORIGIN: 缺少必需变量（fail-fast）
  - NEXT_PUBLIC_QUANTOS_BFF_ORIGIN: 缺少必需变量（fail-fast）
  - NEXT_PUBLIC_QUANTOS_OIDC_ISSUER: 缺少必需变量（fail-fast）
  - NEXT_PUBLIC_QUANTOS_OIDC_CLIENT_ID: 缺少必需变量（fail-fast）
  - NEXT_PUBLIC_QUANTOS_OIDC_REDIRECT_URI: 缺少必需变量（fail-fast）
  - NEXT_PUBLIC_QUANTOS_DEFAULT_MODE: 缺少必需变量（fail-fast）
  - NEXT_PUBLIC_QUANTOS_MOCK_ENABLED: 缺少必需变量（fail-fast）
  - NEXT_PUBLIC_QUANTOS_OBS_ENABLED: 缺少必需变量（fail-fast）
  - NEXT_PUBLIC_QUANTOS_FEATURE_ASSISTED_LIVE_TESTNET: 缺少必需变量（fail-fast）
    at assertEnv (/Users/anray/Documents/project/SumAlpha/QuantOS/packages/config/src/env.ts:528:15)
    at Object.<anonymous> (/Users/anray/Documents/project/SumAlpha/QuantOS/apps/website/next.config.compiled.js:14:105)
    at Module._compile (node:internal/modules/cjs/loader:1761:14)
    at requireFromString (/Users/anray/Documents/project/SumAlpha/QuantOS/node_modules/.pnpm/next@15.5.24_@playwright+test@1.62.1_@types+node@24.3.0_react-dom@19.2.8_react@19.2.8__react@19.2.8/node_modules/next/dist/build/next-config-ts/require-hook.js:81:7)
    at transpileConfig (/Users/anray/Documents/project/SumAlpha/QuantOS/node_modules/.pnpm/next@15.5.24_@playwright+test@1.62.1_@types+node@24.3.0_react-dom@19.2.8_react@19.2.8__react@19.2.8/node_modules/next/dist/build/next-config-ts/transpile-config.js:99:51)
    at async Object.loadConfig (/Users/anray/Documents/project/SumAlpha/QuantOS/node_modules/.pnpm/next@15.5.24_@playwright+test@1.62.1_@types+node@24.3.0_react-dom@19.2.8_react@19.2.8__react@19.2.8/node_modules/next/dist/server/config.js:1088:36)
    at async file:///Users/anray/Documents/project/SumAlpha/QuantOS/scripts/pre03-next-config.mjs:26:18

Node.js v24.12.0

    at genericNodeError (node:internal/errors:985:15)
    at wrappedFn (node:internal/errors:539:14)
    at checkExecSyncError (node:child_process:925:11)
    at execFileSync (node:child_process:961:15)
    at loadEffectiveConfig (file:///Users/anray/Documents/project/SumAlpha/QuantOS/scripts/pre03-next-config.mjs:12:18)
    at file:///Users/anray/Documents/project/SumAlpha/QuantOS/scripts/check-perf-budget.mjs:53:17 {
  status: 1,
  signal: null,
  output: [
    null,
    '',
    '/Users/anray/Documents/project/SumAlpha/QuantOS/packages/config/src/env.ts:528\n' +
      '        throw new Error("[quantos-config] 环境配置校验失败（fail-fast）：\\n".concat(lines));\n' +
      '              ^\n' +
      '\n' +
      'Error: [quantos-config] 环境配置校验失败（fail-fast）：\n' +
      '  - NEXT_PUBLIC_QUANTOS_ENV: 缺少必需变量（fail-fast）\n' +
      '  - NEXT_PUBLIC_SITE_ORIGIN: 缺少必需变量（fail-fast）\n' +
      '  - NEXT_PUBLIC_QUANTOS_TERMINAL_ORIGIN: 缺少必需变量（fail-fast）\n' +
      '  - NEXT_PUBLIC_QUANTOS_BFF_ORIGIN: 缺少必需变量（fail-fast）\n' +
      '  - NEXT_PUBLIC_QUANTOS_OIDC_ISSUER: 缺少必需变量（fail-fast）\n' +
      '  - NEXT_PUBLIC_QUANTOS_OIDC_CLIENT_ID: 缺少必需变量（fail-fast）\n' +
      '  - NEXT_PUBLIC_QUANTOS_OIDC_REDIRECT_URI: 缺少必需变量（fail-fast）\n' +
      '  - NEXT_PUBLIC_QUANTOS_DEFAULT_MODE: 缺少必需变量（fail-fast）\n' +
      '  - NEXT_PUBLIC_QUANTOS_MOCK_ENABLED: 缺少必需变量（fail-fast）\n' +
      '  - NEXT_PUBLIC_QUANTOS_OBS_ENABLED: 缺少必需变量（fail-fast）\n' +
      '  - NEXT_PUBLIC_QUANTOS_FEATURE_ASSISTED_LIVE_TESTNET: 缺少必需变量（fail-fast）\n' +
      '    at assertEnv (/Users/anray/Documents/project/SumAlpha/QuantOS/packages/config/src/env.ts:528:15)\n' +
      '    at Object.<anonymous> (/Users/anray/Documents/project/SumAlpha/QuantOS/apps/website/next.config.compiled.js:14:105)\n' +
      '    at Module._compile (node:internal/modules/cjs/loader:1761:14)\n' +
      '    at requireFromString (/Users/anray/Documents/project/SumAlpha/QuantOS/node_modules/.pnpm/next@15.5.24_@playwright+test@1.62.1_@types+node@24.3.0_react-dom@19.2.8_react@19.2.8__react@19.2.8/node_modules/next/dist/build/next-config-ts/require-hook.js:81:7)\n' +
      '    at transpileConfig (/Users/anray/Documents/project/SumAlpha/QuantOS/node_modules/.pnpm/next@15.5.24_@playwright+test@1.62.1_@types+node@24.3.0_react-dom@19.2.8_react@19.2.8__react@19.2.8/node_modules/next/dist/build/next-config-ts/transpile-config.js:99:51)\n' +
      '    at async Object.loadConfig (/Users/anray/Documents/project/SumAlpha/QuantOS/node_modules/.pnpm/next@15.5.24_@playwright+test@1.62.1_@types+node@24.3.0_react-dom@19.2.8_react@19.2.8__react@19.2.8/node_modules/next/dist/server/config.js:1088:36)\n' +
      '    at async file:///Users/anray/Documents/project/SumAlpha/QuantOS/scripts/pre03-next-config.mjs:26:18\n' +
      '\n' +
      'Node.js v24.12.0\n'
  ],
  pid: 96043,
  stdout: '',
  stderr: '/Users/anray/Documents/project/SumAlpha/QuantOS/packages/config/src/env.ts:528\n' +
    '        throw new Error("[quantos-config] 环境配置校验失败（fail-fast）：\\n".concat(lines));\n' +
    '              ^\n' +
    '\n' +
    'Error: [quantos-config] 环境配置校验失败（fail-fast）：\n' +
    '  - NEXT_PUBLIC_QUANTOS_ENV: 缺少必需变量（fail-fast）\n' +
    '  - NEXT_PUBLIC_SITE_ORIGIN: 缺少必需变量（fail-fast）\n' +
    '  - NEXT_PUBLIC_QUANTOS_TERMINAL_ORIGIN: 缺少必需变量（fail-fast）\n' +
    '  - NEXT_PUBLIC_QUANTOS_BFF_ORIGIN: 缺少必需变量（fail-fast）\n' +
    '  - NEXT_PUBLIC_QUANTOS_OIDC_ISSUER: 缺少必需变量（fail-fast）\n' +
    '  - NEXT_PUBLIC_QUANTOS_OIDC_CLIENT_ID: 缺少必需变量（fail-fast）\n' +
    '  - NEXT_PUBLIC_QUANTOS_OIDC_REDIRECT_URI: 缺少必需变量（fail-fast）\n' +
    '  - NEXT_PUBLIC_QUANTOS_DEFAULT_MODE: 缺少必需变量（fail-fast）\n' +
    '  - NEXT_PUBLIC_QUANTOS_MOCK_ENABLED: 缺少必需变量（fail-fast）\n' +
    '  - NEXT_PUBLIC_QUANTOS_OBS_ENABLED: 缺少必需变量（fail-fast）\n' +
    '  - NEXT_PUBLIC_QUANTOS_FEATURE_ASSISTED_LIVE_TESTNET: 缺少必需变量（fail-fast）\n' +
    '    at assertEnv (/Users/anray/Documents/project/SumAlpha/QuantOS/packages/config/src/env.ts:528:15)\n' +
    '    at Object.<anonymous> (/Users/anray/Documents/project/SumAlpha/QuantOS/apps/website/next.config.compiled.js:14:105)\n' +
    '    at Module._compile (node:internal/modules/cjs/loader:1761:14)\n' +
    '    at requireFromString (/Users/anray/Documents/project/SumAlpha/QuantOS/node_modules/.pnpm/next@15.5.24_@playwright+test@1.62.1_@types+node@24.3.0_react-dom@19.2.8_react@19.2.8__react@19.2.8/node_modules/next/dist/build/next-config-ts/require-hook.js:81:7)\n' +
    '    at transpileConfig (/Users/anray/Documents/project/SumAlpha/QuantOS/node_modules/.pnpm/next@15.5.24_@playwright+test@1.62.1_@types+node@24.3.0_react-dom@19.2.8_react@19.2.8__react@19.2.8/node_modules/next/dist/build/next-config-ts/transpile-config.js:99:51)\n' +
    '    at async Object.loadConfig (/Users/anray/Documents/project/SumAlpha/QuantOS/node_modules/.pnpm/next@15.5.24_@playwright+test@1.62.1_@types+node@24.3.0_react-dom@19.2.8_react@19.2.8__react@19.2.8/node_modules/next/dist/server/config.js:1088:36)\n' +
    '    at async file:///Users/anray/Documents/project/SumAlpha/QuantOS/scripts/pre03-next-config.mjs:26:18\n' +
    '\n' +
    'Node.js v24.12.0\n'
}

Node.js v24.12.0
