✔ current BFF-FE-000 repository Gate passes (3.843541ms)
✔ missing phase-one page mapping is rejected (2.090125ms)
✔ published operation drift is rejected (2.910875ms)
✔ planned operation traceability deletion is rejected (2.344458ms)
✔ shared idempotency baseline deletion is rejected (2.682416ms)
✔ dependency regression is rejected (1.275375ms)
✔ error correlation header deletion is rejected (2.171584ms)
✔ generated Zod export deletion is rejected (1.472208ms)
✔ missing staging permits development readiness and never claims formal acceptance (0.560541ms)
✔ stage deferral cannot bypass engineering failures, final receipt requirements or unknown stages (0.070334ms)
✔ final review command cannot be rewired to the development stage (6.374125ms)
✔ current semantic A1 gate passes (3.433416ms)
✔ rejects cookie semantic regression (2.988458ms)
✔ rejects idempotency semantic regression (2.591042ms)
✔ rejects sort semantic regression (3.606833ms)
✔ rejects page semantic regression (2.765833ms)
✔ rejects ci semantic regression (2.396375ms)
✔ rejects decimal semantic regression (2.388583ms)
✔ rejects version semantic regression (3.009708ms)
✔ rejects csrf semantic regression (2.18525ms)
✔ exact registered security correction is accepted only within its window (11.277583ms)
✔ unregistered breaking type, enum or missing baseline fails closed (22.250791ms)
✔ new required parameters and constraints cannot silently bypass compatibility (0.836458ms)
✔ absent, invented and reference-only staging receipts never close A1 (0.164834ms)
✔ receipt checker binds actual evidence bytes and each role to source and contract inputs (0.335416ms)
✔ optional property within an existing allOf is additive, required changes are rejected (0.133709ms)
ℹ tests 26
ℹ suites 0
ℹ pass 26
ℹ fail 0
ℹ cancelled 0
ℹ skipped 0
ℹ todo 0
ℹ duration_ms 163.184375
