
> @sumalpha/quantos@ test:development-plans /Users/anray/Documents/project/SumAlpha/QuantOS
> node --test scripts/development-plan-order-negative.mjs

✔ joint schedule is acyclic and preserves task/status boundaries (10.002709ms)
✔ restoring a complete R1 prerequisite for S2 services creates a rejected cycle (4.897916ms)
✔ research service waiting on its consumer page is rejected (4.359834ms)
✔ historical CORE:R04 to CORE:L04 probe now fails closed (4.506916ms)
✔ an early identity API cannot silently depend on later research services (5.243ms)
✔ a provider cannot wait for the consumer frontend Gate (4.14525ms)
✔ removing S2 service admission from a core execution task is rejected (4.276166ms)
✔ S2 service Gate cannot omit TP12 advance evaluation (4.597917ms)
✔ I10 cannot drop testnet service admission even if metadata is edited with it (5.023458ms)
✔ a new or existing frontend cannot skip the full provider Gate (5.057375ms)
✔ G5 cannot be marked as closing in I4 before reconciliation (4.968542ms)
✔ moving the G1 block above I1 tasks is rejected (4.599709ms)
✔ milestone cannot omit its last child while retaining a Gate summary (5.009584ms)
✔ prose-only backend dependencies cannot drift from structured prerequisites (4.889167ms)
✔ core closure mapping cannot become an implicit service alias (4.50725ms)
✔ ACCEPTED checkpoint needs SHA and evidence, not only a green word (4.929625ms)
✔ accepted checkpoint evidence must resolve (2.335625ms)
✔ missing checkpoint and unknown dependency fail closed (6.040166ms)
✔ API windows cannot skip their preceding provider checkpoint (4.49075ms)
✔ UI windows cannot skip the preceding reconciliation window (4.395042ms)
✔ Web intake preserves the explicit no-model-review schema (1.365791ms)
✔ missing Web task fields still fail closed (1.348791ms)
✔ both plans must publish exactly the same stage contract (4.887333ms)
✔ changing both plans cannot defer correctness or functional deadlines to release (12.404708ms)
✔ both plans must retain every deferred release obligation (13.677625ms)
✔ tasks and checkpoints cannot omit, invent, or misclassify their stage gate (17.321334ms)
✔ release prerequisites cannot block either development or integration (11.448ms)
✔ release gates cannot skip business closure or inherit the wrong stage (12.991291ms)
✔ historical ACCEPTED and completed tasks do not automatically become READY (5.093041ms)
✔ READY needs its own input digest and resolvable evidence (28.306166ms)
✔ unassessed stage gates cannot carry an apparent ready receipt (6.879333ms)
✔ BLOCKED retains failure evidence and digest without being counted as READY (8.482541ms)
✔ a READY chain needs READY prerequisites and its own evidence at every node (12.862083ms)
✔ stage readiness never substitutes for formal acceptance evidence (2.481959ms)
✔ release READY requires formal acceptance and all functional prerequisites (8.206916ms)
ℹ tests 35
ℹ suites 0
ℹ pass 35
ℹ fail 0
ℹ cancelled 0
ℹ skipped 0
ℹ todo 0
ℹ duration_ms 283.076792
