✔ joint schedule is acyclic and preserves task/status boundaries (17.517417ms)
✔ restoring a complete R1 prerequisite for S2 services creates a rejected cycle (5.743667ms)
✔ research service waiting on its consumer page is rejected (5.312833ms)
✔ historical CORE:R04 to CORE:L04 probe now fails closed (5.153875ms)
✔ an early identity API cannot silently depend on later research services (6.129959ms)
✔ a provider cannot wait for the consumer frontend Gate (4.907459ms)
✔ removing S2 service admission from a core execution task is rejected (5.331917ms)
✔ S2 service Gate cannot omit TP12 advance evaluation (5.662459ms)
✔ I10 cannot drop testnet service admission even if metadata is edited with it (6.042166ms)
✔ a new or existing frontend cannot skip the full provider Gate (6.442375ms)
✔ G5 cannot be marked as closing in I4 before reconciliation (6.050209ms)
✔ moving the G1 block above I1 tasks is rejected (5.353417ms)
✔ milestone cannot omit its last child while retaining a Gate summary (5.458958ms)
✔ prose-only backend dependencies cannot drift from structured prerequisites (5.651ms)
✔ core closure mapping cannot become an implicit service alias (5.605208ms)
✔ ACCEPTED checkpoint needs SHA and evidence, not only a green word (6.236417ms)
✔ accepted checkpoint evidence must resolve (3.42825ms)
✔ missing checkpoint and unknown dependency fail closed (8.078958ms)
✔ API windows cannot skip their preceding provider checkpoint (5.423083ms)
✔ UI windows cannot skip the preceding reconciliation window (5.535917ms)
✔ Web intake preserves the explicit no-model-review schema (1.991834ms)
✔ missing Web task fields still fail closed (2.120417ms)
✔ both plans must publish exactly the same stage contract (6.876916ms)
✔ changing both plans cannot defer correctness or functional deadlines to release (14.169084ms)
✔ both plans must retain every deferred release obligation (15.347584ms)
✔ tasks and checkpoints cannot omit, invent, or misclassify their stage gate (20.178667ms)
✔ release prerequisites cannot block either development or integration (13.307416ms)
✔ release gates cannot skip business closure or inherit the wrong stage (15.108625ms)
✔ historical ACCEPTED and completed tasks do not automatically become READY (10.836583ms)
✔ READY needs its own input digest and resolvable evidence (37.89625ms)
✔ unassessed stage gates cannot carry an apparent ready receipt (7.163375ms)
✔ BLOCKED retains failure evidence and digest without being counted as READY (14.660333ms)
✔ a READY chain needs READY prerequisites and its own evidence at every node (20.267834ms)
✔ stage readiness never substitutes for formal acceptance evidence (3.313541ms)
✔ release READY requires formal acceptance and all functional prerequisites (9.156583ms)
✔ core intake follows the frontend audit-report format (6.711292ms)
✔ core review summary must be unique and link to audit evidence (8.074417ms)
✔ core shared task fields and existing window must stay consistent (16.878709ms)
ℹ tests 38
ℹ suites 0
ℹ pass 38
ℹ fail 0
ℹ cancelled 0
ℹ skipped 0
ℹ todo 0
ℹ duration_ms 395.358917
