tp01-vibe-upstream-monitor	Set up job	﻿2026-10-08T12:28:58.6002018Z Current runner version: '2.337.0'
tp01-vibe-upstream-monitor	Set up job	2026-10-08T12:28:58.6027481Z ##[group]Runner Image Provisioner
tp01-vibe-upstream-monitor	Set up job	2026-10-08T12:28:58.6028337Z Hosted Compute Agent
tp01-vibe-upstream-monitor	Set up job	2026-10-08T12:28:58.6029128Z Version: 20260901.588
tp01-vibe-upstream-monitor	Set up job	2026-10-08T12:28:58.6029864Z Commit: f88ec8081b781fac6c440065ac7ff9e710ce3d0b
tp01-vibe-upstream-monitor	Set up job	2026-10-08T12:28:58.6030628Z Build Date: 2026-09-01T19:56:44Z
tp01-vibe-upstream-monitor	Set up job	2026-10-08T12:28:58.6031385Z Worker ID: {46cdad16-b5c8-4dbe-9e12-63bd58ed2ebe}
tp01-vibe-upstream-monitor	Set up job	2026-10-08T12:28:58.6032096Z Azure Region: eastus
tp01-vibe-upstream-monitor	Set up job	2026-10-08T12:28:58.6032637Z ##[endgroup]
tp01-vibe-upstream-monitor	Set up job	2026-10-08T12:28:58.6034575Z ##[group]Operating System
tp01-vibe-upstream-monitor	Set up job	2026-10-08T12:28:58.6035249Z Ubuntu
tp01-vibe-upstream-monitor	Set up job	2026-10-08T12:28:58.6035890Z 24.04.5
tp01-vibe-upstream-monitor	Set up job	2026-10-08T12:28:58.6036401Z LTS
tp01-vibe-upstream-monitor	Set up job	2026-10-08T12:28:58.6036889Z ##[endgroup]
tp01-vibe-upstream-monitor	Set up job	2026-10-08T12:28:58.6037497Z ##[group]Runner Image
tp01-vibe-upstream-monitor	Set up job	2026-10-08T12:28:58.6038124Z Image: ubuntu-24.04
tp01-vibe-upstream-monitor	Set up job	2026-10-08T12:28:58.6039099Z Version: 20260927.320.1
tp01-vibe-upstream-monitor	Set up job	2026-10-08T12:28:58.6040215Z Included Software: https://github.com/actions/runner-images/blob/ubuntu24/20260927.320/images/ubuntu/Ubuntu2404-Readme.md
tp01-vibe-upstream-monitor	Set up job	2026-10-08T12:28:58.6042001Z Image Release: https://github.com/actions/runner-images/releases/tag/ubuntu24%2F20260927.320
tp01-vibe-upstream-monitor	Set up job	2026-10-08T12:28:58.6042983Z ##[endgroup]
tp01-vibe-upstream-monitor	Set up job	2026-10-08T12:28:58.6044153Z ##[group]GITHUB_TOKEN Permissions
tp01-vibe-upstream-monitor	Set up job	2026-10-08T12:28:58.6046018Z Contents: read
tp01-vibe-upstream-monitor	Set up job	2026-10-08T12:28:58.6047172Z Metadata: read
tp01-vibe-upstream-monitor	Set up job	2026-10-08T12:28:58.6047751Z ##[endgroup]
tp01-vibe-upstream-monitor	Set up job	2026-10-08T12:28:58.6050415Z Secret source: Actions
tp01-vibe-upstream-monitor	Set up job	2026-10-08T12:28:58.6051421Z Cache mode: write
tp01-vibe-upstream-monitor	Set up job	2026-10-08T12:28:58.6052356Z Prepare workflow directory
tp01-vibe-upstream-monitor	Set up job	2026-10-08T12:28:58.6377663Z Prepare all required actions
tp01-vibe-upstream-monitor	Set up job	2026-10-08T12:28:58.6425116Z Getting action download info
tp01-vibe-upstream-monitor	Set up job	2026-10-08T12:28:58.8857298Z Download action repository 'actions/checkout@v4' (SHA:11d5960a326750d5838078e36cf38b85af677262)
tp01-vibe-upstream-monitor	Set up job	2026-10-08T12:28:58.9845259Z Download action repository 'actions/setup-node@v4' (SHA:49933ea5288caeca8642d1e84afbd3f7d6820020)
tp01-vibe-upstream-monitor	Set up job	2026-10-08T12:28:59.0740168Z Download action repository 'actions/upload-artifact@v4' (SHA:ea165f8d65b6e75b540449e92b4886f43607fa02)
tp01-vibe-upstream-monitor	Set up job	2026-10-08T12:28:59.2922351Z Complete job name: tp01-vibe-upstream-monitor
tp01-vibe-upstream-monitor	Checkout repository	﻿2026-10-08T12:28:59.3705939Z ##[group]Run actions/checkout@v4
tp01-vibe-upstream-monitor	Checkout repository	2026-10-08T12:28:59.3706834Z with:
tp01-vibe-upstream-monitor	Checkout repository	2026-10-08T12:28:59.3707275Z   repository: SumAlphaAI/QuantOS
tp01-vibe-upstream-monitor	Checkout repository	2026-10-08T12:28:59.3711462Z   token: ***
tp01-vibe-upstream-monitor	Checkout repository	2026-10-08T12:28:59.3711891Z   ssh-strict: true
tp01-vibe-upstream-monitor	Checkout repository	2026-10-08T12:28:59.3712333Z   ssh-user: git
tp01-vibe-upstream-monitor	Checkout repository	2026-10-08T12:28:59.3712768Z   persist-credentials: true
tp01-vibe-upstream-monitor	Checkout repository	2026-10-08T12:28:59.3713250Z   clean: true
tp01-vibe-upstream-monitor	Checkout repository	2026-10-08T12:28:59.3713735Z   sparse-checkout-cone-mode: true
tp01-vibe-upstream-monitor	Checkout repository	2026-10-08T12:28:59.3714249Z   fetch-depth: 1
tp01-vibe-upstream-monitor	Checkout repository	2026-10-08T12:28:59.3714673Z   fetch-tags: false
tp01-vibe-upstream-monitor	Checkout repository	2026-10-08T12:28:59.3715105Z   show-progress: true
tp01-vibe-upstream-monitor	Checkout repository	2026-10-08T12:28:59.3715552Z   lfs: false
tp01-vibe-upstream-monitor	Checkout repository	2026-10-08T12:28:59.3715955Z   submodules: false
tp01-vibe-upstream-monitor	Checkout repository	2026-10-08T12:28:59.3716394Z   set-safe-directory: true
tp01-vibe-upstream-monitor	Checkout repository	2026-10-08T12:28:59.3716902Z   allow-unsafe-pr-checkout: false
tp01-vibe-upstream-monitor	Checkout repository	2026-10-08T12:28:59.3717687Z ##[endgroup]
tp01-vibe-upstream-monitor	Checkout repository	2026-10-08T12:28:59.4741097Z Syncing repository: SumAlphaAI/QuantOS
tp01-vibe-upstream-monitor	Checkout repository	2026-10-08T12:28:59.4742943Z ##[group]Getting Git version info
tp01-vibe-upstream-monitor	Checkout repository	2026-10-08T12:28:59.4743803Z Working directory is '/home/runner/work/QuantOS/QuantOS'
tp01-vibe-upstream-monitor	Checkout repository	2026-10-08T12:28:59.4744813Z [command]/usr/bin/git version
tp01-vibe-upstream-monitor	Checkout repository	2026-10-08T12:28:59.4846958Z git version 2.55.0
tp01-vibe-upstream-monitor	Checkout repository	2026-10-08T12:28:59.4900588Z ##[endgroup]
tp01-vibe-upstream-monitor	Checkout repository	2026-10-08T12:28:59.4916934Z Temporarily overriding HOME='/home/runner/work/_temp/73e0a658-168d-4e42-aadc-824b605f2349' before making global git config changes
tp01-vibe-upstream-monitor	Checkout repository	2026-10-08T12:28:59.4919331Z Adding repository directory to the temporary git global config as a safe directory
tp01-vibe-upstream-monitor	Checkout repository	2026-10-08T12:28:59.4924107Z [command]/usr/bin/git config --global --add safe.directory /home/runner/work/QuantOS/QuantOS
tp01-vibe-upstream-monitor	Checkout repository	2026-10-08T12:28:59.4978650Z Deleting the contents of '/home/runner/work/QuantOS/QuantOS'
tp01-vibe-upstream-monitor	Checkout repository	2026-10-08T12:28:59.4983270Z ##[group]Initializing the repository
tp01-vibe-upstream-monitor	Checkout repository	2026-10-08T12:28:59.4988756Z [command]/usr/bin/git init /home/runner/work/QuantOS/QuantOS
tp01-vibe-upstream-monitor	Checkout repository	2026-10-08T12:28:59.5106466Z hint: Using 'master' as the name for the initial branch. This default branch name
tp01-vibe-upstream-monitor	Checkout repository	2026-10-08T12:28:59.5108385Z hint: will change to "main" in Git 3.0. To configure the initial branch name
tp01-vibe-upstream-monitor	Checkout repository	2026-10-08T12:28:59.5109763Z hint: to use in all of your new repositories, which will suppress this warning,
tp01-vibe-upstream-monitor	Checkout repository	2026-10-08T12:28:59.5111163Z hint: call:
tp01-vibe-upstream-monitor	Checkout repository	2026-10-08T12:28:59.5112213Z hint:
tp01-vibe-upstream-monitor	Checkout repository	2026-10-08T12:28:59.5113182Z hint: 	git config --global init.defaultBranch <name>
tp01-vibe-upstream-monitor	Checkout repository	2026-10-08T12:28:59.5114381Z hint:
tp01-vibe-upstream-monitor	Checkout repository	2026-10-08T12:28:59.5115519Z hint: Names commonly chosen instead of 'master' are 'main', 'trunk' and
tp01-vibe-upstream-monitor	Checkout repository	2026-10-08T12:28:59.5117290Z hint: 'development'. The just-created branch can be renamed via this command:
tp01-vibe-upstream-monitor	Checkout repository	2026-10-08T12:28:59.5119118Z hint:
tp01-vibe-upstream-monitor	Checkout repository	2026-10-08T12:28:59.5119858Z hint: 	git branch -m <name>
tp01-vibe-upstream-monitor	Checkout repository	2026-10-08T12:28:59.5120671Z hint:
tp01-vibe-upstream-monitor	Checkout repository	2026-10-08T12:28:59.5121766Z hint: Disable this message with "git config set advice.defaultBranchName false"
tp01-vibe-upstream-monitor	Checkout repository	2026-10-08T12:28:59.5123653Z Initialized empty Git repository in /home/runner/work/QuantOS/QuantOS/.git/
tp01-vibe-upstream-monitor	Checkout repository	2026-10-08T12:28:59.5126581Z [command]/usr/bin/git remote add origin https://github.com/SumAlphaAI/QuantOS
tp01-vibe-upstream-monitor	Checkout repository	2026-10-08T12:28:59.5179251Z ##[endgroup]
tp01-vibe-upstream-monitor	Checkout repository	2026-10-08T12:28:59.5180634Z ##[group]Disabling automatic garbage collection
tp01-vibe-upstream-monitor	Checkout repository	2026-10-08T12:28:59.5184191Z [command]/usr/bin/git config --local gc.auto 0
tp01-vibe-upstream-monitor	Checkout repository	2026-10-08T12:28:59.5217756Z ##[endgroup]
tp01-vibe-upstream-monitor	Checkout repository	2026-10-08T12:28:59.5219384Z ##[group]Setting up auth
tp01-vibe-upstream-monitor	Checkout repository	2026-10-08T12:28:59.5226461Z [command]/usr/bin/git config --local --name-only --get-regexp core\.sshCommand
tp01-vibe-upstream-monitor	Checkout repository	2026-10-08T12:28:59.5261948Z [command]/usr/bin/git submodule foreach --recursive sh -c "git config --local --name-only --get-regexp 'core\.sshCommand' && git config --local --unset-all 'core.sshCommand' || :"
tp01-vibe-upstream-monitor	Checkout repository	2026-10-08T12:28:59.5689851Z [command]/usr/bin/git config --local --name-only --get-regexp http\.https\:\/\/github\.com\/\.extraheader
tp01-vibe-upstream-monitor	Checkout repository	2026-10-08T12:28:59.5732669Z [command]/usr/bin/git submodule foreach --recursive sh -c "git config --local --name-only --get-regexp 'http\.https\:\/\/github\.com\/\.extraheader' && git config --local --unset-all 'http.https://github.com/.extraheader' || :"
tp01-vibe-upstream-monitor	Checkout repository	2026-10-08T12:28:59.5976961Z [command]/usr/bin/git config --local --name-only --get-regexp ^includeIf\.gitdir:
tp01-vibe-upstream-monitor	Checkout repository	2026-10-08T12:28:59.6016293Z [command]/usr/bin/git submodule foreach --recursive git config --local --show-origin --name-only --get-regexp remote.origin.url
tp01-vibe-upstream-monitor	Checkout repository	2026-10-08T12:28:59.6266010Z [command]/usr/bin/git config --local http.https://github.com/.extraheader AUTHORIZATION: basic ***
tp01-vibe-upstream-monitor	Checkout repository	2026-10-08T12:28:59.6309841Z ##[endgroup]
tp01-vibe-upstream-monitor	Checkout repository	2026-10-08T12:28:59.6311365Z ##[group]Fetching the repository
tp01-vibe-upstream-monitor	Checkout repository	2026-10-08T12:28:59.6321345Z [command]/usr/bin/git -c protocol.version=2 fetch --no-tags --prune --no-recurse-submodules --depth=1 origin +8408122e2bcd75bdb09ff44fd04ef5dedfa3ef2f:refs/remotes/origin/main
tp01-vibe-upstream-monitor	Checkout repository	2026-10-08T12:29:01.0604225Z From https://github.com/SumAlphaAI/QuantOS
tp01-vibe-upstream-monitor	Checkout repository	2026-10-08T12:29:01.0629149Z  * [new ref]         8408122e2bcd75bdb09ff44fd04ef5dedfa3ef2f -> origin/main
tp01-vibe-upstream-monitor	Checkout repository	2026-10-08T12:29:01.0632478Z ##[endgroup]
tp01-vibe-upstream-monitor	Checkout repository	2026-10-08T12:29:01.0633767Z ##[group]Determining the checkout info
tp01-vibe-upstream-monitor	Checkout repository	2026-10-08T12:29:01.0635312Z ##[endgroup]
tp01-vibe-upstream-monitor	Checkout repository	2026-10-08T12:29:01.0636410Z [command]/usr/bin/git sparse-checkout disable
tp01-vibe-upstream-monitor	Checkout repository	2026-10-08T12:29:01.0677380Z [command]/usr/bin/git config --local --unset-all extensions.worktreeConfig
tp01-vibe-upstream-monitor	Checkout repository	2026-10-08T12:29:01.0718872Z ##[group]Checking out the ref
tp01-vibe-upstream-monitor	Checkout repository	2026-10-08T12:29:01.0722066Z [command]/usr/bin/git checkout --progress --force -B main refs/remotes/origin/main
tp01-vibe-upstream-monitor	Checkout repository	2026-10-08T12:29:01.9375557Z Switched to a new branch 'main'
tp01-vibe-upstream-monitor	Checkout repository	2026-10-08T12:29:01.9380449Z branch 'main' set up to track 'origin/main'.
tp01-vibe-upstream-monitor	Checkout repository	2026-10-08T12:29:01.9437460Z ##[endgroup]
tp01-vibe-upstream-monitor	Checkout repository	2026-10-08T12:29:01.9485721Z [command]/usr/bin/git log -1 --format=%H
tp01-vibe-upstream-monitor	Checkout repository	2026-10-08T12:29:01.9511907Z 8408122e2bcd75bdb09ff44fd04ef5dedfa3ef2f
tp01-vibe-upstream-monitor	Setup Node	﻿2026-10-08T12:29:01.9789007Z ##[group]Run actions/setup-node@v4
tp01-vibe-upstream-monitor	Setup Node	2026-10-08T12:29:01.9789491Z with:
tp01-vibe-upstream-monitor	Setup Node	2026-10-08T12:29:01.9789783Z   node-version: 24.12.0
tp01-vibe-upstream-monitor	Setup Node	2026-10-08T12:29:01.9790108Z   always-auth: false
tp01-vibe-upstream-monitor	Setup Node	2026-10-08T12:29:01.9790413Z   check-latest: false
tp01-vibe-upstream-monitor	Setup Node	2026-10-08T12:29:01.9793605Z   token: ***
tp01-vibe-upstream-monitor	Setup Node	2026-10-08T12:29:01.9793895Z ##[endgroup]
tp01-vibe-upstream-monitor	Setup Node	2026-10-08T12:29:02.1180928Z Attempting to download 24.12.0...
tp01-vibe-upstream-monitor	Setup Node	2026-10-08T12:29:02.1287453Z (node:2301) [DEP0040] DeprecationWarning: The `punycode` module is deprecated. Please use a userland alternative instead.
tp01-vibe-upstream-monitor	Setup Node	2026-10-08T12:29:02.1389700Z (Use `node --trace-deprecation ...` to show where the warning was created)
tp01-vibe-upstream-monitor	Setup Node	2026-10-08T12:29:02.6593079Z Acquiring 24.12.0 - x64 from https://github.com/actions/node-versions/releases/download/24.12.0-20140960970/node-24.12.0-linux-x64.tar.gz
tp01-vibe-upstream-monitor	Setup Node	2026-10-08T12:29:03.0984872Z Extracting ...
tp01-vibe-upstream-monitor	Setup Node	2026-10-08T12:29:03.1120389Z [command]/usr/bin/tar xz --strip 1 --warning=no-unknown-keyword --overwrite -C /home/runner/work/_temp/7574ea30-723d-44cf-84c4-6b0e077d7ce6 -f /home/runner/work/_temp/a32f7971-1265-4f86-86a4-4e935867838b
tp01-vibe-upstream-monitor	Setup Node	2026-10-08T12:29:04.3595874Z Adding to the cache ...
tp01-vibe-upstream-monitor	Setup Node	2026-10-08T12:29:07.0744367Z ##[group]Environment details
tp01-vibe-upstream-monitor	Setup Node	2026-10-08T12:29:07.2945172Z node: v24.12.0
tp01-vibe-upstream-monitor	Setup Node	2026-10-08T12:29:07.2945789Z npm: 11.6.2
tp01-vibe-upstream-monitor	Setup Node	2026-10-08T12:29:07.2946163Z yarn: 1.22.22
tp01-vibe-upstream-monitor	Setup Node	2026-10-08T12:29:07.2949738Z ##[endgroup]
tp01-vibe-upstream-monitor	Generate upstream candidate report	﻿2026-10-08T12:29:07.3130642Z ##[group]Run node ./scripts/check-vibe-upstream.mjs --baseline ./third_party/vibe-trading/baseline.lock.json --json-output ./artifacts/third_party/vibe-trading/upstream-candidates.json --markdown-output ./artifacts/third_party/vibe-trading/upstream-candidates.md
tp01-vibe-upstream-monitor	Generate upstream candidate report	2026-10-08T12:29:07.3132655Z ^[[36;1mnode ./scripts/check-vibe-upstream.mjs --baseline ./third_party/vibe-trading/baseline.lock.json --json-output ./artifacts/third_party/vibe-trading/upstream-candidates.json --markdown-output ./artifacts/third_party/vibe-trading/upstream-candidates.md^[[0m
tp01-vibe-upstream-monitor	Generate upstream candidate report	2026-10-08T12:29:07.3459117Z shell: /usr/bin/bash -e {0}
tp01-vibe-upstream-monitor	Generate upstream candidate report	2026-10-08T12:29:07.3459535Z ##[endgroup]
tp01-vibe-upstream-monitor	Generate upstream candidate report	2026-10-08T12:29:07.6701512Z Wrote artifacts/third_party/vibe-trading/upstream-candidates.json
tp01-vibe-upstream-monitor	Generate upstream candidate report	2026-10-08T12:29:07.6702264Z Wrote artifacts/third_party/vibe-trading/upstream-candidates.md
tp01-vibe-upstream-monitor	Generate upstream candidate report	2026-10-08T12:29:07.6702768Z Detected 2 candidate(s).
tp01-vibe-upstream-monitor	Publish workflow summary	﻿2026-10-08T12:29:07.6792330Z ##[group]Run cat ./artifacts/third_party/vibe-trading/upstream-candidates.md >> "$GITHUB_STEP_SUMMARY"
tp01-vibe-upstream-monitor	Publish workflow summary	2026-10-08T12:29:07.6793125Z ^[[36;1mcat ./artifacts/third_party/vibe-trading/upstream-candidates.md >> "$GITHUB_STEP_SUMMARY"^[[0m
tp01-vibe-upstream-monitor	Publish workflow summary	2026-10-08T12:29:07.6859782Z shell: /usr/bin/bash -e {0}
tp01-vibe-upstream-monitor	Publish workflow summary	2026-10-08T12:29:07.6860068Z ##[endgroup]
tp01-vibe-upstream-monitor	Upload TP01 artifacts	﻿2026-10-08T12:29:07.7030618Z ##[group]Run actions/upload-artifact@v4
tp01-vibe-upstream-monitor	Upload TP01 artifacts	2026-10-08T12:29:07.7030950Z with:
tp01-vibe-upstream-monitor	Upload TP01 artifacts	2026-10-08T12:29:07.7031182Z   name: tp01-vibe-upstream-monitor
tp01-vibe-upstream-monitor	Upload TP01 artifacts	2026-10-08T12:29:07.7031483Z   path: artifacts/third_party/vibe-trading/
tp01-vibe-upstream-monitor	Upload TP01 artifacts	2026-10-08T12:29:07.7031793Z   if-no-files-found: error
tp01-vibe-upstream-monitor	Upload TP01 artifacts	2026-10-08T12:29:07.7032047Z   compression-level: 6
tp01-vibe-upstream-monitor	Upload TP01 artifacts	2026-10-08T12:29:07.7032289Z   overwrite: false
tp01-vibe-upstream-monitor	Upload TP01 artifacts	2026-10-08T12:29:07.7032532Z   include-hidden-files: false
tp01-vibe-upstream-monitor	Upload TP01 artifacts	2026-10-08T12:29:07.7032794Z ##[endgroup]
tp01-vibe-upstream-monitor	Upload TP01 artifacts	2026-10-08T12:29:07.8658599Z (node:2352) [DEP0040] DeprecationWarning: The `punycode` module is deprecated. Please use a userland alternative instead.
tp01-vibe-upstream-monitor	Upload TP01 artifacts	2026-10-08T12:29:07.8660109Z (Use `node --trace-deprecation ...` to show where the warning was created)
tp01-vibe-upstream-monitor	Upload TP01 artifacts	2026-10-08T12:29:07.8791207Z With the provided path, there will be 2 files uploaded
tp01-vibe-upstream-monitor	Upload TP01 artifacts	2026-10-08T12:29:07.8819454Z Artifact name is valid!
tp01-vibe-upstream-monitor	Upload TP01 artifacts	2026-10-08T12:29:07.8842198Z Root directory input is valid!
tp01-vibe-upstream-monitor	Upload TP01 artifacts	2026-10-08T12:29:08.0864149Z Beginning upload of artifact content to blob storage
tp01-vibe-upstream-monitor	Upload TP01 artifacts	2026-10-08T12:29:08.1076213Z (node:2352) [DEP0169] DeprecationWarning: `url.parse()` behavior is not standardized and prone to errors that have security implications. Use the WHATWG URL API instead. CVEs are not issued for `url.parse()` vulnerabilities.
tp01-vibe-upstream-monitor	Upload TP01 artifacts	2026-10-08T12:29:08.1579017Z Uploaded bytes 2446
tp01-vibe-upstream-monitor	Upload TP01 artifacts	2026-10-08T12:29:08.1793963Z Finished uploading artifact content to blob storage!
tp01-vibe-upstream-monitor	Upload TP01 artifacts	2026-10-08T12:29:08.1795261Z SHA256 digest of uploaded artifact zip is 8f6b8f2458109c63938c1b1722b4e1ebb8dc7b3419c31b994655622dc977c4fe
tp01-vibe-upstream-monitor	Upload TP01 artifacts	2026-10-08T12:29:08.1797452Z Finalizing artifact upload
tp01-vibe-upstream-monitor	Upload TP01 artifacts	2026-10-08T12:29:08.5032711Z Artifact tp01-vibe-upstream-monitor.zip successfully finalized. Artifact ID 11550163212
tp01-vibe-upstream-monitor	Upload TP01 artifacts	2026-10-08T12:29:08.5034716Z Artifact tp01-vibe-upstream-monitor has been successfully uploaded! Final size is 2446 bytes. Artifact ID is 11550163212
tp01-vibe-upstream-monitor	Upload TP01 artifacts	2026-10-08T12:29:08.5040075Z Artifact download URL: https://github.com/SumAlphaAI/QuantOS/actions/runs/37777155663/artifacts/11550163212
tp01-vibe-upstream-monitor	Post Setup Node	﻿2026-10-08T12:29:08.5203795Z Post job cleanup.
tp01-vibe-upstream-monitor	Post Setup Node	2026-10-08T12:29:08.6419338Z (node:2365) [DEP0040] DeprecationWarning: The `punycode` module is deprecated. Please use a userland alternative instead.
tp01-vibe-upstream-monitor	Post Setup Node	2026-10-08T12:29:08.6420389Z (Use `node --trace-deprecation ...` to show where the warning was created)
tp01-vibe-upstream-monitor	Post Checkout repository	﻿2026-10-08T12:29:08.6581726Z Post job cleanup.
tp01-vibe-upstream-monitor	Post Checkout repository	2026-10-08T12:29:08.7447654Z [command]/usr/bin/git version
tp01-vibe-upstream-monitor	Post Checkout repository	2026-10-08T12:29:08.7490965Z git version 2.55.0
tp01-vibe-upstream-monitor	Post Checkout repository	2026-10-08T12:29:08.7559167Z Temporarily overriding HOME='/home/runner/work/_temp/ba6d7777-8569-4133-a9de-442d59ba6bc7' before making global git config changes
tp01-vibe-upstream-monitor	Post Checkout repository	2026-10-08T12:29:08.7561022Z Adding repository directory to the temporary git global config as a safe directory
tp01-vibe-upstream-monitor	Post Checkout repository	2026-10-08T12:29:08.7563066Z [command]/usr/bin/git config --global --add safe.directory /home/runner/work/QuantOS/QuantOS
tp01-vibe-upstream-monitor	Post Checkout repository	2026-10-08T12:29:08.7582811Z [command]/usr/bin/git config --local --name-only --get-regexp core\.sshCommand
tp01-vibe-upstream-monitor	Post Checkout repository	2026-10-08T12:29:08.7617635Z [command]/usr/bin/git submodule foreach --recursive sh -c "git config --local --name-only --get-regexp 'core\.sshCommand' && git config --local --unset-all 'core.sshCommand' || :"
tp01-vibe-upstream-monitor	Post Checkout repository	2026-10-08T12:29:08.7896789Z [command]/usr/bin/git config --local --name-only --get-regexp http\.https\:\/\/github\.com\/\.extraheader
tp01-vibe-upstream-monitor	Post Checkout repository	2026-10-08T12:29:08.7917682Z http.https://github.com/.extraheader
tp01-vibe-upstream-monitor	Post Checkout repository	2026-10-08T12:29:08.7939921Z [command]/usr/bin/git config --local --unset-all http.https://github.com/.extraheader
tp01-vibe-upstream-monitor	Post Checkout repository	2026-10-08T12:29:08.7968174Z [command]/usr/bin/git submodule foreach --recursive sh -c "git config --local --name-only --get-regexp 'http\.https\:\/\/github\.com\/\.extraheader' && git config --local --unset-all 'http.https://github.com/.extraheader' || :"
tp01-vibe-upstream-monitor	Post Checkout repository	2026-10-08T12:29:08.8416282Z [command]/usr/bin/git config --local --name-only --get-regexp ^includeIf\.gitdir:
tp01-vibe-upstream-monitor	Post Checkout repository	2026-10-08T12:29:08.8520335Z [command]/usr/bin/git submodule foreach --recursive git config --local --show-origin --name-only --get-regexp remote.origin.url
tp01-vibe-upstream-monitor	Complete job	﻿2026-10-08T12:29:08.9181048Z Cleaning up orphan processes
tp01-vibe-upstream-monitor	Complete job	2026-10-08T12:29:08.9479798Z ##[warning]Node.js 20 is deprecated. The following actions target Node.js 20 but are being forced to run on Node.js 24: actions/checkout@v4, actions/setup-node@v4, actions/upload-artifact@v4. For more information see: https://github.blog/changelog/2025-09-19-deprecation-of-node-20-on-github-actions-runners/
