node:assert:152
  throw new AssertionError(obj);
  ^

AssertionError [ERR_ASSERTION]: Expected values to be strictly equal:
+ actual - expected

+ 'sha256:cf49cd21fbaf40f4ebbb27e2f37d3175e53825613741122899702322ca86a465'
- 'cf49cd21fbaf40f4ebbb27e2f37d3175e53825613741122899702322ca86a465'

    at Object.<anonymous> (/private/tmp/quantos-tp01-remote-verify-840.cjs:22:365)
    at Module._compile (node:internal/modules/cjs/loader:1761:14)
    at Object..js (node:internal/modules/cjs/loader:1893:10)
    at Module.load (node:internal/modules/cjs/loader:1481:32)
    at Module._load (node:internal/modules/cjs/loader:1300:12)
    at TracingChannel.traceSync (node:diagnostics_channel:328:14)
    at wrapModuleLoad (node:internal/modules/cjs/loader:245:24)
    at Module.executeUserEntryPoint [as runMain] (node:internal/modules/run_main:154:5)
    at node:internal/main/run_main_module:33:47 {
  generatedMessage: true,
  code: 'ERR_ASSERTION',
  actual: 'sha256:cf49cd21fbaf40f4ebbb27e2f37d3175e53825613741122899702322ca86a465',
  expected: 'cf49cd21fbaf40f4ebbb27e2f37d3175e53825613741122899702322ca86a465',
  operator: 'strictEqual',
  diff: 'simple'
}

Node.js v24.12.0
