
> @sumalpha/quantos@ coverage:critical /private/var/folders/k8/_4hymb6j59s0c8xntb11ktmc0000gn/T/quantos-pre06-remediation-oh2gw7ow
> vitest run --config vitest.critical.config.ts --coverage


 RUN  v4.1.11 /private/var/folders/k8/_4hymb6j59s0c8xntb11ktmc0000gn/T/quantos-pre06-remediation-oh2gw7ow
      Coverage enabled with v8


 Test Files  18 passed (18)
      Tests  106 passed (106)
   Start at  22:30:01
   Duration  532ms (transform 1.29s, setup 0ms, import 2.72s, tests 205ms, environment 200ms)

 % Coverage report from v8
-------------------|---------|----------|---------|---------|-------------------
File               | % Stmts | % Branch | % Funcs | % Lines | Uncovered Line #s 
-------------------|---------|----------|---------|---------|-------------------
All files          |   99.21 |       99 |     100 |     100 |                   
 ...rConfirmDialog |   66.66 |       80 |     100 |     100 |                   
  ...ion-policy.ts |   66.66 |       80 |     100 |     100 | 3                 
-------------------|---------|----------|---------|---------|-------------------

=============================== Coverage summary ===============================
Statements   : 99.21% ( 127/128 )
Branches     : 99% ( 99/100 )
Functions    : 100% ( 27/27 )
Lines        : 100% ( 112/112 )
================================================================================
 ELIFECYCLE  Command failed with exit code 1.
ERROR: Coverage for statements (66.66%) does not meet global threshold (100%) for packages/ui/src/components/DangerConfirmDialog/confirmation-policy.ts
ERROR: Coverage for branches (80%) does not meet global threshold (100%) for packages/ui/src/components/DangerConfirmDialog/confirmation-policy.ts
