
> @sumalpha/quantos@ test:pre06 /private/var/folders/k8/_4hymb6j59s0c8xntb11ktmc0000gn/T/quantos-pre06-remediation-oh2gw7ow
> node --test scripts/pre06-gate-negative.mjs scripts/pre06-runtime-negative.mjs

✔ current PRE-06 Web baseline passes (23.431375ms)
✔ website browser Gate deletion is rejected (9.316709ms)
✔ Desktop coupling in phase-one compatibility is rejected (7.158833ms)
✔ Desktop deep-link inclusion in phase-one Terminal is rejected (6.277625ms)
✔ generated operation coverage drift is rejected (6.292334ms)
✔ visual baseline integrity failure is rejected (5.174209ms)
✔ performance budget weakening is rejected (5.321708ms)
✔ disabled CI steps and comment-only commands are rejected (15.308125ms)
✔ contract assertion deletion and visual comparison deletion fail closed (9.582375ms)
✔ website performance and critical coverage gates cannot be removed (9.460583ms)
✔ CI retry policy must reject flaky outcomes and archive failure evidence (8.359083ms)
✔ comments cannot restore weakened budget or critical coverage policy (12.547625ms)
✔ unknown and corrupted fixtures are rejected, explicit sabotage fixtures remain expected failures (28.664125ms)
✔ empty assets and empty route manifest are never a zero-sized performance PASS (28.7555ms)
✔ actual CI configs return nonzero for first-fail-then-pass policy probe (3179.205333ms)
ℹ tests 15
ℹ suites 0
ℹ pass 15
ℹ fail 0
ℹ cancelled 0
ℹ skipped 0
ℹ todo 0
ℹ duration_ms 3286.105542
