
> @sumalpha/quantos@ coverage:web /private/var/folders/k8/_4hymb6j59s0c8xntb11ktmc0000gn/T/quantos-pre06-remediation-oh2gw7ow
> vitest run --config vitest.coverage.config.ts --coverage && pnpm coverage:critical


[1m[30m[46m RUN [49m[39m[22m [36mv4.1.11 [39m[90m/private/var/folders/k8/_4hymb6j59s0c8xntb11ktmc0000gn/T/quantos-pre06-remediation-oh2gw7ow[39m
      [2mCoverage enabled with [22m[33mv8[39m

 [32m✓[39m packages/domain-ui/tests/ui101.test.ts [2m([22m[2m13 tests[22m[2m)[22m[32m 5[2mms[22m[39m
 [32m✓[39m apps/terminal/tests/auth-bff.test.ts [2m([22m[2m4 tests[22m[2m)[22m[32m 14[2mms[22m[39m
 [32m✓[39m apps/terminal/tests/auth-poc.test.ts [2m([22m[2m14 tests[22m[2m)[22m[32m 19[2mms[22m[39m
 [32m✓[39m packages/api-client/tests/sse-poc.test.ts [2m([22m[2m7 tests[22m[2m)[22m[32m 36[2mms[22m[39m
 [32m✓[39m packages/api-client/tests/api-client.test.ts [2m([22m[2m5 tests[22m[2m)[22m[32m 18[2mms[22m[39m
 [32m✓[39m packages/api-client/tests/proto-metadata.test.ts [2m([22m[2m34 tests[22m[2m)[22m[32m 20[2mms[22m[39m
 [32m✓[39m apps/terminal/tests/audit-gateway.test.ts [2m([22m[2m5 tests[22m[2m)[22m[32m 16[2mms[22m[39m
 [32m✓[39m apps/terminal/tests/ui104-settings.test.ts [2m([22m[2m8 tests[22m[2m)[22m[32m 21[2mms[22m[39m
 [32m✓[39m tests/contract/contract.test.ts [2m([22m[2m17 tests[22m[2m)[22m[32m 73[2mms[22m[39m
 [32m✓[39m apps/website/tests/website-compliance.test.ts [2m([22m[2m6 tests[22m[2m)[22m[32m 5[2mms[22m[39m
 [32m✓[39m apps/terminal/tests/deep-link-auth.test.ts [2m([22m[2m3 tests[22m[2m)[22m[32m 2[2mms[22m[39m
 [32m✓[39m apps/terminal/tests/ui101-runtime.test.ts [2m([22m[2m4 tests[22m[2m)[22m[32m 4[2mms[22m[39m
 [32m✓[39m packages/ui/tests/ui103.test.tsx [2m([22m[2m6 tests[22m[2m)[22m[32m 8[2mms[22m[39m
 [32m✓[39m apps/terminal/tests/x06-scenarios.test.ts [2m([22m[2m8 tests[22m[2m)[22m[32m 6[2mms[22m[39m
 [32m✓[39m packages/ui/tests/state-badge.test.tsx [2m([22m[2m11 tests[22m[2m)[22m[32m 24[2mms[22m[39m
 [32m✓[39m apps/terminal/tests/l03-scenarios.test.ts [2m([22m[2m6 tests[22m[2m)[22m[32m 4[2mms[22m[39m
 [32m✓[39m apps/terminal/tests/s04-scenarios.test.ts [2m([22m[2m6 tests[22m[2m)[22m[32m 18[2mms[22m[39m
 [32m✓[39m apps/terminal/tests/u01-scenarios.test.ts [2m([22m[2m9 tests[22m[2m)[22m[32m 10[2mms[22m[39m
 [32m✓[39m packages/domain-ui/tests/indicators.test.tsx [2m([22m[2m5 tests[22m[2m)[22m[32m 9[2mms[22m[39m
 [32m✓[39m packages/platform/tests/platform.test.ts [2m([22m[2m2 tests[22m[2m)[22m[32m 2[2mms[22m[39m
 [32m✓[39m packages/config/tests/config.test.ts [2m([22m[2m26 tests[22m[2m)[22m[33m 379[2mms[22m[39m
 [32m✓[39m apps/website/tests/website.test.ts [2m([22m[2m1 test[22m[2m)[22m[32m 2[2mms[22m[39m
 [32m✓[39m packages/domain-ui/tests/domain-ui.test.ts [2m([22m[2m1 test[22m[2m)[22m[32m 1[2mms[22m[39m
 [32m✓[39m packages/ui/tests/ui.test.ts [2m([22m[2m1 test[22m[2m)[22m[32m 2[2mms[22m[39m
 [32m✓[39m apps/terminal/tests/terminal.test.ts [2m([22m[2m1 test[22m[2m)[22m[32m 2[2mms[22m[39m
 [32m✓[39m packages/ui/tests/pre03-component.test.tsx [2m([22m[2m1 test[22m[2m)[22m[32m 36[2mms[22m[39m

[2m Test Files [22m [1m[32m26 passed[39m[22m[90m (26)[39m
[2m      Tests [22m [1m[32m204 passed[39m[22m[90m (204)[39m
[2m   Start at [22m 22:26:07
[2m   Duration [22m 831ms[2m (transform 1.43s, setup 0ms, import 3.41s, tests 736ms, environment 197ms)[22m

[34m % [39m[2mCoverage report from [22m[33mv8[39m
-------------------|---------|----------|---------|---------|-------------------
File               | % Stmts | % Branch | % Funcs | % Lines | Uncovered Line #s 
-------------------|---------|----------|---------|---------|-------------------
All files          |   81.53 |    79.57 |   68.59 |   81.27 |                   
 apps/terminal/src |   85.71 |      100 |      75 |   85.71 |                   
  app.ts           |      80 |      100 |   66.66 |      80 | 44                
  index.ts         |     100 |      100 |     100 |     100 |                   
 ...inal/src/audit |     100 |      100 |     100 |     100 |                   
  gateway.ts       |     100 |      100 |     100 |     100 |                   
 ...minal/src/auth |     100 |    98.14 |     100 |     100 |                   
  bff.ts           |     100 |    88.88 |     100 |     100 | 32                
  deep-link.ts     |     100 |      100 |     100 |     100 |                   
  flow.ts          |     100 |      100 |     100 |     100 |                   
  pkce.ts          |     100 |      100 |     100 |     100 |                   
 ...al/src/command |     100 |    73.33 |     100 |     100 |                   
  fixture.ts       |     100 |      100 |     100 |     100 |                   
  model.ts         |       0 |        0 |       0 |       0 |                   
  runtime.ts       |     100 |    73.33 |     100 |     100 | 41-51             
 ...l/src/settings |   86.04 |    58.13 |   92.85 |   86.11 |                   
  c17.ts           |   57.14 |    45.45 |   83.33 |   58.33 | 65-69             
  fixture.ts       |     100 |      100 |     100 |     100 |                   
  gateway.ts       |     100 |      100 |     100 |     100 |                   
 apps/website/src  |     100 |      100 |     100 |     100 |                   
  index.ts         |     100 |      100 |     100 |     100 |                   
 ...api-client/src |   85.07 |       70 |      87 |   86.02 |                   
  bff.ts           |     100 |      100 |     100 |     100 |                   
  execution.ts     |   77.94 |    63.41 |   73.68 |   79.68 | ...71,383,391-392 
  index.ts         |     100 |      100 |     100 |     100 |                   
  ops.ts           |   89.09 |    68.18 |     100 |   88.67 | ...70,196,209,234 
  ...validation.ts |   97.14 |    96.42 |     100 |     100 | 44                
  sse.ts           |   93.22 |    85.71 |     100 |   98.07 | 132               
  strategy.ts      |   83.16 |    57.14 |   90.47 |   82.82 | ...75-279,305,329 
  terminal.ts      |   75.36 |       50 |   77.77 |   76.19 | ...46-250,266,290 
 ...nt/src/bff-gen |   45.31 |      100 |      25 |   45.21 |                   
  quantos-bff.ts   |       0 |        0 |       0 |       0 |                   
  ...os-bff.zod.ts |   45.31 |      100 |      25 |   45.21 | ...25-428,432-451 
 ...ges/config/src |   85.82 |    91.66 |   81.25 |   85.36 |                   
  env-file.ts      |   44.44 |      100 |      50 |   44.44 | 26-36             
  env.ts           |   88.61 |    91.66 |   85.71 |   88.39 | ...21,234-237,253 
  index.ts         |     100 |      100 |     100 |     100 |                   
 .../domain-ui/src |    91.7 |    78.26 |    98.7 |    91.2 |                   
  execution.ts     |      95 |       75 |     100 |      95 | 88                
  index.ts         |     100 |      100 |     100 |     100 |                   
  ops.ts           |     100 |    88.88 |     100 |     100 | 105               
  pages.ts         |   83.33 |       75 |     100 |   83.33 | 40,43             
  research.ts      |   86.79 |    68.42 |     100 |      86 | ...,67,82,183,189 
  shell.ts         |   83.33 |    83.33 |      80 |   81.81 | 337,356           
  strategy.ts      |   89.47 |    81.25 |     100 |   88.57 | 95,98,100,103     
  ui101.ts         |     100 |      100 |     100 |     100 |                   
 ...s/platform/src |      75 |      100 |      75 |      75 |                   
  adapter.ts       |   66.66 |      100 |   66.66 |   66.66 | 47-48             
  index.ts         |     100 |      100 |     100 |     100 |                   
 packages/ui/src   |     100 |      100 |     100 |     100 |                   
  index.ts         |     100 |      100 |     100 |     100 |                   
 ...rConfirmDialog |     100 |      100 |     100 |     100 |                   
  ...ion-policy.ts |     100 |      100 |     100 |     100 |                   
 .../ui/src/tokens |     100 |      100 |     100 |     100 |                   
  index.ts         |     100 |      100 |     100 |     100 |                   
-------------------|---------|----------|---------|---------|-------------------

> @sumalpha/quantos@ coverage:critical /private/var/folders/k8/_4hymb6j59s0c8xntb11ktmc0000gn/T/quantos-pre06-remediation-oh2gw7ow
> vitest run --config vitest.critical.config.ts --coverage


[1m[30m[46m RUN [49m[39m[22m [36mv4.1.11 [39m[90m/private/var/folders/k8/_4hymb6j59s0c8xntb11ktmc0000gn/T/quantos-pre06-remediation-oh2gw7ow[39m
      [2mCoverage enabled with [22m[33mv8[39m

 [32m✓[39m packages/domain-ui/tests/ui101.test.ts [2m([22m[2m13 tests[22m[2m)[22m[32m 4[2mms[22m[39m
 [32m✓[39m apps/terminal/tests/auth-bff.test.ts [2m([22m[2m4 tests[22m[2m)[22m[32m 14[2mms[22m[39m
 [32m✓[39m apps/terminal/tests/auth-poc.test.ts [2m([22m[2m14 tests[22m[2m)[22m[32m 21[2mms[22m[39m
 [32m✓[39m apps/terminal/tests/deep-link-auth.test.ts [2m([22m[2m3 tests[22m[2m)[22m[32m 3[2mms[22m[39m
 [32m✓[39m apps/terminal/tests/ui101-runtime.test.ts [2m([22m[2m4 tests[22m[2m)[22m[32m 4[2mms[22m[39m
 [32m✓[39m packages/domain-ui/tests/indicators.test.tsx [2m([22m[2m5 tests[22m[2m)[22m[32m 11[2mms[22m[39m
 [32m✓[39m apps/terminal/tests/audit-gateway.test.ts [2m([22m[2m5 tests[22m[2m)[22m[32m 18[2mms[22m[39m
 [32m✓[39m packages/ui/tests/state-badge.test.tsx [2m([22m[2m11 tests[22m[2m)[22m[32m 25[2mms[22m[39m
 [32m✓[39m packages/ui/tests/ui.test.ts [2m([22m[2m1 test[22m[2m)[22m[32m 2[2mms[22m[39m
 [32m✓[39m packages/ui/tests/ui103.test.tsx [2m([22m[2m6 tests[22m[2m)[22m[32m 12[2mms[22m[39m
 [32m✓[39m apps/terminal/tests/ui104-settings.test.ts [2m([22m[2m8 tests[22m[2m)[22m[32m 27[2mms[22m[39m
 [32m✓[39m apps/terminal/tests/l03-scenarios.test.ts [2m([22m[2m6 tests[22m[2m)[22m[32m 4[2mms[22m[39m
 [32m✓[39m apps/terminal/tests/u01-scenarios.test.ts [2m([22m[2m9 tests[22m[2m)[22m[32m 5[2mms[22m[39m
 [32m✓[39m apps/terminal/tests/x06-scenarios.test.ts [2m([22m[2m8 tests[22m[2m)[22m[32m 6[2mms[22m[39m
 [32m✓[39m apps/terminal/tests/s04-scenarios.test.ts [2m([22m[2m6 tests[22m[2m)[22m[32m 10[2mms[22m[39m
 [32m✓[39m packages/domain-ui/tests/domain-ui.test.ts [2m([22m[2m1 test[22m[2m)[22m[32m 2[2mms[22m[39m
 [32m✓[39m apps/terminal/tests/terminal.test.ts [2m([22m[2m1 test[22m[2m)[22m[32m 2[2mms[22m[39m
 [32m✓[39m packages/ui/tests/pre03-component.test.tsx [2m([22m[2m1 test[22m[2m)[22m[32m 40[2mms[22m[39m

[2m Test Files [22m [1m[32m18 passed[39m[22m[90m (18)[39m
[2m      Tests [22m [1m[32m106 passed[39m[22m[90m (106)[39m
[2m   Start at [22m 22:26:09
[2m   Duration [22m 540ms[2m (transform 1.37s, setup 0ms, import 2.86s, tests 206ms, environment 196ms)[22m

[34m % [39m[2mCoverage report from [22m[33mv8[39m
-------------------|---------|----------|---------|---------|-------------------
File               | % Stmts | % Branch | % Funcs | % Lines | Uncovered Line #s 
-------------------|---------|----------|---------|---------|-------------------
All files          |     100 |      100 |     100 |     100 |                   
 ...inal/src/audit |     100 |      100 |     100 |     100 |                   
  gateway.ts       |     100 |      100 |     100 |     100 |                   
 ...minal/src/auth |     100 |      100 |     100 |     100 |                   
  flow.ts          |     100 |      100 |     100 |     100 |                   
 .../domain-ui/src |     100 |      100 |     100 |     100 |                   
  indicators.tsx   |     100 |      100 |     100 |     100 |                   
  ui101.ts         |     100 |      100 |     100 |     100 |                   
 ...rConfirmDialog |     100 |      100 |     100 |     100 |                   
  ...ion-policy.ts |     100 |      100 |     100 |     100 |                   
-------------------|---------|----------|---------|---------|-------------------
