{"probe":"actual UDS Chinese query canonical response hash","response_hash":"sha256:d71378f248d8125e9bc28633e62beb083d258028d790109a4ee205acb4521ce6","actual":"sha256:c66c5c56fc919fe6f19027681476b1f983b49d32f72d886d553b4ea230e2ef9b"}
node:internal/modules/run_main:107
    triggerUncaughtException(
    ^

AssertionError [ERR_ASSERTION]: Expected values to be strictly equal:
+ actual - expected

+ 'sha256:d71378f248d8125e9bc28633e62beb083d258028d790109a4ee205acb4521ce6'
- 'sha256:c66c5c56fc919fe6f19027681476b1f983b49d32f72d886d553b4ea230e2ef9b'

    at file:///Users/anray/Documents/project/SumAlpha/QuantOS/[eval1]:2:461
    at ModuleJob.run (node:internal/modules/esm/module_job:413:25)
    at process.processTicksAndRejections (node:internal/process/task_queues:103:5)
    at async onImport.tracePromise.__proto__ (node:internal/modules/esm/loader:268:26)
    at async ModuleLoader.executeModuleJob (node:internal/modules/esm/loader:265:20)
    at async asyncRunEntryPointWithESMLoader (node:internal/modules/run_main:101:5) {
  generatedMessage: true,
  code: 'ERR_ASSERTION',
  actual: 'sha256:d71378f248d8125e9bc28633e62beb083d258028d790109a4ee205acb4521ce6',
  expected: 'sha256:c66c5c56fc919fe6f19027681476b1f983b49d32f72d886d553b4ea230e2ef9b',
  operator: 'strictEqual',
  diff: 'simple'
}

Node.js v24.12.0
