third_party/qlib/upstream-evidence/qlib/workflow/recorder.py:88:35: F541 [*] f-string without any placeholders
   |
86 |             the relative path for the artifact to be stored in the URI.
87 |         """
88 |         raise NotImplementedError(f"Please implement the `save_objects` method.")
   |                                   ^^^^^^^^^^^^^^^^^^^^^^^^^^^^^^^^^^^^^^^^^^^^^^ F541
89 |
90 |     def load_object(self, name):
   |
   = help: Remove extraneous `f` prefix

third_party/qlib/upstream-evidence/qlib/workflow/recorder.py:103:35: F541 [*] f-string without any placeholders
    |
101 |         The saved object.
102 |         """
103 |         raise NotImplementedError(f"Please implement the `load_object` method.")
    |                                   ^^^^^^^^^^^^^^^^^^^^^^^^^^^^^^^^^^^^^^^^^^^^^ F541
104 |
105 |     def start_run(self):
    |
    = help: Remove extraneous `f` prefix

third_party/qlib/upstream-evidence/qlib/workflow/recorder.py:114:35: F541 [*] f-string without any placeholders
    |
112 |         An active running object (e.g. mlflow.ActiveRun object).
113 |         """
114 |         raise NotImplementedError(f"Please implement the `start_run` method.")
    |                                   ^^^^^^^^^^^^^^^^^^^^^^^^^^^^^^^^^^^^^^^^^^^ F541
115 |
116 |     def end_run(self):
    |
    = help: Remove extraneous `f` prefix

third_party/qlib/upstream-evidence/qlib/workflow/recorder.py:120:35: F541 [*] f-string without any placeholders
    |
118 |         End an active Recorder.
119 |         """
120 |         raise NotImplementedError(f"Please implement the `end_run` method.")
    |                                   ^^^^^^^^^^^^^^^^^^^^^^^^^^^^^^^^^^^^^^^^^ F541
121 |
122 |     def log_params(self, **kwargs):
    |
    = help: Remove extraneous `f` prefix

third_party/qlib/upstream-evidence/qlib/workflow/recorder.py:131:35: F541 [*] f-string without any placeholders
    |
129 |             key, value pair to be logged as parameters.
130 |         """
131 |         raise NotImplementedError(f"Please implement the `log_params` method.")
    |                                   ^^^^^^^^^^^^^^^^^^^^^^^^^^^^^^^^^^^^^^^^^^^^ F541
132 |
133 |     def log_metrics(self, step=None, **kwargs):
    |
    = help: Remove extraneous `f` prefix

third_party/qlib/upstream-evidence/qlib/workflow/recorder.py:142:35: F541 [*] f-string without any placeholders
    |
140 |             key, value pair to be logged as metrics.
141 |         """
142 |         raise NotImplementedError(f"Please implement the `log_metrics` method.")
    |                                   ^^^^^^^^^^^^^^^^^^^^^^^^^^^^^^^^^^^^^^^^^^^^^ F541
143 |
144 |     def log_artifact(self, local_path: str, artifact_path: Optional[str] = None):
    |
    = help: Remove extraneous `f` prefix

third_party/qlib/upstream-evidence/qlib/workflow/recorder.py:155:35: F541 [*] f-string without any placeholders
    |
153 |             If provided, the directory in ``artifact_uri`` to write to.
154 |         """
155 |         raise NotImplementedError(f"Please implement the `log_metrics` method.")
    |                                   ^^^^^^^^^^^^^^^^^^^^^^^^^^^^^^^^^^^^^^^^^^^^^ F541
156 |
157 |     def set_tags(self, **kwargs):
    |
    = help: Remove extraneous `f` prefix

third_party/qlib/upstream-evidence/qlib/workflow/recorder.py:166:35: F541 [*] f-string without any placeholders
    |
164 |             key, value pair to be logged as tags.
165 |         """
166 |         raise NotImplementedError(f"Please implement the `set_tags` method.")
    |                                   ^^^^^^^^^^^^^^^^^^^^^^^^^^^^^^^^^^^^^^^^^^ F541
167 |
168 |     def delete_tags(self, *keys):
    |
    = help: Remove extraneous `f` prefix

third_party/qlib/upstream-evidence/qlib/workflow/recorder.py:177:35: F541 [*] f-string without any placeholders
    |
175 |             all the name of the tag to be deleted.
176 |         """
177 |         raise NotImplementedError(f"Please implement the `delete_tags` method.")
    |                                   ^^^^^^^^^^^^^^^^^^^^^^^^^^^^^^^^^^^^^^^^^^^^^ F541
178 |
179 |     def list_artifacts(self, artifact_path: str = None):
    |
    = help: Remove extraneous `f` prefix

third_party/qlib/upstream-evidence/qlib/workflow/recorder.py:192:35: F541 [*] f-string without any placeholders
    |
190 |         A list of artifacts information (name, path, etc.) that being stored.
191 |         """
192 |         raise NotImplementedError(f"Please implement the `list_artifacts` method.")
    |                                   ^^^^^^^^^^^^^^^^^^^^^^^^^^^^^^^^^^^^^^^^^^^^^^^^ F541
193 |
194 |     def download_artifact(self, path: str, dst_path: Optional[str] = None) -> str:
    |
    = help: Remove extraneous `f` prefix

third_party/qlib/upstream-evidence/qlib/workflow/recorder.py:214:35: F541 [*] f-string without any placeholders
    |
212 |             Local path of desired artifact.
213 |         """
214 |         raise NotImplementedError(f"Please implement the `list_artifacts` method.")
    |                                   ^^^^^^^^^^^^^^^^^^^^^^^^^^^^^^^^^^^^^^^^^^^^^^^^ F541
215 |
216 |     def list_metrics(self):
    |
    = help: Remove extraneous `f` prefix

third_party/qlib/upstream-evidence/qlib/workflow/recorder.py:224:35: F541 [*] f-string without any placeholders
    |
222 |         A dictionary of metrics that being stored.
223 |         """
224 |         raise NotImplementedError(f"Please implement the `list_metrics` method.")
    |                                   ^^^^^^^^^^^^^^^^^^^^^^^^^^^^^^^^^^^^^^^^^^^^^^ F541
225 |
226 |     def list_params(self):
    |
    = help: Remove extraneous `f` prefix

third_party/qlib/upstream-evidence/qlib/workflow/recorder.py:234:35: F541 [*] f-string without any placeholders
    |
232 |         A dictionary of params that being stored.
233 |         """
234 |         raise NotImplementedError(f"Please implement the `list_params` method.")
    |                                   ^^^^^^^^^^^^^^^^^^^^^^^^^^^^^^^^^^^^^^^^^^^^^ F541
235 |
236 |     def list_tags(self):
    |
    = help: Remove extraneous `f` prefix

third_party/qlib/upstream-evidence/qlib/workflow/recorder.py:244:35: F541 [*] f-string without any placeholders
    |
242 |         A dictionary of tags that being stored.
243 |         """
244 |         raise NotImplementedError(f"Please implement the `list_tags` method.")
    |                                   ^^^^^^^^^^^^^^^^^^^^^^^^^^^^^^^^^^^^^^^^^^^ F541
    |
    = help: Remove extraneous `f` prefix

third_party/qlib/upstream-evidence/setup.py:1:8: F401 [*] `os` imported but unused
  |
1 | import os
  |        ^^ F401
2 |
3 | import numpy
  |
  = help: Remove unused import: `os`

Found 15 errors.
[*] 15 fixable with the `--fix` option.
