   Compiling quantos-observability v0.1.0 (/Users/anray/Documents/project/SumAlpha/QuantOS/crates/quantos-observability)
   Compiling capacity-monitor v0.1.0 (/Users/anray/Documents/project/SumAlpha/QuantOS/services/capacity-monitor)
    Finished `dev` profile [unoptimized + debuginfo] target(s) in 2.81s
   Compiling portfolio-rebuild v0.1.0 (/Users/anray/Documents/project/SumAlpha/QuantOS/services/portfolio-rebuild)
    Finished `dev` profile [unoptimized + debuginfo] target(s) in 1.61s
F09 scheduler smoke PASS: 2 real Supabase missing-coverage ticks
QUANTOS_RUN_F09_POSTGRES_TESTS=1 cargo test -p quantos-observability --test postgres_capacity_monitor --locked -- --test-threads=1 --skip restricted_runtime_role_records_only_real_storage_outcomes --nocapture

running 3 tests
test fault_proxy_retries_real_postgres_event_and_consumer_chain ... ok
test live_database_session_termination_preserves_ordered_event_chain ... ok
test live_metrics_drive_restart_safe_windows_persist_alerts_and_build_adr_evidence ... ok

test result: ok. 3 passed; 0 failed; 0 ignored; 0 measured; 1 filtered out; finished in 282.37s

   Compiling quantos-observability v0.1.0 (/Users/anray/Documents/project/SumAlpha/QuantOS/crates/quantos-observability)
    Finished `test` profile [unoptimized + debuginfo] target(s) in 3.43s
     Running tests/postgres_capacity_monitor.rs (target/debug/deps/postgres_capacity_monitor-9574dfcf6ab1c033)
F09 database termination recovered; correlation=01a10b5a-d133-7c72-bf36-a04950667a62; ordered_events=2
F09 capacity continuity tick 0/17
F09 capacity continuity tick 3/17
F09 capacity continuity tick 6/17
F09 capacity continuity tick 9/17
F09 capacity continuity tick 12/17
F09 capacity continuity tick 15/17

running 1 test
test f09_portfolio_and_risk_queries_persist_actual_latency_samples ... ok

test result: ok. 1 passed; 0 failed; 0 ignored; 0 measured; 1 filtered out; finished in 12.99s

    Finished `test` profile [unoptimized + debuginfo] target(s) in 0.08s
     Running tests/postgres_portfolio.rs (target/debug/deps/postgres_portfolio-6f684ef8228c8a8c)

running 1 test
test live::f09_live_tests::real_logout_db_write_matches_persistent_trace ... F09 BFF real session revoke and persistent trace share correlation_id=01a10b5f-2316-7aa1-9f77-49c5eab6541a
ok

test result: ok. 1 passed; 0 failed; 0 ignored; 0 measured; 6 filtered out; finished in 10.10s

   Compiling bff-gateway v0.1.0 (/Users/anray/Documents/project/SumAlpha/QuantOS/services/bff-gateway)
    Finished `test` profile [unoptimized + debuginfo] target(s) in 1.75s
     Running unittests src/lib.rs (target/debug/deps/bff_gateway-68c4eb783de3751f)

running 1 test
test live::tests::f09_runtime_real_write_trace ... FAILED

failures:

failures:
    live::tests::f09_runtime_real_write_trace

test result: FAILED. 0 passed; 1 failed; 0 ignored; 0 measured; 7 filtered out; finished in 1.33s

   Compiling runtime-gateway v0.1.0 (/Users/anray/Documents/project/SumAlpha/QuantOS/services/runtime-gateway)
    Finished `test` profile [unoptimized + debuginfo] target(s) in 2.33s
     Running unittests src/main.rs (target/debug/deps/runtime_gateway-1b2dfe6edba358ee)

thread 'live::tests::f09_runtime_real_write_trace' (1368718) panicked at services/runtime-gateway/src/live_tests.rs:306:46:
admin connects: Error { kind: Tls, cause: Some(ConnectError { error: Error { code: ErrorCode(1), cause: Some(Ssl(ErrorStack([Error { code: 167772294, library: "SSL routines", function: "tls_post_process_server_certificate", reason: "certificate verify failed", file: "ssl/statem/statem_clnt.c", line: 2107 }]))) }, verify_result: X509VerifyResult { code: 19, error: "self-signed certificate in certificate chain" } }) }
note: run with `RUST_BACKTRACE=1` environment variable to display a backtrace
error: test failed, to rerun pass `-p runtime-gateway --bin runtime-gateway`
cargo test -p runtime-gateway --bin runtime-gateway f09_runtime_real_write_trace --locked -- --nocapture failed with 101
