
> @sumalpha/quantos@ test:pre01 /Users/anray/Documents/project/SumAlpha/QuantOS
> node --test ./scripts/tests/check-pre01.test.mjs

✔ current PRE-01 artifacts satisfy the executable contract (5.371459ms)
✔ missing a page state fails closed (1.848083ms)
✔ invalid story priority fails closed (0.526541ms)
✔ missing traceability row fails closed (1.360083ms)
✔ published operation cannot regress to planned fails closed (1.784625ms)
✔ unknown role fails closed (0.513708ms)
✔ unknown route fails closed (0.501125ms)
✔ duplicate story fails closed (0.618542ms)
✔ missing flow stories fails closed (0.694041ms)
✔ missing flow scenarios fails closed (1.262458ms)
✔ unsafe proposal criterion fails closed (1.224ms)
✔ unknown trace task fails closed (1.354333ms)
✔ unauthorized admin grant fails closed (0.912208ms)
✔ missing permission route fails closed (0.965333ms)
✔ phase-one P16 fails closed (0.117375ms)
✔ missing contract owner fails closed (1.175625ms)
✔ empty flow role fails closed (0.611666ms)
✔ empty flow route fails closed (0.637709ms)
✔ state label mismatch fails closed (0.860209ms)
✔ desktop-only story fails closed (0.471333ms)
✔ persistent offline cache fails closed (0.972792ms)
✔ admin domain permission fails closed (0.712ms)
✔ missing page story fails closed (0.474958ms)
✔ cross-page route fails closed (0.455208ms)
✔ current G0 governance preserves history without granting current acceptance (1.729667ms)
✔ past-due G0 item cannot silently remain OPEN (0.676084ms)
✔ fabricated G0 acceptance fails against current checkpoint (0.799625ms)
✔ missing G0 leftover owner fails (0.738083ms)
✔ P05 cannot bind metadata download to an untraced audit export operation (2.081125ms)
✔ P21 cannot drop alert ownership from both ledger and trace while retaining the subscription (2.218875ms)
✔ unknown unlabelled operation in API register is rejected (1.790875ms)
✔ P05 quality alerts require C16 ownership on the consumer page (1.595833ms)
✔ API register rejects current version 1.4.0 (1.425ms)
✔ API register rejects current version 99.99.0 (1.394125ms)
✔ published register row cannot omit API version (1.697208ms)
✔ published register row cannot omit generated mock version (1.620834ms)
✔ all ten historical compatibility strategies cannot be cleared (0.812583ms)
✔ current disposition cannot drop a historical parent (1.041ms)
✔ current disposition requires effective checkpoint deadline (0.811209ms)
✔ current disposition cannot claim target RELEASE completion (0.902458ms)
✔ current disposition requires nonempty compatibility strategy (0.774542ms)
✔ current disposition presentation must match structured source (0.773917ms)
✔ current deadline cannot defer DEVELOPMENT provider obligations to integration (1.123334ms)
ℹ tests 43
ℹ suites 0
ℹ pass 43
ℹ fail 0
ℹ cancelled 0
ℹ skipped 0
ℹ todo 0
ℹ duration_ms 149.662416
