TAP version 13
# Subtest: complete current evidence passes with all dependencies checked
ok 1 - complete current evidence passes with all dependencies checked
  ---
  duration_ms: 749.294958
  type: 'test'
  ...
# Subtest: own failure is rejected
ok 2 - own failure is rejected
  ---
  duration_ms: 669.41775
  type: 'test'
  ...
# Subtest: residual defect is rejected
ok 3 - residual defect is rejected
  ---
  duration_ms: 634.610792
  type: 'test'
  ...
# Subtest: stale code is rejected
ok 4 - stale code is rejected
  ---
  duration_ms: 623.40175
  type: 'test'
  ...
# Subtest: upstream not READY is rejected
ok 5 - upstream not READY is rejected
  ---
  duration_ms: 648.862542
  type: 'test'
  ...
# Subtest: upstream digest changed is rejected
ok 6 - upstream digest changed is rejected
  ---
  duration_ms: 648.27975
  type: 'test'
  ...
# Subtest: recursive upstream failure is rejected
ok 7 - recursive upstream failure is rejected
  ---
  duration_ms: 656.429792
  type: 'test'
  ...
# Subtest: evidence tampered is rejected
ok 8 - evidence tampered is rejected
  ---
  duration_ms: 665.902959
  type: 'test'
  ...
# Subtest: target assertion missing is rejected
ok 9 - target assertion missing is rejected
  ---
  duration_ms: 676.13525
  type: 'test'
  ...
# Subtest: cleanup unverified is rejected
ok 10 - cleanup unverified is rejected
  ---
  duration_ms: 716.122167
  type: 'test'
  ...
# Subtest: live policy mutant survives is rejected
ok 11 - live policy mutant survives is rejected
  ---
  duration_ms: 706.686292
  type: 'test'
  ...
# Subtest: live semantic test omitted is rejected
ok 12 - live semantic test omitted is rejected
  ---
  duration_ms: 727.276167
  type: 'test'
  ...
# Subtest: target source stale is rejected
ok 13 - target source stale is rejected
  ---
  duration_ms: 738.308708
  type: 'test'
  ...
# Subtest: audit trace absent is rejected
ok 14 - audit trace absent is rejected
  ---
  duration_ms: 704.450667
  type: 'test'
  ...
# Subtest: missing successful target getSession is rejected
ok 15 - missing successful target getSession is rejected
  ---
  duration_ms: 836.415667
  type: 'test'
  ...
# Subtest: missing successful target getContext is rejected
ok 16 - missing successful target getContext is rejected
  ---
  duration_ms: 837.894959
  type: 'test'
  ...
# Subtest: missing successful target reauth is rejected
ok 17 - missing successful target reauth is rejected
  ---
  duration_ms: 1054.045791
  type: 'test'
  ...
# Subtest: missing successful target mfaChallenge is rejected
ok 18 - missing successful target mfaChallenge is rejected
  ---
  duration_ms: 784.155542
  type: 'test'
  ...
# Subtest: missing successful target logout is rejected
ok 19 - missing successful target logout is rejected
  ---
  duration_ms: 707.801583
  type: 'test'
  ...
# Subtest: missing successful target submitAccessRequest is rejected
ok 20 - missing successful target submitAccessRequest is rejected
  ---
  duration_ms: 704.117
  type: 'test'
  ...
# Subtest: missing successful target getProfile is rejected
ok 21 - missing successful target getProfile is rejected
  ---
  duration_ms: 716.269666
  type: 'test'
  ...
# Subtest: missing successful target saveProfile is rejected
ok 22 - missing successful target saveProfile is rejected
  ---
  duration_ms: 691.777666
  type: 'test'
  ...
# Subtest: missing successful target getNotificationPrefs is rejected
ok 23 - missing successful target getNotificationPrefs is rejected
  ---
  duration_ms: 684.392083
  type: 'test'
  ...
# Subtest: missing successful target saveNotificationPrefs is rejected
ok 24 - missing successful target saveNotificationPrefs is rejected
  ---
  duration_ms: 738.265167
  type: 'test'
  ...
# Subtest: missing successful target getSecuritySettings is rejected
ok 25 - missing successful target getSecuritySettings is rejected
  ---
  duration_ms: 698.317292
  type: 'test'
  ...
# Subtest: missing successful target listSessions is rejected
ok 26 - missing successful target listSessions is rejected
  ---
  duration_ms: 690.487
  type: 'test'
  ...
# Subtest: missing successful target revokeSession is rejected
ok 27 - missing successful target revokeSession is rejected
  ---
  duration_ms: 715.338791
  type: 'test'
  ...
# Subtest: missing successful target subscribeSessionRevocations is rejected
ok 28 - missing successful target subscribeSessionRevocations is rejected
  ---
  duration_ms: 701.506167
  type: 'test'
  ...
# Subtest: missing successful target listDevices is rejected
ok 29 - missing successful target listDevices is rejected
  ---
  duration_ms: 692.316667
  type: 'test'
  ...
# Subtest: missing successful target revokeDevice is rejected
ok 30 - missing successful target revokeDevice is rejected
  ---
  duration_ms: 792.009084
  type: 'test'
  ...
# Subtest: missing successful target setupMfa is rejected
ok 31 - missing successful target setupMfa is rejected
  ---
  duration_ms: 780.153875
  type: 'test'
  ...
# Subtest: missing successful target revokeMfaFactor is rejected
ok 32 - missing successful target revokeMfaFactor is rejected
  ---
  duration_ms: 683.9045
  type: 'test'
  ...
# Subtest: missing successful target listDownloads is rejected
ok 33 - missing successful target listDownloads is rejected
  ---
  duration_ms: 676.455583
  type: 'test'
  ...
# Subtest: missing successful target getPlatformCapabilities is rejected
ok 34 - missing successful target getPlatformCapabilities is rejected
  ---
  duration_ms: 734.815833
  type: 'test'
  ...
# Subtest: all target status 401 is rejected
ok 35 - all target status 401 is rejected
  ---
  duration_ms: 766.117208
  type: 'test'
  ...
# Subtest: all target status 500 is rejected
ok 36 - all target status 500 is rejected
  ---
  duration_ms: 648.452709
  type: 'test'
  ...
# Subtest: missing SSE assertion is rejected
ok 37 - missing SSE assertion is rejected
  ---
  duration_ms: 664.663416
  type: 'test'
  ...
# Subtest: missing target commit is rejected
ok 38 - missing target commit is rejected
  ---
  duration_ms: 699.517292
  type: 'test'
  ...
# Subtest: malformed target commit is rejected
ok 39 - malformed target commit is rejected
  ---
  duration_ms: 797.459084
  type: 'test'
  ...
# Subtest: unknown target commit is rejected
ok 40 - unknown target commit is rejected
  ---
  duration_ms: 675.521834
  type: 'test'
  ...
# Subtest: contract issues missing is rejected
ok 41 - contract issues missing is rejected
  ---
  duration_ms: 675.039875
  type: 'test'
  ...
# Subtest: target source must match immutable execution commit
ok 42 - target source must match immutable execution commit
  ---
  duration_ms: 682.315958
  type: 'test'
  ...
1..42
# tests 42
# suites 0
# pass 42
# fail 0
# cancelled 0
# skipped 0
# todo 0
# duration_ms 30163.845917
