✖ joint schedule is acyclic and preserves task/status boundaries (11.989667ms)
✔ restoring a complete R1 prerequisite for S2 services creates a rejected cycle (5.020833ms)
✔ research service waiting on its consumer page is rejected (4.368958ms)
✔ historical CORE:R04 to CORE:L04 probe now fails closed (4.721208ms)
✔ an early identity API cannot silently depend on later research services (6.2325ms)
✔ a provider cannot wait for the consumer frontend Gate (4.437333ms)
✔ removing S2 service admission from a core execution task is rejected (4.611667ms)
✔ S2 service Gate cannot omit TP12 advance evaluation (4.892375ms)
✔ I10 cannot drop testnet service admission even if metadata is edited with it (5.503667ms)
✔ a new or existing frontend cannot skip the full provider Gate (5.252125ms)
✔ G5 cannot be marked as closing in I4 before reconciliation (5.30525ms)
✔ moving the G1 block above I1 tasks is rejected (4.909333ms)
✔ milestone cannot omit its last child while retaining a Gate summary (5.027959ms)
✔ prose-only backend dependencies cannot drift from structured prerequisites (5.026583ms)
✔ core closure mapping cannot become an implicit service alias (4.637209ms)
✔ ACCEPTED checkpoint needs SHA and evidence, not only a green word (5.1665ms)
✔ accepted checkpoint evidence must resolve (2.52725ms)
✔ missing checkpoint and unknown dependency fail closed (6.308ms)
✔ API windows cannot skip their preceding provider checkpoint (4.654792ms)
✔ UI windows cannot skip the preceding reconciliation window (4.588167ms)
✔ Web intake preserves the explicit no-model-review schema (1.333083ms)
✔ missing Web task fields still fail closed (1.367042ms)
✔ both plans must publish exactly the same stage contract (5.096542ms)
✔ changing both plans cannot defer correctness or functional deadlines to release (12.328917ms)
✔ both plans must retain every deferred release obligation (13.901167ms)
✔ tasks and checkpoints cannot omit, invent, or misclassify their stage gate (18.566375ms)
✔ release prerequisites cannot block either development or integration (11.55025ms)
✔ release gates cannot skip business closure or inherit the wrong stage (13.504459ms)
✖ historical ACCEPTED and completed tasks do not automatically become READY (6.768833ms)
✖ READY needs its own input digest and resolvable evidence (31.46175ms)
✔ unassessed stage gates cannot carry an apparent ready receipt (7.708375ms)
✖ BLOCKED retains failure evidence and digest without being counted as READY (7.113459ms)
✖ a READY chain needs READY prerequisites and its own evidence at every node (15.873917ms)
✔ stage readiness never substitutes for formal acceptance evidence (2.717208ms)
✔ release READY requires formal acceptance and all functional prerequisites (9.001ms)
✔ core intake follows the frontend audit-report format (5.990416ms)
✔ core review summary must be unique and link to audit evidence (8.801792ms)
✔ core shared task fields and existing window must stay consistent (16.356417ms)
ℹ tests 38
ℹ suites 0
ℹ pass 33
ℹ fail 5
ℹ cancelled 0
ℹ skipped 0
ℹ todo 0
ℹ duration_ms 333.861875

✖ failing tests:

test at scripts/development-plan-order-negative.mjs:52:1
✖ joint schedule is acyclic and preserves task/status boundaries (11.989667ms)
  AssertionError [ERR_ASSERTION]: docs/SumAlpha-QuantOS-Development-Plan.md: broken local link ./audit/R02-remediation-2026-10-07.md
      at validatePlans (file:///Users/anray/Documents/project/SumAlpha/QuantOS/scripts/check-development-plans.mjs:184:7)
      at check (file:///Users/anray/Documents/project/SumAlpha/QuantOS/scripts/development-plan-order-negative.mjs:50:43)
      at TestContext.<anonymous> (file:///Users/anray/Documents/project/SumAlpha/QuantOS/scripts/development-plan-order-negative.mjs:53:18)
      at Test.runInAsyncScope (node:async_hooks:214:14)
      at Test.run (node:internal/test_runner/test:1106:25)
      at Test.start (node:internal/test_runner/test:1003:17)
      at startSubtestAfterBootstrap (node:internal/test_runner/harness:358:17) {
    generatedMessage: false,
    code: 'ERR_ASSERTION',
    actual: false,
    expected: true,
    operator: '==',
    diff: 'simple'
  }

test at scripts/development-plan-order-negative.mjs:217:1
✖ historical ACCEPTED and completed tasks do not automatically become READY (6.768833ms)
  AssertionError [ERR_ASSERTION]: docs/SumAlpha-QuantOS-Development-Plan.md: broken local link ./audit/R02-remediation-2026-10-07.md
      at validatePlans (file:///Users/anray/Documents/project/SumAlpha/QuantOS/scripts/check-development-plans.mjs:184:7)
      at check (file:///Users/anray/Documents/project/SumAlpha/QuantOS/scripts/development-plan-order-negative.mjs:50:43)
      at TestContext.<anonymous> (file:///Users/anray/Documents/project/SumAlpha/QuantOS/scripts/development-plan-order-negative.mjs:218:18)
      at Test.runInAsyncScope (node:async_hooks:214:14)
      at Test.run (node:internal/test_runner/test:1106:25)
      at Test.processPendingSubtests (node:internal/test_runner/test:788:18)
      at Test.postRun (node:internal/test_runner/test:1235:19)
      at Test.run (node:internal/test_runner/test:1163:12)
      at async Test.processPendingSubtests (node:internal/test_runner/test:788:7) {
    generatedMessage: false,
    code: 'ERR_ASSERTION',
    actual: false,
    expected: true,
    operator: '==',
    diff: 'simple'
  }

test at scripts/development-plan-order-negative.mjs:226:1
✖ READY needs its own input digest and resolvable evidence (31.46175ms)
  AssertionError [ERR_ASSERTION]: docs/SumAlpha-QuantOS-Development-Plan.md: broken local link ./audit/R02-remediation-2026-10-07.md
      at validatePlans (file:///Users/anray/Documents/project/SumAlpha/QuantOS/scripts/check-development-plans.mjs:184:7)
      at check (file:///Users/anray/Documents/project/SumAlpha/QuantOS/scripts/development-plan-order-negative.mjs:50:43)
      at TestContext.<anonymous> (file:///Users/anray/Documents/project/SumAlpha/QuantOS/scripts/development-plan-order-negative.mjs:236:18)
      at Test.runInAsyncScope (node:async_hooks:214:14)
      at Test.run (node:internal/test_runner/test:1106:25)
      at Test.processPendingSubtests (node:internal/test_runner/test:788:18)
      at Test.postRun (node:internal/test_runner/test:1235:19)
      at Test.run (node:internal/test_runner/test:1163:12)
      at async Test.processPendingSubtests (node:internal/test_runner/test:788:7) {
    generatedMessage: false,
    code: 'ERR_ASSERTION',
    actual: false,
    expected: true,
    operator: '==',
    diff: 'simple'
  }

test at scripts/development-plan-order-negative.mjs:247:1
✖ BLOCKED retains failure evidence and digest without being counted as READY (7.113459ms)
  AssertionError [ERR_ASSERTION]: docs/SumAlpha-QuantOS-Development-Plan.md: broken local link ./audit/R02-remediation-2026-10-07.md
      at validatePlans (file:///Users/anray/Documents/project/SumAlpha/QuantOS/scripts/check-development-plans.mjs:184:7)
      at check (file:///Users/anray/Documents/project/SumAlpha/QuantOS/scripts/development-plan-order-negative.mjs:50:43)
      at TestContext.<anonymous> (file:///Users/anray/Documents/project/SumAlpha/QuantOS/scripts/development-plan-order-negative.mjs:249:18)
      at Test.runInAsyncScope (node:async_hooks:214:14)
      at Test.run (node:internal/test_runner/test:1106:25)
      at Test.processPendingSubtests (node:internal/test_runner/test:788:18)
      at Test.postRun (node:internal/test_runner/test:1235:19)
      at Test.run (node:internal/test_runner/test:1163:12)
      at async Test.processPendingSubtests (node:internal/test_runner/test:788:7) {
    generatedMessage: false,
    code: 'ERR_ASSERTION',
    actual: false,
    expected: true,
    operator: '==',
    diff: 'simple'
  }

test at scripts/development-plan-order-negative.mjs:255:1
✖ a READY chain needs READY prerequisites and its own evidence at every node (15.873917ms)
  AssertionError [ERR_ASSERTION]: docs/SumAlpha-QuantOS-Development-Plan.md: broken local link ./audit/R02-remediation-2026-10-07.md
      at validatePlans (file:///Users/anray/Documents/project/SumAlpha/QuantOS/scripts/check-development-plans.mjs:184:7)
      at check (file:///Users/anray/Documents/project/SumAlpha/QuantOS/scripts/development-plan-order-negative.mjs:50:43)
      at TestContext.<anonymous> (file:///Users/anray/Documents/project/SumAlpha/QuantOS/scripts/development-plan-order-negative.mjs:262:18)
      at Test.runInAsyncScope (node:async_hooks:214:14)
      at Test.run (node:internal/test_runner/test:1106:25)
      at Test.processPendingSubtests (node:internal/test_runner/test:788:18)
      at Test.postRun (node:internal/test_runner/test:1235:19)
      at Test.run (node:internal/test_runner/test:1163:12)
      at async Test.processPendingSubtests (node:internal/test_runner/test:788:7) {
    generatedMessage: false,
    code: 'ERR_ASSERTION',
    actual: false,
    expected: true,
    operator: '==',
    diff: 'simple'
  }
