✔ joint schedule is acyclic and preserves task/status boundaries (15.748083ms)
✔ restoring a complete R1 prerequisite for S2 services creates a rejected cycle (5.023375ms)
✔ research service waiting on its consumer page is rejected (4.415375ms)
✔ historical CORE:R04 to CORE:L04 probe now fails closed (4.398833ms)
✔ an early identity API cannot silently depend on later research services (5.784291ms)
✔ a provider cannot wait for the consumer frontend Gate (4.0845ms)
✔ removing S2 service admission from a core execution task is rejected (4.336875ms)
✔ S2 service Gate cannot omit TP12 advance evaluation (4.977083ms)
✔ I10 cannot drop testnet service admission even if metadata is edited with it (5.644833ms)
✔ a new or existing frontend cannot skip the full provider Gate (5.2075ms)
✔ G5 cannot be marked as closing in I4 before reconciliation (5.463333ms)
✔ moving the G1 block above I1 tasks is rejected (5.009541ms)
✔ milestone cannot omit its last child while retaining a Gate summary (4.988708ms)
✔ prose-only backend dependencies cannot drift from structured prerequisites (5.22975ms)
✔ core closure mapping cannot become an implicit service alias (4.71125ms)
✔ ACCEPTED checkpoint needs SHA and evidence, not only a green word (5.238083ms)
✔ accepted checkpoint evidence must resolve (2.520875ms)
✔ missing checkpoint and unknown dependency fail closed (6.28ms)
✔ API windows cannot skip their preceding provider checkpoint (4.721ms)
✔ UI windows cannot skip the preceding reconciliation window (4.517916ms)
✔ Web intake preserves the explicit no-model-review schema (1.308042ms)
✔ missing Web task fields still fail closed (1.308667ms)
✔ both plans must publish exactly the same stage contract (5.043375ms)
✔ changing both plans cannot defer correctness or functional deadlines to release (13.74925ms)
✔ both plans must retain every deferred release obligation (12.033334ms)
✔ tasks and checkpoints cannot omit, invent, or misclassify their stage gate (17.971708ms)
✔ release prerequisites cannot block either development or integration (11.312625ms)
✔ release gates cannot skip business closure or inherit the wrong stage (12.782459ms)
✔ historical ACCEPTED and completed tasks do not automatically become READY (10.592416ms)
✔ READY needs its own input digest and resolvable evidence (33.50325ms)
✔ unassessed stage gates cannot carry an apparent ready receipt (6.600583ms)
✔ BLOCKED retains failure evidence and digest without being counted as READY (13.708292ms)
✔ a READY chain needs READY prerequisites and its own evidence at every node (18.184084ms)
✔ stage readiness never substitutes for formal acceptance evidence (2.50425ms)
✔ release READY requires formal acceptance and all functional prerequisites (8.386ms)
✔ core intake follows the frontend audit-report format (6.140375ms)
✔ core review summary must be unique and link to audit evidence (7.457083ms)
✔ core shared task fields and existing window must stay consistent (13.76475ms)
ℹ tests 38
ℹ suites 0
ℹ pass 38
ℹ fail 0
ℹ cancelled 0
ℹ skipped 0
ℹ todo 0
ℹ duration_ms 343.938084
