✔ current R02 repository Gate passes (0.608084ms)
✔ tenant rule binding deletion is rejected (0.206667ms)
✔ 300 fixture regression is rejected (0.143209ms)
✔ lineage Gate deletion is rejected (0.512667ms)
✔ immutable insert regression is rejected (0.189791ms)
✔ update trigger deletion is rejected (0.137542ms)
✔ forced RLS deletion is rejected (0.122041ms)
✔ tenant query predicate deletion is rejected (0.1245ms)
✔ P95 bound weakening is rejected (0.127291ms)
✔ default Gate live-test regression is rejected (0.160458ms)
✔ R02 status regression is rejected (0.195792ms)
✔ uncached SQL measurement cannot become a cache hit (0.106709ms)
✔ forward tenant schema check cannot disappear (0.111667ms)
✔ behavior mutation wiring cannot disappear (0.104375ms)
ℹ tests 14
ℹ suites 0
ℹ pass 14
ℹ fail 0
ℹ cancelled 0
ℹ skipped 0
ℹ todo 0
ℹ duration_ms 37.819167
