✔ current R02 repository Gate passes (0.506583ms)
✔ tenant rule binding deletion is rejected (0.183292ms)
✔ 300 fixture regression is rejected (0.123583ms)
✔ lineage Gate deletion is rejected (0.430666ms)
✔ immutable insert regression is rejected (0.17375ms)
✔ update trigger deletion is rejected (0.130541ms)
✔ forced RLS deletion is rejected (0.109292ms)
✔ tenant query predicate deletion is rejected (0.107875ms)
✔ P95 bound weakening is rejected (0.11625ms)
✔ default Gate live-test regression is rejected (0.141917ms)
✔ R02 status regression is rejected (0.169583ms)
✔ uncached SQL measurement cannot become a cache hit (0.094875ms)
✔ forward tenant schema check cannot disappear (0.098916ms)
✔ behavior mutation wiring cannot disappear (0.092ms)
ℹ tests 14
ℹ suites 0
ℹ pass 14
ℹ fail 0
ℹ cancelled 0
ℹ skipped 0
ℹ todo 0
ℹ duration_ms 35.303375
