✔ formal gate rejects zero, one, two and noninteger runs (0.432375ms)
✔ all binaries participate in digest and omitted binary fails (3.157334ms)
✔ extra binary, missing wheel and stale/empty Web cannot pass output inventory (2.481541ms)
✔ manifest inventory cannot omit or add members (0.06ms)
✔ dirty and untracked source rejected (58.340375ms)
✔ deleted module README is rejected (2.350959ms)
✔ wrong uv version fails toolchain preflight (16.16575ms)
✔ invalid locks fail real lock entrypoint (61.240125ms)
✔ Terminal default lint rejects a page TSX violation (738.003959ms)
✔ invalid run revokes old successful receipt (24.020292ms)
✔ Cargo manifest drift is rejected by actual lock gate (592.29525ms)
✔ uv manifest drift is rejected by actual lock gate (614.202583ms)
✔ pnpm manifest drift is rejected by actual lock gate (836.191542ms)
✔ malformed Buf lock is rejected by actual lock gate (616.330209ms)
✔ broken Desktop is outside phase-one pnpm frozen check (297.985542ms)
✔ uv output marker is metadata, other unexpected files still fail (2.100417ms)
✔ build-only tool is required in output inventory without becoming a runtime binary (1.990875ms)
✔ pnpm frozen check rejects missing or changed patch bytes (640.945709ms)
✔ pnpm patch cannot read outside the repository (137.851208ms)
ℹ tests 19
ℹ suites 0
ℹ pass 19
ℹ fail 0
ℹ cancelled 0
ℹ skipped 0
ℹ todo 0
ℹ duration_ms 4681.013791
