Validated 6 pinned Buf plugins and locked generation workflow.
✔ proto generation configuration is pinned and lock-preserving (35.538041ms)
✔ proto generation configuration rejects an unpinned remote plugin (34.611958ms)
✔ proto generation configuration rejects implicit dependency updates (34.808458ms)
ℹ tests 3
ℹ suites 0
ℹ pass 3
ℹ fail 0
ℹ cancelled 0
ℹ skipped 0
ℹ todo 0
ℹ duration_ms 133.74575
Extracted 50 JSON schema documents.
Validated 50 standalone JSON schemas and 11 planned domain schemas.
✔ standalone JSON schema gate passes the complete generated catalog (138.214042ms)
✔ standalone JSON schema gate rejects a missing planned domain schema (48.955875ms)
✔ standalone JSON schema gate rejects an unresolved reference (139.251375ms)
ℹ tests 3
ℹ suites 0
ℹ pass 3
ℹ fail 0
ℹ cancelled 0
ℹ skipped 0
ℹ todo 0
ℹ duration_ms 358.964
Proto compatibility checked against c2b0dc5a422afbdf843476ba207902cab40f394a
Proto checks passed.
