
> @sumalpha/quantos@ test:pre01 /private/var/folders/k8/_4hymb6j59s0c8xntb11ktmc0000gn/T/quantos-pre04-recheck-fmxs7zr4
> node --test ./scripts/tests/check-pre01.test.mjs

✔ current PRE-01 artifacts satisfy the executable contract (4.144375ms)
✔ missing a page state fails closed (1.837458ms)
✔ invalid story priority fails closed (0.529958ms)
✔ missing traceability row fails closed (1.557541ms)
✔ published operation cannot regress to planned fails closed (1.57675ms)
✔ unknown role fails closed (0.466916ms)
✔ unknown route fails closed (0.657958ms)
✔ duplicate story fails closed (0.581875ms)
✔ missing flow stories fails closed (0.549584ms)
✔ missing flow scenarios fails closed (1.047666ms)
✔ unsafe proposal criterion fails closed (1.176792ms)
✔ unknown trace task fails closed (1.176958ms)
✔ unauthorized admin grant fails closed (1.00575ms)
✔ missing permission route fails closed (0.740583ms)
✔ phase-one P16 fails closed (0.099041ms)
✔ missing contract owner fails closed (1.066834ms)
✔ empty flow role fails closed (0.705542ms)
✔ empty flow route fails closed (0.652875ms)
✔ state label mismatch fails closed (0.8485ms)
✔ desktop-only story fails closed (0.446458ms)
✔ persistent offline cache fails closed (1.007541ms)
✔ admin domain permission fails closed (0.699083ms)
✔ missing page story fails closed (0.45675ms)
✔ cross-page route fails closed (0.516625ms)
✔ current G0 governance preserves history without granting current acceptance (0.78325ms)
✔ past-due G0 item cannot silently remain OPEN (0.451792ms)
✔ fabricated G0 acceptance fails against current checkpoint (0.406ms)
✔ missing G0 leftover owner fails (0.417625ms)
✔ P05 cannot bind metadata download to an untraced audit export operation (1.762625ms)
✔ P21 cannot drop alert ownership from both ledger and trace while retaining the subscription (1.803708ms)
✔ unknown unlabelled operation in API register is rejected (1.486958ms)
✔ P05 quality alerts require C16 ownership on the consumer page (1.487875ms)
ℹ tests 32
ℹ suites 0
ℹ pass 32
ℹ fail 0
ℹ cancelled 0
ℹ skipped 0
ℹ todo 0
ℹ duration_ms 83.100833
