✔ current BFF-FE-000 repository Gate passes (4.156084ms)
✔ missing phase-one page mapping is rejected (2.140792ms)
✔ published operation drift is rejected (3.113792ms)
✔ planned operation traceability deletion is rejected (2.510875ms)
✔ shared idempotency baseline deletion is rejected (2.537292ms)
✔ dependency regression is rejected (1.397084ms)
✔ error correlation header deletion is rejected (2.22425ms)
✔ generated Zod export deletion is rejected (1.727208ms)
✔ missing staging permits development readiness and never claims formal acceptance (1.311292ms)
✔ stage deferral cannot bypass engineering failures, final receipt requirements or unknown stages (0.067ms)
✔ final review command cannot be rewired to the development stage (6.917042ms)
✔ current semantic A1 gate passes (3.486083ms)
✔ rejects cookie semantic regression (2.777166ms)
✔ rejects idempotency semantic regression (2.8605ms)
✔ rejects sort semantic regression (3.532541ms)
✔ rejects page semantic regression (2.604292ms)
✔ rejects ci semantic regression (2.556ms)
✔ rejects decimal semantic regression (3.142166ms)
✔ rejects version semantic regression (2.31525ms)
✔ rejects csrf semantic regression (2.291667ms)
✔ exact registered security correction is accepted only within its window (12.007167ms)
✔ unregistered breaking type, enum or missing baseline fails closed (23.703625ms)
✔ new required parameters and constraints cannot silently bypass compatibility (1.0195ms)
✔ absent, invented and reference-only staging receipts never close A1 (0.552166ms)
✔ final receipt requires technical evidence plus one input-bound user confirmation (1.131916ms)
✔ optional property within an existing allOf is additive, required changes are rejected (0.125875ms)
ℹ tests 26
ℹ suites 0
ℹ pass 26
ℹ fail 0
ℹ cancelled 0
ℹ skipped 0
ℹ todo 0
ℹ duration_ms 171.691333
