node scripts/check-toolchains.mjs
{
  "node": "24.12.0",
  "uv": "0.7.0",
  "pnpm": "10.20.0",
  "rustc": "1.91.0"
}
/Library/Developer/CommandLineTools/usr/bin/make -j3 bootstrap-rust bootstrap-python bootstrap-node
cargo fetch --locked
uv sync --locked --project engines --all-packages --all-groups
pnpm install --frozen-lockfile
Scope: all 8 workspace projects
Lockfile is up to date, resolution step is skipped
Progress: resolved 1, reused 0, downloaded 0, added 0
Packages: +620
++++++++++++++++++++++++++++++++++++++++++++++++++++++++++++++++++++++++++++++++
Progress: resolved 620, reused 620, downloaded 0, added 388
Progress: resolved 620, reused 620, downloaded 0, added 619
Progress: resolved 620, reused 620, downloaded 0, added 620, done

dependencies:
+ pg 8.16.3

devDependencies:
+ @axe-core/playwright 4.13.0
+ @bufbuild/buf 1.72.0
+ @bufbuild/protobuf 2.13.0
+ @eslint/js 9.33.0
+ @next/eslint-plugin-next 15.5.24
+ @playwright/test 1.62.1
+ @types/node 24.3.0
+ @types/pngjs 6.0.5
+ @vitest/coverage-v8 4.1.11
+ ajv 8.20.0
+ ajv-formats 3.0.1
+ eslint 9.33.0
+ globals 16.3.0
+ license-checker-rseidelsohn 4.4.2
+ msw 2.15.0
+ openapi-typescript 7.13.0
+ pixelmatch 7.2.0
+ pngjs 7.0.0
+ typescript 5.9.2
+ typescript-eslint 8.39.1
+ vitest 4.1.11
+ yaml 2.9.0

╭ Warning ─────────────────────────────────────────────────────────────────────╮
│                                                                              │
│   Ignored build scripts: @bufbuild/buf, @parcel/watcher, @swc/core,          │
│   esbuild, msw.                                                              │
│   Run "pnpm approve-builds" to pick which dependencies should be allowed     │
│   to run scripts.                                                            │
│                                                                              │
╰──────────────────────────────────────────────────────────────────────────────╯

Done in 2.7s using pnpm v10.20.0

> @sumalpha/quantos@ build /private/var/folders/k8/_4hymb6j59s0c8xntb11ktmc0000gn/T/quantos-f01-BNHkar/workspace
> pnpm -r build

Scope: 7 of 8 workspace projects
packages/config build$ rm -rf dist && tsc --project tsconfig.build.json
packages/ui build$ rm -rf dist && tsc --project tsconfig.build.json
packages/config build: Done
packages/ui build: Done
packages/api-client build$ rm -rf dist && tsc --project tsconfig.build.json
packages/platform build$ rm -rf dist && tsc --project tsconfig.build.json
packages/platform build: Done
packages/api-client build: Done
apps/website build$ next build && node ../../scripts/pre03-build-receipt.mjs website && node ../../scripts/check-client-secrets.mjs out
packages/domain-ui build$ rm -rf dist && tsc --project tsconfig.build.json
packages/domain-ui build: Done
apps/website build:    ▲ Next.js 15.5.24
apps/website build:    Creating an optimized production build ...
apps/website build:  ✓ Compiled successfully in 3.0s
apps/website build:    Linting and checking validity of types ...
apps/website build:    Collecting page data ...
apps/website build:    Generating static pages (0/12) ...
apps/website build:    Generating static pages (3/12) 
apps/website build:    Generating static pages (6/12) 
apps/website build:    Generating static pages (9/12) 
apps/website build:  ✓ Generating static pages (12/12)
apps/website build:    Finalizing page optimization ...
apps/website build:    Collecting build traces ...
apps/website build:    Exporting (0/2) ...
apps/website build:  ✓ Exporting (2/2)
apps/website build: Route (app)                                 Size  First Load JS
apps/website build: ┌ ○ /                                      146 B         103 kB
apps/website build: ├ ○ /_not-found                          1.01 kB         104 kB
apps/website build: ├ ○ /access-request                      2.33 kB         105 kB
apps/website build: ├ ○ /architecture-security                 146 B         103 kB
apps/website build: ├ ○ /docs                                 2.3 kB         105 kB
apps/website build: ├ ○ /login                                 146 B         103 kB
apps/website build: ├ ○ /product                               146 B         103 kB
apps/website build: ├ ○ /robots.txt                            146 B         103 kB
apps/website build: ├ ○ /sitemap.xml                           146 B         103 kB
apps/website build: └ ○ /use-cases                             146 B         103 kB
apps/website build: + First Load JS shared by all             103 kB
apps/website build:   ├ chunks/93-641809efeb57e9b9.js        46.8 kB
apps/website build:   ├ chunks/d35bb0e7-3679ef361d95d4f9.js  54.3 kB
apps/website build:   └ other shared chunks (total)          1.87 kB
apps/website build: ○  (Static)  prerendered as static content
apps/website build: Client secret check PASS (40 files)
apps/website build: Done
apps/terminal build$ next build && node ../../scripts/pre03-build-receipt.mjs terminal && node ../../scripts/check-client-secrets.mjs out
apps/terminal build:    ▲ Next.js 15.5.24
apps/terminal build:    Creating an optimized production build ...
apps/terminal build:  ✓ Compiled successfully in 2.4s
apps/terminal build:    Linting and checking validity of types ...
apps/terminal build:    Collecting page data ...
apps/terminal build:    Generating static pages (0/17) ...
apps/terminal build:    Generating static pages (4/17) 
apps/terminal build:    Generating static pages (8/17) 
apps/terminal build:    Generating static pages (12/17) 
apps/terminal build:  ✓ Generating static pages (17/17)
apps/terminal build:    Finalizing page optimization ...
apps/terminal build:    Collecting build traces ...
apps/terminal build:    Exporting (0/2) ...
apps/terminal build:  ✓ Exporting (2/2)
apps/terminal build: Route (app)                                 Size  First Load JS
apps/terminal build: ┌ ○ /                                      139 B         103 kB
apps/terminal build: ├ ○ /_not-found                            139 B         103 kB
apps/terminal build: ├ ○ /access-request                      1.58 kB         150 kB
apps/terminal build: ├ ○ /auth/callback                       3.31 kB         106 kB
apps/terminal build: ├ ○ /auth/deep-link                      2.35 kB         105 kB
apps/terminal build: ├ ○ /command                             6.73 kB         129 kB
apps/terminal build: ├ ○ /login                               3.31 kB         106 kB
apps/terminal build: ├ ○ /maintenance                           139 B         103 kB
apps/terminal build: ├ ○ /mfa                                 3.07 kB         152 kB
apps/terminal build: ├ ○ /offline                             1.59 kB         105 kB
apps/terminal build: ├ ○ /settings/browser                      131 B         131 kB
apps/terminal build: ├ ○ /settings/notifications                130 B         131 kB
apps/terminal build: ├ ○ /settings/profile                      131 B         131 kB
apps/terminal build: ├ ○ /settings/security                     131 B         131 kB
apps/terminal build: └ ○ /unauthorized                        1.74 kB         105 kB
apps/terminal build: + First Load JS shared by all             103 kB
apps/terminal build:   ├ chunks/93-641809efeb57e9b9.js        46.8 kB
apps/terminal build:   ├ chunks/d35bb0e7-3679ef361d95d4f9.js  54.3 kB
apps/terminal build:   └ other shared chunks (total)           1.9 kB
apps/terminal build: ○  (Static)  prerendered as static content
apps/terminal build: Client secret check PASS (64 files)
apps/terminal build: Done
uv sync --locked --project engines --all-packages --all-groups
uv build --project engines --python engines/.venv/bin/python --all-packages --wheel --no-build-isolation --out-dir artifacts/python
node scripts/check-toolchains.mjs
{
  "node": "24.12.0",
  "uv": "0.7.0",
  "pnpm": "10.20.0",
  "rustc": "1.91.0"
}
/Library/Developer/CommandLineTools/usr/bin/make -j3 bootstrap-rust bootstrap-python bootstrap-node
cargo fetch --locked
uv sync --locked --project engines --all-packages --all-groups
pnpm install --frozen-lockfile
Scope: all 8 workspace projects
Lockfile is up to date, resolution step is skipped
Progress: resolved 1, reused 0, downloaded 0, added 0
Packages: +620
++++++++++++++++++++++++++++++++++++++++++++++++++++++++++++++++++++++++++++++++
Progress: resolved 620, reused 620, downloaded 0, added 397
Progress: resolved 620, reused 620, downloaded 0, added 619
Progress: resolved 620, reused 620, downloaded 0, added 620, done

dependencies:
+ pg 8.16.3

devDependencies:
+ @axe-core/playwright 4.13.0
+ @bufbuild/buf 1.72.0
+ @bufbuild/protobuf 2.13.0
+ @eslint/js 9.33.0
+ @next/eslint-plugin-next 15.5.24
+ @playwright/test 1.62.1
+ @types/node 24.3.0
+ @types/pngjs 6.0.5
+ @vitest/coverage-v8 4.1.11
+ ajv 8.20.0
+ ajv-formats 3.0.1
+ eslint 9.33.0
+ globals 16.3.0
+ license-checker-rseidelsohn 4.4.2
+ msw 2.15.0
+ openapi-typescript 7.13.0
+ pixelmatch 7.2.0
+ pngjs 7.0.0
+ typescript 5.9.2
+ typescript-eslint 8.39.1
+ vitest 4.1.11
+ yaml 2.9.0

╭ Warning ─────────────────────────────────────────────────────────────────────╮
│                                                                              │
│   Ignored build scripts: @bufbuild/buf, @parcel/watcher, @swc/core,          │
│   esbuild, msw.                                                              │
│   Run "pnpm approve-builds" to pick which dependencies should be allowed     │
│   to run scripts.                                                            │
│                                                                              │
╰──────────────────────────────────────────────────────────────────────────────╯

Done in 2.7s using pnpm v10.20.0

> @sumalpha/quantos@ build /private/var/folders/k8/_4hymb6j59s0c8xntb11ktmc0000gn/T/quantos-f01-BNHkar/workspace
> pnpm -r build

Scope: 7 of 8 workspace projects
packages/config build$ rm -rf dist && tsc --project tsconfig.build.json
packages/ui build$ rm -rf dist && tsc --project tsconfig.build.json
packages/config build: Done
packages/ui build: Done
packages/api-client build$ rm -rf dist && tsc --project tsconfig.build.json
packages/platform build$ rm -rf dist && tsc --project tsconfig.build.json
packages/platform build: Done
packages/api-client build: Done
apps/website build$ next build && node ../../scripts/pre03-build-receipt.mjs website && node ../../scripts/check-client-secrets.mjs out
packages/domain-ui build$ rm -rf dist && tsc --project tsconfig.build.json
packages/domain-ui build: Done
apps/website build:    ▲ Next.js 15.5.24
apps/website build:    Creating an optimized production build ...
apps/website build:  ✓ Compiled successfully in 2.2s
apps/website build:    Linting and checking validity of types ...
apps/website build:    Collecting page data ...
apps/website build:    Generating static pages (0/12) ...
apps/website build:    Generating static pages (3/12) 
apps/website build:    Generating static pages (6/12) 
apps/website build:    Generating static pages (9/12) 
apps/website build:  ✓ Generating static pages (12/12)
apps/website build:    Finalizing page optimization ...
apps/website build:    Collecting build traces ...
apps/website build:    Exporting (0/2) ...
apps/website build:  ✓ Exporting (2/2)
apps/website build: Route (app)                                 Size  First Load JS
apps/website build: ┌ ○ /                                      146 B         103 kB
apps/website build: ├ ○ /_not-found                          1.01 kB         104 kB
apps/website build: ├ ○ /access-request                      2.33 kB         105 kB
apps/website build: ├ ○ /architecture-security                 146 B         103 kB
apps/website build: ├ ○ /docs                                 2.3 kB         105 kB
apps/website build: ├ ○ /login                                 146 B         103 kB
apps/website build: ├ ○ /product                               146 B         103 kB
apps/website build: ├ ○ /robots.txt                            146 B         103 kB
apps/website build: ├ ○ /sitemap.xml                           146 B         103 kB
apps/website build: └ ○ /use-cases                             146 B         103 kB
apps/website build: + First Load JS shared by all             103 kB
apps/website build:   ├ chunks/93-641809efeb57e9b9.js        46.8 kB
apps/website build:   ├ chunks/d35bb0e7-3679ef361d95d4f9.js  54.3 kB
apps/website build:   └ other shared chunks (total)          1.87 kB
apps/website build: ○  (Static)  prerendered as static content
apps/website build: Client secret check PASS (40 files)
apps/website build: Done
apps/terminal build$ next build && node ../../scripts/pre03-build-receipt.mjs terminal && node ../../scripts/check-client-secrets.mjs out
apps/terminal build:    ▲ Next.js 15.5.24
apps/terminal build:    Creating an optimized production build ...
apps/terminal build:  ✓ Compiled successfully in 2.4s
apps/terminal build:    Linting and checking validity of types ...
apps/terminal build:    Collecting page data ...
apps/terminal build:    Generating static pages (0/17) ...
apps/terminal build:    Generating static pages (4/17) 
apps/terminal build:    Generating static pages (8/17) 
apps/terminal build:    Generating static pages (12/17) 
apps/terminal build:  ✓ Generating static pages (17/17)
apps/terminal build:    Finalizing page optimization ...
apps/terminal build:    Collecting build traces ...
apps/terminal build:    Exporting (0/2) ...
apps/terminal build:  ✓ Exporting (2/2)
apps/terminal build: Route (app)                                 Size  First Load JS
apps/terminal build: ┌ ○ /                                      139 B         103 kB
apps/terminal build: ├ ○ /_not-found                            139 B         103 kB
apps/terminal build: ├ ○ /access-request                      1.58 kB         150 kB
apps/terminal build: ├ ○ /auth/callback                       3.31 kB         106 kB
apps/terminal build: ├ ○ /auth/deep-link                      2.35 kB         105 kB
apps/terminal build: ├ ○ /command                             6.73 kB         129 kB
apps/terminal build: ├ ○ /login                               3.31 kB         106 kB
apps/terminal build: ├ ○ /maintenance                           139 B         103 kB
apps/terminal build: ├ ○ /mfa                                 3.07 kB         152 kB
apps/terminal build: ├ ○ /offline                             1.59 kB         105 kB
apps/terminal build: ├ ○ /settings/browser                      131 B         131 kB
apps/terminal build: ├ ○ /settings/notifications                130 B         131 kB
apps/terminal build: ├ ○ /settings/profile                      131 B         131 kB
apps/terminal build: ├ ○ /settings/security                     131 B         131 kB
apps/terminal build: └ ○ /unauthorized                        1.74 kB         105 kB
apps/terminal build: + First Load JS shared by all             103 kB
apps/terminal build:   ├ chunks/93-641809efeb57e9b9.js        46.8 kB
apps/terminal build:   ├ chunks/d35bb0e7-3679ef361d95d4f9.js  54.3 kB
apps/terminal build:   └ other shared chunks (total)           1.9 kB
apps/terminal build: ○  (Static)  prerendered as static content
apps/terminal build: Client secret check PASS (64 files)
apps/terminal build: Done
uv sync --locked --project engines --all-packages --all-groups
uv build --project engines --python engines/.venv/bin/python --all-packages --wheel --no-build-isolation --out-dir artifacts/python
node scripts/check-toolchains.mjs
{
  "node": "24.12.0",
  "uv": "0.7.0",
  "pnpm": "10.20.0",
  "rustc": "1.91.0"
}
/Library/Developer/CommandLineTools/usr/bin/make -j3 bootstrap-rust bootstrap-python bootstrap-node
cargo fetch --locked
uv sync --locked --project engines --all-packages --all-groups
pnpm install --frozen-lockfile
Scope: all 8 workspace projects
Lockfile is up to date, resolution step is skipped
Progress: resolved 1, reused 0, downloaded 0, added 0
Packages: +620
++++++++++++++++++++++++++++++++++++++++++++++++++++++++++++++++++++++++++++++++
Progress: resolved 620, reused 620, downloaded 0, added 385
Progress: resolved 620, reused 620, downloaded 0, added 619
Progress: resolved 620, reused 620, downloaded 0, added 620, done

dependencies:
+ pg 8.16.3

devDependencies:
+ @axe-core/playwright 4.13.0
+ @bufbuild/buf 1.72.0
+ @bufbuild/protobuf 2.13.0
+ @eslint/js 9.33.0
+ @next/eslint-plugin-next 15.5.24
+ @playwright/test 1.62.1
+ @types/node 24.3.0
+ @types/pngjs 6.0.5
+ @vitest/coverage-v8 4.1.11
+ ajv 8.20.0
+ ajv-formats 3.0.1
+ eslint 9.33.0
+ globals 16.3.0
+ license-checker-rseidelsohn 4.4.2
+ msw 2.15.0
+ openapi-typescript 7.13.0
+ pixelmatch 7.2.0
+ pngjs 7.0.0
+ typescript 5.9.2
+ typescript-eslint 8.39.1
+ vitest 4.1.11
+ yaml 2.9.0

╭ Warning ─────────────────────────────────────────────────────────────────────╮
│                                                                              │
│   Ignored build scripts: @bufbuild/buf, @parcel/watcher, @swc/core,          │
│   esbuild, msw.                                                              │
│   Run "pnpm approve-builds" to pick which dependencies should be allowed     │
│   to run scripts.                                                            │
│                                                                              │
╰──────────────────────────────────────────────────────────────────────────────╯

Done in 2.7s using pnpm v10.20.0

> @sumalpha/quantos@ build /private/var/folders/k8/_4hymb6j59s0c8xntb11ktmc0000gn/T/quantos-f01-BNHkar/workspace
> pnpm -r build

Scope: 7 of 8 workspace projects
packages/config build$ rm -rf dist && tsc --project tsconfig.build.json
packages/ui build$ rm -rf dist && tsc --project tsconfig.build.json
packages/config build: Done
packages/ui build: Done
packages/platform build$ rm -rf dist && tsc --project tsconfig.build.json
packages/api-client build$ rm -rf dist && tsc --project tsconfig.build.json
packages/platform build: Done
packages/api-client build: Done
apps/website build$ next build && node ../../scripts/pre03-build-receipt.mjs website && node ../../scripts/check-client-secrets.mjs out
packages/domain-ui build$ rm -rf dist && tsc --project tsconfig.build.json
packages/domain-ui build: Done
apps/website build:    ▲ Next.js 15.5.24
apps/website build:    Creating an optimized production build ...
apps/website build:  ✓ Compiled successfully in 2.3s
apps/website build:    Linting and checking validity of types ...
apps/website build:    Collecting page data ...
apps/website build:    Generating static pages (0/12) ...
apps/website build:    Generating static pages (3/12) 
apps/website build:    Generating static pages (6/12) 
apps/website build:    Generating static pages (9/12) 
apps/website build:  ✓ Generating static pages (12/12)
apps/website build:    Finalizing page optimization ...
apps/website build:    Collecting build traces ...
apps/website build:    Exporting (0/2) ...
apps/website build:  ✓ Exporting (2/2)
apps/website build: Route (app)                                 Size  First Load JS
apps/website build: ┌ ○ /                                      146 B         103 kB
apps/website build: ├ ○ /_not-found                          1.01 kB         104 kB
apps/website build: ├ ○ /access-request                      2.33 kB         105 kB
apps/website build: ├ ○ /architecture-security                 146 B         103 kB
apps/website build: ├ ○ /docs                                 2.3 kB         105 kB
apps/website build: ├ ○ /login                                 146 B         103 kB
apps/website build: ├ ○ /product                               146 B         103 kB
apps/website build: ├ ○ /robots.txt                            146 B         103 kB
apps/website build: ├ ○ /sitemap.xml                           146 B         103 kB
apps/website build: └ ○ /use-cases                             146 B         103 kB
apps/website build: + First Load JS shared by all             103 kB
apps/website build:   ├ chunks/93-641809efeb57e9b9.js        46.8 kB
apps/website build:   ├ chunks/d35bb0e7-3679ef361d95d4f9.js  54.3 kB
apps/website build:   └ other shared chunks (total)          1.87 kB
apps/website build: ○  (Static)  prerendered as static content
apps/website build: Client secret check PASS (40 files)
apps/website build: Done
apps/terminal build$ next build && node ../../scripts/pre03-build-receipt.mjs terminal && node ../../scripts/check-client-secrets.mjs out
apps/terminal build:    ▲ Next.js 15.5.24
apps/terminal build:    Creating an optimized production build ...
apps/terminal build:  ✓ Compiled successfully in 2.4s
apps/terminal build:    Linting and checking validity of types ...
apps/terminal build:    Collecting page data ...
apps/terminal build:    Generating static pages (0/17) ...
apps/terminal build:    Generating static pages (4/17) 
apps/terminal build:    Generating static pages (8/17) 
apps/terminal build:    Generating static pages (12/17) 
apps/terminal build:  ✓ Generating static pages (17/17)
apps/terminal build:    Finalizing page optimization ...
apps/terminal build:    Collecting build traces ...
apps/terminal build:    Exporting (0/2) ...
apps/terminal build:  ✓ Exporting (2/2)
apps/terminal build: Route (app)                                 Size  First Load JS
apps/terminal build: ┌ ○ /                                      139 B         103 kB
apps/terminal build: ├ ○ /_not-found                            139 B         103 kB
apps/terminal build: ├ ○ /access-request                      1.58 kB         150 kB
apps/terminal build: ├ ○ /auth/callback                       3.31 kB         106 kB
apps/terminal build: ├ ○ /auth/deep-link                      2.35 kB         105 kB
apps/terminal build: ├ ○ /command                             6.73 kB         129 kB
apps/terminal build: ├ ○ /login                               3.31 kB         106 kB
apps/terminal build: ├ ○ /maintenance                           139 B         103 kB
apps/terminal build: ├ ○ /mfa                                 3.07 kB         152 kB
apps/terminal build: ├ ○ /offline                             1.59 kB         105 kB
apps/terminal build: ├ ○ /settings/browser                      131 B         131 kB
apps/terminal build: ├ ○ /settings/notifications                130 B         131 kB
apps/terminal build: ├ ○ /settings/profile                      131 B         131 kB
apps/terminal build: ├ ○ /settings/security                     131 B         131 kB
apps/terminal build: └ ○ /unauthorized                        1.74 kB         105 kB
apps/terminal build: + First Load JS shared by all             103 kB
apps/terminal build:   ├ chunks/93-641809efeb57e9b9.js        46.8 kB
apps/terminal build:   ├ chunks/d35bb0e7-3679ef361d95d4f9.js  54.3 kB
apps/terminal build:   └ other shared chunks (total)           1.9 kB
apps/terminal build: ○  (Static)  prerendered as static content
apps/terminal build: Client secret check PASS (64 files)
apps/terminal build: Done
uv sync --locked --project engines --all-packages --all-groups
uv build --project engines --python engines/.venv/bin/python --all-packages --wheel --no-build-isolation --out-dir artifacts/python
Using CPython 3.12.10
Creating virtual environment at: engines/.venv
Resolved 52 packages in 1ms
   Building quantos-engine-sdk @ file:///private/var/folders/k8/_4hymb6j59s0c8xntb11ktmc0000gn/T/quantos-f01-BNHkar/workspace/engines/engine-sdk
   Building quantos-llmquant @ file:///private/var/folders/k8/_4hymb6j59s0c8xntb11ktmc0000gn/T/quantos-f01-BNHkar/workspace/engines/llmquant
   Building quantos-mock-engine @ file:///private/var/folders/k8/_4hymb6j59s0c8xntb11ktmc0000gn/T/quantos-f01-BNHkar/workspace/engines/mock-engine
   Building quantos-openbb-adapter @ file:///private/var/folders/k8/_4hymb6j59s0c8xntb11ktmc0000gn/T/quantos-f01-BNHkar/workspace/engines/openbb-adapter
   Building quantos-rd-agent @ file:///private/var/folders/k8/_4hymb6j59s0c8xntb11ktmc0000gn/T/quantos-f01-BNHkar/workspace/engines/rd-agent
   Building quantos-strategy-lab @ file:///private/var/folders/k8/_4hymb6j59s0c8xntb11ktmc0000gn/T/quantos-f01-BNHkar/workspace/engines/strategy-lab
   Building quantos-trading-agents @ file:///private/var/folders/k8/_4hymb6j59s0c8xntb11ktmc0000gn/T/quantos-f01-BNHkar/workspace/engines/trading-agents
   Building quantos-vibe-adapter @ file:///private/var/folders/k8/_4hymb6j59s0c8xntb11ktmc0000gn/T/quantos-f01-BNHkar/workspace/engines/vibe-adapter
warning: a `-j` argument was passed to Cargo but Cargo is also configured with an external jobserver in its environment, ignoring the `-j` parameter
      Built quantos-llmquant @ file:///private/var/folders/k8/_4hymb6j59s0c8xntb11ktmc0000gn/T/quantos-f01-BNHkar/workspace/engines/llmquant
      Built quantos-engine-sdk @ file:///private/var/folders/k8/_4hymb6j59s0c8xntb11ktmc0000gn/T/quantos-f01-BNHkar/workspace/engines/engine-sdk
      Built quantos-rd-agent @ file:///private/var/folders/k8/_4hymb6j59s0c8xntb11ktmc0000gn/T/quantos-f01-BNHkar/workspace/engines/rd-agent
      Built quantos-trading-agents @ file:///private/var/folders/k8/_4hymb6j59s0c8xntb11ktmc0000gn/T/quantos-f01-BNHkar/workspace/engines/trading-agents
      Built quantos-mock-engine @ file:///private/var/folders/k8/_4hymb6j59s0c8xntb11ktmc0000gn/T/quantos-f01-BNHkar/workspace/engines/mock-engine
      Built quantos-vibe-adapter @ file:///private/var/folders/k8/_4hymb6j59s0c8xntb11ktmc0000gn/T/quantos-f01-BNHkar/workspace/engines/vibe-adapter
      Built quantos-openbb-adapter @ file:///private/var/folders/k8/_4hymb6j59s0c8xntb11ktmc0000gn/T/quantos-f01-BNHkar/workspace/engines/openbb-adapter
      Built quantos-strategy-lab @ file:///private/var/folders/k8/_4hymb6j59s0c8xntb11ktmc0000gn/T/quantos-f01-BNHkar/workspace/engines/strategy-lab
Prepared 8 packages in 1.43s
Installed 50 packages in 118ms
 + boolean-py==5.0
 + cachecontrol==0.14.4
 + certifi==2026.7.22
 + charset-normalizer==3.5.1
 + coverage==7.16.1
 + cyclonedx-python-lib==9.1.0
 + defusedxml==0.7.1
 + filelock==4.0.0
 + grpcio==1.74.0
 + hatchling==1.27.0
 + idna==3.19
 + iniconfig==2.3.0
 + license-expression==30.4.4
 + markdown-it-py==4.2.0
 + mdurl==0.1.2
 + msgpack==1.2.2
 + nodeenv==1.10.0
 + packageurl-python==0.17.6
 + packaging==26.3
 + pathspec==1.1.1
 + pip==26.2.1
 + pip-api==0.0.35
 + pip-audit==2.9.0
 + pip-requirements-parser==32.0.1
 + platformdirs==4.11.9
 + pluggy==1.6.0
 + protobuf==5.29.6
 + py-serializable==2.1.0
 + pygments==2.21.0
 + pyparsing==3.3.2
 + pyright==1.1.403
 + pytest==9.0.3
 + pytest-cov==6.2.1
 + quantos-engine-sdk==0.1.0 (from file:///private/var/folders/k8/_4hymb6j59s0c8xntb11ktmc0000gn/T/quantos-f01-BNHkar/workspace/engines/engine-sdk)
 + quantos-llmquant==0.1.0 (from file:///private/var/folders/k8/_4hymb6j59s0c8xntb11ktmc0000gn/T/quantos-f01-BNHkar/workspace/engines/llmquant)
 + quantos-mock-engine==0.1.0 (from file:///private/var/folders/k8/_4hymb6j59s0c8xntb11ktmc0000gn/T/quantos-f01-BNHkar/workspace/engines/mock-engine)
 + quantos-openbb-adapter==0.1.0 (from file:///private/var/folders/k8/_4hymb6j59s0c8xntb11ktmc0000gn/T/quantos-f01-BNHkar/workspace/engines/openbb-adapter)
 + quantos-rd-agent==0.1.0 (from file:///private/var/folders/k8/_4hymb6j59s0c8xntb11ktmc0000gn/T/quantos-f01-BNHkar/workspace/engines/rd-agent)
 + quantos-strategy-lab==0.1.0 (from file:///private/var/folders/k8/_4hymb6j59s0c8xntb11ktmc0000gn/T/quantos-f01-BNHkar/workspace/engines/strategy-lab)
 + quantos-trading-agents==0.1.0 (from file:///private/var/folders/k8/_4hymb6j59s0c8xntb11ktmc0000gn/T/quantos-f01-BNHkar/workspace/engines/trading-agents)
 + quantos-vibe-adapter==0.1.0 (from file:///private/var/folders/k8/_4hymb6j59s0c8xntb11ktmc0000gn/T/quantos-f01-BNHkar/workspace/engines/vibe-adapter)
 + requests==2.34.2
 + rich==15.0.0
 + ruff==0.12.7
 + sortedcontainers==2.4.0
 + toml==0.10.2
 + tomli==2.2.1
 + trove-classifiers==2026.6.1.19
 + typing-extensions==4.16.0
 + urllib3==2.8.0
   Compiling proc-macro2 v1.0.107
   Compiling quote v1.0.47
   Compiling unicode-ident v1.0.24
   Compiling libc v0.2.189
   Compiling bytes v1.12.1
   Compiling cfg-if v1.0.4
   Compiling pin-project-lite v0.2.17
   Compiling itoa v1.0.18
   Compiling memchr v2.8.3
   Compiling serde_core v1.0.229
   Compiling futures-core v0.3.33
   Compiling typenum v1.20.1
   Compiling once_cell v1.21.4
   Compiling autocfg v1.5.1
   Compiling core-foundation-sys v0.8.7
   Compiling serde v1.0.229
   Compiling futures-sink v0.3.33
   Compiling smallvec v1.15.2
   Compiling log v0.4.33
   Compiling shlex v2.0.1
   Compiling slab v0.4.12
   Compiling find-msvc-tools v0.1.9
   Compiling zmij v1.0.23
   Compiling pkg-config v0.3.33
   Compiling futures-io v0.3.33
   Compiling futures-task v0.3.33
   Compiling num-traits v0.2.19
   Compiling percent-encoding v2.3.2
   Compiling rand_core v0.10.1
   Compiling getrandom v0.4.3
   Compiling serde_json v1.0.151
   Compiling bitflags v2.13.1
   Compiling stable_deref_trait v1.2.1
   Compiling rustix v1.1.4
   Compiling base64 v0.22.1
   Compiling iana-time-zone v0.1.65
   Compiling futures-channel v0.3.33
   Compiling subtle v2.6.1
   Compiling version_check v0.9.5
   Compiling tracing-core v0.1.36
   Compiling anyhow v1.0.104
   Compiling generic-array v0.14.7
   Compiling hybrid-array v0.4.13
   Compiling http v1.4.2
   Compiling either v1.17.0
   Compiling cmov v0.5.4
   Compiling crypto-common v0.2.2
   Compiling block-buffer v0.12.1
   Compiling http-body v1.1.0
   Compiling ctutils v0.4.2
   Compiling const-oid v0.10.2
   Compiling tower-service v0.3.3
   Compiling itertools v0.14.0
   Compiling form_urlencoded v1.2.2
   Compiling writeable v0.6.3
   Compiling litemap v0.8.2
   Compiling tinyvec_macros v0.1.1
   Compiling fs_extra v1.3.0
   Compiling errno v0.3.14
   Compiling mio v1.2.2
   Compiling socket2 v0.6.5
   Compiling jobserver v0.1.35
   Compiling syn v2.0.119
   Compiling syn v3.0.3
   Compiling signal-hook-registry v1.4.8
   Compiling cc v1.4.0
   Compiling digest v0.11.3
   Compiling crypto-common v0.1.7
   Compiling block-buffer v0.10.4
   Compiling equivalent v1.0.2
   Compiling httparse v1.10.1
   Compiling dunce v1.0.5
   Compiling hashbrown v0.17.1
   Compiling digest v0.10.7
   Compiling tinyvec v1.12.0
   Compiling try-lock v0.2.5
   Compiling icu_properties_data v2.2.0
   Compiling icu_normalizer_data v2.2.0
   Compiling fnv v1.0.7
   Compiling thiserror v2.0.19
   Compiling atomic-waker v1.1.2
   Compiling utf8_iter v1.0.4
   Compiling cmake v0.1.58
   Compiling want v0.3.1
   Compiling cpufeatures v0.2.17
   Compiling cpufeatures v0.3.0
   Compiling unicode-normalization v0.1.25
   Compiling chacha20 v0.10.2
   Compiling unicode-bidi v0.3.18
   Compiling indexmap v2.14.0
   Compiling httpdate v1.0.3
   Compiling parking_lot_core v0.9.12
   Compiling unicode-properties v0.1.4
   Compiling uuid v1.24.0
   Compiling tower-layer v0.3.3
   Compiling stringprep v0.1.5
   Compiling aws-lc-sys v0.44.0
   Compiling semver v1.0.28
   Compiling rand v0.10.2
   Compiling sha2 v0.11.0
   Compiling sha2 v0.10.9
   Compiling hmac v0.13.0
   Compiling md-5 v0.11.0
   Compiling objc2-core-foundation v0.3.2
   Compiling sync_wrapper v1.0.2
   Compiling ipnet v2.12.0
   Compiling fallible-iterator v0.2.0
   Compiling rust_decimal v1.42.1
   Compiling siphasher v1.0.3
   Compiling scopeguard v1.2.0
   Compiling byteorder v1.5.0
   Compiling aws-lc-rs v1.18.0
   Compiling phf_shared v0.13.1
   Compiling postgres-protocol v0.6.12
   Compiling objc2-system-configuration v0.3.2
   Compiling lock_api v0.4.14
   Compiling security-framework-sys v2.17.0
   Compiling core-foundation v0.10.1
   Compiling synstructure v0.13.2
   Compiling vcpkg v0.2.15
   Compiling zeroize v1.9.0
   Compiling arrayvec v0.7.8
   Compiling security-framework v3.7.0
   Compiling parking_lot v0.12.5
   Compiling phf v0.13.1
   Compiling whoami v2.1.2
   Compiling http-body-util v0.1.4
   Compiling openssl-sys v0.9.117
   Compiling serde_derive v1.0.229
   Compiling async-trait v0.1.91
   Compiling thiserror-impl v2.0.19
   Compiling hex v0.4.3
   Compiling rustls-pki-types v1.15.1
   Compiling fastrand v2.5.0
   Compiling native-tls v0.2.18
   Compiling rustls v0.23.45
   Compiling tokio-macros v2.7.1
   Compiling futures-macro v0.3.33
   Compiling zerofrom-derive v0.1.7
   Compiling yoke-derive v0.8.2
   Compiling tracing-attributes v0.1.31
   Compiling zerovec-derive v0.11.3
   Compiling displaydoc v0.2.6
   Compiling prost-derive v0.13.5
   Compiling tokio v1.53.1
   Compiling futures-util v0.3.33
   Compiling heck v0.5.0
   Compiling zerocopy v0.8.55
   Compiling untrusted v0.9.0
   Compiling zerofrom v0.1.8
   Compiling tracing v0.1.44
   Compiling regex-syntax v0.8.11
   Compiling prost v0.13.5
   Compiling tempfile v3.27.0
   Compiling prettyplease v0.2.37
   Compiling regex-automata v0.4.16
   Compiling yoke v0.8.3
   Compiling prost-types v0.13.5
   Compiling getrandom v0.2.17
   Compiling foreign-types-shared v0.1.1
   Compiling rustversion v1.0.23
   Compiling openssl v0.10.81
   Compiling fixedbitset v0.5.7
   Compiling rand_core v0.6.4
   Compiling petgraph v0.7.1
   Compiling foreign-types v0.3.2
   Compiling regex v1.13.1
   Compiling zerovec v0.11.6
   Compiling zerotrie v0.2.4
   Compiling openssl-macros v0.1.1
   Compiling itertools v0.13.0
   Compiling indexmap v1.9.3
   Compiling chrono v0.4.45
   Compiling tokio-openssl v0.6.5
   Compiling multimap v0.10.1
   Compiling prost-build v0.13.5
   Compiling pin-project-internal v1.1.13
   Compiling hashbrown v0.12.3
   Compiling tokio-util v0.7.19
   Compiling tinystr v0.8.3
   Compiling potential_utf v0.1.5
   Compiling postgres-types v0.2.14
   Compiling tower v0.5.3
   Compiling icu_collections v2.2.0
   Compiling quantos-core v0.1.0 (/private/var/folders/k8/_4hymb6j59s0c8xntb11ktmc0000gn/T/quantos-f01-BNHkar/workspace/crates/quantos-core)
   Compiling ppv-lite86 v0.2.21
   Compiling icu_locale_core v2.2.0
   Compiling h2 v0.4.16
   Compiling tokio-postgres v0.7.18
   Compiling tokio-native-tls v0.3.1
   Compiling rand_chacha v0.3.1
   Compiling pbjson-build v0.7.0
   Compiling ryu v1.0.23
   Compiling mime v0.3.17
   Compiling icu_provider v2.2.0
   Compiling serde_urlencoded v0.7.1
   Compiling pbjson-types v0.7.0
   Compiling icu_properties v2.2.0
   Compiling icu_normalizer v2.2.0
   Compiling axum-core v0.4.5
   Compiling rand v0.8.7
   Compiling idna_adapter v1.2.2
   Compiling pin-project v1.1.13
   Compiling idna v1.1.0
   Compiling url v2.5.8
   Compiling async-stream-impl v0.3.6
   Compiling serde_path_to_error v0.1.20
   Compiling base64 v0.21.7
   Compiling matchit v0.7.3
   Compiling tower-http v0.6.11
   Compiling postgres v0.19.14
   Compiling postgres-native-tls v0.5.3
   Compiling async-stream v0.3.6
   Compiling postgres-openssl v0.5.3
   Compiling tower v0.4.13
   Compiling pbjson v0.7.0
   Compiling tokio-stream v0.1.19
   Compiling hyper v1.11.0
   Compiling socket2 v0.5.10
   Compiling quantos-policy v0.1.0 (/private/var/folders/k8/_4hymb6j59s0c8xntb11ktmc0000gn/T/quantos-f01-BNHkar/workspace/crates/quantos-policy)
   Compiling hmac v0.12.1
   Compiling quantos-event v0.1.0 (/private/var/folders/k8/_4hymb6j59s0c8xntb11ktmc0000gn/T/quantos-f01-BNHkar/workspace/crates/quantos-event)
   Compiling utf8parse v0.2.2
   Compiling anstyle-parse v1.0.0
   Compiling quantos-portfolio v0.1.0 (/private/var/folders/k8/_4hymb6j59s0c8xntb11ktmc0000gn/T/quantos-f01-BNHkar/workspace/crates/quantos-portfolio)
   Compiling anstyle v1.0.14
   Compiling colorchoice v1.0.5
   Compiling is_terminal_polyfill v1.70.2
   Compiling anstyle-query v1.1.5
   Compiling clap_lex v1.1.0
   Compiling hyper-util v0.1.20
   Compiling anstream v1.0.0
   Compiling strsim v0.11.1
   Compiling clap_derive v4.6.4
   Compiling clap_builder v4.6.2
   Compiling aho-corasick v1.1.4
   Compiling hyper-timeout v0.5.2
   Compiling axum v0.7.9
   Compiling clap v4.6.4
   Compiling quantos-market v0.1.0 (/private/var/folders/k8/_4hymb6j59s0c8xntb11ktmc0000gn/T/quantos-f01-BNHkar/workspace/crates/quantos-market)
   Compiling quantos-testkit v0.1.0 (/private/var/folders/k8/_4hymb6j59s0c8xntb11ktmc0000gn/T/quantos-f01-BNHkar/workspace/crates/quantos-testkit)
   Compiling tonic v0.12.3
   Compiling quantos-proto-json-codegen v0.1.0 (/private/var/folders/k8/_4hymb6j59s0c8xntb11ktmc0000gn/T/quantos-f01-BNHkar/workspace/tools/proto-json-codegen)
   Compiling quantos-proto v0.1.0 (/private/var/folders/k8/_4hymb6j59s0c8xntb11ktmc0000gn/T/quantos-f01-BNHkar/workspace/crates/quantos-proto)
   Compiling quantos-engine-manager v0.1.0 (/private/var/folders/k8/_4hymb6j59s0c8xntb11ktmc0000gn/T/quantos-f01-BNHkar/workspace/crates/quantos-engine-manager)
   Compiling rustls-webpki v0.103.14
   Compiling tokio-rustls v0.26.4
   Compiling rustls-platform-verifier v0.7.0
   Compiling hyper-rustls v0.27.9
   Compiling reqwest v0.13.4
   Compiling quantos-storage v0.1.0 (/private/var/folders/k8/_4hymb6j59s0c8xntb11ktmc0000gn/T/quantos-f01-BNHkar/workspace/crates/quantos-storage)
   Compiling quantos-auth v0.1.0 (/private/var/folders/k8/_4hymb6j59s0c8xntb11ktmc0000gn/T/quantos-f01-BNHkar/workspace/crates/quantos-auth)
   Compiling quantos-runtime v0.1.0 (/private/var/folders/k8/_4hymb6j59s0c8xntb11ktmc0000gn/T/quantos-f01-BNHkar/workspace/crates/quantos-runtime)
   Compiling quantos-strategy v0.1.0 (/private/var/folders/k8/_4hymb6j59s0c8xntb11ktmc0000gn/T/quantos-f01-BNHkar/workspace/crates/quantos-strategy)
   Compiling quantos-risk v0.1.0 (/private/var/folders/k8/_4hymb6j59s0c8xntb11ktmc0000gn/T/quantos-f01-BNHkar/workspace/crates/quantos-risk)
   Compiling quantos-observability v0.1.0 (/private/var/folders/k8/_4hymb6j59s0c8xntb11ktmc0000gn/T/quantos-f01-BNHkar/workspace/crates/quantos-observability)
   Compiling quantos-execution v0.1.0 (/private/var/folders/k8/_4hymb6j59s0c8xntb11ktmc0000gn/T/quantos-f01-BNHkar/workspace/crates/quantos-execution)
   Compiling bff-gateway v0.1.0 (/private/var/folders/k8/_4hymb6j59s0c8xntb11ktmc0000gn/T/quantos-f01-BNHkar/workspace/services/bff-gateway)
   Compiling execution-gateway v0.1.0 (/private/var/folders/k8/_4hymb6j59s0c8xntb11ktmc0000gn/T/quantos-f01-BNHkar/workspace/services/execution-gateway)
   Compiling quantos-reconcile v0.1.0 (/private/var/folders/k8/_4hymb6j59s0c8xntb11ktmc0000gn/T/quantos-f01-BNHkar/workspace/crates/quantos-reconcile)
   Compiling quantos-evidence v0.1.0 (/private/var/folders/k8/_4hymb6j59s0c8xntb11ktmc0000gn/T/quantos-f01-BNHkar/workspace/crates/quantos-evidence)
   Compiling capacity-monitor v0.1.0 (/private/var/folders/k8/_4hymb6j59s0c8xntb11ktmc0000gn/T/quantos-f01-BNHkar/workspace/services/capacity-monitor)
   Compiling portfolio-rebuild v0.1.0 (/private/var/folders/k8/_4hymb6j59s0c8xntb11ktmc0000gn/T/quantos-f01-BNHkar/workspace/services/portfolio-rebuild)
   Compiling runtime-gateway v0.1.0 (/private/var/folders/k8/_4hymb6j59s0c8xntb11ktmc0000gn/T/quantos-f01-BNHkar/workspace/services/runtime-gateway)
   Compiling market-ingestor v0.1.0 (/private/var/folders/k8/_4hymb6j59s0c8xntb11ktmc0000gn/T/quantos-f01-BNHkar/workspace/services/market-ingestor)
   Compiling replay-cli v0.1.0 (/private/var/folders/k8/_4hymb6j59s0c8xntb11ktmc0000gn/T/quantos-f01-BNHkar/workspace/services/replay-cli)
    Finished `release` profile [optimized] target(s) in 34.87s
Resolved 52 packages in 1ms
Audited 50 packages in 0.21ms
[quantos-engine-sdk] Building wheel...
[quantos-llmquant] Building wheel...
[quantos-mock-engine] Building wheel...
[quantos-openbb-adapter] Building wheel...
[quantos-rd-agent] Building wheel...
[quantos-strategy-lab] Building wheel...
[quantos-trading-agents] Building wheel...
[quantos-vibe-adapter] Building wheel...
Successfully built artifacts/python/quantos_engine_sdk-0.1.0-py3-none-any.whl
Successfully built artifacts/python/quantos_llmquant-0.1.0-py3-none-any.whl
Successfully built artifacts/python/quantos_mock_engine-0.1.0-py3-none-any.whl
Successfully built artifacts/python/quantos_openbb_adapter-0.1.0-py3-none-any.whl
Successfully built artifacts/python/quantos_rd_agent-0.1.0-py3-none-any.whl
Successfully built artifacts/python/quantos_strategy_lab-0.1.0-py3-none-any.whl
Successfully built artifacts/python/quantos_trading_agents-0.1.0-py3-none-any.whl
Successfully built artifacts/python/quantos_vibe_adapter-0.1.0-py3-none-any.whl
Using CPython 3.12.10
Creating virtual environment at: engines/.venv
Resolved 52 packages in 1ms
   Building quantos-engine-sdk @ file:///private/var/folders/k8/_4hymb6j59s0c8xntb11ktmc0000gn/T/quantos-f01-BNHkar/workspace/engines/engine-sdk
   Building quantos-llmquant @ file:///private/var/folders/k8/_4hymb6j59s0c8xntb11ktmc0000gn/T/quantos-f01-BNHkar/workspace/engines/llmquant
   Building quantos-mock-engine @ file:///private/var/folders/k8/_4hymb6j59s0c8xntb11ktmc0000gn/T/quantos-f01-BNHkar/workspace/engines/mock-engine
   Building quantos-openbb-adapter @ file:///private/var/folders/k8/_4hymb6j59s0c8xntb11ktmc0000gn/T/quantos-f01-BNHkar/workspace/engines/openbb-adapter
   Building quantos-rd-agent @ file:///private/var/folders/k8/_4hymb6j59s0c8xntb11ktmc0000gn/T/quantos-f01-BNHkar/workspace/engines/rd-agent
   Building quantos-strategy-lab @ file:///private/var/folders/k8/_4hymb6j59s0c8xntb11ktmc0000gn/T/quantos-f01-BNHkar/workspace/engines/strategy-lab
   Building quantos-trading-agents @ file:///private/var/folders/k8/_4hymb6j59s0c8xntb11ktmc0000gn/T/quantos-f01-BNHkar/workspace/engines/trading-agents
   Building quantos-vibe-adapter @ file:///private/var/folders/k8/_4hymb6j59s0c8xntb11ktmc0000gn/T/quantos-f01-BNHkar/workspace/engines/vibe-adapter
warning: a `-j` argument was passed to Cargo but Cargo is also configured with an external jobserver in its environment, ignoring the `-j` parameter
      Built quantos-trading-agents @ file:///private/var/folders/k8/_4hymb6j59s0c8xntb11ktmc0000gn/T/quantos-f01-BNHkar/workspace/engines/trading-agents
      Built quantos-rd-agent @ file:///private/var/folders/k8/_4hymb6j59s0c8xntb11ktmc0000gn/T/quantos-f01-BNHkar/workspace/engines/rd-agent
      Built quantos-strategy-lab @ file:///private/var/folders/k8/_4hymb6j59s0c8xntb11ktmc0000gn/T/quantos-f01-BNHkar/workspace/engines/strategy-lab
      Built quantos-llmquant @ file:///private/var/folders/k8/_4hymb6j59s0c8xntb11ktmc0000gn/T/quantos-f01-BNHkar/workspace/engines/llmquant
      Built quantos-openbb-adapter @ file:///private/var/folders/k8/_4hymb6j59s0c8xntb11ktmc0000gn/T/quantos-f01-BNHkar/workspace/engines/openbb-adapter
      Built quantos-vibe-adapter @ file:///private/var/folders/k8/_4hymb6j59s0c8xntb11ktmc0000gn/T/quantos-f01-BNHkar/workspace/engines/vibe-adapter
      Built quantos-engine-sdk @ file:///private/var/folders/k8/_4hymb6j59s0c8xntb11ktmc0000gn/T/quantos-f01-BNHkar/workspace/engines/engine-sdk
      Built quantos-mock-engine @ file:///private/var/folders/k8/_4hymb6j59s0c8xntb11ktmc0000gn/T/quantos-f01-BNHkar/workspace/engines/mock-engine
Prepared 8 packages in 470ms
Installed 50 packages in 131ms
 + boolean-py==5.0
 + cachecontrol==0.14.4
 + certifi==2026.7.22
 + charset-normalizer==3.5.1
 + coverage==7.16.1
 + cyclonedx-python-lib==9.1.0
 + defusedxml==0.7.1
 + filelock==4.0.0
 + grpcio==1.74.0
 + hatchling==1.27.0
 + idna==3.19
 + iniconfig==2.3.0
 + license-expression==30.4.4
 + markdown-it-py==4.2.0
 + mdurl==0.1.2
 + msgpack==1.2.2
 + nodeenv==1.10.0
 + packageurl-python==0.17.6
 + packaging==26.3
 + pathspec==1.1.1
 + pip==26.2.1
 + pip-api==0.0.35
 + pip-audit==2.9.0
 + pip-requirements-parser==32.0.1
 + platformdirs==4.11.9
 + pluggy==1.6.0
 + protobuf==5.29.6
 + py-serializable==2.1.0
 + pygments==2.21.0
 + pyparsing==3.3.2
 + pyright==1.1.403
 + pytest==9.0.3
 + pytest-cov==6.2.1
 + quantos-engine-sdk==0.1.0 (from file:///private/var/folders/k8/_4hymb6j59s0c8xntb11ktmc0000gn/T/quantos-f01-BNHkar/workspace/engines/engine-sdk)
 + quantos-llmquant==0.1.0 (from file:///private/var/folders/k8/_4hymb6j59s0c8xntb11ktmc0000gn/T/quantos-f01-BNHkar/workspace/engines/llmquant)
 + quantos-mock-engine==0.1.0 (from file:///private/var/folders/k8/_4hymb6j59s0c8xntb11ktmc0000gn/T/quantos-f01-BNHkar/workspace/engines/mock-engine)
 + quantos-openbb-adapter==0.1.0 (from file:///private/var/folders/k8/_4hymb6j59s0c8xntb11ktmc0000gn/T/quantos-f01-BNHkar/workspace/engines/openbb-adapter)
 + quantos-rd-agent==0.1.0 (from file:///private/var/folders/k8/_4hymb6j59s0c8xntb11ktmc0000gn/T/quantos-f01-BNHkar/workspace/engines/rd-agent)
 + quantos-strategy-lab==0.1.0 (from file:///private/var/folders/k8/_4hymb6j59s0c8xntb11ktmc0000gn/T/quantos-f01-BNHkar/workspace/engines/strategy-lab)
 + quantos-trading-agents==0.1.0 (from file:///private/var/folders/k8/_4hymb6j59s0c8xntb11ktmc0000gn/T/quantos-f01-BNHkar/workspace/engines/trading-agents)
 + quantos-vibe-adapter==0.1.0 (from file:///private/var/folders/k8/_4hymb6j59s0c8xntb11ktmc0000gn/T/quantos-f01-BNHkar/workspace/engines/vibe-adapter)
 + requests==2.34.2
 + rich==15.0.0
 + ruff==0.12.7
 + sortedcontainers==2.4.0
 + toml==0.10.2
 + tomli==2.2.1
 + trove-classifiers==2026.6.1.19
 + typing-extensions==4.16.0
 + urllib3==2.8.0
   Compiling proc-macro2 v1.0.107
   Compiling quote v1.0.47
   Compiling unicode-ident v1.0.24
   Compiling libc v0.2.189
   Compiling bytes v1.12.1
   Compiling cfg-if v1.0.4
   Compiling pin-project-lite v0.2.17
   Compiling itoa v1.0.18
   Compiling memchr v2.8.3
   Compiling serde_core v1.0.229
   Compiling futures-core v0.3.33
   Compiling typenum v1.20.1
   Compiling once_cell v1.21.4
   Compiling autocfg v1.5.1
   Compiling futures-sink v0.3.33
   Compiling core-foundation-sys v0.8.7
   Compiling serde v1.0.229
   Compiling log v0.4.33
   Compiling smallvec v1.15.2
   Compiling shlex v2.0.1
   Compiling slab v0.4.12
   Compiling find-msvc-tools v0.1.9
   Compiling pkg-config v0.3.33
   Compiling futures-io v0.3.33
   Compiling zmij v1.0.23
   Compiling futures-task v0.3.33
   Compiling num-traits v0.2.19
   Compiling serde_json v1.0.151
   Compiling bitflags v2.13.1
   Compiling getrandom v0.4.3
   Compiling percent-encoding v2.3.2
   Compiling rand_core v0.10.1
   Compiling stable_deref_trait v1.2.1
   Compiling base64 v0.22.1
   Compiling rustix v1.1.4
   Compiling iana-time-zone v0.1.65
   Compiling futures-channel v0.3.33
   Compiling version_check v0.9.5
   Compiling subtle v2.6.1
   Compiling tracing-core v0.1.36
   Compiling anyhow v1.0.104
   Compiling hybrid-array v0.4.13
   Compiling http v1.4.2
   Compiling generic-array v0.14.7
   Compiling cmov v0.5.4
   Compiling either v1.17.0
   Compiling tower-service v0.3.3
   Compiling ctutils v0.4.2
   Compiling const-oid v0.10.2
   Compiling syn v2.0.119
   Compiling syn v3.0.3
   Compiling crypto-common v0.2.2
   Compiling block-buffer v0.12.1
   Compiling itertools v0.14.0
   Compiling form_urlencoded v1.2.2
   Compiling tinyvec_macros v0.1.1
   Compiling dunce v1.0.5
   Compiling http-body v1.1.0
   Compiling writeable v0.6.3
   Compiling equivalent v1.0.2
   Compiling litemap v0.8.2
   Compiling fs_extra v1.3.0
   Compiling hashbrown v0.17.1
   Compiling httparse v1.10.1
   Compiling tinyvec v1.12.0
   Compiling fnv v1.0.7
   Compiling errno v0.3.14
   Compiling socket2 v0.6.5
   Compiling mio v1.2.2
   Compiling jobserver v0.1.35
   Compiling signal-hook-registry v1.4.8
   Compiling crypto-common v0.1.7
   Compiling block-buffer v0.10.4
   Compiling cc v1.4.0
   Compiling digest v0.11.3
   Compiling digest v0.10.7
   Compiling indexmap v2.14.0
   Compiling thiserror v2.0.19
   Compiling atomic-waker v1.1.2
   Compiling uuid v1.24.0
   Compiling utf8_iter v1.0.4
   Compiling try-lock v0.2.5
   Compiling icu_properties_data v2.2.0
   Compiling icu_normalizer_data v2.2.0
   Compiling want v0.3.1
   Compiling unicode-normalization v0.1.25
   Compiling cpufeatures v0.3.0
   Compiling cpufeatures v0.2.17
   Compiling chacha20 v0.10.2
   Compiling unicode-bidi v0.3.18
   Compiling tower-layer v0.3.3
   Compiling httpdate v1.0.3
   Compiling cmake v0.1.58
   Compiling parking_lot_core v0.9.12
   Compiling unicode-properties v0.1.4
   Compiling rand v0.10.2
   Compiling sha2 v0.10.9
   Compiling sha2 v0.11.0
   Compiling semver v1.0.28
   Compiling stringprep v0.1.5
   Compiling hmac v0.13.0
   Compiling md-5 v0.11.0
   Compiling objc2-core-foundation v0.3.2
   Compiling aws-lc-sys v0.44.0
   Compiling sync_wrapper v1.0.2
   Compiling aws-lc-rs v1.18.0
   Compiling byteorder v1.5.0
   Compiling fallible-iterator v0.2.0
   Compiling ipnet v2.12.0
   Compiling scopeguard v1.2.0
   Compiling synstructure v0.13.2
   Compiling rust_decimal v1.42.1
   Compiling siphasher v1.0.3
   Compiling lock_api v0.4.14
   Compiling objc2-system-configuration v0.3.2
   Compiling postgres-protocol v0.6.12
   Compiling phf_shared v0.13.1
   Compiling core-foundation v0.10.1
   Compiling security-framework-sys v2.17.0
   Compiling arrayvec v0.7.8
   Compiling zeroize v1.9.0
   Compiling vcpkg v0.2.15
   Compiling security-framework v3.7.0
   Compiling phf v0.13.1
   Compiling parking_lot v0.12.5
   Compiling whoami v2.1.2
   Compiling http-body-util v0.1.4
   Compiling serde_derive v1.0.229
   Compiling async-trait v0.1.91
   Compiling thiserror-impl v2.0.19
   Compiling openssl-sys v0.9.117
   Compiling hex v0.4.3
   Compiling tokio-macros v2.7.1
   Compiling futures-macro v0.3.33
   Compiling zerofrom-derive v0.1.7
   Compiling yoke-derive v0.8.2
   Compiling tracing-attributes v0.1.31
   Compiling zerovec-derive v0.11.3
   Compiling displaydoc v0.2.6
   Compiling prost-derive v0.13.5
   Compiling tokio v1.53.1
   Compiling futures-util v0.3.33
   Compiling rustls-pki-types v1.15.1
   Compiling zerocopy v0.8.55
   Compiling fastrand v2.5.0
   Compiling zerofrom v0.1.8
   Compiling tracing v0.1.44
   Compiling heck v0.5.0
   Compiling native-tls v0.2.18
   Compiling rustls v0.23.45
   Compiling untrusted v0.9.0
   Compiling prost v0.13.5
   Compiling tempfile v3.27.0
   Compiling yoke v0.8.3
   Compiling regex-syntax v0.8.11
   Compiling prettyplease v0.2.37
   Compiling getrandom v0.2.17
   Compiling prost-types v0.13.5
   Compiling rustversion v1.0.23
   Compiling chrono v0.4.45
   Compiling zerovec v0.11.6
   Compiling zerotrie v0.2.4
   Compiling regex-automata v0.4.16
   Compiling foreign-types-shared v0.1.1
   Compiling fixedbitset v0.5.7
   Compiling openssl v0.10.81
   Compiling petgraph v0.7.1
   Compiling foreign-types v0.3.2
   Compiling rand_core v0.6.4
   Compiling postgres-types v0.2.14
   Compiling quantos-core v0.1.0 (/private/var/folders/k8/_4hymb6j59s0c8xntb11ktmc0000gn/T/quantos-f01-BNHkar/workspace/crates/quantos-core)
   Compiling regex v1.13.1
   Compiling tinystr v0.8.3
   Compiling potential_utf v0.1.5
   Compiling icu_collections v2.2.0
   Compiling icu_locale_core v2.2.0
   Compiling openssl-macros v0.1.1
   Compiling itertools v0.13.0
   Compiling indexmap v1.9.3
   Compiling tokio-util v0.7.19
   Compiling tower v0.5.3
   Compiling tokio-native-tls v0.3.1
   Compiling multimap v0.10.1
   Compiling tokio-openssl v0.6.5
   Compiling prost-build v0.13.5
   Compiling icu_provider v2.2.0
   Compiling h2 v0.4.16
   Compiling tokio-postgres v0.7.18
   Compiling icu_normalizer v2.2.0
   Compiling icu_properties v2.2.0
   Compiling pbjson-build v0.7.0
   Compiling pin-project-internal v1.1.13
   Compiling ppv-lite86 v0.2.21
   Compiling ryu v1.0.23
   Compiling mime v0.3.17
   Compiling idna_adapter v1.2.2
   Compiling idna v1.1.0
   Compiling rand_chacha v0.3.1
   Compiling hashbrown v0.12.3
   Compiling url v2.5.8
   Compiling rand v0.8.7
   Compiling axum-core v0.4.5
   Compiling pin-project v1.1.13
   Compiling serde_urlencoded v0.7.1
   Compiling tower-http v0.6.11
   Compiling pbjson-types v0.7.0
   Compiling async-stream-impl v0.3.6
   Compiling postgres v0.19.14
   Compiling postgres-native-tls v0.5.3
   Compiling serde_path_to_error v0.1.20
   Compiling matchit v0.7.3
   Compiling base64 v0.21.7
   Compiling pbjson v0.7.0
   Compiling async-stream v0.3.6
   Compiling tower v0.4.13
   Compiling tokio-stream v0.1.19
   Compiling hyper v1.11.0
   Compiling socket2 v0.5.10
   Compiling postgres-openssl v0.5.3
   Compiling quantos-policy v0.1.0 (/private/var/folders/k8/_4hymb6j59s0c8xntb11ktmc0000gn/T/quantos-f01-BNHkar/workspace/crates/quantos-policy)
   Compiling hmac v0.12.1
   Compiling quantos-event v0.1.0 (/private/var/folders/k8/_4hymb6j59s0c8xntb11ktmc0000gn/T/quantos-f01-BNHkar/workspace/crates/quantos-event)
   Compiling utf8parse v0.2.2
   Compiling quantos-portfolio v0.1.0 (/private/var/folders/k8/_4hymb6j59s0c8xntb11ktmc0000gn/T/quantos-f01-BNHkar/workspace/crates/quantos-portfolio)
   Compiling anstyle-query v1.1.5
   Compiling anstyle-parse v1.0.0
   Compiling is_terminal_polyfill v1.70.2
   Compiling colorchoice v1.0.5
   Compiling hyper-util v0.1.20
   Compiling anstyle v1.0.14
   Compiling anstream v1.0.0
   Compiling clap_lex v1.1.0
   Compiling strsim v0.11.1
   Compiling clap_derive v4.6.4
   Compiling aho-corasick v1.1.4
   Compiling axum v0.7.9
   Compiling hyper-timeout v0.5.2
   Compiling clap_builder v4.6.2
   Compiling quantos-market v0.1.0 (/private/var/folders/k8/_4hymb6j59s0c8xntb11ktmc0000gn/T/quantos-f01-BNHkar/workspace/crates/quantos-market)
   Compiling quantos-testkit v0.1.0 (/private/var/folders/k8/_4hymb6j59s0c8xntb11ktmc0000gn/T/quantos-f01-BNHkar/workspace/crates/quantos-testkit)
   Compiling clap v4.6.4
   Compiling tonic v0.12.3
   Compiling quantos-proto-json-codegen v0.1.0 (/private/var/folders/k8/_4hymb6j59s0c8xntb11ktmc0000gn/T/quantos-f01-BNHkar/workspace/tools/proto-json-codegen)
   Compiling quantos-proto v0.1.0 (/private/var/folders/k8/_4hymb6j59s0c8xntb11ktmc0000gn/T/quantos-f01-BNHkar/workspace/crates/quantos-proto)
   Compiling quantos-engine-manager v0.1.0 (/private/var/folders/k8/_4hymb6j59s0c8xntb11ktmc0000gn/T/quantos-f01-BNHkar/workspace/crates/quantos-engine-manager)
   Compiling rustls-webpki v0.103.14
   Compiling tokio-rustls v0.26.4
   Compiling rustls-platform-verifier v0.7.0
   Compiling hyper-rustls v0.27.9
   Compiling reqwest v0.13.4
   Compiling quantos-storage v0.1.0 (/private/var/folders/k8/_4hymb6j59s0c8xntb11ktmc0000gn/T/quantos-f01-BNHkar/workspace/crates/quantos-storage)
   Compiling quantos-auth v0.1.0 (/private/var/folders/k8/_4hymb6j59s0c8xntb11ktmc0000gn/T/quantos-f01-BNHkar/workspace/crates/quantos-auth)
   Compiling quantos-runtime v0.1.0 (/private/var/folders/k8/_4hymb6j59s0c8xntb11ktmc0000gn/T/quantos-f01-BNHkar/workspace/crates/quantos-runtime)
   Compiling quantos-strategy v0.1.0 (/private/var/folders/k8/_4hymb6j59s0c8xntb11ktmc0000gn/T/quantos-f01-BNHkar/workspace/crates/quantos-strategy)
   Compiling quantos-risk v0.1.0 (/private/var/folders/k8/_4hymb6j59s0c8xntb11ktmc0000gn/T/quantos-f01-BNHkar/workspace/crates/quantos-risk)
   Compiling quantos-observability v0.1.0 (/private/var/folders/k8/_4hymb6j59s0c8xntb11ktmc0000gn/T/quantos-f01-BNHkar/workspace/crates/quantos-observability)
   Compiling quantos-execution v0.1.0 (/private/var/folders/k8/_4hymb6j59s0c8xntb11ktmc0000gn/T/quantos-f01-BNHkar/workspace/crates/quantos-execution)
   Compiling quantos-evidence v0.1.0 (/private/var/folders/k8/_4hymb6j59s0c8xntb11ktmc0000gn/T/quantos-f01-BNHkar/workspace/crates/quantos-evidence)
   Compiling quantos-reconcile v0.1.0 (/private/var/folders/k8/_4hymb6j59s0c8xntb11ktmc0000gn/T/quantos-f01-BNHkar/workspace/crates/quantos-reconcile)
   Compiling bff-gateway v0.1.0 (/private/var/folders/k8/_4hymb6j59s0c8xntb11ktmc0000gn/T/quantos-f01-BNHkar/workspace/services/bff-gateway)
   Compiling execution-gateway v0.1.0 (/private/var/folders/k8/_4hymb6j59s0c8xntb11ktmc0000gn/T/quantos-f01-BNHkar/workspace/services/execution-gateway)
   Compiling portfolio-rebuild v0.1.0 (/private/var/folders/k8/_4hymb6j59s0c8xntb11ktmc0000gn/T/quantos-f01-BNHkar/workspace/services/portfolio-rebuild)
   Compiling capacity-monitor v0.1.0 (/private/var/folders/k8/_4hymb6j59s0c8xntb11ktmc0000gn/T/quantos-f01-BNHkar/workspace/services/capacity-monitor)
   Compiling runtime-gateway v0.1.0 (/private/var/folders/k8/_4hymb6j59s0c8xntb11ktmc0000gn/T/quantos-f01-BNHkar/workspace/services/runtime-gateway)
   Compiling replay-cli v0.1.0 (/private/var/folders/k8/_4hymb6j59s0c8xntb11ktmc0000gn/T/quantos-f01-BNHkar/workspace/services/replay-cli)
   Compiling market-ingestor v0.1.0 (/private/var/folders/k8/_4hymb6j59s0c8xntb11ktmc0000gn/T/quantos-f01-BNHkar/workspace/services/market-ingestor)
    Finished `release` profile [optimized] target(s) in 35.78s
Resolved 52 packages in 1ms
Audited 50 packages in 0.21ms
[quantos-engine-sdk] Building wheel...
[quantos-llmquant] Building wheel...
[quantos-mock-engine] Building wheel...
[quantos-openbb-adapter] Building wheel...
[quantos-rd-agent] Building wheel...
[quantos-strategy-lab] Building wheel...
[quantos-trading-agents] Building wheel...
[quantos-vibe-adapter] Building wheel...
Successfully built artifacts/python/quantos_engine_sdk-0.1.0-py3-none-any.whl
Successfully built artifacts/python/quantos_llmquant-0.1.0-py3-none-any.whl
Successfully built artifacts/python/quantos_mock_engine-0.1.0-py3-none-any.whl
Successfully built artifacts/python/quantos_openbb_adapter-0.1.0-py3-none-any.whl
Successfully built artifacts/python/quantos_rd_agent-0.1.0-py3-none-any.whl
Successfully built artifacts/python/quantos_strategy_lab-0.1.0-py3-none-any.whl
Successfully built artifacts/python/quantos_trading_agents-0.1.0-py3-none-any.whl
Successfully built artifacts/python/quantos_vibe_adapter-0.1.0-py3-none-any.whl
Using CPython 3.12.10
Creating virtual environment at: engines/.venv
Resolved 52 packages in 1ms
   Building quantos-engine-sdk @ file:///private/var/folders/k8/_4hymb6j59s0c8xntb11ktmc0000gn/T/quantos-f01-BNHkar/workspace/engines/engine-sdk
   Building quantos-llmquant @ file:///private/var/folders/k8/_4hymb6j59s0c8xntb11ktmc0000gn/T/quantos-f01-BNHkar/workspace/engines/llmquant
   Building quantos-mock-engine @ file:///private/var/folders/k8/_4hymb6j59s0c8xntb11ktmc0000gn/T/quantos-f01-BNHkar/workspace/engines/mock-engine
   Building quantos-openbb-adapter @ file:///private/var/folders/k8/_4hymb6j59s0c8xntb11ktmc0000gn/T/quantos-f01-BNHkar/workspace/engines/openbb-adapter
   Building quantos-rd-agent @ file:///private/var/folders/k8/_4hymb6j59s0c8xntb11ktmc0000gn/T/quantos-f01-BNHkar/workspace/engines/rd-agent
   Building quantos-strategy-lab @ file:///private/var/folders/k8/_4hymb6j59s0c8xntb11ktmc0000gn/T/quantos-f01-BNHkar/workspace/engines/strategy-lab
   Building quantos-trading-agents @ file:///private/var/folders/k8/_4hymb6j59s0c8xntb11ktmc0000gn/T/quantos-f01-BNHkar/workspace/engines/trading-agents
   Building quantos-vibe-adapter @ file:///private/var/folders/k8/_4hymb6j59s0c8xntb11ktmc0000gn/T/quantos-f01-BNHkar/workspace/engines/vibe-adapter
warning: a `-j` argument was passed to Cargo but Cargo is also configured with an external jobserver in its environment, ignoring the `-j` parameter
      Built quantos-llmquant @ file:///private/var/folders/k8/_4hymb6j59s0c8xntb11ktmc0000gn/T/quantos-f01-BNHkar/workspace/engines/llmquant
      Built quantos-trading-agents @ file:///private/var/folders/k8/_4hymb6j59s0c8xntb11ktmc0000gn/T/quantos-f01-BNHkar/workspace/engines/trading-agents
      Built quantos-mock-engine @ file:///private/var/folders/k8/_4hymb6j59s0c8xntb11ktmc0000gn/T/quantos-f01-BNHkar/workspace/engines/mock-engine
      Built quantos-strategy-lab @ file:///private/var/folders/k8/_4hymb6j59s0c8xntb11ktmc0000gn/T/quantos-f01-BNHkar/workspace/engines/strategy-lab
      Built quantos-engine-sdk @ file:///private/var/folders/k8/_4hymb6j59s0c8xntb11ktmc0000gn/T/quantos-f01-BNHkar/workspace/engines/engine-sdk
      Built quantos-rd-agent @ file:///private/var/folders/k8/_4hymb6j59s0c8xntb11ktmc0000gn/T/quantos-f01-BNHkar/workspace/engines/rd-agent
      Built quantos-vibe-adapter @ file:///private/var/folders/k8/_4hymb6j59s0c8xntb11ktmc0000gn/T/quantos-f01-BNHkar/workspace/engines/vibe-adapter
      Built quantos-openbb-adapter @ file:///private/var/folders/k8/_4hymb6j59s0c8xntb11ktmc0000gn/T/quantos-f01-BNHkar/workspace/engines/openbb-adapter
Prepared 8 packages in 462ms
Installed 50 packages in 142ms
 + boolean-py==5.0
 + cachecontrol==0.14.4
 + certifi==2026.7.22
 + charset-normalizer==3.5.1
 + coverage==7.16.1
 + cyclonedx-python-lib==9.1.0
 + defusedxml==0.7.1
 + filelock==4.0.0
 + grpcio==1.74.0
 + hatchling==1.27.0
 + idna==3.19
 + iniconfig==2.3.0
 + license-expression==30.4.4
 + markdown-it-py==4.2.0
 + mdurl==0.1.2
 + msgpack==1.2.2
 + nodeenv==1.10.0
 + packageurl-python==0.17.6
 + packaging==26.3
 + pathspec==1.1.1
 + pip==26.2.1
 + pip-api==0.0.35
 + pip-audit==2.9.0
 + pip-requirements-parser==32.0.1
 + platformdirs==4.11.9
 + pluggy==1.6.0
 + protobuf==5.29.6
 + py-serializable==2.1.0
 + pygments==2.21.0
 + pyparsing==3.3.2
 + pyright==1.1.403
 + pytest==9.0.3
 + pytest-cov==6.2.1
 + quantos-engine-sdk==0.1.0 (from file:///private/var/folders/k8/_4hymb6j59s0c8xntb11ktmc0000gn/T/quantos-f01-BNHkar/workspace/engines/engine-sdk)
 + quantos-llmquant==0.1.0 (from file:///private/var/folders/k8/_4hymb6j59s0c8xntb11ktmc0000gn/T/quantos-f01-BNHkar/workspace/engines/llmquant)
 + quantos-mock-engine==0.1.0 (from file:///private/var/folders/k8/_4hymb6j59s0c8xntb11ktmc0000gn/T/quantos-f01-BNHkar/workspace/engines/mock-engine)
 + quantos-openbb-adapter==0.1.0 (from file:///private/var/folders/k8/_4hymb6j59s0c8xntb11ktmc0000gn/T/quantos-f01-BNHkar/workspace/engines/openbb-adapter)
 + quantos-rd-agent==0.1.0 (from file:///private/var/folders/k8/_4hymb6j59s0c8xntb11ktmc0000gn/T/quantos-f01-BNHkar/workspace/engines/rd-agent)
 + quantos-strategy-lab==0.1.0 (from file:///private/var/folders/k8/_4hymb6j59s0c8xntb11ktmc0000gn/T/quantos-f01-BNHkar/workspace/engines/strategy-lab)
 + quantos-trading-agents==0.1.0 (from file:///private/var/folders/k8/_4hymb6j59s0c8xntb11ktmc0000gn/T/quantos-f01-BNHkar/workspace/engines/trading-agents)
 + quantos-vibe-adapter==0.1.0 (from file:///private/var/folders/k8/_4hymb6j59s0c8xntb11ktmc0000gn/T/quantos-f01-BNHkar/workspace/engines/vibe-adapter)
 + requests==2.34.2
 + rich==15.0.0
 + ruff==0.12.7
 + sortedcontainers==2.4.0
 + toml==0.10.2
 + tomli==2.2.1
 + trove-classifiers==2026.6.1.19
 + typing-extensions==4.16.0
 + urllib3==2.8.0
   Compiling proc-macro2 v1.0.107
   Compiling unicode-ident v1.0.24
   Compiling quote v1.0.47
   Compiling libc v0.2.189
   Compiling bytes v1.12.1
   Compiling cfg-if v1.0.4
   Compiling pin-project-lite v0.2.17
   Compiling itoa v1.0.18
   Compiling memchr v2.8.3
   Compiling serde_core v1.0.229
   Compiling futures-core v0.3.33
   Compiling typenum v1.20.1
   Compiling autocfg v1.5.1
   Compiling once_cell v1.21.4
   Compiling core-foundation-sys v0.8.7
   Compiling serde v1.0.229
   Compiling futures-sink v0.3.33
   Compiling log v0.4.33
   Compiling smallvec v1.15.2
   Compiling find-msvc-tools v0.1.9
   Compiling slab v0.4.12
   Compiling shlex v2.0.1
   Compiling futures-io v0.3.33
   Compiling zmij v1.0.23
   Compiling futures-task v0.3.33
   Compiling pkg-config v0.3.33
   Compiling num-traits v0.2.19
   Compiling bitflags v2.13.1
   Compiling percent-encoding v2.3.2
   Compiling rand_core v0.10.1
   Compiling serde_json v1.0.151
   Compiling getrandom v0.4.3
   Compiling rustix v1.1.4
   Compiling stable_deref_trait v1.2.1
   Compiling base64 v0.22.1
   Compiling iana-time-zone v0.1.65
   Compiling futures-channel v0.3.33
   Compiling subtle v2.6.1
   Compiling version_check v0.9.5
   Compiling tracing-core v0.1.36
   Compiling anyhow v1.0.104
   Compiling hybrid-array v0.4.13
   Compiling generic-array v0.14.7
   Compiling http v1.4.2
   Compiling cmov v0.5.4
   Compiling either v1.17.0
   Compiling crypto-common v0.2.2
   Compiling jobserver v0.1.35
   Compiling errno v0.3.14
   Compiling socket2 v0.6.5
   Compiling mio v1.2.2
   Compiling signal-hook-registry v1.4.8
   Compiling cc v1.4.0
   Compiling block-buffer v0.12.1
   Compiling http-body v1.1.0
   Compiling ctutils v0.4.2
   Compiling const-oid v0.10.2
   Compiling tower-service v0.3.3
   Compiling itertools v0.14.0
   Compiling form_urlencoded v1.2.2
   Compiling writeable v0.6.3
   Compiling digest v0.11.3
   Compiling litemap v0.8.2
   Compiling syn v2.0.119
   Compiling syn v3.0.3
   Compiling cmake v0.1.58
   Compiling httparse v1.10.1
   Compiling equivalent v1.0.2
   Compiling tinyvec_macros v0.1.1
   Compiling hashbrown v0.17.1
   Compiling dunce v1.0.5
   Compiling fs_extra v1.3.0
   Compiling tinyvec v1.12.0
   Compiling block-buffer v0.10.4
   Compiling crypto-common v0.1.7
   Compiling icu_properties_data v2.2.0
   Compiling atomic-waker v1.1.2
   Compiling digest v0.10.7
   Compiling try-lock v0.2.5
   Compiling thiserror v2.0.19
   Compiling icu_normalizer_data v2.2.0
   Compiling fnv v1.0.7
   Compiling utf8_iter v1.0.4
   Compiling want v0.3.1
   Compiling indexmap v2.14.0
   Compiling aws-lc-sys v0.44.0
   Compiling unicode-normalization v0.1.25
   Compiling cpufeatures v0.2.17
   Compiling cpufeatures v0.3.0
   Compiling chacha20 v0.10.2
   Compiling tower-layer v0.3.3
   Compiling httpdate v1.0.3
   Compiling parking_lot_core v0.9.12
   Compiling unicode-properties v0.1.4
   Compiling unicode-bidi v0.3.18
   Compiling uuid v1.24.0
   Compiling semver v1.0.28
   Compiling rand v0.10.2
   Compiling sha2 v0.11.0
   Compiling stringprep v0.1.5
   Compiling sha2 v0.10.9
   Compiling hmac v0.13.0
   Compiling md-5 v0.11.0
   Compiling objc2-core-foundation v0.3.2
   Compiling sync_wrapper v1.0.2
   Compiling ipnet v2.12.0
   Compiling fallible-iterator v0.2.0
   Compiling scopeguard v1.2.0
   Compiling aws-lc-rs v1.18.0
   Compiling rust_decimal v1.42.1
   Compiling siphasher v1.0.3
   Compiling byteorder v1.5.0
   Compiling objc2-system-configuration v0.3.2
   Compiling lock_api v0.4.14
   Compiling phf_shared v0.13.1
   Compiling core-foundation v0.10.1
   Compiling postgres-protocol v0.6.12
   Compiling security-framework-sys v2.17.0
   Compiling synstructure v0.13.2
   Compiling vcpkg v0.2.15
   Compiling arrayvec v0.7.8
   Compiling zeroize v1.9.0
   Compiling security-framework v3.7.0
   Compiling phf v0.13.1
   Compiling parking_lot v0.12.5
   Compiling whoami v2.1.2
   Compiling http-body-util v0.1.4
   Compiling hex v0.4.3
   Compiling serde_derive v1.0.229
   Compiling async-trait v0.1.91
   Compiling thiserror-impl v2.0.19
   Compiling openssl-sys v0.9.117
   Compiling rustls-pki-types v1.15.1
   Compiling native-tls v0.2.18
   Compiling fastrand v2.5.0
   Compiling rustls v0.23.45
   Compiling heck v0.5.0
   Compiling tokio-macros v2.7.1
   Compiling futures-macro v0.3.33
   Compiling zerofrom-derive v0.1.7
   Compiling yoke-derive v0.8.2
   Compiling tracing-attributes v0.1.31
   Compiling zerovec-derive v0.11.3
   Compiling displaydoc v0.2.6
   Compiling prost-derive v0.13.5
   Compiling tokio v1.53.1
   Compiling futures-util v0.3.33
   Compiling untrusted v0.9.0
   Compiling zerocopy v0.8.55
   Compiling tempfile v3.27.0
   Compiling zerofrom v0.1.8
   Compiling tracing v0.1.44
   Compiling prost v0.13.5
   Compiling regex-syntax v0.8.11
   Compiling prettyplease v0.2.37
   Compiling yoke v0.8.3
   Compiling prost-types v0.13.5
   Compiling getrandom v0.2.17
   Compiling zerovec v0.11.6
   Compiling zerotrie v0.2.4
   Compiling regex-automata v0.4.16
   Compiling chrono v0.4.45
   Compiling openssl v0.10.81
   Compiling rustversion v1.0.23
   Compiling fixedbitset v0.5.7
   Compiling foreign-types-shared v0.1.1
   Compiling foreign-types v0.3.2
   Compiling petgraph v0.7.1
   Compiling rand_core v0.6.4
   Compiling tinystr v0.8.3
   Compiling potential_utf v0.1.5
   Compiling postgres-types v0.2.14
   Compiling icu_collections v2.2.0
   Compiling icu_locale_core v2.2.0
   Compiling quantos-core v0.1.0 (/private/var/folders/k8/_4hymb6j59s0c8xntb11ktmc0000gn/T/quantos-f01-BNHkar/workspace/crates/quantos-core)
   Compiling regex v1.13.1
   Compiling openssl-macros v0.1.1
   Compiling itertools v0.13.0
   Compiling indexmap v1.9.3
   Compiling icu_provider v2.2.0
   Compiling ppv-lite86 v0.2.21
   Compiling tokio-openssl v0.6.5
   Compiling multimap v0.10.1
   Compiling prost-build v0.13.5
   Compiling icu_properties v2.2.0
   Compiling icu_normalizer v2.2.0
   Compiling rand_chacha v0.3.1
   Compiling tokio-util v0.7.19
   Compiling tower v0.5.3
   Compiling idna_adapter v1.2.2
   Compiling h2 v0.4.16
   Compiling idna v1.1.0
   Compiling tokio-postgres v0.7.18
   Compiling tokio-native-tls v0.3.1
   Compiling pbjson-build v0.7.0
   Compiling pin-project-internal v1.1.13
   Compiling hashbrown v0.12.3
   Compiling url v2.5.8
   Compiling mime v0.3.17
   Compiling ryu v1.0.23
   Compiling pbjson-types v0.7.0
   Compiling tower-http v0.6.11
   Compiling serde_urlencoded v0.7.1
   Compiling axum-core v0.4.5
   Compiling rand v0.8.7
   Compiling async-stream-impl v0.3.6
   Compiling pin-project v1.1.13
   Compiling serde_path_to_error v0.1.20
   Compiling base64 v0.21.7
   Compiling matchit v0.7.3
   Compiling async-stream v0.3.6
   Compiling tower v0.4.13
   Compiling pbjson v0.7.0
   Compiling tokio-stream v0.1.19
   Compiling socket2 v0.5.10
   Compiling quantos-policy v0.1.0 (/private/var/folders/k8/_4hymb6j59s0c8xntb11ktmc0000gn/T/quantos-f01-BNHkar/workspace/crates/quantos-policy)
   Compiling hmac v0.12.1
   Compiling utf8parse v0.2.2
   Compiling anstyle-parse v1.0.0
   Compiling is_terminal_polyfill v1.70.2
   Compiling colorchoice v1.0.5
   Compiling anstyle v1.0.14
   Compiling anstyle-query v1.1.5
   Compiling strsim v0.11.1
   Compiling clap_lex v1.1.0
   Compiling clap_derive v4.6.4
   Compiling anstream v1.0.0
   Compiling aho-corasick v1.1.4
   Compiling postgres v0.19.14
   Compiling postgres-native-tls v0.5.3
   Compiling postgres-openssl v0.5.3
   Compiling hyper v1.11.0
   Compiling clap_builder v4.6.2
   Compiling quantos-event v0.1.0 (/private/var/folders/k8/_4hymb6j59s0c8xntb11ktmc0000gn/T/quantos-f01-BNHkar/workspace/crates/quantos-event)
   Compiling quantos-portfolio v0.1.0 (/private/var/folders/k8/_4hymb6j59s0c8xntb11ktmc0000gn/T/quantos-f01-BNHkar/workspace/crates/quantos-portfolio)
   Compiling hyper-util v0.1.20
   Compiling clap v4.6.4
   Compiling hyper-timeout v0.5.2
   Compiling axum v0.7.9
   Compiling quantos-market v0.1.0 (/private/var/folders/k8/_4hymb6j59s0c8xntb11ktmc0000gn/T/quantos-f01-BNHkar/workspace/crates/quantos-market)
   Compiling quantos-testkit v0.1.0 (/private/var/folders/k8/_4hymb6j59s0c8xntb11ktmc0000gn/T/quantos-f01-BNHkar/workspace/crates/quantos-testkit)
   Compiling tonic v0.12.3
   Compiling quantos-proto-json-codegen v0.1.0 (/private/var/folders/k8/_4hymb6j59s0c8xntb11ktmc0000gn/T/quantos-f01-BNHkar/workspace/tools/proto-json-codegen)
   Compiling quantos-proto v0.1.0 (/private/var/folders/k8/_4hymb6j59s0c8xntb11ktmc0000gn/T/quantos-f01-BNHkar/workspace/crates/quantos-proto)
   Compiling quantos-engine-manager v0.1.0 (/private/var/folders/k8/_4hymb6j59s0c8xntb11ktmc0000gn/T/quantos-f01-BNHkar/workspace/crates/quantos-engine-manager)
   Compiling rustls-webpki v0.103.14
   Compiling tokio-rustls v0.26.4
   Compiling rustls-platform-verifier v0.7.0
   Compiling hyper-rustls v0.27.9
   Compiling reqwest v0.13.4
   Compiling quantos-auth v0.1.0 (/private/var/folders/k8/_4hymb6j59s0c8xntb11ktmc0000gn/T/quantos-f01-BNHkar/workspace/crates/quantos-auth)
   Compiling quantos-storage v0.1.0 (/private/var/folders/k8/_4hymb6j59s0c8xntb11ktmc0000gn/T/quantos-f01-BNHkar/workspace/crates/quantos-storage)
   Compiling quantos-runtime v0.1.0 (/private/var/folders/k8/_4hymb6j59s0c8xntb11ktmc0000gn/T/quantos-f01-BNHkar/workspace/crates/quantos-runtime)
   Compiling quantos-strategy v0.1.0 (/private/var/folders/k8/_4hymb6j59s0c8xntb11ktmc0000gn/T/quantos-f01-BNHkar/workspace/crates/quantos-strategy)
   Compiling quantos-risk v0.1.0 (/private/var/folders/k8/_4hymb6j59s0c8xntb11ktmc0000gn/T/quantos-f01-BNHkar/workspace/crates/quantos-risk)
   Compiling quantos-observability v0.1.0 (/private/var/folders/k8/_4hymb6j59s0c8xntb11ktmc0000gn/T/quantos-f01-BNHkar/workspace/crates/quantos-observability)
   Compiling quantos-execution v0.1.0 (/private/var/folders/k8/_4hymb6j59s0c8xntb11ktmc0000gn/T/quantos-f01-BNHkar/workspace/crates/quantos-execution)
   Compiling bff-gateway v0.1.0 (/private/var/folders/k8/_4hymb6j59s0c8xntb11ktmc0000gn/T/quantos-f01-BNHkar/workspace/services/bff-gateway)
   Compiling execution-gateway v0.1.0 (/private/var/folders/k8/_4hymb6j59s0c8xntb11ktmc0000gn/T/quantos-f01-BNHkar/workspace/services/execution-gateway)
   Compiling quantos-evidence v0.1.0 (/private/var/folders/k8/_4hymb6j59s0c8xntb11ktmc0000gn/T/quantos-f01-BNHkar/workspace/crates/quantos-evidence)
   Compiling quantos-reconcile v0.1.0 (/private/var/folders/k8/_4hymb6j59s0c8xntb11ktmc0000gn/T/quantos-f01-BNHkar/workspace/crates/quantos-reconcile)
   Compiling market-ingestor v0.1.0 (/private/var/folders/k8/_4hymb6j59s0c8xntb11ktmc0000gn/T/quantos-f01-BNHkar/workspace/services/market-ingestor)
   Compiling capacity-monitor v0.1.0 (/private/var/folders/k8/_4hymb6j59s0c8xntb11ktmc0000gn/T/quantos-f01-BNHkar/workspace/services/capacity-monitor)
   Compiling runtime-gateway v0.1.0 (/private/var/folders/k8/_4hymb6j59s0c8xntb11ktmc0000gn/T/quantos-f01-BNHkar/workspace/services/runtime-gateway)
   Compiling portfolio-rebuild v0.1.0 (/private/var/folders/k8/_4hymb6j59s0c8xntb11ktmc0000gn/T/quantos-f01-BNHkar/workspace/services/portfolio-rebuild)
   Compiling replay-cli v0.1.0 (/private/var/folders/k8/_4hymb6j59s0c8xntb11ktmc0000gn/T/quantos-f01-BNHkar/workspace/services/replay-cli)
    Finished `release` profile [optimized] target(s) in 34.85s
Resolved 52 packages in 1ms
Audited 50 packages in 0.22ms
[quantos-strategy-lab] Building wheel...
[quantos-engine-sdk] Building wheel...
[quantos-llmquant] Building wheel...
[quantos-mock-engine] Building wheel...
[quantos-openbb-adapter] Building wheel...
[quantos-rd-agent] Building wheel...
[quantos-trading-agents] Building wheel...
[quantos-vibe-adapter] Building wheel...
Successfully built artifacts/python/quantos_engine_sdk-0.1.0-py3-none-any.whl
Successfully built artifacts/python/quantos_llmquant-0.1.0-py3-none-any.whl
Successfully built artifacts/python/quantos_mock_engine-0.1.0-py3-none-any.whl
Successfully built artifacts/python/quantos_openbb_adapter-0.1.0-py3-none-any.whl
Successfully built artifacts/python/quantos_rd_agent-0.1.0-py3-none-any.whl
Successfully built artifacts/python/quantos_strategy_lab-0.1.0-py3-none-any.whl
Successfully built artifacts/python/quantos_trading_agents-0.1.0-py3-none-any.whl
Successfully built artifacts/python/quantos_vibe_adapter-0.1.0-py3-none-any.whl
