cargo fmt --check
cargo clippy --workspace --all-targets -- -D warnings
uv run --locked --project engines --all-packages ruff check .
All checks passed!
uv run --locked --project engines --all-packages pyright --project engines
0 errors, 0 warnings, 0 informations 
pnpm lint

> @sumalpha/quantos@ lint /Users/anray/Documents/project/SumAlpha/QuantOS
> pnpm -r lint

Scope: 7 of 8 workspace projects
packages/config lint$ eslint src tests --ext .ts
packages/ui lint$ eslint src tests --ext .ts,.tsx
packages/config lint: Done
packages/ui lint: Done
packages/platform lint$ eslint src tests --ext .ts
packages/api-client lint$ eslint src tests --ext .ts
packages/platform lint: Done
packages/api-client lint: Done
apps/website lint$ eslint app src tests
packages/domain-ui lint$ eslint src tests --ext .ts,.tsx
apps/website lint: Done
packages/domain-ui lint: Done
apps/terminal lint$ eslint app src tests --ext .ts,.tsx
apps/terminal lint: Done
pnpm typecheck

> @sumalpha/quantos@ typecheck /Users/anray/Documents/project/SumAlpha/QuantOS
> pnpm -r typecheck

Scope: 7 of 8 workspace projects
packages/config typecheck$ tsc --project tsconfig.json --noEmit
packages/ui typecheck$ tsc --project tsconfig.json --noEmit
packages/config typecheck: Done
packages/ui typecheck: Done
packages/api-client typecheck$ tsc --project tsconfig.json --noEmit
packages/platform typecheck$ tsc --project tsconfig.json --noEmit
packages/platform typecheck: Done
packages/api-client typecheck: Done
packages/domain-ui typecheck$ tsc --project tsconfig.json --noEmit
apps/website typecheck$ tsc --project tsconfig.json --noEmit
apps/website typecheck: Done
packages/domain-ui typecheck: Done
apps/terminal typecheck$ tsc --project tsconfig.json --noEmit
apps/terminal typecheck: Done
    Checking bff-gateway v0.1.0 (/Users/anray/Documents/project/SumAlpha/QuantOS/services/bff-gateway)
    Checking quantos-evidence v0.1.0 (/Users/anray/Documents/project/SumAlpha/QuantOS/crates/quantos-evidence)
    Finished `dev` profile [unoptimized + debuginfo] target(s) in 4.11s
