✔ formal gate rejects zero, one, two and noninteger runs (0.401083ms)
✔ all binaries participate in digest and omitted binary fails (3.483042ms)
✔ extra binary, missing wheel and stale/empty Web cannot pass output inventory (3.193167ms)
✔ manifest inventory cannot omit or add members (0.062375ms)
✔ dirty and untracked source rejected (62.520292ms)
✔ deleted module README is rejected (3.074208ms)
✔ wrong uv version fails toolchain preflight (16.818709ms)
✔ invalid locks fail real lock entrypoint (59.303459ms)
✔ Terminal default lint rejects a page TSX violation (812.814542ms)
✔ invalid run revokes old successful receipt (26.064125ms)
✔ Cargo manifest drift is rejected by actual lock gate (704.712ms)
✔ uv manifest drift is rejected by actual lock gate (630.208916ms)
✔ pnpm manifest drift is rejected by actual lock gate (896.178334ms)
✔ malformed Buf lock is rejected by actual lock gate (642.548958ms)
✔ broken Desktop is outside phase-one pnpm frozen check (300.218417ms)
✔ uv output marker is metadata, other unexpected files still fail (2.070625ms)
✔ build-only tool is required in output inventory without becoming a runtime binary (2.27375ms)
✔ pnpm frozen check rejects missing or changed patch bytes (665.995ms)
✔ pnpm patch cannot read outside the repository (154.652375ms)
ℹ tests 19
ℹ suites 0
ℹ pass 19
ℹ fail 0
ℹ cancelled 0
ℹ skipped 0
ℹ todo 0
ℹ duration_ms 5021.059
