node --test scripts/f02-gate-negative.mjs scripts/f02-a11-gate-negative.mjs scripts/playwright-git-history.test.mjs
✔ complete Linux matrix passes; deletion and pixel tampering fail (415.931666ms)
✔ acceptance never updates snapshots or skips missing snapshots (0.487959ms)
✔ only main signing and verification jobs receive the signing environment (9.953875ms)
✔ signing policy rejects missing protection, wildcards, tags and extra branches (0.491833ms)
✔ candidate import rejects tampering and stale source before writing, then imports the reviewed matrix (378.453584ms)
✔ required download check rejects skipped or failed event-specific verification (24.375584ms)
✔ PR receipts bind the checked out head while main signing stays on the event SHA (3.244541ms)
Verified 2 release files for aaaaaaaaaaaaaaaaaaaaaaaaaaaaaaaaaaaaaaaa
Verified 2 release files for aaaaaaaaaaaaaaaaaaaaaaaaaaaaaaaaaaaaaaaa
✔ real Gitleaks positive control and GitHub/Slack leaks (1588.12ms)
✔ historical digest exceptions do not waive fresh credentials in audit JSON (1120.55925ms)
✔ RLS baseline rejects policy deletion and late disabling with recovery (172.283292ms)
✔ migration filename control, rejection and recovery (15.228167ms)
✔ waivers only authorize exact advisory/ecosystem/package/version before expiry (1.065333ms)
✔ license expression policy does not globally allow LGPL or unknown licenses (0.3225ms)
✔ release binds complete payload and SBOM to source; rejects corruption and build-only native files (3.112958ms)
✔ Buf compares against distinct historical source and detects removed fields (523.523417ms)
✔ SCA scanner adapter consumes exact waivers and never waives scanner failures (1048.088583ms)
✔ Playwright PR reporting preserves complete history for downstream security scans (1637.821834ms)
ℹ tests 17
ℹ suites 0
ℹ pass 17
ℹ fail 0
ℹ cancelled 0
ℹ skipped 0
ℹ todo 0
ℹ duration_ms 4514.546625
