✔ all eight independently content-bound dependencies admit DEVELOPMENT only (17.478834ms)
✔ engineering aggregation preserves the sole pending user confirmation (9.170583ms)
✔ milestone rejects missing F0 (8.180083ms)
✔ milestone rejects missing PRE (8.58825ms)
✔ milestone rejects duplicate dependency (8.68975ms)
✔ milestone rejects unready F0 (8.058916ms)
✔ milestone rejects manifest bytes replaced (8.140917ms)
✔ milestone rejects digest substituted (7.934834ms)
✔ milestone rejects dependency path substituted (7.474167ms)
✔ milestone rejects dependency verdict substituted (7.5385ms)
✔ milestone rejects self manifest schema (7.618375ms)
✔ milestone rejects normative change (7.282292ms)
✔ milestone rejects source input change (7.232042ms)
✔ milestone rejects unexecuted check (8.43075ms)
✔ milestone rejects missing execution time (7.384084ms)
✔ milestone rejects missing required check (7.682917ms)
✔ milestone rejects duplicate check (7.45225ms)
✔ milestone rejects wrong command (7.89175ms)
✔ milestone rejects log tampering (7.279583ms)
✔ milestone rejects rehashed prose (7.643167ms)
✔ milestone rejects external log path (7.294708ms)
✔ milestone rejects false formal acceptance (7.447083ms)
✔ milestone rejects aggregate claims database run (6.6135ms)
✔ milestone rejects hidden exclusions (6.962167ms)
✔ milestone rejects unresolved functional finding (7.049416ms)
✔ dependency validator is invoked and errors propagate (6.929875ms)
✔ fake READY cannot hide changed G0 scope (6.881958ms)
✔ arbitrary existing markdown cannot serve as a milestone receipt (0.08325ms)
✔ own arbitrary digest is rejected independently of dependency status (0.062959ms)
✔ F0 policy contains the six missing nodes and all eleven obligations (7.113167ms)
✔ production schema drift comparator rejects tables (0.132917ms)
✔ production schema drift comparator rejects columns (0.053792ms)
✔ production schema drift comparator rejects constraints (0.04275ms)
✔ production schema drift comparator rejects indexes (0.048708ms)
✔ production schema drift comparator rejects policies (0.035666ms)
✔ production schema drift comparator rejects routines (0.030167ms)
✔ production schema drift comparator rejects triggers (0.035542ms)
✔ 100-task recovery evidence cannot use 10-task diagnostic or accept P95 (0.798584ms)
✔ CI consumes the full milestone engineering validator and its negatives (0.068291ms)
ℹ tests 39
ℹ suites 0
ℹ pass 39
ℹ fail 0
ℹ cancelled 0
ℹ skipped 0
ℹ todo 0
ℹ duration_ms 279.428875
