
> @sumalpha/quantos@ test:development-plans /Users/anray/Documents/project/SumAlpha/QuantOS
> node --test scripts/development-plan-order-negative.mjs

✔ joint schedule is acyclic and preserves task/status boundaries (10.452ms)
✔ restoring a complete R1 prerequisite for S2 services creates a rejected cycle (5.140417ms)
✔ research service waiting on its consumer page is rejected (4.477666ms)
✔ historical CORE:R04 to CORE:L04 probe now fails closed (4.381417ms)
✔ an early identity API cannot silently depend on later research services (5.748458ms)
✔ a provider cannot wait for the consumer frontend Gate (4.293083ms)
✔ removing S2 service admission from a core execution task is rejected (4.661417ms)
✔ S2 service Gate cannot omit TP12 advance evaluation (4.828ms)
✔ I10 cannot drop testnet service admission even if metadata is edited with it (5.110375ms)
✔ a new or existing frontend cannot skip the full provider Gate (5.293208ms)
✔ G5 cannot be marked as closing in I4 before reconciliation (5.21925ms)
✔ moving the G1 block above I1 tasks is rejected (4.794792ms)
✔ milestone cannot omit its last child while retaining a Gate summary (5.046042ms)
✔ prose-only backend dependencies cannot drift from structured prerequisites (5.117417ms)
✔ core closure mapping cannot become an implicit service alias (4.839458ms)
✔ ACCEPTED checkpoint needs SHA and evidence, not only a green word (5.445ms)
✔ accepted checkpoint evidence must resolve (2.663125ms)
✔ missing checkpoint and unknown dependency fail closed (7.00875ms)
✔ API windows cannot skip their preceding provider checkpoint (4.763459ms)
✔ UI windows cannot skip the preceding reconciliation window (4.670958ms)
✔ Web intake preserves the explicit no-model-review schema (1.397708ms)
✔ missing Web task fields still fail closed (1.46375ms)
✔ both plans must publish exactly the same stage contract (5.32675ms)
✔ changing both plans cannot defer correctness or functional deadlines to release (12.82825ms)
✔ both plans must retain every deferred release obligation (14.511792ms)
✔ tasks and checkpoints cannot omit, invent, or misclassify their stage gate (18.759917ms)
✔ release prerequisites cannot block either development or integration (11.557209ms)
✔ release gates cannot skip business closure or inherit the wrong stage (13.378875ms)
✔ historical ACCEPTED and completed tasks do not automatically become READY (5.485792ms)
✔ READY needs its own input digest and resolvable evidence (29.900792ms)
✔ unassessed stage gates cannot carry an apparent ready receipt (6.96725ms)
✔ BLOCKED retains failure evidence and digest without being counted as READY (9.031625ms)
✔ a READY chain needs READY prerequisites and its own evidence at every node (14.045375ms)
✔ stage readiness never substitutes for formal acceptance evidence (2.696958ms)
✔ release READY requires formal acceptance and all functional prerequisites (8.38825ms)
ℹ tests 35
ℹ suites 0
ℹ pass 35
ℹ fail 0
ℹ cancelled 0
ℹ skipped 0
ℹ todo 0
ℹ duration_ms 297.460458
