
> @sumalpha/quantos@ test:pre01 /Users/anray/Documents/project/SumAlpha/QuantOS
> node --test ./scripts/tests/check-pre01.test.mjs

✔ current PRE-01 artifacts satisfy the executable contract (5.078459ms)
✔ missing a page state fails closed (1.886791ms)
✔ invalid story priority fails closed (0.520709ms)
✔ missing traceability row fails closed (1.32325ms)
✔ published operation cannot regress to planned fails closed (1.630125ms)
✔ unknown role fails closed (0.480084ms)
✔ unknown route fails closed (0.535833ms)
✔ duplicate story fails closed (0.53575ms)
✔ missing flow stories fails closed (0.64875ms)
✔ missing flow scenarios fails closed (1.2935ms)
✔ unsafe proposal criterion fails closed (1.190209ms)
✔ unknown trace task fails closed (1.345583ms)
✔ unauthorized admin grant fails closed (1.060583ms)
✔ missing permission route fails closed (0.691042ms)
✔ phase-one P16 fails closed (0.089458ms)
✔ missing contract owner fails closed (1.109833ms)
✔ empty flow role fails closed (0.567666ms)
✔ empty flow route fails closed (0.580417ms)
✔ state label mismatch fails closed (0.919375ms)
✔ desktop-only story fails closed (0.57975ms)
✔ persistent offline cache fails closed (0.909583ms)
✔ admin domain permission fails closed (0.705375ms)
✔ missing page story fails closed (0.500917ms)
✔ cross-page route fails closed (0.426041ms)
✔ current G0 governance preserves history without granting current acceptance (1.429791ms)
✔ past-due G0 item cannot silently remain OPEN (0.641208ms)
✔ fabricated G0 acceptance fails against current checkpoint (0.564625ms)
✔ missing G0 leftover owner fails (0.556709ms)
✔ P05 cannot bind metadata download to an untraced audit export operation (1.879583ms)
✔ P21 cannot drop alert ownership from both ledger and trace while retaining the subscription (2.096209ms)
✔ unknown unlabelled operation in API register is rejected (1.626083ms)
✔ P05 quality alerts require C16 ownership on the consumer page (1.468167ms)
✔ API register rejects current version 1.4.0 (1.362334ms)
✔ API register rejects current version 99.99.0 (1.386833ms)
✔ published register row cannot omit API version (1.518625ms)
✔ published register row cannot omit generated mock version (1.496333ms)
✔ all ten historical compatibility strategies cannot be cleared (0.713209ms)
✔ current disposition cannot drop a historical parent (0.966125ms)
✔ current disposition requires effective checkpoint deadline (0.792583ms)
✔ current disposition cannot claim target RELEASE completion (0.836084ms)
✔ current disposition requires nonempty compatibility strategy (0.950291ms)
✔ current disposition presentation must match structured source (0.766291ms)
✔ current deadline cannot defer DEVELOPMENT provider obligations to integration (0.849958ms)
ℹ tests 43
ℹ suites 0
ℹ pass 43
ℹ fail 0
ℹ cancelled 0
ℹ skipped 0
ℹ todo 0
ℹ duration_ms 141.017708
