
> @sumalpha/quantos@ test:pre06 /Users/anray/Documents/project/SumAlpha/QuantOS
> node --test scripts/pre06-gate-negative.mjs scripts/pre06-runtime-negative.mjs

✔ current PRE-06 Web baseline passes (24.718667ms)
✔ website browser Gate deletion is rejected (10.498542ms)
✔ Desktop coupling in phase-one compatibility is rejected (7.948709ms)
✔ Desktop deep-link inclusion in phase-one Terminal is rejected (6.947458ms)
✔ generated operation coverage drift is rejected (6.189375ms)
✔ visual baseline integrity failure is rejected (5.951625ms)
✔ performance budget weakening is rejected (5.577958ms)
✔ disabled CI steps and comment-only commands are rejected (16.001625ms)
✔ contract assertion deletion and visual comparison deletion fail closed (9.85275ms)
✔ website performance and critical coverage gates cannot be removed (10.554083ms)
✔ CI retry policy must reject flaky outcomes and archive failure evidence (11.060334ms)
✔ comments cannot restore weakened budget or critical coverage policy (14.653333ms)
✔ skipped suites and inactive screenshot assertions cannot satisfy the baseline (36.116083ms)
✔ critical contract callbacks cannot return early, hide assertions, or remove runtime counting (22.868125ms)
✔ unknown and corrupted fixtures are rejected, explicit sabotage fixtures remain expected failures (28.709959ms)
✔ empty assets and empty route manifest are never a zero-sized performance PASS (28.088708ms)
✔ actual CI configs return nonzero for first-fail-then-pass policy probe (1258.167417ms)
ℹ tests 17
ℹ suites 0
ℹ pass 17
ℹ fail 0
ℹ cancelled 0
ℹ skipped 0
ℹ todo 0
ℹ duration_ms 1364.963583
