
> @sumalpha/quantos@ test:pre04 /Users/anray/Documents/project/SumAlpha/QuantOS
> node --test scripts/pre04-gate-negative.mjs

✔ current full phase-one inventory passes (11.146458ms)
✔ missing Gap is rejected (5.886583ms)
✔ undecided realtime dependency is rejected (5.396ms)
✔ deleted required actorId field is rejected (4.3505ms)
✔ nonexistent field source is rejected (3.939542ms)
✔ wrong field type and optionality are rejected (4.519917ms)
✔ generated operation deletion is rejected (3.75275ms)
✔ generated method and path drift are rejected (7.524834ms)
✔ same-count schema rename is rejected (3.118292ms)
✔ schema required and enum drift are rejected (8.226875ms)
✔ same-count Proto message rename is rejected (3.78525ms)
✔ removed Proto declaration is rejected (3.812125ms)
✔ same-count JSON Schema replacement is rejected (3.947333ms)
✔ duplicate contract row is rejected before Map collapse (3.697083ms)
✔ duplicate Gap row is rejected before Map collapse (3.563ms)
✔ nonexistent role owner is rejected (3.734375ms)
✔ nonexistent backend task is rejected (3.521583ms)
✔ nonexistent BFF task is rejected (3.474167ms)
✔ unknown Gap page is rejected (3.608ms)
✔ each missing website P0 page is rejected (17.380417ms)
✔ missing auxiliary risk/audit/order contract is rejected (10.565958ms)
✔ closing partly published Gap is rejected (3.739917ms)
✔ omitting planned operation is rejected (3.533167ms)
✔ unpublished Inventory Fixture cannot claim Implemented (3.662917ms)
✔ generated-only contract cannot claim Integrated (3.531542ms)
✔ missing provider evidence is rejected (3.283292ms)
✔ changed provider receipt is rejected (3.463583ms)
✔ missing Inventory Fixture is rejected (4.026833ms)
✔ Desktop contamination is rejected by Web inventory (3.931125ms)
✔ nonexistent domain field mappings including the former engine-version anchor are rejected (7.837ms)
✔ removed referenced core task is rejected (3.87925ms)
✔ catalog source drift is rejected (3.702458ms)
✔ empty implementation artifact lists are rejected for every implemented contract (10.583542ms)
✔ each missing implementation evidence category is rejected (31.919667ms)
✔ duplicate artifacts cannot substitute for test or receipt evidence (3.661541ms)
✔ another contract receipt cannot substitute for required evidence (3.696375ms)
✔ unknown task suffixes are rejected in both backend task columns (21.383875ms)
✔ ambiguous cross-prefix ranges cannot impersonate reviewed backend tasks (7.828833ms)
ℹ tests 38
ℹ suites 0
ℹ pass 38
ℹ fail 0
ℹ cancelled 0
ℹ skipped 0
ℹ todo 0
ℹ duration_ms 345.532
