
> @sumalpha/quantos@ test:pre02 /Users/anray/Documents/project/SumAlpha/QuantOS
> pnpm --filter @sumalpha/ui test:pre02


> @sumalpha/ui@0.1.0 test:pre02 /Users/anray/Documents/project/SumAlpha/QuantOS/packages/ui
> node --test scripts/pre02-gate-negative.mjs

✔ current PRE-02 design-system contract passes (7.804375ms)
✔ renaming a required safety key fails even when the count stays at 18 (1.598458ms)
✔ missing state color mapping fails closed (1.252458ms)
✔ insufficient focus contrast is rejected (1.1125ms)
✔ missing readonly viewport is rejected (1.05775ms)
✔ deny cannot become success (1.38275ms)
✔ mapped token paths must exist (0.918459ms)
✔ English safety semantics cannot be inverted (0.748791ms)
✔ all compact density values remain frozen (0.788792ms)
✔ focus width and path remain frozen (0.845375ms)
✔ breakpoint intervals cannot develop gaps (0.666209ms)
✔ typography and spacing must match the reviewed contract (0.901375ms)
✔ required component identity cannot be replaced (0.728958ms)
✔ comments do not supply executable Storybook configuration (0.729583ms)
✔ surface.2 contrast cannot be removed from the contract (0.670125ms)
✔ native reference viewport is not a prerequisite of the Web Gate (0.6ms)
✔ disabled contrast rule cannot hide behind a matching comment (0.651583ms)
✔ readonly viewport dimensions cannot hide behind its identifier (0.775542ms)
✔ phase-two page cannot enter the Web component acceptance rows (0.747125ms)
✔ provider JSX outside the decorator cannot authorize empty decorators (0.721ms)
✔ unexported configuration does not authorize a Storybook entry (0.695125ms)
✔ initial theme cannot contradict the dark default contract (0.641042ms)
✔ object spread cannot silently override required addons (0.749625ms)
✔ duplicate decorators cannot replace the validated provider tree (0.728917ms)
✔ dead JSX branches are not executed provider decorators (0.96125ms)
✔ provider attributes cannot be overwritten through JSX spreads (0.64225ms)
✔ provider-only JSX without the Story consumer is rejected (0.59725ms)
ℹ tests 27
ℹ suites 0
ℹ pass 27
ℹ fail 0
ℹ cancelled 0
ℹ skipped 0
ℹ todo 0
ℹ duration_ms 197.976209
