
> @sumalpha/quantos@ test:pre03 /Users/anray/Documents/project/SumAlpha/QuantOS
> node --test scripts/pre03-gate-negative.mjs

✔ current Web contract passes and never loads Desktop inputs (8.444791ms)
✔ apps/terminal rejects Next 15.5.23 (5.301333ms)
✔ apps/terminal rejects Next 16.0.0 (1.97275ms)
✔ apps/website rejects Next 15.5.23 (1.62325ms)
✔ apps/website rejects Next 16.0.0 (1.55575ms)
✔ missing package resolutions (1.894583ms)
✔ missing snapshots (1.223875ms)
✔ specifier drift (1.757084ms)
✔ dependency removed (1.7945ms)
✔ dependency inserted (1.821084ms)
✔ manifest drift fails without changing lock (0.853709ms)
✔ ADR drift fails (0.740667ms)
✔ duplicate ADR version row fails (0.688916ms)
✔ missing transitive snapshot fails (1.756625ms)
✔ Node pin drift fails (0.86125ms)
✔ effective Next configuration: valid export (221.6725ms)
✔ effective Next configuration: comment marker (223.654708ms)
✔ effective Next configuration: dead branch (218.939458ms)
✔ effective Next configuration: subsequent override (217.671583ms)
✔ effective Next configuration: function config (217.458667ms)
✔ bad route resources, fake HTML and script failures fail closed (11821.928416ms)
✔ Next-specific async client violation is an ESLint error (254.200292ms)
✔ build receipts reject stale source, config, identity and missing receipts (1.999625ms)
✔ source binding ignores caches but detects actual source changes (3.5835ms)
✔ all workspace importers and exact link targets are required (9.438333ms)
✔ runtime loader discovers omitted manifests independently of lockfile (493.747ms)
✔ per-app env files are isolated and reloaded without polluting caller (666.007042ms)
ℹ tests 27
ℹ suites 0
ℹ pass 27
ℹ fail 0
ℹ cancelled 0
ℹ skipped 0
ℹ todo 0
ℹ duration_ms 15101.906208
