Validated 6 pinned Buf plugins and locked generation workflow.
✔ proto generation configuration is pinned and lock-preserving (38.483042ms)
✔ proto generation configuration rejects an unpinned remote plugin (36.444375ms)
✔ proto generation configuration rejects implicit dependency updates (36.83825ms)
ℹ tests 3
ℹ suites 0
ℹ pass 3
ℹ fail 0
ℹ cancelled 0
ℹ skipped 0
ℹ todo 0
ℹ duration_ms 143.009958
Extracted 50 JSON schema documents.
Validated 50 standalone JSON schemas and 11 planned domain schemas.
✔ standalone JSON schema gate passes the complete generated catalog (123.915042ms)
✔ standalone JSON schema gate rejects a missing planned domain schema (43.214625ms)
✔ standalone JSON schema gate rejects an unresolved reference (120.309459ms)
ℹ tests 3
ℹ suites 0
ℹ pass 3
ℹ fail 0
ℹ cancelled 0
ℹ skipped 0
ℹ todo 0
ℹ duration_ms 319.334791
Proto compatibility checked against 06de76792d7b5ba204be81d98db03d7550edc15c
Proto checks passed.
