
> @sumalpha/quantos@ test:provider-a1 /Users/anray/Documents/project/SumAlpha/QuantOS
> node --test scripts/provider-a1-receipts.test.mjs

✔ valid source and execution-bound dependency chain is READY without release signatures (38.621167ms)
✔ missing required execution (29.194458ms)
✔ failed execution (29.826292ms)
✔ wrong actual command (29.66525ms)
✔ unresolved issue (23.410666ms)
✔ wrong node (23.338708ms)
✔ missing source inventory (27.411083ms)
✔ plan scope changed (23.726041ms)
✔ outside log path (29.114542ms)
✔ wrong log digest (27.743583ms)
✔ missing dependency (28.3575ms)
✔ dependency digest substituted (28.473333ms)
✔ tampered manifest bytes are rejected (23.584041ms)
✔ changed source content is rejected despite unchanged gate digest (28.415125ms)
✔ dependency must independently be READY (29.098709ms)
✔ arbitrary log cannot masquerade as successful execution (27.921125ms)
✔ input file symlink cannot escape the repository (27.379792ms)
✔ database execution cannot be inferred from a normal local PASS (34.314167ms)
✔ Supabase target receipt verifies each compressed execution log (34.645ms)
✔ source drift during execution invalidates the original input snapshot (42.57ms)
✔ requirement drift during execution invalidates the original input snapshot (46.467792ms)
✔ controlled public development profile overrides stale values and preserves server inputs (0.139708ms)
✔ private credentials cannot be injected through a public development profile (0.104167ms)
✔ transient Auth 503 can retry only a complete target execution (0.101125ms)
✔ persistent target timeout never becomes PASS and stops at its budget (0.103375ms)
✔ semantic target failures stop without retry or PASS (0.032125ms)
✔ target retry budget cannot be unbounded (0.1035ms)
✔ configured target retries require explicit attempt outcomes in the receipt (33.944375ms)
✔ three successful full builds bind output inventories (0.368916ms)
✔ reproducibility rejects only two builds (0.124333ms)
✔ reproducibility rejects missing Python build (0.13225ms)
✔ reproducibility rejects failed command (0.131166ms)
✔ reproducibility rejects different output digest (0.0915ms)
✔ reproducibility rejects substituted inventory (0.069167ms)
✔ reproducibility rejects dirty source (0.056875ms)
✔ reproducibility rejects old source (0.060167ms)
✔ development policy retains explicit build, coverage, volume and target storage obligations (0.315083ms)
✔ static make commands cannot reload .env.local or inherit target database opt-ins (0.083666ms)
✔ volume retry restarts the complete check only on a closed PostgreSQL transport (0.051542ms)
✔ volume correctness and certificate errors cannot be retried into PASS (0.029542ms)
✔ persistent database transport failure stays failed at the retry limit (0.024916ms)
✔ separate assessment snapshot preserves historical manifests and binds its own logs (34.077792ms)
✔ third-party Git link binds the actual clean checkout and rejects dirty/advanced source (148.532666ms)
ℹ tests 43
ℹ suites 0
ℹ pass 43
ℹ fail 0
ℹ cancelled 0
ℹ skipped 0
ℹ todo 0
ℹ duration_ms 892.482791
