✔ formal gate rejects zero, one, two and noninteger runs (0.359666ms)
✔ all binaries participate in digest and omitted binary fails (2.975709ms)
✔ extra binary, missing wheel and stale/empty Web cannot pass output inventory (2.420791ms)
✔ manifest inventory cannot omit or add members (0.066875ms)
✔ dirty and untracked source rejected (57.193583ms)
✔ deleted module README is rejected (2.417625ms)
✔ wrong uv version fails toolchain preflight (16.410208ms)
✔ invalid locks fail real lock entrypoint (30.795959ms)
✔ Terminal default lint rejects a page TSX violation (756.901083ms)
✔ invalid run revokes old successful receipt (24.172333ms)
✔ Cargo manifest drift is rejected by actual lock gate (578.529417ms)
✔ uv manifest drift is rejected by actual lock gate (621.324208ms)
✔ pnpm manifest drift is rejected by actual lock gate (831.15625ms)
✔ malformed Buf lock is rejected by actual lock gate (630.006459ms)
✔ broken Desktop is outside phase-one pnpm frozen check (295.171375ms)
✔ uv output marker is metadata, other unexpected files still fail (2.130875ms)
✔ build-only tool is required in output inventory without becoming a runtime binary (1.988125ms)
✔ pnpm frozen check rejects missing or changed patch bytes (632.434417ms)
✔ pnpm patch cannot read outside the repository (142.237792ms)
ℹ tests 19
ℹ suites 0
ℹ pass 19
ℹ fail 0
ℹ cancelled 0
ℹ skipped 0
ℹ todo 0
ℹ duration_ms 4661.824208
