node --test scripts/f02-gate-negative.mjs scripts/f02-a11-gate-negative.mjs scripts/playwright-git-history.test.mjs scripts/storage-fixture.test.cjs scripts/f02-development-database.test.cjs
✔ complete Linux matrix passes; deletion and pixel tampering fail (401.260875ms)
✔ acceptance never updates snapshots or skips missing snapshots (0.525584ms)
✔ only main signing and verification jobs receive the signing environment (10.189125ms)
✔ signing policy rejects missing protection, wildcards, tags and extra branches (0.169125ms)
✔ candidate import rejects tampering and stale source before writing, then imports the reviewed matrix (350.845958ms)
✔ required download check rejects skipped or failed event-specific verification (22.301709ms)
✔ PR receipts bind the checked out head while main signing stays on the event SHA (3.208375ms)
✔ successful checks publish only after all seven negatives, independent read-only verification and close (9.934458ms)
✔ an idle error after mutation is handled, no SQL is replayed and independent cleanup cannot convert FAIL to PASS (1.513917ms)
✔ initial known transport failure closes the failed connection before a fresh connection, preserving bootstrap (2.198834ms)
✔ 28P01 initial failure never retries (0.892709ms)
✔ 42501 initial failure never retries (1.093583ms)
✔ CERT_HAS_EXPIRED initial failure never retries (1.176292ms)
✔ configuration failure overwrites historic PASS with current-source FAIL (0.968709ms)
✔ cleanup catalog mismatch fails even after seven successful checks (3.0315ms)
✔ failed primary close preserves its error and cannot publish success after read-only verification (2.594959ms)
✔ a mutation that does not affect schema is rejected (1.684209ms)
✔ strict artifact acceptance rejects stale success, unclosed sessions, missing bootstrap and post-SQL errors (9.706709ms)
Verified 2 release files for aaaaaaaaaaaaaaaaaaaaaaaaaaaaaaaaaaaaaaaa
Verified 2 release files for aaaaaaaaaaaaaaaaaaaaaaaaaaaaaaaaaaaaaaaa
✔ real Gitleaks positive control and GitHub/Slack leaks (1610.868375ms)
✔ historical digest exceptions do not waive fresh credentials in audit JSON (1071.001458ms)
✔ RLS baseline rejects policy deletion and late disabling with recovery (164.739917ms)
✔ RLS preflight recognizes the actual ten-table A2 migration and rejects incomplete loops (127.35375ms)
✔ RLS preflight expands audit export permissions without treating grants as RLS (127.364084ms)
✔ RLS literal loops preserve late disabling, NO FORCE and policy deletion (126.460542ms)
✔ RLS preflight cannot count conditional loops, comments, literals or function bodies as execution (144.402875ms)
✔ quoted SQL examples inside expanded policy expressions cannot enable RLS (22.116208ms)
✔ migration filename control, rejection and recovery (13.781875ms)
✔ waivers only authorize exact advisory/ecosystem/package/version before expiry (1.033084ms)
✔ license expression policy does not globally allow LGPL or unknown licenses (0.332292ms)
✔ release binds complete payload and SBOM to source; rejects corruption and build-only native files (2.796625ms)
✔ Buf compares against distinct historical source and detects removed fields (481.73875ms)
✔ SCA scanner adapter consumes exact waivers and never waives scanner failures (1024.305792ms)
✔ Playwright PR reporting preserves complete history for downstream security scans (1664.791042ms)
✔ all bucket migration INSERT columns exist in the shared CI fixture (0.365375ms)
﹣ PostgreSQL compiles bucket migrations and preserves private export limits (0.044667ms) # SKIP
ℹ tests 35
ℹ suites 0
ℹ pass 34
ℹ fail 0
ℹ cancelled 0
ℹ skipped 1
ℹ todo 0
ℹ duration_ms 4961.846208
