✔ development COMPLETED does not accept the current F06 review (0.717167ms)
✔ ACCEPTED with any open finding remains blocked (0.212583ms)
✔ all closed findings require a same-SHA complete receipt (0.978ms)
✔ missing or duplicate review markers fail closed (0.160417ms)
✔ archived closure records must be present, complete and unique (0.302916ms)
✔ duplicate F06 task or engineering summaries fail closed (0.212416ms)
✔ all eight registered fixtures retire by exact identity without deleting facts (1.764958ms)
✔ wrong tenant ownership stops before any mutation (0.300125ms)
✔ remaining active actor rejects cleanup success (0.399167ms)
✔ post-SQL disconnect is recorded and no mutation replays (0.162375ms)
✔ duplicate or wrong-run fixture inventory never opens a connection (0.306791ms)
✔ admission rejects partial inventory, unclosed connection, active sessions and missing cleanup (1.193167ms)
✔ command entrypoint retains initial failure, then executes SQL once with verified TLS (1.298583ms)
✔ transport closure after first SQL never reconnects or replays the statement (0.159208ms)
✔ persistent initial closure fails after three closed clients without any SQL (0.160958ms)
✔ authentication initial failure is not retried (0.148792ms)
✔ permission initial failure is not retried (0.126042ms)
✔ TLS initial failure is not retried (0.098541ms)
✔ default and bounded remote development transport budgets (0.332166ms)
✔ unbounded, fractional and malformed budgets fail closed (0.120208ms)
✔ functional database budget records elapsed time and preserves all command arguments (0.580375ms)
✔ timeout remains a failed null exit with its signal and safe error code, without retry (0.12475ms)
✔ existing HTTP/service command budget is unchanged (0.061917ms)
✔ two closed initial connections are retained, closed, then the third succeeds before any statement (0.615208ms)
✔ persistent closure fails after three and retains every failure (0.873125ms)
✔ auth bootstrap failure never retries (0.106666ms)
✔ permission bootstrap failure never retries (0.081834ms)
✔ TLS bootstrap failure never retries (0.07125ms)
✔ cancel bootstrap failure never retries (0.056583ms)
✔ unknown bootstrap failure never retries (0.063291ms)
✔ initial transport timeout retries but a later query error never reconnects (0.102375ms)
✔ failure to close an initial connection prevents retry (0.099125ms)
✔ budget cannot exceed three (0.208916ms)
✔ acceptance rejects missing, unfinished, reordered, semantic or unclosed attempts (2.696834ms)
✔ evidence-save failure closes the connected client and never reconnects (0.088084ms)
✔ initialization after the old 20s loop can pass only with an exact readiness response (1.594375ms)
✔ a never-ready service exhausts one bounded wall-clock budget (1.626542ms)
✔ response after deadline cannot grant readiness (0.116875ms)
✔ exited or killed services fail without waiting or probing (0.092375ms)
✔ connection failures and wrong successful HTTP status cannot pass (2.409583ms)
✔ invalid or unbounded startup budgets reject (0.105291ms)
✔ process exit during a successful probe cannot grant readiness (0.058041ms)
ℹ tests 42
ℹ suites 0
ℹ pass 42
ℹ fail 0
ℹ cancelled 0
ℹ skipped 0
ℹ todo 0
ℹ duration_ms 47.59975
