✔ all eight independently content-bound dependencies admit DEVELOPMENT only (22.40175ms)
✔ engineering aggregation preserves the sole pending user confirmation (13.84675ms)
✔ milestone rejects missing F0 (13.031375ms)
✔ milestone rejects missing PRE (14.189ms)
✔ milestone rejects duplicate dependency (13.427875ms)
✔ milestone rejects unready F0 (12.712833ms)
✔ milestone rejects manifest bytes replaced (12.71425ms)
✔ milestone rejects digest substituted (12.080167ms)
✔ milestone rejects dependency path substituted (12.1985ms)
✔ milestone rejects dependency verdict substituted (12.607458ms)
✔ milestone rejects self manifest schema (13.83475ms)
✔ milestone rejects normative change (13.237041ms)
✔ milestone rejects source input change (19.822ms)
✔ milestone rejects unexecuted check (14.63225ms)
✔ milestone rejects missing execution time (13.758625ms)
✔ milestone rejects missing required check (14.400292ms)
✔ milestone rejects duplicate check (14.20975ms)
✔ milestone rejects wrong command (14.636708ms)
✔ milestone rejects log tampering (13.769917ms)
✔ milestone rejects rehashed prose (13.406167ms)
✔ milestone rejects external log path (13.388541ms)
✔ milestone rejects false formal acceptance (13.255125ms)
✔ milestone rejects aggregate claims database run (13.3505ms)
✔ milestone rejects hidden exclusions (13.085583ms)
✔ milestone rejects unresolved functional finding (12.725208ms)
✔ dependency validator is invoked and errors propagate (12.846875ms)
✔ fake READY cannot hide changed G0 scope (12.344541ms)
✔ arbitrary existing markdown cannot serve as a milestone receipt (0.104667ms)
✔ own arbitrary digest is rejected independently of dependency status (0.067375ms)
✔ F0 policy contains the six missing nodes and all eleven obligations (12.6295ms)
✔ production schema drift comparator rejects tables (0.124584ms)
✔ production schema drift comparator rejects columns (0.058125ms)
✔ production schema drift comparator rejects constraints (0.048584ms)
✔ production schema drift comparator rejects indexes (0.057125ms)
✔ production schema drift comparator rejects policies (0.04625ms)
✔ production schema drift comparator rejects routines (0.034834ms)
✔ production schema drift comparator rejects triggers (0.047833ms)
✔ 100-task recovery evidence cannot use 10-task diagnostic or accept P95 (2.377458ms)
✔ CI validates milestone disposition and preserves strict admission and negatives (5.267833ms)
ℹ tests 39
ℹ suites 0
ℹ pass 39
ℹ fail 0
ℹ cancelled 0
ℹ skipped 0
ℹ todo 0
ℹ duration_ms 450.338958
