
> @sumalpha/quantos@ test:development-plans /Users/anray/Documents/project/SumAlpha/QuantOS
> node --test scripts/development-plan-order-negative.mjs

✔ joint schedule is acyclic and preserves task/status boundaries (16.767ms)
✔ restoring a complete R1 prerequisite for S2 services creates a rejected cycle (5.320291ms)
✔ research service waiting on its consumer page is rejected (4.866875ms)
✔ historical CORE:R04 to CORE:L04 probe now fails closed (4.744958ms)
✔ an early identity API cannot silently depend on later research services (6.070334ms)
✔ a provider cannot wait for the consumer frontend Gate (4.371917ms)
✔ removing S2 service admission from a core execution task is rejected (4.947875ms)
✔ S2 service Gate cannot omit TP12 advance evaluation (5.16875ms)
✔ I10 cannot drop testnet service admission even if metadata is edited with it (5.60225ms)
✔ a new or existing frontend cannot skip the full provider Gate (5.7965ms)
✔ G5 cannot be marked as closing in I4 before reconciliation (5.79675ms)
✔ moving the G1 block above I1 tasks is rejected (5.257125ms)
✔ milestone cannot omit its last child while retaining a Gate summary (5.233333ms)
✔ prose-only backend dependencies cannot drift from structured prerequisites (5.289083ms)
✔ core closure mapping cannot become an implicit service alias (5.1875ms)
✔ ACCEPTED checkpoint needs SHA and evidence, not only a green word (5.586959ms)
✔ accepted checkpoint evidence must resolve (2.758584ms)
✔ missing checkpoint and unknown dependency fail closed (7.041167ms)
✔ API windows cannot skip their preceding provider checkpoint (5.061083ms)
✔ UI windows cannot skip the preceding reconciliation window (5.253917ms)
✔ Web intake preserves the explicit no-model-review schema (1.718625ms)
✔ missing Web task fields still fail closed (1.539458ms)
✔ both plans must publish exactly the same stage contract (5.955ms)
✔ changing both plans cannot defer correctness or functional deadlines to release (13.933375ms)
✔ both plans must retain every deferred release obligation (14.835333ms)
✔ tasks and checkpoints cannot omit, invent, or misclassify their stage gate (20.395792ms)
✔ release prerequisites cannot block either development or integration (12.375125ms)
✔ release gates cannot skip business closure or inherit the wrong stage (14.283542ms)
✔ historical ACCEPTED and completed tasks do not automatically become READY (11.045166ms)
✔ READY needs its own input digest and resolvable evidence (36.55525ms)
✔ unassessed stage gates cannot carry an apparent ready receipt (7.256042ms)
✔ BLOCKED retains failure evidence and digest without being counted as READY (14.472834ms)
✔ a READY chain needs READY prerequisites and its own evidence at every node (19.628791ms)
✔ stage readiness never substitutes for formal acceptance evidence (2.923583ms)
✔ release READY requires formal acceptance and all functional prerequisites (8.901208ms)
✔ core intake follows the frontend audit-report format (6.889709ms)
✔ core review summary must be unique and link to audit evidence (8.174084ms)
✔ core shared task fields and existing window must stay consistent (14.928583ms)
ℹ tests 38
ℹ suites 0
ℹ pass 38
ℹ fail 0
ℹ cancelled 0
ℹ skipped 0
ℹ todo 0
ℹ duration_ms 371.3295
