Validated 6 pinned Buf plugins and locked generation workflow.
✔ proto generation configuration is pinned and lock-preserving (40.536ms)
✔ proto generation configuration rejects an unpinned remote plugin (38.800834ms)
✔ proto generation configuration rejects implicit dependency updates (38.386417ms)
ℹ tests 3
ℹ suites 0
ℹ pass 3
ℹ fail 0
ℹ cancelled 0
ℹ skipped 0
ℹ todo 0
ℹ duration_ms 151.553958
Extracted 50 JSON schema documents.
Validated 50 standalone JSON schemas and 11 planned domain schemas.
✔ standalone JSON schema gate passes the complete generated catalog (122.0385ms)
✔ standalone JSON schema gate rejects a missing planned domain schema (42.737666ms)
✔ standalone JSON schema gate rejects an unresolved reference (116.085542ms)
ℹ tests 3
ℹ suites 0
ℹ pass 3
ℹ fail 0
ℹ cancelled 0
ℹ skipped 0
ℹ todo 0
ℹ duration_ms 312.162958
Proto compatibility checked against 80b70e539957d0a520ef4dee60571e067af8d458
Proto checks passed.
