✔ Auth timeout is retained before bounded successful retry (0.502334ms)
✔ persistent login timeout remains failure after exactly three attempts (0.687333ms)
✔ Auth denial, invalid body and explicit cancellation never retry (0.159792ms)
✔ known closed login transport can retry without recording credential text (0.113208ms)
✔ login budget cannot be extended beyond three attempts (0.340375ms)
✔ only retained transport failures can precede actual login PASS (0.177541ms)
✔ missing, excessive and unfinished Auth attempts cannot establish acceptance (2.787ms)
✔ actual-service receipt requires owned actor, confirmed session retirement and reaped PIDs (5.426416ms)
✔ F07 rejects active actor (0.710291ms)
✔ F07 rejects foreign actor (0.54575ms)
✔ F07 rejects foreign tenant (0.664209ms)
✔ F07 rejects no service cleanup (0.654333ms)
✔ F07 rejects reused PID (0.436958ms)
✔ F07 rejects unconfirmed logout (0.400583ms)
✔ F07 rejects missing logout (0.4085ms)
✔ F07 rejects cleanup failure (0.445125ms)
✔ F07 rejects cleanup after receipt (0.416917ms)
✔ two closed initial connections are retained, closed, then the third succeeds before any statement (0.594458ms)
✔ persistent closure fails after three and retains every failure (0.86425ms)
✔ auth bootstrap failure never retries (0.160542ms)
✔ permission bootstrap failure never retries (0.114125ms)
✔ TLS bootstrap failure never retries (0.070125ms)
✔ cancel bootstrap failure never retries (0.057875ms)
✔ unknown bootstrap failure never retries (0.060375ms)
✔ initial transport timeout retries but a later query error never reconnects (0.113916ms)
✔ failure to close an initial connection prevents retry (0.108875ms)
✔ budget cannot exceed three (0.231167ms)
✔ acceptance rejects missing, unfinished, reordered, semantic or unclosed attempts (2.778875ms)
✔ evidence-save failure closes the connected client and never reconnects (0.080042ms)
✔ valid source and execution-bound dependency chain is READY without release signatures (43.731833ms)
✔ missing required execution (34.104375ms)
✔ failed execution (31.828791ms)
✔ wrong actual command (30.698625ms)
✔ unresolved issue (25.226458ms)
✔ wrong node (24.131041ms)
✔ missing source inventory (32.872416ms)
✔ plan scope changed (25.872291ms)
✔ outside log path (28.942625ms)
✔ wrong log digest (31.06625ms)
✔ missing dependency (28.294542ms)
✔ dependency digest substituted (29.178208ms)
✔ tampered manifest bytes are rejected (23.376458ms)
✔ changed source content is rejected despite unchanged gate digest (27.667583ms)
✔ dependency must independently be READY (27.788708ms)
✔ arbitrary log cannot masquerade as successful execution (27.770042ms)
✔ input file symlink cannot escape the repository (26.89025ms)
✔ database execution cannot be inferred from a normal local PASS (32.085667ms)
✔ Supabase target receipt verifies each compressed execution log (32.485667ms)
✔ source drift during execution invalidates the original input snapshot (41.901709ms)
✔ requirement drift during execution invalidates the original input snapshot (46.008167ms)
✔ controlled public development profile overrides stale values and preserves server inputs (0.134333ms)
✔ private credentials cannot be injected through a public development profile (0.09825ms)
✔ transient Auth 503 can retry only a complete target execution (0.120916ms)
✔ persistent target timeout never becomes PASS and stops at its budget (0.084334ms)
✔ semantic target failures stop without retry or PASS (0.02575ms)
✔ target retry budget cannot be unbounded (0.095667ms)
✔ configured target retries require explicit attempt outcomes in the receipt (32.561958ms)
✔ three successful full builds bind output inventories (0.357625ms)
✔ reproducibility rejects only two builds (0.108417ms)
✔ reproducibility rejects missing Python build (0.132458ms)
✔ reproducibility rejects failed command (0.117042ms)
✔ reproducibility rejects different output digest (0.089292ms)
✔ reproducibility rejects substituted inventory (0.067583ms)
✔ reproducibility rejects dirty source (0.063166ms)
✔ reproducibility rejects old source (0.057ms)
✔ development policy retains explicit build, coverage, volume and target storage obligations (0.307583ms)
✔ static make commands cannot reload .env.local or inherit target database opt-ins (0.088125ms)
✔ volume retry restarts the complete check only on a closed PostgreSQL transport (0.054542ms)
✔ volume correctness and certificate errors cannot be retried into PASS (0.032084ms)
✔ persistent database transport failure stays failed at the retry limit (0.026875ms)
✔ separate assessment snapshot preserves historical manifests and binds its own logs (35.99825ms)
✔ third-party Git link binds the actual clean checkout and rejects dirty/advanced source (146.639459ms)
✔ transient read-only preflight connection closure retries the complete target (0.107917ms)
✔ preflight permission and role failures are not transport retries (0.062792ms)
✔ persistent preflight closure exhausts three attempts without PASS (0.063583ms)
✔ component passes while missing dependency/whole release admission rejects (52.870125ms)
✔ static COMPLETED is never dependency admission (16.056708ms)
✔ READY declarations still execute strict receipt validation (16.306666ms)
✔ release handoff and dependency changes fail closed n=>n.get('RELEASE-GATE:BETA').required_scope=n.get('RELEASE-GATE:BETA').required_scope.replace(handoff,'') (14.011958ms)
✔ release handoff and dependency changes fail closed n=>n.get('RELEASE-GATE:BETA').stage_gate.stage='DEVELOPMENT' (14.4605ms)
✔ release handoff and dependency changes fail closed n=>n.get('CORE:R02').dependencies.pop() (15.009291ms)
✔ full target outcomes, cleanup and coverage bind development scope (32.231208ms)
✔ reject missing initial bootstrap (14.96175ms)
✔ reject unclosed preparation connection (12.5125ms)
✔ reject post-SQL transport reset (13.848167ms)
✔ reject unclosed actor cleanup connection (13.758375ms)
✔ reject missing boundary cleanup bootstrap (11.793583ms)
✔ reject failed combined execution (14.320416ms)
✔ reject failed actor cleanup (11.494875ms)
✔ reject no boundary actors (14.254209ms)
✔ reject new provider run (12.464083ms)
✔ reject fresh quality claim (13.255792ms)
✔ reject engine left running (13.332ms)
✔ reject wrong target (13.329041ms)
✔ reject release claimed (12.169292ms)
✔ reject wrong execution SHA (9.159292ms)
✔ reject missing approval (13.260375ms)
✔ reject changed source (12.195041ms)
✔ reject skipped target test (15.40125ms)
✔ reject under threshold coverage (27.646417ms)
✔ tampered nested log rejected without changing outcome labels (10.763167ms)
✔ nested path escape rejected (10.654834ms)
✔ R1 controlled policies cover the complete dependency closure (997.974166ms)
✔ R01 target and production coverage independently validate (25.905208ms)
✔ R01 reject vacuous actor cleanup (17.249416ms)
✔ R01 reject uncommitted outbox (20.646584ms)
✔ R01 reject fixture claimed as real provider (20.2865ms)
✔ R01 reject RLS failed (19.441042ms)
✔ R01 reject migration mismatched (17.102042ms)
✔ real process inventory outcome is separately required by R02 (0.996291ms)
✔ process cleanup reject leak cleaned after discovery (0.425375ms)
✔ process cleanup reject process inspection skipped (0.339667ms)
✔ process cleanup reject residual child left alive (0.323917ms)
✔ process cleanup reject failed cleanup relabeled (0.343625ms)
✔ process cleanup reject unbounded ownership scope (0.907083ms)
✔ process cleanup reject wrong source (0.337458ms)
✔ process cleanup reject missing baseline capture (0.450375ms)
✔ only repository Python with a known module and test socket is inventoried (0.990084ms)
✔ all fixture socket families including private f08 directories are recognized (0.074416ms)
✔ pre-existing processes and other assessment scopes are never owned (0.096584ms)
✔ PID reuse cannot impersonate an existing process identity (0.06575ms)
✔ real direct Python fixture is observed and terminated without a launcher orphan (1010.406ms)
ℹ tests 122
ℹ suites 0
ℹ pass 122
ℹ fail 0
ℹ cancelled 0
ℹ skipped 0
ℹ todo 0
ℹ duration_ms 1479.805
