node ./scripts/check-vibe-repositories.mjs --baseline ./third_party/vibe-trading/baseline.lock.json --remote-lock ./forks/vibe-trading/repository.lock.json --readonly ./third_party/vibe-trading/upstream-src --fork "${QUANTOS_VIBE_FORK_PATH:-artifacts/third_party/vibe-trading/controlled-fork}"
node:internal/child_process:1120
    result.error = new ErrnoException(result.error, 'spawnSync ' + options.file);
                   ^

<ref *1> Error: spawnSync git ETIMEDOUT
    at Object.spawnSync (node:internal/child_process:1120:20)
    at spawnSync (node:child_process:911:24)
    at execFileSync (node:child_process:954:15)
    at publicRemoteBranch (file:///Users/anray/Documents/project/SumAlpha/QuantOS/scripts/check-vibe-repositories.mjs:35:12)
    at file:///Users/anray/Documents/project/SumAlpha/QuantOS/scripts/check-vibe-repositories.mjs:144:22
    at ModuleJob.run (node:internal/modules/esm/module_job:413:25)
    at async onImport.tracePromise.__proto__ (node:internal/modules/esm/loader:660:26)
    at async asyncRunEntryPointWithESMLoader (node:internal/modules/run_main:101:5) {
  errno: -60,
  code: 'ETIMEDOUT',
  syscall: 'spawnSync git',
  path: 'git',
  spawnargs: [
    '-c',
    'credential.helper=',
    'ls-remote',
    '--exit-code',
    'https://github.com/sumalphai/Vibe-Trading.git',
    'refs/heads/sumalphai/tp01-base'
  ],
  error: [Circular *1],
  status: null,
  signal: 'SIGTERM',
  output: [ null, '', '' ],
  pid: 73883,
  stdout: '',
  stderr: ''
}

Node.js v24.12.0
make: *** [tp01-vibe-repository-check] Error 1
make failed

2 !== 0

