 Downloading crates ...
  Downloaded chacha20 v0.10.2
   Compiling chacha20 v0.10.2
   Compiling quantos-core v0.1.0 (/Users/anray/Documents/project/SumAlpha/QuantOS/crates/quantos-core)
   Compiling prost v0.13.5
   Compiling either v1.17.0
   Compiling heck v0.5.0
   Compiling rand v0.10.2
   Compiling itertools v0.13.0
   Compiling tonic v0.12.3
   Compiling pbjson-types v0.7.0
   Compiling prost-types v0.13.5
   Compiling quantos-policy v0.1.0 (/Users/anray/Documents/project/SumAlpha/QuantOS/crates/quantos-policy)
   Compiling quantos-testkit v0.1.0 (/Users/anray/Documents/project/SumAlpha/QuantOS/crates/quantos-testkit)
   Compiling postgres-protocol v0.6.12
   Compiling postgres-types v0.2.14
   Compiling tokio-postgres v0.7.18
   Compiling pbjson-build v0.7.0
   Compiling quantos-proto-json-codegen v0.1.0 (/Users/anray/Documents/project/SumAlpha/QuantOS/tools/proto-json-codegen)
   Compiling quantos-proto v0.1.0 (/Users/anray/Documents/project/SumAlpha/QuantOS/crates/quantos-proto)
   Compiling postgres-native-tls v0.5.3
   Compiling postgres v0.19.14
   Compiling quantos-auth v0.1.0 (/Users/anray/Documents/project/SumAlpha/QuantOS/crates/quantos-auth)
   Compiling quantos-storage v0.1.0 (/Users/anray/Documents/project/SumAlpha/QuantOS/crates/quantos-storage)
   Compiling quantos-event v0.1.0 (/Users/anray/Documents/project/SumAlpha/QuantOS/crates/quantos-event)
   Compiling quantos-portfolio v0.1.0 (/Users/anray/Documents/project/SumAlpha/QuantOS/crates/quantos-portfolio)
   Compiling quantos-engine-manager v0.1.0 (/Users/anray/Documents/project/SumAlpha/QuantOS/crates/quantos-engine-manager)
   Compiling quantos-runtime v0.1.0 (/Users/anray/Documents/project/SumAlpha/QuantOS/crates/quantos-runtime)
   Compiling quantos-strategy v0.1.0 (/Users/anray/Documents/project/SumAlpha/QuantOS/crates/quantos-strategy)
   Compiling quantos-market v0.1.0 (/Users/anray/Documents/project/SumAlpha/QuantOS/crates/quantos-market)
   Compiling quantos-risk v0.1.0 (/Users/anray/Documents/project/SumAlpha/QuantOS/crates/quantos-risk)
   Compiling quantos-observability v0.1.0 (/Users/anray/Documents/project/SumAlpha/QuantOS/crates/quantos-observability)
   Compiling quantos-execution v0.1.0 (/Users/anray/Documents/project/SumAlpha/QuantOS/crates/quantos-execution)
   Compiling quantos-reconcile v0.1.0 (/Users/anray/Documents/project/SumAlpha/QuantOS/crates/quantos-reconcile)
   Compiling quantos-evidence v0.1.0 (/Users/anray/Documents/project/SumAlpha/QuantOS/crates/quantos-evidence)
   Compiling portfolio-rebuild v0.1.0 (/Users/anray/Documents/project/SumAlpha/QuantOS/services/portfolio-rebuild)
   Compiling replay-cli v0.1.0 (/Users/anray/Documents/project/SumAlpha/QuantOS/services/replay-cli)
   Compiling market-ingestor v0.1.0 (/Users/anray/Documents/project/SumAlpha/QuantOS/services/market-ingestor)
   Compiling execution-gateway v0.1.0 (/Users/anray/Documents/project/SumAlpha/QuantOS/services/execution-gateway)
   Compiling runtime-gateway v0.1.0 (/Users/anray/Documents/project/SumAlpha/QuantOS/services/runtime-gateway)
   Compiling capacity-monitor v0.1.0 (/Users/anray/Documents/project/SumAlpha/QuantOS/services/capacity-monitor)
    Finished `release` profile [optimized] target(s) in 10.59s
