node --test scripts/f04-gate-negative.mjs
✔ P95 gate rejects absent, nonnumeric and over-budget measurements (0.727875ms)
✔ branch gate rejects missing, fabricated, low and empty measurements (220.206375ms)
✔ nightly workflow explicitly overrides the repository stable toolchain (0.377291ms)
ℹ tests 3
ℹ suites 0
ℹ pass 3
ℹ fail 0
ℹ cancelled 0
ℹ skipped 0
ℹ todo 0
ℹ duration_ms 267.066667
cargo test -p quantos-core -p quantos-testkit --locked
    Finished `test` profile [unoptimized + debuginfo] target(s) in 0.13s
     Running unittests src/lib.rs (target/debug/deps/quantos_core-9931cb0bcf69c03e)

running 0 tests

test result: ok. 0 passed; 0 failed; 0 ignored; 0 measured; 0 filtered out; finished in 0.00s

     Running tests/core_contract.rs (target/debug/deps/core_contract-55890c75e306222e)

running 10 tests
test clocks_are_utc_fixed_and_strictly_parsed ... ok
test workspace_health_contract_is_stable ... ok
test every_error_code_and_constructor_is_stable ... ok
test money_and_quantity_enforce_constructor_and_serde_boundaries ... ok
test versions_and_hashes_cover_valid_and_invalid_wire_forms ... ok
test typed_ids_cover_all_public_construction_paths ... ok
test money_deserialization_rejects_every_malformed_shape ... ok
test fixtures_are_canonical_verified_and_serde_safe ... ok
test fixture_rejects_hash_tampering_and_malformed_shapes ... ok
test builder_maps_serialization_failures_and_fixture_hashes_are_repeatable ... ok

test result: ok. 10 passed; 0 failed; 0 ignored; 0 measured; 0 filtered out; finished in 0.03s

     Running unittests src/lib.rs (target/debug/deps/quantos_testkit-b8317ba1d312a0aa)

running 3 tests
test tests::fixed_ids_and_clock_are_replayable ... ok
test tests::domain_operations_stay_below_fifty_milliseconds_p95 ... ok
test tests::thousand_fixture_corpus_is_deterministic ... ok

test result: ok. 3 passed; 0 failed; 0 ignored; 0 measured; 0 filtered out; finished in 0.08s

     Running unittests src/bin/fixture-corpus.rs (target/debug/deps/fixture_corpus-0d0ea4167a1ad10b)

running 0 tests

test result: ok. 0 passed; 0 failed; 0 ignored; 0 measured; 0 filtered out; finished in 0.00s

   Doc-tests quantos_core

running 0 tests

test result: ok. 0 passed; 0 failed; 0 ignored; 0 measured; 0 filtered out; finished in 0.00s

   Doc-tests quantos_testkit

running 0 tests

test result: ok. 0 passed; 0 failed; 0 ignored; 0 measured; 0 filtered out; finished in 0.00s

node scripts/check-f04.mjs
{"acceptance":"PASS","fixtures":1000,"digest":"sha256:7dbf9369132e5d90aef1cd8796450f6d787654bc50122a648920049fb0fd9c34","p95Micros":28}
cargo llvm-cov --package quantos-core --all-features --release --fail-under-lines 90 --fail-under-regions 90 --summary-only
info: cargo-llvm-cov currently setting cfg(coverage); you can opt-out it by passing --no-cfg-coverage
   Compiling quantos-core v0.1.0 (/Users/anray/Documents/project/SumAlpha/QuantOS/crates/quantos-core)
    Finished `release` profile [optimized] target(s) in 0.95s
     Running unittests src/lib.rs (target/llvm-cov-target/release/deps/quantos_core-481bbf1456c53920)

running 0 tests

test result: ok. 0 passed; 0 failed; 0 ignored; 0 measured; 0 filtered out; finished in 0.00s

     Running tests/core_contract.rs (target/llvm-cov-target/release/deps/core_contract-cde95f6e7f6f8888)

running 10 tests
test clocks_are_utc_fixed_and_strictly_parsed ... ok
test typed_ids_cover_all_public_construction_paths ... ok
test workspace_health_contract_is_stable ... ok
test money_and_quantity_enforce_constructor_and_serde_boundaries ... ok
test every_error_code_and_constructor_is_stable ... ok
test versions_and_hashes_cover_valid_and_invalid_wire_forms ... ok
test money_deserialization_rejects_every_malformed_shape ... ok
test fixtures_are_canonical_verified_and_serde_safe ... ok
test fixture_rejects_hash_tampering_and_malformed_shapes ... ok
test builder_maps_serialization_failures_and_fixture_hashes_are_repeatable ... ok

test result: ok. 10 passed; 0 failed; 0 ignored; 0 measured; 0 filtered out; finished in 0.01s

Filename                      Regions    Missed Regions     Cover   Functions  Missed Functions  Executed       Lines      Missed Lines     Cover    Branches   Missed Branches     Cover
-----------------------------------------------------------------------------------------------------------------------------------------------------------------------------------------
clock.rs                           20                 0   100.00%           6                 0   100.00%          16                 0   100.00%           0                 0         -
error.rs                          104                 0   100.00%          18                 0   100.00%          91                 0   100.00%           0                 0         -
fixture.rs                        245                17    93.06%          22                 2    90.91%         147                10    93.20%           0                 0         -
id.rs                              29                 0   100.00%           8                 0   100.00%          24                 0   100.00%           0                 0         -
lib.rs                              3                 0   100.00%           1                 0   100.00%           6                 0   100.00%           0                 0         -
precision.rs                      119                 3    97.48%          17                 0   100.00%          76                 0   100.00%           0                 0         -
versioning.rs                     123                 1    99.19%          20                 0   100.00%          82                 0   100.00%           0                 0         -
-----------------------------------------------------------------------------------------------------------------------------------------------------------------------------------------
TOTAL                             643                21    96.73%          92                 2    97.83%         442                10    97.74%           0                 0         -
bash ./scripts/check-proto.sh
Validated 6 pinned Buf plugins and locked generation workflow.
✔ proto generation configuration is pinned and lock-preserving (41.105834ms)
✔ proto generation configuration rejects an unpinned remote plugin (40.005542ms)
✔ proto generation configuration rejects implicit dependency updates (40.28775ms)
ℹ tests 3
ℹ suites 0
ℹ pass 3
ℹ fail 0
ℹ cancelled 0
ℹ skipped 0
ℹ todo 0
ℹ duration_ms 155.517208
Extracted 50 JSON schema documents.
Validated 50 standalone JSON schemas and 11 planned domain schemas.
✔ standalone JSON schema gate passes the complete generated catalog (145.93475ms)
✔ standalone JSON schema gate rejects a missing planned domain schema (51.850583ms)
✔ standalone JSON schema gate rejects an unresolved reference (138.459292ms)
ℹ tests 3
ℹ suites 0
ℹ pass 3
ℹ fail 0
ℹ cancelled 0
ℹ skipped 0
ℹ todo 0
ℹ duration_ms 369.7615
Proto compatibility checked against 5e7a0f1f9539ace8fe665e5139f5700d6fa3b3fe
Proto checks passed.
/Library/Developer/CommandLineTools/usr/bin/make proto-compat-check
pnpm --filter @sumalpha/api-client build

> @sumalpha/api-client@0.1.0 build /Users/anray/Documents/project/SumAlpha/QuantOS/packages/api-client
> rm -rf dist && tsc --project tsconfig.build.json

node scripts/check-proto-compatibility.mjs
Validated 11,000 fixtures (1,000 per domain message) across all six binary language directions.
Validated all six ProtoJSON directions, including all nine event payloads.
Three frozen Python golden fixtures: unknown binary field, open enums, timestamp extrema, decimal and int64 boundaries; 15 invalid-JSON rejection probes passed.
bash ./scripts/check-lockfiles.sh
Resolved 52 packages in 1ms
Scope: all 8 workspace projects
Done in 155ms using pnpm v10.20.0
All phase-1 locks parse and match their manifests.
