f01-reproducibility 0
f06-target 0
f09-target 0
f01 0
f01-negative 0
f01-lint 0
f01-test 0
proto 0
proto-client 0
api-client-tests 0
foundation-rust 0
f04 0
f04-negative 0
f04-line-coverage 0
f04-branch-coverage 0
event-rust 0
f05 0
f05-negative 0
f05-database 0
f05-volume 0
storage-rust 0
storage-database 0
storage-target 0
rls-target 0
f05-coverage 0
f02-migration-preflight 0
f02-negative 0
f02-secrets 0
f02-license 0
f02-sca 0
f02-waivers 0
f02-database 0
auth-rust 0
f06-negative 0
f07-recovery 0
f07-coverage 0
f07-service 0
f08-functional 0
f08-branches 0
f08-service 0
f09-functional 0
f09-negative 0
tp01-baseline 0
tp01-negative 0
tp01-sync 0
tp01-capability 0
tp-intake 0
plans 0
plans-negative 0
fep0-negative 0
r01-functional 0
r01-target 0
r1-receipt-negative 0
r02-functional 0
r02-target 0
r02-engine-consumers 0
r1-process-cleanup 0
{
  "status": "READY",
  "nodeId": "CORE:R02",
  "inputDigest": "sha256:b3d0b033c5afdc33473e12deb0974d5931d3a9c6a5c2ff27484e956b7c3f6e12",
  "formalAccepted": false
}
