
> @sumalpha/quantos@ test:development-plans /Users/anray/Documents/project/SumAlpha/QuantOS
> node --test scripts/development-plan-order-negative.mjs

✔ joint schedule is acyclic and preserves task/status boundaries (11.668125ms)
✔ restoring a complete R1 prerequisite for S2 services creates a rejected cycle (5.669833ms)
✔ research service waiting on its consumer page is rejected (4.94775ms)
✔ historical CORE:R04 to CORE:L04 probe now fails closed (4.92275ms)
✔ an early identity API cannot silently depend on later research services (6.080125ms)
✔ a provider cannot wait for the consumer frontend Gate (4.365875ms)
✔ removing S2 service admission from a core execution task is rejected (4.891541ms)
✔ S2 service Gate cannot omit TP12 advance evaluation (5.600292ms)
✔ I10 cannot drop testnet service admission even if metadata is edited with it (5.788292ms)
✔ a new or existing frontend cannot skip the full provider Gate (5.91325ms)
✔ G5 cannot be marked as closing in I4 before reconciliation (5.785583ms)
✔ moving the G1 block above I1 tasks is rejected (5.410416ms)
✔ milestone cannot omit its last child while retaining a Gate summary (5.923084ms)
✔ prose-only backend dependencies cannot drift from structured prerequisites (5.918208ms)
✔ core closure mapping cannot become an implicit service alias (5.612333ms)
✔ ACCEPTED checkpoint needs SHA and evidence, not only a green word (5.758417ms)
✔ accepted checkpoint evidence must resolve (2.598625ms)
✔ missing checkpoint and unknown dependency fail closed (6.943291ms)
✔ API windows cannot skip their preceding provider checkpoint (5.721334ms)
✔ UI windows cannot skip the preceding reconciliation window (5.631625ms)
✔ Web intake preserves the explicit no-model-review schema (1.62575ms)
✔ missing Web task fields still fail closed (1.901917ms)
✔ both plans must publish exactly the same stage contract (6.097042ms)
✔ changing both plans cannot defer correctness or functional deadlines to release (14.68525ms)
✔ both plans must retain every deferred release obligation (15.346625ms)
✔ tasks and checkpoints cannot omit, invent, or misclassify their stage gate (21.356416ms)
✔ release prerequisites cannot block either development or integration (13.339ms)
✔ release gates cannot skip business closure or inherit the wrong stage (15.296625ms)
✔ historical ACCEPTED and completed tasks do not automatically become READY (6.675792ms)
✔ READY needs its own input digest and resolvable evidence (33.447167ms)
✔ unassessed stage gates cannot carry an apparent ready receipt (7.621917ms)
✔ BLOCKED retains failure evidence and digest without being counted as READY (9.975833ms)
✔ a READY chain needs READY prerequisites and its own evidence at every node (15.360083ms)
✔ stage readiness never substitutes for formal acceptance evidence (2.948042ms)
✔ release READY requires formal acceptance and all functional prerequisites (9.582625ms)
ℹ tests 35
ℹ suites 0
ℹ pass 35
ℹ fail 0
ℹ cancelled 0
ℹ skipped 0
ℹ todo 0
ℹ duration_ms 331.574334
