
> @sumalpha/quantos@ test:g0-development /Users/anray/Documents/project/SumAlpha/QuantOS
> node --test scripts/g0-development.test.mjs scripts/frontend-import-boundary.test.mjs scripts/user-acceptance-confirmation.test.mjs

✔ production rejects InMemoryTerminalBackend (475.657583ms)
✔ production rejects InMemoryStrategyBackend (1.848708ms)
✔ production rejects InMemoryExecutionBackend (1.153916ms)
✔ production rejects InMemoryOpsBackend (1.020583ms)
✔ production rejects TerminalBackend (1.191334ms)
✔ production rejects StrategyBackend (0.948ms)
✔ production rejects ExecutionBackend (0.846959ms)
✔ production rejects OpsBackend (0.747708ms)
✔ production rejects createTerminalClient (0.85875ms)
✔ production rejects bypass import * as api from '@sumalpha/api-client'; export const value = api; (1.120875ms)
✔ production rejects bypass export * from '@sumalpha/api-client'; (0.635458ms)
✔ production rejects bypass export { InMemoryOpsBackend as Default } from '@sumalpha/api-client'; (0.607541ms)
✔ production rejects bypass export const value = import('@sumalpha/api-client'); (0.690667ms)
✔ production rejects bypass export const value = require('@sumalpha/api-client'); (0.977583ms)
✔ production rejects bypass import { value } from '../../../../crates/bff/src/db'; export {value}; (0.562459ms)
✔ production rejects bypass import { value } from '../tests/fixtures/backend'; export {value}; (0.483375ms)
✔ production rejects bypass export const value = import(globalThis.name); (0.704291ms)
✔ production rejects bypass import { value } from '@sumalpha/api-client/src/terminal'; export {value}; (0.5245ms)
✔ generated named public client imports are allowed (0.526375ms)
✔ explicit test fixture adapters remain allowed (2.331042ms)
✔ production src cannot hide behind a test-like filename (0.580667ms)
✔ shared frontend wrapper cannot re-export a legacy adapter under an alias (1.556833ms)
✔ production rejects direct database or venue module pg (0.534917ms)
✔ production rejects direct database or venue module postgres (0.530625ms)
✔ production rejects direct database or venue module @supabase/supabase-js (0.5285ms)
✔ production rejects direct database or venue module @prisma/client (0.524292ms)
✔ production rejects direct database or venue module ccxt (0.524584ms)
✔ production rejects direct database or venue module @binance/connector (0.5075ms)
✔ registered Storybook data fixtures remain allowed (1.539167ms)
✔ runtime TerminalClient cannot instantiate a handwritten backend in production (0.520875ms)
✔ type-only legacy migration annotation does not create a production adapter (1.179125ms)
✔ production boundary cannot be bypassed with js (2.752416ms)
✔ production boundary cannot be bypassed with jsx (1.431375ms)
✔ production boundary cannot be bypassed with mjs (0.684875ms)
✔ production boundary cannot be bypassed with cjs (1.176333ms)
✔ production boundary cannot be disabled with an inline directive (1.166875ms)
✔ production cannot import repository database CLI internals (0.553667ms)
✔ complete engineering checks retain BLOCKED while scope confirmation is absent (200.381834ms)
✔ strict acceptance rejects pending current user scope (165.330208ms)
✔ G0 rejects missing explicit proto baseline (151.800959ms)
✔ G0 rejects same-head proto baseline (135.364042ms)
✔ G0 rejects fabricated READY (139.493333ms)
✔ G0 rejects historical arbitrary manifest (135.129ms)
✔ G0 rejects missing actual check (131.352583ms)
✔ G0 rejects duplicate actual check (129.025833ms)
✔ G0 rejects failed check (126.843167ms)
✔ G0 rejects unexecuted check (130.352542ms)
✔ G0 rejects wrong command (131.135375ms)
✔ G0 rejects source inventory drift (130.974667ms)
✔ G0 rejects planned scope delivered claim (129.760584ms)
✔ G0 rejects log tampering (125.341417ms)
✔ G0 rejects arbitrary rehashed prose (128.479375ms)
✔ G0 rejects wrong Web build source (133.40075ms)
✔ G0 rejects missing dependency (141.484959ms)
✔ G0 rejects dependency digest drift (135.720833ms)
✔ G0 rejects unready upstream (145.56925ms)
✔ G0 rejects hidden scope residual (121.929375ms)
✔ pending scope cannot incorporate an approval record (102.634958ms)
✔ legacy six-role records cannot grant current confirmation (104.628ms)
✔ confirmed scope must bind current input digest (106.244042ms)
✔ confirmed scope requires the single user record (110.244667ms)
✔ dependency validation is actually invoked and failures propagate (132.09375ms)
✔ one document-bound current user confirmation replaces all role receipts (107.34825ms)
✔ CI must always validate engineering receipts and G0 negatives (0.093125ms)
✔ G0 rejects normative plan drift during execution before publishing (121.923417ms)
✔ G0 rejects code inventory drift during execution before publishing (122.899458ms)
✔ lifecycle metadata alone does not change normative G0 inputs (120.460042ms)
✔ real BFF baseline CLI matches its required G0 execution marker (88.563792ms)
✔ G0 worktree allows only lifecycle/evidence state "" (0.081375ms)
✔ G0 worktree allows only lifecycle/evidence state " M docs/SumAlpha-QuantOS-Development-Plan.md\n" (0.060833ms)
✔ G0 worktree allows only lifecycle/evidence state "M  docs/SumAlpha-QuantOS-Frontend-Development-Execution-Plan.md\n?? docs/audit/evidence/new/\n" (0.050042ms)
✔ G0 worktree allows only lifecycle/evidence state "?? docs/audit/report.md\n" (0.017792ms)
✔ G0 worktree rejects uncommitted functional input " M scripts/g0-development.mjs\n" (0.084958ms)
✔ G0 worktree rejects uncommitted functional input "M  apps/terminal/src/auth/flow.ts\n" (0.045333ms)
✔ G0 worktree rejects uncommitted functional input "?? bff/new.yaml\n" (0.034833ms)
✔ G0 worktree rejects uncommitted functional input "R  docs/audit/a.md -> scripts/backdoor.mjs\n" (0.030792ms)
✔ user-confirmed scope includes the normative G0 plan and excludes lifecycle metadata (113.058292ms)
✔ confirmation-only finalization refuses an absent user reply and cannot bless changed engineering inputs (131.975542ms)
✔ document-bound user reply finalizes the unchanged engineering checks without fabricating new execution (136.396666ms)
✔ one current user confirmation validates all documented review dimensions (1.974833ms)
✔ user confirmation rejects assistant self-approval (0.684167ms)
✔ user confirmation rejects unconfirmed draft (0.257ms)
✔ user confirmation rejects workflow instruction alone (0.700292ms)
✔ user confirmation rejects missing user message (0.190458ms)
✔ user confirmation rejects missing identity (0.129416ms)
✔ user confirmation rejects old historical confirmation (0.120334ms)
✔ user confirmation rejects future confirmation (0.113166ms)
✔ user confirmation rejects wrong node (0.429958ms)
✔ user confirmation rejects wrong stage (0.283792ms)
✔ user confirmation rejects wrong input digest (0.194208ms)
✔ user confirmation rejects wrong draft path (0.139167ms)
✔ user confirmation rejects parent traversal (0.182291ms)
✔ user confirmation rejects wrong document hash (0.193875ms)
✔ changed original user record is rejected even with unchanged scope (0.121459ms)
✔ rehashing a draft cannot authorize a different scope (0.21775ms)
✔ draft must retain every review dimension even with updated document hash (0.154583ms)
ℹ tests 96
ℹ suites 0
ℹ pass 96
ℹ fail 0
ℹ cancelled 0
ℹ skipped 0
ℹ todo 0
ℹ duration_ms 4336.944334
