✔ formal gate rejects zero, one, two and noninteger runs (0.357584ms)
✔ all binaries participate in digest and omitted binary fails (3.037208ms)
✔ extra binary, missing wheel and stale/empty Web cannot pass output inventory (2.283416ms)
✔ manifest inventory cannot omit or add members (0.059541ms)
✔ dirty and untracked source rejected (57.475833ms)
✔ deleted module README is rejected (2.311792ms)
✔ wrong uv version fails toolchain preflight (16.180209ms)
✔ invalid locks fail real lock entrypoint (62.587458ms)
✔ Terminal default lint rejects a page TSX violation (920.489041ms)
✔ invalid run revokes old successful receipt (33.129958ms)
✔ Cargo manifest drift is rejected by actual lock gate (667.950208ms)
✔ uv manifest drift is rejected by actual lock gate (627.068417ms)
✔ pnpm manifest drift is rejected by actual lock gate (830.934166ms)
✔ malformed Buf lock is rejected by actual lock gate (620.816458ms)
✔ broken Desktop is outside phase-one pnpm frozen check (298.360333ms)
✔ uv output marker is metadata, other unexpected files still fail (2.079792ms)
✔ build-only tool is required in output inventory without becoming a runtime binary (1.945833ms)
✔ pnpm frozen check rejects missing or changed patch bytes (627.728208ms)
✔ pnpm patch cannot read outside the repository (139.1575ms)
ℹ tests 19
ℹ suites 0
ℹ pass 19
ℹ fail 0
ℹ cancelled 0
ℹ skipped 0
ℹ todo 0
ℹ duration_ms 4947.415958
