✔ development COMPLETED does not accept the current F06 review (0.727041ms)
✔ ACCEPTED with any open finding remains blocked (0.154208ms)
✔ all closed findings require a same-SHA complete receipt (0.930833ms)
✔ missing or duplicate review markers fail closed (0.154541ms)
✔ archived closure records must be present, complete and unique (0.295625ms)
✔ duplicate F06 task or engineering summaries fail closed (0.19975ms)
✔ all eight registered fixtures retire by exact identity without deleting facts (1.899875ms)
✔ wrong tenant ownership stops before any mutation (0.312917ms)
✔ remaining active actor rejects cleanup success (0.416375ms)
✔ post-SQL disconnect is recorded and no mutation replays (0.172375ms)
✔ duplicate or wrong-run fixture inventory never opens a connection (0.315458ms)
✔ admission rejects partial inventory, unclosed connection, active sessions and missing cleanup (0.85475ms)
✔ command entrypoint retains initial failure, then executes SQL once with verified TLS (1.52025ms)
✔ transport closure after first SQL never reconnects or replays the statement (0.198167ms)
✔ persistent initial closure fails after three closed clients without any SQL (0.185875ms)
✔ authentication initial failure is not retried (0.167542ms)
✔ permission initial failure is not retried (0.157875ms)
✔ TLS initial failure is not retried (0.123208ms)
✔ default and bounded remote development transport budgets (0.350584ms)
✔ unbounded, fractional and malformed budgets fail closed (0.122333ms)
✔ functional database budget records elapsed time and preserves all command arguments (0.594917ms)
✔ timeout remains a failed null exit with its signal and safe error code, without retry (0.1255ms)
✔ existing HTTP/service command budget is unchanged (0.057708ms)
✔ two closed initial connections are retained, closed, then the third succeeds before any statement (0.613ms)
✔ persistent closure fails after three and retains every failure (0.896417ms)
✔ auth bootstrap failure never retries (0.142875ms)
✔ permission bootstrap failure never retries (0.10725ms)
✔ TLS bootstrap failure never retries (0.067ms)
✔ cancel bootstrap failure never retries (0.055542ms)
✔ unknown bootstrap failure never retries (0.058791ms)
✔ initial transport timeout retries but a later query error never reconnects (0.11575ms)
✔ failure to close an initial connection prevents retry (0.113083ms)
✔ budget cannot exceed three (0.240958ms)
✔ acceptance rejects missing, unfinished, reordered, semantic or unclosed attempts (3.135208ms)
✔ evidence-save failure closes the connected client and never reconnects (0.091708ms)
✔ initialization after the old 20s loop can pass only with an exact readiness response (1.59125ms)
✔ a never-ready service exhausts one bounded wall-clock budget (1.618ms)
✔ response after deadline cannot grant readiness (0.110083ms)
✔ exited or killed services fail without waiting or probing (0.094625ms)
✔ connection failures and wrong successful HTTP status cannot pass (2.491917ms)
✔ invalid or unbounded startup budgets reject (0.126667ms)
✔ process exit during a successful probe cannot grant readiness (0.071625ms)
ℹ tests 42
ℹ suites 0
ℹ pass 42
ℹ fail 0
ℹ cancelled 0
ℹ skipped 0
ℹ todo 0
ℹ duration_ms 50.321125
