✔ completed command records diagnostic and redacts configured secret split across chunks (33.514375ms)
✔ deadline kills an actual owned grandchild, preserves FAIL and logs (1507.898292ms)
✔ successful leader with detached lifetime descendant is FAIL even after cleanup (133.911042ms)
✔ spawn failure and evidence-write failure cannot become success (4.821959ms)
✔ explicit cancellation cleans its group and never passes (102.51675ms)
✔ interleaved stderr cannot break secret redaction (37.381417ms)
✔ output limit is bounded failure without partial secret chunks (21.931125ms)
✔ normal completion without sensitive output remains PASS with closed process group (20.292833ms)
✔ F09 admission requires command supervision and immutable owned cleanup proofs (5.928625ms)
✔ three exact owned actors retire while immutable event facts remain (1.319ms)
✔ ownership mismatch refuses mutation (1.804375ms)
✔ post-SQL reset is FAIL with no replay (0.163834ms)
✔ active actors and changed event facts fail retirement (0.707209ms)
✔ wrong run and duplicate actors never connect (0.56075ms)
✔ empty fixture inventory cannot admit successful F09 (0.114792ms)
✔ partial, open, changed and active cleanup receipts fail admission (0.427375ms)
✔ later A2 migration does not make a complete F09 ledger stale (0.349833ms)
✔ missing target migration fails closed (0.166709ms)
✔ changed applied SQL checksum fails closed (0.068333ms)
✔ missing F09 prerequisite fails even if remaining ledger matches (0.060708ms)
✔ F09 rule semantics match the development-plan thresholds (0.703292ms)
✔ unchanged rule IDs cannot hide threshold, duration, count or severity drift (0.7545ms)
ℹ tests 22
ℹ suites 0
ℹ pass 22
ℹ fail 0
ℹ cancelled 0
ℹ skipped 0
ℹ todo 0
ℹ duration_ms 1893.852042
