✔ all eight independently content-bound dependencies admit DEVELOPMENT only (23.177958ms)
✔ engineering aggregation preserves the sole pending user confirmation (14.277916ms)
✔ milestone rejects missing F0 (13.250875ms)
✔ milestone rejects missing PRE (13.977084ms)
✔ milestone rejects duplicate dependency (13.535917ms)
✔ milestone rejects unready F0 (12.790375ms)
✔ milestone rejects manifest bytes replaced (12.395083ms)
✔ milestone rejects digest substituted (14.227375ms)
✔ milestone rejects dependency path substituted (13.706958ms)
✔ milestone rejects dependency verdict substituted (12.863834ms)
✔ milestone rejects self manifest schema (16.883542ms)
✔ milestone rejects normative change (15.864542ms)
✔ milestone rejects source input change (14.300291ms)
✔ milestone rejects unexecuted check (14.5575ms)
✔ milestone rejects missing execution time (13.332959ms)
✔ milestone rejects missing required check (12.761583ms)
✔ milestone rejects duplicate check (12.572792ms)
✔ milestone rejects wrong command (12.758459ms)
✔ milestone rejects log tampering (12.817334ms)
✔ milestone rejects rehashed prose (12.666ms)
✔ milestone rejects external log path (12.470417ms)
✔ milestone rejects false formal acceptance (11.992542ms)
✔ milestone rejects aggregate claims database run (12.195292ms)
✔ milestone rejects hidden exclusions (12.306416ms)
✔ milestone rejects unresolved functional finding (12.875583ms)
✔ dependency validator is invoked and errors propagate (12.426667ms)
✔ fake READY cannot hide changed G0 scope (12.543291ms)
✔ arbitrary existing markdown cannot serve as a milestone receipt (0.089416ms)
✔ own arbitrary digest is rejected independently of dependency status (0.066083ms)
✔ F0 policy contains the six missing nodes and all eleven obligations (12.665709ms)
✔ production schema drift comparator rejects tables (0.133125ms)
✔ production schema drift comparator rejects columns (0.056666ms)
✔ production schema drift comparator rejects constraints (0.046792ms)
✔ production schema drift comparator rejects indexes (0.047584ms)
✔ production schema drift comparator rejects policies (0.035833ms)
✔ production schema drift comparator rejects routines (0.030375ms)
✔ production schema drift comparator rejects triggers (0.04125ms)
✔ 100-task recovery evidence cannot use 10-task diagnostic or accept P95 (1.042833ms)
✔ CI validates milestone disposition and preserves strict admission and negatives (5.32075ms)
ℹ tests 39
ℹ suites 0
ℹ pass 39
ℹ fail 0
ℹ cancelled 0
ℹ skipped 0
ℹ todo 0
ℹ duration_ms 446.724333
