
> @sumalpha/quantos@ test:development-plans /Users/anray/Documents/project/SumAlpha/QuantOS
> node --test scripts/development-plan-order-negative.mjs

✔ joint schedule is acyclic and preserves task/status boundaries (16.058834ms)
✔ restoring a complete R1 prerequisite for S2 services creates a rejected cycle (5.032708ms)
✔ research service waiting on its consumer page is rejected (4.425667ms)
✔ historical CORE:R04 to CORE:L04 probe now fails closed (4.392209ms)
✔ an early identity API cannot silently depend on later research services (5.553916ms)
✔ a provider cannot wait for the consumer frontend Gate (4.138292ms)
✔ removing S2 service admission from a core execution task is rejected (4.686333ms)
✔ S2 service Gate cannot omit TP12 advance evaluation (4.892666ms)
✔ I10 cannot drop testnet service admission even if metadata is edited with it (5.269167ms)
✔ a new or existing frontend cannot skip the full provider Gate (5.419709ms)
✔ G5 cannot be marked as closing in I4 before reconciliation (5.706625ms)
✔ moving the G1 block above I1 tasks is rejected (5.042875ms)
✔ milestone cannot omit its last child while retaining a Gate summary (4.964167ms)
✔ prose-only backend dependencies cannot drift from structured prerequisites (5.14675ms)
✔ core closure mapping cannot become an implicit service alias (4.889417ms)
✔ ACCEPTED checkpoint needs SHA and evidence, not only a green word (5.010208ms)
✔ accepted checkpoint evidence must resolve (2.5315ms)
✔ missing checkpoint and unknown dependency fail closed (6.383584ms)
✔ API windows cannot skip their preceding provider checkpoint (4.72525ms)
✔ UI windows cannot skip the preceding reconciliation window (5.060083ms)
✔ Web intake preserves the explicit no-model-review schema (1.637791ms)
✔ missing Web task fields still fail closed (1.462292ms)
✔ both plans must publish exactly the same stage contract (5.569666ms)
✔ changing both plans cannot defer correctness or functional deadlines to release (13.674458ms)
✔ both plans must retain every deferred release obligation (14.943542ms)
✔ tasks and checkpoints cannot omit, invent, or misclassify their stage gate (19.167417ms)
✔ release prerequisites cannot block either development or integration (12.947583ms)
✔ release gates cannot skip business closure or inherit the wrong stage (14.452917ms)
✔ historical ACCEPTED and completed tasks do not automatically become READY (12.941292ms)
✔ READY needs its own input digest and resolvable evidence (37.129375ms)
✔ unassessed stage gates cannot carry an apparent ready receipt (7.241375ms)
✔ BLOCKED retains failure evidence and digest without being counted as READY (14.566917ms)
✔ a READY chain needs READY prerequisites and its own evidence at every node (19.266208ms)
✔ stage readiness never substitutes for formal acceptance evidence (2.755834ms)
✔ release READY requires formal acceptance and all functional prerequisites (8.796667ms)
✔ core intake follows the frontend audit-report format (6.639667ms)
✔ core review summary must be unique and link to audit evidence (8.101167ms)
✔ core shared task fields and existing window must stay consistent (15.941125ms)
ℹ tests 38
ℹ suites 0
ℹ pass 38
ℹ fail 0
ℹ cancelled 0
ℹ skipped 0
ℹ todo 0
ℹ duration_ms 364.692291
