Validated 6 pinned Buf plugins and locked generation workflow.
✔ proto generation configuration is pinned and lock-preserving (36.530542ms)
✔ proto generation configuration rejects an unpinned remote plugin (36.5895ms)
✔ proto generation configuration rejects implicit dependency updates (36.638542ms)
ℹ tests 3
ℹ suites 0
ℹ pass 3
ℹ fail 0
ℹ cancelled 0
ℹ skipped 0
ℹ todo 0
ℹ duration_ms 140.950916
Extracted 50 JSON schema documents.
Validated 50 standalone JSON schemas and 11 planned domain schemas.
✔ standalone JSON schema gate passes the complete generated catalog (119.381833ms)
✔ standalone JSON schema gate rejects a missing planned domain schema (41.543583ms)
✔ standalone JSON schema gate rejects an unresolved reference (115.998583ms)
ℹ tests 3
ℹ suites 0
ℹ pass 3
ℹ fail 0
ℹ cancelled 0
ℹ skipped 0
ℹ todo 0
ℹ duration_ms 307.91475
Proto compatibility checked against c0c1fe94cad64a666989c093571d60272e90f8e3
Proto checks passed.
