✔ Auth timeout is retained before bounded successful retry (0.528083ms)
✔ persistent login timeout remains failure after exactly three attempts (0.625333ms)
✔ Auth denial, invalid body and explicit cancellation never retry (0.129459ms)
✔ known closed login transport can retry without recording credential text (0.119708ms)
✔ login budget cannot be extended beyond three attempts (0.320125ms)
✔ only retained transport failures can precede actual login PASS (0.166333ms)
✔ missing, excessive and unfinished Auth attempts cannot establish acceptance (2.569834ms)
✔ actual-service receipt requires owned actor, confirmed session retirement and reaped PIDs (5.2165ms)
✔ F07 rejects active actor (0.5955ms)
✔ F07 rejects foreign actor (0.57275ms)
✔ F07 rejects foreign tenant (0.448084ms)
✔ F07 rejects no service cleanup (0.607125ms)
✔ F07 rejects reused PID (0.507208ms)
✔ F07 rejects unconfirmed logout (0.546458ms)
✔ F07 rejects missing logout (0.498666ms)
✔ F07 rejects cleanup failure (0.426ms)
✔ F07 rejects cleanup after receipt (0.567583ms)
✔ two closed initial connections are retained, closed, then the third succeeds before any statement (0.606333ms)
✔ persistent closure fails after three and retains every failure (0.858458ms)
✔ auth bootstrap failure never retries (0.112625ms)
✔ permission bootstrap failure never retries (0.095167ms)
✔ TLS bootstrap failure never retries (0.063375ms)
✔ cancel bootstrap failure never retries (0.0545ms)
✔ unknown bootstrap failure never retries (0.058041ms)
✔ initial transport timeout retries but a later query error never reconnects (0.094959ms)
✔ failure to close an initial connection prevents retry (0.104334ms)
✔ budget cannot exceed three (0.208708ms)
✔ acceptance rejects missing, unfinished, reordered, semantic or unclosed attempts (2.618667ms)
✔ evidence-save failure closes the connected client and never reconnects (0.079458ms)
✔ valid source and execution-bound dependency chain is READY without release signatures (44.618875ms)
✔ missing required execution (34.522958ms)
✔ failed execution (33.057041ms)
✔ wrong actual command (32.858084ms)
✔ unresolved issue (26.796042ms)
✔ wrong node (25.910042ms)
✔ missing source inventory (31.380333ms)
✔ plan scope changed (25.356833ms)
✔ outside log path (31.00475ms)
✔ wrong log digest (30.692458ms)
✔ missing dependency (27.985209ms)
✔ dependency digest substituted (30.168084ms)
✔ tampered manifest bytes are rejected (22.275708ms)
✔ changed source content is rejected despite unchanged gate digest (30.662167ms)
✔ dependency must independently be READY (28.046834ms)
✔ arbitrary log cannot masquerade as successful execution (29.411125ms)
✔ input file symlink cannot escape the repository (26.897375ms)
✔ database execution cannot be inferred from a normal local PASS (33.706958ms)
✔ Supabase target receipt verifies each compressed execution log (35.779792ms)
✔ source drift during execution invalidates the original input snapshot (44.12225ms)
✔ requirement drift during execution invalidates the original input snapshot (48.3395ms)
✔ controlled public development profile overrides stale values and preserves server inputs (0.149ms)
✔ private credentials cannot be injected through a public development profile (0.097667ms)
✔ transient Auth 503 can retry only a complete target execution (0.113166ms)
✔ persistent target timeout never becomes PASS and stops at its budget (0.084459ms)
✔ semantic target failures stop without retry or PASS (0.024958ms)
✔ target retry budget cannot be unbounded (0.100208ms)
✔ configured target retries require explicit attempt outcomes in the receipt (36.393125ms)
✔ three successful full builds bind output inventories (0.422958ms)
✔ reproducibility rejects only two builds (0.133291ms)
✔ reproducibility rejects missing Python build (0.135709ms)
✔ reproducibility rejects failed command (0.12975ms)
✔ reproducibility rejects different output digest (0.087125ms)
✔ reproducibility rejects substituted inventory (0.069208ms)
✔ reproducibility rejects dirty source (0.064792ms)
✔ reproducibility rejects old source (0.061625ms)
✔ development policy retains explicit build, coverage, volume and target storage obligations (0.407625ms)
✔ static make commands cannot reload .env.local or inherit target database opt-ins (0.125833ms)
✔ volume retry restarts the complete check only on a closed PostgreSQL transport (0.062917ms)
✔ volume correctness and certificate errors cannot be retried into PASS (0.033584ms)
✔ persistent database transport failure stays failed at the retry limit (0.033042ms)
✔ separate assessment snapshot preserves historical manifests and binds its own logs (36.890375ms)
✔ third-party Git link binds the actual clean checkout and rejects dirty/advanced source (155.821416ms)
✔ transient read-only preflight connection closure retries the complete target (0.107542ms)
✔ preflight permission and role failures are not transport retries (0.062458ms)
✔ persistent preflight closure exhausts three attempts without PASS (0.066625ms)
✔ component passes while missing dependency/whole release admission rejects (52.906083ms)
✔ static COMPLETED is never dependency admission (16.196208ms)
✔ READY declarations still execute strict receipt validation (15.817375ms)
✔ release handoff and dependency changes fail closed n=>n.get('RELEASE-GATE:BETA').required_scope=n.get('RELEASE-GATE:BETA').required_scope.replace(handoff,'') (13.83675ms)
✔ release handoff and dependency changes fail closed n=>n.get('RELEASE-GATE:BETA').stage_gate.stage='DEVELOPMENT' (14.392834ms)
✔ release handoff and dependency changes fail closed n=>n.get('CORE:R02').dependencies.pop() (14.753625ms)
✔ full target outcomes, cleanup and coverage bind development scope (35.6155ms)
✔ reject missing initial bootstrap (15.485958ms)
✔ reject unclosed preparation connection (12.708292ms)
✔ reject post-SQL transport reset (12.013916ms)
✔ reject unclosed actor cleanup connection (14.267792ms)
✔ reject missing boundary cleanup bootstrap (11.751ms)
✔ reject failed combined execution (14.101ms)
✔ reject failed actor cleanup (11.652666ms)
✔ reject no boundary actors (12.94125ms)
✔ reject new provider run (12.148333ms)
✔ reject fresh quality claim (12.64575ms)
✔ reject engine left running (14.341833ms)
✔ reject wrong target (12.86625ms)
✔ reject release claimed (9.15425ms)
✔ reject wrong execution SHA (10.011208ms)
✔ reject missing approval (12.599666ms)
✔ reject changed source (12.073583ms)
✔ reject skipped target test (12.472542ms)
✔ reject under threshold coverage (27.64475ms)
✔ tampered nested log rejected without changing outcome labels (9.778292ms)
✔ nested path escape rejected (9.139958ms)
✔ R1 controlled policies cover the complete dependency closure (1013.062292ms)
✔ R01 target and production coverage independently validate (29.931541ms)
✔ R01 reject vacuous actor cleanup (18.760334ms)
✔ R01 reject uncommitted outbox (18.881083ms)
✔ R01 reject fixture claimed as real provider (20.2195ms)
✔ R01 reject RLS failed (17.871791ms)
✔ R01 reject migration mismatched (18.059334ms)
✔ real process inventory outcome is separately required by R02 (1.034542ms)
✔ process cleanup reject leak cleaned after discovery (0.414625ms)
✔ process cleanup reject process inspection skipped (0.291083ms)
✔ process cleanup reject residual child left alive (0.293958ms)
✔ process cleanup reject failed cleanup relabeled (0.267167ms)
✔ process cleanup reject unbounded ownership scope (0.843958ms)
✔ process cleanup reject wrong source (0.289208ms)
✔ process cleanup reject missing baseline capture (0.452708ms)
✔ only repository Python with a known module and test socket is inventoried (0.930375ms)
✔ all fixture socket families including private f08 directories are recognized (0.071333ms)
✔ pre-existing processes and other assessment scopes are never owned (0.092834ms)
✔ PID reuse cannot impersonate an existing process identity (0.098167ms)
✔ real direct Python fixture is observed and terminated without a launcher orphan (1031.033084ms)
ℹ tests 122
ℹ suites 0
ℹ pass 122
ℹ fail 0
ℹ cancelled 0
ℹ skipped 0
ℹ todo 0
ℹ duration_ms 1489.299834
