✔ current BFF-FE-000 repository Gate passes (3.99375ms)
✔ missing phase-one page mapping is rejected (2.1105ms)
✔ published operation drift is rejected (4.05575ms)
✔ planned operation traceability deletion is rejected (1.716292ms)
✔ shared idempotency baseline deletion is rejected (2.767417ms)
✔ dependency regression is rejected (1.56ms)
✔ error correlation header deletion is rejected (2.441208ms)
✔ generated Zod export deletion is rejected (1.871083ms)
✔ missing staging permits development readiness and never claims formal acceptance (1.108458ms)
✔ stage deferral cannot bypass engineering failures, final receipt requirements or unknown stages (0.072125ms)
✔ final review command cannot be rewired to the development stage (6.617084ms)
✔ current semantic A1 gate passes (3.591833ms)
✔ rejects cookie semantic regression (2.873542ms)
✔ rejects idempotency semantic regression (2.88075ms)
✔ rejects sort semantic regression (3.264917ms)
✔ rejects page semantic regression (2.466833ms)
✔ rejects ci semantic regression (2.428291ms)
✔ rejects decimal semantic regression (3.13725ms)
✔ rejects version semantic regression (2.482541ms)
✔ rejects csrf semantic regression (2.310417ms)
✔ exact registered security correction is accepted only within its window (11.950625ms)
✔ unregistered breaking type, enum or missing baseline fails closed (23.885792ms)
✔ new required parameters and constraints cannot silently bypass compatibility (0.923875ms)
✔ absent, invented and reference-only staging receipts never close A1 (0.486208ms)
✔ final receipt requires technical evidence plus one input-bound user confirmation (1.132458ms)
✔ optional property within an existing allOf is additive, required changes are rejected (0.126583ms)
ℹ tests 26
ℹ suites 0
ℹ pass 26
ℹ fail 0
ℹ cancelled 0
ℹ skipped 0
ℹ todo 0
ℹ duration_ms 168.436
