✔ formal gate rejects zero, one, two and noninteger runs (0.365917ms)
✔ all binaries participate in digest and omitted binary fails (3.451334ms)
✔ extra binary, missing wheel and stale/empty Web cannot pass output inventory (2.823167ms)
✔ manifest inventory cannot omit or add members (0.069625ms)
✔ dirty and untracked source rejected (61.121416ms)
✔ deleted module README is rejected (2.670459ms)
✔ wrong uv version fails toolchain preflight (17.188542ms)
✔ invalid locks fail real lock entrypoint (60.666042ms)
✔ Terminal default lint rejects a page TSX violation (799.630667ms)
✔ invalid run revokes old successful receipt (26.252667ms)
✔ Cargo manifest drift is rejected by actual lock gate (584.080667ms)
✔ uv manifest drift is rejected by actual lock gate (643.85025ms)
✔ pnpm manifest drift is rejected by actual lock gate (874.556458ms)
✔ malformed Buf lock is rejected by actual lock gate (656.176333ms)
✔ broken Desktop is outside phase-one pnpm frozen check (324.100583ms)
✔ uv output marker is metadata, other unexpected files still fail (2.474958ms)
✔ build-only tool is required in output inventory without becoming a runtime binary (2.486ms)
✔ pnpm frozen check rejects missing or changed patch bytes (678.994834ms)
✔ pnpm patch cannot read outside the repository (154.619917ms)
ℹ tests 19
ℹ suites 0
ℹ pass 19
ℹ fail 0
ℹ cancelled 0
ℹ skipped 0
ℹ todo 0
ℹ duration_ms 4930.861917
