node --test scripts/f02-gate-negative.mjs scripts/f02-a11-gate-negative.mjs scripts/playwright-git-history.test.mjs
✔ complete Linux matrix passes; deletion and pixel tampering fail (390.811166ms)
✔ acceptance never updates snapshots or skips missing snapshots (0.520125ms)
✔ only main signing and verification jobs receive the signing environment (10.118625ms)
✔ signing policy rejects missing protection, wildcards, tags and extra branches (0.190584ms)
✔ candidate import rejects tampering and stale source before writing, then imports the reviewed matrix (378.047834ms)
✔ required download check rejects skipped or failed event-specific verification (21.581375ms)
✔ PR receipts bind the checked out head while main signing stays on the event SHA (3.242167ms)
Verified 2 release files for aaaaaaaaaaaaaaaaaaaaaaaaaaaaaaaaaaaaaaaa
Verified 2 release files for aaaaaaaaaaaaaaaaaaaaaaaaaaaaaaaaaaaaaaaa
✔ real Gitleaks positive control and GitHub/Slack leaks (1642.275167ms)
✔ historical digest exceptions do not waive fresh credentials in audit JSON (1165.583834ms)
✔ RLS baseline rejects policy deletion and late disabling with recovery (178.33925ms)
✔ RLS preflight recognizes the actual ten-table A2 migration and rejects incomplete loops (136.652375ms)
✔ RLS preflight expands audit export permissions without treating grants as RLS (136.866375ms)
✔ RLS literal loops preserve late disabling, NO FORCE and policy deletion (134.278166ms)
✔ RLS preflight cannot count conditional loops, comments, literals or function bodies as execution (159.270959ms)
✔ quoted SQL examples inside expanded policy expressions cannot enable RLS (23.899959ms)
✔ migration filename control, rejection and recovery (15.719ms)
✔ waivers only authorize exact advisory/ecosystem/package/version before expiry (1.226167ms)
✔ license expression policy does not globally allow LGPL or unknown licenses (0.329625ms)
✔ release binds complete payload and SBOM to source; rejects corruption and build-only native files (2.901416ms)
✔ Buf compares against distinct historical source and detects removed fields (543.599292ms)
✔ SCA scanner adapter consumes exact waivers and never waives scanner failures (847.332792ms)
✔ Playwright PR reporting preserves complete history for downstream security scans (1646.979ms)
ℹ tests 22
ℹ suites 0
ℹ pass 22
ℹ fail 0
ℹ cancelled 0
ℹ skipped 0
ℹ todo 0
ℹ duration_ms 5032.180833
