✔ all eight independently content-bound dependencies admit DEVELOPMENT only (26.809333ms)
✔ engineering aggregation preserves the sole pending user confirmation (15.12625ms)
✔ milestone rejects missing F0 (13.549375ms)
✔ milestone rejects missing PRE (14.1605ms)
✔ milestone rejects duplicate dependency (14.042917ms)
✔ milestone rejects unready F0 (13.209084ms)
✔ milestone rejects manifest bytes replaced (12.727042ms)
✔ milestone rejects digest substituted (12.449167ms)
✔ milestone rejects dependency path substituted (13.065625ms)
✔ milestone rejects dependency verdict substituted (13.133167ms)
✔ milestone rejects self manifest schema (14.560208ms)
✔ milestone rejects normative change (14.167958ms)
✔ milestone rejects source input change (13.67225ms)
✔ milestone rejects unexecuted check (13.88475ms)
✔ milestone rejects missing execution time (12.803375ms)
✔ milestone rejects missing required check (12.885458ms)
✔ milestone rejects duplicate check (13.431417ms)
✔ milestone rejects wrong command (12.836083ms)
✔ milestone rejects log tampering (13.255208ms)
✔ milestone rejects rehashed prose (12.531167ms)
✔ milestone rejects external log path (12.623209ms)
✔ milestone rejects false formal acceptance (12.701334ms)
✔ milestone rejects aggregate claims database run (12.886167ms)
✔ milestone rejects hidden exclusions (12.9065ms)
✔ milestone rejects unresolved functional finding (12.477042ms)
✔ dependency validator is invoked and errors propagate (13.642542ms)
✔ fake READY cannot hide changed G0 scope (15.132666ms)
✔ arbitrary existing markdown cannot serve as a milestone receipt (0.127041ms)
✔ own arbitrary digest is rejected independently of dependency status (0.079459ms)
✔ F0 policy contains the six missing nodes and all eleven obligations (15.042833ms)
✔ production schema drift comparator rejects tables (0.208791ms)
✔ production schema drift comparator rejects columns (0.0705ms)
✔ production schema drift comparator rejects constraints (0.050833ms)
✔ production schema drift comparator rejects indexes (0.031791ms)
✔ production schema drift comparator rejects policies (0.036958ms)
✔ production schema drift comparator rejects routines (0.03325ms)
✔ production schema drift comparator rejects triggers (0.040084ms)
✔ 100-task recovery evidence cannot use 10-task diagnostic or accept P95 (1.149708ms)
✔ CI consumes the full milestone engineering validator and its negatives (0.324625ms)
ℹ tests 39
ℹ suites 0
ℹ pass 39
ℹ fail 0
ℹ cancelled 0
ℹ skipped 0
ℹ todo 0
ℹ duration_ms 450.7715
