
> @sumalpha/quantos@ test:development-plans /Users/anray/Documents/project/SumAlpha/QuantOS
> node --test scripts/development-plan-order-negative.mjs

✔ joint schedule is acyclic and preserves task/status boundaries (15.800542ms)
✔ restoring a complete R1 prerequisite for S2 services creates a rejected cycle (4.753125ms)
✔ research service waiting on its consumer page is rejected (4.442041ms)
✔ historical CORE:R04 to CORE:L04 probe now fails closed (4.465ms)
✔ an early identity API cannot silently depend on later research services (5.612625ms)
✔ a provider cannot wait for the consumer frontend Gate (4.031875ms)
✔ removing S2 service admission from a core execution task is rejected (4.47475ms)
✔ S2 service Gate cannot omit TP12 advance evaluation (4.744625ms)
✔ I10 cannot drop testnet service admission even if metadata is edited with it (5.174625ms)
✔ a new or existing frontend cannot skip the full provider Gate (5.363792ms)
✔ G5 cannot be marked as closing in I4 before reconciliation (5.528792ms)
✔ moving the G1 block above I1 tasks is rejected (4.885166ms)
✔ milestone cannot omit its last child while retaining a Gate summary (5.143ms)
✔ prose-only backend dependencies cannot drift from structured prerequisites (5.064625ms)
✔ core closure mapping cannot become an implicit service alias (4.760083ms)
✔ ACCEPTED checkpoint needs SHA and evidence, not only a green word (5.214166ms)
✔ accepted checkpoint evidence must resolve (2.544458ms)
✔ missing checkpoint and unknown dependency fail closed (6.072334ms)
✔ API windows cannot skip their preceding provider checkpoint (4.53725ms)
✔ UI windows cannot skip the preceding reconciliation window (5.078708ms)
✔ Web intake preserves the explicit no-model-review schema (1.607042ms)
✔ missing Web task fields still fail closed (1.381333ms)
✔ both plans must publish exactly the same stage contract (5.339709ms)
✔ changing both plans cannot defer correctness or functional deadlines to release (12.785667ms)
✔ both plans must retain every deferred release obligation (14.115958ms)
✔ tasks and checkpoints cannot omit, invent, or misclassify their stage gate (18.419ms)
✔ release prerequisites cannot block either development or integration (11.795583ms)
✔ release gates cannot skip business closure or inherit the wrong stage (12.85625ms)
✔ historical ACCEPTED and completed tasks do not automatically become READY (10.100583ms)
✔ READY needs its own input digest and resolvable evidence (34.330708ms)
✔ unassessed stage gates cannot carry an apparent ready receipt (6.605584ms)
✔ BLOCKED retains failure evidence and digest without being counted as READY (14.079875ms)
✔ a READY chain needs READY prerequisites and its own evidence at every node (18.754375ms)
✔ stage readiness never substitutes for formal acceptance evidence (2.698833ms)
✔ release READY requires formal acceptance and all functional prerequisites (8.419209ms)
✔ core intake follows the frontend audit-report format (6.325166ms)
✔ core review summary must be unique and link to audit evidence (7.491417ms)
✔ core shared task fields and existing window must stay consistent (14.375458ms)
ℹ tests 38
ℹ suites 0
ℹ pass 38
ℹ fail 0
ℹ cancelled 0
ℹ skipped 0
ℹ todo 0
ℹ duration_ms 348.444667
