
> @sumalpha/quantos@ test:pre03 /Users/anray/Documents/project/SumAlpha/QuantOS
> node --test scripts/pre03-gate-negative.mjs

✔ current Web contract passes and never loads Desktop inputs (8.494292ms)
✔ apps/terminal rejects Next 15.5.23 (5.077042ms)
✔ apps/terminal rejects Next 16.0.0 (1.859834ms)
✔ apps/website rejects Next 15.5.23 (1.680667ms)
✔ apps/website rejects Next 16.0.0 (1.618209ms)
✔ missing package resolutions (1.805292ms)
✔ missing snapshots (1.164541ms)
✔ specifier drift (1.828667ms)
✔ dependency removed (1.889833ms)
✔ dependency inserted (1.863125ms)
✔ manifest drift fails without changing lock (0.86375ms)
✔ ADR drift fails (0.708875ms)
✔ duplicate ADR version row fails (0.702708ms)
✔ missing transitive snapshot fails (1.703333ms)
✔ Node pin drift fails (0.741083ms)
✔ effective Next configuration: valid export (216.493792ms)
✔ effective Next configuration: comment marker (221.750166ms)
✔ effective Next configuration: dead branch (217.939917ms)
✔ effective Next configuration: subsequent override (214.604333ms)
✔ effective Next configuration: function config (216.475458ms)
✔ bad route resources, fake HTML and script failures fail closed (11793.830125ms)
✔ Next-specific async client violation is an ESLint error (248.841417ms)
✔ build receipts reject stale source, config, identity and missing receipts (1.958333ms)
✔ source binding ignores caches but detects actual source changes (3.549333ms)
✔ all workspace importers and exact link targets are required (9.384084ms)
✔ runtime loader discovers omitted manifests independently of lockfile (490.056875ms)
✔ per-app env files are isolated and reloaded without polluting caller (652.978291ms)
ℹ tests 27
ℹ suites 0
ℹ pass 27
ℹ fail 0
ℹ cancelled 0
ℹ skipped 0
ℹ todo 0
ℹ duration_ms 15024.162792
