
> @sumalpha/quantos@ test:pre02 /Users/anray/Documents/project/SumAlpha/QuantOS
> pnpm --filter @sumalpha/ui test:pre02


> @sumalpha/ui@0.1.0 test:pre02 /Users/anray/Documents/project/SumAlpha/QuantOS/packages/ui
> node --test scripts/pre02-gate-negative.mjs

✔ current PRE-02 design-system contract passes (7.774584ms)
✔ renaming a required safety key fails even when the count stays at 18 (1.548209ms)
✔ missing state color mapping fails closed (1.292ms)
✔ insufficient focus contrast is rejected (1.164583ms)
✔ missing readonly viewport is rejected (1.059625ms)
✔ deny cannot become success (1.221ms)
✔ mapped token paths must exist (0.801917ms)
✔ English safety semantics cannot be inverted (0.721125ms)
✔ all compact density values remain frozen (0.80375ms)
✔ focus width and path remain frozen (0.844917ms)
✔ breakpoint intervals cannot develop gaps (0.676792ms)
✔ typography and spacing must match the reviewed contract (0.94175ms)
✔ required component identity cannot be replaced (0.737292ms)
✔ comments do not supply executable Storybook configuration (0.723083ms)
✔ surface.2 contrast cannot be removed from the contract (0.657834ms)
✔ native reference viewport is not a prerequisite of the Web Gate (0.596ms)
✔ disabled contrast rule cannot hide behind a matching comment (0.586459ms)
✔ readonly viewport dimensions cannot hide behind its identifier (0.756709ms)
✔ phase-two page cannot enter the Web component acceptance rows (0.801292ms)
✔ provider JSX outside the decorator cannot authorize empty decorators (0.694125ms)
✔ unexported configuration does not authorize a Storybook entry (0.65925ms)
✔ initial theme cannot contradict the dark default contract (0.633667ms)
✔ object spread cannot silently override required addons (0.748834ms)
✔ duplicate decorators cannot replace the validated provider tree (0.691166ms)
✔ dead JSX branches are not executed provider decorators (1.253209ms)
✔ provider attributes cannot be overwritten through JSX spreads (0.773ms)
✔ provider-only JSX without the Story consumer is rejected (0.665875ms)
ℹ tests 27
ℹ suites 0
ℹ pass 27
ℹ fail 0
ℹ cancelled 0
ℹ skipped 0
ℹ todo 0
ℹ duration_ms 197.653583
