
> @sumalpha/quantos@ test:pre06 /Users/anray/Documents/project/SumAlpha/QuantOS
> node --test scripts/pre06-gate-negative.mjs scripts/pre06-runtime-negative.mjs

✔ current PRE-06 Web baseline passes (24.704292ms)
✔ website browser Gate deletion is rejected (9.712417ms)
✔ Desktop coupling in phase-one compatibility is rejected (7.661333ms)
✔ Desktop deep-link inclusion in phase-one Terminal is rejected (7.140084ms)
✔ generated operation coverage drift is rejected (6.375125ms)
✔ visual baseline integrity failure is rejected (5.861667ms)
✔ performance budget weakening is rejected (5.716709ms)
✔ disabled CI steps and comment-only commands are rejected (16.1365ms)
✔ contract assertion deletion and visual comparison deletion fail closed (9.753209ms)
✔ website performance and critical coverage gates cannot be removed (10.390125ms)
✔ CI retry policy must reject flaky outcomes and archive failure evidence (10.668958ms)
✔ comments cannot restore weakened budget or critical coverage policy (14.668667ms)
✔ skipped suites and inactive screenshot assertions cannot satisfy the baseline (36.452459ms)
✔ critical contract callbacks cannot return early, hide assertions, or remove runtime counting (22.964959ms)
✔ unknown and corrupted fixtures are rejected, explicit sabotage fixtures remain expected failures (29.922417ms)
✔ empty assets and empty route manifest are never a zero-sized performance PASS (28.001958ms)
✔ actual CI configs return nonzero for first-fail-then-pass policy probe (1242.987209ms)
ℹ tests 17
ℹ suites 0
ℹ pass 17
ℹ fail 0
ℹ cancelled 0
ℹ skipped 0
ℹ todo 0
ℹ duration_ms 1348.194375
