
> @sumalpha/quantos@ test:pre04 /Users/anray/Documents/project/SumAlpha/QuantOS
> node --test scripts/pre04-gate-negative.mjs

✔ current full phase-one inventory passes (11.405458ms)
✔ missing Gap is rejected (5.098416ms)
✔ undecided realtime dependency is rejected (5.06275ms)
✔ deleted required actorId field is rejected (4.282ms)
✔ nonexistent field source is rejected (4.08975ms)
✔ wrong field type and optionality are rejected (4.454041ms)
✔ generated operation deletion is rejected (3.8125ms)
✔ generated method and path drift are rejected (7.891709ms)
✔ same-count schema rename is rejected (3.216416ms)
✔ schema required and enum drift are rejected (8.408375ms)
✔ same-count Proto message rename is rejected (3.883167ms)
✔ removed Proto declaration is rejected (3.69425ms)
✔ same-count JSON Schema replacement is rejected (3.932333ms)
✔ duplicate contract row is rejected before Map collapse (3.598125ms)
✔ duplicate Gap row is rejected before Map collapse (4.038541ms)
✔ nonexistent role owner is rejected (3.708334ms)
✔ nonexistent backend task is rejected (3.615208ms)
✔ nonexistent BFF task is rejected (3.900083ms)
✔ unknown Gap page is rejected (3.504834ms)
✔ each missing website P0 page is rejected (18.598125ms)
✔ missing auxiliary risk/audit/order contract is rejected (10.848666ms)
✔ closing partly published Gap is rejected (3.84625ms)
✔ omitting planned operation is rejected (3.931208ms)
✔ unpublished Inventory Fixture cannot claim Implemented (3.803209ms)
✔ generated-only contract cannot claim Integrated (3.428333ms)
✔ missing provider evidence is rejected (3.42975ms)
✔ changed provider receipt is rejected (3.814542ms)
✔ missing Inventory Fixture is rejected (4.118458ms)
✔ Desktop contamination is rejected by Web inventory (4.353042ms)
✔ nonexistent domain field mappings including the former engine-version anchor are rejected (7.693208ms)
✔ removed referenced core task is rejected (3.650666ms)
✔ catalog source drift is rejected (3.803416ms)
✔ empty implementation artifact lists are rejected for every implemented contract (11.112416ms)
✔ each missing implementation evidence category is rejected (31.215209ms)
✔ duplicate artifacts cannot substitute for test or receipt evidence (3.43775ms)
✔ another contract receipt cannot substitute for required evidence (3.391833ms)
✔ unknown task suffixes are rejected in both backend task columns (21.036917ms)
✔ ambiguous cross-prefix ranges cannot impersonate reviewed backend tasks (7.366959ms)
ℹ tests 38
ℹ suites 0
ℹ pass 38
ℹ fail 0
ℹ cancelled 0
ℹ skipped 0
ℹ todo 0
ℹ duration_ms 346.570583
