
> @sumalpha/quantos@ test:pre01 /Users/anray/Documents/project/SumAlpha/QuantOS
> node --test ./scripts/tests/check-pre01.test.mjs

✔ current PRE-01 artifacts satisfy the executable contract (4.235709ms)
✔ missing a page state fails closed (2.146625ms)
✔ invalid story priority fails closed (1.256916ms)
✔ missing traceability row fails closed (1.4665ms)
✔ published operation cannot regress to planned fails closed (1.780333ms)
✔ unknown role fails closed (0.527667ms)
✔ unknown route fails closed (0.48425ms)
✔ duplicate story fails closed (0.535084ms)
✔ missing flow stories fails closed (0.569917ms)
✔ missing flow scenarios fails closed (1.205291ms)
✔ unsafe proposal criterion fails closed (1.307875ms)
✔ unknown trace task fails closed (1.440542ms)
✔ unauthorized admin grant fails closed (0.891041ms)
✔ missing permission route fails closed (0.748416ms)
✔ phase-one P16 fails closed (0.090166ms)
✔ missing contract owner fails closed (1.427458ms)
✔ empty flow role fails closed (0.596625ms)
✔ empty flow route fails closed (0.611458ms)
✔ state label mismatch fails closed (0.908917ms)
✔ desktop-only story fails closed (0.459583ms)
✔ persistent offline cache fails closed (0.9675ms)
✔ admin domain permission fails closed (0.751042ms)
✔ missing page story fails closed (0.49275ms)
✔ cross-page route fails closed (0.433083ms)
✔ current G0 governance preserves history without granting current acceptance (1.605667ms)
✔ past-due G0 item cannot silently remain OPEN (0.711417ms)
✔ fabricated G0 acceptance fails against current checkpoint (0.597042ms)
✔ missing G0 leftover owner fails (0.629125ms)
✔ P05 cannot bind metadata download to an untraced audit export operation (1.742166ms)
✔ P21 cannot drop alert ownership from both ledger and trace while retaining the subscription (1.724958ms)
✔ unknown unlabelled operation in API register is rejected (1.888208ms)
✔ P05 quality alerts require C16 ownership on the consumer page (1.713125ms)
✔ API register rejects current version 1.4.0 (1.58625ms)
✔ API register rejects current version 99.99.0 (1.483ms)
✔ published register row cannot omit API version (1.577916ms)
✔ published register row cannot omit generated mock version (1.566708ms)
✔ all ten historical compatibility strategies cannot be cleared (0.742625ms)
✔ current disposition cannot drop a historical parent (0.988958ms)
✔ current disposition requires effective checkpoint deadline (0.847583ms)
✔ current disposition cannot claim target RELEASE completion (0.874417ms)
✔ current disposition requires nonempty compatibility strategy (0.7715ms)
✔ current disposition presentation must match structured source (0.778916ms)
✔ current deadline cannot defer DEVELOPMENT provider obligations to integration (0.849833ms)
ℹ tests 43
ℹ suites 0
ℹ pass 43
ℹ fail 0
ℹ cancelled 0
ℹ skipped 0
ℹ todo 0
ℹ duration_ms 151.847041
