Validated 6 pinned Buf plugins and locked generation workflow.
✔ proto generation configuration is pinned and lock-preserving (37.464291ms)
✔ proto generation configuration rejects an unpinned remote plugin (36.903916ms)
✔ proto generation configuration rejects implicit dependency updates (36.732291ms)
ℹ tests 3
ℹ suites 0
ℹ pass 3
ℹ fail 0
ℹ cancelled 0
ℹ skipped 0
ℹ todo 0
ℹ duration_ms 141.530416
Extracted 50 JSON schema documents.
Validated 50 standalone JSON schemas and 11 planned domain schemas.
✔ standalone JSON schema gate passes the complete generated catalog (140.376583ms)
✔ standalone JSON schema gate rejects a missing planned domain schema (48.015583ms)
✔ standalone JSON schema gate rejects an unresolved reference (132.066125ms)
ℹ tests 3
ℹ suites 0
ℹ pass 3
ℹ fail 0
ℹ cancelled 0
ℹ skipped 0
ℹ todo 0
ℹ duration_ms 355.445875
Proto compatibility checked against 095a4b3d07ede4c05326c2b90b86ea0b7fdbb44a
Proto checks passed.
