
> @sumalpha/quantos@ test:provider-a1 /Users/anray/Documents/project/SumAlpha/QuantOS
> node --test scripts/provider-a1-receipts.test.mjs

✔ valid source and execution-bound dependency chain is READY without release signatures (41.48125ms)
✔ missing required execution (31.348417ms)
✔ failed execution (28.449541ms)
✔ wrong actual command (28.731916ms)
✔ unresolved issue (23.924292ms)
✔ wrong node (23.588125ms)
✔ missing source inventory (28.260416ms)
✔ plan scope changed (24.135ms)
✔ outside log path (27.367875ms)
✔ wrong log digest (26.776875ms)
✔ missing dependency (26.955375ms)
✔ dependency digest substituted (27.277584ms)
✔ tampered manifest bytes are rejected (21.65425ms)
✔ changed source content is rejected despite unchanged gate digest (25.830125ms)
✔ dependency must independently be READY (26.020791ms)
✔ arbitrary log cannot masquerade as successful execution (27.437292ms)
✔ input file symlink cannot escape the repository (27.481166ms)
✔ database execution cannot be inferred from a normal local PASS (31.998917ms)
✔ Supabase target receipt verifies each compressed execution log (32.424834ms)
✔ source drift during execution invalidates the original input snapshot (42.540333ms)
✔ requirement drift during execution invalidates the original input snapshot (46.131708ms)
✔ controlled public development profile overrides stale values and preserves server inputs (0.141916ms)
✔ private credentials cannot be injected through a public development profile (0.099583ms)
✔ transient Auth 503 can retry only a complete target execution (0.106083ms)
✔ persistent target timeout never becomes PASS and stops at its budget (0.097958ms)
✔ semantic target failures stop without retry or PASS (0.024584ms)
✔ target retry budget cannot be unbounded (0.1105ms)
✔ configured target retries require explicit attempt outcomes in the receipt (32.954459ms)
✔ three successful full builds bind output inventories (0.364083ms)
✔ reproducibility rejects only two builds (0.12175ms)
✔ reproducibility rejects missing Python build (0.136ms)
✔ reproducibility rejects failed command (0.281125ms)
✔ reproducibility rejects different output digest (0.097041ms)
✔ reproducibility rejects substituted inventory (0.072417ms)
✔ reproducibility rejects dirty source (0.05775ms)
✔ reproducibility rejects old source (0.060917ms)
✔ development policy retains explicit build, coverage, volume and target storage obligations (0.307459ms)
✔ static make commands cannot reload .env.local or inherit target database opt-ins (0.0875ms)
✔ volume retry restarts the complete check only on a closed PostgreSQL transport (0.052833ms)
✔ volume correctness and certificate errors cannot be retried into PASS (0.029458ms)
✔ persistent database transport failure stays failed at the retry limit (0.024666ms)
✔ separate assessment snapshot preserves historical manifests and binds its own logs (32.75825ms)
✔ third-party Git link binds the actual clean checkout and rejects dirty/advanced source (146.875833ms)
ℹ tests 43
ℹ suites 0
ℹ pass 43
ℹ fail 0
ℹ cancelled 0
ℹ skipped 0
ℹ todo 0
ℹ duration_ms 878.543541
