
> @sumalpha/quantos@ test:fep0 /Users/anray/Documents/project/SumAlpha/QuantOS
> node --test scripts/fep0-development.test.mjs

✔ all eight independently content-bound dependencies admit DEVELOPMENT only (18.063958ms)
✔ engineering aggregation preserves the sole pending user confirmation (9.026416ms)
✔ milestone rejects missing F0 (8.129292ms)
✔ milestone rejects missing PRE (8.329834ms)
✔ milestone rejects duplicate dependency (7.974334ms)
✔ milestone rejects unready F0 (8.433458ms)
✔ milestone rejects manifest bytes replaced (8.1755ms)
✔ milestone rejects digest substituted (7.535333ms)
✔ milestone rejects dependency path substituted (7.265792ms)
✔ milestone rejects dependency verdict substituted (7.091166ms)
✔ milestone rejects self manifest schema (7.238334ms)
✔ milestone rejects normative change (7.314834ms)
✔ milestone rejects source input change (7.351625ms)
✔ milestone rejects unexecuted check (8.523083ms)
✔ milestone rejects missing execution time (7.43975ms)
✔ milestone rejects missing required check (7.627875ms)
✔ milestone rejects duplicate check (7.461541ms)
✔ milestone rejects wrong command (7.293125ms)
✔ milestone rejects log tampering (7.60425ms)
✔ milestone rejects rehashed prose (7.461ms)
✔ milestone rejects external log path (7.2ms)
✔ milestone rejects false formal acceptance (7.391625ms)
✔ milestone rejects aggregate claims database run (6.993333ms)
✔ milestone rejects hidden exclusions (7.181916ms)
✔ milestone rejects unresolved functional finding (7.043584ms)
✔ dependency validator is invoked and errors propagate (7.209458ms)
✔ fake READY cannot hide changed G0 scope (6.994583ms)
✔ arbitrary existing markdown cannot serve as a milestone receipt (0.087834ms)
✔ own arbitrary digest is rejected independently of dependency status (0.064458ms)
✔ F0 policy contains the six missing nodes and all eleven obligations (7.202ms)
✔ production schema drift comparator rejects tables (0.10325ms)
✔ production schema drift comparator rejects columns (0.047541ms)
✔ production schema drift comparator rejects constraints (0.040709ms)
✔ production schema drift comparator rejects indexes (0.040333ms)
✔ production schema drift comparator rejects policies (0.036334ms)
✔ production schema drift comparator rejects routines (0.030417ms)
✔ production schema drift comparator rejects triggers (0.035334ms)
✔ 100-task recovery evidence cannot use 10-task diagnostic or accept P95 (0.817667ms)
✔ CI consumes the full milestone engineering validator and its negatives (0.06275ms)
ℹ tests 39
ℹ suites 0
ℹ pass 39
ℹ fail 0
ℹ cancelled 0
ℹ skipped 0
ℹ todo 0
ℹ duration_ms 281.488209
