node --test scripts/f02-gate-negative.mjs scripts/f02-a11-gate-negative.mjs scripts/playwright-git-history.test.mjs scripts/storage-fixture.test.cjs scripts/f02-development-database.test.cjs
✔ complete Linux matrix passes; deletion and pixel tampering fail (397.655708ms)
✔ acceptance never updates snapshots or skips missing snapshots (0.566833ms)
✔ only main signing and verification jobs receive the signing environment (10.21475ms)
✔ signing policy rejects missing protection, wildcards, tags and extra branches (0.186959ms)
✔ candidate import rejects tampering and stale source before writing, then imports the reviewed matrix (375.547916ms)
✔ required download check rejects skipped or failed event-specific verification (20.242792ms)
✔ PR receipts bind the checked out head while main signing stays on the event SHA (2.793583ms)
✔ successful checks publish only after all seven negatives, independent read-only verification and close (8.502542ms)
✔ an idle error after mutation is handled, no SQL is replayed and independent cleanup cannot convert FAIL to PASS (1.589ms)
✔ initial known transport failure closes the failed connection before a fresh connection, preserving bootstrap (2.182666ms)
✔ 28P01 initial failure never retries (0.67675ms)
✔ 42501 initial failure never retries (0.695041ms)
✔ CERT_HAS_EXPIRED initial failure never retries (0.977042ms)
✔ configuration failure overwrites historic PASS with current-source FAIL (0.731042ms)
✔ cleanup catalog mismatch fails even after seven successful checks (2.555ms)
✔ failed primary close preserves its error and cannot publish success after read-only verification (1.985417ms)
✔ a mutation that does not affect schema is rejected (1.369792ms)
✔ strict artifact acceptance rejects stale success, unclosed sessions, missing bootstrap and post-SQL errors (6.683ms)
Verified 2 release files for aaaaaaaaaaaaaaaaaaaaaaaaaaaaaaaaaaaaaaaa
Verified 2 release files for aaaaaaaaaaaaaaaaaaaaaaaaaaaaaaaaaaaaaaaa
✔ real Gitleaks positive control and GitHub/Slack leaks (1533.245041ms)
✔ historical digest exceptions do not waive fresh credentials in audit JSON (1070.7895ms)
✔ RLS baseline rejects policy deletion and late disabling with recovery (175.790375ms)
✔ RLS preflight recognizes the actual ten-table A2 migration and rejects incomplete loops (136.041167ms)
✔ RLS preflight expands audit export permissions without treating grants as RLS (143.544667ms)
✔ RLS literal loops preserve late disabling, NO FORCE and policy deletion (134.629459ms)
✔ RLS preflight cannot count conditional loops, comments, literals or function bodies as execution (154.6885ms)
✔ quoted SQL examples inside expanded policy expressions cannot enable RLS (23.260459ms)
✔ migration filename control, rejection and recovery (15.686625ms)
✔ waivers only authorize exact advisory/ecosystem/package/version before expiry (1.01075ms)
✔ license expression policy does not globally allow LGPL or unknown licenses (0.33175ms)
✔ release binds complete payload and SBOM to source; rejects corruption and build-only native files (2.919417ms)
✔ Buf compares against distinct historical source and detects removed fields (522.24075ms)
✔ SCA scanner adapter consumes exact waivers and never waives scanner failures (1493.849625ms)
✔ Playwright PR reporting preserves complete history for downstream security scans (1574.8655ms)
✔ all bucket migration INSERT columns exist in the shared CI fixture (0.36525ms)
﹣ PostgreSQL compiles bucket migrations and preserves private export limits (0.046208ms) # SKIP
ℹ tests 35
ℹ suites 0
ℹ pass 34
ℹ fail 0
ℹ cancelled 0
ℹ skipped 1
ℹ todo 0
ℹ duration_ms 5448.762958
