
running 1 test
test python_mock_engine_contracts_round_trip_over_uds ... FAILED

failures:

failures:
    python_mock_engine_contracts_round_trip_over_uds

test result: FAILED. 0 passed; 1 failed; 0 ignored; 0 measured; 24 filtered out; finished in 5.19s

   Compiling serde_core v1.0.229
   Compiling libc v0.2.189
   Compiling syn v2.0.119
   Compiling typenum v1.20.1
   Compiling futures-channel v0.3.33
   Compiling num-traits v0.2.19
   Compiling sync_wrapper v1.0.2
   Compiling serde_json v1.0.151
   Compiling getrandom v0.4.3
   Compiling generic-array v0.14.7
   Compiling crypto-common v0.1.7
   Compiling block-buffer v0.10.4
   Compiling digest v0.10.7
   Compiling tempfile v3.27.0
   Compiling hmac v0.12.1
   Compiling sha2 v0.10.9
   Compiling prettyplease v0.2.37
   Compiling prost-derive v0.13.5
   Compiling tokio-macros v2.7.1
   Compiling futures-macro v0.3.33
   Compiling tracing-attributes v0.1.31
   Compiling pin-project-internal v1.1.13
   Compiling async-stream-impl v0.3.6
   Compiling errno v0.3.14
   Compiling rustix v1.1.4
   Compiling serde v1.0.229
   Compiling semver v1.0.28
   Compiling uuid v1.24.0
   Compiling async-stream v0.3.6
   Compiling tokio v1.53.1
   Compiling futures-util v0.3.33
   Compiling pin-project v1.1.13
   Compiling chrono v0.4.45
   Compiling pbjson v0.7.0
   Compiling tracing v0.1.44
   Compiling prost v0.13.5
   Compiling prost-types v0.13.5
   Compiling tower v0.5.3
   Compiling axum-core v0.4.5
   Compiling prost-build v0.13.5
   Compiling pbjson-build v0.7.0
   Compiling pbjson-types v0.7.0
   Compiling axum v0.7.9
   Compiling tokio-util v0.7.19
   Compiling tokio-stream v0.1.19
   Compiling h2 v0.4.16
   Compiling tower v0.4.13
   Compiling hyper v1.11.0
   Compiling hyper-util v0.1.20
   Compiling hyper-timeout v0.5.2
   Compiling tonic v0.12.3
   Compiling quantos-proto v0.1.0 (/Users/anray/Documents/project/SumAlpha/QuantOS/crates/quantos-proto)
   Compiling quantos-engine-manager v0.1.0 (/Users/anray/Documents/project/SumAlpha/QuantOS/crates/quantos-engine-manager)
    Finished `release` profile [optimized] target(s) in 11.77s
     Running tests/python_mock_engine.rs (target/release/deps/python_mock_engine-5abbd173872b0a59)
Error: mock engine socket did not appear at /var/folders/k8/_4hymb6j59s0c8xntb11ktmc0000gn/T/f08-target-YZSPIh/quantos-mock-01a10b45-c351-7e50-81ae-04ac38bf6078.sock
error: test failed, to rerun pass `-p quantos-engine-manager --test python_mock_engine`
