
running 1 test
test supervised_sidecar_refuses_tampered_artifact_then_recovers ... FAILED

failures:

failures:
    supervised_sidecar_refuses_tampered_artifact_then_recovers

test result: FAILED. 0 passed; 1 failed; 0 ignored; 0 measured; 24 filtered out; finished in 29.31s

    Finished `release` profile [optimized] target(s) in 0.06s
     Running tests/python_mock_engine.rs (target/release/deps/python_mock_engine-5abbd173872b0a59)
WARNING: All log messages before absl::InitializeLog() is called are written to STDERR
E0000 00:00:1791190519.800755 1262236 add_port.cc:83] Failed to add port to server: Path name should not have more than 103 characters
Traceback (most recent call last):
  File "<frozen runpy>", line 198, in _run_module_as_main
  File "<frozen runpy>", line 88, in _run_code
  File "/Users/anray/Documents/project/SumAlpha/QuantOS/engines/.venv/lib/python3.12/site-packages/mock_engine/server.py", line 69, in <module>
    main()
  File "/Users/anray/Documents/project/SumAlpha/QuantOS/engines/.venv/lib/python3.12/site-packages/mock_engine/server.py", line 52, in main
    server = serve_engine(
             ^^^^^^^^^^^^^
  File "/Users/anray/Documents/project/SumAlpha/QuantOS/engines/.venv/lib/python3.12/site-packages/quantos_engine_sdk/grpc.py", line 248, in serve_engine
    bound = server.add_insecure_port(uds_target(socket_path))
            ^^^^^^^^^^^^^^^^^^^^^^^^^^^^^^^^^^^^^^^^^^^^^^^^^
  File "/Users/anray/Documents/project/SumAlpha/QuantOS/engines/.venv/lib/python3.12/site-packages/grpc/_server.py", line 1473, in add_insecure_port
    return _common.validate_port_binding_result(
           ^^^^^^^^^^^^^^^^^^^^^^^^^^^^^^^^^^^^^
  File "/Users/anray/Documents/project/SumAlpha/QuantOS/engines/.venv/lib/python3.12/site-packages/grpc/_common.py", line 181, in validate_port_binding_result
    raise RuntimeError(_ERROR_MESSAGE_PORT_BINDING_FAILED % address)
RuntimeError: Failed to bind to address unix:/private/var/folders/k8/_4hymb6j59s0c8xntb11ktmc0000gn/T/f08-target-YZSPIh/quantos-mock-01a10b46-4fad-7b23-988f-f4407c27e297.sock; set GRPC_VERBOSITY=debug environment variable to see detailed error message.
WARNING: All log messages before absl::InitializeLog() is called are written to STDERR
E0000 00:00:1791190519.971105 1262254 add_port.cc:83] Failed to add port to server: Path name should not have more than 103 characters
Traceback (most recent call last):
  File "<frozen runpy>", line 198, in _run_module_as_main
  File "<frozen runpy>", line 88, in _run_code
  File "/Users/anray/Documents/project/SumAlpha/QuantOS/engines/.venv/lib/python3.12/site-packages/mock_engine/server.py", line 69, in <module>
    main()
  File "/Users/anray/Documents/project/SumAlpha/QuantOS/engines/.venv/lib/python3.12/site-packages/mock_engine/server.py", line 52, in main
    server = serve_engine(
             ^^^^^^^^^^^^^
  File "/Users/anray/Documents/project/SumAlpha/QuantOS/engines/.venv/lib/python3.12/site-packages/quantos_engine_sdk/grpc.py", line 248, in serve_engine
    bound = server.add_insecure_port(uds_target(socket_path))
            ^^^^^^^^^^^^^^^^^^^^^^^^^^^^^^^^^^^^^^^^^^^^^^^^^
  File "/Users/anray/Documents/project/SumAlpha/QuantOS/engines/.venv/lib/python3.12/site-packages/grpc/_server.py", line 1473, in add_insecure_port
    return _common.validate_port_binding_result(
           ^^^^^^^^^^^^^^^^^^^^^^^^^^^^^^^^^^^^^
  File "/Users/anray/Documents/project/SumAlpha/QuantOS/engines/.venv/lib/python3.12/site-packages/grpc/_common.py", line 181, in validate_port_binding_result
    raise RuntimeError(_ERROR_MESSAGE_PORT_BINDING_FAILED % address)
RuntimeError: Failed to bind to address unix:/private/var/folders/k8/_4hymb6j59s0c8xntb11ktmc0000gn/T/f08-target-YZSPIh/quantos-mock-01a10b46-4fad-7b23-988f-f4407c27e297.sock; set GRPC_VERBOSITY=debug environment variable to see detailed error message.
WARNING: All log messages before absl::InitializeLog() is called are written to STDERR
E0000 00:00:1791190520.175614 1262276 add_port.cc:83] Failed to add port to server: Path name should not have more than 103 characters
Traceback (most recent call last):
  File "<frozen runpy>", line 198, in _run_module_as_main
  File "<frozen runpy>", line 88, in _run_code
  File "/Users/anray/Documents/project/SumAlpha/QuantOS/engines/.venv/lib/python3.12/site-packages/mock_engine/server.py", line 69, in <module>
    main()
  File "/Users/anray/Documents/project/SumAlpha/QuantOS/engines/.venv/lib/python3.12/site-packages/mock_engine/server.py", line 52, in main
    server = serve_engine(
             ^^^^^^^^^^^^^
  File "/Users/anray/Documents/project/SumAlpha/QuantOS/engines/.venv/lib/python3.12/site-packages/quantos_engine_sdk/grpc.py", line 248, in serve_engine
    bound = server.add_insecure_port(uds_target(socket_path))
            ^^^^^^^^^^^^^^^^^^^^^^^^^^^^^^^^^^^^^^^^^^^^^^^^^
  File "/Users/anray/Documents/project/SumAlpha/QuantOS/engines/.venv/lib/python3.12/site-packages/grpc/_server.py", line 1473, in add_insecure_port
    return _common.validate_port_binding_result(
           ^^^^^^^^^^^^^^^^^^^^^^^^^^^^^^^^^^^^^
  File "/Users/anray/Documents/project/SumAlpha/QuantOS/engines/.venv/lib/python3.12/site-packages/grpc/_common.py", line 181, in validate_port_binding_result
    raise RuntimeError(_ERROR_MESSAGE_PORT_BINDING_FAILED % address)
RuntimeError: Failed to bind to address unix:/private/var/folders/k8/_4hymb6j59s0c8xntb11ktmc0000gn/T/f08-target-YZSPIh/quantos-mock-01a10b46-4fad-7b23-988f-f4407c27e297.sock; set GRPC_VERBOSITY=debug environment variable to see detailed error message.
WARNING: All log messages before absl::InitializeLog() is called are written to STDERR
E0000 00:00:1791190520.586404 1262294 add_port.cc:83] Failed to add port to server: Path name should not have more than 103 characters
Traceback (most recent call last):
  File "<frozen runpy>", line 198, in _run_module_as_main
  File "<frozen runpy>", line 88, in _run_code
  File "/Users/anray/Documents/project/SumAlpha/QuantOS/engines/.venv/lib/python3.12/site-packages/mock_engine/server.py", line 69, in <module>
    main()
  File "/Users/anray/Documents/project/SumAlpha/QuantOS/engines/.venv/lib/python3.12/site-packages/mock_engine/server.py", line 52, in main
    server = serve_engine(
             ^^^^^^^^^^^^^
  File "/Users/anray/Documents/project/SumAlpha/QuantOS/engines/.venv/lib/python3.12/site-packages/quantos_engine_sdk/grpc.py", line 248, in serve_engine
    bound = server.add_insecure_port(uds_target(socket_path))
            ^^^^^^^^^^^^^^^^^^^^^^^^^^^^^^^^^^^^^^^^^^^^^^^^^
  File "/Users/anray/Documents/project/SumAlpha/QuantOS/engines/.venv/lib/python3.12/site-packages/grpc/_server.py", line 1473, in add_insecure_port
    return _common.validate_port_binding_result(
           ^^^^^^^^^^^^^^^^^^^^^^^^^^^^^^^^^^^^^
  File "/Users/anray/Documents/project/SumAlpha/QuantOS/engines/.venv/lib/python3.12/site-packages/grpc/_common.py", line 181, in validate_port_binding_result
    raise RuntimeError(_ERROR_MESSAGE_PORT_BINDING_FAILED % address)
RuntimeError: Failed to bind to address unix:/private/var/folders/k8/_4hymb6j59s0c8xntb11ktmc0000gn/T/f08-target-YZSPIh/quantos-mock-01a10b46-4fad-7b23-988f-f4407c27e297.sock; set GRPC_VERBOSITY=debug environment variable to see detailed error message.
WARNING: All log messages before absl::InitializeLog() is called are written to STDERR
E0000 00:00:1791190521.393798 1262359 add_port.cc:83] Failed to add port to server: Path name should not have more than 103 characters
Traceback (most recent call last):
  File "<frozen runpy>", line 198, in _run_module_as_main
  File "<frozen runpy>", line 88, in _run_code
  File "/Users/anray/Documents/project/SumAlpha/QuantOS/engines/.venv/lib/python3.12/site-packages/mock_engine/server.py", line 69, in <module>
    main()
  File "/Users/anray/Documents/project/SumAlpha/QuantOS/engines/.venv/lib/python3.12/site-packages/mock_engine/server.py", line 52, in main
    server = serve_engine(
             ^^^^^^^^^^^^^
  File "/Users/anray/Documents/project/SumAlpha/QuantOS/engines/.venv/lib/python3.12/site-packages/quantos_engine_sdk/grpc.py", line 248, in serve_engine
    bound = server.add_insecure_port(uds_target(socket_path))
            ^^^^^^^^^^^^^^^^^^^^^^^^^^^^^^^^^^^^^^^^^^^^^^^^^
  File "/Users/anray/Documents/project/SumAlpha/QuantOS/engines/.venv/lib/python3.12/site-packages/grpc/_server.py", line 1473, in add_insecure_port
    return _common.validate_port_binding_result(
           ^^^^^^^^^^^^^^^^^^^^^^^^^^^^^^^^^^^^^
  File "/Users/anray/Documents/project/SumAlpha/QuantOS/engines/.venv/lib/python3.12/site-packages/grpc/_common.py", line 181, in validate_port_binding_result
    raise RuntimeError(_ERROR_MESSAGE_PORT_BINDING_FAILED % address)
RuntimeError: Failed to bind to address unix:/private/var/folders/k8/_4hymb6j59s0c8xntb11ktmc0000gn/T/f08-target-YZSPIh/quantos-mock-01a10b46-4fad-7b23-988f-f4407c27e297.sock; set GRPC_VERBOSITY=debug environment variable to see detailed error message.
WARNING: All log messages before absl::InitializeLog() is called are written to STDERR
E0000 00:00:1791190523.002246 1262399 add_port.cc:83] Failed to add port to server: Path name should not have more than 103 characters
Traceback (most recent call last):
  File "<frozen runpy>", line 198, in _run_module_as_main
  File "<frozen runpy>", line 88, in _run_code
  File "/Users/anray/Documents/project/SumAlpha/QuantOS/engines/.venv/lib/python3.12/site-packages/mock_engine/server.py", line 69, in <module>
    main()
  File "/Users/anray/Documents/project/SumAlpha/QuantOS/engines/.venv/lib/python3.12/site-packages/mock_engine/server.py", line 52, in main
    server = serve_engine(
             ^^^^^^^^^^^^^
  File "/Users/anray/Documents/project/SumAlpha/QuantOS/engines/.venv/lib/python3.12/site-packages/quantos_engine_sdk/grpc.py", line 248, in serve_engine
    bound = server.add_insecure_port(uds_target(socket_path))
            ^^^^^^^^^^^^^^^^^^^^^^^^^^^^^^^^^^^^^^^^^^^^^^^^^
  File "/Users/anray/Documents/project/SumAlpha/QuantOS/engines/.venv/lib/python3.12/site-packages/grpc/_server.py", line 1473, in add_insecure_port
    return _common.validate_port_binding_result(
           ^^^^^^^^^^^^^^^^^^^^^^^^^^^^^^^^^^^^^
  File "/Users/anray/Documents/project/SumAlpha/QuantOS/engines/.venv/lib/python3.12/site-packages/grpc/_common.py", line 181, in validate_port_binding_result
    raise RuntimeError(_ERROR_MESSAGE_PORT_BINDING_FAILED % address)
RuntimeError: Failed to bind to address unix:/private/var/folders/k8/_4hymb6j59s0c8xntb11ktmc0000gn/T/f08-target-YZSPIh/quantos-mock-01a10b46-4fad-7b23-988f-f4407c27e297.sock; set GRPC_VERBOSITY=debug environment variable to see detailed error message.
WARNING: All log messages before absl::InitializeLog() is called are written to STDERR
E0000 00:00:1791190524.993008 1262485 add_port.cc:83] Failed to add port to server: Path name should not have more than 103 characters
Traceback (most recent call last):
  File "<frozen runpy>", line 198, in _run_module_as_main
  File "<frozen runpy>", line 88, in _run_code
  File "/Users/anray/Documents/project/SumAlpha/QuantOS/engines/.venv/lib/python3.12/site-packages/mock_engine/server.py", line 69, in <module>
    main()
  File "/Users/anray/Documents/project/SumAlpha/QuantOS/engines/.venv/lib/python3.12/site-packages/mock_engine/server.py", line 52, in main
    server = serve_engine(
             ^^^^^^^^^^^^^
  File "/Users/anray/Documents/project/SumAlpha/QuantOS/engines/.venv/lib/python3.12/site-packages/quantos_engine_sdk/grpc.py", line 248, in serve_engine
    bound = server.add_insecure_port(uds_target(socket_path))
            ^^^^^^^^^^^^^^^^^^^^^^^^^^^^^^^^^^^^^^^^^^^^^^^^^
  File "/Users/anray/Documents/project/SumAlpha/QuantOS/engines/.venv/lib/python3.12/site-packages/grpc/_server.py", line 1473, in add_insecure_port
    return _common.validate_port_binding_result(
           ^^^^^^^^^^^^^^^^^^^^^^^^^^^^^^^^^^^^^
  File "/Users/anray/Documents/project/SumAlpha/QuantOS/engines/.venv/lib/python3.12/site-packages/grpc/_common.py", line 181, in validate_port_binding_result
    raise RuntimeError(_ERROR_MESSAGE_PORT_BINDING_FAILED % address)
RuntimeError: Failed to bind to address unix:/private/var/folders/k8/_4hymb6j59s0c8xntb11ktmc0000gn/T/f08-target-YZSPIh/quantos-mock-01a10b46-4fad-7b23-988f-f4407c27e297.sock; set GRPC_VERBOSITY=debug environment variable to see detailed error message.
WARNING: All log messages before absl::InitializeLog() is called are written to STDERR
E0000 00:00:1791190527.009573 1262515 add_port.cc:83] Failed to add port to server: Path name should not have more than 103 characters
Traceback (most recent call last):
  File "<frozen runpy>", line 198, in _run_module_as_main
  File "<frozen runpy>", line 88, in _run_code
  File "/Users/anray/Documents/project/SumAlpha/QuantOS/engines/.venv/lib/python3.12/site-packages/mock_engine/server.py", line 69, in <module>
    main()
  File "/Users/anray/Documents/project/SumAlpha/QuantOS/engines/.venv/lib/python3.12/site-packages/mock_engine/server.py", line 52, in main
    server = serve_engine(
             ^^^^^^^^^^^^^
  File "/Users/anray/Documents/project/SumAlpha/QuantOS/engines/.venv/lib/python3.12/site-packages/quantos_engine_sdk/grpc.py", line 248, in serve_engine
    bound = server.add_insecure_port(uds_target(socket_path))
            ^^^^^^^^^^^^^^^^^^^^^^^^^^^^^^^^^^^^^^^^^^^^^^^^^
  File "/Users/anray/Documents/project/SumAlpha/QuantOS/engines/.venv/lib/python3.12/site-packages/grpc/_server.py", line 1473, in add_insecure_port
    return _common.validate_port_binding_result(
           ^^^^^^^^^^^^^^^^^^^^^^^^^^^^^^^^^^^^^
  File "/Users/anray/Documents/project/SumAlpha/QuantOS/engines/.venv/lib/python3.12/site-packages/grpc/_common.py", line 181, in validate_port_binding_result
    raise RuntimeError(_ERROR_MESSAGE_PORT_BINDING_FAILED % address)
RuntimeError: Failed to bind to address unix:/private/var/folders/k8/_4hymb6j59s0c8xntb11ktmc0000gn/T/f08-target-YZSPIh/quantos-mock-01a10b46-4fad-7b23-988f-f4407c27e297.sock; set GRPC_VERBOSITY=debug environment variable to see detailed error message.
WARNING: All log messages before absl::InitializeLog() is called are written to STDERR
E0000 00:00:1791190529.013660 1262552 add_port.cc:83] Failed to add port to server: Path name should not have more than 103 characters
Traceback (most recent call last):
  File "<frozen runpy>", line 198, in _run_module_as_main
  File "<frozen runpy>", line 88, in _run_code
  File "/Users/anray/Documents/project/SumAlpha/QuantOS/engines/.venv/lib/python3.12/site-packages/mock_engine/server.py", line 69, in <module>
    main()
  File "/Users/anray/Documents/project/SumAlpha/QuantOS/engines/.venv/lib/python3.12/site-packages/mock_engine/server.py", line 52, in main
    server = serve_engine(
             ^^^^^^^^^^^^^
  File "/Users/anray/Documents/project/SumAlpha/QuantOS/engines/.venv/lib/python3.12/site-packages/quantos_engine_sdk/grpc.py", line 248, in serve_engine
    bound = server.add_insecure_port(uds_target(socket_path))
            ^^^^^^^^^^^^^^^^^^^^^^^^^^^^^^^^^^^^^^^^^^^^^^^^^
  File "/Users/anray/Documents/project/SumAlpha/QuantOS/engines/.venv/lib/python3.12/site-packages/grpc/_server.py", line 1473, in add_insecure_port
    return _common.validate_port_binding_result(
           ^^^^^^^^^^^^^^^^^^^^^^^^^^^^^^^^^^^^^
  File "/Users/anray/Documents/project/SumAlpha/QuantOS/engines/.venv/lib/python3.12/site-packages/grpc/_common.py", line 181, in validate_port_binding_result
    raise RuntimeError(_ERROR_MESSAGE_PORT_BINDING_FAILED % address)
RuntimeError: Failed to bind to address unix:/private/var/folders/k8/_4hymb6j59s0c8xntb11ktmc0000gn/T/f08-target-YZSPIh/quantos-mock-01a10b46-4fad-7b23-988f-f4407c27e297.sock; set GRPC_VERBOSITY=debug environment variable to see detailed error message.
WARNING: All log messages before absl::InitializeLog() is called are written to STDERR
E0000 00:00:1791190531.016413 1262583 add_port.cc:83] Failed to add port to server: Path name should not have more than 103 characters
Traceback (most recent call last):
  File "<frozen runpy>", line 198, in _run_module_as_main
  File "<frozen runpy>", line 88, in _run_code
  File "/Users/anray/Documents/project/SumAlpha/QuantOS/engines/.venv/lib/python3.12/site-packages/mock_engine/server.py", line 69, in <module>
    main()
  File "/Users/anray/Documents/project/SumAlpha/QuantOS/engines/.venv/lib/python3.12/site-packages/mock_engine/server.py", line 52, in main
    server = serve_engine(
             ^^^^^^^^^^^^^
  File "/Users/anray/Documents/project/SumAlpha/QuantOS/engines/.venv/lib/python3.12/site-packages/quantos_engine_sdk/grpc.py", line 248, in serve_engine
    bound = server.add_insecure_port(uds_target(socket_path))
            ^^^^^^^^^^^^^^^^^^^^^^^^^^^^^^^^^^^^^^^^^^^^^^^^^
  File "/Users/anray/Documents/project/SumAlpha/QuantOS/engines/.venv/lib/python3.12/site-packages/grpc/_server.py", line 1473, in add_insecure_port
    return _common.validate_port_binding_result(
           ^^^^^^^^^^^^^^^^^^^^^^^^^^^^^^^^^^^^^
  File "/Users/anray/Documents/project/SumAlpha/QuantOS/engines/.venv/lib/python3.12/site-packages/grpc/_common.py", line 181, in validate_port_binding_result
    raise RuntimeError(_ERROR_MESSAGE_PORT_BINDING_FAILED % address)
RuntimeError: Failed to bind to address unix:/private/var/folders/k8/_4hymb6j59s0c8xntb11ktmc0000gn/T/f08-target-YZSPIh/quantos-mock-01a10b46-4fad-7b23-988f-f4407c27e297.sock; set GRPC_VERBOSITY=debug environment variable to see detailed error message.
WARNING: All log messages before absl::InitializeLog() is called are written to STDERR
E0000 00:00:1791190533.022759 1262624 add_port.cc:83] Failed to add port to server: Path name should not have more than 103 characters
Traceback (most recent call last):
  File "<frozen runpy>", line 198, in _run_module_as_main
  File "<frozen runpy>", line 88, in _run_code
  File "/Users/anray/Documents/project/SumAlpha/QuantOS/engines/.venv/lib/python3.12/site-packages/mock_engine/server.py", line 69, in <module>
    main()
  File "/Users/anray/Documents/project/SumAlpha/QuantOS/engines/.venv/lib/python3.12/site-packages/mock_engine/server.py", line 52, in main
    server = serve_engine(
             ^^^^^^^^^^^^^
  File "/Users/anray/Documents/project/SumAlpha/QuantOS/engines/.venv/lib/python3.12/site-packages/quantos_engine_sdk/grpc.py", line 248, in serve_engine
    bound = server.add_insecure_port(uds_target(socket_path))
            ^^^^^^^^^^^^^^^^^^^^^^^^^^^^^^^^^^^^^^^^^^^^^^^^^
  File "/Users/anray/Documents/project/SumAlpha/QuantOS/engines/.venv/lib/python3.12/site-packages/grpc/_server.py", line 1473, in add_insecure_port
    return _common.validate_port_binding_result(
           ^^^^^^^^^^^^^^^^^^^^^^^^^^^^^^^^^^^^^
  File "/Users/anray/Documents/project/SumAlpha/QuantOS/engines/.venv/lib/python3.12/site-packages/grpc/_common.py", line 181, in validate_port_binding_result
    raise RuntimeError(_ERROR_MESSAGE_PORT_BINDING_FAILED % address)
RuntimeError: Failed to bind to address unix:/private/var/folders/k8/_4hymb6j59s0c8xntb11ktmc0000gn/T/f08-target-YZSPIh/quantos-mock-01a10b46-4fad-7b23-988f-f4407c27e297.sock; set GRPC_VERBOSITY=debug environment variable to see detailed error message.
WARNING: All log messages before absl::InitializeLog() is called are written to STDERR
E0000 00:00:1791190534.999497 1262675 add_port.cc:83] Failed to add port to server: Path name should not have more than 103 characters
Traceback (most recent call last):
  File "<frozen runpy>", line 198, in _run_module_as_main
  File "<frozen runpy>", line 88, in _run_code
  File "/Users/anray/Documents/project/SumAlpha/QuantOS/engines/.venv/lib/python3.12/site-packages/mock_engine/server.py", line 69, in <module>
    main()
  File "/Users/anray/Documents/project/SumAlpha/QuantOS/engines/.venv/lib/python3.12/site-packages/mock_engine/server.py", line 52, in main
    server = serve_engine(
             ^^^^^^^^^^^^^
  File "/Users/anray/Documents/project/SumAlpha/QuantOS/engines/.venv/lib/python3.12/site-packages/quantos_engine_sdk/grpc.py", line 248, in serve_engine
    bound = server.add_insecure_port(uds_target(socket_path))
            ^^^^^^^^^^^^^^^^^^^^^^^^^^^^^^^^^^^^^^^^^^^^^^^^^
  File "/Users/anray/Documents/project/SumAlpha/QuantOS/engines/.venv/lib/python3.12/site-packages/grpc/_server.py", line 1473, in add_insecure_port
    return _common.validate_port_binding_result(
           ^^^^^^^^^^^^^^^^^^^^^^^^^^^^^^^^^^^^^
  File "/Users/anray/Documents/project/SumAlpha/QuantOS/engines/.venv/lib/python3.12/site-packages/grpc/_common.py", line 181, in validate_port_binding_result
    raise RuntimeError(_ERROR_MESSAGE_PORT_BINDING_FAILED % address)
RuntimeError: Failed to bind to address unix:/private/var/folders/k8/_4hymb6j59s0c8xntb11ktmc0000gn/T/f08-target-YZSPIh/quantos-mock-01a10b46-4fad-7b23-988f-f4407c27e297.sock; set GRPC_VERBOSITY=debug environment variable to see detailed error message.
WARNING: All log messages before absl::InitializeLog() is called are written to STDERR
E0000 00:00:1791190537.103001 1262874 add_port.cc:83] Failed to add port to server: Path name should not have more than 103 characters
Traceback (most recent call last):
  File "<frozen runpy>", line 198, in _run_module_as_main
  File "<frozen runpy>", line 88, in _run_code
  File "/Users/anray/Documents/project/SumAlpha/QuantOS/engines/.venv/lib/python3.12/site-packages/mock_engine/server.py", line 69, in <module>
    main()
  File "/Users/anray/Documents/project/SumAlpha/QuantOS/engines/.venv/lib/python3.12/site-packages/mock_engine/server.py", line 52, in main
    server = serve_engine(
             ^^^^^^^^^^^^^
  File "/Users/anray/Documents/project/SumAlpha/QuantOS/engines/.venv/lib/python3.12/site-packages/quantos_engine_sdk/grpc.py", line 248, in serve_engine
    bound = server.add_insecure_port(uds_target(socket_path))
            ^^^^^^^^^^^^^^^^^^^^^^^^^^^^^^^^^^^^^^^^^^^^^^^^^
  File "/Users/anray/Documents/project/SumAlpha/QuantOS/engines/.venv/lib/python3.12/site-packages/grpc/_server.py", line 1473, in add_insecure_port
    return _common.validate_port_binding_result(
           ^^^^^^^^^^^^^^^^^^^^^^^^^^^^^^^^^^^^^
  File "/Users/anray/Documents/project/SumAlpha/QuantOS/engines/.venv/lib/python3.12/site-packages/grpc/_common.py", line 181, in validate_port_binding_result
    raise RuntimeError(_ERROR_MESSAGE_PORT_BINDING_FAILED % address)
RuntimeError: Failed to bind to address unix:/private/var/folders/k8/_4hymb6j59s0c8xntb11ktmc0000gn/T/f08-target-YZSPIh/quantos-mock-01a10b46-4fad-7b23-988f-f4407c27e297.sock; set GRPC_VERBOSITY=debug environment variable to see detailed error message.
WARNING: All log messages before absl::InitializeLog() is called are written to STDERR
E0000 00:00:1791190539.050404 1264021 add_port.cc:83] Failed to add port to server: Path name should not have more than 103 characters
Traceback (most recent call last):
  File "<frozen runpy>", line 198, in _run_module_as_main
  File "<frozen runpy>", line 88, in _run_code
  File "/Users/anray/Documents/project/SumAlpha/QuantOS/engines/.venv/lib/python3.12/site-packages/mock_engine/server.py", line 69, in <module>
    main()
  File "/Users/anray/Documents/project/SumAlpha/QuantOS/engines/.venv/lib/python3.12/site-packages/mock_engine/server.py", line 52, in main
    server = serve_engine(
             ^^^^^^^^^^^^^
  File "/Users/anray/Documents/project/SumAlpha/QuantOS/engines/.venv/lib/python3.12/site-packages/quantos_engine_sdk/grpc.py", line 248, in serve_engine
    bound = server.add_insecure_port(uds_target(socket_path))
            ^^^^^^^^^^^^^^^^^^^^^^^^^^^^^^^^^^^^^^^^^^^^^^^^^
  File "/Users/anray/Documents/project/SumAlpha/QuantOS/engines/.venv/lib/python3.12/site-packages/grpc/_server.py", line 1473, in add_insecure_port
    return _common.validate_port_binding_result(
           ^^^^^^^^^^^^^^^^^^^^^^^^^^^^^^^^^^^^^
  File "/Users/anray/Documents/project/SumAlpha/QuantOS/engines/.venv/lib/python3.12/site-packages/grpc/_common.py", line 181, in validate_port_binding_result
    raise RuntimeError(_ERROR_MESSAGE_PORT_BINDING_FAILED % address)
RuntimeError: Failed to bind to address unix:/private/var/folders/k8/_4hymb6j59s0c8xntb11ktmc0000gn/T/f08-target-YZSPIh/quantos-mock-01a10b46-4fad-7b23-988f-f4407c27e297.sock; set GRPC_VERBOSITY=debug environment variable to see detailed error message.
WARNING: All log messages before absl::InitializeLog() is called are written to STDERR
E0000 00:00:1791190541.026752 1264136 add_port.cc:83] Failed to add port to server: Path name should not have more than 103 characters
Traceback (most recent call last):
  File "<frozen runpy>", line 198, in _run_module_as_main
  File "<frozen runpy>", line 88, in _run_code
  File "/Users/anray/Documents/project/SumAlpha/QuantOS/engines/.venv/lib/python3.12/site-packages/mock_engine/server.py", line 69, in <module>
    main()
  File "/Users/anray/Documents/project/SumAlpha/QuantOS/engines/.venv/lib/python3.12/site-packages/mock_engine/server.py", line 52, in main
    server = serve_engine(
             ^^^^^^^^^^^^^
  File "/Users/anray/Documents/project/SumAlpha/QuantOS/engines/.venv/lib/python3.12/site-packages/quantos_engine_sdk/grpc.py", line 248, in serve_engine
    bound = server.add_insecure_port(uds_target(socket_path))
            ^^^^^^^^^^^^^^^^^^^^^^^^^^^^^^^^^^^^^^^^^^^^^^^^^
  File "/Users/anray/Documents/project/SumAlpha/QuantOS/engines/.venv/lib/python3.12/site-packages/grpc/_server.py", line 1473, in add_insecure_port
    return _common.validate_port_binding_result(
           ^^^^^^^^^^^^^^^^^^^^^^^^^^^^^^^^^^^^^
  File "/Users/anray/Documents/project/SumAlpha/QuantOS/engines/.venv/lib/python3.12/site-packages/grpc/_common.py", line 181, in validate_port_binding_result
    raise RuntimeError(_ERROR_MESSAGE_PORT_BINDING_FAILED % address)
RuntimeError: Failed to bind to address unix:/private/var/folders/k8/_4hymb6j59s0c8xntb11ktmc0000gn/T/f08-target-YZSPIh/quantos-mock-01a10b46-4fad-7b23-988f-f4407c27e297.sock; set GRPC_VERBOSITY=debug environment variable to see detailed error message.
WARNING: All log messages before absl::InitializeLog() is called are written to STDERR
E0000 00:00:1791190543.021898 1264173 add_port.cc:83] Failed to add port to server: Path name should not have more than 103 characters
Traceback (most recent call last):
  File "<frozen runpy>", line 198, in _run_module_as_main
  File "<frozen runpy>", line 88, in _run_code
  File "/Users/anray/Documents/project/SumAlpha/QuantOS/engines/.venv/lib/python3.12/site-packages/mock_engine/server.py", line 69, in <module>
    main()
  File "/Users/anray/Documents/project/SumAlpha/QuantOS/engines/.venv/lib/python3.12/site-packages/mock_engine/server.py", line 52, in main
    server = serve_engine(
             ^^^^^^^^^^^^^
  File "/Users/anray/Documents/project/SumAlpha/QuantOS/engines/.venv/lib/python3.12/site-packages/quantos_engine_sdk/grpc.py", line 248, in serve_engine
    bound = server.add_insecure_port(uds_target(socket_path))
            ^^^^^^^^^^^^^^^^^^^^^^^^^^^^^^^^^^^^^^^^^^^^^^^^^
  File "/Users/anray/Documents/project/SumAlpha/QuantOS/engines/.venv/lib/python3.12/site-packages/grpc/_server.py", line 1473, in add_insecure_port
    return _common.validate_port_binding_result(
           ^^^^^^^^^^^^^^^^^^^^^^^^^^^^^^^^^^^^^
  File "/Users/anray/Documents/project/SumAlpha/QuantOS/engines/.venv/lib/python3.12/site-packages/grpc/_common.py", line 181, in validate_port_binding_result
    raise RuntimeError(_ERROR_MESSAGE_PORT_BINDING_FAILED % address)
RuntimeError: Failed to bind to address unix:/private/var/folders/k8/_4hymb6j59s0c8xntb11ktmc0000gn/T/f08-target-YZSPIh/quantos-mock-01a10b46-4fad-7b23-988f-f4407c27e297.sock; set GRPC_VERBOSITY=debug environment variable to see detailed error message.
WARNING: All log messages before absl::InitializeLog() is called are written to STDERR
E0000 00:00:1791190545.053951 1264225 add_port.cc:83] Failed to add port to server: Path name should not have more than 103 characters
Traceback (most recent call last):
  File "<frozen runpy>", line 198, in _run_module_as_main
  File "<frozen runpy>", line 88, in _run_code
  File "/Users/anray/Documents/project/SumAlpha/QuantOS/engines/.venv/lib/python3.12/site-packages/mock_engine/server.py", line 69, in <module>
    main()
  File "/Users/anray/Documents/project/SumAlpha/QuantOS/engines/.venv/lib/python3.12/site-packages/mock_engine/server.py", line 52, in main
    server = serve_engine(
             ^^^^^^^^^^^^^
  File "/Users/anray/Documents/project/SumAlpha/QuantOS/engines/.venv/lib/python3.12/site-packages/quantos_engine_sdk/grpc.py", line 248, in serve_engine
    bound = server.add_insecure_port(uds_target(socket_path))
            ^^^^^^^^^^^^^^^^^^^^^^^^^^^^^^^^^^^^^^^^^^^^^^^^^
  File "/Users/anray/Documents/project/SumAlpha/QuantOS/engines/.venv/lib/python3.12/site-packages/grpc/_server.py", line 1473, in add_insecure_port
    return _common.validate_port_binding_result(
           ^^^^^^^^^^^^^^^^^^^^^^^^^^^^^^^^^^^^^
  File "/Users/anray/Documents/project/SumAlpha/QuantOS/engines/.venv/lib/python3.12/site-packages/grpc/_common.py", line 181, in validate_port_binding_result
    raise RuntimeError(_ERROR_MESSAGE_PORT_BINDING_FAILED % address)
RuntimeError: Failed to bind to address unix:/private/var/folders/k8/_4hymb6j59s0c8xntb11ktmc0000gn/T/f08-target-YZSPIh/quantos-mock-01a10b46-4fad-7b23-988f-f4407c27e297.sock; set GRPC_VERBOSITY=debug environment variable to see detailed error message.
WARNING: All log messages before absl::InitializeLog() is called are written to STDERR
E0000 00:00:1791190547.056558 1264276 add_port.cc:83] Failed to add port to server: Path name should not have more than 103 characters
Traceback (most recent call last):
  File "<frozen runpy>", line 198, in _run_module_as_main
  File "<frozen runpy>", line 88, in _run_code
  File "/Users/anray/Documents/project/SumAlpha/QuantOS/engines/.venv/lib/python3.12/site-packages/mock_engine/server.py", line 69, in <module>
    main()
  File "/Users/anray/Documents/project/SumAlpha/QuantOS/engines/.venv/lib/python3.12/site-packages/mock_engine/server.py", line 52, in main
    server = serve_engine(
             ^^^^^^^^^^^^^
  File "/Users/anray/Documents/project/SumAlpha/QuantOS/engines/.venv/lib/python3.12/site-packages/quantos_engine_sdk/grpc.py", line 248, in serve_engine
    bound = server.add_insecure_port(uds_target(socket_path))
            ^^^^^^^^^^^^^^^^^^^^^^^^^^^^^^^^^^^^^^^^^^^^^^^^^
  File "/Users/anray/Documents/project/SumAlpha/QuantOS/engines/.venv/lib/python3.12/site-packages/grpc/_server.py", line 1473, in add_insecure_port
    return _common.validate_port_binding_result(
           ^^^^^^^^^^^^^^^^^^^^^^^^^^^^^^^^^^^^^
  File "/Users/anray/Documents/project/SumAlpha/QuantOS/engines/.venv/lib/python3.12/site-packages/grpc/_common.py", line 181, in validate_port_binding_result
    raise RuntimeError(_ERROR_MESSAGE_PORT_BINDING_FAILED % address)
RuntimeError: Failed to bind to address unix:/private/var/folders/k8/_4hymb6j59s0c8xntb11ktmc0000gn/T/f08-target-YZSPIh/quantos-mock-01a10b46-4fad-7b23-988f-f4407c27e297.sock; set GRPC_VERBOSITY=debug environment variable to see detailed error message.
WARNING: All log messages before absl::InitializeLog() is called are written to STDERR
E0000 00:00:1791190549.029732 1264329 add_port.cc:83] Failed to add port to server: Path name should not have more than 103 characters
Traceback (most recent call last):
  File "<frozen runpy>", line 198, in _run_module_as_main
  File "<frozen runpy>", line 88, in _run_code
  File "/Users/anray/Documents/project/SumAlpha/QuantOS/engines/.venv/lib/python3.12/site-packages/mock_engine/server.py", line 69, in <module>
    main()
  File "/Users/anray/Documents/project/SumAlpha/QuantOS/engines/.venv/lib/python3.12/site-packages/mock_engine/server.py", line 52, in main
    server = serve_engine(
             ^^^^^^^^^^^^^
  File "/Users/anray/Documents/project/SumAlpha/QuantOS/engines/.venv/lib/python3.12/site-packages/quantos_engine_sdk/grpc.py", line 248, in serve_engine
    bound = server.add_insecure_port(uds_target(socket_path))
            ^^^^^^^^^^^^^^^^^^^^^^^^^^^^^^^^^^^^^^^^^^^^^^^^^
  File "/Users/anray/Documents/project/SumAlpha/QuantOS/engines/.venv/lib/python3.12/site-packages/grpc/_server.py", line 1473, in add_insecure_port
    return _common.validate_port_binding_result(
           ^^^^^^^^^^^^^^^^^^^^^^^^^^^^^^^^^^^^^
  File "/Users/anray/Documents/project/SumAlpha/QuantOS/engines/.venv/lib/python3.12/site-packages/grpc/_common.py", line 181, in validate_port_binding_result
    raise RuntimeError(_ERROR_MESSAGE_PORT_BINDING_FAILED % address)
RuntimeError: Failed to bind to address unix:/private/var/folders/k8/_4hymb6j59s0c8xntb11ktmc0000gn/T/f08-target-YZSPIh/quantos-mock-01a10b46-4fad-7b23-988f-f4407c27e297.sock; set GRPC_VERBOSITY=debug environment variable to see detailed error message.

thread 'supervised_sidecar_refuses_tampered_artifact_then_recovers' (1262235) panicked at crates/quantos-engine-manager/tests/python_mock_engine.rs:700:5:
approved sidecar must recover after artifact restore
note: run with `RUST_BACKTRACE=1` environment variable to display a backtrace
error: test failed, to rerun pass `-p quantos-engine-manager --test python_mock_engine`
