
running 1 test
test manager_supervises_three_real_crashes_without_test_owned_restarts ... FAILED

failures:

failures:
    manager_supervises_three_real_crashes_without_test_owned_restarts

test result: FAILED. 0 passed; 1 failed; 0 ignored; 0 measured; 24 filtered out; finished in 3.89s

    Finished `release` profile [optimized] target(s) in 0.06s
     Running tests/python_mock_engine.rs (target/release/deps/python_mock_engine-5abbd173872b0a59)
WARNING: All log messages before absl::InitializeLog() is called are written to STDERR
E0000 00:00:1791190489.168718 1260461 add_port.cc:83] Failed to add port to server: Path name should not have more than 103 characters
Traceback (most recent call last):
  File "<frozen runpy>", line 198, in _run_module_as_main
  File "<frozen runpy>", line 88, in _run_code
  File "/Users/anray/Documents/project/SumAlpha/QuantOS/engines/.venv/lib/python3.12/site-packages/mock_engine/server.py", line 69, in <module>
    main()
  File "/Users/anray/Documents/project/SumAlpha/QuantOS/engines/.venv/lib/python3.12/site-packages/mock_engine/server.py", line 52, in main
    server = serve_engine(
             ^^^^^^^^^^^^^
  File "/Users/anray/Documents/project/SumAlpha/QuantOS/engines/.venv/lib/python3.12/site-packages/quantos_engine_sdk/grpc.py", line 248, in serve_engine
    bound = server.add_insecure_port(uds_target(socket_path))
            ^^^^^^^^^^^^^^^^^^^^^^^^^^^^^^^^^^^^^^^^^^^^^^^^^
  File "/Users/anray/Documents/project/SumAlpha/QuantOS/engines/.venv/lib/python3.12/site-packages/grpc/_server.py", line 1473, in add_insecure_port
    return _common.validate_port_binding_result(
           ^^^^^^^^^^^^^^^^^^^^^^^^^^^^^^^^^^^^^
  File "/Users/anray/Documents/project/SumAlpha/QuantOS/engines/.venv/lib/python3.12/site-packages/grpc/_common.py", line 181, in validate_port_binding_result
    raise RuntimeError(_ERROR_MESSAGE_PORT_BINDING_FAILED % address)
RuntimeError: Failed to bind to address unix:/private/var/folders/k8/_4hymb6j59s0c8xntb11ktmc0000gn/T/f08-target-YZSPIh/quantos-mock-01a10b45-d80b-7c93-a3ac-6d6715598766.sock; set GRPC_VERBOSITY=debug environment variable to see detailed error message.
WARNING: All log messages before absl::InitializeLog() is called are written to STDERR
E0000 00:00:1791190489.291558 1260478 add_port.cc:83] Failed to add port to server: Path name should not have more than 103 characters
Traceback (most recent call last):
  File "<frozen runpy>", line 198, in _run_module_as_main
  File "<frozen runpy>", line 88, in _run_code
  File "/Users/anray/Documents/project/SumAlpha/QuantOS/engines/.venv/lib/python3.12/site-packages/mock_engine/server.py", line 69, in <module>
    main()
  File "/Users/anray/Documents/project/SumAlpha/QuantOS/engines/.venv/lib/python3.12/site-packages/mock_engine/server.py", line 52, in main
    server = serve_engine(
             ^^^^^^^^^^^^^
  File "/Users/anray/Documents/project/SumAlpha/QuantOS/engines/.venv/lib/python3.12/site-packages/quantos_engine_sdk/grpc.py", line 248, in serve_engine
    bound = server.add_insecure_port(uds_target(socket_path))
            ^^^^^^^^^^^^^^^^^^^^^^^^^^^^^^^^^^^^^^^^^^^^^^^^^
  File "/Users/anray/Documents/project/SumAlpha/QuantOS/engines/.venv/lib/python3.12/site-packages/grpc/_server.py", line 1473, in add_insecure_port
    return _common.validate_port_binding_result(
           ^^^^^^^^^^^^^^^^^^^^^^^^^^^^^^^^^^^^^
  File "/Users/anray/Documents/project/SumAlpha/QuantOS/engines/.venv/lib/python3.12/site-packages/grpc/_common.py", line 181, in validate_port_binding_result
    raise RuntimeError(_ERROR_MESSAGE_PORT_BINDING_FAILED % address)
RuntimeError: Failed to bind to address unix:/private/var/folders/k8/_4hymb6j59s0c8xntb11ktmc0000gn/T/f08-target-YZSPIh/quantos-mock-01a10b45-d80b-7c93-a3ac-6d6715598766.sock; set GRPC_VERBOSITY=debug environment variable to see detailed error message.
WARNING: All log messages before absl::InitializeLog() is called are written to STDERR
E0000 00:00:1791190489.462678 1260496 add_port.cc:83] Failed to add port to server: Path name should not have more than 103 characters
Traceback (most recent call last):
  File "<frozen runpy>", line 198, in _run_module_as_main
  File "<frozen runpy>", line 88, in _run_code
  File "/Users/anray/Documents/project/SumAlpha/QuantOS/engines/.venv/lib/python3.12/site-packages/mock_engine/server.py", line 69, in <module>
    main()
  File "/Users/anray/Documents/project/SumAlpha/QuantOS/engines/.venv/lib/python3.12/site-packages/mock_engine/server.py", line 52, in main
    server = serve_engine(
             ^^^^^^^^^^^^^
  File "/Users/anray/Documents/project/SumAlpha/QuantOS/engines/.venv/lib/python3.12/site-packages/quantos_engine_sdk/grpc.py", line 248, in serve_engine
    bound = server.add_insecure_port(uds_target(socket_path))
            ^^^^^^^^^^^^^^^^^^^^^^^^^^^^^^^^^^^^^^^^^^^^^^^^^
  File "/Users/anray/Documents/project/SumAlpha/QuantOS/engines/.venv/lib/python3.12/site-packages/grpc/_server.py", line 1473, in add_insecure_port
    return _common.validate_port_binding_result(
           ^^^^^^^^^^^^^^^^^^^^^^^^^^^^^^^^^^^^^
  File "/Users/anray/Documents/project/SumAlpha/QuantOS/engines/.venv/lib/python3.12/site-packages/grpc/_common.py", line 181, in validate_port_binding_result
    raise RuntimeError(_ERROR_MESSAGE_PORT_BINDING_FAILED % address)
RuntimeError: Failed to bind to address unix:/private/var/folders/k8/_4hymb6j59s0c8xntb11ktmc0000gn/T/f08-target-YZSPIh/quantos-mock-01a10b45-d80b-7c93-a3ac-6d6715598766.sock; set GRPC_VERBOSITY=debug environment variable to see detailed error message.
WARNING: All log messages before absl::InitializeLog() is called are written to STDERR
E0000 00:00:1791190489.559822 1260513 add_port.cc:83] Failed to add port to server: Path name should not have more than 103 characters
Traceback (most recent call last):
  File "<frozen runpy>", line 198, in _run_module_as_main
  File "<frozen runpy>", line 88, in _run_code
  File "/Users/anray/Documents/project/SumAlpha/QuantOS/engines/.venv/lib/python3.12/site-packages/mock_engine/server.py", line 69, in <module>
    main()
  File "/Users/anray/Documents/project/SumAlpha/QuantOS/engines/.venv/lib/python3.12/site-packages/mock_engine/server.py", line 52, in main
    server = serve_engine(
             ^^^^^^^^^^^^^
  File "/Users/anray/Documents/project/SumAlpha/QuantOS/engines/.venv/lib/python3.12/site-packages/quantos_engine_sdk/grpc.py", line 248, in serve_engine
    bound = server.add_insecure_port(uds_target(socket_path))
            ^^^^^^^^^^^^^^^^^^^^^^^^^^^^^^^^^^^^^^^^^^^^^^^^^
  File "/Users/anray/Documents/project/SumAlpha/QuantOS/engines/.venv/lib/python3.12/site-packages/grpc/_server.py", line 1473, in add_insecure_port
    return _common.validate_port_binding_result(
           ^^^^^^^^^^^^^^^^^^^^^^^^^^^^^^^^^^^^^
  File "/Users/anray/Documents/project/SumAlpha/QuantOS/engines/.venv/lib/python3.12/site-packages/grpc/_common.py", line 181, in validate_port_binding_result
    raise RuntimeError(_ERROR_MESSAGE_PORT_BINDING_FAILED % address)
RuntimeError: Failed to bind to address unix:/private/var/folders/k8/_4hymb6j59s0c8xntb11ktmc0000gn/T/f08-target-YZSPIh/quantos-mock-01a10b45-d80b-7c93-a3ac-6d6715598766.sock; set GRPC_VERBOSITY=debug environment variable to see detailed error message.
WARNING: All log messages before absl::InitializeLog() is called are written to STDERR
E0000 00:00:1791190489.660781 1260532 add_port.cc:83] Failed to add port to server: Path name should not have more than 103 characters
Traceback (most recent call last):
  File "<frozen runpy>", line 198, in _run_module_as_main
  File "<frozen runpy>", line 88, in _run_code
  File "/Users/anray/Documents/project/SumAlpha/QuantOS/engines/.venv/lib/python3.12/site-packages/mock_engine/server.py", line 69, in <module>
    main()
  File "/Users/anray/Documents/project/SumAlpha/QuantOS/engines/.venv/lib/python3.12/site-packages/mock_engine/server.py", line 52, in main
    server = serve_engine(
             ^^^^^^^^^^^^^
  File "/Users/anray/Documents/project/SumAlpha/QuantOS/engines/.venv/lib/python3.12/site-packages/quantos_engine_sdk/grpc.py", line 248, in serve_engine
    bound = server.add_insecure_port(uds_target(socket_path))
            ^^^^^^^^^^^^^^^^^^^^^^^^^^^^^^^^^^^^^^^^^^^^^^^^^
  File "/Users/anray/Documents/project/SumAlpha/QuantOS/engines/.venv/lib/python3.12/site-packages/grpc/_server.py", line 1473, in add_insecure_port
    return _common.validate_port_binding_result(
           ^^^^^^^^^^^^^^^^^^^^^^^^^^^^^^^^^^^^^
  File "/Users/anray/Documents/project/SumAlpha/QuantOS/engines/.venv/lib/python3.12/site-packages/grpc/_common.py", line 181, in validate_port_binding_result
    raise RuntimeError(_ERROR_MESSAGE_PORT_BINDING_FAILED % address)
RuntimeError: Failed to bind to address unix:/private/var/folders/k8/_4hymb6j59s0c8xntb11ktmc0000gn/T/f08-target-YZSPIh/quantos-mock-01a10b45-d80b-7c93-a3ac-6d6715598766.sock; set GRPC_VERBOSITY=debug environment variable to see detailed error message.
WARNING: All log messages before absl::InitializeLog() is called are written to STDERR
E0000 00:00:1791190489.761864 1260549 add_port.cc:83] Failed to add port to server: Path name should not have more than 103 characters
Traceback (most recent call last):
  File "<frozen runpy>", line 198, in _run_module_as_main
  File "<frozen runpy>", line 88, in _run_code
  File "/Users/anray/Documents/project/SumAlpha/QuantOS/engines/.venv/lib/python3.12/site-packages/mock_engine/server.py", line 69, in <module>
    main()
  File "/Users/anray/Documents/project/SumAlpha/QuantOS/engines/.venv/lib/python3.12/site-packages/mock_engine/server.py", line 52, in main
    server = serve_engine(
             ^^^^^^^^^^^^^
  File "/Users/anray/Documents/project/SumAlpha/QuantOS/engines/.venv/lib/python3.12/site-packages/quantos_engine_sdk/grpc.py", line 248, in serve_engine
    bound = server.add_insecure_port(uds_target(socket_path))
            ^^^^^^^^^^^^^^^^^^^^^^^^^^^^^^^^^^^^^^^^^^^^^^^^^
  File "/Users/anray/Documents/project/SumAlpha/QuantOS/engines/.venv/lib/python3.12/site-packages/grpc/_server.py", line 1473, in add_insecure_port
    return _common.validate_port_binding_result(
           ^^^^^^^^^^^^^^^^^^^^^^^^^^^^^^^^^^^^^
  File "/Users/anray/Documents/project/SumAlpha/QuantOS/engines/.venv/lib/python3.12/site-packages/grpc/_common.py", line 181, in validate_port_binding_result
    raise RuntimeError(_ERROR_MESSAGE_PORT_BINDING_FAILED % address)
RuntimeError: Failed to bind to address unix:/private/var/folders/k8/_4hymb6j59s0c8xntb11ktmc0000gn/T/f08-target-YZSPIh/quantos-mock-01a10b45-d80b-7c93-a3ac-6d6715598766.sock; set GRPC_VERBOSITY=debug environment variable to see detailed error message.
WARNING: All log messages before absl::InitializeLog() is called are written to STDERR
E0000 00:00:1791190489.864303 1260566 add_port.cc:83] Failed to add port to server: Path name should not have more than 103 characters
Traceback (most recent call last):
  File "<frozen runpy>", line 198, in _run_module_as_main
  File "<frozen runpy>", line 88, in _run_code
  File "/Users/anray/Documents/project/SumAlpha/QuantOS/engines/.venv/lib/python3.12/site-packages/mock_engine/server.py", line 69, in <module>
    main()
  File "/Users/anray/Documents/project/SumAlpha/QuantOS/engines/.venv/lib/python3.12/site-packages/mock_engine/server.py", line 52, in main
    server = serve_engine(
             ^^^^^^^^^^^^^
  File "/Users/anray/Documents/project/SumAlpha/QuantOS/engines/.venv/lib/python3.12/site-packages/quantos_engine_sdk/grpc.py", line 248, in serve_engine
    bound = server.add_insecure_port(uds_target(socket_path))
            ^^^^^^^^^^^^^^^^^^^^^^^^^^^^^^^^^^^^^^^^^^^^^^^^^
  File "/Users/anray/Documents/project/SumAlpha/QuantOS/engines/.venv/lib/python3.12/site-packages/grpc/_server.py", line 1473, in add_insecure_port
    return _common.validate_port_binding_result(
           ^^^^^^^^^^^^^^^^^^^^^^^^^^^^^^^^^^^^^
  File "/Users/anray/Documents/project/SumAlpha/QuantOS/engines/.venv/lib/python3.12/site-packages/grpc/_common.py", line 181, in validate_port_binding_result
    raise RuntimeError(_ERROR_MESSAGE_PORT_BINDING_FAILED % address)
RuntimeError: Failed to bind to address unix:/private/var/folders/k8/_4hymb6j59s0c8xntb11ktmc0000gn/T/f08-target-YZSPIh/quantos-mock-01a10b45-d80b-7c93-a3ac-6d6715598766.sock; set GRPC_VERBOSITY=debug environment variable to see detailed error message.
WARNING: All log messages before absl::InitializeLog() is called are written to STDERR
E0000 00:00:1791190489.965884 1260583 add_port.cc:83] Failed to add port to server: Path name should not have more than 103 characters
Traceback (most recent call last):
  File "<frozen runpy>", line 198, in _run_module_as_main
  File "<frozen runpy>", line 88, in _run_code
  File "/Users/anray/Documents/project/SumAlpha/QuantOS/engines/.venv/lib/python3.12/site-packages/mock_engine/server.py", line 69, in <module>
    main()
  File "/Users/anray/Documents/project/SumAlpha/QuantOS/engines/.venv/lib/python3.12/site-packages/mock_engine/server.py", line 52, in main
    server = serve_engine(
             ^^^^^^^^^^^^^
  File "/Users/anray/Documents/project/SumAlpha/QuantOS/engines/.venv/lib/python3.12/site-packages/quantos_engine_sdk/grpc.py", line 248, in serve_engine
    bound = server.add_insecure_port(uds_target(socket_path))
            ^^^^^^^^^^^^^^^^^^^^^^^^^^^^^^^^^^^^^^^^^^^^^^^^^
  File "/Users/anray/Documents/project/SumAlpha/QuantOS/engines/.venv/lib/python3.12/site-packages/grpc/_server.py", line 1473, in add_insecure_port
    return _common.validate_port_binding_result(
           ^^^^^^^^^^^^^^^^^^^^^^^^^^^^^^^^^^^^^
  File "/Users/anray/Documents/project/SumAlpha/QuantOS/engines/.venv/lib/python3.12/site-packages/grpc/_common.py", line 181, in validate_port_binding_result
    raise RuntimeError(_ERROR_MESSAGE_PORT_BINDING_FAILED % address)
RuntimeError: Failed to bind to address unix:/private/var/folders/k8/_4hymb6j59s0c8xntb11ktmc0000gn/T/f08-target-YZSPIh/quantos-mock-01a10b45-d80b-7c93-a3ac-6d6715598766.sock; set GRPC_VERBOSITY=debug environment variable to see detailed error message.
WARNING: All log messages before absl::InitializeLog() is called are written to STDERR
E0000 00:00:1791190490.068743 1260601 add_port.cc:83] Failed to add port to server: Path name should not have more than 103 characters
Traceback (most recent call last):
  File "<frozen runpy>", line 198, in _run_module_as_main
  File "<frozen runpy>", line 88, in _run_code
  File "/Users/anray/Documents/project/SumAlpha/QuantOS/engines/.venv/lib/python3.12/site-packages/mock_engine/server.py", line 69, in <module>
    main()
  File "/Users/anray/Documents/project/SumAlpha/QuantOS/engines/.venv/lib/python3.12/site-packages/mock_engine/server.py", line 52, in main
    server = serve_engine(
             ^^^^^^^^^^^^^
  File "/Users/anray/Documents/project/SumAlpha/QuantOS/engines/.venv/lib/python3.12/site-packages/quantos_engine_sdk/grpc.py", line 248, in serve_engine
    bound = server.add_insecure_port(uds_target(socket_path))
            ^^^^^^^^^^^^^^^^^^^^^^^^^^^^^^^^^^^^^^^^^^^^^^^^^
  File "/Users/anray/Documents/project/SumAlpha/QuantOS/engines/.venv/lib/python3.12/site-packages/grpc/_server.py", line 1473, in add_insecure_port
    return _common.validate_port_binding_result(
           ^^^^^^^^^^^^^^^^^^^^^^^^^^^^^^^^^^^^^
  File "/Users/anray/Documents/project/SumAlpha/QuantOS/engines/.venv/lib/python3.12/site-packages/grpc/_common.py", line 181, in validate_port_binding_result
    raise RuntimeError(_ERROR_MESSAGE_PORT_BINDING_FAILED % address)
RuntimeError: Failed to bind to address unix:/private/var/folders/k8/_4hymb6j59s0c8xntb11ktmc0000gn/T/f08-target-YZSPIh/quantos-mock-01a10b45-d80b-7c93-a3ac-6d6715598766.sock; set GRPC_VERBOSITY=debug environment variable to see detailed error message.
WARNING: All log messages before absl::InitializeLog() is called are written to STDERR
E0000 00:00:1791190490.172857 1260618 add_port.cc:83] Failed to add port to server: Path name should not have more than 103 characters
Traceback (most recent call last):
  File "<frozen runpy>", line 198, in _run_module_as_main
  File "<frozen runpy>", line 88, in _run_code
  File "/Users/anray/Documents/project/SumAlpha/QuantOS/engines/.venv/lib/python3.12/site-packages/mock_engine/server.py", line 69, in <module>
    main()
  File "/Users/anray/Documents/project/SumAlpha/QuantOS/engines/.venv/lib/python3.12/site-packages/mock_engine/server.py", line 52, in main
    server = serve_engine(
             ^^^^^^^^^^^^^
  File "/Users/anray/Documents/project/SumAlpha/QuantOS/engines/.venv/lib/python3.12/site-packages/quantos_engine_sdk/grpc.py", line 248, in serve_engine
    bound = server.add_insecure_port(uds_target(socket_path))
            ^^^^^^^^^^^^^^^^^^^^^^^^^^^^^^^^^^^^^^^^^^^^^^^^^
  File "/Users/anray/Documents/project/SumAlpha/QuantOS/engines/.venv/lib/python3.12/site-packages/grpc/_server.py", line 1473, in add_insecure_port
    return _common.validate_port_binding_result(
           ^^^^^^^^^^^^^^^^^^^^^^^^^^^^^^^^^^^^^
  File "/Users/anray/Documents/project/SumAlpha/QuantOS/engines/.venv/lib/python3.12/site-packages/grpc/_common.py", line 181, in validate_port_binding_result
    raise RuntimeError(_ERROR_MESSAGE_PORT_BINDING_FAILED % address)
RuntimeError: Failed to bind to address unix:/private/var/folders/k8/_4hymb6j59s0c8xntb11ktmc0000gn/T/f08-target-YZSPIh/quantos-mock-01a10b45-d80b-7c93-a3ac-6d6715598766.sock; set GRPC_VERBOSITY=debug environment variable to see detailed error message.
WARNING: All log messages before absl::InitializeLog() is called are written to STDERR
E0000 00:00:1791190490.274403 1260635 add_port.cc:83] Failed to add port to server: Path name should not have more than 103 characters
Traceback (most recent call last):
  File "<frozen runpy>", line 198, in _run_module_as_main
  File "<frozen runpy>", line 88, in _run_code
  File "/Users/anray/Documents/project/SumAlpha/QuantOS/engines/.venv/lib/python3.12/site-packages/mock_engine/server.py", line 69, in <module>
    main()
  File "/Users/anray/Documents/project/SumAlpha/QuantOS/engines/.venv/lib/python3.12/site-packages/mock_engine/server.py", line 52, in main
    server = serve_engine(
             ^^^^^^^^^^^^^
  File "/Users/anray/Documents/project/SumAlpha/QuantOS/engines/.venv/lib/python3.12/site-packages/quantos_engine_sdk/grpc.py", line 248, in serve_engine
    bound = server.add_insecure_port(uds_target(socket_path))
            ^^^^^^^^^^^^^^^^^^^^^^^^^^^^^^^^^^^^^^^^^^^^^^^^^
  File "/Users/anray/Documents/project/SumAlpha/QuantOS/engines/.venv/lib/python3.12/site-packages/grpc/_server.py", line 1473, in add_insecure_port
    return _common.validate_port_binding_result(
           ^^^^^^^^^^^^^^^^^^^^^^^^^^^^^^^^^^^^^
  File "/Users/anray/Documents/project/SumAlpha/QuantOS/engines/.venv/lib/python3.12/site-packages/grpc/_common.py", line 181, in validate_port_binding_result
    raise RuntimeError(_ERROR_MESSAGE_PORT_BINDING_FAILED % address)
RuntimeError: Failed to bind to address unix:/private/var/folders/k8/_4hymb6j59s0c8xntb11ktmc0000gn/T/f08-target-YZSPIh/quantos-mock-01a10b45-d80b-7c93-a3ac-6d6715598766.sock; set GRPC_VERBOSITY=debug environment variable to see detailed error message.
WARNING: All log messages before absl::InitializeLog() is called are written to STDERR
E0000 00:00:1791190490.376134 1260652 add_port.cc:83] Failed to add port to server: Path name should not have more than 103 characters
Traceback (most recent call last):
  File "<frozen runpy>", line 198, in _run_module_as_main
  File "<frozen runpy>", line 88, in _run_code
  File "/Users/anray/Documents/project/SumAlpha/QuantOS/engines/.venv/lib/python3.12/site-packages/mock_engine/server.py", line 69, in <module>
    main()
  File "/Users/anray/Documents/project/SumAlpha/QuantOS/engines/.venv/lib/python3.12/site-packages/mock_engine/server.py", line 52, in main
    server = serve_engine(
             ^^^^^^^^^^^^^
  File "/Users/anray/Documents/project/SumAlpha/QuantOS/engines/.venv/lib/python3.12/site-packages/quantos_engine_sdk/grpc.py", line 248, in serve_engine
    bound = server.add_insecure_port(uds_target(socket_path))
            ^^^^^^^^^^^^^^^^^^^^^^^^^^^^^^^^^^^^^^^^^^^^^^^^^
  File "/Users/anray/Documents/project/SumAlpha/QuantOS/engines/.venv/lib/python3.12/site-packages/grpc/_server.py", line 1473, in add_insecure_port
    return _common.validate_port_binding_result(
           ^^^^^^^^^^^^^^^^^^^^^^^^^^^^^^^^^^^^^
  File "/Users/anray/Documents/project/SumAlpha/QuantOS/engines/.venv/lib/python3.12/site-packages/grpc/_common.py", line 181, in validate_port_binding_result
    raise RuntimeError(_ERROR_MESSAGE_PORT_BINDING_FAILED % address)
RuntimeError: Failed to bind to address unix:/private/var/folders/k8/_4hymb6j59s0c8xntb11ktmc0000gn/T/f08-target-YZSPIh/quantos-mock-01a10b45-d80b-7c93-a3ac-6d6715598766.sock; set GRPC_VERBOSITY=debug environment variable to see detailed error message.
WARNING: All log messages before absl::InitializeLog() is called are written to STDERR
E0000 00:00:1791190490.480509 1260674 add_port.cc:83] Failed to add port to server: Path name should not have more than 103 characters
Traceback (most recent call last):
  File "<frozen runpy>", line 198, in _run_module_as_main
  File "<frozen runpy>", line 88, in _run_code
  File "/Users/anray/Documents/project/SumAlpha/QuantOS/engines/.venv/lib/python3.12/site-packages/mock_engine/server.py", line 69, in <module>
    main()
  File "/Users/anray/Documents/project/SumAlpha/QuantOS/engines/.venv/lib/python3.12/site-packages/mock_engine/server.py", line 52, in main
    server = serve_engine(
             ^^^^^^^^^^^^^
  File "/Users/anray/Documents/project/SumAlpha/QuantOS/engines/.venv/lib/python3.12/site-packages/quantos_engine_sdk/grpc.py", line 248, in serve_engine
    bound = server.add_insecure_port(uds_target(socket_path))
            ^^^^^^^^^^^^^^^^^^^^^^^^^^^^^^^^^^^^^^^^^^^^^^^^^
  File "/Users/anray/Documents/project/SumAlpha/QuantOS/engines/.venv/lib/python3.12/site-packages/grpc/_server.py", line 1473, in add_insecure_port
    return _common.validate_port_binding_result(
           ^^^^^^^^^^^^^^^^^^^^^^^^^^^^^^^^^^^^^
  File "/Users/anray/Documents/project/SumAlpha/QuantOS/engines/.venv/lib/python3.12/site-packages/grpc/_common.py", line 181, in validate_port_binding_result
    raise RuntimeError(_ERROR_MESSAGE_PORT_BINDING_FAILED % address)
RuntimeError: Failed to bind to address unix:/private/var/folders/k8/_4hymb6j59s0c8xntb11ktmc0000gn/T/f08-target-YZSPIh/quantos-mock-01a10b45-d80b-7c93-a3ac-6d6715598766.sock; set GRPC_VERBOSITY=debug environment variable to see detailed error message.
WARNING: All log messages before absl::InitializeLog() is called are written to STDERR
E0000 00:00:1791190490.589808 1260693 add_port.cc:83] Failed to add port to server: Path name should not have more than 103 characters
Traceback (most recent call last):
  File "<frozen runpy>", line 198, in _run_module_as_main
  File "<frozen runpy>", line 88, in _run_code
  File "/Users/anray/Documents/project/SumAlpha/QuantOS/engines/.venv/lib/python3.12/site-packages/mock_engine/server.py", line 69, in <module>
    main()
  File "/Users/anray/Documents/project/SumAlpha/QuantOS/engines/.venv/lib/python3.12/site-packages/mock_engine/server.py", line 52, in main
    server = serve_engine(
             ^^^^^^^^^^^^^
  File "/Users/anray/Documents/project/SumAlpha/QuantOS/engines/.venv/lib/python3.12/site-packages/quantos_engine_sdk/grpc.py", line 248, in serve_engine
    bound = server.add_insecure_port(uds_target(socket_path))
            ^^^^^^^^^^^^^^^^^^^^^^^^^^^^^^^^^^^^^^^^^^^^^^^^^
  File "/Users/anray/Documents/project/SumAlpha/QuantOS/engines/.venv/lib/python3.12/site-packages/grpc/_server.py", line 1473, in add_insecure_port
    return _common.validate_port_binding_result(
           ^^^^^^^^^^^^^^^^^^^^^^^^^^^^^^^^^^^^^
  File "/Users/anray/Documents/project/SumAlpha/QuantOS/engines/.venv/lib/python3.12/site-packages/grpc/_common.py", line 181, in validate_port_binding_result
    raise RuntimeError(_ERROR_MESSAGE_PORT_BINDING_FAILED % address)
RuntimeError: Failed to bind to address unix:/private/var/folders/k8/_4hymb6j59s0c8xntb11ktmc0000gn/T/f08-target-YZSPIh/quantos-mock-01a10b45-d80b-7c93-a3ac-6d6715598766.sock; set GRPC_VERBOSITY=debug environment variable to see detailed error message.
WARNING: All log messages before absl::InitializeLog() is called are written to STDERR
E0000 00:00:1791190490.683577 1260741 add_port.cc:83] Failed to add port to server: Path name should not have more than 103 characters
Traceback (most recent call last):
  File "<frozen runpy>", line 198, in _run_module_as_main
  File "<frozen runpy>", line 88, in _run_code
  File "/Users/anray/Documents/project/SumAlpha/QuantOS/engines/.venv/lib/python3.12/site-packages/mock_engine/server.py", line 69, in <module>
    main()
  File "/Users/anray/Documents/project/SumAlpha/QuantOS/engines/.venv/lib/python3.12/site-packages/mock_engine/server.py", line 52, in main
    server = serve_engine(
             ^^^^^^^^^^^^^
  File "/Users/anray/Documents/project/SumAlpha/QuantOS/engines/.venv/lib/python3.12/site-packages/quantos_engine_sdk/grpc.py", line 248, in serve_engine
    bound = server.add_insecure_port(uds_target(socket_path))
            ^^^^^^^^^^^^^^^^^^^^^^^^^^^^^^^^^^^^^^^^^^^^^^^^^
  File "/Users/anray/Documents/project/SumAlpha/QuantOS/engines/.venv/lib/python3.12/site-packages/grpc/_server.py", line 1473, in add_insecure_port
    return _common.validate_port_binding_result(
           ^^^^^^^^^^^^^^^^^^^^^^^^^^^^^^^^^^^^^
  File "/Users/anray/Documents/project/SumAlpha/QuantOS/engines/.venv/lib/python3.12/site-packages/grpc/_common.py", line 181, in validate_port_binding_result
    raise RuntimeError(_ERROR_MESSAGE_PORT_BINDING_FAILED % address)
RuntimeError: Failed to bind to address unix:/private/var/folders/k8/_4hymb6j59s0c8xntb11ktmc0000gn/T/f08-target-YZSPIh/quantos-mock-01a10b45-d80b-7c93-a3ac-6d6715598766.sock; set GRPC_VERBOSITY=debug environment variable to see detailed error message.
WARNING: All log messages before absl::InitializeLog() is called are written to STDERR
E0000 00:00:1791190490.795588 1260758 add_port.cc:83] Failed to add port to server: Path name should not have more than 103 characters
Traceback (most recent call last):
  File "<frozen runpy>", line 198, in _run_module_as_main
  File "<frozen runpy>", line 88, in _run_code
  File "/Users/anray/Documents/project/SumAlpha/QuantOS/engines/.venv/lib/python3.12/site-packages/mock_engine/server.py", line 69, in <module>
    main()
  File "/Users/anray/Documents/project/SumAlpha/QuantOS/engines/.venv/lib/python3.12/site-packages/mock_engine/server.py", line 52, in main
    server = serve_engine(
             ^^^^^^^^^^^^^
  File "/Users/anray/Documents/project/SumAlpha/QuantOS/engines/.venv/lib/python3.12/site-packages/quantos_engine_sdk/grpc.py", line 248, in serve_engine
    bound = server.add_insecure_port(uds_target(socket_path))
            ^^^^^^^^^^^^^^^^^^^^^^^^^^^^^^^^^^^^^^^^^^^^^^^^^
  File "/Users/anray/Documents/project/SumAlpha/QuantOS/engines/.venv/lib/python3.12/site-packages/grpc/_server.py", line 1473, in add_insecure_port
    return _common.validate_port_binding_result(
           ^^^^^^^^^^^^^^^^^^^^^^^^^^^^^^^^^^^^^
  File "/Users/anray/Documents/project/SumAlpha/QuantOS/engines/.venv/lib/python3.12/site-packages/grpc/_common.py", line 181, in validate_port_binding_result
    raise RuntimeError(_ERROR_MESSAGE_PORT_BINDING_FAILED % address)
RuntimeError: Failed to bind to address unix:/private/var/folders/k8/_4hymb6j59s0c8xntb11ktmc0000gn/T/f08-target-YZSPIh/quantos-mock-01a10b45-d80b-7c93-a3ac-6d6715598766.sock; set GRPC_VERBOSITY=debug environment variable to see detailed error message.
WARNING: All log messages before absl::InitializeLog() is called are written to STDERR
E0000 00:00:1791190490.888971 1260779 add_port.cc:83] Failed to add port to server: Path name should not have more than 103 characters
Traceback (most recent call last):
  File "<frozen runpy>", line 198, in _run_module_as_main
  File "<frozen runpy>", line 88, in _run_code
  File "/Users/anray/Documents/project/SumAlpha/QuantOS/engines/.venv/lib/python3.12/site-packages/mock_engine/server.py", line 69, in <module>
    main()
  File "/Users/anray/Documents/project/SumAlpha/QuantOS/engines/.venv/lib/python3.12/site-packages/mock_engine/server.py", line 52, in main
    server = serve_engine(
             ^^^^^^^^^^^^^
  File "/Users/anray/Documents/project/SumAlpha/QuantOS/engines/.venv/lib/python3.12/site-packages/quantos_engine_sdk/grpc.py", line 248, in serve_engine
    bound = server.add_insecure_port(uds_target(socket_path))
            ^^^^^^^^^^^^^^^^^^^^^^^^^^^^^^^^^^^^^^^^^^^^^^^^^
  File "/Users/anray/Documents/project/SumAlpha/QuantOS/engines/.venv/lib/python3.12/site-packages/grpc/_server.py", line 1473, in add_insecure_port
    return _common.validate_port_binding_result(
           ^^^^^^^^^^^^^^^^^^^^^^^^^^^^^^^^^^^^^
  File "/Users/anray/Documents/project/SumAlpha/QuantOS/engines/.venv/lib/python3.12/site-packages/grpc/_common.py", line 181, in validate_port_binding_result
    raise RuntimeError(_ERROR_MESSAGE_PORT_BINDING_FAILED % address)
RuntimeError: Failed to bind to address unix:/private/var/folders/k8/_4hymb6j59s0c8xntb11ktmc0000gn/T/f08-target-YZSPIh/quantos-mock-01a10b45-d80b-7c93-a3ac-6d6715598766.sock; set GRPC_VERBOSITY=debug environment variable to see detailed error message.
WARNING: All log messages before absl::InitializeLog() is called are written to STDERR
E0000 00:00:1791190490.990098 1260796 add_port.cc:83] Failed to add port to server: Path name should not have more than 103 characters
Traceback (most recent call last):
  File "<frozen runpy>", line 198, in _run_module_as_main
  File "<frozen runpy>", line 88, in _run_code
  File "/Users/anray/Documents/project/SumAlpha/QuantOS/engines/.venv/lib/python3.12/site-packages/mock_engine/server.py", line 69, in <module>
    main()
  File "/Users/anray/Documents/project/SumAlpha/QuantOS/engines/.venv/lib/python3.12/site-packages/mock_engine/server.py", line 52, in main
    server = serve_engine(
             ^^^^^^^^^^^^^
  File "/Users/anray/Documents/project/SumAlpha/QuantOS/engines/.venv/lib/python3.12/site-packages/quantos_engine_sdk/grpc.py", line 248, in serve_engine
    bound = server.add_insecure_port(uds_target(socket_path))
            ^^^^^^^^^^^^^^^^^^^^^^^^^^^^^^^^^^^^^^^^^^^^^^^^^
  File "/Users/anray/Documents/project/SumAlpha/QuantOS/engines/.venv/lib/python3.12/site-packages/grpc/_server.py", line 1473, in add_insecure_port
    return _common.validate_port_binding_result(
           ^^^^^^^^^^^^^^^^^^^^^^^^^^^^^^^^^^^^^
  File "/Users/anray/Documents/project/SumAlpha/QuantOS/engines/.venv/lib/python3.12/site-packages/grpc/_common.py", line 181, in validate_port_binding_result
    raise RuntimeError(_ERROR_MESSAGE_PORT_BINDING_FAILED % address)
RuntimeError: Failed to bind to address unix:/private/var/folders/k8/_4hymb6j59s0c8xntb11ktmc0000gn/T/f08-target-YZSPIh/quantos-mock-01a10b45-d80b-7c93-a3ac-6d6715598766.sock; set GRPC_VERBOSITY=debug environment variable to see detailed error message.
WARNING: All log messages before absl::InitializeLog() is called are written to STDERR
E0000 00:00:1791190491.094800 1260815 add_port.cc:83] Failed to add port to server: Path name should not have more than 103 characters
Traceback (most recent call last):
  File "<frozen runpy>", line 198, in _run_module_as_main
  File "<frozen runpy>", line 88, in _run_code
  File "/Users/anray/Documents/project/SumAlpha/QuantOS/engines/.venv/lib/python3.12/site-packages/mock_engine/server.py", line 69, in <module>
    main()
  File "/Users/anray/Documents/project/SumAlpha/QuantOS/engines/.venv/lib/python3.12/site-packages/mock_engine/server.py", line 52, in main
    server = serve_engine(
             ^^^^^^^^^^^^^
  File "/Users/anray/Documents/project/SumAlpha/QuantOS/engines/.venv/lib/python3.12/site-packages/quantos_engine_sdk/grpc.py", line 248, in serve_engine
    bound = server.add_insecure_port(uds_target(socket_path))
            ^^^^^^^^^^^^^^^^^^^^^^^^^^^^^^^^^^^^^^^^^^^^^^^^^
  File "/Users/anray/Documents/project/SumAlpha/QuantOS/engines/.venv/lib/python3.12/site-packages/grpc/_server.py", line 1473, in add_insecure_port
    return _common.validate_port_binding_result(
           ^^^^^^^^^^^^^^^^^^^^^^^^^^^^^^^^^^^^^
  File "/Users/anray/Documents/project/SumAlpha/QuantOS/engines/.venv/lib/python3.12/site-packages/grpc/_common.py", line 181, in validate_port_binding_result
    raise RuntimeError(_ERROR_MESSAGE_PORT_BINDING_FAILED % address)
RuntimeError: Failed to bind to address unix:/private/var/folders/k8/_4hymb6j59s0c8xntb11ktmc0000gn/T/f08-target-YZSPIh/quantos-mock-01a10b45-d80b-7c93-a3ac-6d6715598766.sock; set GRPC_VERBOSITY=debug environment variable to see detailed error message.
WARNING: All log messages before absl::InitializeLog() is called are written to STDERR
E0000 00:00:1791190491.195822 1260833 add_port.cc:83] Failed to add port to server: Path name should not have more than 103 characters
Traceback (most recent call last):
  File "<frozen runpy>", line 198, in _run_module_as_main
  File "<frozen runpy>", line 88, in _run_code
  File "/Users/anray/Documents/project/SumAlpha/QuantOS/engines/.venv/lib/python3.12/site-packages/mock_engine/server.py", line 69, in <module>
    main()
  File "/Users/anray/Documents/project/SumAlpha/QuantOS/engines/.venv/lib/python3.12/site-packages/mock_engine/server.py", line 52, in main
    server = serve_engine(
             ^^^^^^^^^^^^^
  File "/Users/anray/Documents/project/SumAlpha/QuantOS/engines/.venv/lib/python3.12/site-packages/quantos_engine_sdk/grpc.py", line 248, in serve_engine
    bound = server.add_insecure_port(uds_target(socket_path))
            ^^^^^^^^^^^^^^^^^^^^^^^^^^^^^^^^^^^^^^^^^^^^^^^^^
  File "/Users/anray/Documents/project/SumAlpha/QuantOS/engines/.venv/lib/python3.12/site-packages/grpc/_server.py", line 1473, in add_insecure_port
    return _common.validate_port_binding_result(
           ^^^^^^^^^^^^^^^^^^^^^^^^^^^^^^^^^^^^^
  File "/Users/anray/Documents/project/SumAlpha/QuantOS/engines/.venv/lib/python3.12/site-packages/grpc/_common.py", line 181, in validate_port_binding_result
    raise RuntimeError(_ERROR_MESSAGE_PORT_BINDING_FAILED % address)
RuntimeError: Failed to bind to address unix:/private/var/folders/k8/_4hymb6j59s0c8xntb11ktmc0000gn/T/f08-target-YZSPIh/quantos-mock-01a10b45-d80b-7c93-a3ac-6d6715598766.sock; set GRPC_VERBOSITY=debug environment variable to see detailed error message.
WARNING: All log messages before absl::InitializeLog() is called are written to STDERR
E0000 00:00:1791190491.298457 1260851 add_port.cc:83] Failed to add port to server: Path name should not have more than 103 characters
Traceback (most recent call last):
  File "<frozen runpy>", line 198, in _run_module_as_main
  File "<frozen runpy>", line 88, in _run_code
  File "/Users/anray/Documents/project/SumAlpha/QuantOS/engines/.venv/lib/python3.12/site-packages/mock_engine/server.py", line 69, in <module>
    main()
  File "/Users/anray/Documents/project/SumAlpha/QuantOS/engines/.venv/lib/python3.12/site-packages/mock_engine/server.py", line 52, in main
    server = serve_engine(
             ^^^^^^^^^^^^^
  File "/Users/anray/Documents/project/SumAlpha/QuantOS/engines/.venv/lib/python3.12/site-packages/quantos_engine_sdk/grpc.py", line 248, in serve_engine
    bound = server.add_insecure_port(uds_target(socket_path))
            ^^^^^^^^^^^^^^^^^^^^^^^^^^^^^^^^^^^^^^^^^^^^^^^^^
  File "/Users/anray/Documents/project/SumAlpha/QuantOS/engines/.venv/lib/python3.12/site-packages/grpc/_server.py", line 1473, in add_insecure_port
    return _common.validate_port_binding_result(
           ^^^^^^^^^^^^^^^^^^^^^^^^^^^^^^^^^^^^^
  File "/Users/anray/Documents/project/SumAlpha/QuantOS/engines/.venv/lib/python3.12/site-packages/grpc/_common.py", line 181, in validate_port_binding_result
    raise RuntimeError(_ERROR_MESSAGE_PORT_BINDING_FAILED % address)
RuntimeError: Failed to bind to address unix:/private/var/folders/k8/_4hymb6j59s0c8xntb11ktmc0000gn/T/f08-target-YZSPIh/quantos-mock-01a10b45-d80b-7c93-a3ac-6d6715598766.sock; set GRPC_VERBOSITY=debug environment variable to see detailed error message.
WARNING: All log messages before absl::InitializeLog() is called are written to STDERR
E0000 00:00:1791190491.399243 1260870 add_port.cc:83] Failed to add port to server: Path name should not have more than 103 characters
Traceback (most recent call last):
  File "<frozen runpy>", line 198, in _run_module_as_main
  File "<frozen runpy>", line 88, in _run_code
  File "/Users/anray/Documents/project/SumAlpha/QuantOS/engines/.venv/lib/python3.12/site-packages/mock_engine/server.py", line 69, in <module>
    main()
  File "/Users/anray/Documents/project/SumAlpha/QuantOS/engines/.venv/lib/python3.12/site-packages/mock_engine/server.py", line 52, in main
    server = serve_engine(
             ^^^^^^^^^^^^^
  File "/Users/anray/Documents/project/SumAlpha/QuantOS/engines/.venv/lib/python3.12/site-packages/quantos_engine_sdk/grpc.py", line 248, in serve_engine
    bound = server.add_insecure_port(uds_target(socket_path))
            ^^^^^^^^^^^^^^^^^^^^^^^^^^^^^^^^^^^^^^^^^^^^^^^^^
  File "/Users/anray/Documents/project/SumAlpha/QuantOS/engines/.venv/lib/python3.12/site-packages/grpc/_server.py", line 1473, in add_insecure_port
    return _common.validate_port_binding_result(
           ^^^^^^^^^^^^^^^^^^^^^^^^^^^^^^^^^^^^^
  File "/Users/anray/Documents/project/SumAlpha/QuantOS/engines/.venv/lib/python3.12/site-packages/grpc/_common.py", line 181, in validate_port_binding_result
    raise RuntimeError(_ERROR_MESSAGE_PORT_BINDING_FAILED % address)
RuntimeError: Failed to bind to address unix:/private/var/folders/k8/_4hymb6j59s0c8xntb11ktmc0000gn/T/f08-target-YZSPIh/quantos-mock-01a10b45-d80b-7c93-a3ac-6d6715598766.sock; set GRPC_VERBOSITY=debug environment variable to see detailed error message.
WARNING: All log messages before absl::InitializeLog() is called are written to STDERR
E0000 00:00:1791190491.501520 1260887 add_port.cc:83] Failed to add port to server: Path name should not have more than 103 characters
Traceback (most recent call last):
  File "<frozen runpy>", line 198, in _run_module_as_main
  File "<frozen runpy>", line 88, in _run_code
  File "/Users/anray/Documents/project/SumAlpha/QuantOS/engines/.venv/lib/python3.12/site-packages/mock_engine/server.py", line 69, in <module>
    main()
  File "/Users/anray/Documents/project/SumAlpha/QuantOS/engines/.venv/lib/python3.12/site-packages/mock_engine/server.py", line 52, in main
    server = serve_engine(
             ^^^^^^^^^^^^^
  File "/Users/anray/Documents/project/SumAlpha/QuantOS/engines/.venv/lib/python3.12/site-packages/quantos_engine_sdk/grpc.py", line 248, in serve_engine
    bound = server.add_insecure_port(uds_target(socket_path))
            ^^^^^^^^^^^^^^^^^^^^^^^^^^^^^^^^^^^^^^^^^^^^^^^^^
  File "/Users/anray/Documents/project/SumAlpha/QuantOS/engines/.venv/lib/python3.12/site-packages/grpc/_server.py", line 1473, in add_insecure_port
    return _common.validate_port_binding_result(
           ^^^^^^^^^^^^^^^^^^^^^^^^^^^^^^^^^^^^^
  File "/Users/anray/Documents/project/SumAlpha/QuantOS/engines/.venv/lib/python3.12/site-packages/grpc/_common.py", line 181, in validate_port_binding_result
    raise RuntimeError(_ERROR_MESSAGE_PORT_BINDING_FAILED % address)
RuntimeError: Failed to bind to address unix:/private/var/folders/k8/_4hymb6j59s0c8xntb11ktmc0000gn/T/f08-target-YZSPIh/quantos-mock-01a10b45-d80b-7c93-a3ac-6d6715598766.sock; set GRPC_VERBOSITY=debug environment variable to see detailed error message.
WARNING: All log messages before absl::InitializeLog() is called are written to STDERR
E0000 00:00:1791190491.605708 1260906 add_port.cc:83] Failed to add port to server: Path name should not have more than 103 characters
Traceback (most recent call last):
  File "<frozen runpy>", line 198, in _run_module_as_main
  File "<frozen runpy>", line 88, in _run_code
  File "/Users/anray/Documents/project/SumAlpha/QuantOS/engines/.venv/lib/python3.12/site-packages/mock_engine/server.py", line 69, in <module>
    main()
  File "/Users/anray/Documents/project/SumAlpha/QuantOS/engines/.venv/lib/python3.12/site-packages/mock_engine/server.py", line 52, in main
    server = serve_engine(
             ^^^^^^^^^^^^^
  File "/Users/anray/Documents/project/SumAlpha/QuantOS/engines/.venv/lib/python3.12/site-packages/quantos_engine_sdk/grpc.py", line 248, in serve_engine
    bound = server.add_insecure_port(uds_target(socket_path))
            ^^^^^^^^^^^^^^^^^^^^^^^^^^^^^^^^^^^^^^^^^^^^^^^^^
  File "/Users/anray/Documents/project/SumAlpha/QuantOS/engines/.venv/lib/python3.12/site-packages/grpc/_server.py", line 1473, in add_insecure_port
    return _common.validate_port_binding_result(
           ^^^^^^^^^^^^^^^^^^^^^^^^^^^^^^^^^^^^^
  File "/Users/anray/Documents/project/SumAlpha/QuantOS/engines/.venv/lib/python3.12/site-packages/grpc/_common.py", line 181, in validate_port_binding_result
    raise RuntimeError(_ERROR_MESSAGE_PORT_BINDING_FAILED % address)
RuntimeError: Failed to bind to address unix:/private/var/folders/k8/_4hymb6j59s0c8xntb11ktmc0000gn/T/f08-target-YZSPIh/quantos-mock-01a10b45-d80b-7c93-a3ac-6d6715598766.sock; set GRPC_VERBOSITY=debug environment variable to see detailed error message.
WARNING: All log messages before absl::InitializeLog() is called are written to STDERR
E0000 00:00:1791190491.706656 1260924 add_port.cc:83] Failed to add port to server: Path name should not have more than 103 characters
Traceback (most recent call last):
  File "<frozen runpy>", line 198, in _run_module_as_main
  File "<frozen runpy>", line 88, in _run_code
  File "/Users/anray/Documents/project/SumAlpha/QuantOS/engines/.venv/lib/python3.12/site-packages/mock_engine/server.py", line 69, in <module>
    main()
  File "/Users/anray/Documents/project/SumAlpha/QuantOS/engines/.venv/lib/python3.12/site-packages/mock_engine/server.py", line 52, in main
    server = serve_engine(
             ^^^^^^^^^^^^^
  File "/Users/anray/Documents/project/SumAlpha/QuantOS/engines/.venv/lib/python3.12/site-packages/quantos_engine_sdk/grpc.py", line 248, in serve_engine
    bound = server.add_insecure_port(uds_target(socket_path))
            ^^^^^^^^^^^^^^^^^^^^^^^^^^^^^^^^^^^^^^^^^^^^^^^^^
  File "/Users/anray/Documents/project/SumAlpha/QuantOS/engines/.venv/lib/python3.12/site-packages/grpc/_server.py", line 1473, in add_insecure_port
    return _common.validate_port_binding_result(
           ^^^^^^^^^^^^^^^^^^^^^^^^^^^^^^^^^^^^^
  File "/Users/anray/Documents/project/SumAlpha/QuantOS/engines/.venv/lib/python3.12/site-packages/grpc/_common.py", line 181, in validate_port_binding_result
    raise RuntimeError(_ERROR_MESSAGE_PORT_BINDING_FAILED % address)
RuntimeError: Failed to bind to address unix:/private/var/folders/k8/_4hymb6j59s0c8xntb11ktmc0000gn/T/f08-target-YZSPIh/quantos-mock-01a10b45-d80b-7c93-a3ac-6d6715598766.sock; set GRPC_VERBOSITY=debug environment variable to see detailed error message.
WARNING: All log messages before absl::InitializeLog() is called are written to STDERR
E0000 00:00:1791190491.810691 1260942 add_port.cc:83] Failed to add port to server: Path name should not have more than 103 characters
Traceback (most recent call last):
  File "<frozen runpy>", line 198, in _run_module_as_main
  File "<frozen runpy>", line 88, in _run_code
  File "/Users/anray/Documents/project/SumAlpha/QuantOS/engines/.venv/lib/python3.12/site-packages/mock_engine/server.py", line 69, in <module>
    main()
  File "/Users/anray/Documents/project/SumAlpha/QuantOS/engines/.venv/lib/python3.12/site-packages/mock_engine/server.py", line 52, in main
    server = serve_engine(
             ^^^^^^^^^^^^^
  File "/Users/anray/Documents/project/SumAlpha/QuantOS/engines/.venv/lib/python3.12/site-packages/quantos_engine_sdk/grpc.py", line 248, in serve_engine
    bound = server.add_insecure_port(uds_target(socket_path))
            ^^^^^^^^^^^^^^^^^^^^^^^^^^^^^^^^^^^^^^^^^^^^^^^^^
  File "/Users/anray/Documents/project/SumAlpha/QuantOS/engines/.venv/lib/python3.12/site-packages/grpc/_server.py", line 1473, in add_insecure_port
    return _common.validate_port_binding_result(
           ^^^^^^^^^^^^^^^^^^^^^^^^^^^^^^^^^^^^^
  File "/Users/anray/Documents/project/SumAlpha/QuantOS/engines/.venv/lib/python3.12/site-packages/grpc/_common.py", line 181, in validate_port_binding_result
    raise RuntimeError(_ERROR_MESSAGE_PORT_BINDING_FAILED % address)
RuntimeError: Failed to bind to address unix:/private/var/folders/k8/_4hymb6j59s0c8xntb11ktmc0000gn/T/f08-target-YZSPIh/quantos-mock-01a10b45-d80b-7c93-a3ac-6d6715598766.sock; set GRPC_VERBOSITY=debug environment variable to see detailed error message.
WARNING: All log messages before absl::InitializeLog() is called are written to STDERR
E0000 00:00:1791190491.910960 1260959 add_port.cc:83] Failed to add port to server: Path name should not have more than 103 characters
Traceback (most recent call last):
  File "<frozen runpy>", line 198, in _run_module_as_main
  File "<frozen runpy>", line 88, in _run_code
  File "/Users/anray/Documents/project/SumAlpha/QuantOS/engines/.venv/lib/python3.12/site-packages/mock_engine/server.py", line 69, in <module>
    main()
  File "/Users/anray/Documents/project/SumAlpha/QuantOS/engines/.venv/lib/python3.12/site-packages/mock_engine/server.py", line 52, in main
    server = serve_engine(
             ^^^^^^^^^^^^^
  File "/Users/anray/Documents/project/SumAlpha/QuantOS/engines/.venv/lib/python3.12/site-packages/quantos_engine_sdk/grpc.py", line 248, in serve_engine
    bound = server.add_insecure_port(uds_target(socket_path))
            ^^^^^^^^^^^^^^^^^^^^^^^^^^^^^^^^^^^^^^^^^^^^^^^^^
  File "/Users/anray/Documents/project/SumAlpha/QuantOS/engines/.venv/lib/python3.12/site-packages/grpc/_server.py", line 1473, in add_insecure_port
    return _common.validate_port_binding_result(
           ^^^^^^^^^^^^^^^^^^^^^^^^^^^^^^^^^^^^^
  File "/Users/anray/Documents/project/SumAlpha/QuantOS/engines/.venv/lib/python3.12/site-packages/grpc/_common.py", line 181, in validate_port_binding_result
    raise RuntimeError(_ERROR_MESSAGE_PORT_BINDING_FAILED % address)
RuntimeError: Failed to bind to address unix:/private/var/folders/k8/_4hymb6j59s0c8xntb11ktmc0000gn/T/f08-target-YZSPIh/quantos-mock-01a10b45-d80b-7c93-a3ac-6d6715598766.sock; set GRPC_VERBOSITY=debug environment variable to see detailed error message.
WARNING: All log messages before absl::InitializeLog() is called are written to STDERR
E0000 00:00:1791190492.012260 1260978 add_port.cc:83] Failed to add port to server: Path name should not have more than 103 characters
Traceback (most recent call last):
  File "<frozen runpy>", line 198, in _run_module_as_main
  File "<frozen runpy>", line 88, in _run_code
  File "/Users/anray/Documents/project/SumAlpha/QuantOS/engines/.venv/lib/python3.12/site-packages/mock_engine/server.py", line 69, in <module>
    main()
  File "/Users/anray/Documents/project/SumAlpha/QuantOS/engines/.venv/lib/python3.12/site-packages/mock_engine/server.py", line 52, in main
    server = serve_engine(
             ^^^^^^^^^^^^^
  File "/Users/anray/Documents/project/SumAlpha/QuantOS/engines/.venv/lib/python3.12/site-packages/quantos_engine_sdk/grpc.py", line 248, in serve_engine
    bound = server.add_insecure_port(uds_target(socket_path))
            ^^^^^^^^^^^^^^^^^^^^^^^^^^^^^^^^^^^^^^^^^^^^^^^^^
  File "/Users/anray/Documents/project/SumAlpha/QuantOS/engines/.venv/lib/python3.12/site-packages/grpc/_server.py", line 1473, in add_insecure_port
    return _common.validate_port_binding_result(
           ^^^^^^^^^^^^^^^^^^^^^^^^^^^^^^^^^^^^^
  File "/Users/anray/Documents/project/SumAlpha/QuantOS/engines/.venv/lib/python3.12/site-packages/grpc/_common.py", line 181, in validate_port_binding_result
    raise RuntimeError(_ERROR_MESSAGE_PORT_BINDING_FAILED % address)
RuntimeError: Failed to bind to address unix:/private/var/folders/k8/_4hymb6j59s0c8xntb11ktmc0000gn/T/f08-target-YZSPIh/quantos-mock-01a10b45-d80b-7c93-a3ac-6d6715598766.sock; set GRPC_VERBOSITY=debug environment variable to see detailed error message.
WARNING: All log messages before absl::InitializeLog() is called are written to STDERR
E0000 00:00:1791190492.116103 1261006 add_port.cc:83] Failed to add port to server: Path name should not have more than 103 characters
Traceback (most recent call last):
  File "<frozen runpy>", line 198, in _run_module_as_main
  File "<frozen runpy>", line 88, in _run_code
  File "/Users/anray/Documents/project/SumAlpha/QuantOS/engines/.venv/lib/python3.12/site-packages/mock_engine/server.py", line 69, in <module>
    main()
  File "/Users/anray/Documents/project/SumAlpha/QuantOS/engines/.venv/lib/python3.12/site-packages/mock_engine/server.py", line 52, in main
    server = serve_engine(
             ^^^^^^^^^^^^^
  File "/Users/anray/Documents/project/SumAlpha/QuantOS/engines/.venv/lib/python3.12/site-packages/quantos_engine_sdk/grpc.py", line 248, in serve_engine
    bound = server.add_insecure_port(uds_target(socket_path))
            ^^^^^^^^^^^^^^^^^^^^^^^^^^^^^^^^^^^^^^^^^^^^^^^^^
  File "/Users/anray/Documents/project/SumAlpha/QuantOS/engines/.venv/lib/python3.12/site-packages/grpc/_server.py", line 1473, in add_insecure_port
    return _common.validate_port_binding_result(
           ^^^^^^^^^^^^^^^^^^^^^^^^^^^^^^^^^^^^^
  File "/Users/anray/Documents/project/SumAlpha/QuantOS/engines/.venv/lib/python3.12/site-packages/grpc/_common.py", line 181, in validate_port_binding_result
    raise RuntimeError(_ERROR_MESSAGE_PORT_BINDING_FAILED % address)
RuntimeError: Failed to bind to address unix:/private/var/folders/k8/_4hymb6j59s0c8xntb11ktmc0000gn/T/f08-target-YZSPIh/quantos-mock-01a10b45-d80b-7c93-a3ac-6d6715598766.sock; set GRPC_VERBOSITY=debug environment variable to see detailed error message.
WARNING: All log messages before absl::InitializeLog() is called are written to STDERR
E0000 00:00:1791190492.219337 1261032 add_port.cc:83] Failed to add port to server: Path name should not have more than 103 characters
Traceback (most recent call last):
  File "<frozen runpy>", line 198, in _run_module_as_main
  File "<frozen runpy>", line 88, in _run_code
  File "/Users/anray/Documents/project/SumAlpha/QuantOS/engines/.venv/lib/python3.12/site-packages/mock_engine/server.py", line 69, in <module>
    main()
  File "/Users/anray/Documents/project/SumAlpha/QuantOS/engines/.venv/lib/python3.12/site-packages/mock_engine/server.py", line 52, in main
    server = serve_engine(
             ^^^^^^^^^^^^^
  File "/Users/anray/Documents/project/SumAlpha/QuantOS/engines/.venv/lib/python3.12/site-packages/quantos_engine_sdk/grpc.py", line 248, in serve_engine
    bound = server.add_insecure_port(uds_target(socket_path))
            ^^^^^^^^^^^^^^^^^^^^^^^^^^^^^^^^^^^^^^^^^^^^^^^^^
  File "/Users/anray/Documents/project/SumAlpha/QuantOS/engines/.venv/lib/python3.12/site-packages/grpc/_server.py", line 1473, in add_insecure_port
    return _common.validate_port_binding_result(
           ^^^^^^^^^^^^^^^^^^^^^^^^^^^^^^^^^^^^^
  File "/Users/anray/Documents/project/SumAlpha/QuantOS/engines/.venv/lib/python3.12/site-packages/grpc/_common.py", line 181, in validate_port_binding_result
    raise RuntimeError(_ERROR_MESSAGE_PORT_BINDING_FAILED % address)
RuntimeError: Failed to bind to address unix:/private/var/folders/k8/_4hymb6j59s0c8xntb11ktmc0000gn/T/f08-target-YZSPIh/quantos-mock-01a10b45-d80b-7c93-a3ac-6d6715598766.sock; set GRPC_VERBOSITY=debug environment variable to see detailed error message.
WARNING: All log messages before absl::InitializeLog() is called are written to STDERR
E0000 00:00:1791190492.320413 1261049 add_port.cc:83] Failed to add port to server: Path name should not have more than 103 characters
Traceback (most recent call last):
  File "<frozen runpy>", line 198, in _run_module_as_main
  File "<frozen runpy>", line 88, in _run_code
  File "/Users/anray/Documents/project/SumAlpha/QuantOS/engines/.venv/lib/python3.12/site-packages/mock_engine/server.py", line 69, in <module>
    main()
  File "/Users/anray/Documents/project/SumAlpha/QuantOS/engines/.venv/lib/python3.12/site-packages/mock_engine/server.py", line 52, in main
    server = serve_engine(
             ^^^^^^^^^^^^^
  File "/Users/anray/Documents/project/SumAlpha/QuantOS/engines/.venv/lib/python3.12/site-packages/quantos_engine_sdk/grpc.py", line 248, in serve_engine
    bound = server.add_insecure_port(uds_target(socket_path))
            ^^^^^^^^^^^^^^^^^^^^^^^^^^^^^^^^^^^^^^^^^^^^^^^^^
  File "/Users/anray/Documents/project/SumAlpha/QuantOS/engines/.venv/lib/python3.12/site-packages/grpc/_server.py", line 1473, in add_insecure_port
    return _common.validate_port_binding_result(
           ^^^^^^^^^^^^^^^^^^^^^^^^^^^^^^^^^^^^^
  File "/Users/anray/Documents/project/SumAlpha/QuantOS/engines/.venv/lib/python3.12/site-packages/grpc/_common.py", line 181, in validate_port_binding_result
    raise RuntimeError(_ERROR_MESSAGE_PORT_BINDING_FAILED % address)
RuntimeError: Failed to bind to address unix:/private/var/folders/k8/_4hymb6j59s0c8xntb11ktmc0000gn/T/f08-target-YZSPIh/quantos-mock-01a10b45-d80b-7c93-a3ac-6d6715598766.sock; set GRPC_VERBOSITY=debug environment variable to see detailed error message.
WARNING: All log messages before absl::InitializeLog() is called are written to STDERR
E0000 00:00:1791190492.420872 1261067 add_port.cc:83] Failed to add port to server: Path name should not have more than 103 characters
Traceback (most recent call last):
  File "<frozen runpy>", line 198, in _run_module_as_main
  File "<frozen runpy>", line 88, in _run_code
  File "/Users/anray/Documents/project/SumAlpha/QuantOS/engines/.venv/lib/python3.12/site-packages/mock_engine/server.py", line 69, in <module>
    main()
  File "/Users/anray/Documents/project/SumAlpha/QuantOS/engines/.venv/lib/python3.12/site-packages/mock_engine/server.py", line 52, in main
    server = serve_engine(
             ^^^^^^^^^^^^^
  File "/Users/anray/Documents/project/SumAlpha/QuantOS/engines/.venv/lib/python3.12/site-packages/quantos_engine_sdk/grpc.py", line 248, in serve_engine
    bound = server.add_insecure_port(uds_target(socket_path))
            ^^^^^^^^^^^^^^^^^^^^^^^^^^^^^^^^^^^^^^^^^^^^^^^^^
  File "/Users/anray/Documents/project/SumAlpha/QuantOS/engines/.venv/lib/python3.12/site-packages/grpc/_server.py", line 1473, in add_insecure_port
    return _common.validate_port_binding_result(
           ^^^^^^^^^^^^^^^^^^^^^^^^^^^^^^^^^^^^^
  File "/Users/anray/Documents/project/SumAlpha/QuantOS/engines/.venv/lib/python3.12/site-packages/grpc/_common.py", line 181, in validate_port_binding_result
    raise RuntimeError(_ERROR_MESSAGE_PORT_BINDING_FAILED % address)
RuntimeError: Failed to bind to address unix:/private/var/folders/k8/_4hymb6j59s0c8xntb11ktmc0000gn/T/f08-target-YZSPIh/quantos-mock-01a10b45-d80b-7c93-a3ac-6d6715598766.sock; set GRPC_VERBOSITY=debug environment variable to see detailed error message.
WARNING: All log messages before absl::InitializeLog() is called are written to STDERR
E0000 00:00:1791190492.526942 1261084 add_port.cc:83] Failed to add port to server: Path name should not have more than 103 characters
Traceback (most recent call last):
  File "<frozen runpy>", line 198, in _run_module_as_main
  File "<frozen runpy>", line 88, in _run_code
  File "/Users/anray/Documents/project/SumAlpha/QuantOS/engines/.venv/lib/python3.12/site-packages/mock_engine/server.py", line 69, in <module>
    main()
  File "/Users/anray/Documents/project/SumAlpha/QuantOS/engines/.venv/lib/python3.12/site-packages/mock_engine/server.py", line 52, in main
    server = serve_engine(
             ^^^^^^^^^^^^^
  File "/Users/anray/Documents/project/SumAlpha/QuantOS/engines/.venv/lib/python3.12/site-packages/quantos_engine_sdk/grpc.py", line 248, in serve_engine
    bound = server.add_insecure_port(uds_target(socket_path))
            ^^^^^^^^^^^^^^^^^^^^^^^^^^^^^^^^^^^^^^^^^^^^^^^^^
  File "/Users/anray/Documents/project/SumAlpha/QuantOS/engines/.venv/lib/python3.12/site-packages/grpc/_server.py", line 1473, in add_insecure_port
    return _common.validate_port_binding_result(
           ^^^^^^^^^^^^^^^^^^^^^^^^^^^^^^^^^^^^^
  File "/Users/anray/Documents/project/SumAlpha/QuantOS/engines/.venv/lib/python3.12/site-packages/grpc/_common.py", line 181, in validate_port_binding_result
    raise RuntimeError(_ERROR_MESSAGE_PORT_BINDING_FAILED % address)
RuntimeError: Failed to bind to address unix:/private/var/folders/k8/_4hymb6j59s0c8xntb11ktmc0000gn/T/f08-target-YZSPIh/quantos-mock-01a10b45-d80b-7c93-a3ac-6d6715598766.sock; set GRPC_VERBOSITY=debug environment variable to see detailed error message.
WARNING: All log messages before absl::InitializeLog() is called are written to STDERR
E0000 00:00:1791190492.625126 1261101 add_port.cc:83] Failed to add port to server: Path name should not have more than 103 characters
Traceback (most recent call last):
  File "<frozen runpy>", line 198, in _run_module_as_main
  File "<frozen runpy>", line 88, in _run_code
  File "/Users/anray/Documents/project/SumAlpha/QuantOS/engines/.venv/lib/python3.12/site-packages/mock_engine/server.py", line 69, in <module>
    main()
  File "/Users/anray/Documents/project/SumAlpha/QuantOS/engines/.venv/lib/python3.12/site-packages/mock_engine/server.py", line 52, in main
    server = serve_engine(
             ^^^^^^^^^^^^^
  File "/Users/anray/Documents/project/SumAlpha/QuantOS/engines/.venv/lib/python3.12/site-packages/quantos_engine_sdk/grpc.py", line 248, in serve_engine
    bound = server.add_insecure_port(uds_target(socket_path))
            ^^^^^^^^^^^^^^^^^^^^^^^^^^^^^^^^^^^^^^^^^^^^^^^^^
  File "/Users/anray/Documents/project/SumAlpha/QuantOS/engines/.venv/lib/python3.12/site-packages/grpc/_server.py", line 1473, in add_insecure_port
    return _common.validate_port_binding_result(
           ^^^^^^^^^^^^^^^^^^^^^^^^^^^^^^^^^^^^^
  File "/Users/anray/Documents/project/SumAlpha/QuantOS/engines/.venv/lib/python3.12/site-packages/grpc/_common.py", line 181, in validate_port_binding_result
    raise RuntimeError(_ERROR_MESSAGE_PORT_BINDING_FAILED % address)
RuntimeError: Failed to bind to address unix:/private/var/folders/k8/_4hymb6j59s0c8xntb11ktmc0000gn/T/f08-target-YZSPIh/quantos-mock-01a10b45-d80b-7c93-a3ac-6d6715598766.sock; set GRPC_VERBOSITY=debug environment variable to see detailed error message.
WARNING: All log messages before absl::InitializeLog() is called are written to STDERR
E0000 00:00:1791190492.728798 1261119 add_port.cc:83] Failed to add port to server: Path name should not have more than 103 characters
Traceback (most recent call last):
  File "<frozen runpy>", line 198, in _run_module_as_main
  File "<frozen runpy>", line 88, in _run_code
  File "/Users/anray/Documents/project/SumAlpha/QuantOS/engines/.venv/lib/python3.12/site-packages/mock_engine/server.py", line 69, in <module>
    main()
  File "/Users/anray/Documents/project/SumAlpha/QuantOS/engines/.venv/lib/python3.12/site-packages/mock_engine/server.py", line 52, in main
    server = serve_engine(
             ^^^^^^^^^^^^^
  File "/Users/anray/Documents/project/SumAlpha/QuantOS/engines/.venv/lib/python3.12/site-packages/quantos_engine_sdk/grpc.py", line 248, in serve_engine
    bound = server.add_insecure_port(uds_target(socket_path))
            ^^^^^^^^^^^^^^^^^^^^^^^^^^^^^^^^^^^^^^^^^^^^^^^^^
  File "/Users/anray/Documents/project/SumAlpha/QuantOS/engines/.venv/lib/python3.12/site-packages/grpc/_server.py", line 1473, in add_insecure_port
    return _common.validate_port_binding_result(
           ^^^^^^^^^^^^^^^^^^^^^^^^^^^^^^^^^^^^^
  File "/Users/anray/Documents/project/SumAlpha/QuantOS/engines/.venv/lib/python3.12/site-packages/grpc/_common.py", line 181, in validate_port_binding_result
    raise RuntimeError(_ERROR_MESSAGE_PORT_BINDING_FAILED % address)
RuntimeError: Failed to bind to address unix:/private/var/folders/k8/_4hymb6j59s0c8xntb11ktmc0000gn/T/f08-target-YZSPIh/quantos-mock-01a10b45-d80b-7c93-a3ac-6d6715598766.sock; set GRPC_VERBOSITY=debug environment variable to see detailed error message.
WARNING: All log messages before absl::InitializeLog() is called are written to STDERR
E0000 00:00:1791190492.831622 1261138 add_port.cc:83] Failed to add port to server: Path name should not have more than 103 characters
Traceback (most recent call last):
  File "<frozen runpy>", line 198, in _run_module_as_main
  File "<frozen runpy>", line 88, in _run_code
  File "/Users/anray/Documents/project/SumAlpha/QuantOS/engines/.venv/lib/python3.12/site-packages/mock_engine/server.py", line 69, in <module>
    main()
  File "/Users/anray/Documents/project/SumAlpha/QuantOS/engines/.venv/lib/python3.12/site-packages/mock_engine/server.py", line 52, in main
    server = serve_engine(
             ^^^^^^^^^^^^^
  File "/Users/anray/Documents/project/SumAlpha/QuantOS/engines/.venv/lib/python3.12/site-packages/quantos_engine_sdk/grpc.py", line 248, in serve_engine
    bound = server.add_insecure_port(uds_target(socket_path))
            ^^^^^^^^^^^^^^^^^^^^^^^^^^^^^^^^^^^^^^^^^^^^^^^^^
  File "/Users/anray/Documents/project/SumAlpha/QuantOS/engines/.venv/lib/python3.12/site-packages/grpc/_server.py", line 1473, in add_insecure_port
    return _common.validate_port_binding_result(
           ^^^^^^^^^^^^^^^^^^^^^^^^^^^^^^^^^^^^^
  File "/Users/anray/Documents/project/SumAlpha/QuantOS/engines/.venv/lib/python3.12/site-packages/grpc/_common.py", line 181, in validate_port_binding_result
    raise RuntimeError(_ERROR_MESSAGE_PORT_BINDING_FAILED % address)
RuntimeError: Failed to bind to address unix:/private/var/folders/k8/_4hymb6j59s0c8xntb11ktmc0000gn/T/f08-target-YZSPIh/quantos-mock-01a10b45-d80b-7c93-a3ac-6d6715598766.sock; set GRPC_VERBOSITY=debug environment variable to see detailed error message.
WARNING: All log messages before absl::InitializeLog() is called are written to STDERR
E0000 00:00:1791190492.932232 1261157 add_port.cc:83] Failed to add port to server: Path name should not have more than 103 characters
Traceback (most recent call last):
  File "<frozen runpy>", line 198, in _run_module_as_main
  File "<frozen runpy>", line 88, in _run_code
  File "/Users/anray/Documents/project/SumAlpha/QuantOS/engines/.venv/lib/python3.12/site-packages/mock_engine/server.py", line 69, in <module>
    main()
  File "/Users/anray/Documents/project/SumAlpha/QuantOS/engines/.venv/lib/python3.12/site-packages/mock_engine/server.py", line 52, in main
    server = serve_engine(
             ^^^^^^^^^^^^^
  File "/Users/anray/Documents/project/SumAlpha/QuantOS/engines/.venv/lib/python3.12/site-packages/quantos_engine_sdk/grpc.py", line 248, in serve_engine
    bound = server.add_insecure_port(uds_target(socket_path))
            ^^^^^^^^^^^^^^^^^^^^^^^^^^^^^^^^^^^^^^^^^^^^^^^^^
  File "/Users/anray/Documents/project/SumAlpha/QuantOS/engines/.venv/lib/python3.12/site-packages/grpc/_server.py", line 1473, in add_insecure_port
    return _common.validate_port_binding_result(
           ^^^^^^^^^^^^^^^^^^^^^^^^^^^^^^^^^^^^^
  File "/Users/anray/Documents/project/SumAlpha/QuantOS/engines/.venv/lib/python3.12/site-packages/grpc/_common.py", line 181, in validate_port_binding_result
    raise RuntimeError(_ERROR_MESSAGE_PORT_BINDING_FAILED % address)
RuntimeError: Failed to bind to address unix:/private/var/folders/k8/_4hymb6j59s0c8xntb11ktmc0000gn/T/f08-target-YZSPIh/quantos-mock-01a10b45-d80b-7c93-a3ac-6d6715598766.sock; set GRPC_VERBOSITY=debug environment variable to see detailed error message.
Error: ENGINE_TRANSPORT: transport error
error: test failed, to rerun pass `-p quantos-engine-manager --test python_mock_engine`
