✔ formal gate rejects zero, one, two and noninteger runs (0.6425ms)
✔ all binaries participate in digest and omitted binary fails (3.445417ms)
✔ extra binary, missing wheel and stale/empty Web cannot pass output inventory (2.90975ms)
✔ manifest inventory cannot omit or add members (0.070667ms)
✔ dirty and untracked source rejected (72.792375ms)
✔ deleted module README is rejected (2.5565ms)
✔ wrong uv version fails toolchain preflight (18.424084ms)
✔ invalid locks fail real lock entrypoint (65.348834ms)
✔ Terminal default lint rejects a page TSX violation (954.250834ms)
✔ invalid run revokes old successful receipt (25.545541ms)
✔ Cargo manifest drift is rejected by actual lock gate (645.818ms)
✔ uv manifest drift is rejected by actual lock gate (648.779542ms)
✔ pnpm manifest drift is rejected by actual lock gate (852.014666ms)
✔ malformed Buf lock is rejected by actual lock gate (632.119208ms)
✔ broken Desktop is outside phase-one pnpm frozen check (302.381667ms)
✔ uv output marker is metadata, other unexpected files still fail (2.130042ms)
✔ build-only tool is required in output inventory without becoming a runtime binary (2.037292ms)
✔ pnpm frozen check rejects missing or changed patch bytes (639.893083ms)
✔ pnpm patch cannot read outside the repository (139.51925ms)
ℹ tests 19
ℹ suites 0
ℹ pass 19
ℹ fail 0
ℹ cancelled 0
ℹ skipped 0
ℹ todo 0
ℹ duration_ms 5048.496542
