node --test scripts/f02-gate-negative.mjs scripts/f02-a11-gate-negative.mjs scripts/playwright-git-history.test.mjs scripts/storage-fixture.test.cjs
✔ complete Linux matrix passes; deletion and pixel tampering fail (395.917667ms)
✔ acceptance never updates snapshots or skips missing snapshots (1.255334ms)
✔ only main signing and verification jobs receive the signing environment (10.589625ms)
✔ signing policy rejects missing protection, wildcards, tags and extra branches (0.222083ms)
✔ candidate import rejects tampering and stale source before writing, then imports the reviewed matrix (374.721208ms)
✔ required download check rejects skipped or failed event-specific verification (22.041ms)
✔ PR receipts bind the checked out head while main signing stays on the event SHA (3.482667ms)
Verified 2 release files for aaaaaaaaaaaaaaaaaaaaaaaaaaaaaaaaaaaaaaaa
Verified 2 release files for aaaaaaaaaaaaaaaaaaaaaaaaaaaaaaaaaaaaaaaa
✔ real Gitleaks positive control and GitHub/Slack leaks (1576.147334ms)
✔ historical digest exceptions do not waive fresh credentials in audit JSON (1051.217ms)
✔ RLS baseline rejects policy deletion and late disabling with recovery (161.374084ms)
✔ RLS preflight recognizes the actual ten-table A2 migration and rejects incomplete loops (124.652ms)
✔ RLS preflight expands audit export permissions without treating grants as RLS (124.4545ms)
✔ RLS literal loops preserve late disabling, NO FORCE and policy deletion (122.450625ms)
✔ RLS preflight cannot count conditional loops, comments, literals or function bodies as execution (142.069458ms)
✔ quoted SQL examples inside expanded policy expressions cannot enable RLS (21.41475ms)
✔ migration filename control, rejection and recovery (13.767708ms)
✔ waivers only authorize exact advisory/ecosystem/package/version before expiry (1.031042ms)
✔ license expression policy does not globally allow LGPL or unknown licenses (0.346083ms)
✔ release binds complete payload and SBOM to source; rejects corruption and build-only native files (2.80225ms)
✔ Buf compares against distinct historical source and detects removed fields (477.635208ms)
✔ SCA scanner adapter consumes exact waivers and never waives scanner failures (2947.597917ms)
✔ Playwright PR reporting preserves complete history for downstream security scans (1584.610208ms)
✔ all bucket migration INSERT columns exist in the shared CI fixture (0.382833ms)
﹣ PostgreSQL compiles bucket migrations and preserves private export limits (0.048292ms) # SKIP
ℹ tests 24
ℹ suites 0
ℹ pass 23
ℹ fail 0
ℹ cancelled 0
ℹ skipped 1
ℹ todo 0
ℹ duration_ms 6808.162667
