✔ development COMPLETED does not accept the current F06 review (0.711041ms)
✔ ACCEPTED with any open finding remains blocked (0.144ms)
✔ all closed findings require a same-SHA complete receipt (0.920292ms)
✔ missing or duplicate review markers fail closed (0.172792ms)
✔ archived closure records must be present, complete and unique (0.312333ms)
✔ duplicate F06 task or engineering summaries fail closed (0.256167ms)
✔ command entrypoint retains initial failure, then executes SQL once with verified TLS (1.479042ms)
✔ transport closure after first SQL never reconnects or replays the statement (0.181792ms)
✔ persistent initial closure fails after three closed clients without any SQL (0.175125ms)
✔ authentication initial failure is not retried (0.165167ms)
✔ permission initial failure is not retried (0.14475ms)
✔ TLS initial failure is not retried (0.1095ms)
✔ default and bounded remote development transport budgets (0.333584ms)
✔ unbounded, fractional and malformed budgets fail closed (0.123042ms)
✔ two closed initial connections are retained, closed, then the third succeeds before any statement (0.577166ms)
✔ persistent closure fails after three and retains every failure (0.791834ms)
✔ auth bootstrap failure never retries (0.152167ms)
✔ permission bootstrap failure never retries (0.105417ms)
✔ TLS bootstrap failure never retries (0.068125ms)
✔ cancel bootstrap failure never retries (0.059542ms)
✔ unknown bootstrap failure never retries (0.059ms)
✔ initial transport timeout retries but a later query error never reconnects (0.105917ms)
✔ failure to close an initial connection prevents retry (0.128583ms)
✔ budget cannot exceed three (0.226667ms)
✔ acceptance rejects missing, unfinished, reordered, semantic or unclosed attempts (2.827125ms)
✔ evidence-save failure closes the connected client and never reconnects (0.081666ms)
✔ initialization after the old 20s loop can pass only with an exact readiness response (1.489041ms)
✔ a never-ready service exhausts one bounded wall-clock budget (1.402625ms)
✔ response after deadline cannot grant readiness (0.107333ms)
✔ exited or killed services fail without waiting or probing (0.096625ms)
✔ connection failures and wrong successful HTTP status cannot pass (2.326583ms)
✔ invalid or unbounded startup budgets reject (0.105625ms)
✔ process exit during a successful probe cannot grant readiness (0.057625ms)
ℹ tests 33
ℹ suites 0
ℹ pass 33
ℹ fail 0
ℹ cancelled 0
ℹ skipped 0
ℹ todo 0
ℹ duration_ms 49.156666
