✔ all eight independently content-bound dependencies admit DEVELOPMENT only (23.417208ms)
✔ engineering aggregation preserves the sole pending user confirmation (14.783417ms)
✔ milestone rejects missing F0 (13.4785ms)
✔ milestone rejects missing PRE (13.853208ms)
✔ milestone rejects duplicate dependency (13.530291ms)
✔ milestone rejects unready F0 (12.810292ms)
✔ milestone rejects manifest bytes replaced (12.727417ms)
✔ milestone rejects digest substituted (12.586167ms)
✔ milestone rejects dependency path substituted (12.643541ms)
✔ milestone rejects dependency verdict substituted (19.402125ms)
✔ milestone rejects self manifest schema (14.005ms)
✔ milestone rejects normative change (14.703792ms)
✔ milestone rejects source input change (14.296333ms)
✔ milestone rejects unexecuted check (13.620459ms)
✔ milestone rejects missing execution time (12.673875ms)
✔ milestone rejects missing required check (12.429916ms)
✔ milestone rejects duplicate check (12.763083ms)
✔ milestone rejects wrong command (13.561208ms)
✔ milestone rejects log tampering (13.337208ms)
✔ milestone rejects rehashed prose (13.653958ms)
✔ milestone rejects external log path (13.126416ms)
✔ milestone rejects false formal acceptance (13.153291ms)
✔ milestone rejects aggregate claims database run (13.377625ms)
✔ milestone rejects hidden exclusions (13.328417ms)
✔ milestone rejects unresolved functional finding (13.481833ms)
✔ dependency validator is invoked and errors propagate (13.346792ms)
✔ fake READY cannot hide changed G0 scope (13.409042ms)
✔ arbitrary existing markdown cannot serve as a milestone receipt (0.103041ms)
✔ own arbitrary digest is rejected independently of dependency status (0.070709ms)
✔ F0 policy contains the six missing nodes and all eleven obligations (13.635208ms)
✔ production schema drift comparator rejects tables (0.159708ms)
✔ production schema drift comparator rejects columns (0.06325ms)
✔ production schema drift comparator rejects constraints (0.046542ms)
✔ production schema drift comparator rejects indexes (0.041334ms)
✔ production schema drift comparator rejects policies (0.037625ms)
✔ production schema drift comparator rejects routines (0.034417ms)
✔ production schema drift comparator rejects triggers (0.044083ms)
✔ 100-task recovery evidence cannot use 10-task diagnostic or accept P95 (1.009792ms)
✔ CI validates milestone disposition and preserves strict admission and negatives (5.438417ms)
ℹ tests 39
ℹ suites 0
ℹ pass 39
ℹ fail 0
ℹ cancelled 0
ℹ skipped 0
ℹ todo 0
ℹ duration_ms 454.470875
