
> @sumalpha/quantos@ test:development-plans /Users/anray/Documents/project/SumAlpha/QuantOS
> node --test scripts/development-plan-order-negative.mjs

✔ joint schedule is acyclic and preserves task/status boundaries (17.606875ms)
✔ restoring a complete R1 prerequisite for S2 services creates a rejected cycle (5.495416ms)
✔ research service waiting on its consumer page is rejected (4.887083ms)
✔ historical CORE:R04 to CORE:L04 probe now fails closed (4.861584ms)
✔ an early identity API cannot silently depend on later research services (6.232916ms)
✔ a provider cannot wait for the consumer frontend Gate (4.423834ms)
✔ removing S2 service admission from a core execution task is rejected (4.962167ms)
✔ S2 service Gate cannot omit TP12 advance evaluation (5.353ms)
✔ I10 cannot drop testnet service admission even if metadata is edited with it (5.835125ms)
✔ a new or existing frontend cannot skip the full provider Gate (6.0735ms)
✔ G5 cannot be marked as closing in I4 before reconciliation (5.876834ms)
✔ moving the G1 block above I1 tasks is rejected (5.307375ms)
✔ milestone cannot omit its last child while retaining a Gate summary (5.412125ms)
✔ prose-only backend dependencies cannot drift from structured prerequisites (5.593042ms)
✔ core closure mapping cannot become an implicit service alias (5.451ms)
✔ ACCEPTED checkpoint needs SHA and evidence, not only a green word (5.75925ms)
✔ accepted checkpoint evidence must resolve (2.795917ms)
✔ missing checkpoint and unknown dependency fail closed (6.902375ms)
✔ API windows cannot skip their preceding provider checkpoint (5.183375ms)
✔ UI windows cannot skip the preceding reconciliation window (5.479125ms)
✔ Web intake preserves the explicit no-model-review schema (1.716583ms)
✔ missing Web task fields still fail closed (1.517084ms)
✔ both plans must publish exactly the same stage contract (5.979875ms)
✔ changing both plans cannot defer correctness or functional deadlines to release (13.990083ms)
✔ both plans must retain every deferred release obligation (15.393125ms)
✔ tasks and checkpoints cannot omit, invent, or misclassify their stage gate (20.198208ms)
✔ release prerequisites cannot block either development or integration (11.977875ms)
✔ release gates cannot skip business closure or inherit the wrong stage (13.800708ms)
✔ historical ACCEPTED and completed tasks do not automatically become READY (10.857875ms)
✔ READY needs its own input digest and resolvable evidence (36.327834ms)
✔ unassessed stage gates cannot carry an apparent ready receipt (7.259458ms)
✔ BLOCKED retains failure evidence and digest without being counted as READY (14.623375ms)
✔ a READY chain needs READY prerequisites and its own evidence at every node (19.417958ms)
✔ stage readiness never substitutes for formal acceptance evidence (2.986334ms)
✔ release READY requires formal acceptance and all functional prerequisites (8.847083ms)
✔ core intake follows the frontend audit-report format (6.60975ms)
✔ core review summary must be unique and link to audit evidence (7.753458ms)
✔ core shared task fields and existing window must stay consistent (15.012791ms)
ℹ tests 38
ℹ suites 0
ℹ pass 38
ℹ fail 0
ℹ cancelled 0
ℹ skipped 0
ℹ todo 0
ℹ duration_ms 376.505625
