Validated 6 pinned Buf plugins and locked generation workflow.
✔ proto generation configuration is pinned and lock-preserving (36.563083ms)
✔ proto generation configuration rejects an unpinned remote plugin (35.212625ms)
✔ proto generation configuration rejects implicit dependency updates (35.784625ms)
ℹ tests 3
ℹ suites 0
ℹ pass 3
ℹ fail 0
ℹ cancelled 0
ℹ skipped 0
ℹ todo 0
ℹ duration_ms 138.643084
Extracted 50 JSON schema documents.
Validated 50 standalone JSON schemas and 11 planned domain schemas.
✔ standalone JSON schema gate passes the complete generated catalog (121.934542ms)
✔ standalone JSON schema gate rejects a missing planned domain schema (41.379083ms)
✔ standalone JSON schema gate rejects an unresolved reference (115.46275ms)
ℹ tests 3
ℹ suites 0
ℹ pass 3
ℹ fail 0
ℹ cancelled 0
ℹ skipped 0
ℹ todo 0
ℹ duration_ms 310.078292
Proto compatibility checked against e3fbdeca2d38299981e88ace277a74a01fca1baa
Proto checks passed.
