✔ Auth timeout is retained before bounded successful retry (0.515083ms)
✔ persistent login timeout remains failure after exactly three attempts (0.65175ms)
✔ Auth denial, invalid body and explicit cancellation never retry (0.13725ms)
✔ known closed login transport can retry without recording credential text (0.115625ms)
✔ login budget cannot be extended beyond three attempts (0.316542ms)
✔ only retained transport failures can precede actual login PASS (0.165792ms)
✔ missing, excessive and unfinished Auth attempts cannot establish acceptance (2.540166ms)
✔ actual-service receipt requires owned actor, confirmed session retirement and reaped PIDs (4.420667ms)
✔ F07 rejects active actor (0.535ms)
✔ F07 rejects foreign actor (0.466542ms)
✔ F07 rejects foreign tenant (0.436209ms)
✔ F07 rejects no service cleanup (0.442708ms)
✔ F07 rejects reused PID (0.41675ms)
✔ F07 rejects unconfirmed logout (0.385875ms)
✔ F07 rejects missing logout (0.432375ms)
✔ F07 rejects cleanup failure (0.420042ms)
✔ F07 rejects cleanup after receipt (0.378459ms)
✔ two closed initial connections are retained, closed, then the third succeeds before any statement (0.605708ms)
✔ persistent closure fails after three and retains every failure (0.88625ms)
✔ auth bootstrap failure never retries (0.163917ms)
✔ permission bootstrap failure never retries (0.112542ms)
✔ TLS bootstrap failure never retries (0.06575ms)
✔ cancel bootstrap failure never retries (0.058292ms)
✔ unknown bootstrap failure never retries (0.060333ms)
✔ initial transport timeout retries but a later query error never reconnects (0.112083ms)
✔ failure to close an initial connection prevents retry (0.10675ms)
✔ budget cannot exceed three (0.219667ms)
✔ acceptance rejects missing, unfinished, reordered, semantic or unclosed attempts (2.845875ms)
✔ evidence-save failure closes the connected client and never reconnects (0.117584ms)
✔ valid source and execution-bound dependency chain is READY without release signatures (42.434625ms)
✔ missing required execution (32.823458ms)
✔ failed execution (33.224084ms)
✔ wrong actual command (32.795167ms)
✔ unresolved issue (26.373667ms)
✔ wrong node (24.439792ms)
✔ missing source inventory (29.315459ms)
✔ plan scope changed (23.788416ms)
✔ outside log path (27.938041ms)
✔ wrong log digest (27.903584ms)
✔ missing dependency (26.157917ms)
✔ dependency digest substituted (27.174208ms)
✔ tampered manifest bytes are rejected (21.21825ms)
✔ changed source content is rejected despite unchanged gate digest (26.511208ms)
✔ dependency must independently be READY (25.9625ms)
✔ arbitrary log cannot masquerade as successful execution (25.166125ms)
✔ input file symlink cannot escape the repository (26.489584ms)
✔ database execution cannot be inferred from a normal local PASS (30.748791ms)
✔ Supabase target receipt verifies each compressed execution log (30.635ms)
✔ source drift during execution invalidates the original input snapshot (39.871292ms)
✔ requirement drift during execution invalidates the original input snapshot (43.481ms)
✔ controlled public development profile overrides stale values and preserves server inputs (0.131291ms)
✔ private credentials cannot be injected through a public development profile (0.099208ms)
✔ transient Auth 503 can retry only a complete target execution (0.1105ms)
✔ persistent target timeout never becomes PASS and stops at its budget (0.087333ms)
✔ semantic target failures stop without retry or PASS (0.02525ms)
✔ target retry budget cannot be unbounded (0.089ms)
✔ configured target retries require explicit attempt outcomes in the receipt (33.518708ms)
✔ three successful full builds bind output inventories (0.374125ms)
✔ reproducibility rejects only two builds (0.112083ms)
✔ reproducibility rejects missing Python build (0.130916ms)
✔ reproducibility rejects failed command (0.153708ms)
✔ reproducibility rejects different output digest (0.120917ms)
✔ reproducibility rejects substituted inventory (0.065459ms)
✔ reproducibility rejects dirty source (0.068375ms)
✔ reproducibility rejects old source (0.059125ms)
✔ development policy retains explicit build, coverage, volume and target storage obligations (0.320792ms)
✔ static make commands cannot reload .env.local or inherit target database opt-ins (0.091209ms)
✔ volume retry restarts the complete check only on a closed PostgreSQL transport (0.056959ms)
✔ volume correctness and certificate errors cannot be retried into PASS (0.03175ms)
✔ persistent database transport failure stays failed at the retry limit (0.027042ms)
✔ separate assessment snapshot preserves historical manifests and binds its own logs (34.699375ms)
✔ third-party Git link binds the actual clean checkout and rejects dirty/advanced source (156.372208ms)
✔ transient read-only preflight connection closure retries the complete target (0.103041ms)
✔ preflight permission and role failures are not transport retries (0.058166ms)
✔ persistent preflight closure exhausts three attempts without PASS (0.066959ms)
✔ component passes while missing dependency/whole release admission rejects (51.160291ms)
✔ static COMPLETED is never dependency admission (16.075459ms)
✔ READY declarations still execute strict receipt validation (15.631208ms)
✔ release handoff and dependency changes fail closed n=>n.get('RELEASE-GATE:BETA').required_scope=n.get('RELEASE-GATE:BETA').required_scope.replace(handoff,'') (14.374875ms)
✔ release handoff and dependency changes fail closed n=>n.get('RELEASE-GATE:BETA').stage_gate.stage='DEVELOPMENT' (14.350458ms)
✔ release handoff and dependency changes fail closed n=>n.get('CORE:R02').dependencies.pop() (15.053917ms)
✔ full target outcomes, cleanup and coverage bind development scope (33.173833ms)
✔ reject failed combined execution (15.666542ms)
✔ reject failed actor cleanup (11.936833ms)
✔ reject no boundary actors (14.988375ms)
✔ reject new provider run (14.139792ms)
✔ reject fresh quality claim (12.83875ms)
✔ reject engine left running (13.617333ms)
✔ reject wrong target (12.844833ms)
✔ reject release claimed (9.998041ms)
✔ reject wrong execution SHA (9.697042ms)
✔ reject missing approval (13.579125ms)
✔ reject changed source (12.265333ms)
✔ reject skipped target test (12.397416ms)
✔ reject under threshold coverage (28.526042ms)
✔ tampered nested log rejected without changing outcome labels (9.316792ms)
✔ nested path escape rejected (9.223375ms)
✔ R1 controlled policies cover the complete dependency closure (978.430959ms)
✔ R01 target and production coverage independently validate (29.296583ms)
✔ R01 reject vacuous actor cleanup (18.145625ms)
✔ R01 reject uncommitted outbox (18.264792ms)
✔ R01 reject fixture claimed as real provider (20.189708ms)
✔ R01 reject RLS failed (16.489792ms)
✔ R01 reject migration mismatched (17.986625ms)
✔ real process inventory outcome is separately required by R02 (1.004292ms)
✔ process cleanup reject leak cleaned after discovery (0.448542ms)
✔ process cleanup reject process inspection skipped (0.314458ms)
✔ process cleanup reject residual child left alive (0.342834ms)
✔ process cleanup reject failed cleanup relabeled (0.277208ms)
✔ process cleanup reject unbounded ownership scope (0.900375ms)
✔ process cleanup reject wrong source (0.332958ms)
✔ process cleanup reject missing baseline capture (0.470334ms)
✔ only repository Python with a known module and test socket is inventoried (1.021458ms)
✔ all fixture socket families including private f08 directories are recognized (0.087375ms)
✔ pre-existing processes and other assessment scopes are never owned (0.10475ms)
✔ PID reuse cannot impersonate an existing process identity (0.075542ms)
✔ real direct Python fixture is observed and terminated without a launcher orphan (1005.915667ms)
ℹ tests 117
ℹ suites 0
ℹ pass 117
ℹ fail 0
ℹ cancelled 0
ℹ skipped 0
ℹ todo 0
ℹ duration_ms 1388.294875
