
> @sumalpha/quantos@ build /Users/anray/Documents/project/SumAlpha/QuantOS
> pnpm -r build

[WARN] The "pnpm" field in package.json is no longer read by pnpm. The following keys were ignored: "pnpm.overrides", "pnpm.patchedDependencies". See https://pnpm.io/settings for the new home of each setting.
Scope: 7 of 8 workspace projects
packages/config build$ rm -rf dist && tsc --project tsconfig.build.json
packages/ui build$ rm -rf dist && tsc --project tsconfig.build.json
packages/config build: Done
packages/ui build: Done
packages/api-client build$ rm -rf dist && tsc --project tsconfig.build.json
packages/platform build$ rm -rf dist && tsc --project tsconfig.build.json
packages/platform build: Done
packages/api-client build: Done
apps/website build$ next build && node ../../scripts/pre03-build-receipt.mjs website && node ../../scripts/check-client-secrets.mjs out
packages/domain-ui build$ rm -rf dist && tsc --project tsconfig.build.json
apps/website build:    ▲ Next.js 15.5.27
apps/website build:    Creating an optimized production build ...
packages/domain-ui build: Done
apps/website build:  ✓ Compiled successfully in 1619ms
apps/website build:    Linting and checking validity of types ...
apps/website build:    Collecting page data ...
apps/website build:    Generating static pages (0/12) ...
apps/website build:    Generating static pages (3/12) 
apps/website build:    Generating static pages (6/12) 
apps/website build:    Generating static pages (9/12) 
apps/website build:  ✓ Generating static pages (12/12)
apps/website build:    Finalizing page optimization ...
apps/website build:    Collecting build traces ...
apps/website build:    Exporting (0/2) ...
apps/website build:  ✓ Exporting (2/2)
apps/website build: Route (app)                                 Size  First Load JS
apps/website build: ┌ ○ /                                      146 B         104 kB
apps/website build: ├ ○ /_not-found                          1.01 kB         105 kB
apps/website build: ├ ○ /access-request                      2.33 kB         106 kB
apps/website build: ├ ○ /architecture-security                 146 B         104 kB
apps/website build: ├ ○ /docs                                2.29 kB         106 kB
apps/website build: ├ ○ /login                                 146 B         104 kB
apps/website build: ├ ○ /product                               146 B         104 kB
apps/website build: ├ ○ /robots.txt                            146 B         104 kB
apps/website build: ├ ○ /sitemap.xml                           146 B         104 kB
apps/website build: └ ○ /use-cases                             146 B         104 kB
apps/website build: + First Load JS shared by all             104 kB
apps/website build:   ├ chunks/184-66cb13e8c916ded4.js       47.6 kB
apps/website build:   ├ chunks/acdcb40b-34a8e9b159d4ad73.js  54.3 kB
apps/website build:   └ other shared chunks (total)          1.88 kB
apps/website build: ○  (Static)  prerendered as static content
apps/website build: Client secret check PASS (40 files)
apps/website build: Done
apps/terminal build$ next build && node ../../scripts/pre03-build-receipt.mjs terminal && node ../../scripts/check-client-secrets.mjs out
apps/terminal build:    ▲ Next.js 15.5.27
apps/terminal build:    Creating an optimized production build ...
apps/terminal build:  ✓ Compiled successfully in 2.5s
apps/terminal build:    Linting and checking validity of types ...
apps/terminal build:    Collecting page data ...
apps/terminal build:    Generating static pages (0/17) ...
apps/terminal build:    Generating static pages (4/17) 
apps/terminal build:    Generating static pages (8/17) 
apps/terminal build:    Generating static pages (12/17) 
apps/terminal build:  ✓ Generating static pages (17/17)
apps/terminal build:    Finalizing page optimization ...
apps/terminal build:    Collecting build traces ...
apps/terminal build:    Exporting (0/2) ...
apps/terminal build:  ✓ Exporting (2/2)
apps/terminal build: Route (app)                                 Size  First Load JS
apps/terminal build: ┌ ○ /                                      140 B         104 kB
apps/terminal build: ├ ○ /_not-found                            140 B         104 kB
apps/terminal build: ├ ○ /access-request                      1.58 kB         151 kB
apps/terminal build: ├ ○ /auth/callback                        3.3 kB         107 kB
apps/terminal build: ├ ○ /auth/deep-link                      2.34 kB         106 kB
apps/terminal build: ├ ○ /command                             6.74 kB         130 kB
apps/terminal build: ├ ○ /login                               3.31 kB         107 kB
apps/terminal build: ├ ○ /maintenance                           140 B         104 kB
apps/terminal build: ├ ○ /mfa                                 3.05 kB         152 kB
apps/terminal build: ├ ○ /offline                             1.59 kB         105 kB
apps/terminal build: ├ ○ /settings/browser                      132 B         132 kB
apps/terminal build: ├ ○ /settings/notifications                132 B         132 kB
apps/terminal build: ├ ○ /settings/profile                      132 B         132 kB
apps/terminal build: ├ ○ /settings/security                     133 B         132 kB
apps/terminal build: └ ○ /unauthorized                        1.73 kB         106 kB
apps/terminal build: + First Load JS shared by all             104 kB
apps/terminal build:   ├ chunks/184-66cb13e8c916ded4.js       47.6 kB
apps/terminal build:   ├ chunks/acdcb40b-34a8e9b159d4ad73.js  54.3 kB
apps/terminal build:   └ other shared chunks (total)          1.91 kB
apps/terminal build: ○  (Static)  prerendered as static content
apps/terminal build: Client secret check PASS (64 files)
apps/terminal build: Done
