
> @sumalpha/quantos@ test:development-plans /Users/anray/Documents/project/SumAlpha/QuantOS
> node --test scripts/development-plan-order-negative.mjs

✔ joint schedule is acyclic and preserves task/status boundaries (17.652458ms)
✔ restoring a complete R1 prerequisite for S2 services creates a rejected cycle (5.941916ms)
✔ research service waiting on its consumer page is rejected (4.946375ms)
✔ historical CORE:R04 to CORE:L04 probe now fails closed (5.20425ms)
✔ an early identity API cannot silently depend on later research services (7.017792ms)
✔ a provider cannot wait for the consumer frontend Gate (4.823375ms)
✔ removing S2 service admission from a core execution task is rejected (5.070792ms)
✔ S2 service Gate cannot omit TP12 advance evaluation (5.565584ms)
✔ I10 cannot drop testnet service admission even if metadata is edited with it (6.427583ms)
✔ a new or existing frontend cannot skip the full provider Gate (5.760584ms)
✔ G5 cannot be marked as closing in I4 before reconciliation (5.779375ms)
✔ moving the G1 block above I1 tasks is rejected (5.253917ms)
✔ milestone cannot omit its last child while retaining a Gate summary (5.535333ms)
✔ prose-only backend dependencies cannot drift from structured prerequisites (5.529791ms)
✔ core closure mapping cannot become an implicit service alias (4.996084ms)
✔ ACCEPTED checkpoint needs SHA and evidence, not only a green word (5.507042ms)
✔ accepted checkpoint evidence must resolve (2.5625ms)
✔ missing checkpoint and unknown dependency fail closed (6.695667ms)
✔ API windows cannot skip their preceding provider checkpoint (5.025167ms)
✔ UI windows cannot skip the preceding reconciliation window (4.863625ms)
✔ Web intake preserves the explicit no-model-review schema (1.42175ms)
✔ missing Web task fields still fail closed (1.378333ms)
✔ both plans must publish exactly the same stage contract (5.284042ms)
✔ changing both plans cannot defer correctness or functional deadlines to release (14.805ms)
✔ both plans must retain every deferred release obligation (13.327542ms)
✔ tasks and checkpoints cannot omit, invent, or misclassify their stage gate (20.217083ms)
✔ release prerequisites cannot block either development or integration (11.807167ms)
✔ release gates cannot skip business closure or inherit the wrong stage (13.617833ms)
✔ historical ACCEPTED and completed tasks do not automatically become READY (11.389416ms)
✔ READY needs its own input digest and resolvable evidence (37.478167ms)
✔ unassessed stage gates cannot carry an apparent ready receipt (7.54825ms)
✔ BLOCKED retains failure evidence and digest without being counted as READY (15.314541ms)
✔ a READY chain needs READY prerequisites and its own evidence at every node (20.348667ms)
✔ stage readiness never substitutes for formal acceptance evidence (3.003542ms)
✔ release READY requires formal acceptance and all functional prerequisites (9.386458ms)
✔ core intake follows the frontend audit-report format (6.331875ms)
✔ core review summary must be unique and link to audit evidence (8.706334ms)
✔ core shared task fields and existing window must stay consistent (16.239291ms)
ℹ tests 38
ℹ suites 0
ℹ pass 38
ℹ fail 0
ℹ cancelled 0
ℹ skipped 0
ℹ todo 0
ℹ duration_ms 383.329541
