✔ valid source and execution-bound dependency chain is READY without release signatures (41.571875ms)
✔ missing required execution (32.455792ms)
✔ failed execution (32.418167ms)
✔ wrong actual command (30.71375ms)
✔ unresolved issue (26.1595ms)
✔ wrong node (25.848042ms)
✔ missing source inventory (28.576833ms)
✔ plan scope changed (31.786875ms)
✔ outside log path (26.256375ms)
✔ wrong log digest (26.5305ms)
✔ missing dependency (26.198541ms)
✔ dependency digest substituted (25.78525ms)
✔ tampered manifest bytes are rejected (19.844625ms)
✔ changed source content is rejected despite unchanged gate digest (25.84575ms)
✔ dependency must independently be READY (25.026875ms)
✔ arbitrary log cannot masquerade as successful execution (24.720458ms)
✔ input file symlink cannot escape the repository (23.537209ms)
✔ database execution cannot be inferred from a normal local PASS (29.034ms)
✔ Supabase target receipt verifies each compressed execution log (30.1965ms)
✔ source drift during execution invalidates the original input snapshot (38.620875ms)
✔ requirement drift during execution invalidates the original input snapshot (42.002584ms)
✔ controlled public development profile overrides stale values and preserves server inputs (0.116334ms)
✔ private credentials cannot be injected through a public development profile (0.090666ms)
✔ transient Auth 503 can retry only a complete target execution (0.0945ms)
✔ persistent target timeout never becomes PASS and stops at its budget (0.076583ms)
✔ semantic target failures stop without retry or PASS (0.023291ms)
✔ target retry budget cannot be unbounded (0.08575ms)
✔ configured target retries require explicit attempt outcomes in the receipt (30.417458ms)
✔ three successful full builds bind output inventories (0.346209ms)
✔ reproducibility rejects only two builds (0.106959ms)
✔ reproducibility rejects missing Python build (0.13ms)
✔ reproducibility rejects failed command (0.131416ms)
✔ reproducibility rejects different output digest (0.090791ms)
✔ reproducibility rejects substituted inventory (0.069083ms)
✔ reproducibility rejects dirty source (0.056166ms)
✔ reproducibility rejects old source (0.059834ms)
✔ development policy retains explicit build, coverage, volume and target storage obligations (0.306833ms)
✔ static make commands cannot reload .env.local or inherit target database opt-ins (0.082792ms)
✔ volume retry restarts the complete check only on a closed PostgreSQL transport (0.056292ms)
✔ volume correctness and certificate errors cannot be retried into PASS (0.030625ms)
✔ persistent database transport failure stays failed at the retry limit (0.024791ms)
✔ separate assessment snapshot preserves historical manifests and binds its own logs (29.661458ms)
✔ third-party Git link binds the actual clean checkout and rejects dirty/advanced source (150.042125ms)
✔ retained facts grant internal research only, without a new ingestion window (1.21725ms)
✔ revoked scope cannot authorize retained source consumption (0.601709ms)
✔ expired scope cannot authorize retained source consumption (0.238541ms)
✔ extended window cannot authorize retained source consumption (0.211583ms)
✔ expanded symbol cannot authorize retained source consumption (0.408208ms)
✔ commercial purpose cannot authorize retained source consumption (0.730791ms)
✔ removed trading exclusion cannot authorize retained source consumption (0.306584ms)
✔ license label substituted cannot authorize retained source consumption (0.239709ms)
✔ different approval version cannot authorize retained source consumption (0.213291ms)
✔ fixture receipt cannot authorize retained source consumption (0.233625ms)
✔ early exit receipt cannot authorize retained source consumption (0.19925ms)
✔ active historical actor cannot authorize retained source consumption (0.178625ms)
✔ extend expiry under same scope ID rejects without replacing historical authorization (0.475916ms)
✔ expand permissions under same scope ID rejects without replacing historical authorization (0.211ms)
✔ component passes while missing dependency/whole release admission rejects (52.574666ms)
✔ static COMPLETED is never dependency admission (15.287875ms)
✔ READY declarations still execute strict receipt validation (15.963209ms)
✔ release handoff and dependency changes fail closed n=>n.get('RELEASE-GATE:BETA').required_scope=n.get('RELEASE-GATE:BETA').required_scope.replace(handoff,'') (13.931625ms)
✔ release handoff and dependency changes fail closed n=>n.get('RELEASE-GATE:BETA').stage_gate.stage='DEVELOPMENT' (14.39525ms)
✔ release handoff and dependency changes fail closed n=>n.get('CORE:R02').dependencies.pop() (14.486667ms)
✔ full target outcomes, cleanup and coverage bind development scope (28.287167ms)
✔ reject failed combined execution (14.904667ms)
✔ reject failed actor cleanup (12.322375ms)
✔ reject no boundary actors (13.260584ms)
✔ reject new provider run (13.002542ms)
✔ reject fresh quality claim (13.98325ms)
✔ reject engine left running (13.295375ms)
✔ reject wrong target (12.463834ms)
✔ reject release claimed (9.4545ms)
✔ reject wrong execution SHA (10.817541ms)
✔ reject missing approval (14.874209ms)
✔ reject changed source (12.5225ms)
✔ reject skipped target test (12.910166ms)
✔ reject under threshold coverage (28.037875ms)
✔ tampered nested log rejected without changing outcome labels (9.489292ms)
✔ nested path escape rejected (9.363084ms)
✔ R1 controlled policies cover the complete dependency closure (901.345333ms)
✔ R01 target and production coverage independently validate (32.908833ms)
✔ R01 reject vacuous actor cleanup (20.324375ms)
✔ R01 reject uncommitted outbox (20.035667ms)
✔ R01 reject fixture claimed as real provider (18.651125ms)
✔ R01 reject RLS failed (20.976375ms)
✔ R01 reject migration mismatched (18.885333ms)
✔ real process inventory outcome is separately required by R02 (1.036875ms)
✔ process cleanup reject leak cleaned after discovery (0.479334ms)
✔ process cleanup reject process inspection skipped (0.373458ms)
✔ process cleanup reject residual child left alive (0.39125ms)
✔ process cleanup reject failed cleanup relabeled (0.348917ms)
✔ process cleanup reject unbounded ownership scope (0.909875ms)
✔ process cleanup reject wrong source (0.364875ms)
✔ process cleanup reject missing baseline capture (0.466459ms)
✔ initialization after the old 20s loop can pass only with an exact readiness response (1.393958ms)
✔ a never-ready service exhausts one bounded wall-clock budget (1.36375ms)
✔ response after deadline cannot grant readiness (0.090167ms)
✔ exited or killed services fail without waiting or probing (0.083375ms)
✔ connection failures and wrong successful HTTP status cannot pass (2.284125ms)
✔ invalid or unbounded startup budgets reject (0.10025ms)
✔ process exit during a successful probe cannot grant readiness (0.054625ms)
✔ only repository Python with a known module and test socket is inventoried (1.017583ms)
✔ all fixture socket families including private f08 directories are recognized (0.077584ms)
✔ pre-existing processes and other assessment scopes are never owned (0.107167ms)
✔ PID reuse cannot impersonate an existing process identity (0.067292ms)
✔ real direct Python fixture is observed and terminated without a launcher orphan (1042.7715ms)
ℹ tests 106
ℹ suites 0
ℹ pass 106
ℹ fail 0
ℹ cancelled 0
ℹ skipped 0
ℹ todo 0
ℹ duration_ms 1314.501875
