
> @sumalpha/quantos@ test:development-plans /Users/anray/Documents/project/SumAlpha/QuantOS
> node --test scripts/development-plan-order-negative.mjs

✔ joint schedule is acyclic and preserves task/status boundaries (11.886125ms)
✔ restoring a complete R1 prerequisite for S2 services creates a rejected cycle (5.859666ms)
✔ research service waiting on its consumer page is rejected (4.572125ms)
✔ historical CORE:R04 to CORE:L04 probe now fails closed (4.363208ms)
✔ an early identity API cannot silently depend on later research services (5.618541ms)
✔ a provider cannot wait for the consumer frontend Gate (4.056791ms)
✔ removing S2 service admission from a core execution task is rejected (4.391292ms)
✔ S2 service Gate cannot omit TP12 advance evaluation (4.793709ms)
✔ I10 cannot drop testnet service admission even if metadata is edited with it (4.985458ms)
✔ a new or existing frontend cannot skip the full provider Gate (5.168709ms)
✔ G5 cannot be marked as closing in I4 before reconciliation (5.021542ms)
✔ moving the G1 block above I1 tasks is rejected (4.774458ms)
✔ milestone cannot omit its last child while retaining a Gate summary (5.109958ms)
✔ prose-only backend dependencies cannot drift from structured prerequisites (4.956709ms)
✔ core closure mapping cannot become an implicit service alias (4.761ms)
✔ ACCEPTED checkpoint needs SHA and evidence, not only a green word (5.09625ms)
✔ accepted checkpoint evidence must resolve (2.559375ms)
✔ missing checkpoint and unknown dependency fail closed (6.224709ms)
✔ API windows cannot skip their preceding provider checkpoint (4.71775ms)
✔ UI windows cannot skip the preceding reconciliation window (4.665417ms)
✔ Web intake preserves the explicit no-model-review schema (1.378292ms)
✔ missing Web task fields still fail closed (1.353958ms)
✔ both plans must publish exactly the same stage contract (5.158875ms)
✔ changing both plans cannot defer correctness or functional deadlines to release (12.58175ms)
✔ both plans must retain every deferred release obligation (12.7255ms)
✔ tasks and checkpoints cannot omit, invent, or misclassify their stage gate (19.226292ms)
✔ release prerequisites cannot block either development or integration (11.353375ms)
✔ release gates cannot skip business closure or inherit the wrong stage (13.100375ms)
✔ historical ACCEPTED and completed tasks do not automatically become READY (5.349417ms)
✔ READY needs its own input digest and resolvable evidence (28.814625ms)
✔ unassessed stage gates cannot carry an apparent ready receipt (6.6915ms)
✔ BLOCKED retains failure evidence and digest without being counted as READY (8.478958ms)
✔ a READY chain needs READY prerequisites and its own evidence at every node (12.8565ms)
✔ stage readiness never substitutes for formal acceptance evidence (2.654417ms)
✔ release READY requires formal acceptance and all functional prerequisites (8.334625ms)
ℹ tests 35
ℹ suites 0
ℹ pass 35
ℹ fail 0
ℹ cancelled 0
ℹ skipped 0
ℹ todo 0
ℹ duration_ms 291.607583
