
> @sumalpha/quantos@ check:p0 /Users/anray/Documents/project/SumAlpha/QuantOS
> node scripts/check-p0-acceptance.mjs

{
  "schema": "quantos-p0-verification/v1",
  "status": "FAIL",
  "sourceCommit": "e1ab4a9a1173c63f8163bc953900c5d6a0bcfa8d",
  "admission": "NONE",
  "failures": [
    "missing receipt or source SHA mismatch",
    "receipt must be a clean PASS",
    "P0 must only admit A1",
    "explicit validated environment required",
    "all three audit findings must be closed",
    "sixteen unique passing controls required",
    "same-SHA F06 target acceptance required",
    "check inventory mismatch",
    "missing or failed check: bootstrap",
    "missing or failed check: pre01",
    "missing or failed check: pre01-negative",
    "missing or failed check: pre02",
    "missing or failed check: pre02-negative",
    "missing or failed check: pre04-negative",
    "missing or failed check: pre05-negative",
    "missing or failed check: plan-negative",
    "missing or failed check: pre06",
    "missing or failed check: pre06-negative",
    "missing or failed check: contract",
    "missing or failed check: sabotage",
    "missing or failed check: visual-inventory",
    "missing or failed check: visual-linux",
    "missing or failed check: visual-darwin",
    "missing or failed check: generated",
    "missing or failed check: contract-coverage",
    "missing or failed check: pre04",
    "missing or failed check: pre05",
    "missing or failed check: lint",
    "missing or failed check: typecheck",
    "missing or failed check: unit",
    "missing or failed check: web-coverage",
    "missing or failed check: plans",
    "missing or failed check: browser-install-inventory",
    "missing or failed check: build-website",
    "missing or failed check: build-terminal",
    "missing or failed check: storybook",
    "missing or failed check: pre03",
    "missing or failed check: pre03-negative",
    "missing or failed check: client-secrets",
    "missing or failed check: perf-terminal",
    "missing or failed check: perf-website",
    "missing or failed check: terminal-chromium",
    "missing or failed check: terminal-firefox",
    "missing or failed check: terminal-webkit",
    "missing or failed check: website-chromium",
    "missing or failed check: website-firefox",
    "missing or failed check: website-webkit",
    "execution-negative evidence missing or not rejected"
  ]
}
 ELIFECYCLE  Command failed with exit code 1.
