
> @sumalpha/quantos@ test:provider-a1 /Users/anray/Documents/project/SumAlpha/QuantOS
> node --test scripts/provider-a1-receipts.test.mjs

✔ valid source and execution-bound dependency chain is READY without release signatures (40.338292ms)
✔ missing required execution (28.586334ms)
✔ failed execution (25.924916ms)
✔ wrong actual command (27.17075ms)
✔ unresolved issue (22.445125ms)
✔ wrong node (21.750292ms)
✔ missing source inventory (26.648834ms)
✔ plan scope changed (21.241667ms)
✔ outside log path (25.470334ms)
✔ wrong log digest (25.484542ms)
✔ missing dependency (27.445125ms)
✔ dependency digest substituted (27.849167ms)
✔ tampered manifest bytes are rejected (20.65925ms)
✔ changed source content is rejected despite unchanged gate digest (25.853958ms)
✔ dependency must independently be READY (25.373958ms)
✔ arbitrary log cannot masquerade as successful execution (26.0215ms)
✔ input file symlink cannot escape the repository (25.77675ms)
✔ database execution cannot be inferred from a normal local PASS (29.482083ms)
✔ Supabase target receipt verifies each compressed execution log (29.619625ms)
✔ source drift during execution invalidates the original input snapshot (38.799791ms)
✔ requirement drift during execution invalidates the original input snapshot (40.919208ms)
✔ controlled public development profile overrides stale values and preserves server inputs (0.118083ms)
✔ private credentials cannot be injected through a public development profile (0.084834ms)
✔ transient Auth 503 can retry only a complete target execution (0.089584ms)
✔ persistent target timeout never becomes PASS and stops at its budget (0.067834ms)
✔ semantic target failures stop without retry or PASS (0.023458ms)
✔ target retry budget cannot be unbounded (0.081916ms)
✔ configured target retries require explicit attempt outcomes in the receipt (29.788042ms)
✔ three successful full builds bind output inventories (0.345792ms)
✔ reproducibility rejects only two builds (0.087084ms)
✔ reproducibility rejects missing Python build (0.122208ms)
✔ reproducibility rejects failed command (0.136833ms)
✔ reproducibility rejects different output digest (0.105458ms)
✔ reproducibility rejects substituted inventory (0.074458ms)
✔ reproducibility rejects dirty source (0.190583ms)
✔ reproducibility rejects old source (0.062542ms)
✔ development policy retains explicit build, coverage, volume and target storage obligations (0.272041ms)
✔ static make commands cannot reload .env.local or inherit target database opt-ins (0.080584ms)
✔ volume retry restarts the complete check only on a closed PostgreSQL transport (0.050708ms)
✔ volume correctness and certificate errors cannot be retried into PASS (0.030208ms)
✔ persistent database transport failure stays failed at the retry limit (0.02425ms)
ℹ tests 41
ℹ suites 0
ℹ pass 41
ℹ fail 0
ℹ cancelled 0
ℹ skipped 0
ℹ todo 0
ℹ duration_ms 655.509041
