
> @sumalpha/quantos@ test:p0 /Users/anray/Documents/project/SumAlpha/QuantOS
> node --test scripts/p0-acceptance-negative.mjs

✔ complete synthetic acceptance satisfies the receipt schema only (1.44225ms)
✔ missing receipt is rejected (0.355625ms)
✔ old SHA is rejected (0.581209ms)
✔ FAIL receipt is rejected (0.58725ms)
✔ missing check is rejected (0.607ms)
✔ duplicate check is rejected (0.854625ms)
✔ fake command is rejected (0.544292ms)
✔ failed command is rejected (0.459792ms)
✔ corrupted log is rejected (0.47525ms)
✔ URL instead of artifact is rejected (0.970125ms)
✔ missing F06 is rejected (0.708709ms)
✔ old F06 is rejected (0.481917ms)
✔ incomplete PRE is rejected (0.557333ms)
✔ unrejected mutation is rejected (0.445042ms)
✔ extra admission is rejected (0.609166ms)
✔ unclosed control is rejected (0.39725ms)
ℹ tests 16
ℹ suites 0
ℹ pass 16
ℹ fail 0
ℹ cancelled 0
ℹ skipped 0
ℹ todo 0
ℹ duration_ms 46.36275
