
> @sumalpha/quantos@ test:development-plans /Users/anray/Documents/project/SumAlpha/QuantOS
> node --test scripts/development-plan-order-negative.mjs

✔ joint schedule is acyclic and preserves task/status boundaries (10.535875ms)
✔ restoring a complete R1 prerequisite for S2 services creates a rejected cycle (5.079584ms)
✔ research service waiting on its consumer page is rejected (4.6065ms)
✔ historical CORE:R04 to CORE:L04 probe now fails closed (4.372584ms)
✔ an early identity API cannot silently depend on later research services (6.231667ms)
✔ a provider cannot wait for the consumer frontend Gate (4.302ms)
✔ removing S2 service admission from a core execution task is rejected (4.6625ms)
✔ S2 service Gate cannot omit TP12 advance evaluation (4.720083ms)
✔ I10 cannot drop testnet service admission even if metadata is edited with it (5.1285ms)
✔ a new or existing frontend cannot skip the full provider Gate (5.531084ms)
✔ G5 cannot be marked as closing in I4 before reconciliation (4.984125ms)
✔ moving the G1 block above I1 tasks is rejected (4.8645ms)
✔ milestone cannot omit its last child while retaining a Gate summary (5.159625ms)
✔ prose-only backend dependencies cannot drift from structured prerequisites (5.127333ms)
✔ core closure mapping cannot become an implicit service alias (4.633292ms)
✔ ACCEPTED checkpoint needs SHA and evidence, not only a green word (5.035041ms)
✔ accepted checkpoint evidence must resolve (2.490625ms)
✔ missing checkpoint and unknown dependency fail closed (6.243292ms)
✔ API windows cannot skip their preceding provider checkpoint (4.54425ms)
✔ UI windows cannot skip the preceding reconciliation window (4.619041ms)
✔ Web intake preserves the explicit no-model-review schema (1.352333ms)
✔ missing Web task fields still fail closed (1.47025ms)
✔ both plans must publish exactly the same stage contract (4.870333ms)
✔ changing both plans cannot defer correctness or functional deadlines to release (12.107083ms)
✔ both plans must retain every deferred release obligation (13.617291ms)
✔ tasks and checkpoints cannot omit, invent, or misclassify their stage gate (18.364417ms)
✔ release prerequisites cannot block either development or integration (11.430334ms)
✔ release gates cannot skip business closure or inherit the wrong stage (13.505291ms)
✔ historical ACCEPTED and completed tasks do not automatically become READY (5.390916ms)
✔ READY needs its own input digest and resolvable evidence (29.24525ms)
✔ unassessed stage gates cannot carry an apparent ready receipt (6.9785ms)
✔ BLOCKED retains failure evidence and digest without being counted as READY (8.938833ms)
✔ a READY chain needs READY prerequisites and its own evidence at every node (13.289083ms)
✔ stage readiness never substitutes for formal acceptance evidence (2.77675ms)
✔ release READY requires formal acceptance and all functional prerequisites (8.477166ms)
ℹ tests 35
ℹ suites 0
ℹ pass 35
ℹ fail 0
ℹ cancelled 0
ℹ skipped 0
ℹ todo 0
ℹ duration_ms 292.073834
