
> @sumalpha/quantos@ test:pre06 /Users/anray/Documents/project/SumAlpha/QuantOS
> node --test scripts/pre06-gate-negative.mjs scripts/pre06-runtime-negative.mjs

✔ current PRE-06 Web baseline passes (25.169291ms)
✔ website browser Gate deletion is rejected (9.93075ms)
✔ Desktop coupling in phase-one compatibility is rejected (7.699834ms)
✔ Desktop deep-link inclusion in phase-one Terminal is rejected (7.169167ms)
✔ generated operation coverage drift is rejected (6.314541ms)
✔ visual baseline integrity failure is rejected (5.918125ms)
✔ performance budget weakening is rejected (5.252584ms)
✔ disabled CI steps and comment-only commands are rejected (16.116625ms)
✔ contract assertion deletion and visual comparison deletion fail closed (9.374417ms)
✔ website performance and critical coverage gates cannot be removed (10.592542ms)
✔ CI retry policy must reject flaky outcomes and archive failure evidence (10.014375ms)
✔ comments cannot restore weakened budget or critical coverage policy (14.673ms)
✔ skipped suites and inactive screenshot assertions cannot satisfy the baseline (34.971625ms)
✔ critical contract callbacks cannot return early, hide assertions, or remove runtime counting (22.051375ms)
✔ unknown and corrupted fixtures are rejected, explicit sabotage fixtures remain expected failures (31.628417ms)
✔ empty assets and empty route manifest are never a zero-sized performance PASS (29.273ms)
✔ actual CI configs return nonzero for first-fail-then-pass policy probe (1277.695708ms)
ℹ tests 17
ℹ suites 0
ℹ pass 17
ℹ fail 0
ℹ cancelled 0
ℹ skipped 0
ℹ todo 0
ℹ duration_ms 1389.976958
