
> @sumalpha/quantos@ test:bff-fe-007 /Users/anray/Documents/project/SumAlpha/QuantOS
> node --test scripts/bff-fe-007-gate-negative.mjs

✔ current BFF-FE-007 repository Gate passes (0.715208ms)
✔ redaction attestation deletion is rejected (1.43525ms)
✔ evidence cursor deletion is rejected (1.129292ms)
✔ export capability regression is rejected (1.004625ms)
✔ CSRF deletion is rejected (0.994458ms)
✔ recent-auth deletion is rejected (0.950792ms)
✔ idempotency deletion is rejected (0.931167ms)
✔ expired download response deletion is rejected (0.970541ms)
✔ download URL leakage through status is rejected (0.946916ms)
✔ watermark deletion is rejected (1.17675ms)
✔ dependency regression is rejected (0.203041ms)
ℹ tests 11
ℹ suites 0
ℹ pass 11
ℹ fail 0
ℹ cancelled 0
ℹ skipped 0
ℹ todo 0
ℹ duration_ms 103.999666
