   Compiling futures-core v0.3.34
   Compiling find-msvc-tools v0.1.11
   Compiling futures-sink v0.3.34
   Compiling futures-task v0.3.34
   Compiling futures-io v0.3.34
   Compiling syn v3.0.3
   Compiling http v1.5.0
   Compiling litemap v0.8.3
   Compiling writeable v0.6.4
   Compiling icu_normalizer_data v2.3.0
   Compiling tinyvec v1.13.3
   Compiling icu_properties_data v2.3.0
   Compiling ipnet v2.12.1
   Compiling rand v0.10.3
   Compiling cc v1.4.3
   Compiling tokio-util v0.7.19
   Compiling futures-channel v0.3.34
   Compiling sync_wrapper v1.0.2
   Compiling thiserror v2.0.20
   Compiling regex-automata v0.4.18
   Compiling unicode-normalization v0.1.25
   Compiling async-stream v0.3.6
   Compiling http-body v1.1.0
   Compiling tokio-stream v0.1.19
   Compiling aho-corasick v1.1.5
   Compiling serde_derive v1.0.229
   Compiling futures-macro v0.3.34
   Compiling zerovec-derive v0.11.5
   Compiling displaydoc v0.2.7
   Compiling cmake v0.1.58
   Compiling async-trait v0.1.91
   Compiling h2 v0.4.16
   Compiling stringprep v0.1.5
   Compiling http-body-util v0.1.4
   Compiling openssl-sys v0.9.117
   Compiling thiserror-impl v2.0.20
   Compiling regex v1.13.1
   Compiling serde v1.0.229
   Compiling futures-util v0.3.34
   Compiling zerovec v0.11.8
   Compiling aws-lc-sys v0.44.0
   Compiling postgres-protocol v0.6.12
   Compiling zerotrie v0.2.5
   Compiling prost-build v0.13.5
   Compiling openssl v0.10.81
   Compiling tokio-openssl v0.6.5
   Compiling hyper v1.11.0
   Compiling pbjson-types v0.7.0
   Compiling chrono v0.4.45
   Compiling rust_decimal v1.42.1
   Compiling serde_urlencoded v0.7.1
   Compiling pbjson v0.7.0
   Compiling aws-lc-rs v1.18.0
   Compiling tinystr v0.8.4
   Compiling potential_utf v0.1.6
   Compiling rustls v0.23.45
   Compiling hyper-util v0.1.20
   Compiling tower v0.5.3
   Compiling axum-core v0.4.5
   Compiling tower v0.4.13
   Compiling postgres-types v0.2.14
   Compiling quantos-core v0.1.0 (/Users/anray/Documents/project/SumAlpha/QuantOS/crates/quantos-core)
   Compiling icu_collections v2.3.0
   Compiling icu_locale_core v2.3.0
   Compiling hyper-timeout v0.5.2
   Compiling tokio-postgres v0.7.18
   Compiling quantos-policy v0.1.0 (/Users/anray/Documents/project/SumAlpha/QuantOS/crates/quantos-policy)
   Compiling rustls-webpki v0.103.15
   Compiling icu_provider v2.3.0
   Compiling icu_properties v2.3.0
   Compiling icu_normalizer v2.3.0
   Compiling idna_adapter v1.2.2
   Compiling axum v0.7.9
   Compiling postgres-native-tls v0.5.3
   Compiling postgres v0.19.14
   Compiling postgres-openssl v0.5.3
   Compiling tokio-rustls v0.26.5
   Compiling rustls-platform-verifier v0.7.0
   Compiling idna v1.1.0
   Compiling hyper-rustls v0.27.10
   Compiling url v2.5.8
   Compiling tonic v0.12.3
   Compiling tower-http v0.6.11
   Compiling quantos-event v0.1.0 (/Users/anray/Documents/project/SumAlpha/QuantOS/crates/quantos-event)
   Compiling quantos-proto v0.1.0 (/Users/anray/Documents/project/SumAlpha/QuantOS/crates/quantos-proto)
   Compiling reqwest v0.13.4
   Compiling quantos-engine-manager v0.1.0 (/Users/anray/Documents/project/SumAlpha/QuantOS/crates/quantos-engine-manager)
   Compiling quantos-storage v0.1.0 (/Users/anray/Documents/project/SumAlpha/QuantOS/crates/quantos-storage)
   Compiling quantos-auth v0.1.0 (/Users/anray/Documents/project/SumAlpha/QuantOS/crates/quantos-auth)
   Compiling quantos-runtime v0.1.0 (/Users/anray/Documents/project/SumAlpha/QuantOS/crates/quantos-runtime)
   Compiling quantos-observability v0.1.0 (/Users/anray/Documents/project/SumAlpha/QuantOS/crates/quantos-observability)
   Compiling bff-gateway v0.1.0 (/Users/anray/Documents/project/SumAlpha/QuantOS/services/bff-gateway)
   Compiling quantos-bff007-audit-probes v0.1.0 (/private/tmp/quantos-bff007-review-probes)
warning: constant `VIEWER_COOKIE` is never used
  --> src/main.rs:13:7
   |
13 | const VIEWER_COOKIE: &str =
   |       ^^^^^^^^^^^^^
   |
   = note: `#[warn(dead_code)]` (part of `#[warn(unused)]`) on by default

warning: constant `EXPIRED_EXPORT` is never used
  --> src/main.rs:18:7
   |
18 | const EXPIRED_EXPORT: &str = "eeeeeeee-1111-4111-8111-111111111111";
   |       ^^^^^^^^^^^^^^

warning: function `viewer` is never used
  --> src/main.rs:40:4
   |
40 | fn viewer(method: &str, path: &str) -> Request<Body> {
   |    ^^^^^^

warning: `quantos-bff007-audit-probes` (bin "quantos-bff007-audit-probes") generated 3 warnings
    Finished `dev` profile [unoptimized + debuginfo] target(s) in 1m 03s
     Running `target/debug/quantos-bff007-audit-probes`
