✔ current BFF-FE-000 repository Gate passes (4.048166ms)
✔ missing phase-one page mapping is rejected (2.110958ms)
✔ published operation drift is rejected (3.839208ms)
✔ planned operation traceability deletion is rejected (1.924292ms)
✔ shared idempotency baseline deletion is rejected (2.777042ms)
✔ dependency regression is rejected (1.555291ms)
✔ error correlation header deletion is rejected (2.378792ms)
✔ generated Zod export deletion is rejected (1.84825ms)
✔ missing staging permits development readiness and never claims formal acceptance (1.412041ms)
✔ stage deferral cannot bypass engineering failures, final receipt requirements or unknown stages (0.068458ms)
✔ final review command cannot be rewired to the development stage (6.797875ms)
✔ current semantic A1 gate passes (3.463584ms)
✔ rejects cookie semantic regression (2.803ms)
✔ rejects idempotency semantic regression (2.980917ms)
✔ rejects sort semantic regression (3.233625ms)
✔ rejects page semantic regression (2.536125ms)
✔ rejects ci semantic regression (2.515959ms)
✔ rejects decimal semantic regression (3.21225ms)
✔ rejects version semantic regression (2.714708ms)
✔ rejects csrf semantic regression (2.399042ms)
✔ exact registered security correction is accepted only within its window (12.105791ms)
✔ unregistered breaking type, enum or missing baseline fails closed (24.343ms)
✔ new required parameters and constraints cannot silently bypass compatibility (0.946167ms)
✔ absent, invented and reference-only staging receipts never close A1 (0.48425ms)
✔ final receipt requires technical evidence plus one input-bound user confirmation (1.095916ms)
✔ optional property within an existing allOf is additive, required changes are rejected (0.109458ms)
ℹ tests 26
ℹ suites 0
ℹ pass 26
ℹ fail 0
ℹ cancelled 0
ℹ skipped 0
ℹ todo 0
ℹ duration_ms 171.650667
