✔ formal gate rejects zero, one, two and noninteger runs (0.385875ms)
✔ all binaries participate in digest and omitted binary fails (2.977084ms)
✔ extra binary, missing wheel and stale/empty Web cannot pass output inventory (2.434167ms)
✔ manifest inventory cannot omit or add members (0.064ms)
✔ dirty and untracked source rejected (64.609375ms)
✔ deleted module README is rejected (2.375833ms)
✔ wrong uv version fails toolchain preflight (17.9815ms)
✔ invalid locks fail real lock entrypoint (56.855208ms)
✔ Terminal default lint rejects a page TSX violation (891.811209ms)
✔ invalid run revokes old successful receipt (25.029166ms)
✔ Cargo manifest drift is rejected by actual lock gate (586.178291ms)
✔ uv manifest drift is rejected by actual lock gate (629.217417ms)
✔ pnpm manifest drift is rejected by actual lock gate (857.872625ms)
✔ malformed Buf lock is rejected by actual lock gate (656.419458ms)
✔ broken Desktop is outside phase-one pnpm frozen check (305.451125ms)
✔ uv output marker is metadata, other unexpected files still fail (2.269417ms)
✔ build-only tool is required in output inventory without becoming a runtime binary (2.170542ms)
✔ pnpm frozen check rejects missing or changed patch bytes (651.407ms)
✔ pnpm patch cannot read outside the repository (139.802458ms)
ℹ tests 19
ℹ suites 0
ℹ pass 19
ℹ fail 0
ℹ cancelled 0
ℹ skipped 0
ℹ todo 0
ℹ duration_ms 4933.069334
