node --test scripts/f02-gate-negative.mjs scripts/f02-a11-gate-negative.mjs scripts/playwright-git-history.test.mjs
✔ complete Linux matrix passes; deletion and pixel tampering fail (395.88575ms)
✔ acceptance never updates snapshots or skips missing snapshots (0.542583ms)
✔ only main signing and verification jobs receive the signing environment (9.854625ms)
✔ signing policy rejects missing protection, wildcards, tags and extra branches (0.189291ms)
✔ candidate import rejects tampering and stale source before writing, then imports the reviewed matrix (374.649292ms)
✔ required download check rejects skipped or failed event-specific verification (23.303042ms)
✔ PR receipts bind the checked out head while main signing stays on the event SHA (3.36625ms)
Verified 2 release files for aaaaaaaaaaaaaaaaaaaaaaaaaaaaaaaaaaaaaaaa
Verified 2 release files for aaaaaaaaaaaaaaaaaaaaaaaaaaaaaaaaaaaaaaaa
✔ real Gitleaks positive control and GitHub/Slack leaks (1624.613958ms)
✔ historical digest exceptions do not waive fresh credentials in audit JSON (1125.922916ms)
✔ RLS baseline rejects policy deletion and late disabling with recovery (184.343875ms)
✔ RLS preflight recognizes the actual ten-table A2 migration and rejects incomplete loops (140.578625ms)
✔ RLS preflight expands audit export permissions without treating grants as RLS (133.886417ms)
✔ RLS literal loops preserve late disabling, NO FORCE and policy deletion (131.814916ms)
✔ RLS preflight cannot count conditional loops, comments, literals or function bodies as execution (150.427875ms)
✔ quoted SQL examples inside expanded policy expressions cannot enable RLS (22.489333ms)
✔ migration filename control, rejection and recovery (14.592625ms)
✔ waivers only authorize exact advisory/ecosystem/package/version before expiry (1.070708ms)
✔ license expression policy does not globally allow LGPL or unknown licenses (0.341916ms)
✔ release binds complete payload and SBOM to source; rejects corruption and build-only native files (2.943041ms)
✔ Buf compares against distinct historical source and detects removed fields (618.0025ms)
✔ SCA scanner adapter consumes exact waivers and never waives scanner failures (898.573917ms)
✔ Playwright PR reporting preserves complete history for downstream security scans (1627.354541ms)
ℹ tests 22
ℹ suites 0
ℹ pass 22
ℹ fail 0
ℹ cancelled 0
ℹ skipped 0
ℹ todo 0
ℹ duration_ms 5092.709792
