
running 8 tests
test batched_success_rolls_back_when_either_lease_token_changes ... ok
test correlation_queries_are_tenant_scoped_and_append_only_tables_reject_mutation ... FAILED
test postgres_inbox_receipt_only_allows_one_side_effect_across_thousand_delivery_attempts ... ok
test postgres_polling_claims_with_skip_locked_and_recovers_after_lease_expiry ... ok
test postgres_polling_worker_compensates_for_realtime_misses_and_replays_by_correlation ... ok
test postgres_polling_worker_dead_letters_poison_events_after_retry_budget ... ok
test postgres_rejects_invalid_appends_and_recovers_busy_and_duplicate_receipts ... ok
test stale_outbox_and_inbox_lease_tokens_cannot_commit_after_reclaim ... ok

failures:

---- correlation_queries_are_tenant_scoped_and_append_only_tables_reject_mutation stdout ----

thread 'correlation_queries_are_tenant_scoped_and_append_only_tables_reject_mutation' (3436840) panicked at crates/quantos-event/tests/postgres_persistence.rs:772:10:
tenant B event appends: Postgres(Error { kind: Closed, cause: None })
note: run with `RUST_BACKTRACE=1` environment variable to display a backtrace


failures:
    correlation_queries_are_tenant_scoped_and_append_only_tables_reject_mutation

test result: FAILED. 7 passed; 1 failed; 0 ignored; 0 measured; 3 filtered out; finished in 759.98s

    Finished `test` profile [unoptimized + debuginfo] target(s) in 0.07s
     Running tests/postgres_persistence.rs (target/debug/deps/postgres_persistence-bb6a3adedd004446)
error: test failed, to rerun pass `-p quantos-event --test postgres_persistence`
