cargo fmt --check
cargo clippy -p quantos-engine-manager --all-targets --locked -- -D warnings
cargo test -p quantos-engine-manager --locked

running 8 tests
test durable::tests::world_readable_state_directory_is_rejected ... ok
test durable::tests::corrupt_ledger_fails_closed ... ok
test tests::review_manifest_rejects_duplicate_capabilities ... ok
test tests::remaining_time_rejects_expired_deadlines ... ok
test tests::approval_fails_closed_on_unsigned_or_modified_manifest ... ok
test tests::signed_route_policy_and_reregistration_fail_closed ... ok
test durable::tests::pending_key_is_exclusive_and_completed_result_survives_reopen ... ok
test tests::manager_opens_backoff_window_after_three_recorded_failures ... ok

test result: ok. 8 passed; 0 failed; 0 ignored; 0 measured; 0 filtered out; finished in 0.03s


running 0 tests

test result: ok. 0 passed; 0 failed; 0 ignored; 0 measured; 0 filtered out; finished in 0.00s


running 8 tests
test machine_codes_are_stable_for_all_manager_failures ... ok
test manager_diagnostics_do_not_expose_approval_key ... ok
test manifest_rejects_each_invalid_boundary ... ok
test invalid_request_and_signed_route_dimensions_fail_before_network ... ok
test malformed_rpc_inputs_fail_before_transport ... ok
test malformed_approvals_never_register ... ok
test supervised_release_requires_durable_state_and_exact_artifact ... ok
test reviewed_registration_rejects_capability_takeover_and_live_sidecar_replacement ... ok

test result: ok. 8 passed; 0 failed; 0 ignored; 0 measured; 0 filtered out; finished in 1.05s


running 2 tests
test python_llmquant_rejects_forbidden_boundary_fields ... ok
test python_llmquant_contracts_round_trip_over_uds ... ok

test result: ok. 2 passed; 0 failed; 0 ignored; 0 measured; 0 filtered out; finished in 0.27s


running 25 tests
test durable_child_execute_entry ... ok
test observed_sidecar_rss_excess_quarantines_shared_route ... ok
test duplicate_key_returns_same_result_and_changed_input_is_rejected ... ok
test missing_vibe_adapter_does_not_block_mock_workflow_routing ... ok
test metadata_health_and_cancel_failures_preserve_route_state ... ok
test manager_rejects_broken_execute_and_interrupted_streams ... ok
test manager_cancel_interrupts_owned_running_execution ... ok
test approval_cli_signs_reviewed_manifest_and_refuses_overwrite ... ok
test python_mock_engine_contracts_round_trip_over_uds ... ok
test python_mock_engine_recovers_after_three_unavailable_failures ... ok
test dispatch_reprobes_ready_engine_without_background_monitor ... ok
test durable_result_and_circuit_survive_manager_reconstruction ... ok
test heartbeat_removes_failed_engine_and_restores_ready_route ... ok
test supervised_sidecar_refuses_tampered_artifact_then_recovers ... ok
test unavailable_socket_fails_fast_then_recovers_without_request_loss ... ok
test manager_supervises_three_real_crashes_without_test_owned_restarts ... ok
test handshake_rejects_each_unreviewed_identity_and_readiness_dimension ... ok
test execution_concurrency_and_rss_quotas_reject_excess_work ... ok
test untrusted_engine_cannot_bypass_manager_response_identity_checks ... ok
test python_mock_engine_deadline_timeout_is_deterministic ... ok
test one_request_survives_three_real_engine_process_crashes ... ok
test readiness_accepts_exact_metadata_echo_across_second_boundary ... ok
test os_killed_manager_replays_pending_key_into_one_durable_result ... ok
test signed_rate_limit_and_stream_deadline_are_enforced ... ok
test control_rpcs_timeout_within_two_seconds_on_untrusted_engine ... ok

test result: ok. 25 passed; 0 failed; 0 ignored; 0 measured; 0 filtered out; finished in 6.17s


running 2 tests
test python_openbb_adapter_blocks_production_license_enablement ... ok
test python_openbb_adapter_contracts_round_trip_over_uds ... ok

test result: ok. 2 passed; 0 failed; 0 ignored; 0 measured; 0 filtered out; finished in 0.22s


running 2 tests
test python_rd_agent_rejects_forbidden_boundary_fields ... ok
test python_rd_agent_contracts_round_trip_over_uds ... ok

test result: ok. 2 passed; 0 failed; 0 ignored; 0 measured; 0 filtered out; finished in 0.22s


running 4 tests
test python_strategy_lab_rejects_forbidden_boundary_fields ... ok
test python_strategy_lab_static_check_failure_blocks_release ... ok
test python_strategy_lab_contracts_round_trip_over_uds ... ok
test python_strategy_lab_rejects_hundred_malicious_prompts ... ok

test result: ok. 4 passed; 0 failed; 0 ignored; 0 measured; 0 filtered out; finished in 0.28s


running 2 tests
test python_trading_agents_rejects_forbidden_boundary_fields ... ok
test python_trading_agents_contracts_round_trip_over_uds ... ok

test result: ok. 2 passed; 0 failed; 0 ignored; 0 measured; 0 filtered out; finished in 0.22s


running 2 tests
test python_vibe_adapter_rejects_forbidden_boundary_fields ... ok
test python_vibe_adapter_contracts_round_trip_over_uds ... ok

test result: ok. 2 passed; 0 failed; 0 ignored; 0 measured; 0 filtered out; finished in 0.22s


running 0 tests

test result: ok. 0 passed; 0 failed; 0 ignored; 0 measured; 0 filtered out; finished in 0.00s

uv run --locked --project engines --all-packages ruff check . --extend-exclude third_party/vibe-trading/upstream-src
docs/audit/evidence/provider-a2-remediation-20261007/update-current-plans.py:2:1: E401 [*] Multiple imports on one line
  |
1 | from pathlib import Path
2 | import json,re
  | ^^^^^^^^^^^^^^ E401
3 | base=Path('docs/audit/evidence/provider-a2-remediation-20261007')
4 | c=json.loads((base/'closure-verification.json').read_text());counts=c['stageCounts'];pending=c['g0']['status']=='BLOCKED'
  |
  = help: Split imports

docs/audit/evidence/provider-a2-remediation-20261007/update-current-plans.py:4:61: E702 Multiple statements on one line (semicolon)
  |
2 | import json,re
3 | base=Path('docs/audit/evidence/provider-a2-remediation-20261007')
4 | c=json.loads((base/'closure-verification.json').read_text());counts=c['stageCounts'];pending=c['g0']['status']=='BLOCKED'
  |                                                             ^ E702
5 | state=f"{counts['READY']} READY、{counts.get('BLOCKED',0)} BLOCKED"
6 | confirmation='当前 G0 范围 b2fd984536e0 待项目用户确认，G0/FEP-0 工程 PASS、准入 BLOCKED' if pending else '当前 G0 范围 b2fd984536e0 已                     …
  |

docs/audit/evidence/provider-a2-remediation-20261007/update-current-plans.py:4:85: E702 Multiple statements on one line (semicolon)
  |
2 | import json,re
3 | base=Path('docs/audit/evidence/provider-a2-remediation-20261007')
4 | c=json.loads((base/'closure-verification.json').read_text());counts=c['stageCounts'];pending=c['g0']['status']=='BLOCKED'
  |                                                                                     ^ E702
5 | state=f"{counts['READY']} READY、{counts.get('BLOCKED',0)} BLOCKED"
6 | confirmation='当前 G0 范围 b2fd984536e0 待项目用户确认，G0/FEP-0 工程 PASS、准入 BLOCKED' if pending else '当前 G0 范围 b2fd984536e0 已                     …
  |

docs/audit/evidence/provider-a2-remediation-20261007/update-current-plans.py:8:71: E702 Multiple statements on one line (semicolon)
   |
 6 | confirmation='当前 G0 范围 b2fd984536e0 待项目用户确认，G0/FEP-0 工程 PASS、准入 BLOCKED' if pending else '当前 G0 范围 b2fd984536e0 已                     …
 7 | summary=f'2026-10-07 PROVIDER:A2 整改复验完成：原 4 项问题全部关闭，24/24 控制点 PASS；F0/A1 87/87、G0 16/16、FEP-0 2/2 工程通过，A2 聚                           …
 8 | p=Path('docs/SumAlpha-QuantOS-Frontend-Development-Execution-Plan.md');s=p.read_text();s=re.sub(r'> 2026-10-07 PROVIDER:A2 [^\n]+', '>…
   |                                                                       ^ E702
 9 | entry='- `3.40`：完成 PROVIDER:A2 四项整改；逐 API 成功状态和不可变执行提交/源码校验、26 API 专用聚合 policy/manifest、递归依赖、31 项                                    …
10 | s=re.sub(r'^- `3.40`：[^\n]+',entry.strip(),s,count=1,flags=re.M) if re.search(r'^- `3.40`：',s,re.M) else s.replace('## 版本变更说明\n       …
   |

docs/audit/evidence/provider-a2-remediation-20261007/update-current-plans.py:8:87: E702 Multiple statements on one line (semicolon)
   |
 6 | confirmation='当前 G0 范围 b2fd984536e0 待项目用户确认，G0/FEP-0 工程 PASS、准入 BLOCKED' if pending else '当前 G0 范围 b2fd984536e0 已                     …
 7 | summary=f'2026-10-07 PROVIDER:A2 整改复验完成：原 4 项问题全部关闭，24/24 控制点 PASS；F0/A1 87/87、G0 16/16、FEP-0 2/2 工程通过，A2 聚                           …
 8 | p=Path('docs/SumAlpha-QuantOS-Frontend-Development-Execution-Plan.md');s=p.read_text();s=re.sub(r'> 2026-10-07 PROVIDER:A2 [^\n]+', '>…
   |                                                                                       ^ E702
 9 | entry='- `3.40`：完成 PROVIDER:A2 四项整改；逐 API 成功状态和不可变执行提交/源码校验、26 API 专用聚合 policy/manifest、递归依赖、31 项                                    …
10 | s=re.sub(r'^- `3.40`：[^\n]+',entry.strip(),s,count=1,flags=re.M) if re.search(r'^- `3.40`：',s,re.M) else s.replace('## 版本变更说明\n       …
   |

docs/audit/evidence/provider-a2-remediation-20261007/update-current-plans.py:8:156: E702 Multiple statements on one line (semicolon)
   |
 6 | … G0 范围 b2fd984536e0 已由项目用户确认，G0/FEP-0 严格 READY'
 7 | …0 2/2 工程通过，A2 聚合门禁严格 READY。当前 {state}；{confirmation}。原问题、失败尝试及旧确认完整保留，hosted CI/RELEASE 独立验收。见[                                      …
 8 | …sub(r'> 2026-10-07 PROVIDER:A2 [^\n]+', '> '+summary,s,count=1);s=s.replace('> 2026-10-07 旧 READY 复评完成：','> 历史快照（本轮整改前               …
   |                                                                 ^ E702
 9 | …、31 项负向及强制 CI 入口生效。全依赖 87/87 实际复评通过；身份/Audit 新语义与 8/5 项变异拒绝通过，127 项门禁负向及 11 项真实原件异常                                                 …
10 | …s,re.M) else s.replace('## 版本变更说明\n\n','## 版本变更说明\n\n'+entry,1)
   |

docs/audit/evidence/provider-a2-remediation-20261007/update-current-plans.py:8:241: E702 Multiple statements on one line (semicolon)
   |
 6 | …
 7 | …PROVIDER-A2-comprehensive-review-2026-10-07.md)。'
 8 | …史快照（本轮整改前）：2026-10-07 旧 READY 复评完成：',1);s=s.replace('> 版本：3.39','> 版本：3.40',1);s=re.sub(r'> 状态：[^\n]+',f'>                           …
   |                                                           ^ E702
 9 | …次 Supabase 目标及 7/13 项内容溯源；未把原目标改记为本轮执行。'+f'当前 {state}；{confirmation}。当前检查报告重构，初审与旧报告保留原件                                             …
10 | …
   |

docs/audit/evidence/provider-a2-remediation-20261007/update-current-plans.py:8:280: E702 Multiple statements on one line (semicolon)
   |
 6 | …
 7 | …d)。'
 8 | …eplace('> 版本：3.39','> 版本：3.40',1);s=re.sub(r'> 状态：[^\n]+',f'> 状态：PROVIDER:A2 DEVELOPMENT READY；当前 {state}；{confirmatio               …
   |                                         ^ E702
 9 | … {state}；{confirmation}。当前检查报告重构，初审与旧报告保留原件。\n\n'
10 | …
   |

docs/audit/evidence/provider-a2-remediation-20261007/update-current-plans.py:13:45: E702 Multiple statements on one line (semicolon)
   |
11 | s=re.sub(r'- 当前工程复核：2026-10-07，格式重构后的依赖已刷新[^\n]+', '- 当前工程复核：2026-10-07，PROVIDER:A2 新增高危/中危门禁缺口已                                     …
12 | s=re.sub(r'当前复核（2026-10-07）：活动问题 0，31/31 控制点 PASS[^\n]+', '当前复核（2026-10-07）：活动问题 0，31/31 控制点 PASS，严格 D                                …
13 | marker='#### 迭代 A3：页面 API 开发与 provider 功能验证';a2='当前工程复核（2026-10-07）：24/24 控制点 PASS，26/26 API 有契约允许的成功                                …
   |                                                         ^ E702
14 | s=re.sub(r'^当前工程复核（2026-10-07）：24/24 控制点 PASS[^\n]+\n\n','',s,flags=re.M);s=s.replace(marker,a2+marker,1);p.write_text(s)
15 | p=Path('docs/SumAlpha-QuantOS-Development-Plan.md');s=p.read_text();s=re.sub(r'^> 2026-10-07 PROVIDER:A2 [^\n]+\n\n','',s);s='> '+summ…
   |

docs/audit/evidence/provider-a2-remediation-20261007/update-current-plans.py:14:74: E702 Multiple statements on one line (semicolon)
   |
12 | s=re.sub(r'当前复核（2026-10-07）：活动问题 0，31/31 控制点 PASS[^\n]+', '当前复核（2026-10-07）：活动问题 0，31/31 控制点 PASS，严格 D                                …
13 | marker='#### 迭代 A3：页面 API 开发与 provider 功能验证';a2='当前工程复核（2026-10-07）：24/24 控制点 PASS，26/26 API 有契约允许的成功                                …
14 | s=re.sub(r'^当前工程复核（2026-10-07）：24/24 控制点 PASS[^\n]+\n\n','',s,flags=re.M);s=s.replace(marker,a2+marker,1);p.write_text(s)
   |                                                                                      ^ E702
15 | p=Path('docs/SumAlpha-QuantOS-Development-Plan.md');s=p.read_text();s=re.sub(r'^> 2026-10-07 PROVIDER:A2 [^\n]+\n\n','',s);s='> '+summ…
16 | print('plans updated',state)
   |

docs/audit/evidence/provider-a2-remediation-20261007/update-current-plans.py:14:106: E702 Multiple statements on one line (semicolon)
   |
12 | s=re.sub(r'当前复核（2026-10-07）：活动问题 0，31/31 控制点 PASS[^\n]+', '当前复核（2026-10-07）：活动问题 0，31/31 控制点 PASS，严格 D                                …
13 | marker='#### 迭代 A3：页面 API 开发与 provider 功能验证';a2='当前工程复核（2026-10-07）：24/24 控制点 PASS，26/26 API 有契约允许的成功                                …
14 | s=re.sub(r'^当前工程复核（2026-10-07）：24/24 控制点 PASS[^\n]+\n\n','',s,flags=re.M);s=s.replace(marker,a2+marker,1);p.write_text(s)
   |                                                                                                                      ^ E702
15 | p=Path('docs/SumAlpha-QuantOS-Development-Plan.md');s=p.read_text();s=re.sub(r'^> 2026-10-07 PROVIDER:A2 [^\n]+\n\n','',s);s='> '+summ…
16 | print('plans updated',state)
   |

docs/audit/evidence/provider-a2-remediation-20261007/update-current-plans.py:15:52: E702 Multiple statements on one line (semicolon)
   |
13 | marker='#### 迭代 A3：页面 API 开发与 provider 功能验证';a2='当前工程复核（2026-10-07）：24/24 控制点 PASS，26/26 API 有契约允许的成功                                …
14 | s=re.sub(r'^当前工程复核（2026-10-07）：24/24 控制点 PASS[^\n]+\n\n','',s,flags=re.M);s=s.replace(marker,a2+marker,1);p.write_text(s)
15 | p=Path('docs/SumAlpha-QuantOS-Development-Plan.md');s=p.read_text();s=re.sub(r'^> 2026-10-07 PROVIDER:A2 [^\n]+\n\n','',s);s='> '+summ…
   |                                                    ^ E702
16 | print('plans updated',state)
   |

docs/audit/evidence/provider-a2-remediation-20261007/update-current-plans.py:15:68: E702 Multiple statements on one line (semicolon)
   |
13 | marker='#### 迭代 A3：页面 API 开发与 provider 功能验证';a2='当前工程复核（2026-10-07）：24/24 控制点 PASS，26/26 API 有契约允许的成功                                …
14 | s=re.sub(r'^当前工程复核（2026-10-07）：24/24 控制点 PASS[^\n]+\n\n','',s,flags=re.M);s=s.replace(marker,a2+marker,1);p.write_text(s)
15 | p=Path('docs/SumAlpha-QuantOS-Development-Plan.md');s=p.read_text();s=re.sub(r'^> 2026-10-07 PROVIDER:A2 [^\n]+\n\n','',s);s='> '+summ…
   |                                                                    ^ E702
16 | print('plans updated',state)
   |

docs/audit/evidence/provider-a2-remediation-20261007/update-current-plans.py:15:123: E702 Multiple statements on one line (semicolon)
   |
13 | marker='#### 迭代 A3：页面 API 开发与 provider 功能验证';a2='当前工程复核（2026-10-07）：24/24 控制点 PASS，26/26 API 有契约允许的成功                                …
14 | s=re.sub(r'^当前工程复核（2026-10-07）：24/24 控制点 PASS[^\n]+\n\n','',s,flags=re.M);s=s.replace(marker,a2+marker,1);p.write_text(s)
15 | p=Path('docs/SumAlpha-QuantOS-Development-Plan.md');s=p.read_text();s=re.sub(r'^> 2026-10-07 PROVIDER:A2 [^\n]+\n\n','',s);s='> '+summ…
   |                                                                                                                           ^ E702
16 | print('plans updated',state)
   |

docs/audit/evidence/provider-a2-remediation-20261007/update-current-plans.py:15:147: E702 Multiple statements on one line (semicolon)
   |
13 | …26/26 API 有契约允许的成功目标证据，三个直接依赖及递归回执有效，DEVELOPMENT 严格 READY、formalAccepted=false。窗口自身 [功能 manifest                                     …
14 | …ce(marker,a2+marker,1);p.write_text(s)
15 | …026-10-07 PROVIDER:A2 [^\n]+\n\n','',s);s='> '+summary+'\n\n'+s;s=s.replace('> 2026-10-07 旧 READY 复评完成：','> 历史快照（本轮整改前               …
   |                                                                 ^ E702
16 | …
   |

docs/audit/evidence/provider-a2-remediation-20261007/update-current-plans.py:15:232: E702 Multiple statements on one line (semicolon)
   |
13 | …dence/provider-a2-remediation-20261007/development/provider-a2.json) 绑定规范输入、依赖、API 覆盖及三组实际执行。执行 `pnpm check:prov                     …
14 | …
15 | …史快照（本轮整改前）：2026-10-07 旧 READY 复评完成：',1);s=s.replace('> 版本：3.35','> 版本：3.36',1);s=re.sub(r'> 本轮变更：[^\n]+',                            …
   |                                                           ^ E702
16 | …
   |

docs/audit/evidence/provider-a2-remediation-20261007/update-current-plans.py:15:271: E702 Multiple statements on one line (semicolon)
   |
13 | …pment/provider-a2.json) 绑定规范输入、依赖、API 覆盖及三组实际执行。执行 `pnpm check:provider-a2 && pnpm test:provider-a2` 或 `make pr                      …
14 | …
15 | …eplace('> 版本：3.35','> 版本：3.36',1);s=re.sub(r'> 本轮变更：[^\n]+',f'> 本轮变更：PROVIDER:A2 四项整改关闭；受影响基础/准备 21 节点                               …
   |                                         ^ E702
16 | …
   |

docs/audit/evidence/provider-a2-remediation-20261007/update-current-plans.py:15:428: E702 Multiple statements on one line (semicolon)
   |
13 | …07.md)。\n\n'
14 | …
15 | …[^\n]+',entry.replace('`3.40`','`3.36`').strip(),s,count=1,flags=re.M) if re.search(r'^- `3.36`：',s,re.M) else s.replace('## 版本变    …
^  | E702
16 | …
   |

docs/audit/evidence/provider-a2-remediation-20261007/update-current-plans.py:15:638: E702 Multiple statements on one line (semicolon)
   |
13 | …
14 | …
15 | …以 3.36、',1);p.write_text(s)
^  | E702
16 | …
   |

docs/audit/evidence/provider-a2-remediation-20261007/update-current-plans.py:15:685: E702 Multiple statements on one line (semicolon)
   |
13 | …
14 | …
15 | …
^  | E702
16 | …
   |

docs/audit/evidence/provider-a2-remediation-20261007/validate-current-docs.py:2:1: E401 [*] Multiple imports on one line
  |
1 | from pathlib import Path
2 | import json,re,hashlib
  | ^^^^^^^^^^^^^^^^^^^^^^ E401
3 | from urllib.parse import unquote
4 | base=Path('docs/audit/evidence/provider-a2-remediation-20261007')
  |
  = help: Split imports

docs/audit/evidence/provider-a2-remediation-20261007/validate-current-docs.py:2:16: F401 [*] `hashlib` imported but unused
  |
1 | from pathlib import Path
2 | import json,re,hashlib
  |                ^^^^^^^ F401
3 | from urllib.parse import unquote
4 | base=Path('docs/audit/evidence/provider-a2-remediation-20261007')
  |
  = help: Remove unused import: `hashlib`

docs/audit/evidence/provider-a2-remediation-20261007/validate-current-docs.py:8:20: E702 Multiple statements on one line (semicolon)
   |
 6 | checks=[]
 7 | for p in paths:
 8 |  text=p.read_text();assert len(re.findall(r'^## [一二三四]、',text,re.M))==4,str(p)
   |                    ^ E702
 9 |  for raw in re.findall(r'(?<!!)\[[^\]]+\]\(([^)]+)\)',text):
10 |   raw=raw.strip('<>')
   |

docs/audit/evidence/provider-a2-remediation-20261007/validate-current-docs.py:11:50: E701 Multiple statements on one line (colon)
   |
 9 |  for raw in re.findall(r'(?<!!)\[[^\]]+\]\(([^)]+)\)',text):
10 |   raw=raw.strip('<>')
11 |   if raw.startswith(('https:','http:','mailto:')):continue
   |                                                  ^ E701
12 |   target,_,anchor=raw.partition('#');q=(p.parent/unquote(target)).resolve() if target else p.resolve()
13 |   assert q.is_file(),f'{p}: missing {raw}'
   |

docs/audit/evidence/provider-a2-remediation-20261007/validate-current-docs.py:12:37: E702 Multiple statements on one line (semicolon)
   |
10 |   raw=raw.strip('<>')
11 |   if raw.startswith(('https:','http:','mailto:')):continue
12 |   target,_,anchor=raw.partition('#');q=(p.parent/unquote(target)).resolve() if target else p.resolve()
   |                                     ^ E702
13 |   assert q.is_file(),f'{p}: missing {raw}'
14 |   if anchor:assert f'id="{anchor}"'in q.read_text() or f'<a name="{anchor}"'in q.read_text(),f'{p}: missing anchor {raw}'
   |

docs/audit/evidence/provider-a2-remediation-20261007/validate-current-docs.py:14:12: E701 Multiple statements on one line (colon)
   |
12 |   target,_,anchor=raw.partition('#');q=(p.parent/unquote(target)).resolve() if target else p.resolve()
13 |   assert q.is_file(),f'{p}: missing {raw}'
14 |   if anchor:assert f'id="{anchor}"'in q.read_text() or f'<a name="{anchor}"'in q.read_text(),f'{p}: missing anchor {raw}'
   |            ^ E701
15 |   checks.append({'document':str(p),'target':raw,'status':'PASS'})
16 | x=json.loads((base/'control-matrix.json').read_text());assert len(x['rows'])==24 and x['pass']==24 and all(r['result']=='PASS'for r in…
   |

docs/audit/evidence/provider-a2-remediation-20261007/validate-current-docs.py:16:55: E702 Multiple statements on one line (semicolon)
   |
14 |   if anchor:assert f'id="{anchor}"'in q.read_text() or f'<a name="{anchor}"'in q.read_text(),f'{p}: missing anchor {raw}'
15 |   checks.append({'document':str(p),'target':raw,'status':'PASS'})
16 | x=json.loads((base/'control-matrix.json').read_text());assert len(x['rows'])==24 and x['pass']==24 and all(r['result']=='PASS'for r in…
   |                                                       ^ E702
17 | f=json.loads((base/'closed-findings.json').read_text());assert len(f['items'])==4 and all(r['status']=='CLOSED'for r in f['items'])
18 | a=json.loads((base/'audit-control-matrix.json').read_text());assert len(a['controls'])==31 and all(r['status']=='PASS'for r in a['cont…
   |

docs/audit/evidence/provider-a2-remediation-20261007/validate-current-docs.py:17:56: E702 Multiple statements on one line (semicolon)
   |
15 |   checks.append({'document':str(p),'target':raw,'status':'PASS'})
16 | x=json.loads((base/'control-matrix.json').read_text());assert len(x['rows'])==24 and x['pass']==24 and all(r['result']=='PASS'for r in…
17 | f=json.loads((base/'closed-findings.json').read_text());assert len(f['items'])==4 and all(r['status']=='CLOSED'for r in f['items'])
   |                                                        ^ E702
18 | a=json.loads((base/'audit-control-matrix.json').read_text());assert len(a['controls'])==31 and all(r['status']=='PASS'for r in a['cont…
19 | n=json.loads((base/'negative-summary.json').read_text());assert n['passed']==127 and n['failed']==0
   |

docs/audit/evidence/provider-a2-remediation-20261007/validate-current-docs.py:18:61: E702 Multiple statements on one line (semicolon)
   |
16 | x=json.loads((base/'control-matrix.json').read_text());assert len(x['rows'])==24 and x['pass']==24 and all(r['result']=='PASS'for r in…
17 | f=json.loads((base/'closed-findings.json').read_text());assert len(f['items'])==4 and all(r['status']=='CLOSED'for r in f['items'])
18 | a=json.loads((base/'audit-control-matrix.json').read_text());assert len(a['controls'])==31 and all(r['status']=='PASS'for r in a['cont…
   |                                                             ^ E702
19 | n=json.loads((base/'negative-summary.json').read_text());assert n['passed']==127 and n['failed']==0
20 | v={'schema':'quantos-provider-a2-document-verification/v1','status':'PASS','checks':checks,'controls':24,'closedFindings':4,'auditCont…
   |

docs/audit/evidence/provider-a2-remediation-20261007/validate-current-docs.py:19:57: E702 Multiple statements on one line (semicolon)
   |
17 | f=json.loads((base/'closed-findings.json').read_text());assert len(f['items'])==4 and all(r['status']=='CLOSED'for r in f['items'])
18 | a=json.loads((base/'audit-control-matrix.json').read_text());assert len(a['controls'])==31 and all(r['status']=='PASS'for r in a['cont…
19 | n=json.loads((base/'negative-summary.json').read_text());assert n['passed']==127 and n['failed']==0
   |                                                         ^ E702
20 | v={'schema':'quantos-provider-a2-document-verification/v1','status':'PASS','checks':checks,'controls':24,'closedFindings':4,'auditCont…
21 | (base/'document-validation.json').write_text(json.dumps(v,ensure_ascii=False,indent=2)+'\n');print('PASS',len(checks),'local links; 24…
   |

docs/audit/evidence/provider-a2-remediation-20261007/validate-current-docs.py:21:93: E702 Multiple statements on one line (semicolon)
   |
19 | n=json.loads((base/'negative-summary.json').read_text());assert n['passed']==127 and n['failed']==0
20 | v={'schema':'quantos-provider-a2-document-verification/v1','status':'PASS','checks':checks,'controls':24,'closedFindings':4,'auditCont…
21 | (base/'document-validation.json').write_text(json.dumps(v,ensure_ascii=False,indent=2)+'\n');print('PASS',len(checks),'local links; 24…
   |                                                                                             ^ E702
   |

docs/audit/evidence/provider-a2-remediation-20261007/write-current-reports.py:1:1: E401 [*] Multiple imports on one line
  |
1 | import json,shutil,re,hashlib,subprocess
  | ^^^^^^^^^^^^^^^^^^^^^^^^^^^^^^^^^^^^^^^^ E401
2 | from pathlib import Path
3 | base=Path('docs/audit/evidence/provider-a2-remediation-20261007');previous=Path('docs/audit/evidence/provider-a2-review-20261007')
  |
  = help: Split imports

docs/audit/evidence/provider-a2-remediation-20261007/write-current-reports.py:1:31: F401 [*] `subprocess` imported but unused
  |
1 | import json,shutil,re,hashlib,subprocess
  |                               ^^^^^^^^^^ F401
2 | from pathlib import Path
3 | base=Path('docs/audit/evidence/provider-a2-remediation-20261007');previous=Path('docs/audit/evidence/provider-a2-review-20261007')
  |
  = help: Remove unused import: `subprocess`

docs/audit/evidence/provider-a2-remediation-20261007/write-current-reports.py:3:66: E702 Multiple statements on one line (semicolon)
  |
1 | import json,shutil,re,hashlib,subprocess
2 | from pathlib import Path
3 | base=Path('docs/audit/evidence/provider-a2-remediation-20261007');previous=Path('docs/audit/evidence/provider-a2-review-20261007')
  |                                                                  ^ E702
4 | load=lambda p:json.loads(Path(p).read_text())
5 | closure=load(base/'closure-verification.json'); assert closure['status']=='PASS'
  |

docs/audit/evidence/provider-a2-remediation-20261007/write-current-reports.py:4:1: E731 Do not assign a `lambda` expression, use a `def`
  |
2 | from pathlib import Path
3 | base=Path('docs/audit/evidence/provider-a2-remediation-20261007');previous=Path('docs/audit/evidence/provider-a2-review-20261007')
4 | load=lambda p:json.loads(Path(p).read_text())
  | ^^^^^^^^^^^^^^^^^^^^^^^^^^^^^^^^^^^^^^^^^^^^^ E731
5 | closure=load(base/'closure-verification.json'); assert closure['status']=='PASS'
6 | foundation='docs/audit/evidence/provider-a1-remediation-20261004/provider-a2-clean-final-reassessment-20261007'
  |
  = help: Rewrite `load` as a `def`

docs/audit/evidence/provider-a2-remediation-20261007/write-current-reports.py:5:47: E702 Multiple statements on one line (semicolon)
  |
3 | base=Path('docs/audit/evidence/provider-a2-remediation-20261007');previous=Path('docs/audit/evidence/provider-a2-review-20261007')
4 | load=lambda p:json.loads(Path(p).read_text())
5 | closure=load(base/'closure-verification.json'); assert closure['status']=='PASS'
  |                                               ^ E702
6 | foundation='docs/audit/evidence/provider-a1-remediation-20261004/provider-a2-clean-final-reassessment-20261007'
7 | proofs=load(foundation+'/effective-execution-results.json'); assert len(proofs)==87 and all(p['status']=='PASS' and p['exitCode']==0 fo…
  |

docs/audit/evidence/provider-a2-remediation-20261007/write-current-reports.py:7:60: E702 Multiple statements on one line (semicolon)
  |
5 | closure=load(base/'closure-verification.json'); assert closure['status']=='PASS'
6 | foundation='docs/audit/evidence/provider-a1-remediation-20261004/provider-a2-clean-final-reassessment-20261007'
7 | proofs=load(foundation+'/effective-execution-results.json'); assert len(proofs)==87 and all(p['status']=='PASS' and p['exitCode']==0 f…
  |                                                            ^ E702
8 | api=closure['aggregate']['apiCoverage'];assert len(api)==26
9 | control=load(previous/'control-matrix.json');control.update(baselineCommit=closure['sourceCommit'],pass_=24,partial=0,fail=0,fullCompl…
  |

docs/audit/evidence/provider-a2-remediation-20261007/write-current-reports.py:8:40: E702 Multiple statements on one line (semicolon)
   |
 6 | foundation='docs/audit/evidence/provider-a1-remediation-20261004/provider-a2-clean-final-reassessment-20261007'
 7 | proofs=load(foundation+'/effective-execution-results.json'); assert len(proofs)==87 and all(p['status']=='PASS' and p['exitCode']==0 f…
 8 | api=closure['aggregate']['apiCoverage'];assert len(api)==26
   |                                        ^ E702
 9 | control=load(previous/'control-matrix.json');control.update(baselineCommit=closure['sourceCommit'],pass_=24,partial=0,fail=0,fullCompl…
10 | control['method']='Original 24 equal-weight controls, all independently rechecked after remediation; original findings/evidence retain…
   |

docs/audit/evidence/provider-a2-remediation-20261007/write-current-reports.py:9:45: E702 Multiple statements on one line (semicolon)
   |
 7 | proofs=load(foundation+'/effective-execution-results.json'); assert len(proofs)==87 and all(p['status']=='PASS' and p['exitCode']==0 f…
 8 | api=closure['aggregate']['apiCoverage'];assert len(api)==26
 9 | control=load(previous/'control-matrix.json');control.update(baselineCommit=closure['sourceCommit'],pass_=24,partial=0,fail=0,fullCompl…
   |                                             ^ E702
10 | control['method']='Original 24 equal-weight controls, all independently rechecked after remediation; original findings/evidence retain…
11 | changed={'C02':'87组新F0/A1检查：lint/typecheck/格式/契约/生成均实际执行通过','C16':'新身份/Audit语义回归通过，仍保留 F09 默认 ignored                                 …
   |

docs/audit/evidence/provider-a2-remediation-20261007/write-current-reports.py:9:152: E702 Multiple statements on one line (semicolon)
   |
 7 | …all(p['status']=='PASS' and p['exitCode']==0 for p in proofs)
 8 | …
 9 | …ceCommit'],pass_=24,partial=0,fail=0,fullCompletionPercent=100);control['pass']=control.pop('pass_')
   |                                                                 ^ E702
10 | …remediation; original findings/evidence retained.'
11 | …09 默认 ignored 的目标边界','C17':'新127项门禁正负向回归通过；新8+5业务变异实际拒绝','C19':'actual-receipt-negative-probes.json：失败/                              …
   |

docs/audit/evidence/provider-a2-remediation-20261007/write-current-reports.py:14:25: E701 Multiple statements on one line (colon)
   |
12 | for row in control['rows']:
13 |  row['result']='PASS'
14 |  if row['id'] in changed:row['evidence']=changed[row['id']]
   |                         ^ E701
15 | (base/'control-matrix.json').write_text(json.dumps(control,ensure_ascii=False,indent=2)+'\n')
16 | finding=load(previous/'findings.json');finding['counts']={k:0 for k in finding['counts']};finding['closedCounts']={'BLOCKER':1,'HIGH':…
   |

docs/audit/evidence/provider-a2-remediation-20261007/write-current-reports.py:16:39: E702 Multiple statements on one line (semicolon)
   |
14 |  if row['id'] in changed:row['evidence']=changed[row['id']]
15 | (base/'control-matrix.json').write_text(json.dumps(control,ensure_ascii=False,indent=2)+'\n')
16 | finding=load(previous/'findings.json');finding['counts']={k:0 for k in finding['counts']};finding['closedCounts']={'BLOCKER':1,'HIGH':…
   |                                       ^ E702
17 | for x in finding['items']:x['status']='CLOSED';x['closureEvidence']='closure-verification.json / actual-receipt-negative-probes.json'
18 | (base/'closed-findings.json').write_text(json.dumps(finding,ensure_ascii=False,indent=2)+'\n')
   |

docs/audit/evidence/provider-a2-remediation-20261007/write-current-reports.py:16:90: E702 Multiple statements on one line (semicolon)
   |
14 |  if row['id'] in changed:row['evidence']=changed[row['id']]
15 | (base/'control-matrix.json').write_text(json.dumps(control,ensure_ascii=False,indent=2)+'\n')
16 | finding=load(previous/'findings.json');finding['counts']={k:0 for k in finding['counts']};finding['closedCounts']={'BLOCKER':1,'HIGH':…
   |                                                                                          ^ E702
17 | for x in finding['items']:x['status']='CLOSED';x['closureEvidence']='closure-verification.json / actual-receipt-negative-probes.json'
18 | (base/'closed-findings.json').write_text(json.dumps(finding,ensure_ascii=False,indent=2)+'\n')
   |

docs/audit/evidence/provider-a2-remediation-20261007/write-current-reports.py:17:26: E701 Multiple statements on one line (colon)
   |
15 | (base/'control-matrix.json').write_text(json.dumps(control,ensure_ascii=False,indent=2)+'\n')
16 | finding=load(previous/'findings.json');finding['counts']={k:0 for k in finding['counts']};finding['closedCounts']={'BLOCKER':1,'HIGH':…
17 | for x in finding['items']:x['status']='CLOSED';x['closureEvidence']='closure-verification.json / actual-receipt-negative-probes.json'
   |                          ^ E701
18 | (base/'closed-findings.json').write_text(json.dumps(finding,ensure_ascii=False,indent=2)+'\n')
19 | for original,archive in [('PROVIDER-A2-comprehensive-review-2026-10-07.md','PROVIDER-A2-initial-review-2026-10-07.md'),('BFF-FE-001-co…
   |

docs/audit/evidence/provider-a2-remediation-20261007/write-current-reports.py:17:47: E702 Multiple statements on one line (semicolon)
   |
15 | (base/'control-matrix.json').write_text(json.dumps(control,ensure_ascii=False,indent=2)+'\n')
16 | finding=load(previous/'findings.json');finding['counts']={k:0 for k in finding['counts']};finding['closedCounts']={'BLOCKER':1,'HIGH':…
17 | for x in finding['items']:x['status']='CLOSED';x['closureEvidence']='closure-verification.json / actual-receipt-negative-probes.json'
   |                                               ^ E702
18 | (base/'closed-findings.json').write_text(json.dumps(finding,ensure_ascii=False,indent=2)+'\n')
19 | for original,archive in [('PROVIDER-A2-comprehensive-review-2026-10-07.md','PROVIDER-A2-initial-review-2026-10-07.md'),('BFF-FE-001-co…
   |

docs/audit/evidence/provider-a2-remediation-20261007/write-current-reports.py:20:33: E702 Multiple statements on one line (semicolon)
   |
18 | (base/'closed-findings.json').write_text(json.dumps(finding,ensure_ascii=False,indent=2)+'\n')
19 | for original,archive in [('PROVIDER-A2-comprehensive-review-2026-10-07.md','PROVIDER-A2-initial-review-2026-10-07.md'),('BFF-FE-001-co…
20 |  src=Path('docs/audit')/original;dst=Path('docs/audit')/archive
   |                                 ^ E702
21 |  if dst.exists():assert hashlib.sha256(dst.read_bytes()).hexdigest()==closure['priorReports'][original]
22 |  else:shutil.copyfile(src,dst)
   |

docs/audit/evidence/provider-a2-remediation-20261007/write-current-reports.py:21:17: E701 Multiple statements on one line (colon)
   |
19 | for original,archive in [('PROVIDER-A2-comprehensive-review-2026-10-07.md','PROVIDER-A2-initial-review-2026-10-07.md'),('BFF-FE-001-co…
20 |  src=Path('docs/audit')/original;dst=Path('docs/audit')/archive
21 |  if dst.exists():assert hashlib.sha256(dst.read_bytes()).hexdigest()==closure['priorReports'][original]
   |                 ^ E701
22 |  else:shutil.copyfile(src,dst)
23 | counts=closure['stageCounts'];aggregate=closure['aggregate'];manifest=aggregate['manifest'];identity=closure['identity']['manifest'];a…
   |

docs/audit/evidence/provider-a2-remediation-20261007/write-current-reports.py:22:6: E701 Multiple statements on one line (colon)
   |
20 |  src=Path('docs/audit')/original;dst=Path('docs/audit')/archive
21 |  if dst.exists():assert hashlib.sha256(dst.read_bytes()).hexdigest()==closure['priorReports'][original]
22 |  else:shutil.copyfile(src,dst)
   |      ^ E701
23 | counts=closure['stageCounts'];aggregate=closure['aggregate'];manifest=aggregate['manifest'];identity=closure['identity']['manifest'];a…
24 | g0sentence='G0 工程 16/16 PASS，当前范围项目用户确认待办，G0/FEP-0 为 BLOCKED；旧确认不迁移。' if pending else '当前 G0 用户确认已核验                                 …
   |

docs/audit/evidence/provider-a2-remediation-20261007/write-current-reports.py:23:30: E702 Multiple statements on one line (semicolon)
   |
21 |  if dst.exists():assert hashlib.sha256(dst.read_bytes()).hexdigest()==closure['priorReports'][original]
22 |  else:shutil.copyfile(src,dst)
23 | counts=closure['stageCounts'];aggregate=closure['aggregate'];manifest=aggregate['manifest'];identity=closure['identity']['manifest'];a…
   |                              ^ E702
24 | g0sentence='G0 工程 16/16 PASS，当前范围项目用户确认待办，G0/FEP-0 为 BLOCKED；旧确认不迁移。' if pending else '当前 G0 用户确认已核验                                 …
25 | summary=f"当前全计划 {counts['READY']} READY、{counts.get('BLOCKED',0)} BLOCKED。{g0sentence}"
   |

docs/audit/evidence/provider-a2-remediation-20261007/write-current-reports.py:23:61: E702 Multiple statements on one line (semicolon)
   |
21 |  if dst.exists():assert hashlib.sha256(dst.read_bytes()).hexdigest()==closure['priorReports'][original]
22 |  else:shutil.copyfile(src,dst)
23 | counts=closure['stageCounts'];aggregate=closure['aggregate'];manifest=aggregate['manifest'];identity=closure['identity']['manifest'];a…
   |                                                             ^ E702
24 | g0sentence='G0 工程 16/16 PASS，当前范围项目用户确认待办，G0/FEP-0 为 BLOCKED；旧确认不迁移。' if pending else '当前 G0 用户确认已核验                                 …
25 | summary=f"当前全计划 {counts['READY']} READY、{counts.get('BLOCKED',0)} BLOCKED。{g0sentence}"
   |

docs/audit/evidence/provider-a2-remediation-20261007/write-current-reports.py:23:92: E702 Multiple statements on one line (semicolon)
   |
21 |  if dst.exists():assert hashlib.sha256(dst.read_bytes()).hexdigest()==closure['priorReports'][original]
22 |  else:shutil.copyfile(src,dst)
23 | counts=closure['stageCounts'];aggregate=closure['aggregate'];manifest=aggregate['manifest'];identity=closure['identity']['manifest'];a…
   |                                                                                            ^ E702
24 | g0sentence='G0 工程 16/16 PASS，当前范围项目用户确认待办，G0/FEP-0 为 BLOCKED；旧确认不迁移。' if pending else '当前 G0 用户确认已核验                                 …
25 | summary=f"当前全计划 {counts['READY']} READY、{counts.get('BLOCKED',0)} BLOCKED。{g0sentence}"
   |

docs/audit/evidence/provider-a2-remediation-20261007/write-current-reports.py:23:133: E702 Multiple statements on one line (semicolon)
   |
21 | …=closure['priorReports'][original]
22 | …
23 | …=aggregate['manifest'];identity=closure['identity']['manifest'];audit=closure['audit']['manifest'];source=closure['sourceCommit'];g0=…
   |                                                                 ^ E702
24 | … if pending else '当前 G0 用户确认已核验，G0/FEP-0 严格 READY。'
25 | …CKED。{g0sentence}"
   |

docs/audit/evidence/provider-a2-remediation-20261007/write-current-reports.py:23:168: E702 Multiple statements on one line (semicolon)
   |
21 | …
22 | …
23 | …sure['identity']['manifest'];audit=closure['audit']['manifest'];source=closure['sourceCommit'];g0=closure['g0'];pending=g0['status']=…
   |                                                                 ^ E702
24 | …FEP-0 严格 READY。'
25 | …
   |

docs/audit/evidence/provider-a2-remediation-20261007/write-current-reports.py:23:199: E702 Multiple statements on one line (semicolon)
   |
21 | …
22 | …
23 | …dit=closure['audit']['manifest'];source=closure['sourceCommit'];g0=closure['g0'];pending=g0['status']=='BLOCKED'
   |                                                                 ^ E702
24 | …
25 | …
   |

docs/audit/evidence/provider-a2-remediation-20261007/write-current-reports.py:23:216: E702 Multiple statements on one line (semicolon)
   |
21 | …
22 | …
23 | …t']['manifest'];source=closure['sourceCommit'];g0=closure['g0'];pending=g0['status']=='BLOCKED'
   |                                                                 ^ E702
24 | …
25 | …
   |

docs/audit/evidence/provider-a2-remediation-20261007/write-current-reports.py:26:1: E731 Do not assign a `lambda` expression, use a `def`
   |
24 | g0sentence='G0 工程 16/16 PASS，当前范围项目用户确认待办，G0/FEP-0 为 BLOCKED；旧确认不迁移。' if pending else '当前 G0 用户确认已核验                                 …
25 | summary=f"当前全计划 {counts['READY']} READY、{counts.get('BLOCKED',0)} BLOCKED。{g0sentence}"
26 | link=lambda p:p.removeprefix('docs/audit/')
   | ^^^^^^^^^^^^^^^^^^^^^^^^^^^^^^^^^^^^^^^^^^^ E731
27 | controltable='\n'.join(f"| {r['id']} | {r['module']} | {r['criterion']} | PASS |"for r in control['rows'])
28 | Path('docs/audit/PROVIDER-A2-comprehensive-review-2026-10-07.md').write_text(f'''# PROVIDER:A2：当前整改复核报告
   |
   = help: Rewrite `link` as a `def`

docs/audit/evidence/provider-a2-remediation-20261007/write-current-reports.py:128:89: E702 Multiple statements on one line (semicolon)
    |
126 | 持续执行 `pnpm check:bff-fe-001:development` 和阶段负向，窗口使用 `pnpm check:provider-a2`。功能输入或依赖变化后复评；允许文档变化时对                                   …
127 | ''')
128 | audit_matrix=load('docs/audit/evidence/bff-fe-007-recheck-20261007/control-matrix.json');audit_matrix['sourceCommit']=source;audit_ma…
    |                                                                                         ^ E702
129 | for row in audit_matrix['controls']:
130 |  row['status']='PASS'
    |

docs/audit/evidence/provider-a2-remediation-20261007/write-current-reports.py:128:125: E702 Multiple statements on one line (semicolon)
    |
126 | …ck:provider-a2`。功能输入或依赖变化后复评；允许文档变化时对可溯源、内容未变的旧目标证据进行复用。
127 | …
128 | …61007/control-matrix.json');audit_matrix['sourceCommit']=source;audit_matrix['evidence']=['docs/audit/evidence/provider-a2-remediati…
    |                                                                 ^ E702
129 | …
130 | …
    |

Found 58 errors.
[*] 5 fixable with the `--fix` option (2 hidden fixes can be enabled with the `--unsafe-fixes` option).
    Checking quantos-proto v0.1.0 (/Users/anray/Documents/project/SumAlpha/QuantOS/crates/quantos-proto)
    Checking quantos-engine-manager v0.1.0 (/Users/anray/Documents/project/SumAlpha/QuantOS/crates/quantos-engine-manager)
    Finished `dev` profile [unoptimized + debuginfo] target(s) in 14.09s
   Compiling quantos-proto v0.1.0 (/Users/anray/Documents/project/SumAlpha/QuantOS/crates/quantos-proto)
   Compiling quantos-engine-manager v0.1.0 (/Users/anray/Documents/project/SumAlpha/QuantOS/crates/quantos-engine-manager)
    Finished `test` profile [unoptimized + debuginfo] target(s) in 9.30s
     Running unittests src/lib.rs (target/debug/deps/quantos_engine_manager-7a7c96946e5acbf4)
     Running unittests src/bin/f08-approval.rs (target/debug/deps/f08_approval-e9ed4f21aed18e4c)
     Running tests/manager_negative.rs (target/debug/deps/manager_negative-d87767bf842be9de)
     Running tests/python_llmquant.rs (target/debug/deps/python_llmquant-b817fb3b9c59bb9b)
     Running tests/python_mock_engine.rs (target/debug/deps/python_mock_engine-a14b3ed6aaf7410e)
Error: "approval output exists; choose a new path"
     Running tests/python_openbb_adapter.rs (target/debug/deps/python_openbb_adapter-852edf586930b7e6)
     Running tests/python_rd_agent.rs (target/debug/deps/python_rd_agent-420a099d07254f51)
     Running tests/python_strategy_lab.rs (target/debug/deps/python_strategy_lab-a60c5c206a5844cb)
     Running tests/python_trading_agents.rs (target/debug/deps/python_trading_agents-cfcc6780d738a56b)
     Running tests/python_vibe_adapter.rs (target/debug/deps/python_vibe_adapter-e04a854d01b8f200)
   Doc-tests quantos_engine_manager
make: *** [f08-check] Error 1
