✔ all eight independently content-bound dependencies admit DEVELOPMENT only (23.246541ms)
✔ engineering aggregation preserves the sole pending user confirmation (13.96475ms)
✔ milestone rejects missing F0 (13.323708ms)
✔ milestone rejects missing PRE (14.196041ms)
✔ milestone rejects duplicate dependency (13.210875ms)
✔ milestone rejects unready F0 (13.070458ms)
✔ milestone rejects manifest bytes replaced (12.581125ms)
✔ milestone rejects digest substituted (12.622125ms)
✔ milestone rejects dependency path substituted (13.266834ms)
✔ milestone rejects dependency verdict substituted (13.235791ms)
✔ milestone rejects self manifest schema (14.993458ms)
✔ milestone rejects normative change (13.655792ms)
✔ milestone rejects source input change (13.566917ms)
✔ milestone rejects unexecuted check (13.505459ms)
✔ milestone rejects missing execution time (12.593542ms)
✔ milestone rejects missing required check (13.352042ms)
✔ milestone rejects duplicate check (12.421417ms)
✔ milestone rejects wrong command (12.667291ms)
✔ milestone rejects log tampering (12.9345ms)
✔ milestone rejects rehashed prose (12.633ms)
✔ milestone rejects external log path (12.626167ms)
✔ milestone rejects false formal acceptance (12.566708ms)
✔ milestone rejects aggregate claims database run (13.047666ms)
✔ milestone rejects hidden exclusions (12.817917ms)
✔ milestone rejects unresolved functional finding (12.703541ms)
✔ dependency validator is invoked and errors propagate (12.423084ms)
✔ fake READY cannot hide changed G0 scope (12.607917ms)
✔ arbitrary existing markdown cannot serve as a milestone receipt (0.097709ms)
✔ own arbitrary digest is rejected independently of dependency status (0.064084ms)
✔ F0 policy contains the six missing nodes and all eleven obligations (12.580208ms)
✔ production schema drift comparator rejects tables (0.142292ms)
✔ production schema drift comparator rejects columns (0.073167ms)
✔ production schema drift comparator rejects constraints (0.04975ms)
✔ production schema drift comparator rejects indexes (0.047458ms)
✔ production schema drift comparator rejects policies (0.0445ms)
✔ production schema drift comparator rejects routines (0.040416ms)
✔ production schema drift comparator rejects triggers (0.043ms)
✔ 100-task recovery evidence cannot use 10-task diagnostic or accept P95 (1.129ms)
✔ CI consumes the full milestone engineering validator and its negatives (0.064666ms)
ℹ tests 39
ℹ suites 0
ℹ pass 39
ℹ fail 0
ℹ cancelled 0
ℹ skipped 0
ℹ todo 0
ℹ duration_ms 431.054959
