
> @sumalpha/quantos@ test:pre02 /Users/anray/Documents/project/SumAlpha/QuantOS
> pnpm --filter @sumalpha/ui test:pre02


> @sumalpha/ui@0.1.0 test:pre02 /Users/anray/Documents/project/SumAlpha/QuantOS/packages/ui
> node --test scripts/pre02-gate-negative.mjs

✔ current PRE-02 design-system contract passes (8.038125ms)
✔ renaming a required safety key fails even when the count stays at 18 (1.609709ms)
✔ missing state color mapping fails closed (1.286292ms)
✔ insufficient focus contrast is rejected (1.275333ms)
✔ missing readonly viewport is rejected (1.043917ms)
✔ deny cannot become success (1.325416ms)
✔ mapped token paths must exist (0.854667ms)
✔ English safety semantics cannot be inverted (0.724834ms)
✔ all compact density values remain frozen (0.794458ms)
✔ focus width and path remain frozen (0.837833ms)
✔ breakpoint intervals cannot develop gaps (0.67175ms)
✔ typography and spacing must match the reviewed contract (1.063667ms)
✔ required component identity cannot be replaced (0.739958ms)
✔ comments do not supply executable Storybook configuration (0.756458ms)
✔ surface.2 contrast cannot be removed from the contract (0.651916ms)
✔ native reference viewport is not a prerequisite of the Web Gate (0.674208ms)
✔ disabled contrast rule cannot hide behind a matching comment (0.646167ms)
✔ readonly viewport dimensions cannot hide behind its identifier (0.737083ms)
✔ phase-two page cannot enter the Web component acceptance rows (0.585209ms)
✔ provider JSX outside the decorator cannot authorize empty decorators (0.608875ms)
✔ unexported configuration does not authorize a Storybook entry (0.683125ms)
✔ initial theme cannot contradict the dark default contract (0.6975ms)
✔ object spread cannot silently override required addons (0.747042ms)
✔ duplicate decorators cannot replace the validated provider tree (0.865084ms)
✔ dead JSX branches are not executed provider decorators (1.27375ms)
✔ provider attributes cannot be overwritten through JSX spreads (0.781792ms)
✔ provider-only JSX without the Story consumer is rejected (0.751625ms)
ℹ tests 27
ℹ suites 0
ℹ pass 27
ℹ fail 0
ℹ cancelled 0
ℹ skipped 0
ℹ todo 0
ℹ duration_ms 208.623083
