
> @sumalpha/quantos@ test:pre06 /Users/anray/Documents/project/SumAlpha/QuantOS
> node --test scripts/pre06-gate-negative.mjs scripts/pre06-runtime-negative.mjs

✔ current PRE-06 Web baseline passes (26.250792ms)
✔ website browser Gate deletion is rejected (10.701583ms)
✔ Desktop coupling in phase-one compatibility is rejected (8.912917ms)
✔ Desktop deep-link inclusion in phase-one Terminal is rejected (7.490708ms)
✔ generated operation coverage drift is rejected (7.066542ms)
✔ visual baseline integrity failure is rejected (6.702834ms)
✔ performance budget weakening is rejected (6.639334ms)
✔ disabled CI steps and comment-only commands are rejected (17.645375ms)
✔ contract assertion deletion and visual comparison deletion fail closed (10.93975ms)
✔ website performance and critical coverage gates cannot be removed (10.882166ms)
✔ CI retry policy must reject flaky outcomes and archive failure evidence (11.925375ms)
✔ comments cannot restore weakened budget or critical coverage policy (14.649708ms)
✔ skipped suites and inactive screenshot assertions cannot satisfy the baseline (39.143833ms)
✔ critical contract callbacks cannot return early, hide assertions, or remove runtime counting (25.618958ms)
✔ unknown and corrupted fixtures are rejected, explicit sabotage fixtures remain expected failures (29.715084ms)
✔ empty assets and empty route manifest are never a zero-sized performance PASS (28.439208ms)
✔ actual CI configs return nonzero for first-fail-then-pass policy probe (1350.711042ms)
ℹ tests 17
ℹ suites 0
ℹ pass 17
ℹ fail 0
ℹ cancelled 0
ℹ skipped 0
ℹ todo 0
ℹ duration_ms 1460.445291
