
> @sumalpha/quantos@ test:pre03 /Users/anray/Documents/project/SumAlpha/QuantOS
> node --test scripts/pre03-gate-negative.mjs

✔ current Web contract passes and never loads Desktop inputs (8.549708ms)
✔ apps/terminal rejects Next 15.5.23 (5.427417ms)
✔ apps/terminal rejects Next 16.0.0 (1.95325ms)
✔ apps/website rejects Next 15.5.23 (1.719458ms)
✔ apps/website rejects Next 16.0.0 (1.625834ms)
✔ missing package resolutions (1.829292ms)
✔ missing snapshots (1.176083ms)
✔ specifier drift (1.723875ms)
✔ dependency removed (2.011667ms)
✔ dependency inserted (1.88925ms)
✔ manifest drift fails without changing lock (0.856834ms)
✔ ADR drift fails (0.736917ms)
✔ duplicate ADR version row fails (0.703958ms)
✔ missing transitive snapshot fails (1.825583ms)
✔ Node pin drift fails (0.752625ms)
✔ effective Next configuration: valid export (218.431459ms)
✔ effective Next configuration: comment marker (223.753542ms)
✔ effective Next configuration: dead branch (220.301542ms)
✔ effective Next configuration: subsequent override (220.379542ms)
✔ effective Next configuration: function config (216.901042ms)
✔ bad route resources, fake HTML and script failures fail closed (11785.522833ms)
✔ Next-specific async client violation is an ESLint error (245.367125ms)
✔ build receipts reject stale source, config, identity and missing receipts (2.000584ms)
✔ source binding ignores caches but detects actual source changes (3.715708ms)
✔ all workspace importers and exact link targets are required (12.168584ms)
✔ runtime loader discovers omitted manifests independently of lockfile (537.191042ms)
✔ per-app env files are isolated and reloaded without polluting caller (681.142291ms)
ℹ tests 27
ℹ suites 0
ℹ pass 27
ℹ fail 0
ℹ cancelled 0
ℹ skipped 0
ℹ todo 0
ℹ duration_ms 15120.0215
