
> @sumalpha/quantos@ test:pre01 /Users/anray/Documents/project/SumAlpha/QuantOS
> node --test ./scripts/tests/check-pre01.test.mjs

✔ current PRE-01 artifacts satisfy the executable contract (5.423666ms)
✔ missing a page state fails closed (1.877ms)
✔ invalid story priority fails closed (0.539041ms)
✔ missing traceability row fails closed (1.47275ms)
✔ published operation cannot regress to planned fails closed (1.846125ms)
✔ unknown role fails closed (0.553666ms)
✔ unknown route fails closed (0.535334ms)
✔ duplicate story fails closed (0.599416ms)
✔ missing flow stories fails closed (0.672792ms)
✔ missing flow scenarios fails closed (1.226208ms)
✔ unsafe proposal criterion fails closed (1.25075ms)
✔ unknown trace task fails closed (1.530667ms)
✔ unauthorized admin grant fails closed (1.1705ms)
✔ missing permission route fails closed (0.680917ms)
✔ phase-one P16 fails closed (0.080166ms)
✔ missing contract owner fails closed (1.144417ms)
✔ empty flow role fails closed (0.606833ms)
✔ empty flow route fails closed (0.610541ms)
✔ state label mismatch fails closed (0.86175ms)
✔ desktop-only story fails closed (0.446292ms)
✔ persistent offline cache fails closed (1.000459ms)
✔ admin domain permission fails closed (0.766458ms)
✔ missing page story fails closed (0.523375ms)
✔ cross-page route fails closed (0.496125ms)
✔ current G0 governance preserves history without granting current acceptance (3.183666ms)
✔ past-due G0 item cannot silently remain OPEN (0.750542ms)
✔ fabricated G0 acceptance fails against current checkpoint (0.627ms)
✔ missing G0 leftover owner fails (0.62725ms)
✔ P05 cannot bind metadata download to an untraced audit export operation (2.040458ms)
✔ P21 cannot drop alert ownership from both ledger and trace while retaining the subscription (2.284209ms)
✔ unknown unlabelled operation in API register is rejected (1.816667ms)
✔ P05 quality alerts require C16 ownership on the consumer page (1.647417ms)
✔ API register rejects current version 1.4.0 (1.53ms)
✔ API register rejects current version 99.99.0 (1.577333ms)
✔ published register row cannot omit API version (1.727209ms)
✔ published register row cannot omit generated mock version (1.670541ms)
✔ all ten historical compatibility strategies cannot be cleared (0.756916ms)
✔ current disposition cannot drop a historical parent (0.987ms)
✔ current disposition requires effective checkpoint deadline (0.819334ms)
✔ current disposition cannot claim target RELEASE completion (0.865458ms)
✔ current disposition requires nonempty compatibility strategy (0.804709ms)
✔ current disposition presentation must match structured source (1.221542ms)
✔ current deadline cannot defer DEVELOPMENT provider obligations to integration (0.877375ms)
ℹ tests 43
ℹ suites 0
ℹ pass 43
ℹ fail 0
ℹ cancelled 0
ℹ skipped 0
ℹ todo 0
ℹ duration_ms 151.441959
