
> @sumalpha/quantos@ test:pre04 /Users/anray/Documents/project/SumAlpha/QuantOS
> node --test scripts/pre04-gate-negative.mjs

✔ current full phase-one inventory passes (11.583875ms)
✔ missing Gap is rejected (5.181417ms)
✔ undecided realtime dependency is rejected (5.237958ms)
✔ deleted required actorId field is rejected (4.429792ms)
✔ nonexistent field source is rejected (4.155667ms)
✔ wrong field type and optionality are rejected (4.540792ms)
✔ generated operation deletion is rejected (3.815709ms)
✔ generated method and path drift are rejected (7.896042ms)
✔ same-count schema rename is rejected (3.35625ms)
✔ schema required and enum drift are rejected (8.574ms)
✔ same-count Proto message rename is rejected (7.033125ms)
✔ removed Proto declaration is rejected (4.906042ms)
✔ same-count JSON Schema replacement is rejected (4.992042ms)
✔ duplicate contract row is rejected before Map collapse (4.547042ms)
✔ duplicate Gap row is rejected before Map collapse (4.614166ms)
✔ nonexistent role owner is rejected (4.739167ms)
✔ nonexistent backend task is rejected (4.9985ms)
✔ nonexistent BFF task is rejected (4.644125ms)
✔ unknown Gap page is rejected (4.824875ms)
✔ each missing website P0 page is rejected (23.4595ms)
✔ missing auxiliary risk/audit/order contract is rejected (12.912166ms)
✔ closing partly published Gap is rejected (4.53175ms)
✔ omitting planned operation is rejected (3.991334ms)
✔ unpublished Inventory Fixture cannot claim Implemented (4.009833ms)
✔ generated-only contract cannot claim Integrated (3.960209ms)
✔ missing provider evidence is rejected (3.766333ms)
✔ changed provider receipt is rejected (3.829792ms)
✔ missing Inventory Fixture is rejected (4.230333ms)
✔ Desktop contamination is rejected by Web inventory (4.023833ms)
✔ nonexistent domain field mappings including the former engine-version anchor are rejected (8.338625ms)
✔ removed referenced core task is rejected (4.288833ms)
✔ catalog source drift is rejected (4.087167ms)
✔ empty implementation artifact lists are rejected for every implemented contract (11.300625ms)
✔ each missing implementation evidence category is rejected (34.042167ms)
✔ duplicate artifacts cannot substitute for test or receipt evidence (3.802459ms)
✔ another contract receipt cannot substitute for required evidence (4.029ms)
✔ unknown task suffixes are rejected in both backend task columns (22.204625ms)
✔ ambiguous cross-prefix ranges cannot impersonate reviewed backend tasks (8.271792ms)
ℹ tests 38
ℹ suites 0
ℹ pass 38
ℹ fail 0
ℹ cancelled 0
ℹ skipped 0
ℹ todo 0
ℹ duration_ms 379.623042
