Validated 6 pinned Buf plugins and locked generation workflow.
✔ proto generation configuration is pinned and lock-preserving (41.378917ms)
✔ proto generation configuration rejects an unpinned remote plugin (41.503917ms)
✔ proto generation configuration rejects implicit dependency updates (40.9415ms)
ℹ tests 3
ℹ suites 0
ℹ pass 3
ℹ fail 0
ℹ cancelled 0
ℹ skipped 0
ℹ todo 0
ℹ duration_ms 158.631334
Extracted 50 JSON schema documents.
Validated 50 standalone JSON schemas and 11 planned domain schemas.
✔ standalone JSON schema gate passes the complete generated catalog (158.9495ms)
✔ standalone JSON schema gate rejects a missing planned domain schema (51.719792ms)
✔ standalone JSON schema gate rejects an unresolved reference (132.863208ms)
ℹ tests 3
ℹ suites 0
ℹ pass 3
ℹ fail 0
ℹ cancelled 0
ℹ skipped 0
ℹ todo 0
ℹ duration_ms 380.148
Proto compatibility checked against 50faf3f01b85abd5151e26cd00809c6057a355e1
Proto checks passed.
