
> @sumalpha/quantos@ test:provider-a1 /Users/anray/Documents/project/SumAlpha/QuantOS
> node --test scripts/provider-a1-receipts.test.mjs

✔ valid source and execution-bound dependency chain is READY without release signatures (40.816167ms)
✔ missing required execution (27.863875ms)
✔ failed execution (26.834709ms)
✔ wrong actual command (27.656542ms)
✔ unresolved issue (21.86225ms)
✔ wrong node (20.683417ms)
✔ missing source inventory (25.232083ms)
✔ plan scope changed (21.387708ms)
✔ outside log path (26.001833ms)
✔ wrong log digest (25.667125ms)
✔ missing dependency (25.128875ms)
✔ dependency digest substituted (25.644375ms)
✔ tampered manifest bytes are rejected (21.667709ms)
✔ changed source content is rejected despite unchanged gate digest (27.065166ms)
✔ dependency must independently be READY (25.757083ms)
✔ arbitrary log cannot masquerade as successful execution (26.502875ms)
✔ input file symlink cannot escape the repository (25.89ms)
✔ database execution cannot be inferred from a normal local PASS (32.491083ms)
✔ Supabase target receipt verifies each compressed execution log (30.922459ms)
✔ source drift during execution invalidates the original input snapshot (39.314709ms)
✔ requirement drift during execution invalidates the original input snapshot (44.158375ms)
✔ controlled public development profile overrides stale values and preserves server inputs (0.121458ms)
✔ private credentials cannot be injected through a public development profile (0.088208ms)
✔ transient Auth 503 can retry only a complete target execution (0.092792ms)
✔ persistent target timeout never becomes PASS and stops at its budget (0.071208ms)
✔ semantic target failures stop without retry or PASS (0.023667ms)
✔ target retry budget cannot be unbounded (0.096667ms)
✔ configured target retries require explicit attempt outcomes in the receipt (30.610167ms)
✔ three successful full builds bind output inventories (0.347625ms)
✔ reproducibility rejects only two builds (0.105042ms)
✔ reproducibility rejects missing Python build (0.12125ms)
✔ reproducibility rejects failed command (0.130292ms)
✔ reproducibility rejects different output digest (0.090792ms)
✔ reproducibility rejects substituted inventory (0.067791ms)
✔ reproducibility rejects dirty source (0.055792ms)
✔ reproducibility rejects old source (0.060334ms)
✔ development policy retains explicit build, coverage, volume and target storage obligations (0.276667ms)
✔ static make commands cannot reload .env.local or inherit target database opt-ins (0.075875ms)
✔ volume retry restarts the complete check only on a closed PostgreSQL transport (0.049958ms)
✔ volume correctness and certificate errors cannot be retried into PASS (0.030333ms)
✔ persistent database transport failure stays failed at the retry limit (0.024583ms)
✔ separate assessment snapshot preserves historical manifests and binds its own logs (30.898416ms)
✔ third-party Git link binds the actual clean checkout and rejects dirty/advanced source (137.248458ms)
ℹ tests 43
ℹ suites 0
ℹ pass 43
ℹ fail 0
ℹ cancelled 0
ℹ skipped 0
ℹ todo 0
ℹ duration_ms 830.522792
