
> @sumalpha/quantos@ test:pre06 /private/var/folders/k8/_4hymb6j59s0c8xntb11ktmc0000gn/T/quantos-pre06-remediation-_g60elzb
> node --test scripts/pre06-gate-negative.mjs scripts/pre06-runtime-negative.mjs

✔ current PRE-06 Web baseline passes (23.658584ms)
✔ website browser Gate deletion is rejected (9.443625ms)
✔ Desktop coupling in phase-one compatibility is rejected (7.375667ms)
✔ Desktop deep-link inclusion in phase-one Terminal is rejected (6.648042ms)
✔ generated operation coverage drift is rejected (6.068458ms)
✔ visual baseline integrity failure is rejected (5.395834ms)
✔ performance budget weakening is rejected (5.104167ms)
✔ disabled CI steps and comment-only commands are rejected (15.165375ms)
✔ contract assertion deletion and visual comparison deletion fail closed (9.541875ms)
✔ website performance and critical coverage gates cannot be removed (9.479708ms)
✔ CI retry policy must reject flaky outcomes and archive failure evidence (8.525042ms)
✔ comments cannot restore weakened budget or critical coverage policy (12.789875ms)
✔ skipped suites and inactive screenshot assertions cannot satisfy the baseline (32.017875ms)
✔ unknown and corrupted fixtures are rejected, explicit sabotage fixtures remain expected failures (28.91075ms)
✔ empty assets and empty route manifest are never a zero-sized performance PASS (28.438958ms)
✔ actual CI configs return nonzero for first-fail-then-pass policy probe (2830.907333ms)
ℹ tests 16
ℹ suites 0
ℹ pass 16
ℹ fail 0
ℹ cancelled 0
ℹ skipped 0
ℹ todo 0
ℹ duration_ms 2936.518791
