
> @sumalpha/quantos@ test:development-plans /private/var/folders/k8/_4hymb6j59s0c8xntb11ktmc0000gn/T/quantos-pre03-recheck-sq_ecxw_
> node --test scripts/development-plan-order-negative.mjs

✔ joint schedule is acyclic and preserves task/status boundaries (9.551375ms)
✔ restoring a complete R1 prerequisite for S2 services creates a rejected cycle (4.348792ms)
✔ research service waiting on its consumer page is rejected (3.67575ms)
✔ historical CORE:R04 to CORE:L04 probe now fails closed (3.991708ms)
✔ an early identity API cannot silently depend on later research services (5.235ms)
✔ a provider cannot wait for the consumer frontend Gate (3.541417ms)
✔ removing S2 service admission from a core execution task is rejected (3.939208ms)
✔ S2 service Gate cannot omit TP12 advance evaluation (3.936708ms)
✔ I10 cannot drop testnet service admission even if metadata is edited with it (4.798666ms)
✔ a new or existing frontend cannot skip the full provider Gate (4.494917ms)
✔ G5 cannot be marked as closing in I4 before reconciliation (4.215083ms)
✔ moving the G1 block above I1 tasks is rejected (4.372125ms)
✔ milestone cannot omit its last child while retaining a Gate summary (4.606792ms)
✔ prose-only backend dependencies cannot drift from structured prerequisites (4.3635ms)
✔ core closure mapping cannot become an implicit service alias (4.607667ms)
✔ ACCEPTED checkpoint needs SHA and evidence, not only a green word (4.357167ms)
✔ accepted checkpoint evidence must resolve (2.291292ms)
✔ missing checkpoint and unknown dependency fail closed (5.284791ms)
✔ API windows cannot skip their preceding provider checkpoint (4.159292ms)
✔ UI windows cannot skip the preceding reconciliation window (4.122208ms)
✔ Web intake preserves the explicit no-model-review schema (1.547542ms)
✔ missing Web task fields still fail closed (1.274625ms)
ℹ tests 22
ℹ suites 0
ℹ pass 22
ℹ fail 0
ℹ cancelled 0
ℹ skipped 0
ℹ todo 0
ℹ duration_ms 130.689
