
> @sumalpha/quantos@ test:pre02 /private/var/folders/k8/_4hymb6j59s0c8xntb11ktmc0000gn/T/quantos-pre03-recheck-sq_ecxw_
> pnpm --filter @sumalpha/ui test:pre02


> @sumalpha/ui@0.1.0 test:pre02 /private/var/folders/k8/_4hymb6j59s0c8xntb11ktmc0000gn/T/quantos-pre03-recheck-sq_ecxw_/packages/ui
> node --test scripts/pre02-gate-negative.mjs

✔ current PRE-02 design-system contract passes (8.876416ms)
✔ renaming a required safety key fails even when the count stays at 18 (1.557125ms)
✔ missing state color mapping fails closed (1.172291ms)
✔ insufficient focus contrast is rejected (1.117375ms)
✔ missing readonly viewport is rejected (1.036167ms)
✔ deny cannot become success (1.413459ms)
✔ mapped token paths must exist (0.926167ms)
✔ English safety semantics cannot be inverted (0.853042ms)
✔ all compact density values remain frozen (0.908042ms)
✔ focus width and path remain frozen (0.996875ms)
✔ breakpoint intervals cannot develop gaps (0.72775ms)
✔ typography and spacing must match the reviewed contract (0.994375ms)
✔ required component identity cannot be replaced (0.714083ms)
✔ comments do not supply executable Storybook configuration (0.749125ms)
✔ surface.2 contrast cannot be removed from the contract (0.6645ms)
✔ native reference viewport is not a prerequisite of the Web Gate (0.607667ms)
✔ disabled contrast rule cannot hide behind a matching comment (0.647041ms)
✔ readonly viewport dimensions cannot hide behind its identifier (0.812584ms)
✔ phase-two page cannot enter the Web component acceptance rows (0.8605ms)
✔ provider JSX outside the decorator cannot authorize empty decorators (0.692125ms)
✔ unexported configuration does not authorize a Storybook entry (0.64525ms)
✔ initial theme cannot contradict the dark default contract (0.62125ms)
✔ object spread cannot silently override required addons (0.708958ms)
✔ duplicate decorators cannot replace the validated provider tree (0.619833ms)
✔ dead JSX branches are not executed provider decorators (0.974375ms)
✔ provider attributes cannot be overwritten through JSX spreads (0.793292ms)
✔ provider-only JSX without the Story consumer is rejected (0.662083ms)
ℹ tests 27
ℹ suites 0
ℹ pass 27
ℹ fail 0
ℹ cancelled 0
ℹ skipped 0
ℹ todo 0
ℹ duration_ms 219.584958
