
> @sumalpha/quantos@ test /private/var/folders/k8/_4hymb6j59s0c8xntb11ktmc0000gn/T/quantos-pre03-recheck-sq_ecxw_
> pnpm -r test

Scope: 7 of 8 workspace projects
packages/config test$ vitest run
packages/ui test$ vitest run
packages/config test:  RUN  v4.1.11 /private/var/folders/k8/_4hymb6j59s0c8xntb11ktmc0000gn/T/quantos-pre03-recheck-sq_ecxw_/packages/config
packages/ui test:  RUN  v4.1.11 /private/var/folders/k8/_4hymb6j59s0c8xntb11ktmc0000gn/T/quantos-pre03-recheck-sq_ecxw_/packages/ui
packages/config test:  Test Files  1 passed (1)
packages/config test:       Tests  12 passed (12)
packages/config test:    Start at  19:21:30
packages/config test:    Duration  427ms (transform 335ms, setup 0ms, import 343ms, tests 3ms, environment 0ms)
packages/config test: Done
packages/ui test:  Test Files  4 passed (4)
packages/ui test:       Tests  19 passed (19)
packages/ui test:    Start at  19:21:30
packages/ui test:    Duration  578ms (transform 1.22s, setup 0ms, import 1.49s, tests 57ms, environment 233ms)
packages/ui test: Done
packages/api-client test$ vitest run
packages/platform test$ vitest run
packages/platform test:  RUN  v4.1.11 /private/var/folders/k8/_4hymb6j59s0c8xntb11ktmc0000gn/T/quantos-pre03-recheck-sq_ecxw_/packages/platform
packages/api-client test:  RUN  v4.1.11 /private/var/folders/k8/_4hymb6j59s0c8xntb11ktmc0000gn/T/quantos-pre03-recheck-sq_ecxw_/packages/api-client
packages/platform test:  Test Files  1 passed (1)
packages/platform test:       Tests  2 passed (2)
packages/platform test:    Start at  19:21:31
packages/platform test:    Duration  95ms (transform 20ms, setup 0ms, import 27ms, tests 1ms, environment 0ms)
packages/platform test: Done
packages/api-client test:  Test Files  3 passed (3)
packages/api-client test:       Tests  46 passed (46)
packages/api-client test:    Start at  19:21:31
packages/api-client test:    Duration  213ms (transform 165ms, setup 0ms, import 294ms, tests 48ms, environment 0ms)
packages/api-client test: Done
apps/website test$ vitest run
packages/domain-ui test$ vitest run
packages/domain-ui test:  RUN  v4.1.11 /private/var/folders/k8/_4hymb6j59s0c8xntb11ktmc0000gn/T/quantos-pre03-recheck-sq_ecxw_/packages/domain-ui
apps/website test:  RUN  v4.1.11 /private/var/folders/k8/_4hymb6j59s0c8xntb11ktmc0000gn/T/quantos-pre03-recheck-sq_ecxw_/apps/website
packages/domain-ui test:  Test Files  3 passed (3)
packages/domain-ui test:       Tests  16 passed (16)
packages/domain-ui test:    Start at  19:21:31
packages/domain-ui test:    Duration  173ms (transform 144ms, setup 0ms, import 226ms, tests 9ms, environment 0ms)
packages/domain-ui test: Done
apps/website test:  Test Files  2 passed (2)
apps/website test:       Tests  7 passed (7)
apps/website test:    Start at  19:21:31
apps/website test:    Duration  741ms (transform 140ms, setup 0ms, import 215ms, tests 6ms, environment 0ms)
apps/website test: Done
apps/terminal test$ vitest run
apps/terminal test:  RUN  v4.1.11 /private/var/folders/k8/_4hymb6j59s0c8xntb11ktmc0000gn/T/quantos-pre03-recheck-sq_ecxw_/apps/terminal
apps/terminal test:  Test Files  11 passed (11)
apps/terminal test:       Tests  65 passed (65)
apps/terminal test:    Start at  19:21:32
apps/terminal test:    Duration  338ms (transform 975ms, setup 0ms, import 1.71s, tests 83ms, environment 0ms)
apps/terminal test: Done
