
> @sumalpha/quantos@ test:pre03 /private/var/folders/k8/_4hymb6j59s0c8xntb11ktmc0000gn/T/quantos-pre03-recheck-sq_ecxw_
> node --test scripts/pre03-gate-negative.mjs

✔ current Web contract passes and never loads Desktop inputs (9.251542ms)
✔ apps/terminal rejects Next 15.5.23 (5.539042ms)
✔ apps/terminal rejects Next 16.0.0 (1.935666ms)
✔ apps/website rejects Next 15.5.23 (1.714542ms)
✔ apps/website rejects Next 16.0.0 (1.6405ms)
✔ missing package resolutions (1.861792ms)
✔ missing snapshots (1.214917ms)
✔ specifier drift (1.739917ms)
✔ dependency removed (1.865959ms)
✔ dependency inserted (1.846042ms)
✔ manifest drift fails without changing lock (0.917709ms)
✔ ADR drift fails (0.744709ms)
✔ duplicate ADR version row fails (0.717875ms)
✔ missing transitive snapshot fails (1.800459ms)
✔ Node pin drift fails (0.953792ms)
✔ effective Next configuration: valid export (226.2865ms)
✔ effective Next configuration: comment marker (225.163125ms)
✔ effective Next configuration: dead branch (230.494125ms)
✔ effective Next configuration: subsequent override (224.889875ms)
✔ effective Next configuration: function config (229.021083ms)
✔ bad route resources, fake HTML and script failures fail closed (11814.0925ms)
✔ Next-specific async client violation is an ESLint error (275.201334ms)
✔ build receipts reject stale source, config, identity and missing receipts (2.119917ms)
✔ source binding ignores caches but detects actual source changes (3.454ms)
✔ all workspace importers and exact link targets are required (9.983583ms)
✔ runtime loader discovers omitted manifests independently of lockfile (522.870542ms)
✔ per-app env files are isolated and reloaded without polluting caller (691.43325ms)
ℹ tests 27
ℹ suites 0
ℹ pass 27
ℹ fail 0
ℹ cancelled 0
ℹ skipped 0
ℹ todo 0
ℹ duration_ms 15231.235542
