✔ complete current evidence passes with all dependencies checked (87.558917ms)
✔ own failure is rejected (74.554959ms)
✔ residual defect is rejected (60.2805ms)
✔ stale code is rejected (73.32675ms)
✔ upstream not READY is rejected (61.489584ms)
✔ upstream digest changed is rejected (65.479167ms)
✔ recursive upstream failure is rejected (63.771167ms)
✔ evidence tampered is rejected (64.631292ms)
✔ target assertion missing is rejected (62.503458ms)
✔ cleanup unverified is rejected (57.044125ms)
✔ live policy mutant survives is rejected (59.934875ms)
✔ live semantic test omitted is rejected (63.769125ms)
✔ target source stale is rejected (62.229208ms)
✔ audit trace absent is rejected (56.784042ms)
✔ current BFF-FE-001 repository Gate passes (6.45325ms)
✔ CSRF deletion is rejected (6.298667ms)
✔ bearer session regression is rejected (4.731ms)
✔ recent-auth deletion is rejected (4.9725ms)
✔ idempotency deletion is rejected (4.449375ms)
✔ last-factor protection deletion is rejected (3.668667ms)
✔ resource-hiding 404 deletion is rejected (4.188125ms)
✔ revocation replay deletion is rejected (4.109917ms)
✔ security audit reference deletion is rejected (3.901334ms)
✔ dependency regression is rejected (2.70875ms)
✔ provider changes invalidate executed evidence (2.751167ms)
✔ providerTests changes invalidate executed evidence (2.684041ms)
✔ authClient changes invalidate executed evidence (2.718834ms)
✔ settingsClient changes invalidate executed evidence (2.97075ms)
✔ liveProvider changes invalidate executed evidence (2.688875ms)
✔ frontendWorkflow commands in comments do not count as CI (3.633834ms)
✔ ciWorkflow commands in comments do not count as CI (2.743375ms)
✔ disabled CI steps cannot satisfy the Gate (2.769666ms)
✔ outdated inventory cannot satisfy the active evidence Gate (2.784167ms)
✔ commented Make recipes do not satisfy executable wiring (2.618833ms)
✔ no semantic receipt cannot satisfy the Gate (2.475209ms)
✔ deleted active evidence cannot satisfy the Gate (2.431375ms)
✔ fully bound executed evidence is admitted (1.353875ms)
✔ Node spec reporter with successful executed assertions is admitted (0.330916ms)
✔ Node non-execution or failure summary is rejected: "# pass 0\n# fail 0\n" (0.481709ms)
✔ Node non-execution or failure summary is rejected: "# pass 21\n# fail 1\n" (0.207541ms)
✔ Node non-execution or failure summary is rejected: "business assertions passed\n" (0.187625ms)
✔ Node non-execution or failure summary is rejected: "// # pass 21\n// # fail 0\n" (0.154916ms)
✔ comments-only replacement changes functional inputs is rejected (0.555292ms)
✔ unready dependency is rejected (0.179542ms)
✔ missing live execution is rejected (0.159375ms)
✔ evidence bytes changed is rejected (0.179792ms)
✔ compilation-only mutant rejection is rejected (0.484167ms)
✔ missing current export roots is rejected (0.193542ms)
✔ missing authentication matrix is rejected (0.180375ms)
✔ unexecuted target assertion is rejected (0.304292ms)
✔ dependency validator failed is rejected (0.11725ms)
✔ current BFF-FE-007 repository Gate passes (0.79875ms)
✔ redaction attestation deletion is rejected (1.434208ms)
✔ evidence cursor deletion is rejected (0.895125ms)
✔ export capability regression is rejected (0.908875ms)
✔ CSRF deletion is rejected (1.048416ms)
✔ recent-auth deletion is rejected (1.057875ms)
✔ idempotency deletion is rejected (1.097833ms)
✔ expired download response deletion is rejected (1.064416ms)
✔ download URL leakage through status is rejected (1.109667ms)
✔ watermark deletion is rejected (1.438083ms)
✔ dependency regression is rejected (0.268541ms)
ℹ tests 62
ℹ suites 0
ℹ pass 62
ℹ fail 0
ℹ cancelled 0
ℹ skipped 0
ℹ todo 0
ℹ duration_ms 957.554084
