node ./scripts/check-r01.mjs
R01 assembly Gate PASS; runtime, coverage and target Gates are separate.
node --test ./scripts/r01-gate-negative.mjs ./scripts/r01-coverage-negative.mjs
✔ complete coverage passes (0.571042ms)
✔ lines below threshold fails (0.384834ms)
✔ regions below threshold fails (0.395333ms)
✔ branches below threshold fails (0.106792ms)
✔ missing branch measurement fails (0.114ms)
✔ missing CLI source fails (0.201375ms)
✔ current assembly passes (0.594333ms)
✔ replay count regression fails closed (0.137791ms)
✔ provider registry regression fails closed (0.11925ms)
✔ source conflict regression fails closed (0.12275ms)
✔ persistent writer regression fails closed (0.135917ms)
✔ atomic transaction regression fails closed (0.1035ms)
✔ F0 receipt regression fails closed (0.466125ms)
✔ accepted dependency regression fails closed (0.257709ms)
✔ CLI tests regression fails closed (0.156708ms)
✔ CI assembly regression fails closed (0.165792ms)
ℹ tests 16
ℹ suites 0
ℹ pass 16
ℹ fail 0
ℹ cancelled 0
ℹ skipped 0
ℹ todo 0
ℹ duration_ms 39.016584
cargo test -p quantos-market --lib --locked
    Finished `test` profile [unoptimized + debuginfo] target(s) in 0.10s
     Running unittests src/lib.rs (target/debug/deps/quantos_market-3f958c2c8750d096)

running 13 tests
test tests::instrument_identity_is_unambiguous_and_venue_scoped ... ok
test tests::rejects_unapproved_providers_and_normalizes_symbols ... ok
test tests::identity_is_tenant_scoped_and_conflicting_content_is_rejected ... ok
test tests::freshness_and_quality_anomalies_emit_events_within_five_seconds ... ok
test tests::provider_configuration_fails_closed_and_supports_revocation ... ok
test tests::processing_clock_detects_backlog_future_receive_and_future_event ... ok
test tests::failed_batch_does_not_publish_partial_ledger_or_identity ... ok
test tests::invalid_numeric_ticks_emit_quality_with_raw_values_and_continue ... ok
test tests::out_of_order_and_duplicate_ticks_are_deduplicated ... ok
test tests::pure_domain_p95_under_fifty_milliseconds ... ok
test tests::error_codes_and_io_failures_are_deterministic ... ok
test tests::replay_and_parser_are_bounded_and_invalid_specs_return_errors ... ok
test tests::replay_dataset_ingests_one_hundred_thousand_ticks_without_parse_failures ... ok

test result: ok. 13 passed; 0 failed; 0 ignored; 0 measured; 0 filtered out; finished in 8.75s

cargo test -p market-ingestor --locked
    Finished `test` profile [unoptimized + debuginfo] target(s) in 0.10s
     Running unittests src/main.rs (target/debug/deps/market_ingestor-91bfbbc7b47846ff)

running 0 tests

test result: ok. 0 passed; 0 failed; 0 ignored; 0 measured; 0 filtered out; finished in 0.00s

     Running tests/cli.rs (target/debug/deps/cli-e5cded3a4a70f5da)

running 2 tests
test cli_supabase_fixture_and_recovery_paths ... ok
test cli_success_rejection_and_config_paths ... ok

test result: ok. 2 passed; 0 failed; 0 ignored; 0 measured; 0 filtered out; finished in 0.73s

/Library/Developer/CommandLineTools/usr/bin/make r01-mutation-check
node ./scripts/r01-mutation-check.mjs
R01 compiled mutation rejected: source-content-conflict
R01 compiled mutation rejected: failed-append-identity
