✖ inventory reads a Git file list over 1 MiB without truncating selected inputs (185.003375ms)
ℹ tests 1
ℹ suites 0
ℹ pass 0
ℹ fail 1
ℹ cancelled 0
ℹ skipped 0
ℹ todo 0
ℹ duration_ms 240.705792

✖ failing tests:

test at scripts/provider-a1-receipts.test.mjs:101:1
✖ inventory reads a Git file list over 1 MiB without truncating selected inputs (185.003375ms)
  AssertionError [ERR_ASSERTION]: large inventory failed: ENOBUFS
      at TestContext.<anonymous> (file:///Users/anray/Documents/project/SumAlpha/QuantOS/scripts/provider-a1-receipts.test.mjs:112:70)
      at Test.runInAsyncScope (node:async_hooks:214:14)
      at Test.run (node:internal/test_runner/test:1106:25)
      at Test.start (node:internal/test_runner/test:1003:17)
      at startSubtestAfterBootstrap (node:internal/test_runner/harness:358:17) {
    generatedMessage: false,
    code: 'ERR_ASSERTION',
    actual: undefined,
    expected: undefined,
    operator: 'fail',
    diff: 'simple'
  }
