✔ valid source and execution-bound dependency chain is READY without release signatures (44.336166ms)
✔ missing required execution (37.585667ms)
✔ failed execution (31.592459ms)
✔ wrong actual command (34.923125ms)
✔ unresolved issue (28.018875ms)
✔ wrong node (27.162667ms)
✔ missing source inventory (36.183375ms)
✔ plan scope changed (27.9665ms)
✔ outside log path (36.068042ms)
✔ wrong log digest (34.565208ms)
✔ missing dependency (35.285458ms)
✔ dependency digest substituted (33.675666ms)
✔ tampered manifest bytes are rejected (28.610125ms)
✔ changed source content is rejected despite unchanged gate digest (34.903458ms)
✔ dependency must independently be READY (35.323209ms)
✔ arbitrary log cannot masquerade as successful execution (34.840125ms)
✔ input file symlink cannot escape the repository (33.439541ms)
✔ database execution cannot be inferred from a normal local PASS (42.2125ms)
✔ Supabase target receipt verifies each compressed execution log (43.961833ms)
✔ source drift during execution invalidates the original input snapshot (52.351125ms)
✔ requirement drift during execution invalidates the original input snapshot (55.742292ms)
✔ controlled public development profile overrides stale values and preserves server inputs (0.229875ms)
✔ private credentials cannot be injected through a public development profile (0.130875ms)
✔ transient Auth 503 can retry only a complete target execution (0.119209ms)
✔ persistent target timeout never becomes PASS and stops at its budget (0.086625ms)
✔ semantic target failures stop without retry or PASS (0.026791ms)
✔ target retry budget cannot be unbounded (0.091125ms)
✔ configured target retries require explicit attempt outcomes in the receipt (41.442541ms)
✔ three successful full builds bind output inventories (0.38625ms)
✔ reproducibility rejects only two builds (0.125167ms)
✔ reproducibility rejects missing Python build (0.131625ms)
✔ reproducibility rejects failed command (0.125959ms)
✔ reproducibility rejects different output digest (0.09125ms)
✔ reproducibility rejects substituted inventory (0.067583ms)
✔ reproducibility rejects dirty source (0.057542ms)
✔ reproducibility rejects old source (0.059917ms)
✔ development policy retains explicit build, coverage, volume and target storage obligations (0.30875ms)
✔ static make commands cannot reload .env.local or inherit target database opt-ins (0.074916ms)
✔ volume retry restarts the complete check only on a closed PostgreSQL transport (0.049334ms)
✔ volume correctness and certificate errors cannot be retried into PASS (0.03ms)
✔ persistent database transport failure stays failed at the retry limit (0.024792ms)
✔ separate assessment snapshot preserves historical manifests and binds its own logs (40.96475ms)
✔ third-party Git link binds the actual clean checkout and rejects dirty/advanced source (172.365167ms)
✔ transient read-only preflight connection closure retries the complete target (0.112ms)
✔ preflight permission and role failures are not transport retries (0.065292ms)
✔ persistent preflight closure exhausts three attempts without PASS (0.072416ms)
✔ engineering snapshot never grants admission when dependencies are not assessed (205.822ms)
✔ skeleton artifact rejects omitted check (202.936459ms)
✔ skeleton artifact rejects failed execution (198.299292ms)
✔ skeleton artifact rejects fake command (200.337333ms)
✔ skeleton artifact rejects changed source (186.631083ms)
✔ skeleton artifact rejects changed log (203.728208ms)
✔ skeleton artifact rejects formal acceptance claim (94.742ms)
✔ skeleton artifact rejects future execution (201.59875ms)
✔ unified artifact rejects a receipt executed on another source SHA (94.536125ms)
✔ copied artifact verifies its bound supporting logs instead of mutable original logs (226.627208ms)
✔ Python regression count cannot fall below the established baseline (153.042084ms)
✔ engineering-only validation never grants TP01-D admission (282.483959ms)
✔ all copied supporting logs are required (141.916917ms)
✔ TP01-D artifact rejects omitted check (302.241416ms)
✔ TP01-D artifact rejects failed execution (254.616792ms)
✔ TP01-D artifact rejects fake command (314.502667ms)
✔ TP01-D artifact rejects source inventory (268.62925ms)
✔ TP01-D artifact rejects log digest (222.857125ms)
✔ TP01-D artifact rejects fixture omission (227.205917ms)
✔ TP01-D artifact rejects queue drift (207.164167ms)
✔ TP01-D artifact rejects formal claim (113.8895ms)
✔ TP01-D artifact rejects future execution (208.518834ms)
✔ source commit must match execution manifest (104.526833ms)
✔ copied logs are validated independently of mutable canonical logs (257.867208ms)
✔ engineering-only evidence cannot admit TP02 (216.657ms)
✔ all execution logs and installed wheels must travel with a copied receipt (111.547709ms)
✔ TP02 receipt rejects omitted check (223.947167ms)
✔ TP02 receipt rejects failed execution (205.16125ms)
✔ TP02 receipt rejects fake command (185.641958ms)
✔ TP02 receipt rejects source inventory (190.348041ms)
✔ TP02 receipt rejects log digest (208.086792ms)
✔ TP02 receipt rejects fixture omission (192.436792ms)
✔ TP02 receipt rejects formal claim (92.25975ms)
✔ TP02 receipt rejects future execution (175.6785ms)
✔ TP02 receipt rejects unreaped package child (157.348625ms)
✔ TP02 receipt rejects editable package claim (150.900375ms)
✔ TP02 receipt rejects upstream claim (155.227375ms)
✔ execution source must match unified manifest (85.888542ms)
✔ copied logs are independent of canonical logs (208.351791ms)
✔ tampered wheel bytes are rejected (132.875625ms)
✖ engineering-only evidence cannot admit TP03 (121.202333ms)
✔ all execution logs and installed wheels must travel with a copied receipt (112.275ms)
✔ TP03 receipt rejects omitted check (120.030542ms)
✔ TP03 receipt rejects failed execution (118.891791ms)
✔ TP03 receipt rejects fake command (115.18ms)
✔ TP03 receipt rejects source inventory (118.441666ms)
✔ TP03 receipt rejects log digest (119.318084ms)
✔ TP03 receipt rejects fixture omission (106.095792ms)
✔ TP03 receipt rejects formal claim (112.40275ms)
✔ TP03 receipt rejects future execution (132.896333ms)
✔ TP03 receipt rejects unreaped package child (118.531416ms)
✔ TP03 receipt rejects editable package claim (106.485416ms)
✔ TP03 receipt rejects upstream claim (112.286584ms)
✔ execution source must match unified manifest (106.053791ms)
✖ copied logs are independent of canonical logs (102.851666ms)
✖ tampered wheel bytes are rejected (88.963125ms)
✔ actual output evidence rejects matrix sample omission (88.784625ms)
✔ actual output evidence rejects Signal confidence (88.4335ms)
✔ actual output evidence rejects Signal time (91.20025ms)
✔ actual output evidence rejects Signal source claim (92.694708ms)
✔ UI transcript rejects cancel timeout (93.425333ms)
✔ UI transcript rejects cancel side effect (85.502833ms)
ℹ tests 108
ℹ suites 0
ℹ pass 105
ℹ fail 3
ℹ cancelled 0
ℹ skipped 0
ℹ todo 0
ℹ duration_ms 2971.687875

✖ failing tests:

test at scripts/tp03-functional-artifacts.test.mjs:9:1
✖ engineering-only evidence cannot admit TP03 (121.202333ms)
  AssertionError [ERR_ASSERTION]: Expected values to be strictly equal:
  
  'FAIL' !== 'PASS'
  
      at verifyTp03 (file:///Users/anray/Documents/project/SumAlpha/QuantOS/engines/llmquant/check-development.mjs:29:170)
      at file:///Users/anray/Documents/project/SumAlpha/QuantOS/scripts/tp03-functional-artifacts.test.mjs:9:99
      at fixture (file:///Users/anray/Documents/project/SumAlpha/QuantOS/scripts/tp03-functional-artifacts.test.mjs:8:290)
      at TestContext.<anonymous> (file:///Users/anray/Documents/project/SumAlpha/QuantOS/scripts/tp03-functional-artifacts.test.mjs:9:56)
      at Test.runInAsyncScope (node:async_hooks:214:14)
      at Test.run (node:internal/test_runner/test:1106:25)
      at Test.start (node:internal/test_runner/test:1003:17)
      at startSubtestAfterBootstrap (node:internal/test_runner/harness:358:17) {
    generatedMessage: true,
    code: 'ERR_ASSERTION',
    actual: 'FAIL',
    expected: 'PASS',
    operator: 'strictEqual',
    diff: 'simple'
  }

test at scripts/tp03-functional-artifacts.test.mjs:15:1
✖ copied logs are independent of canonical logs (102.851666ms)
  AssertionError [ERR_ASSERTION]: Expected values to be strictly equal:
  
  'FAIL' !== 'PASS'
  
      at verifyTp03 (file:///Users/anray/Documents/project/SumAlpha/QuantOS/engines/llmquant/check-development.mjs:29:170)
      at validateArtifact (file:///Users/anray/Documents/project/SumAlpha/QuantOS/scripts/provider-a1-receipts.mjs:93:113)
      at file:///Users/anray/Documents/project/SumAlpha/QuantOS/scripts/tp03-functional-artifacts.test.mjs:15:143
      at fixture (file:///Users/anray/Documents/project/SumAlpha/QuantOS/scripts/tp03-functional-artifacts.test.mjs:8:290)
      at TestContext.<anonymous> (file:///Users/anray/Documents/project/SumAlpha/QuantOS/scripts/tp03-functional-artifacts.test.mjs:15:58)
      at Test.runInAsyncScope (node:async_hooks:214:14)
      at Test.run (node:internal/test_runner/test:1106:25)
      at Test.processPendingSubtests (node:internal/test_runner/test:788:18)
      at Test.postRun (node:internal/test_runner/test:1235:19)
      at Test.run (node:internal/test_runner/test:1163:12) {
    generatedMessage: true,
    code: 'ERR_ASSERTION',
    actual: 'FAIL',
    expected: 'PASS',
    operator: 'strictEqual',
    diff: 'simple'
  }

test at scripts/tp03-functional-artifacts.test.mjs:16:1
✖ tampered wheel bytes are rejected (88.963125ms)
  AssertionError [ERR_ASSERTION]: The input did not match the regular expression /wheel changed/. Input:
  
  'AssertionError [ERR_ASSERTION]: Expected values to be strictly equal:\n' +
    '\n' +
    "'FAIL' !== 'PASS'\n"
  
      at file:///Users/anray/Documents/project/SumAlpha/QuantOS/scripts/tp03-functional-artifacts.test.mjs:16:158
      at fixture (file:///Users/anray/Documents/project/SumAlpha/QuantOS/scripts/tp03-functional-artifacts.test.mjs:8:290)
      at TestContext.<anonymous> (file:///Users/anray/Documents/project/SumAlpha/QuantOS/scripts/tp03-functional-artifacts.test.mjs:16:46)
      at Test.runInAsyncScope (node:async_hooks:214:14)
      at Test.run (node:internal/test_runner/test:1106:25)
      at Test.processPendingSubtests (node:internal/test_runner/test:788:18)
      at Test.postRun (node:internal/test_runner/test:1235:19)
      at Test.run (node:internal/test_runner/test:1163:12)
      at async Test.processPendingSubtests (node:internal/test_runner/test:788:7) {
    generatedMessage: true,
    code: 'ERR_ASSERTION',
    actual: AssertionError [ERR_ASSERTION]: Expected values to be strictly equal:
    
    'FAIL' !== 'PASS'
    
        at verifyTp03 (file:///Users/anray/Documents/project/SumAlpha/QuantOS/engines/llmquant/check-development.mjs:29:170)
        at file:///Users/anray/Documents/project/SumAlpha/QuantOS/scripts/tp03-functional-artifacts.test.mjs:16:169
        at getActual (node:assert:611:5)
        at strict.throws (node:assert:759:24)
        at file:///Users/anray/Documents/project/SumAlpha/QuantOS/scripts/tp03-functional-artifacts.test.mjs:16:158
        at fixture (file:///Users/anray/Documents/project/SumAlpha/QuantOS/scripts/tp03-functional-artifacts.test.mjs:8:290)
        at TestContext.<anonymous> (file:///Users/anray/Documents/project/SumAlpha/QuantOS/scripts/tp03-functional-artifacts.test.mjs:16:46)
        at Test.runInAsyncScope (node:async_hooks:214:14)
        at Test.run (node:internal/test_runner/test:1106:25)
        at Test.processPendingSubtests (node:internal/test_runner/test:788:18),
    expected: /wheel changed/,
    operator: 'throws',
    diff: 'simple'
  }
