
> @sumalpha/quantos@ coverage:web /Users/anray/Documents/project/SumAlpha/QuantOS
> vitest run --config vitest.coverage.config.ts --coverage


 RUN  v4.1.11 /Users/anray/Documents/project/SumAlpha/QuantOS
      Coverage enabled with v8


 Test Files  24 passed (24)
      Tests  168 passed (168)
   Start at  21:26:14
   Duration  636ms (transform 1.51s, setup 0ms, import 3.31s, tests 263ms, environment 1ms)

 % Coverage report from v8
-------------------|---------|----------|---------|---------|-------------------
File               | % Stmts | % Branch | % Funcs | % Lines | Uncovered Line #s
-------------------|---------|----------|---------|---------|-------------------
All files          |   79.69 |    74.44 |   67.26 |   80.21 |
 apps/terminal/src |   85.71 |      100 |      75 |   85.71 |
  app.ts           |      80 |      100 |   66.66 |      80 | 44
 ...inal/src/audit |   81.25 |       56 |     100 |   96.15 |
  gateway.ts       |   81.25 |       56 |     100 |   96.15 | 105
 ...minal/src/auth |   86.31 |    81.48 |   85.71 |   88.23 |
  bff.ts           |     100 |    88.88 |     100 |     100 | 32
  flow.ts          |   83.92 |       75 |   88.88 |   86.27 | 57-60,84-90,150
  pkce.ts          |   63.63 |      100 |      60 |   66.66 | 24-26
 ...al/src/command |     100 |    73.33 |     100 |     100 |
  runtime.ts       |     100 |    73.33 |     100 |     100 | 41-51
 ...l/src/settings |   86.04 |    58.13 |   92.85 |   86.11 |
  c17.ts           |   57.14 |    45.45 |   83.33 |   58.33 | 65-69
 ...api-client/src |   85.07 |       70 |      87 |   86.02 |
  execution.ts     |   77.94 |    63.41 |   73.68 |   79.68 | ...71,383,391-392
  ops.ts           |   89.09 |    68.18 |     100 |   88.67 | ...70,196,209,234
  ...validation.ts |   97.14 |    96.42 |     100 |     100 | 44
  sse.ts           |   93.22 |    85.71 |     100 |   98.07 | 132
  strategy.ts      |   83.16 |    57.14 |   90.47 |   82.82 | ...75-279,305,329
  terminal.ts      |   75.36 |       50 |   77.77 |   76.19 | ...46-250,266,290
 ...nt/src/bff-gen |   45.31 |      100 |      25 |   45.21 |
  ...os-bff.zod.ts |   45.31 |      100 |      25 |   45.21 | ...25-428,432-451
 ...ges/config/src |   85.58 |    84.84 |   71.42 |    86.4 |
  env.ts           |   85.32 |    84.84 |   71.42 |   86.13 | ...97,210-213,228
 .../domain-ui/src |    91.7 |    78.26 |    98.7 |    91.2 |
  execution.ts     |      95 |       75 |     100 |      95 | 88
  ops.ts           |     100 |    88.88 |     100 |     100 | 105
  pages.ts         |   83.33 |       75 |     100 |   83.33 | 40,43
  research.ts      |   86.79 |    68.42 |     100 |      86 | ...,67,82,183,189
  shell.ts         |   83.33 |    83.33 |      80 |   81.81 | 337,356
  strategy.ts      |   89.47 |    81.25 |     100 |   88.57 | 95,98,100,103
 ...s/platform/src |      75 |      100 |      75 |      75 |
  adapter.ts       |   66.66 |      100 |   66.66 |   66.66 | 47-48
-------------------|---------|----------|---------|---------|-------------------

=============================== Coverage summary ===============================
Statements   : 79.69% ( 883/1108 )
Branches     : 74.44% ( 434/583 )
Functions    : 67.26% ( 261/388 )
Lines        : 80.21% ( 827/1031 )
================================================================================
