✔ current BFF-FE-000 repository Gate passes (3.960125ms)
✔ missing phase-one page mapping is rejected (1.892792ms)
✔ published operation drift is rejected (3.156958ms)
✔ planned operation traceability deletion is rejected (2.330875ms)
✔ shared idempotency baseline deletion is rejected (2.44475ms)
✔ dependency regression is rejected (1.382666ms)
✔ error correlation header deletion is rejected (2.203625ms)
✔ generated Zod export deletion is rejected (1.339292ms)
✔ missing staging permits development readiness and never claims formal acceptance (1.343209ms)
✔ stage deferral cannot bypass engineering failures, final receipt requirements or unknown stages (0.071ms)
✔ final review command cannot be rewired to the development stage (6.732916ms)
✔ current semantic A1 gate passes (3.357292ms)
✔ rejects cookie semantic regression (2.671959ms)
✔ rejects idempotency semantic regression (2.897041ms)
✔ rejects sort semantic regression (3.428959ms)
✔ rejects page semantic regression (2.540333ms)
✔ rejects ci semantic regression (2.398625ms)
✔ rejects decimal semantic regression (2.419625ms)
✔ rejects version semantic regression (2.675459ms)
✔ rejects csrf semantic regression (2.250792ms)
✔ exact registered security correction is accepted only within its window (11.935292ms)
✔ unregistered breaking type, enum or missing baseline fails closed (23.465333ms)
✔ new required parameters and constraints cannot silently bypass compatibility (0.955375ms)
✔ absent, invented and reference-only staging receipts never close A1 (0.487833ms)
✔ final receipt requires technical evidence plus one input-bound user confirmation (1.090209ms)
✔ optional property within an existing allOf is additive, required changes are rejected (0.107792ms)
ℹ tests 26
ℹ suites 0
ℹ pass 26
ℹ fail 0
ℹ cancelled 0
ℹ skipped 0
ℹ todo 0
ℹ duration_ms 169.342
