✔ formal gate rejects zero, one, two and noninteger runs (0.362625ms)
✔ all binaries participate in digest and omitted binary fails (2.985625ms)
✔ extra binary, missing wheel and stale/empty Web cannot pass output inventory (2.437958ms)
✔ manifest inventory cannot omit or add members (0.068584ms)
✔ dirty and untracked source rejected (57.804834ms)
✔ deleted module README is rejected (2.376583ms)
✔ wrong uv version fails toolchain preflight (16.072625ms)
✔ invalid locks fail real lock entrypoint (62.545458ms)
✔ Terminal default lint rejects a page TSX violation (906.99875ms)
✔ invalid run revokes old successful receipt (24.138709ms)
✔ Cargo manifest drift is rejected by actual lock gate (556.447667ms)
✔ uv manifest drift is rejected by actual lock gate (619.935667ms)
✔ pnpm manifest drift is rejected by actual lock gate (844.326875ms)
✔ malformed Buf lock is rejected by actual lock gate (648.718875ms)
✔ broken Desktop is outside phase-one pnpm frozen check (304.181125ms)
✔ uv output marker is metadata, other unexpected files still fail (2.30525ms)
✔ build-only tool is required in output inventory without becoming a runtime binary (1.996292ms)
ℹ tests 17
ℹ suites 0
ℹ pass 17
ℹ fail 0
ℹ cancelled 0
ℹ skipped 0
ℹ todo 0
ℹ duration_ms 4087.413584
