
> @sumalpha/quantos@ test:pre04 /Users/anray/Documents/project/SumAlpha/QuantOS
> node --test scripts/pre04-gate-negative.mjs

✔ current full phase-one inventory passes (10.877041ms)
✔ missing Gap is rejected (4.95475ms)
✔ undecided realtime dependency is rejected (4.882333ms)
✔ deleted required actorId field is rejected (4.127625ms)
✔ nonexistent field source is rejected (3.937208ms)
✔ wrong field type and optionality are rejected (4.38025ms)
✔ generated operation deletion is rejected (3.806833ms)
✔ generated method and path drift are rejected (7.658333ms)
✔ same-count schema rename is rejected (3.1895ms)
✔ schema required and enum drift are rejected (8.396625ms)
✔ same-count Proto message rename is rejected (3.907208ms)
✔ removed Proto declaration is rejected (3.676583ms)
✔ same-count JSON Schema replacement is rejected (3.9945ms)
✔ duplicate contract row is rejected before Map collapse (3.587917ms)
✔ duplicate Gap row is rejected before Map collapse (3.58475ms)
✔ nonexistent role owner is rejected (3.9235ms)
✔ nonexistent backend task is rejected (3.593125ms)
✔ nonexistent BFF task is rejected (3.509708ms)
✔ unknown Gap page is rejected (3.787417ms)
✔ each missing website P0 page is rejected (18.047417ms)
✔ missing auxiliary risk/audit/order contract is rejected (10.686666ms)
✔ closing partly published Gap is rejected (3.693459ms)
✔ omitting planned operation is rejected (3.431917ms)
✔ unpublished Inventory Fixture cannot claim Implemented (3.378667ms)
✔ generated-only contract cannot claim Integrated (3.651959ms)
✔ missing provider evidence is rejected (3.330333ms)
✔ changed provider receipt is rejected (3.467667ms)
✔ missing Inventory Fixture is rejected (4.133458ms)
✔ Desktop contamination is rejected by Web inventory (4.058708ms)
✔ nonexistent domain field mappings including the former engine-version anchor are rejected (7.694542ms)
✔ removed referenced core task is rejected (3.627166ms)
✔ catalog source drift is rejected (3.725333ms)
✔ empty implementation artifact lists are rejected for every implemented contract (10.779584ms)
✔ each missing implementation evidence category is rejected (32.078917ms)
✔ duplicate artifacts cannot substitute for test or receipt evidence (3.730792ms)
✔ another contract receipt cannot substitute for required evidence (3.7005ms)
✔ unknown task suffixes are rejected in both backend task columns (21.732084ms)
✔ ambiguous cross-prefix ranges cannot impersonate reviewed backend tasks (6.844167ms)
ℹ tests 38
ℹ suites 0
ℹ pass 38
ℹ fail 0
ℹ cancelled 0
ℹ skipped 0
ℹ todo 0
ℹ duration_ms 342.278792
