
> @sumalpha/quantos@ test:pre06 /Users/anray/Documents/project/SumAlpha/QuantOS
> node --test scripts/pre06-gate-negative.mjs scripts/pre06-runtime-negative.mjs

✔ current PRE-06 Web baseline passes (24.707958ms)
✔ website browser Gate deletion is rejected (10.424125ms)
✔ Desktop coupling in phase-one compatibility is rejected (8.015916ms)
✔ Desktop deep-link inclusion in phase-one Terminal is rejected (7.166541ms)
✔ generated operation coverage drift is rejected (6.207416ms)
✔ visual baseline integrity failure is rejected (6.031792ms)
✔ performance budget weakening is rejected (5.6305ms)
✔ disabled CI steps and comment-only commands are rejected (16.353375ms)
✔ contract assertion deletion and visual comparison deletion fail closed (10.176333ms)
✔ website performance and critical coverage gates cannot be removed (10.650833ms)
✔ CI retry policy must reject flaky outcomes and archive failure evidence (10.002625ms)
✔ comments cannot restore weakened budget or critical coverage policy (14.345541ms)
✔ skipped suites and inactive screenshot assertions cannot satisfy the baseline (35.229916ms)
✔ critical contract callbacks cannot return early, hide assertions, or remove runtime counting (22.148459ms)
✔ unknown and corrupted fixtures are rejected, explicit sabotage fixtures remain expected failures (29.729542ms)
✔ empty assets and empty route manifest are never a zero-sized performance PASS (29.493417ms)
✔ actual CI configs return nonzero for first-fail-then-pass policy probe (1250.63275ms)
ℹ tests 17
ℹ suites 0
ℹ pass 17
ℹ fail 0
ℹ cancelled 0
ℹ skipped 0
ℹ todo 0
ℹ duration_ms 1357.898875
