
> @sumalpha/quantos@ test:pre03 /Users/anray/Documents/project/SumAlpha/QuantOS
> node --test scripts/pre03-gate-negative.mjs

✔ current Web contract passes and never loads Desktop inputs (9.687042ms)
✔ apps/terminal rejects Next 15.5.23 (5.637875ms)
✔ apps/terminal rejects Next 16.0.0 (2.080375ms)
✔ apps/website rejects Next 15.5.23 (1.641417ms)
✔ apps/website rejects Next 16.0.0 (1.574458ms)
✔ missing package resolutions (1.84125ms)
✔ missing snapshots (1.404541ms)
✔ specifier drift (1.958083ms)
✔ dependency removed (1.721917ms)
✔ dependency inserted (1.81925ms)
✔ manifest drift fails without changing lock (0.845584ms)
✔ ADR drift fails (0.703ms)
✔ duplicate ADR version row fails (0.697625ms)
✔ missing transitive snapshot fails (1.967ms)
✔ Node pin drift fails (1.106916ms)
✔ effective Next configuration: valid export (247.282792ms)
✔ effective Next configuration: comment marker (230.535417ms)
✔ effective Next configuration: dead branch (222.859209ms)
✔ effective Next configuration: subsequent override (253.273667ms)
✔ effective Next configuration: function config (228.443791ms)
✔ bad route resources, fake HTML and script failures fail closed (11836.329958ms)
✔ Next-specific async client violation is an ESLint error (245.246166ms)
✔ build receipts reject stale source, config, identity and missing receipts (2.096792ms)
✔ source binding ignores caches but detects actual source changes (3.80325ms)
✔ all workspace importers and exact link targets are required (9.513792ms)
✔ runtime loader discovers omitted manifests independently of lockfile (487.948625ms)
✔ per-app env files are isolated and reloaded without polluting caller (658.74625ms)
ℹ tests 27
ℹ suites 0
ℹ pass 27
ℹ fail 0
ℹ cancelled 0
ℹ skipped 0
ℹ todo 0
ℹ duration_ms 15210.478917
