
> @sumalpha/quantos@ test:pre02 /Users/anray/Documents/project/SumAlpha/QuantOS
> pnpm --filter @sumalpha/ui test:pre02


> @sumalpha/ui@0.1.0 test:pre02 /Users/anray/Documents/project/SumAlpha/QuantOS/packages/ui
> node --test scripts/pre02-gate-negative.mjs

✔ current PRE-02 design-system contract passes (7.52ms)
✔ renaming a required safety key fails even when the count stays at 18 (1.596875ms)
✔ missing state color mapping fails closed (1.214916ms)
✔ insufficient focus contrast is rejected (1.129208ms)
✔ missing readonly viewport is rejected (1.061583ms)
✔ deny cannot become success (1.263209ms)
✔ mapped token paths must exist (0.819791ms)
✔ English safety semantics cannot be inverted (0.69725ms)
✔ all compact density values remain frozen (0.796ms)
✔ focus width and path remain frozen (0.846125ms)
✔ breakpoint intervals cannot develop gaps (0.6855ms)
✔ typography and spacing must match the reviewed contract (0.914375ms)
✔ required component identity cannot be replaced (0.711083ms)
✔ comments do not supply executable Storybook configuration (0.715834ms)
✔ surface.2 contrast cannot be removed from the contract (0.908292ms)
✔ native reference viewport is not a prerequisite of the Web Gate (0.575959ms)
✔ disabled contrast rule cannot hide behind a matching comment (0.584042ms)
✔ readonly viewport dimensions cannot hide behind its identifier (0.567584ms)
✔ phase-two page cannot enter the Web component acceptance rows (0.698ms)
✔ provider JSX outside the decorator cannot authorize empty decorators (0.597917ms)
✔ unexported configuration does not authorize a Storybook entry (0.592291ms)
✔ initial theme cannot contradict the dark default contract (0.59225ms)
✔ object spread cannot silently override required addons (0.734416ms)
✔ duplicate decorators cannot replace the validated provider tree (0.6835ms)
✔ dead JSX branches are not executed provider decorators (1.009ms)
✔ provider attributes cannot be overwritten through JSX spreads (0.62075ms)
✔ provider-only JSX without the Story consumer is rejected (0.588041ms)
ℹ tests 27
ℹ suites 0
ℹ pass 27
ℹ fail 0
ℹ cancelled 0
ℹ skipped 0
ℹ todo 0
ℹ duration_ms 194.254208
