
> @sumalpha/quantos@ test:pre01 /Users/anray/Documents/project/SumAlpha/QuantOS
> node --test ./scripts/tests/check-pre01.test.mjs

✔ current PRE-01 artifacts satisfy the executable contract (5.098083ms)
✔ missing a page state fails closed (1.848416ms)
✔ invalid story priority fails closed (0.574166ms)
✔ missing traceability row fails closed (1.360667ms)
✔ published operation cannot regress to planned fails closed (1.627667ms)
✔ unknown role fails closed (0.458458ms)
✔ unknown route fails closed (0.514167ms)
✔ duplicate story fails closed (0.544125ms)
✔ missing flow stories fails closed (0.657875ms)
✔ missing flow scenarios fails closed (1.210542ms)
✔ unsafe proposal criterion fails closed (1.1895ms)
✔ unknown trace task fails closed (1.347625ms)
✔ unauthorized admin grant fails closed (1.033625ms)
✔ missing permission route fails closed (0.682708ms)
✔ phase-one P16 fails closed (0.077834ms)
✔ missing contract owner fails closed (1.0365ms)
✔ empty flow role fails closed (0.543709ms)
✔ empty flow route fails closed (0.59475ms)
✔ state label mismatch fails closed (0.930875ms)
✔ desktop-only story fails closed (0.427542ms)
✔ persistent offline cache fails closed (0.898583ms)
✔ admin domain permission fails closed (0.727417ms)
✔ missing page story fails closed (0.447042ms)
✔ cross-page route fails closed (0.495ms)
✔ current G0 governance preserves history without granting current acceptance (1.442459ms)
✔ past-due G0 item cannot silently remain OPEN (0.591834ms)
✔ fabricated G0 acceptance fails against current checkpoint (0.558625ms)
✔ missing G0 leftover owner fails (0.556958ms)
✔ P05 cannot bind metadata download to an untraced audit export operation (1.823167ms)
✔ P21 cannot drop alert ownership from both ledger and trace while retaining the subscription (2.31ms)
✔ unknown unlabelled operation in API register is rejected (1.751834ms)
✔ P05 quality alerts require C16 ownership on the consumer page (1.493625ms)
✔ API register rejects current version 1.4.0 (1.363042ms)
✔ API register rejects current version 99.99.0 (1.311334ms)
✔ published register row cannot omit API version (1.43125ms)
✔ published register row cannot omit generated mock version (1.743792ms)
✔ all ten historical compatibility strategies cannot be cleared (0.821041ms)
✔ current disposition cannot drop a historical parent (0.963875ms)
✔ current disposition requires effective checkpoint deadline (0.767792ms)
✔ current disposition cannot claim target RELEASE completion (0.799208ms)
✔ current disposition requires nonempty compatibility strategy (0.710834ms)
✔ current disposition presentation must match structured source (0.885625ms)
✔ current deadline cannot defer DEVELOPMENT provider obligations to integration (0.813834ms)
ℹ tests 43
ℹ suites 0
ℹ pass 43
ℹ fail 0
ℹ cancelled 0
ℹ skipped 0
ℹ todo 0
ℹ duration_ms 139.557709
