
> @sumalpha/quantos@ test:provider-a1 /Users/anray/Documents/project/SumAlpha/QuantOS
> node --test scripts/provider-a1-receipts.test.mjs

✔ valid source and execution-bound dependency chain is READY without release signatures (36.958708ms)
✔ missing required execution (27.167042ms)
✔ failed execution (25.241583ms)
✔ wrong actual command (24.80825ms)
✔ unresolved issue (20.316416ms)
✔ wrong node (19.849209ms)
✔ missing source inventory (24.955709ms)
✔ plan scope changed (20.245791ms)
✔ outside log path (24.969333ms)
✔ wrong log digest (24.790292ms)
✔ missing dependency (25.057584ms)
✔ dependency digest substituted (24.650834ms)
✔ tampered manifest bytes are rejected (21.1485ms)
✔ changed source content is rejected despite unchanged gate digest (24.615958ms)
✔ dependency must independently be READY (25.067125ms)
✔ arbitrary log cannot masquerade as successful execution (24.06225ms)
✔ input file symlink cannot escape the repository (24.072709ms)
✔ database execution cannot be inferred from a normal local PASS (28.371458ms)
✔ Supabase target receipt verifies each compressed execution log (30.46125ms)
✔ source drift during execution invalidates the original input snapshot (39.322166ms)
✔ requirement drift during execution invalidates the original input snapshot (42.584125ms)
✔ controlled public development profile overrides stale values and preserves server inputs (0.124041ms)
✔ private credentials cannot be injected through a public development profile (0.095ms)
✔ transient Auth 503 can retry only a complete target execution (0.093416ms)
✔ persistent target timeout never becomes PASS and stops at its budget (0.07625ms)
✔ semantic target failures stop without retry or PASS (0.02275ms)
✔ target retry budget cannot be unbounded (0.08425ms)
✔ configured target retries require explicit attempt outcomes in the receipt (28.790667ms)
✔ three successful full builds bind output inventories (0.283042ms)
✔ reproducibility rejects only two builds (0.074833ms)
✔ reproducibility rejects missing Python build (0.107583ms)
✔ reproducibility rejects failed command (0.126459ms)
✔ reproducibility rejects different output digest (0.093208ms)
✔ reproducibility rejects substituted inventory (0.071125ms)
✔ reproducibility rejects dirty source (0.055417ms)
✔ reproducibility rejects old source (0.056209ms)
✔ development policy retains explicit build, coverage, volume and target storage obligations (0.230584ms)
✔ static make commands cannot reload .env.local or inherit target database opt-ins (0.081625ms)
✔ volume retry restarts the complete check only on a closed PostgreSQL transport (0.055792ms)
✔ volume correctness and certificate errors cannot be retried into PASS (0.032416ms)
✔ persistent database transport failure stays failed at the retry limit (0.029125ms)
✔ separate assessment snapshot preserves historical manifests and binds its own logs (29.687834ms)
ℹ tests 42
ℹ suites 0
ℹ pass 42
ℹ fail 0
ℹ cancelled 0
ℹ skipped 0
ℹ todo 0
ℹ duration_ms 658.921375
