pnpm check:bff-a1-development

> @sumalpha/quantos@ check:bff-a1-development /Users/anray/Documents/project/SumAlpha/QuantOS
> node scripts/check-bff-a1-acceptance.mjs --stage development

{
  "schema": "quantos-bff-a1-development/v1",
  "stage": "development",
  "status": "PASS",
  "scope": "engineering baseline only",
  "formalAccepted": false,
  "stagingStatus": "DEFERRED_TO_FINAL_REVIEW",
  "signaturesStatus": "PENDING_FINAL_REVIEW",
  "failures": [],
  "sourceCommit": "ad85fc742994a9dff2e3e9f19f10a0728b2c99fd",
  "inputsDigest": "11662a5f1da739efdc61da19ee77c04aacfbe4d3498040f1f9e4f0444533ce19"
}
pnpm check:bff-compatibility

> @sumalpha/quantos@ check:bff-compatibility /Users/anray/Documents/project/SumAlpha/QuantOS
> node scripts/check-bff-compatibility.mjs

{
  "status": "PASS",
  "changes": 69,
  "registeredCorrections": 69,
  "failures": [],
  "baseline": "75a563c62d3d7883d5b178111becec07d4da0301",
  "scope": "engineering compatibility; no owner/staging signature implied"
}
pnpm test:bff-remediation

> @sumalpha/quantos@ test:bff-remediation /Users/anray/Documents/project/SumAlpha/QuantOS
> node --test scripts/bff-remediation-negative.mjs && vitest run tests/contract/bff-remediation.test.ts packages/api-client/tests/sse-safety.test.ts

✔ missing staging permits development readiness and never claims formal acceptance (0.454083ms)
✔ stage deferral cannot bypass engineering failures, final receipt requirements or unknown stages (0.056666ms)
✔ final review command cannot be rewired to the development stage (6.03225ms)
✔ current semantic A1 gate passes (3.016125ms)
✔ rejects cookie semantic regression (2.266917ms)
✔ rejects idempotency semantic regression (2.441208ms)
✔ rejects sort semantic regression (3.214ms)
✔ rejects page semantic regression (2.253917ms)
✔ rejects ci semantic regression (2.189875ms)
✔ rejects decimal semantic regression (2.329334ms)
✔ rejects version semantic regression (2.984208ms)
✔ rejects csrf semantic regression (2.046167ms)
✔ exact registered security correction is accepted only within its window (10.9065ms)
✔ unregistered breaking type, enum or missing baseline fails closed (21.565875ms)
✔ new required parameters and constraints cannot silently bypass compatibility (0.862583ms)
✔ absent, invented and reference-only staging receipts never close A1 (0.154417ms)
✔ receipt checker binds actual evidence bytes and each role to source and contract inputs (0.329666ms)
ℹ tests 17
ℹ suites 0
ℹ pass 17
ℹ fail 0
ℹ cancelled 0
ℹ skipped 0
ℹ todo 0
ℹ duration_ms 153.92475

 RUN  v4.1.11 /Users/anray/Documents/project/SumAlpha/QuantOS


 Test Files  2 passed (2)
      Tests  16 passed (16)
   Start at  11:47:18
   Duration  359ms (transform 86ms, setup 0ms, import 260ms, tests 118ms, environment 0ms)

pnpm check:bff-openapi

> @sumalpha/quantos@ check:bff-openapi /Users/anray/Documents/project/SumAlpha/QuantOS
> node scripts/check-bff-openapi.mjs

ok    OpenAPI 版本 3.1.0
ok    全部本地 $ref 可解析
ok    operation 数 62，operationId 全局唯一

BFF OpenAPI 基线结构校验通过
pnpm check:bff-generated

> @sumalpha/quantos@ check:bff-generated /Users/anray/Documents/project/SumAlpha/QuantOS
> node ./scripts/check-bff-generated.mjs

✨ openapi-typescript 7.13.0
🚀 /Users/anray/Documents/project/SumAlpha/QuantOS/bff/openapi/quantos-bff.v1.yaml → /var/folders/k8/_4hymb6j59s0c8xntb11ktmc0000gn/T/quantos-bff-generated-kwntsC/packages/api-client/src/bff-gen/quantos-bff.ts [57.5ms]
Generated BFF 1.4.0: 62 operations, 51 schemas.
ok    packages/api-client/src/bff-gen/quantos-bff.ts
ok    packages/api-client/src/bff-gen/quantos-bff.zod.ts
ok    tests/contract/generated/quantos-bff.components.schema.json
ok    tests/contract/generated/quantos-bff.operations.json
ok    tests/contract/generated/quantos-bff.msw.ts
ok    services/bff-gateway/src/generated-input-policy.json

BFF generated artifacts match the frozen OpenAPI.
pnpm check:bff-contract-coverage

> @sumalpha/quantos@ check:bff-contract-coverage /Users/anray/Documents/project/SumAlpha/QuantOS
> node ./scripts/check-bff-contract-coverage.mjs

BFF contract coverage passed: 62 operations, 51 schemas, 62 page references.
pnpm check:bff-fe-000

> @sumalpha/quantos@ check:bff-fe-000 /Users/anray/Documents/project/SumAlpha/QuantOS
> node scripts/check-bff-fe-000.mjs

BFF-FE-000 Gate PASS: 17 contracts, 22 phase-one pages, 62 published + 46 planned operationIds.
pnpm test:bff-fe-000

> @sumalpha/quantos@ test:bff-fe-000 /Users/anray/Documents/project/SumAlpha/QuantOS
> node --test scripts/bff-fe-000-gate-negative.mjs

✔ current BFF-FE-000 repository Gate passes (3.492958ms)
✔ missing phase-one page mapping is rejected (2.019333ms)
✔ published operation drift is rejected (2.451958ms)
✔ planned operation traceability deletion is rejected (1.312292ms)
✔ shared idempotency baseline deletion is rejected (2.372334ms)
✔ dependency regression is rejected (1.468292ms)
✔ error correlation header deletion is rejected (2.288375ms)
✔ generated Zod export deletion is rejected (1.584166ms)
ℹ tests 8
ℹ suites 0
ℹ pass 8
ℹ fail 0
ℹ cancelled 0
ℹ skipped 0
ℹ todo 0
ℹ duration_ms 105.721333
pnpm check:bff-fe-001

> @sumalpha/quantos@ check:bff-fe-001 /Users/anray/Documents/project/SumAlpha/QuantOS
> node scripts/check-bff-fe-001.mjs

BFF-FE-001 local contract Gate PASS: 20 C01/C17 operations, cookie session, CSRF, recent-auth, MFA protection, audit and revocation stream checks. F06 target acceptance requires make f06-acceptance-gate.
pnpm test:bff-fe-001

> @sumalpha/quantos@ test:bff-fe-001 /Users/anray/Documents/project/SumAlpha/QuantOS
> node --test scripts/bff-fe-001-gate-negative.mjs

✔ current BFF-FE-001 repository Gate passes (0.692791ms)
✔ CSRF deletion is rejected (1.180167ms)
✔ bearer session regression is rejected (0.92125ms)
✔ recent-auth deletion is rejected (0.901875ms)
✔ idempotency deletion is rejected (0.831625ms)
✔ last-factor protection deletion is rejected (0.865958ms)
✔ resource-hiding 404 deletion is rejected (0.955167ms)
✔ revocation replay deletion is rejected (0.893167ms)
✔ security audit reference deletion is rejected (0.965458ms)
✔ dependency regression is rejected (0.233708ms)
ℹ tests 10
ℹ suites 0
ℹ pass 10
ℹ fail 0
ℹ cancelled 0
ℹ skipped 0
ℹ todo 0
ℹ duration_ms 97.485625
pnpm check:bff-fe-007

> @sumalpha/quantos@ check:bff-fe-007 /Users/anray/Documents/project/SumAlpha/QuantOS
> node scripts/check-bff-fe-007.mjs

BFF-FE-007 Gate PASS: 6 C10 operations, redacted evidence pagination, controlled export lifecycle and fail-closed download checks.
pnpm test:bff-fe-007

> @sumalpha/quantos@ test:bff-fe-007 /Users/anray/Documents/project/SumAlpha/QuantOS
> node --test scripts/bff-fe-007-gate-negative.mjs

✔ current BFF-FE-007 repository Gate passes (0.702708ms)
✔ redaction attestation deletion is rejected (1.233041ms)
✔ evidence cursor deletion is rejected (0.895083ms)
✔ export capability regression is rejected (0.902625ms)
✔ CSRF deletion is rejected (0.982375ms)
✔ recent-auth deletion is rejected (0.969792ms)
✔ idempotency deletion is rejected (0.93ms)
✔ expired download response deletion is rejected (0.885541ms)
✔ download URL leakage through status is rejected (0.950209ms)
✔ watermark deletion is rejected (1.188042ms)
✔ dependency regression is rejected (0.286625ms)
ℹ tests 11
ℹ suites 0
ℹ pass 11
ℹ fail 0
ℹ cancelled 0
ℹ skipped 0
ℹ todo 0
ℹ duration_ms 99.278542
