info: cargo-llvm-cov currently setting cfg(coverage); you can opt-out it by passing --no-cfg-coverage
   Compiling digest v0.10.7
   Compiling utf8parse v0.2.2
   Compiling anstyle v1.0.14
   Compiling is_terminal_polyfill v1.70.2
   Compiling anstyle-query v1.1.5
   Compiling colorchoice v1.0.5
   Compiling clap_lex v1.1.0
   Compiling strsim v0.11.1
   Compiling clap_derive v4.6.4
   Compiling anstyle-parse v1.0.0
   Compiling sha2 v0.10.9
   Compiling hmac v0.12.1
   Compiling anstream v1.0.0
   Compiling quantos-core v0.1.0 (/Users/anray/Documents/project/SumAlpha/QuantOS/crates/quantos-core)
   Compiling quantos-engine-manager v0.1.0 (/Users/anray/Documents/project/SumAlpha/QuantOS/crates/quantos-engine-manager)
   Compiling clap_builder v4.6.2
   Compiling quantos-event v0.1.0 (/Users/anray/Documents/project/SumAlpha/QuantOS/crates/quantos-event)
   Compiling quantos-policy v0.1.0 (/Users/anray/Documents/project/SumAlpha/QuantOS/crates/quantos-policy)
   Compiling quantos-storage v0.1.0 (/Users/anray/Documents/project/SumAlpha/QuantOS/crates/quantos-storage)
   Compiling quantos-auth v0.1.0 (/Users/anray/Documents/project/SumAlpha/QuantOS/crates/quantos-auth)
   Compiling clap v4.6.4
   Compiling quantos-market v0.1.0 (/Users/anray/Documents/project/SumAlpha/QuantOS/crates/quantos-market)
   Compiling quantos-runtime v0.1.0 (/Users/anray/Documents/project/SumAlpha/QuantOS/crates/quantos-runtime)
   Compiling quantos-observability v0.1.0 (/Users/anray/Documents/project/SumAlpha/QuantOS/crates/quantos-observability)
   Compiling market-ingestor v0.1.0 (/Users/anray/Documents/project/SumAlpha/QuantOS/services/market-ingestor)
    Finished `test` profile [unoptimized + debuginfo] target(s) in 4.07s
     Running unittests src/main.rs (target/llvm-cov-target/debug/deps/market_ingestor-6811b5b2ab9bb210)

running 0 tests

test result: ok. 0 passed; 0 failed; 0 ignored; 0 measured; 0 filtered out; finished in 0.00s

     Running unittests src/lib.rs (target/llvm-cov-target/debug/deps/quantos_market-51b15582a578f529)

running 5 tests
test tests::rejects_unapproved_providers_and_normalizes_symbols ... ok
test tests::invalid_ticks_do_not_poison_deduplication_and_negative_values_fail_quality ... ok
test tests::freshness_and_quality_anomalies_emit_events_within_five_seconds ... ok
test tests::out_of_order_and_duplicate_ticks_are_deduplicated ... ok
test tests::replay_dataset_ingests_one_hundred_thousand_ticks_without_parse_failures ... ok

test result: ok. 5 passed; 0 failed; 0 ignored; 0 measured; 0 filtered out; finished in 5.67s


    Finished report saved to docs/audit/evidence/r01-review-20261002/coverage.json
