Resolved 52 packages in 9ms
[WARN] The "pnpm" field in package.json is no longer read by pnpm. The following keys were ignored: "pnpm.overrides". See https://pnpm.io/settings for the new home of each setting.
[ERROR] Cannot verify the identity of the @pnpm/exe.darwin-arm64 native binary: it is missing from pnpm-lock.yaml.
For help, run: pnpm help install
node:internal/errors:985
  const err = new Error(message);
              ^

Error: Command failed: pnpm install --lockfile-only --frozen-lockfile --ignore-scripts
    at genericNodeError (node:internal/errors:985:15)
    at wrappedFn (node:internal/errors:539:14)
    at checkExecSyncError (node:child_process:925:11)
    at execFileSync (node:child_process:961:15)
    at file:///Users/anray/Documents/project/SumAlpha/QuantOS/scripts/check-node-lock.mjs:23:5
    at ModuleJob.run (node:internal/modules/esm/module_job:413:25)
    at async onImport.tracePromise.__proto__ (node:internal/modules/esm/loader:660:26)
    at async asyncRunEntryPointWithESMLoader (node:internal/modules/run_main:101:5) {
  status: 1,
  signal: null,
  output: [ null, null, null ],
  pid: 37376,
  stdout: null,
  stderr: null
}

Node.js v24.12.0
