
> @sumalpha/quantos@ test:development-plans /private/var/folders/k8/_4hymb6j59s0c8xntb11ktmc0000gn/T/quantos-pre03-fixed-62v_n8ry
> node --test scripts/development-plan-order-negative.mjs

✔ joint schedule is acyclic and preserves task/status boundaries (9.351833ms)
✔ restoring a complete R1 prerequisite for S2 services creates a rejected cycle (4.083084ms)
✔ research service waiting on its consumer page is rejected (3.565625ms)
✔ historical CORE:R04 to CORE:L04 probe now fails closed (3.614625ms)
✔ an early identity API cannot silently depend on later research services (5.06375ms)
✔ a provider cannot wait for the consumer frontend Gate (3.291459ms)
✔ removing S2 service admission from a core execution task is rejected (3.604667ms)
✔ S2 service Gate cannot omit TP12 advance evaluation (4.151708ms)
✔ I10 cannot drop testnet service admission even if metadata is edited with it (4.769625ms)
✔ a new or existing frontend cannot skip the full provider Gate (5.273417ms)
✔ G5 cannot be marked as closing in I4 before reconciliation (5.019333ms)
✔ moving the G1 block above I1 tasks is rejected (4.554916ms)
✔ milestone cannot omit its last child while retaining a Gate summary (4.971542ms)
✔ prose-only backend dependencies cannot drift from structured prerequisites (4.620584ms)
✔ core closure mapping cannot become an implicit service alias (4.513625ms)
✔ ACCEPTED checkpoint needs SHA and evidence, not only a green word (4.389125ms)
✔ accepted checkpoint evidence must resolve (2.086333ms)
✔ missing checkpoint and unknown dependency fail closed (5.319375ms)
✔ API windows cannot skip their preceding provider checkpoint (3.872542ms)
✔ UI windows cannot skip the preceding reconciliation window (3.922667ms)
✔ Web intake preserves the explicit no-model-review schema (1.395458ms)
✔ missing Web task fields still fail closed (1.208125ms)
ℹ tests 22
ℹ suites 0
ℹ pass 22
ℹ fail 0
ℹ cancelled 0
ℹ skipped 0
ℹ todo 0
ℹ duration_ms 132.330583
