
> @sumalpha/quantos@ test:pre02 /private/var/folders/k8/_4hymb6j59s0c8xntb11ktmc0000gn/T/quantos-pre03-fixed-62v_n8ry
> pnpm --filter @sumalpha/ui test:pre02


> @sumalpha/ui@0.1.0 test:pre02 /private/var/folders/k8/_4hymb6j59s0c8xntb11ktmc0000gn/T/quantos-pre03-fixed-62v_n8ry/packages/ui
> node --test scripts/pre02-gate-negative.mjs

✔ current PRE-02 design-system contract passes (8.513584ms)
✔ renaming a required safety key fails even when the count stays at 18 (1.759292ms)
✔ missing state color mapping fails closed (1.574542ms)
✔ insufficient focus contrast is rejected (1.239709ms)
✔ missing readonly viewport is rejected (1.101917ms)
✔ deny cannot become success (1.496208ms)
✔ mapped token paths must exist (0.85225ms)
✔ English safety semantics cannot be inverted (0.696583ms)
✔ all compact density values remain frozen (0.805584ms)
✔ focus width and path remain frozen (0.835333ms)
✔ breakpoint intervals cannot develop gaps (0.674834ms)
✔ typography and spacing must match the reviewed contract (0.897125ms)
✔ required component identity cannot be replaced (0.666708ms)
✔ comments do not supply executable Storybook configuration (0.73725ms)
✔ surface.2 contrast cannot be removed from the contract (0.797666ms)
✔ native reference viewport is not a prerequisite of the Web Gate (0.645166ms)
✔ disabled contrast rule cannot hide behind a matching comment (0.607166ms)
✔ readonly viewport dimensions cannot hide behind its identifier (0.783625ms)
✔ phase-two page cannot enter the Web component acceptance rows (0.720458ms)
✔ provider JSX outside the decorator cannot authorize empty decorators (0.680625ms)
✔ unexported configuration does not authorize a Storybook entry (0.627708ms)
✔ initial theme cannot contradict the dark default contract (0.618791ms)
✔ object spread cannot silently override required addons (0.739875ms)
✔ duplicate decorators cannot replace the validated provider tree (0.706625ms)
✔ dead JSX branches are not executed provider decorators (0.976ms)
✔ provider attributes cannot be overwritten through JSX spreads (0.757042ms)
✔ provider-only JSX without the Story consumer is rejected (0.748083ms)
ℹ tests 27
ℹ suites 0
ℹ pass 27
ℹ fail 0
ℹ cancelled 0
ℹ skipped 0
ℹ todo 0
ℹ duration_ms 204.351583
