
> @sumalpha/quantos@ test:pre03 /private/var/folders/k8/_4hymb6j59s0c8xntb11ktmc0000gn/T/quantos-pre03-fixed-62v_n8ry
> node --test scripts/pre03-gate-negative.mjs

✔ current Web contract passes and never loads Desktop inputs (4.116959ms)
✔ apps/terminal rejects Next 15.5.23 (4.029ms)
✔ apps/terminal rejects Next 16.0.0 (2.009167ms)
✔ apps/website rejects Next 15.5.23 (1.700583ms)
✔ apps/website rejects Next 16.0.0 (1.674542ms)
✔ missing package resolutions (1.913292ms)
✔ missing snapshots (1.177625ms)
✔ specifier drift (1.84975ms)
✔ dependency removed (1.898ms)
✔ dependency inserted (1.883958ms)
✔ manifest drift fails without changing lock (0.869875ms)
✔ ADR drift fails (0.75925ms)
✔ duplicate ADR version row fails (0.746125ms)
✔ missing transitive snapshot fails (1.7585ms)
✔ Node pin drift fails (0.75725ms)
✔ effective Next configuration: valid export (9.09575ms)
✔ effective Next configuration: comment marker (7.607417ms)
✔ effective Next configuration: dead branch (4.248542ms)
✔ effective Next configuration: subsequent override (3.915ms)
✔ effective Next configuration: function config (3.850833ms)
✔ bad route resources, fake HTML and script failures fail closed (11800.045542ms)
✔ Next-specific async client violation is an ESLint error (182.376708ms)
✔ build receipts reject stale source, config, identity and missing receipts (1.91425ms)
ℹ tests 23
ℹ suites 0
ℹ pass 23
ℹ fail 0
ℹ cancelled 0
ℹ skipped 0
ℹ todo 0
ℹ duration_ms 12577.147167
