✔ formal gate rejects zero, one, two and noninteger runs (0.355584ms)
✔ all binaries participate in digest and omitted binary fails (2.865208ms)
✔ extra binary, missing wheel and stale/empty Web cannot pass output inventory (2.781208ms)
✔ manifest inventory cannot omit or add members (0.083667ms)
✔ dirty and untracked source rejected (56.391958ms)
✔ deleted module README is rejected (2.328542ms)
✔ wrong uv version fails toolchain preflight (16.402333ms)
✔ invalid locks fail real lock entrypoint (58.1975ms)
✔ Terminal default lint rejects a page TSX violation (912.057917ms)
✔ invalid run revokes old successful receipt (24.486583ms)
✔ Cargo manifest drift is rejected by actual lock gate (549.298583ms)
✔ uv manifest drift is rejected by actual lock gate (607.299375ms)
✔ pnpm manifest drift is rejected by actual lock gate (839.797542ms)
✔ malformed Buf lock is rejected by actual lock gate (639.450292ms)
✔ broken Desktop is outside phase-one pnpm frozen check (300.179917ms)
✔ uv output marker is metadata, other unexpected files still fail (2.297292ms)
✔ build-only tool is required in output inventory without becoming a runtime binary (1.991166ms)
✔ pnpm frozen check rejects missing or changed patch bytes (632.603291ms)
✔ pnpm patch cannot read outside the repository (141.038083ms)
ℹ tests 19
ℹ suites 0
ℹ pass 19
ℹ fail 0
ℹ cancelled 0
ℹ skipped 0
ℹ todo 0
ℹ duration_ms 4823.306542
