
> @sumalpha/quantos@ test:pre04 /Users/anray/Documents/project/SumAlpha/QuantOS
> node --test scripts/pre04-gate-negative.mjs

✖ current full phase-one inventory passes (10.688167ms)
✔ missing Gap is rejected (4.770417ms)
✔ undecided realtime dependency is rejected (4.282583ms)
✔ deleted required actorId field is rejected (4.438125ms)
✔ nonexistent field source is rejected (3.975917ms)
✔ wrong field type and optionality are rejected (4.548209ms)
✔ generated operation deletion is rejected (4.044875ms)
✔ generated method and path drift are rejected (8.397666ms)
✔ same-count schema rename is rejected (3.479584ms)
✔ schema required and enum drift are rejected (9.698042ms)
✔ same-count Proto message rename is rejected (4.511041ms)
✔ removed Proto declaration is rejected (4.038625ms)
✔ same-count JSON Schema replacement is rejected (4.745459ms)
✔ duplicate contract row is rejected before Map collapse (4.150834ms)
✔ duplicate Gap row is rejected before Map collapse (3.752417ms)
✔ nonexistent role owner is rejected (4.392709ms)
✔ nonexistent backend task is rejected (3.692542ms)
✔ nonexistent BFF task is rejected (3.474042ms)
✔ unknown Gap page is rejected (3.6535ms)
✔ each missing website P0 page is rejected (17.794583ms)
✔ missing auxiliary risk/audit/order contract is rejected (10.637542ms)
✔ closing partly published Gap is rejected (3.578958ms)
✔ omitting planned operation is rejected (3.3865ms)
✔ unpublished Inventory Fixture cannot claim Implemented (3.394375ms)
✔ generated-only contract cannot claim Integrated (3.584042ms)
✔ missing provider evidence is rejected (3.326958ms)
✔ changed provider receipt is rejected (3.451083ms)
✔ missing Inventory Fixture is rejected (4.05175ms)
✔ Desktop contamination is rejected by Web inventory (4.008959ms)
✔ nonexistent domain field mappings including the former engine-version anchor are rejected (7.448875ms)
✔ removed referenced core task is rejected (3.688833ms)
✔ catalog source drift is rejected (3.672083ms)
✔ empty implementation artifact lists are rejected for every implemented contract (10.512375ms)
✔ each missing implementation evidence category is rejected (31.5965ms)
✔ duplicate artifacts cannot substitute for test or receipt evidence (3.692291ms)
✔ another contract receipt cannot substitute for required evidence (3.685917ms)
✔ unknown task suffixes are rejected in both backend task columns (21.5285ms)
✔ ambiguous cross-prefix ranges cannot impersonate reviewed backend tasks (6.502083ms)
ℹ tests 38
ℹ suites 0
ℹ pass 37
ℹ fail 1
ℹ cancelled 0
ℹ skipped 0
ℹ todo 0
ℹ duration_ms 344.237959

✖ failing tests:

test at scripts/pre04-gate-negative.mjs:17:1
✖ current full phase-one inventory passes (10.688167ms)
  AssertionError [ERR_ASSERTION]: OpenAPI source identity matches reviewed baseline
  
  'FAIL' !== 'PASS'
  
      at TestContext.<anonymous> (file:///Users/anray/Documents/project/SumAlpha/QuantOS/scripts/pre04-gate-negative.mjs:19:10)
      at Test.runInAsyncScope (node:async_hooks:214:14)
      at Test.run (node:internal/test_runner/test:1106:25)
      at Test.start (node:internal/test_runner/test:1003:17)
      at startSubtestAfterBootstrap (node:internal/test_runner/harness:358:17) {
    generatedMessage: false,
    code: 'ERR_ASSERTION',
    actual: 'FAIL',
    expected: 'PASS',
    operator: 'strictEqual',
    diff: 'simple'
  }
 ELIFECYCLE  Command failed with exit code 1.
