✔ complete synthetic acceptance satisfies the receipt schema only (1.572333ms)
✔ missing receipt is rejected (0.453375ms)
✔ old SHA is rejected (0.73475ms)
✔ FAIL receipt is rejected (0.605042ms)
✔ missing check is rejected (0.644459ms)
✔ duplicate check is rejected (0.954833ms)
✔ fake command is rejected (0.611125ms)
✔ failed command is rejected (0.538375ms)
✔ corrupted log is rejected (0.549416ms)
✔ URL instead of artifact is rejected (1.355916ms)
✔ missing F06 is rejected (0.617166ms)
✔ old F06 is rejected (0.559ms)
✔ incomplete PRE is rejected (0.824583ms)
✔ unrejected mutation is rejected (0.538166ms)
✔ extra admission is rejected (0.46675ms)
✔ unclosed control is rejected (0.419ms)
TP05_RELEASE_GATE_CHECKS
✔ production inventory without OpenBB passes only TP05 exclusion (0.859833ms)
✔ production rejects openbb-4.4.5.whl (0.224875ms)
✔ production rejects OpenBB/platform.py (0.103375ms)
✔ production rejects quantos_openbb_adapter-0.1.0-py3-none-any.whl (0.110958ms)
✔ production rejects engines/openbb-adapter (0.098917ms)
✔ production rejects missing/invalid inventory (0.2875ms)
✔ actual production build stops before any sync/build invocation (78.509541ms)
✔ production release manifest uses the same exclusion gate (0.138416ms)
ℹ tests 24
ℹ suites 0
ℹ pass 24
ℹ fail 0
ℹ cancelled 0
ℹ skipped 0
ℹ todo 0
ℹ duration_ms 112.620625
