
> @sumalpha/quantos@ test:development-plans /Users/anray/Documents/project/SumAlpha/QuantOS
> node --test scripts/development-plan-order-negative.mjs

✔ joint schedule is acyclic and preserves task/status boundaries (14.923917ms)
✔ restoring a complete R1 prerequisite for S2 services creates a rejected cycle (5.162833ms)
✔ research service waiting on its consumer page is rejected (4.533083ms)
✔ historical CORE:R04 to CORE:L04 probe now fails closed (4.510333ms)
✔ an early identity API cannot silently depend on later research services (5.848791ms)
✔ a provider cannot wait for the consumer frontend Gate (4.365166ms)
✔ removing S2 service admission from a core execution task is rejected (4.77975ms)
✔ S2 service Gate cannot omit TP12 advance evaluation (4.816625ms)
✔ I10 cannot drop testnet service admission even if metadata is edited with it (5.397542ms)
✔ a new or existing frontend cannot skip the full provider Gate (5.350041ms)
✔ G5 cannot be marked as closing in I4 before reconciliation (5.642833ms)
✔ moving the G1 block above I1 tasks is rejected (5.158083ms)
✔ milestone cannot omit its last child while retaining a Gate summary (5.208791ms)
✔ prose-only backend dependencies cannot drift from structured prerequisites (5.241792ms)
✔ core closure mapping cannot become an implicit service alias (4.968667ms)
✔ ACCEPTED checkpoint needs SHA and evidence, not only a green word (5.491333ms)
✔ accepted checkpoint evidence must resolve (2.568709ms)
✔ missing checkpoint and unknown dependency fail closed (6.562ms)
✔ API windows cannot skip their preceding provider checkpoint (4.779167ms)
✔ UI windows cannot skip the preceding reconciliation window (4.98ms)
✔ Web intake preserves the explicit no-model-review schema (1.856125ms)
✔ missing Web task fields still fail closed (1.534917ms)
✔ both plans must publish exactly the same stage contract (6.216208ms)
✔ changing both plans cannot defer correctness or functional deadlines to release (14.69275ms)
✔ both plans must retain every deferred release obligation (13.522583ms)
✔ tasks and checkpoints cannot omit, invent, or misclassify their stage gate (19.359ms)
✔ release prerequisites cannot block either development or integration (10.730041ms)
✔ release gates cannot skip business closure or inherit the wrong stage (12.693208ms)
✔ historical ACCEPTED and completed tasks do not automatically become READY (8.832708ms)
✔ READY needs its own input digest and resolvable evidence (32.40125ms)
✔ unassessed stage gates cannot carry an apparent ready receipt (6.959958ms)
✔ BLOCKED retains failure evidence and digest without being counted as READY (12.321833ms)
✔ a READY chain needs READY prerequisites and its own evidence at every node (16.637209ms)
✔ stage readiness never substitutes for formal acceptance evidence (2.521667ms)
✔ release READY requires formal acceptance and all functional prerequisites (8.565083ms)
✔ core intake follows the frontend audit-report format (6.17675ms)
✔ core review summary must be unique and link to audit evidence (7.676791ms)
✔ core shared task fields and existing window must stay consistent (14.987292ms)
ℹ tests 38
ℹ suites 0
ℹ pass 38
ℹ fail 0
ℹ cancelled 0
ℹ skipped 0
ℹ todo 0
ℹ duration_ms 348.50475
