✔ valid source and execution-bound dependency chain is READY without release signatures (58.548125ms)
✔ missing required execution (46.073875ms)
✔ failed execution (41.330167ms)
✔ wrong actual command (38.123708ms)
✔ unresolved issue (33.998666ms)
✔ wrong node (37.484416ms)
✔ missing source inventory (41.168167ms)
✔ plan scope changed (33.122542ms)
✔ outside log path (43.983458ms)
✔ wrong log digest (49.538458ms)
✔ missing dependency (43.732208ms)
✔ dependency digest substituted (39.762542ms)
✔ tampered manifest bytes are rejected (34.325ms)
✔ changed source content is rejected despite unchanged gate digest (43.126875ms)
✔ dependency must independently be READY (44.692917ms)
✔ arbitrary log cannot masquerade as successful execution (42.418833ms)
✔ input file symlink cannot escape the repository (39.664792ms)
✔ database execution cannot be inferred from a normal local PASS (47.277458ms)
✔ Supabase target receipt verifies each compressed execution log (51.798125ms)
✔ source drift during execution invalidates the original input snapshot (62.544167ms)
✔ requirement drift during execution invalidates the original input snapshot (67.793958ms)
✔ controlled public development profile overrides stale values and preserves server inputs (0.165834ms)
✔ private credentials cannot be injected through a public development profile (0.118917ms)
✔ transient Auth 503 can retry only a complete target execution (0.120291ms)
✔ persistent target timeout never becomes PASS and stops at its budget (0.085417ms)
✔ semantic target failures stop without retry or PASS (0.026208ms)
✔ target retry budget cannot be unbounded (0.099375ms)
✔ configured target retries require explicit attempt outcomes in the receipt (50.423625ms)
✔ three successful full builds bind output inventories (0.427125ms)
✔ reproducibility rejects only two builds (0.119667ms)
✔ reproducibility rejects missing Python build (0.130667ms)
✔ reproducibility rejects failed command (0.123625ms)
✔ reproducibility rejects different output digest (0.106834ms)
✔ reproducibility rejects substituted inventory (0.069542ms)
✔ reproducibility rejects dirty source (0.063292ms)
✔ reproducibility rejects old source (0.062ms)
✔ development policy retains explicit build, coverage, volume and target storage obligations (0.3695ms)
✔ static make commands cannot reload .env.local or inherit target database opt-ins (0.085542ms)
✔ volume retry restarts the complete check only on a closed PostgreSQL transport (0.059042ms)
✔ volume correctness and certificate errors cannot be retried into PASS (0.034042ms)
✔ persistent database transport failure stays failed at the retry limit (0.035833ms)
✔ separate assessment snapshot preserves historical manifests and binds its own logs (47.308458ms)
✔ third-party Git link binds the actual clean checkout and rejects dirty/advanced source (208.834ms)
✔ transient read-only preflight connection closure retries the complete target (0.119792ms)
✔ preflight permission and role failures are not transport retries (0.068542ms)
✔ persistent preflight closure exhausts three attempts without PASS (0.132667ms)
✔ inventory reads a Git file list over 1 MiB without truncating selected inputs (323.969834ms)
✔ engineering snapshot never grants admission when dependencies are not assessed (312.737375ms)
✔ skeleton artifact rejects omitted check (269.184041ms)
✔ skeleton artifact rejects failed execution (292.522208ms)
✔ skeleton artifact rejects fake command (279.067375ms)
✔ skeleton artifact rejects changed source (306.986292ms)
✔ skeleton artifact rejects changed log (267.7735ms)
✔ skeleton artifact rejects formal acceptance claim (139.054125ms)
✔ skeleton artifact rejects future execution (277.750292ms)
✔ unified artifact rejects a receipt executed on another source SHA (136.614958ms)
✔ copied artifact verifies its bound supporting logs instead of mutable original logs (404.201ms)
✔ Python regression count cannot fall below the established baseline (230.510291ms)
✔ engineering-only validation never grants TP01-D admission (397.54725ms)
✔ all copied supporting logs are required (203.852958ms)
✔ TP01-D artifact rejects omitted check (375.286875ms)
✔ TP01-D artifact rejects failed execution (380.822083ms)
✔ TP01-D artifact rejects fake command (396.892625ms)
✔ TP01-D artifact rejects source inventory (317.609792ms)
✔ TP01-D artifact rejects log digest (317.782125ms)
✔ TP01-D artifact rejects fixture omission (355.129708ms)
✔ TP01-D artifact rejects queue drift (331.288708ms)
✔ TP01-D artifact rejects formal claim (143.854375ms)
✔ TP01-D artifact rejects future execution (293.109333ms)
✔ source commit must match execution manifest (148.060459ms)
✔ copied logs are validated independently of mutable canonical logs (376.354375ms)
✔ engineering-only evidence cannot admit TP02 (305.840625ms)
✔ all execution logs and installed wheels must travel with a copied receipt (139.014417ms)
✔ TP02 receipt rejects omitted check (293.658792ms)
✔ TP02 receipt rejects failed execution (280.684667ms)
✔ TP02 receipt rejects fake command (292.255667ms)
✔ TP02 receipt rejects source inventory (290.738791ms)
✔ TP02 receipt rejects log digest (268.980458ms)
✔ TP02 receipt rejects fixture omission (286.579166ms)
✔ TP02 receipt rejects formal claim (136.139917ms)
✔ TP02 receipt rejects future execution (273.631416ms)
✔ TP02 receipt rejects unreaped package child (247.801041ms)
✔ TP02 receipt rejects editable package claim (225.270084ms)
✔ TP02 receipt rejects upstream claim (251.588333ms)
✔ execution source must match unified manifest (116.288541ms)
✔ copied logs are independent of canonical logs (317.372125ms)
✔ tampered wheel bytes are rejected (186.026958ms)
✔ engineering-only evidence cannot admit TP03 (365.560583ms)
✔ all execution logs and installed wheels must travel with a copied receipt (188.856417ms)
✔ TP03 receipt rejects omitted check (332.53725ms)
✔ TP03 receipt rejects failed execution (320.396458ms)
✔ TP03 receipt rejects fake command (321.981292ms)
✔ TP03 receipt rejects source inventory (310.102375ms)
✔ TP03 receipt rejects log digest (323.704125ms)
✔ TP03 receipt rejects fixture omission (271.007375ms)
✔ TP03 receipt rejects formal claim (167.866875ms)
✔ TP03 receipt rejects future execution (289.173167ms)
✔ TP03 receipt rejects unreaped package child (269.978666ms)
✔ TP03 receipt rejects editable package claim (249.912291ms)
✔ TP03 receipt rejects upstream claim (234.19275ms)
✔ execution source must match unified manifest (122.785291ms)
✔ copied logs are independent of canonical logs (305.914584ms)
✔ tampered wheel bytes are rejected (177.068459ms)
✔ actual output evidence rejects matrix sample omission (188.663709ms)
✔ actual output evidence rejects Signal confidence (184.458416ms)
✔ actual output evidence rejects Signal time (187.758166ms)
✔ actual output evidence rejects Signal source claim (201.154416ms)
✔ UI transcript rejects cancel timeout (199.746334ms)
✔ UI transcript rejects cancel side effect (191.46375ms)
✔ engineering-only evidence cannot admit TP04 (369.516125ms)
✔ all execution logs and installed wheels must travel with a copied receipt (182.658292ms)
✔ TP04 receipt rejects omitted check (333.905583ms)
✔ TP04 receipt rejects failed execution (313.57075ms)
✔ TP04 receipt rejects fake command (331.5005ms)
✔ TP04 receipt rejects source inventory (308.314792ms)
✔ TP04 receipt rejects log digest (322.473917ms)
✔ TP04 receipt rejects fixture omission (275.548875ms)
✔ TP04 receipt rejects formal claim (159.944917ms)
✔ TP04 receipt rejects future execution (292.149583ms)
✔ TP04 receipt rejects unreaped package child (270.496417ms)
✔ TP04 receipt rejects editable package claim (251.352167ms)
✔ TP04 receipt rejects upstream claim (235.073042ms)
✔ execution source must match unified manifest (119.33225ms)
✔ copied logs are independent of canonical logs (308.492542ms)
✔ tampered wheel bytes are rejected (174.724166ms)
✔ actual output evidence rejects URI collision (188.862417ms)
✔ actual output evidence rejects matrix sample omission (185.217666ms)
✔ actual output evidence rejects Proposal confidence (188.138541ms)
✔ actual output evidence rejects Proposal time (204.055833ms)
✔ actual output evidence rejects Proposal executable claim (191.556375ms)
✔ UI transcript rejects cancel timeout (200.164416ms)
✔ UI transcript rejects cancel side effect (172.124417ms)
✔ engineering-only evidence cannot admit TP05 (376.893709ms)
✔ all execution logs and installed wheels must travel with a copied receipt (174.886833ms)
✔ TP05 receipt rejects omitted check (333.879875ms)
✔ TP05 receipt rejects failed execution (320.126834ms)
✔ TP05 receipt rejects fake command (324.28825ms)
✔ TP05 receipt rejects source inventory (308.299333ms)
✔ TP05 receipt rejects log digest (322.711416ms)
✔ TP05 receipt rejects fixture omission (274.747833ms)
✔ TP05 receipt rejects formal claim (164.044ms)
✔ TP05 receipt rejects future execution (289.068208ms)
✔ TP05 receipt rejects unreaped package child (271.559959ms)
✔ TP05 receipt rejects editable package claim (250.269125ms)
✔ TP05 receipt rejects upstream claim (234.65775ms)
✔ TP05 receipt rejects production gate omission (219.391416ms)
✔ TP05 receipt rejects upstream package present (188.619375ms)
✔ execution source must match unified manifest (96.158709ms)
✔ copied logs are independent of canonical logs (278.550583ms)
✔ tampered wheel bytes are rejected (184.278334ms)
✔ actual output evidence rejects URI collision (196.859958ms)
✔ actual output evidence rejects matrix sample omission (209.563792ms)
✔ actual output evidence rejects missing sources (191.936875ms)
✔ actual output evidence rejects production data claim (193.399584ms)
✔ actual output evidence rejects trading data claim (172.172166ms)
✔ actual output evidence rejects response hash (150.54625ms)
✔ actual output evidence rejects cross-tenant scope (150.323625ms)
✔ actual output evidence rejects false source schema (146.979083ms)
✔ actual output evidence rejects upstream commit (148.956084ms)
✔ UI transcript rejects cancel timeout (149.358292ms)
✔ UI transcript rejects cancel side effect (147.488375ms)
✔ engineering-only evidence cannot admit TP08 (349.881125ms)
✔ copied receipt requires all nine logs and seven experiment files (154.294375ms)
✔ TP08 receipt rejects omitted check (271.099333ms)
✔ TP08 receipt rejects failed execution (276.790416ms)
✔ TP08 receipt rejects fake command (290.009416ms)
✔ TP08 receipt rejects source inventory (276.805833ms)
✔ TP08 receipt rejects log digest (245.470416ms)
✔ TP08 receipt rejects formal claim (137.52ms)
✔ TP08 receipt rejects future execution (274.291875ms)
✔ TP08 receipt rejects omitted output (253.652042ms)
✔ TP08 receipt rejects widened scope (135.604959ms)
✔ execution source must match unified manifest (124.620417ms)
✔ copied logs validated independently (360.827708ms)
✔ tampered object bytes denied even after output digest update (225.875541ms)
✔ forged upstream execution denied after output digest update (220.800916ms)
ℹ tests 176
ℹ suites 0
ℹ pass 176
ℹ fail 0
ℹ cancelled 0
ℹ skipped 0
ℹ todo 0
ℹ duration_ms 6551.273792
