✔ pinned source and descriptor-only disposition validate (1.399292ms)
✔ three generated experiments and actual byte evidence validate (21.453208ms)
✔ production inventory with no Qlib passes exclusion only (1.320125ms)
✔ production rejects pyqlib.whl (0.69275ms)
✔ production rejects engines/qlib-adapter (0.418542ms)
✔ production rejects third_party/qlib (0.359541ms)
✔ production rejects QLIB.so (0.376042ms)
✔ invalid inventory null (0.054083ms)
✔ invalid inventory {} (0.057083ms)
✔ invalid inventory [""] (0.077375ms)
✔ invalid inventory [5] (0.064209ms)
✔ source evidence rejects pin (6.555875ms)
✔ source evidence rejects runtime approval (5.79375ms)
✔ source evidence rejects adapter decision (5.972375ms)
✔ source evidence rejects source byte digest (5.637208ms)
✔ source evidence rejects source omission (5.514875ms)
✔ source evidence rejects source traversal (5.636209ms)
✔ source evidence rejects fake SHA256 commit (5.876959ms)
✔ source evidence rejects fake clean CVE (5.848709ms)
✔ source evidence rejects dependency omission disguised by count (6.454334ms)
✔ source evidence rejects fake resolved graph (6.169209ms)
✔ actual mapping rejects source pin even after rehash (1.974791ms)
✔ actual mapping rejects scope mismatch even after rehash (2.018708ms)
✔ actual mapping rejects trading claim even after rehash (1.627625ms)
✔ actual mapping rejects upstream claim even after rehash (1.612792ms)
✔ actual mapping rejects missing contract field even after rehash (10.829667ms)
✔ actual mapping rejects old flat metadata even after rehash (8.524917ms)
✔ actual mapping rejects placeholder content hash even after rehash (11.082083ms)
✔ missing actual Artifact bytes cannot pass (1.628666ms)
✔ forged replay outcome cannot pass (1.404167ms)
ℹ tests 30
ℹ suites 0
ℹ pass 30
ℹ fail 0
ℹ cancelled 0
ℹ skipped 0
ℹ todo 0
ℹ duration_ms 175.528459
