
> @sumalpha/quantos@ test:development-plans /Users/anray/Documents/project/SumAlpha/QuantOS
> node --test scripts/development-plan-order-negative.mjs

✔ joint schedule is acyclic and preserves task/status boundaries (10.747583ms)
✔ restoring a complete R1 prerequisite for S2 services creates a rejected cycle (5.129959ms)
✔ research service waiting on its consumer page is rejected (4.55425ms)
✔ historical CORE:R04 to CORE:L04 probe now fails closed (4.472042ms)
✔ an early identity API cannot silently depend on later research services (5.720042ms)
✔ a provider cannot wait for the consumer frontend Gate (4.199167ms)
✔ removing S2 service admission from a core execution task is rejected (4.601375ms)
✔ S2 service Gate cannot omit TP12 advance evaluation (4.950083ms)
✔ I10 cannot drop testnet service admission even if metadata is edited with it (5.379917ms)
✔ a new or existing frontend cannot skip the full provider Gate (5.346833ms)
✔ G5 cannot be marked as closing in I4 before reconciliation (5.210042ms)
✔ moving the G1 block above I1 tasks is rejected (4.893792ms)
✔ milestone cannot omit its last child while retaining a Gate summary (5.076875ms)
✔ prose-only backend dependencies cannot drift from structured prerequisites (5.139625ms)
✔ core closure mapping cannot become an implicit service alias (4.957916ms)
✔ ACCEPTED checkpoint needs SHA and evidence, not only a green word (5.248083ms)
✔ accepted checkpoint evidence must resolve (2.633ms)
✔ missing checkpoint and unknown dependency fail closed (6.669291ms)
✔ API windows cannot skip their preceding provider checkpoint (4.674333ms)
✔ UI windows cannot skip the preceding reconciliation window (4.732916ms)
✔ Web intake preserves the explicit no-model-review schema (1.324ms)
✔ missing Web task fields still fail closed (1.350667ms)
✔ both plans must publish exactly the same stage contract (5.396542ms)
✔ changing both plans cannot defer correctness or functional deadlines to release (13.086667ms)
✔ both plans must retain every deferred release obligation (14.659666ms)
✔ tasks and checkpoints cannot omit, invent, or misclassify their stage gate (19.009875ms)
✔ release prerequisites cannot block either development or integration (12.0785ms)
✔ release gates cannot skip business closure or inherit the wrong stage (13.8ms)
✔ historical ACCEPTED and completed tasks do not automatically become READY (5.565416ms)
✔ READY needs its own input digest and resolvable evidence (30.58475ms)
✔ unassessed stage gates cannot carry an apparent ready receipt (7.299417ms)
✔ BLOCKED retains failure evidence and digest without being counted as READY (9.0845ms)
✔ a READY chain needs READY prerequisites and its own evidence at every node (13.8965ms)
✔ stage readiness never substitutes for formal acceptance evidence (2.875583ms)
✔ release READY requires formal acceptance and all functional prerequisites (8.6515ms)
ℹ tests 35
ℹ suites 0
ℹ pass 35
ℹ fail 0
ℹ cancelled 0
ℹ skipped 0
ℹ todo 0
ℹ duration_ms 301.12775
