node --test scripts/f02-gate-negative.mjs scripts/f02-a11-gate-negative.mjs scripts/playwright-git-history.test.mjs
✔ complete Linux matrix passes; deletion and pixel tampering fail (409.606709ms)
✔ acceptance never updates snapshots or skips missing snapshots (1.123542ms)
✔ only main signing and verification jobs receive the signing environment (10.094125ms)
✔ signing policy rejects missing protection, wildcards, tags and extra branches (0.215833ms)
✔ candidate import rejects tampering and stale source before writing, then imports the reviewed matrix (357.123208ms)
✔ required download check rejects skipped or failed event-specific verification (22.950542ms)
✔ PR receipts bind the checked out head while main signing stays on the event SHA (2.912833ms)
Verified 2 release files for aaaaaaaaaaaaaaaaaaaaaaaaaaaaaaaaaaaaaaaa
Verified 2 release files for aaaaaaaaaaaaaaaaaaaaaaaaaaaaaaaaaaaaaaaa
✔ real Gitleaks positive control and GitHub/Slack leaks (1583.728167ms)
✔ historical digest exceptions do not waive fresh credentials in audit JSON (1056.068291ms)
✔ RLS baseline rejects policy deletion and late disabling with recovery (166.035542ms)
✔ RLS preflight recognizes the actual ten-table A2 migration and rejects incomplete loops (132.193875ms)
✔ RLS literal loops preserve late disabling, NO FORCE and policy deletion (126.313625ms)
✔ RLS preflight cannot count conditional loops, comments, literals or function bodies as execution (143.356416ms)
✔ quoted SQL examples inside expanded policy expressions cannot enable RLS (22.311708ms)
✔ migration filename control, rejection and recovery (14.328583ms)
✔ waivers only authorize exact advisory/ecosystem/package/version before expiry (0.955042ms)
✔ license expression policy does not globally allow LGPL or unknown licenses (0.356167ms)
✔ release binds complete payload and SBOM to source; rejects corruption and build-only native files (2.848291ms)
✔ Buf compares against distinct historical source and detects removed fields (599.726416ms)
✔ SCA scanner adapter consumes exact waivers and never waives scanner failures (1417.944333ms)
✔ Playwright PR reporting preserves complete history for downstream security scans (1636.162958ms)
ℹ tests 21
ℹ suites 0
ℹ pass 21
ℹ fail 0
ℹ cancelled 0
ℹ skipped 0
ℹ todo 0
ℹ duration_ms 5329.385583
