frontend-baseline	FEP-0 full milestone receipts and rejection probes	﻿2026-10-06T00:37:07.1986681Z ##[group]Run pnpm check:f0-development && pnpm check:fep0:engineering && pnpm test:fep0
frontend-baseline	FEP-0 full milestone receipts and rejection probes	2026-10-06T00:37:07.1987314Z ^[[36;1mpnpm check:f0-development && pnpm check:fep0:engineering && pnpm test:fep0^[[0m
frontend-baseline	FEP-0 full milestone receipts and rejection probes	2026-10-06T00:37:07.2050282Z shell: /usr/bin/bash -e {0}
frontend-baseline	FEP-0 full milestone receipts and rejection probes	2026-10-06T00:37:07.2050559Z env:
frontend-baseline	FEP-0 full milestone receipts and rejection probes	2026-10-06T00:37:07.2050825Z   QUANTOS_BFF_BASE: f764bc677a1655481a7f5e9e1467221ee962df82
frontend-baseline	FEP-0 full milestone receipts and rejection probes	2026-10-06T00:37:07.2051178Z   NEXT_PUBLIC_QUANTOS_ENV: local-mock
frontend-baseline	FEP-0 full milestone receipts and rejection probes	2026-10-06T00:37:07.2051501Z   NEXT_PUBLIC_SITE_ORIGIN: https://sumalpha.ai
frontend-baseline	FEP-0 full milestone receipts and rejection probes	2026-10-06T00:37:07.2051886Z   NEXT_PUBLIC_QUANTOS_TERMINAL_ORIGIN: http://localhost:3190
frontend-baseline	FEP-0 full milestone receipts and rejection probes	2026-10-06T00:37:07.2052273Z   NEXT_PUBLIC_QUANTOS_BFF_ORIGIN: http://localhost:4010
frontend-baseline	FEP-0 full milestone receipts and rejection probes	2026-10-06T00:37:07.2052682Z   NEXT_PUBLIC_QUANTOS_OIDC_ISSUER: https://mock.idp.local
frontend-baseline	FEP-0 full milestone receipts and rejection probes	2026-10-06T00:37:07.2053058Z   NEXT_PUBLIC_QUANTOS_OIDC_CLIENT_ID: quantos-terminal-ci
frontend-baseline	FEP-0 full milestone receipts and rejection probes	2026-10-06T00:37:07.2053487Z   NEXT_PUBLIC_QUANTOS_OIDC_REDIRECT_URI: http://localhost:3190/auth/callback
frontend-baseline	FEP-0 full milestone receipts and rejection probes	2026-10-06T00:37:07.2053910Z   NEXT_PUBLIC_QUANTOS_DEFAULT_MODE: paper
frontend-baseline	FEP-0 full milestone receipts and rejection probes	2026-10-06T00:37:07.2054245Z   NEXT_PUBLIC_QUANTOS_MOCK_ENABLED: true
frontend-baseline	FEP-0 full milestone receipts and rejection probes	2026-10-06T00:37:07.2054527Z   NEXT_PUBLIC_QUANTOS_OBS_ENABLED: false
frontend-baseline	FEP-0 full milestone receipts and rejection probes	2026-10-06T00:37:07.2054844Z   NEXT_PUBLIC_QUANTOS_FEATURE_ASSISTED_LIVE_TESTNET: off
frontend-baseline	FEP-0 full milestone receipts and rejection probes	2026-10-06T00:37:07.2055166Z   CARGO_HOME: /home/runner/.cargo
frontend-baseline	FEP-0 full milestone receipts and rejection probes	2026-10-06T00:37:07.2055415Z   CARGO_INCREMENTAL: 0
frontend-baseline	FEP-0 full milestone receipts and rejection probes	2026-10-06T00:37:07.2055635Z   CARGO_TERM_COLOR: always
frontend-baseline	FEP-0 full milestone receipts and rejection probes	2026-10-06T00:37:07.2055854Z ##[endgroup]
frontend-baseline	FEP-0 full milestone receipts and rejection probes	2026-10-06T00:37:07.5223195Z 
frontend-baseline	FEP-0 full milestone receipts and rejection probes	2026-10-06T00:37:07.5224454Z > @sumalpha/quantos@ check:f0-development /home/runner/work/QuantOS/QuantOS
frontend-baseline	FEP-0 full milestone receipts and rejection probes	2026-10-06T00:37:07.5225530Z > node scripts/provider-a1-receipts.mjs --f0
frontend-baseline	FEP-0 full milestone receipts and rejection probes	2026-10-06T00:37:07.5225960Z 
frontend-baseline	FEP-0 full milestone receipts and rejection probes	2026-10-06T00:37:08.6666696Z third-party checkout differs from pinned Git link
frontend-baseline	FEP-0 full milestone receipts and rejection probes	2026-10-06T00:37:08.6667275Z + actual - expected
frontend-baseline	FEP-0 full milestone receipts and rejection probes	2026-10-06T00:37:08.6667431Z 
frontend-baseline	FEP-0 full milestone receipts and rejection probes	2026-10-06T00:37:08.6667613Z + 'e0e9cbc649ffd610cfa5ee7e576117ce70c6bae5'
frontend-baseline	FEP-0 full milestone receipts and rejection probes	2026-10-06T00:37:08.6668003Z - 'c33133f4fd5e978d21d2a61fdd8787fb352b4687'
frontend-baseline	FEP-0 full milestone receipts and rejection probes	2026-10-06T00:37:08.6668257Z 
frontend-baseline	FEP-0 full milestone receipts and rejection probes	2026-10-06T00:37:08.6901457Z  ELIFECYCLE  Command failed with exit code 1.
frontend-baseline	FEP-0 full milestone receipts and rejection probes	2026-10-06T00:37:08.7110060Z ##[error]Process completed with exit code 1.
