TAP version 13
# Subtest: valid source and execution-bound dependency chain is READY without release signatures
ok 1 - valid source and execution-bound dependency chain is READY without release signatures
  ---
  duration_ms: 39.252666
  type: 'test'
  ...
# Subtest: missing required execution
ok 2 - missing required execution
  ---
  duration_ms: 31.16575
  type: 'test'
  ...
# Subtest: failed execution
ok 3 - failed execution
  ---
  duration_ms: 26.925291
  type: 'test'
  ...
# Subtest: wrong actual command
ok 4 - wrong actual command
  ---
  duration_ms: 26.218584
  type: 'test'
  ...
# Subtest: unresolved issue
ok 5 - unresolved issue
  ---
  duration_ms: 20.245333
  type: 'test'
  ...
# Subtest: wrong node
ok 6 - wrong node
  ---
  duration_ms: 20.304375
  type: 'test'
  ...
# Subtest: missing source inventory
ok 7 - missing source inventory
  ---
  duration_ms: 24.396334
  type: 'test'
  ...
# Subtest: plan scope changed
ok 8 - plan scope changed
  ---
  duration_ms: 19.579792
  type: 'test'
  ...
# Subtest: outside log path
ok 9 - outside log path
  ---
  duration_ms: 24.880625
  type: 'test'
  ...
# Subtest: wrong log digest
ok 10 - wrong log digest
  ---
  duration_ms: 24.554833
  type: 'test'
  ...
# Subtest: missing dependency
ok 11 - missing dependency
  ---
  duration_ms: 23.617459
  type: 'test'
  ...
# Subtest: dependency digest substituted
ok 12 - dependency digest substituted
  ---
  duration_ms: 23.693041
  type: 'test'
  ...
# Subtest: tampered manifest bytes are rejected
ok 13 - tampered manifest bytes are rejected
  ---
  duration_ms: 19.8325
  type: 'test'
  ...
# Subtest: changed source content is rejected despite unchanged gate digest
ok 14 - changed source content is rejected despite unchanged gate digest
  ---
  duration_ms: 24.162667
  type: 'test'
  ...
# Subtest: dependency must independently be READY
ok 15 - dependency must independently be READY
  ---
  duration_ms: 25.338917
  type: 'test'
  ...
# Subtest: arbitrary log cannot masquerade as successful execution
ok 16 - arbitrary log cannot masquerade as successful execution
  ---
  duration_ms: 25.836333
  type: 'test'
  ...
# Subtest: input file symlink cannot escape the repository
ok 17 - input file symlink cannot escape the repository
  ---
  duration_ms: 26.240333
  type: 'test'
  ...
# Subtest: database execution cannot be inferred from a normal local PASS
ok 18 - database execution cannot be inferred from a normal local PASS
  ---
  duration_ms: 31.264958
  type: 'test'
  ...
# Subtest: Supabase target receipt verifies each compressed execution log
ok 19 - Supabase target receipt verifies each compressed execution log
  ---
  duration_ms: 31.597541
  type: 'test'
  ...
# Subtest: source drift during execution invalidates the original input snapshot
ok 20 - source drift during execution invalidates the original input snapshot
  ---
  duration_ms: 39.154
  type: 'test'
  ...
# Subtest: requirement drift during execution invalidates the original input snapshot
ok 21 - requirement drift during execution invalidates the original input snapshot
  ---
  duration_ms: 44.5065
  type: 'test'
  ...
# Subtest: controlled public development profile overrides stale values and preserves server inputs
ok 22 - controlled public development profile overrides stale values and preserves server inputs
  ---
  duration_ms: 0.139666
  type: 'test'
  ...
# Subtest: private credentials cannot be injected through a public development profile
ok 23 - private credentials cannot be injected through a public development profile
  ---
  duration_ms: 0.090333
  type: 'test'
  ...
# Subtest: transient Auth 503 can retry only a complete target execution
ok 24 - transient Auth 503 can retry only a complete target execution
  ---
  duration_ms: 0.09475
  type: 'test'
  ...
# Subtest: persistent target timeout never becomes PASS and stops at its budget
ok 25 - persistent target timeout never becomes PASS and stops at its budget
  ---
  duration_ms: 0.070875
  type: 'test'
  ...
# Subtest: semantic target failures stop without retry or PASS
ok 26 - semantic target failures stop without retry or PASS
  ---
  duration_ms: 0.024417
  type: 'test'
  ...
# Subtest: target retry budget cannot be unbounded
ok 27 - target retry budget cannot be unbounded
  ---
  duration_ms: 0.100291
  type: 'test'
  ...
# Subtest: configured target retries require explicit attempt outcomes in the receipt
ok 28 - configured target retries require explicit attempt outcomes in the receipt
  ---
  duration_ms: 28.938292
  type: 'test'
  ...
# Subtest: three successful full builds bind output inventories
ok 29 - three successful full builds bind output inventories
  ---
  duration_ms: 0.355916
  type: 'test'
  ...
# Subtest: reproducibility rejects only two builds
ok 30 - reproducibility rejects only two builds
  ---
  duration_ms: 0.115334
  type: 'test'
  ...
# Subtest: reproducibility rejects missing Python build
ok 31 - reproducibility rejects missing Python build
  ---
  duration_ms: 0.142375
  type: 'test'
  ...
# Subtest: reproducibility rejects failed command
ok 32 - reproducibility rejects failed command
  ---
  duration_ms: 0.137083
  type: 'test'
  ...
# Subtest: reproducibility rejects different output digest
ok 33 - reproducibility rejects different output digest
  ---
  duration_ms: 0.096667
  type: 'test'
  ...
# Subtest: reproducibility rejects substituted inventory
ok 34 - reproducibility rejects substituted inventory
  ---
  duration_ms: 0.0715
  type: 'test'
  ...
# Subtest: reproducibility rejects dirty source
ok 35 - reproducibility rejects dirty source
  ---
  duration_ms: 0.05825
  type: 'test'
  ...
# Subtest: reproducibility rejects old source
ok 36 - reproducibility rejects old source
  ---
  duration_ms: 0.061834
  type: 'test'
  ...
# Subtest: development policy retains explicit build, coverage, volume and target storage obligations
ok 37 - development policy retains explicit build, coverage, volume and target storage obligations
  ---
  duration_ms: 0.310208
  type: 'test'
  ...
# Subtest: static make commands cannot reload .env.local or inherit target database opt-ins
ok 38 - static make commands cannot reload .env.local or inherit target database opt-ins
  ---
  duration_ms: 0.09175
  type: 'test'
  ...
# Subtest: volume retry restarts the complete check only on a closed PostgreSQL transport
ok 39 - volume retry restarts the complete check only on a closed PostgreSQL transport
  ---
  duration_ms: 0.069334
  type: 'test'
  ...
# Subtest: volume correctness and certificate errors cannot be retried into PASS
ok 40 - volume correctness and certificate errors cannot be retried into PASS
  ---
  duration_ms: 0.0345
  type: 'test'
  ...
# Subtest: persistent database transport failure stays failed at the retry limit
ok 41 - persistent database transport failure stays failed at the retry limit
  ---
  duration_ms: 0.029459
  type: 'test'
  ...
# Subtest: separate assessment snapshot preserves historical manifests and binds its own logs
ok 42 - separate assessment snapshot preserves historical manifests and binds its own logs
  ---
  duration_ms: 29.535292
  type: 'test'
  ...
# Subtest: third-party Git link binds the actual clean checkout and rejects dirty/advanced source
ok 43 - third-party Git link binds the actual clean checkout and rejects dirty/advanced source
  ---
  duration_ms: 134.043208
  type: 'test'
  ...
1..43
# tests 43
# suites 0
# pass 43
# fail 0
# cancelled 0
# skipped 0
# todo 0
# duration_ms 811.3535
