TAP version 13
# Subtest: RLS baseline rejects policy deletion and late disabling with recovery
ok 1 - RLS baseline rejects policy deletion and late disabling with recovery
  ---
  duration_ms: 163.627125
  type: 'test'
  ...
# Subtest: RLS preflight recognizes the actual ten-table A2 migration and rejects incomplete loops
ok 2 - RLS preflight recognizes the actual ten-table A2 migration and rejects incomplete loops
  ---
  duration_ms: 123.408542
  type: 'test'
  ...
# Subtest: RLS literal loops preserve late disabling, NO FORCE and policy deletion
ok 3 - RLS literal loops preserve late disabling, NO FORCE and policy deletion
  ---
  duration_ms: 146.137334
  type: 'test'
  ...
# Subtest: RLS preflight cannot count conditional loops, comments, literals or function bodies as execution
ok 4 - RLS preflight cannot count conditional loops, comments, literals or function bodies as execution
  ---
  duration_ms: 150.533833
  type: 'test'
  ...
# Subtest: quoted SQL examples inside expanded policy expressions cannot enable RLS
ok 5 - quoted SQL examples inside expanded policy expressions cannot enable RLS
  ---
  duration_ms: 22.487292
  type: 'test'
  ...
1..5
# tests 5
# suites 0
# pass 5
# fail 0
# cancelled 0
# skipped 0
# todo 0
# duration_ms 644.702875
