✔ fully bound executed evidence is admitted (1.766167ms)
✔ Node spec reporter with successful executed assertions is admitted (0.317375ms)
✔ Node non-execution or failure summary is rejected: "# pass 0\n# fail 0\n" (0.464292ms)
✔ Node non-execution or failure summary is rejected: "# pass 21\n# fail 1\n" (0.209125ms)
✔ Node non-execution or failure summary is rejected: "business assertions passed\n" (0.156375ms)
✔ Node non-execution or failure summary is rejected: "// # pass 21\n// # fail 0\n" (0.292625ms)
✔ comments-only replacement changes functional inputs is rejected (0.694042ms)
✔ unready dependency is rejected (0.21875ms)
✔ missing live execution is rejected (0.165625ms)
✔ evidence bytes changed is rejected (0.217334ms)
✔ compilation-only mutant rejection is rejected (0.201875ms)
✔ missing current export roots is rejected (0.18875ms)
✔ missing authentication matrix is rejected (0.235375ms)
✔ unexecuted target assertion is rejected (0.172666ms)
✔ dependency validator failed is rejected (0.08475ms)
✔ missing target sourceCommit is rejected (0.193583ms)
✔ malformed target commit is rejected (0.555917ms)
✔ unknown target commit is rejected (0.175666ms)
✔ target source differs from original commit is rejected (0.19125ms)
✔ current BFF-FE-007 repository Gate passes (0.788ms)
✔ redaction attestation deletion is rejected (1.576125ms)
✔ evidence cursor deletion is rejected (1.023791ms)
✔ export capability regression is rejected (1.041791ms)
✔ CSRF deletion is rejected (1.025667ms)
✔ recent-auth deletion is rejected (2.65ms)
✔ idempotency deletion is rejected (1.098125ms)
✔ expired download response deletion is rejected (0.931167ms)
✔ download URL leakage through status is rejected (0.994625ms)
✔ watermark deletion is rejected (1.018791ms)
✔ dependency regression is rejected (0.198875ms)
ℹ tests 30
ℹ suites 0
ℹ pass 30
ℹ fail 0
ℹ cancelled 0
ℹ skipped 0
ℹ todo 0
ℹ duration_ms 107.477667
