✔ formal gate rejects zero, one, two and noninteger runs (0.406583ms)
✔ all binaries participate in digest and omitted binary fails (2.989834ms)
✔ extra binary, missing wheel and stale/empty Web cannot pass output inventory (2.286125ms)
✔ manifest inventory cannot omit or add members (0.067459ms)
✔ dirty and untracked source rejected (56.978292ms)
✔ deleted module README is rejected (1.944625ms)
✔ wrong uv version fails toolchain preflight (16.88425ms)
✔ invalid locks fail real lock entrypoint (33.258667ms)
✔ Terminal default lint rejects a page TSX violation (879.852833ms)
✔ invalid run revokes old successful receipt (24.889333ms)
✔ Cargo manifest drift is rejected by actual lock gate (660.557917ms)
✔ uv manifest drift is rejected by actual lock gate (625.657625ms)
✔ pnpm manifest drift is rejected by actual lock gate (837.541292ms)
✔ malformed Buf lock is rejected by actual lock gate (618.993209ms)
✔ broken Desktop is outside phase-one pnpm frozen check (294.473292ms)
✔ uv output marker is metadata, other unexpected files still fail (2.133167ms)
✔ build-only tool is required in output inventory without becoming a runtime binary (1.970458ms)
✔ pnpm frozen check rejects missing or changed patch bytes (627.626791ms)
✔ pnpm patch cannot read outside the repository (139.409334ms)
ℹ tests 19
ℹ suites 0
ℹ pass 19
ℹ fail 0
ℹ cancelled 0
ℹ skipped 0
ℹ todo 0
ℹ duration_ms 4862.678
