✔ current BFF-FE-000 repository Gate passes (4.130167ms)
✔ missing phase-one page mapping is rejected (2.631917ms)
✔ published operation drift is rejected (1.562041ms)
✔ planned operation traceability deletion is rejected (1.431667ms)
✔ shared idempotency baseline deletion is rejected (2.815333ms)
✔ dependency regression is rejected (2.159792ms)
✔ error correlation header deletion is rejected (3.261583ms)
✔ generated Zod export deletion is rejected (1.495417ms)
✔ missing staging permits development readiness and never claims formal acceptance (1.117542ms)
✔ stage deferral cannot bypass engineering failures, final receipt requirements or unknown stages (0.071417ms)
✔ final review command cannot be rewired to the development stage (6.470208ms)
✔ current semantic A1 gate passes (3.45775ms)
✔ rejects cookie semantic regression (2.855ms)
✔ rejects idempotency semantic regression (2.881125ms)
✔ rejects sort semantic regression (3.539584ms)
✔ rejects page semantic regression (2.616167ms)
✔ rejects ci semantic regression (2.598541ms)
✔ rejects decimal semantic regression (2.617625ms)
✔ rejects version semantic regression (2.506209ms)
✔ rejects csrf semantic regression (2.305541ms)
✔ exact registered security correction is accepted only within its window (12.186042ms)
✔ unregistered breaking type, enum or missing baseline fails closed (23.336209ms)
✔ new required parameters and constraints cannot silently bypass compatibility (0.906417ms)
✔ absent, invented and reference-only staging receipts never close A1 (0.481375ms)
✔ final receipt requires technical evidence plus one input-bound user confirmation (1.060125ms)
✔ optional property within an existing allOf is additive, required changes are rejected (0.113209ms)
ℹ tests 26
ℹ suites 0
ℹ pass 26
ℹ fail 0
ℹ cancelled 0
ℹ skipped 0
ℹ todo 0
ℹ duration_ms 172.510625
