
> @sumalpha/website@0.1.0 build /Users/anray/Documents/project/SumAlpha/QuantOS/apps/website
> next build && node ../../scripts/pre03-build-receipt.mjs website && node ../../scripts/check-client-secrets.mjs out

   ▲ Next.js 15.5.24

   Creating an optimized production build ...
 ✓ Compiled successfully in 487ms
   Linting and checking validity of types ...
   Collecting page data ...
   Generating static pages (0/12) ...
   Generating static pages (3/12) 
   Generating static pages (6/12) 
   Generating static pages (9/12) 
 ✓ Generating static pages (12/12)
   Finalizing page optimization ...
   Collecting build traces ...
   Exporting (0/2) ...
 ✓ Exporting (2/2)

Route (app)                                 Size  First Load JS
┌ ○ /                                      146 B         103 kB
├ ○ /_not-found                          1.01 kB         104 kB
├ ○ /access-request                      2.33 kB         105 kB
├ ○ /architecture-security                 146 B         103 kB
├ ○ /docs                                 2.3 kB         105 kB
├ ○ /login                                 146 B         103 kB
├ ○ /product                               146 B         103 kB
├ ○ /robots.txt                            146 B         103 kB
├ ○ /sitemap.xml                           146 B         103 kB
└ ○ /use-cases                             146 B         103 kB
+ First Load JS shared by all             103 kB
  ├ chunks/93-641809efeb57e9b9.js        46.8 kB
  ├ chunks/d35bb0e7-3679ef361d95d4f9.js  54.3 kB
  └ other shared chunks (total)          1.87 kB


○  (Static)  prerendered as static content

Client secret check PASS (40 files)
