✔ formal gate rejects zero, one, two and noninteger runs (0.359083ms)
✔ all binaries participate in digest and omitted binary fails (2.923458ms)
✔ extra binary, missing wheel and stale/empty Web cannot pass output inventory (2.419417ms)
✔ manifest inventory cannot omit or add members (0.058459ms)
✔ dirty and untracked source rejected (56.480542ms)
✔ deleted module README is rejected (2.316208ms)
✔ wrong uv version fails toolchain preflight (16.068458ms)
✔ invalid locks fail real lock entrypoint (32.417ms)
✔ Terminal default lint rejects a page TSX violation (870.464875ms)
✔ invalid run revokes old successful receipt (25.914709ms)
✔ Cargo manifest drift is rejected by actual lock gate (536.46225ms)
✔ uv manifest drift is rejected by actual lock gate (614.618541ms)
✔ pnpm manifest drift is rejected by actual lock gate (841.29975ms)
✔ malformed Buf lock is rejected by actual lock gate (635.353042ms)
✔ broken Desktop is outside phase-one pnpm frozen check (301.40975ms)
✔ uv output marker is metadata, other unexpected files still fail (2.248459ms)
✔ build-only tool is required in output inventory without becoming a runtime binary (2.09875ms)
✔ pnpm frozen check rejects missing or changed patch bytes (643.49325ms)
✔ pnpm patch cannot read outside the repository (135.260084ms)
ℹ tests 19
ℹ suites 0
ℹ pass 19
ℹ fail 0
ℹ cancelled 0
ℹ skipped 0
ℹ todo 0
ℹ duration_ms 4755.099208
