node --test scripts/f02-gate-negative.mjs scripts/f02-a11-gate-negative.mjs scripts/playwright-git-history.test.mjs
✔ complete Linux matrix passes; deletion and pixel tampering fail (399.738458ms)
✔ acceptance never updates snapshots or skips missing snapshots (0.607459ms)
✔ only main signing and verification jobs receive the signing environment (9.279167ms)
✔ signing policy rejects missing protection, wildcards, tags and extra branches (0.190167ms)
✔ candidate import rejects tampering and stale source before writing, then imports the reviewed matrix (382.050458ms)
✔ required download check rejects skipped or failed event-specific verification (27.398542ms)
✔ PR receipts bind the checked out head while main signing stays on the event SHA (2.985625ms)
Verified 2 release files for aaaaaaaaaaaaaaaaaaaaaaaaaaaaaaaaaaaaaaaa
Verified 2 release files for aaaaaaaaaaaaaaaaaaaaaaaaaaaaaaaaaaaaaaaa
✔ real Gitleaks positive control and GitHub/Slack leaks (1649.157292ms)
✔ historical digest exceptions do not waive fresh credentials in audit JSON (1177.6135ms)
✔ RLS baseline rejects policy deletion and late disabling with recovery (185.304416ms)
✔ migration filename control, rejection and recovery (19.932791ms)
✔ waivers only authorize exact advisory/ecosystem/package/version before expiry (1.140917ms)
✔ license expression policy does not globally allow LGPL or unknown licenses (0.347417ms)
✔ release binds complete payload and SBOM to source; rejects corruption and build-only native files (3.320833ms)
✔ Buf compares against distinct historical source and detects removed fields (521.484959ms)
✔ SCA scanner adapter consumes exact waivers and never waives scanner failures (1049.190334ms)
✔ Playwright PR reporting preserves complete history for downstream security scans (1651.401708ms)
ℹ tests 17
ℹ suites 0
ℹ pass 17
ℹ fail 0
ℹ cancelled 0
ℹ skipped 0
ℹ todo 0
ℹ duration_ms 4650.379833
