✔ all eight independently content-bound dependencies admit DEVELOPMENT only (17.085875ms)
✔ engineering aggregation preserves the sole pending user confirmation (8.622334ms)
✔ milestone rejects missing F0 (7.886167ms)
✔ milestone rejects missing PRE (8.065292ms)
✔ milestone rejects duplicate dependency (7.822958ms)
✔ milestone rejects unready F0 (7.898375ms)
✔ milestone rejects manifest bytes replaced (7.672208ms)
✔ milestone rejects digest substituted (7.265916ms)
✔ milestone rejects dependency path substituted (7.103791ms)
✔ milestone rejects dependency verdict substituted (7.08375ms)
✔ milestone rejects self manifest schema (7.309ms)
✔ milestone rejects normative change (7.19975ms)
✔ milestone rejects source input change (7.357917ms)
✔ milestone rejects unexecuted check (8.939041ms)
✔ milestone rejects missing execution time (7.554708ms)
✔ milestone rejects missing required check (7.716542ms)
✔ milestone rejects duplicate check (7.353459ms)
✔ milestone rejects wrong command (7.655584ms)
✔ milestone rejects log tampering (7.629208ms)
✔ milestone rejects rehashed prose (7.510375ms)
✔ milestone rejects external log path (7.227542ms)
✔ milestone rejects false formal acceptance (7.364667ms)
✔ milestone rejects aggregate claims database run (6.98725ms)
✔ milestone rejects hidden exclusions (6.989334ms)
✔ milestone rejects unresolved functional finding (7.107541ms)
✔ dependency validator is invoked and errors propagate (7.032167ms)
✔ fake READY cannot hide changed G0 scope (6.977958ms)
✔ arbitrary existing markdown cannot serve as a milestone receipt (0.0885ms)
✔ own arbitrary digest is rejected independently of dependency status (0.061667ms)
✔ F0 policy contains the six missing nodes and all eleven obligations (7.326083ms)
✔ production schema drift comparator rejects tables (0.13575ms)
✔ production schema drift comparator rejects columns (0.056709ms)
✔ production schema drift comparator rejects constraints (0.050667ms)
✔ production schema drift comparator rejects indexes (0.045042ms)
✔ production schema drift comparator rejects policies (0.037208ms)
✔ production schema drift comparator rejects routines (0.031166ms)
✔ production schema drift comparator rejects triggers (0.03575ms)
✔ 100-task recovery evidence cannot use 10-task diagnostic or accept P95 (1.003916ms)
✔ CI consumes the full milestone engineering validator and its negatives (0.071333ms)
ℹ tests 39
ℹ suites 0
ℹ pass 39
ℹ fail 0
ℹ cancelled 0
ℹ skipped 0
ℹ todo 0
ℹ duration_ms 274.02975
