
> @sumalpha/quantos@ test:development-plans /Users/anray/Documents/project/SumAlpha/QuantOS
> node --test scripts/development-plan-order-negative.mjs

✔ joint schedule is acyclic and preserves task/status boundaries (10.133583ms)
✔ restoring a complete R1 prerequisite for S2 services creates a rejected cycle (4.928958ms)
✔ research service waiting on its consumer page is rejected (4.433958ms)
✔ historical CORE:R04 to CORE:L04 probe now fails closed (4.284584ms)
✔ an early identity API cannot silently depend on later research services (5.65625ms)
✔ a provider cannot wait for the consumer frontend Gate (4.029958ms)
✔ removing S2 service admission from a core execution task is rejected (4.528792ms)
✔ S2 service Gate cannot omit TP12 advance evaluation (4.799042ms)
✔ I10 cannot drop testnet service admission even if metadata is edited with it (5.028709ms)
✔ a new or existing frontend cannot skip the full provider Gate (5.195875ms)
✔ G5 cannot be marked as closing in I4 before reconciliation (5.087ms)
✔ moving the G1 block above I1 tasks is rejected (4.698625ms)
✔ milestone cannot omit its last child while retaining a Gate summary (4.954791ms)
✔ prose-only backend dependencies cannot drift from structured prerequisites (4.894833ms)
✔ core closure mapping cannot become an implicit service alias (4.694584ms)
✔ ACCEPTED checkpoint needs SHA and evidence, not only a green word (4.911625ms)
✔ accepted checkpoint evidence must resolve (2.455167ms)
✔ missing checkpoint and unknown dependency fail closed (6.298084ms)
✔ API windows cannot skip their preceding provider checkpoint (4.587667ms)
✔ UI windows cannot skip the preceding reconciliation window (4.591042ms)
✔ Web intake preserves the explicit no-model-review schema (1.291458ms)
✔ missing Web task fields still fail closed (1.319417ms)
✔ both plans must publish exactly the same stage contract (5.195083ms)
✔ changing both plans cannot defer correctness or functional deadlines to release (12.338167ms)
✔ both plans must retain every deferred release obligation (13.613ms)
✔ tasks and checkpoints cannot omit, invent, or misclassify their stage gate (18.478625ms)
✔ release prerequisites cannot block either development or integration (11.510541ms)
✔ release gates cannot skip business closure or inherit the wrong stage (13.214084ms)
✔ historical ACCEPTED and completed tasks do not automatically become READY (5.246542ms)
✔ READY needs its own input digest and resolvable evidence (28.671083ms)
✔ unassessed stage gates cannot carry an apparent ready receipt (6.670083ms)
✔ BLOCKED retains failure evidence and digest without being counted as READY (8.842292ms)
✔ a READY chain needs READY prerequisites and its own evidence at every node (13.266ms)
✔ stage readiness never substitutes for formal acceptance evidence (2.62025ms)
✔ release READY requires formal acceptance and all functional prerequisites (8.24475ms)
ℹ tests 35
ℹ suites 0
ℹ pass 35
ℹ fail 0
ℹ cancelled 0
ℹ skipped 0
ℹ todo 0
ℹ duration_ms 287.738334
