
> @sumalpha/quantos@ test:pre04 /Users/anray/Documents/project/SumAlpha/QuantOS
> node --test scripts/pre04-gate-negative.mjs

✔ current full phase-one inventory passes (11.070583ms)
✔ missing Gap is rejected (5.088375ms)
✔ undecided realtime dependency is rejected (5.25075ms)
✔ deleted required actorId field is rejected (4.189125ms)
✔ nonexistent field source is rejected (4.00675ms)
✔ wrong field type and optionality are rejected (4.492375ms)
✔ generated operation deletion is rejected (3.843625ms)
✔ generated method and path drift are rejected (7.522667ms)
✔ same-count schema rename is rejected (3.240042ms)
✔ schema required and enum drift are rejected (8.062584ms)
✔ same-count Proto message rename is rejected (3.818666ms)
✔ removed Proto declaration is rejected (3.815875ms)
✔ same-count JSON Schema replacement is rejected (3.727667ms)
✔ duplicate contract row is rejected before Map collapse (3.595916ms)
✔ duplicate Gap row is rejected before Map collapse (3.493458ms)
✔ nonexistent role owner is rejected (3.810333ms)
✔ nonexistent backend task is rejected (3.535458ms)
✔ nonexistent BFF task is rejected (3.429542ms)
✔ unknown Gap page is rejected (3.662625ms)
✔ each missing website P0 page is rejected (17.352667ms)
✔ missing auxiliary risk/audit/order contract is rejected (10.423375ms)
✔ closing partly published Gap is rejected (3.816625ms)
✔ omitting planned operation is rejected (3.634084ms)
✔ unpublished Inventory Fixture cannot claim Implemented (3.552417ms)
✔ generated-only contract cannot claim Integrated (3.612041ms)
✔ missing provider evidence is rejected (3.29175ms)
✔ changed provider receipt is rejected (3.37075ms)
✔ missing Inventory Fixture is rejected (4.0255ms)
✔ Desktop contamination is rejected by Web inventory (3.899042ms)
✔ nonexistent domain field mappings including the former engine-version anchor are rejected (7.503708ms)
✔ removed referenced core task is rejected (3.659458ms)
✔ catalog source drift is rejected (3.640417ms)
✔ empty implementation artifact lists are rejected for every implemented contract (10.49025ms)
✔ each missing implementation evidence category is rejected (31.879625ms)
✔ duplicate artifacts cannot substitute for test or receipt evidence (3.74725ms)
✔ another contract receipt cannot substitute for required evidence (3.758792ms)
✔ unknown task suffixes are rejected in both backend task columns (21.567292ms)
✔ ambiguous cross-prefix ranges cannot impersonate reviewed backend tasks (6.570167ms)
ℹ tests 38
ℹ suites 0
ℹ pass 38
ℹ fail 0
ℹ cancelled 0
ℹ skipped 0
ℹ todo 0
ℹ duration_ms 345.487083
