
> @sumalpha/quantos@ test:pre06 /Users/anray/Documents/project/SumAlpha/QuantOS
> node --test scripts/pre06-gate-negative.mjs scripts/pre06-runtime-negative.mjs

✔ current PRE-06 Web baseline passes (24.317333ms)
✔ website browser Gate deletion is rejected (9.394375ms)
✔ Desktop coupling in phase-one compatibility is rejected (7.573541ms)
✔ Desktop deep-link inclusion in phase-one Terminal is rejected (6.637542ms)
✔ generated operation coverage drift is rejected (5.993084ms)
✔ visual baseline integrity failure is rejected (5.731625ms)
✔ performance budget weakening is rejected (5.378417ms)
✔ disabled CI steps and comment-only commands are rejected (15.76075ms)
✔ contract assertion deletion and visual comparison deletion fail closed (10.0865ms)
✔ website performance and critical coverage gates cannot be removed (10.365625ms)
✔ CI retry policy must reject flaky outcomes and archive failure evidence (10.3285ms)
✔ comments cannot restore weakened budget or critical coverage policy (14.323958ms)
✔ skipped suites and inactive screenshot assertions cannot satisfy the baseline (35.216541ms)
✔ critical contract callbacks cannot return early, hide assertions, or remove runtime counting (22.087167ms)
✔ unknown and corrupted fixtures are rejected, explicit sabotage fixtures remain expected failures (29.024792ms)
✔ empty assets and empty route manifest are never a zero-sized performance PASS (28.121416ms)
✔ actual CI configs return nonzero for first-fail-then-pass policy probe (1254.083208ms)
ℹ tests 17
ℹ suites 0
ℹ pass 17
ℹ fail 0
ℹ cancelled 0
ℹ skipped 0
ℹ todo 0
ℹ duration_ms 1358.225917
