
> @sumalpha/quantos@ test:pre03 /Users/anray/Documents/project/SumAlpha/QuantOS
> node --test scripts/pre03-gate-negative.mjs

✔ current Web contract passes and never loads Desktop inputs (8.76ms)
✔ apps/terminal rejects Next 15.5.23 (5.840084ms)
✔ apps/terminal rejects Next 16.0.0 (1.796583ms)
✔ apps/website rejects Next 15.5.23 (1.5775ms)
✔ apps/website rejects Next 16.0.0 (1.515875ms)
✔ missing package resolutions (1.753542ms)
✔ missing snapshots (1.100167ms)
✔ specifier drift (1.751458ms)
✔ dependency removed (1.808834ms)
✔ dependency inserted (1.866792ms)
✔ manifest drift fails without changing lock (0.842334ms)
✔ ADR drift fails (0.786125ms)
✔ duplicate ADR version row fails (0.750583ms)
✔ missing transitive snapshot fails (1.684167ms)
✔ Node pin drift fails (0.78325ms)
✔ effective Next configuration: valid export (216.745667ms)
✔ effective Next configuration: comment marker (224.830875ms)
✔ effective Next configuration: dead branch (215.452416ms)
✔ effective Next configuration: subsequent override (216.208042ms)
✔ effective Next configuration: function config (215.497542ms)
✔ bad route resources, fake HTML and script failures fail closed (11797.321458ms)
✔ Next-specific async client violation is an ESLint error (249.375125ms)
✔ build receipts reject stale source, config, identity and missing receipts (2.143333ms)
✔ source binding ignores caches but detects actual source changes (3.596708ms)
✔ all workspace importers and exact link targets are required (9.417208ms)
✔ runtime loader discovers omitted manifests independently of lockfile (495.351834ms)
✔ per-app env files are isolated and reloaded without polluting caller (664.634916ms)
ℹ tests 27
ℹ suites 0
ℹ pass 27
ℹ fail 0
ℹ cancelled 0
ℹ skipped 0
ℹ todo 0
ℹ duration_ms 15062.921792
