
> @sumalpha/quantos@ test:pre02 /Users/anray/Documents/project/SumAlpha/QuantOS
> pnpm --filter @sumalpha/ui test:pre02


> @sumalpha/ui@0.1.0 test:pre02 /Users/anray/Documents/project/SumAlpha/QuantOS/packages/ui
> node --test scripts/pre02-gate-negative.mjs

✔ current PRE-02 design-system contract passes (7.62575ms)
✔ renaming a required safety key fails even when the count stays at 18 (1.577292ms)
✔ missing state color mapping fails closed (1.165375ms)
✔ insufficient focus contrast is rejected (1.113625ms)
✔ missing readonly viewport is rejected (1.050833ms)
✔ deny cannot become success (1.146333ms)
✔ mapped token paths must exist (0.791375ms)
✔ English safety semantics cannot be inverted (0.690333ms)
✔ all compact density values remain frozen (0.788791ms)
✔ focus width and path remain frozen (0.8235ms)
✔ breakpoint intervals cannot develop gaps (0.6865ms)
✔ typography and spacing must match the reviewed contract (0.9165ms)
✔ required component identity cannot be replaced (0.701542ms)
✔ comments do not supply executable Storybook configuration (0.702542ms)
✔ surface.2 contrast cannot be removed from the contract (0.641375ms)
✔ native reference viewport is not a prerequisite of the Web Gate (0.576292ms)
✔ disabled contrast rule cannot hide behind a matching comment (0.577625ms)
✔ readonly viewport dimensions cannot hide behind its identifier (0.710958ms)
✔ phase-two page cannot enter the Web component acceptance rows (0.610583ms)
✔ provider JSX outside the decorator cannot authorize empty decorators (0.595625ms)
✔ unexported configuration does not authorize a Storybook entry (0.596ms)
✔ initial theme cannot contradict the dark default contract (0.596917ms)
✔ object spread cannot silently override required addons (0.7295ms)
✔ duplicate decorators cannot replace the validated provider tree (0.676292ms)
✔ dead JSX branches are not executed provider decorators (1.072833ms)
✔ provider attributes cannot be overwritten through JSX spreads (0.796959ms)
✔ provider-only JSX without the Story consumer is rejected (0.667916ms)
ℹ tests 27
ℹ suites 0
ℹ pass 27
ℹ fail 0
ℹ cancelled 0
ℹ skipped 0
ℹ todo 0
ℹ duration_ms 194.398709
