
> @sumalpha/quantos@ test:pre01 /Users/anray/Documents/project/SumAlpha/QuantOS
> node --test ./scripts/tests/check-pre01.test.mjs

✔ current PRE-01 artifacts satisfy the executable contract (4.045709ms)
✔ missing a page state fails closed (1.905792ms)
✔ invalid story priority fails closed (0.72425ms)
✔ missing traceability row fails closed (1.58375ms)
✔ published operation cannot regress to planned fails closed (1.81375ms)
✔ unknown role fails closed (0.519208ms)
✔ unknown route fails closed (0.547875ms)
✔ duplicate story fails closed (0.499208ms)
✔ missing flow stories fails closed (0.545875ms)
✔ missing flow scenarios fails closed (1.092084ms)
✔ unsafe proposal criterion fails closed (1.254167ms)
✔ unknown trace task fails closed (1.738083ms)
✔ unauthorized admin grant fails closed (1.0705ms)
✔ missing permission route fails closed (0.82175ms)
✔ phase-one P16 fails closed (0.114167ms)
✔ missing contract owner fails closed (1.290625ms)
✔ empty flow role fails closed (0.5615ms)
✔ empty flow route fails closed (0.584958ms)
✔ state label mismatch fails closed (0.822792ms)
✔ desktop-only story fails closed (0.456625ms)
✔ persistent offline cache fails closed (0.964333ms)
✔ admin domain permission fails closed (0.773209ms)
✔ missing page story fails closed (0.489291ms)
✔ cross-page route fails closed (0.507375ms)
✔ current G0 governance preserves history without granting current acceptance (1.796791ms)
✔ past-due G0 item cannot silently remain OPEN (0.781541ms)
✔ fabricated G0 acceptance fails against current checkpoint (0.580917ms)
✔ missing G0 leftover owner fails (0.571625ms)
✔ P05 cannot bind metadata download to an untraced audit export operation (2.249417ms)
✔ P21 cannot drop alert ownership from both ledger and trace while retaining the subscription (1.777208ms)
✔ unknown unlabelled operation in API register is rejected (1.614209ms)
✔ P05 quality alerts require C16 ownership on the consumer page (1.477375ms)
✔ API register rejects current version 1.4.0 (1.378208ms)
✔ API register rejects current version 99.99.0 (1.4175ms)
✔ published register row cannot omit API version (1.540208ms)
✔ published register row cannot omit generated mock version (1.786125ms)
✔ all ten historical compatibility strategies cannot be cleared (0.748917ms)
✔ current disposition cannot drop a historical parent (0.969958ms)
✔ current disposition requires effective checkpoint deadline (0.804625ms)
✔ current disposition cannot claim target RELEASE completion (0.8025ms)
✔ current disposition requires nonempty compatibility strategy (0.727292ms)
✔ current disposition presentation must match structured source (0.725542ms)
✔ current deadline cannot defer DEVELOPMENT provider obligations to integration (0.800709ms)
ℹ tests 43
ℹ suites 0
ℹ pass 43
ℹ fail 0
ℹ cancelled 0
ℹ skipped 0
ℹ todo 0
ℹ duration_ms 144.9105
