Validated 6 pinned Buf plugins and locked generation workflow.
✔ proto generation configuration is pinned and lock-preserving (37.889209ms)
✔ proto generation configuration rejects an unpinned remote plugin (36.5945ms)
✔ proto generation configuration rejects implicit dependency updates (37.756083ms)
ℹ tests 3
ℹ suites 0
ℹ pass 3
ℹ fail 0
ℹ cancelled 0
ℹ skipped 0
ℹ todo 0
ℹ duration_ms 143.487208
Extracted 50 JSON schema documents.
Validated 50 standalone JSON schemas and 11 planned domain schemas.
✔ standalone JSON schema gate passes the complete generated catalog (133.887916ms)
✔ standalone JSON schema gate rejects a missing planned domain schema (46.957833ms)
✔ standalone JSON schema gate rejects an unresolved reference (133.776959ms)
ℹ tests 3
ℹ suites 0
ℹ pass 3
ℹ fail 0
ℹ cancelled 0
ℹ skipped 0
ℹ todo 0
ℹ duration_ms 349.45725
Proto compatibility checked against 68c336255ef2bbb4f4d4c9a3311a4475e2c632f9
Proto checks passed.
