
> @sumalpha/quantos@ test:provider-a1 /Users/anray/Documents/project/SumAlpha/QuantOS
> node --test scripts/provider-a1-receipts.test.mjs

✔ valid source and execution-bound dependency chain is READY without release signatures (36.783917ms)
✔ missing required execution (27.280541ms)
✔ failed execution (25.829458ms)
✔ wrong actual command (26.16225ms)
✔ unresolved issue (20.818875ms)
✔ wrong node (20.824542ms)
✔ missing source inventory (25.112083ms)
✔ plan scope changed (20.757ms)
✔ outside log path (24.964208ms)
✔ wrong log digest (24.264541ms)
✔ missing dependency (25.293709ms)
✔ dependency digest substituted (25.375083ms)
✔ tampered manifest bytes are rejected (21.269209ms)
✔ changed source content is rejected despite unchanged gate digest (25.781916ms)
✔ dependency must independently be READY (24.604958ms)
✔ arbitrary log cannot masquerade as successful execution (25.441875ms)
✔ input file symlink cannot escape the repository (25.021875ms)
✔ database execution cannot be inferred from a normal local PASS (30.064875ms)
✔ Supabase target receipt verifies each compressed execution log (31.113125ms)
✔ source drift during execution invalidates the original input snapshot (39.907709ms)
✔ requirement drift during execution invalidates the original input snapshot (43.274875ms)
✔ controlled public development profile overrides stale values and preserves server inputs (0.108416ms)
✔ private credentials cannot be injected through a public development profile (0.087417ms)
✔ transient Auth 503 can retry only a complete target execution (0.098ms)
✔ persistent target timeout never becomes PASS and stops at its budget (0.067208ms)
✔ semantic target failures stop without retry or PASS (0.022917ms)
✔ target retry budget cannot be unbounded (0.096583ms)
✔ configured target retries require explicit attempt outcomes in the receipt (29.8305ms)
✔ three successful full builds bind output inventories (0.3055ms)
✔ reproducibility rejects only two builds (0.101208ms)
✔ reproducibility rejects missing Python build (0.118625ms)
✔ reproducibility rejects failed command (0.125667ms)
✔ reproducibility rejects different output digest (0.091708ms)
✔ reproducibility rejects substituted inventory (0.068875ms)
✔ reproducibility rejects dirty source (0.056708ms)
✔ reproducibility rejects old source (0.059375ms)
✔ development policy retains explicit build, coverage, volume and target storage obligations (0.246125ms)
✔ static make commands cannot reload .env.local or inherit target database opt-ins (0.071209ms)
✔ volume retry restarts the complete check only on a closed PostgreSQL transport (0.049375ms)
✔ volume correctness and certificate errors cannot be retried into PASS (0.02775ms)
✔ persistent database transport failure stays failed at the retry limit (0.023917ms)
✔ separate assessment snapshot preserves historical manifests and binds its own logs (31.06275ms)
✔ third-party Git link binds the actual clean checkout and rejects dirty/advanced source (137.522292ms)
ℹ tests 43
ℹ suites 0
ℹ pass 43
ℹ fail 0
ℹ cancelled 0
ℹ skipped 0
ℹ todo 0
ℹ duration_ms 810.112625
