frontend-baseline	Web build smoke and negative probes (PRE-03 Web-only)	﻿2026-10-08T08:58:05.3189692Z ##[group]Run pnpm check:pre03:web && pnpm test:pre03
frontend-baseline	Web build smoke and negative probes (PRE-03 Web-only)	2026-10-08T08:58:05.3189960Z ^[[36;1mpnpm check:pre03:web && pnpm test:pre03^[[0m
frontend-baseline	Web build smoke and negative probes (PRE-03 Web-only)	2026-10-08T08:58:05.3243426Z shell: /usr/bin/bash -e {0}
frontend-baseline	Web build smoke and negative probes (PRE-03 Web-only)	2026-10-08T08:58:05.3243580Z env:
frontend-baseline	Web build smoke and negative probes (PRE-03 Web-only)	2026-10-08T08:58:05.3243737Z   QUANTOS_BFF_BASE: 22915b801d3f41a551d2aa66357f6a86d57c4e0c
frontend-baseline	Web build smoke and negative probes (PRE-03 Web-only)	2026-10-08T08:58:05.3243962Z   NEXT_PUBLIC_QUANTOS_ENV: local-mock
frontend-baseline	Web build smoke and negative probes (PRE-03 Web-only)	2026-10-08T08:58:05.3244143Z   NEXT_PUBLIC_SITE_ORIGIN: https://sumalpha.ai
frontend-baseline	Web build smoke and negative probes (PRE-03 Web-only)	2026-10-08T08:58:05.3244355Z   NEXT_PUBLIC_QUANTOS_TERMINAL_ORIGIN: http://localhost:3190
frontend-baseline	Web build smoke and negative probes (PRE-03 Web-only)	2026-10-08T08:58:05.3244574Z   NEXT_PUBLIC_QUANTOS_BFF_ORIGIN: http://localhost:4010
frontend-baseline	Web build smoke and negative probes (PRE-03 Web-only)	2026-10-08T08:58:05.3244788Z   NEXT_PUBLIC_QUANTOS_OIDC_ISSUER: https://mock.idp.local
frontend-baseline	Web build smoke and negative probes (PRE-03 Web-only)	2026-10-08T08:58:05.3245001Z   NEXT_PUBLIC_QUANTOS_OIDC_CLIENT_ID: quantos-terminal-ci
frontend-baseline	Web build smoke and negative probes (PRE-03 Web-only)	2026-10-08T08:58:05.3245249Z   NEXT_PUBLIC_QUANTOS_OIDC_REDIRECT_URI: http://localhost:3190/auth/callback
frontend-baseline	Web build smoke and negative probes (PRE-03 Web-only)	2026-10-08T08:58:05.3245481Z   NEXT_PUBLIC_QUANTOS_DEFAULT_MODE: paper
frontend-baseline	Web build smoke and negative probes (PRE-03 Web-only)	2026-10-08T08:58:05.3245645Z   NEXT_PUBLIC_QUANTOS_MOCK_ENABLED: true
frontend-baseline	Web build smoke and negative probes (PRE-03 Web-only)	2026-10-08T08:58:05.3245823Z   NEXT_PUBLIC_QUANTOS_OBS_ENABLED: false
frontend-baseline	Web build smoke and negative probes (PRE-03 Web-only)	2026-10-08T08:58:05.3246004Z   NEXT_PUBLIC_QUANTOS_FEATURE_ASSISTED_LIVE_TESTNET: off
frontend-baseline	Web build smoke and negative probes (PRE-03 Web-only)	2026-10-08T08:58:05.3246184Z   CARGO_HOME: /home/runner/.cargo
frontend-baseline	Web build smoke and negative probes (PRE-03 Web-only)	2026-10-08T08:58:05.3246330Z   CARGO_INCREMENTAL: 0
frontend-baseline	Web build smoke and negative probes (PRE-03 Web-only)	2026-10-08T08:58:05.3246466Z   CARGO_TERM_COLOR: always
frontend-baseline	Web build smoke and negative probes (PRE-03 Web-only)	2026-10-08T08:58:05.3246601Z ##[endgroup]
frontend-baseline	Web build smoke and negative probes (PRE-03 Web-only)	2026-10-08T08:58:05.4870065Z 
frontend-baseline	Web build smoke and negative probes (PRE-03 Web-only)	2026-10-08T08:58:05.4870708Z > @sumalpha/quantos@ check:pre03:web /home/runner/work/QuantOS/QuantOS
frontend-baseline	Web build smoke and negative probes (PRE-03 Web-only)	2026-10-08T08:58:05.4871230Z > node scripts/pre03-smoke.mjs --web-only
frontend-baseline	Web build smoke and negative probes (PRE-03 Web-only)	2026-10-08T08:58:05.4871349Z 
frontend-baseline	Web build smoke and negative probes (PRE-03 Web-only)	2026-10-08T08:58:06.5653780Z FAIL  . @next/eslint-plugin-next locked at 15.5.24
frontend-baseline	Web build smoke and negative probes (PRE-03 Web-only)	2026-10-08T08:58:06.5654476Z FAIL  apps/terminal next locked at 15.5.24
frontend-baseline	Web build smoke and negative probes (PRE-03 Web-only)	2026-10-08T08:58:06.5654799Z FAIL  apps/website next locked at 15.5.24
frontend-baseline	Web build smoke and negative probes (PRE-03 Web-only)	2026-10-08T08:58:06.5923165Z  ELIFECYCLE  Command failed with exit code 1.
frontend-baseline	Web build smoke and negative probes (PRE-03 Web-only)	2026-10-08T08:58:06.6258325Z ##[error]Process completed with exit code 1.
