
> @sumalpha/quantos@ test:development-plans /Users/anray/Documents/project/SumAlpha/QuantOS
> node --test scripts/development-plan-order-negative.mjs

✔ joint schedule is acyclic and preserves task/status boundaries (15.8995ms)
✔ restoring a complete R1 prerequisite for S2 services creates a rejected cycle (4.888125ms)
✔ research service waiting on its consumer page is rejected (4.455208ms)
✔ historical CORE:R04 to CORE:L04 probe now fails closed (4.304541ms)
✔ an early identity API cannot silently depend on later research services (5.48175ms)
✔ a provider cannot wait for the consumer frontend Gate (4.057459ms)
✔ removing S2 service admission from a core execution task is rejected (4.488083ms)
✔ S2 service Gate cannot omit TP12 advance evaluation (4.723708ms)
✔ I10 cannot drop testnet service admission even if metadata is edited with it (5.150666ms)
✔ a new or existing frontend cannot skip the full provider Gate (5.450292ms)
✔ G5 cannot be marked as closing in I4 before reconciliation (5.763625ms)
✔ moving the G1 block above I1 tasks is rejected (4.878209ms)
✔ milestone cannot omit its last child while retaining a Gate summary (4.840125ms)
✔ prose-only backend dependencies cannot drift from structured prerequisites (4.917917ms)
✔ core closure mapping cannot become an implicit service alias (4.757334ms)
✔ ACCEPTED checkpoint needs SHA and evidence, not only a green word (5.154917ms)
✔ accepted checkpoint evidence must resolve (2.605291ms)
✔ missing checkpoint and unknown dependency fail closed (6.374458ms)
✔ API windows cannot skip their preceding provider checkpoint (4.743167ms)
✔ UI windows cannot skip the preceding reconciliation window (5.082166ms)
✔ Web intake preserves the explicit no-model-review schema (1.627625ms)
✔ missing Web task fields still fail closed (1.363208ms)
✔ both plans must publish exactly the same stage contract (5.507667ms)
✔ changing both plans cannot defer correctness or functional deadlines to release (13.450917ms)
✔ both plans must retain every deferred release obligation (13.511709ms)
✔ tasks and checkpoints cannot omit, invent, or misclassify their stage gate (18.601042ms)
✔ release prerequisites cannot block either development or integration (11.663208ms)
✔ release gates cannot skip business closure or inherit the wrong stage (13.210583ms)
✔ historical ACCEPTED and completed tasks do not automatically become READY (10.263875ms)
✔ READY needs its own input digest and resolvable evidence (34.115167ms)
✔ unassessed stage gates cannot carry an apparent ready receipt (7.018625ms)
✔ BLOCKED retains failure evidence and digest without being counted as READY (13.865208ms)
✔ a READY chain needs READY prerequisites and its own evidence at every node (18.2305ms)
✔ stage readiness never substitutes for formal acceptance evidence (2.578667ms)
✔ release READY requires formal acceptance and all functional prerequisites (8.632709ms)
✔ core intake follows the frontend audit-report format (6.069125ms)
✔ core review summary must be unique and link to audit evidence (7.798958ms)
✔ core shared task fields and existing window must stay consistent (14.022417ms)
ℹ tests 38
ℹ suites 0
ℹ pass 38
ℹ fail 0
ℹ cancelled 0
ℹ skipped 0
ℹ todo 0
ℹ duration_ms 347.80975
