
> @sumalpha/quantos@ test:pre03 /Users/anray/Documents/project/SumAlpha/QuantOS
> node --test scripts/pre03-gate-negative.mjs

✔ current Web contract passes and never loads Desktop inputs (9.275917ms)
✔ apps/terminal rejects Next 15.5.23 (5.516375ms)
✔ apps/terminal rejects Next 15.5.24 (1.784084ms)
✔ apps/terminal rejects Next 16.0.0 (1.600834ms)
✔ apps/website rejects Next 15.5.23 (1.532542ms)
✔ apps/website rejects Next 15.5.24 (1.530458ms)
✔ apps/website rejects Next 16.0.0 (1.775958ms)
✔ missing package resolutions (2.317875ms)
✔ missing snapshots (1.395416ms)
✔ specifier drift (2.079583ms)
✔ dependency removed (1.957792ms)
✔ dependency inserted (1.86925ms)
✔ manifest drift fails without changing lock (0.8785ms)
✔ ADR drift fails (0.743834ms)
✔ duplicate ADR version row fails (0.742208ms)
✔ missing transitive snapshot fails (2.748958ms)
✔ Node pin drift fails (0.85625ms)
✔ effective Next configuration: valid export (235.38125ms)
✔ effective Next configuration: comment marker (243.036334ms)
✔ effective Next configuration: dead branch (247.796875ms)
✔ effective Next configuration: subsequent override (247.341625ms)
✔ effective Next configuration: function config (258.246875ms)
✔ bad route resources, fake HTML and script failures fail closed (12183.06725ms)
✔ Next-specific async client violation is an ESLint error (503.831625ms)
✔ build receipts reject stale source, config, identity and missing receipts (2.402625ms)
✔ source binding ignores caches but detects actual source changes (3.953875ms)
✔ all workspace importers and exact link targets are required (10.066333ms)
✔ runtime loader discovers omitted manifests independently of lockfile (553.059333ms)
✔ per-app env files are isolated and reloaded without polluting caller (828.6ms)
ℹ tests 29
ℹ suites 0
ℹ pass 29
ℹ fail 0
ℹ cancelled 0
ℹ skipped 0
ℹ todo 0
ℹ duration_ms 16143.766541
