verify	Validate F05 event, storage and audit source Gate	﻿2026-10-08T09:04:33.6487124Z ##[group]Run make f05-check
verify	Validate F05 event, storage and audit source Gate	2026-10-08T09:04:33.6487441Z ^[[36;1mmake f05-check^[[0m
verify	Validate F05 event, storage and audit source Gate	2026-10-08T09:04:33.6529922Z shell: /usr/bin/bash -e {0}
verify	Validate F05 event, storage and audit source Gate	2026-10-08T09:04:33.6530220Z env:
verify	Validate F05 event, storage and audit source Gate	2026-10-08T09:04:33.6530444Z   QUANTOS_SKIP_ENV: 1
verify	Validate F05 event, storage and audit source Gate	2026-10-08T09:04:33.6530805Z   F02_PG_ADMIN_URL: postgresql://postgres@127.0.0.1:5432/postgres
verify	Validate F05 event, storage and audit source Gate	2026-10-08T09:04:33.6531288Z   GITLEAKS_BIN: /home/runner/work/QuantOS/QuantOS/artifacts/tools/gitleaks
verify	Validate F05 event, storage and audit source Gate	2026-10-08T09:04:33.6531744Z   QUANTOS_BFF_BASE: 22915b801d3f41a551d2aa66357f6a86d57c4e0c
verify	Validate F05 event, storage and audit source Gate	2026-10-08T09:04:33.6532294Z   QUANTOS_PROTO_BASE: 22915b801d3f41a551d2aa66357f6a86d57c4e0c
verify	Validate F05 event, storage and audit source Gate	2026-10-08T09:04:33.6532758Z   QUANTOS_SOURCE_SHA: c7a4d6531359b8d82e86a3d22758bbbb1af0de4c
verify	Validate F05 event, storage and audit source Gate	2026-10-08T09:04:33.6533092Z   CARGO_TERM_COLOR: always
verify	Validate F05 event, storage and audit source Gate	2026-10-08T09:04:33.6533357Z   NEXT_PUBLIC_QUANTOS_ENV: local-mock
verify	Validate F05 event, storage and audit source Gate	2026-10-08T09:04:33.6533674Z   NEXT_PUBLIC_SITE_ORIGIN: https://sumalpha.ai
verify	Validate F05 event, storage and audit source Gate	2026-10-08T09:04:33.6534049Z   NEXT_PUBLIC_QUANTOS_TERMINAL_ORIGIN: http://localhost:3190
verify	Validate F05 event, storage and audit source Gate	2026-10-08T09:04:33.6534426Z   NEXT_PUBLIC_QUANTOS_BFF_ORIGIN: http://localhost:4010
verify	Validate F05 event, storage and audit source Gate	2026-10-08T09:04:33.6534849Z   NEXT_PUBLIC_QUANTOS_OIDC_ISSUER: https://mock.idp.local
verify	Validate F05 event, storage and audit source Gate	2026-10-08T09:04:33.6535228Z   NEXT_PUBLIC_QUANTOS_OIDC_CLIENT_ID: quantos-terminal-ci
verify	Validate F05 event, storage and audit source Gate	2026-10-08T09:04:33.6535664Z   NEXT_PUBLIC_QUANTOS_OIDC_REDIRECT_URI: http://localhost:3190/auth/callback
verify	Validate F05 event, storage and audit source Gate	2026-10-08T09:04:33.6536071Z   NEXT_PUBLIC_QUANTOS_DEFAULT_MODE: paper
verify	Validate F05 event, storage and audit source Gate	2026-10-08T09:04:33.6536375Z   NEXT_PUBLIC_QUANTOS_MOCK_ENABLED: true
verify	Validate F05 event, storage and audit source Gate	2026-10-08T09:04:33.6536672Z   NEXT_PUBLIC_QUANTOS_OBS_ENABLED: false
verify	Validate F05 event, storage and audit source Gate	2026-10-08T09:04:33.6536999Z   NEXT_PUBLIC_QUANTOS_FEATURE_ASSISTED_LIVE_TESTNET: off
verify	Validate F05 event, storage and audit source Gate	2026-10-08T09:04:33.6537321Z   CARGO_HOME: /home/runner/.cargo
verify	Validate F05 event, storage and audit source Gate	2026-10-08T09:04:33.6537590Z   CARGO_INCREMENTAL: 0
verify	Validate F05 event, storage and audit source Gate	2026-10-08T09:04:33.6537925Z   pythonLocation: /opt/hostedtoolcache/Python/3.12.10/x64
verify	Validate F05 event, storage and audit source Gate	2026-10-08T09:04:33.6538339Z   PKG_CONFIG_PATH: /opt/hostedtoolcache/Python/3.12.10/x64/lib/pkgconfig
verify	Validate F05 event, storage and audit source Gate	2026-10-08T09:04:33.6538769Z   Python_ROOT_DIR: /opt/hostedtoolcache/Python/3.12.10/x64
verify	Validate F05 event, storage and audit source Gate	2026-10-08T09:04:33.6539156Z   Python2_ROOT_DIR: /opt/hostedtoolcache/Python/3.12.10/x64
verify	Validate F05 event, storage and audit source Gate	2026-10-08T09:04:33.6539550Z   Python3_ROOT_DIR: /opt/hostedtoolcache/Python/3.12.10/x64
verify	Validate F05 event, storage and audit source Gate	2026-10-08T09:04:33.6539935Z   LD_LIBRARY_PATH: /opt/hostedtoolcache/Python/3.12.10/x64/lib
verify	Validate F05 event, storage and audit source Gate	2026-10-08T09:04:33.6540317Z   UV_CACHE_DIR: /home/runner/work/_temp/setup-uv-cache
verify	Validate F05 event, storage and audit source Gate	2026-10-08T09:04:33.6540772Z ##[endgroup]
verify	Validate F05 event, storage and audit source Gate	2026-10-08T09:04:33.6619655Z node scripts/check-f05.mjs
verify	Validate F05 event, storage and audit source Gate	2026-10-08T09:04:33.6896708Z F05 Gate PASS: provenance, lease fencing, append-only enforcement, tenant replay, dead-letter recovery, quantitative tests and CI wiring are present.
verify	Validate F05 event, storage and audit source Gate	2026-10-08T09:04:33.6920026Z node --test scripts/f05-gate-negative.mjs scripts/f05-coverage.test.mjs
verify	Validate F05 event, storage and audit source Gate	2026-10-08T09:04:33.7837053Z ✔ full source inventory and thresholds are required (2.79619ms)
verify	Validate F05 event, storage and audit source Gate	2026-10-08T09:04:33.7837858Z ✔ adapter coverage cannot be hidden in aggregate or fabricated (0.808461ms)
verify	Validate F05 event, storage and audit source Gate	2026-10-08T09:04:33.7838652Z ✔ quantitative acceptance rejects partial consumption and server-only timings (9.023436ms)
verify	Validate F05 event, storage and audit source Gate	2026-10-08T09:04:33.9126702Z ✔ acknowledgements cannot be reduced to record-id updates (0.82823ms)
verify	Validate F05 event, storage and audit source Gate	2026-10-08T09:04:33.9144231Z ✔ append-only protection covers update delete truncate and cascade deletion (1.006976ms)
verify	Validate F05 event, storage and audit source Gate	2026-10-08T09:04:33.9145125Z ✔ tenantless correlation and replay APIs are absent (0.202489ms)
verify	Validate F05 event, storage and audit source Gate	2026-10-08T09:04:33.9146207Z ✔ nightly branch gate rejects fabricated, empty and below-threshold reports (140.119827ms)
verify	Validate F05 event, storage and audit source Gate	2026-10-08T09:04:33.9203364Z ℹ tests 7
verify	Validate F05 event, storage and audit source Gate	2026-10-08T09:04:33.9203811Z ℹ suites 0
verify	Validate F05 event, storage and audit source Gate	2026-10-08T09:04:33.9204162Z ℹ pass 7
verify	Validate F05 event, storage and audit source Gate	2026-10-08T09:04:33.9204489Z ℹ fail 0
verify	Validate F05 event, storage and audit source Gate	2026-10-08T09:04:33.9204844Z ℹ cancelled 0
verify	Validate F05 event, storage and audit source Gate	2026-10-08T09:04:33.9205225Z ℹ skipped 0
verify	Validate F05 event, storage and audit source Gate	2026-10-08T09:04:33.9205574Z ℹ todo 0
verify	Validate F05 event, storage and audit source Gate	2026-10-08T09:04:33.9205983Z ℹ duration_ms 202.856936
verify	Validate F05 event, storage and audit source Gate	2026-10-08T09:04:33.9237713Z cargo test -p quantos-event -p quantos-storage --lib --locked
verify	Validate F05 event, storage and audit source Gate	2026-10-08T09:04:34.0994063Z ^[[1m^[[92m   Compiling^[[0m tokio-openssl v0.6.5
verify	Validate F05 event, storage and audit source Gate	2026-10-08T09:04:34.1545547Z ^[[1m^[[92m   Compiling^[[0m postgres-openssl v0.5.3
verify	Validate F05 event, storage and audit source Gate	2026-10-08T09:04:34.2329511Z ^[[1m^[[92m   Compiling^[[0m quantos-event v0.1.0 (/home/runner/work/QuantOS/QuantOS/crates/quantos-event)
verify	Validate F05 event, storage and audit source Gate	2026-10-08T09:04:34.9731603Z ^[[1m^[[92m    Finished^[[0m `test` profile [unoptimized + debuginfo] target(s) in 1.02s
verify	Validate F05 event, storage and audit source Gate	2026-10-08T09:04:34.9875621Z ^[[1m^[[92m     Running^[[0m unittests src/lib.rs (target/debug/deps/quantos_event-a23834027681d6be)
verify	Validate F05 event, storage and audit source Gate	2026-10-08T09:04:34.9887770Z 
verify	Validate F05 event, storage and audit source Gate	2026-10-08T09:04:34.9888294Z running 10 tests
verify	Validate F05 event, storage and audit source Gate	2026-10-08T09:04:34.9892580Z test tests::append_rejects_sequence_gaps ... ok
verify	Validate F05 event, storage and audit source Gate	2026-10-08T09:04:34.9893723Z test tests::projection_buffers_out_of_order_events_and_replays_in_sequence ... ok
verify	Validate F05 event, storage and audit source Gate	2026-10-08T09:04:34.9894978Z test tests::duplicate_events_are_rejected_at_append_time ... ok
verify	Validate F05 event, storage and audit source Gate	2026-10-08T09:04:34.9896001Z test tests::projection_can_resume_after_restart_from_checkpoint ... ok
verify	Validate F05 event, storage and audit source Gate	2026-10-08T09:04:34.9897036Z test tests::projection_ignores_duplicate_deliveries ... ok
verify	Validate F05 event, storage and audit source Gate	2026-10-08T09:04:34.9898233Z test tests::projection_continues_with_buffered_event_after_dead_letter ... ok
verify	Validate F05 event, storage and audit source Gate	2026-10-08T09:04:34.9899583Z test tests::projection_ignores_old_sequences_and_keeps_first_buffered_delivery ... ok
verify	Validate F05 event, storage and audit source Gate	2026-10-08T09:04:34.9900995Z test tests::projection_sends_poison_messages_to_dead_letter_after_max_attempts ... ok
verify	Validate F05 event, storage and audit source Gate	2026-10-08T09:04:34.9902365Z test tests::provenance_is_required_and_replay_filters_the_tenant_boundary ... ok
verify	Validate F05 event, storage and audit source Gate	2026-10-08T09:04:35.2117752Z test tests::ledger_replays_ten_thousand_events_without_loss ... ok
verify	Validate F05 event, storage and audit source Gate	2026-10-08T09:04:35.2118127Z 
verify	Validate F05 event, storage and audit source Gate	2026-10-08T09:04:35.2118608Z test result: ok. 10 passed; 0 failed; 0 ignored; 0 measured; 0 filtered out; finished in 0.22s
verify	Validate F05 event, storage and audit source Gate	2026-10-08T09:04:35.2118987Z 
verify	Validate F05 event, storage and audit source Gate	2026-10-08T09:04:35.2123444Z ^[[1m^[[92m     Running^[[0m unittests src/lib.rs (target/debug/deps/quantos_storage-0450724bae5d1971)
verify	Validate F05 event, storage and audit source Gate	2026-10-08T09:04:35.2144329Z 
verify	Validate F05 event, storage and audit source Gate	2026-10-08T09:04:35.2144831Z running 21 tests
verify	Validate F05 event, storage and audit source Gate	2026-10-08T09:04:35.2173711Z test provenance::tests::actual_identity_time_quality_and_purpose_are_required ... FAILED
verify	Validate F05 event, storage and audit source Gate	2026-10-08T09:04:35.2174841Z test snapshot::tests::data_snapshot_rejects_invalid_window_age_and_schema ... ok
verify	Validate F05 event, storage and audit source Gate	2026-10-08T09:04:35.2175770Z test snapshot::tests::optional_license_rule_is_research_only ... ok
verify	Validate F05 event, storage and audit source Gate	2026-10-08T09:04:35.2176780Z test snapshot::tests::quality_and_usage_wire_values_round_trip_and_reject_unknown_values ... ok
verify	Validate F05 event, storage and audit source Gate	2026-10-08T09:04:35.2177737Z test snapshot::tests::data_snapshot_hash_is_stable_for_equivalent_inputs ... ok
verify	Validate F05 event, storage and audit source Gate	2026-10-08T09:04:35.2179224Z test provenance::tests::revoked_expired_ambiguous_or_empty_approvals_never_authorize ... ok
verify	Validate F05 event, storage and audit source Gate	2026-10-08T09:04:35.2182928Z test snapshot::tests::regression_future_capture_window_and_overflow_are_errors ... ok
verify	Validate F05 event, storage and audit source Gate	2026-10-08T09:04:35.2203171Z test snapshot::tests::regression_strict_floor_duplicate_and_mixed_tenant_rules_reject ... ok
verify	Validate F05 event, storage and audit source Gate	2026-10-08T09:04:35.2243009Z test snapshot::tests::research_gate_allows_degraded_non_expired_snapshots ... ok
verify	Validate F05 event, storage and audit source Gate	2026-10-08T09:04:35.2253283Z test snapshot::tests::regression_forged_wire_hash_quality_and_expiry_are_rejected ... ok
verify	Validate F05 event, storage and audit source Gate	2026-10-08T09:04:35.2254616Z test snapshot::tests::snapshot_gate_fails_closed_for_cross_tenant_rules_and_incomplete_lineage ... ok
verify	Validate F05 event, storage and audit source Gate	2026-10-08T09:04:35.2255861Z test supabase_storage::tests::payload_hash_validation_rejects_mismatch ... ok
verify	Validate F05 event, storage and audit source Gate	2026-10-08T09:04:35.2256860Z test tests::artifact_catalog_deduplicates_by_tenant_and_hash ... ok
verify	Validate F05 event, storage and audit source Gate	2026-10-08T09:04:35.2257780Z test tests::artifact_manifest_uses_hash_based_object_key ... ok
verify	Validate F05 event, storage and audit source Gate	2026-10-08T09:04:35.2258683Z test tests::object_keys_are_deterministic_for_same_hash ... ok
verify	Validate F05 event, storage and audit source Gate	2026-10-08T09:04:35.2259607Z test tests::schema_registry_deduplicates_equivalent_documents ... ok
verify	Validate F05 event, storage and audit source Gate	2026-10-08T09:04:35.2260643Z test wire::tests::incomplete_or_invalid_metadata_cannot_become_write_context ... ok
verify	Validate F05 event, storage and audit source Gate	2026-10-08T09:04:35.2261796Z test wire::tests::wire_projection_preserves_identity_and_all_quality_variants ... ok
verify	Validate F05 event, storage and audit source Gate	2026-10-08T09:04:35.2509318Z test supabase_storage::tests::object_url_points_to_supabase_storage_endpoint ... ok
verify	Validate F05 event, storage and audit source Gate	2026-10-08T09:04:35.2751461Z test snapshot::tests::regression_metadata_source_age_and_input_budget_reject ... ok
verify	Validate F05 event, storage and audit source Gate	2026-10-08T09:04:35.4050525Z test snapshot::tests::strategy_and_trading_gates_reject_three_hundred_invalid_fixtures ... ok
verify	Validate F05 event, storage and audit source Gate	2026-10-08T09:04:35.4051184Z 
verify	Validate F05 event, storage and audit source Gate	2026-10-08T09:04:35.4051370Z failures:
verify	Validate F05 event, storage and audit source Gate	2026-10-08T09:04:35.4051545Z 
verify	Validate F05 event, storage and audit source Gate	2026-10-08T09:04:35.4052310Z ---- provenance::tests::actual_identity_time_quality_and_purpose_are_required stdout ----
verify	Validate F05 event, storage and audit source Gate	2026-10-08T09:04:35.4052873Z 
verify	Validate F05 event, storage and audit source Gate	2026-10-08T09:04:35.4053831Z thread 'provenance::tests::actual_identity_time_quality_and_purpose_are_required' (29013) panicked at crates/quantos-storage/src/../tests/unit/provenance.rs:95:9:
verify	Validate F05 event, storage and audit source Gate	2026-10-08T09:04:35.4054905Z approval_reference
verify	Validate F05 event, storage and audit source Gate	2026-10-08T09:04:35.4055467Z note: run with `RUST_BACKTRACE=1` environment variable to display a backtrace
verify	Validate F05 event, storage and audit source Gate	2026-10-08T09:04:35.4055907Z 
verify	Validate F05 event, storage and audit source Gate	2026-10-08T09:04:35.4055916Z 
verify	Validate F05 event, storage and audit source Gate	2026-10-08T09:04:35.4056018Z failures:
verify	Validate F05 event, storage and audit source Gate	2026-10-08T09:04:35.4056397Z     provenance::tests::actual_identity_time_quality_and_purpose_are_required
verify	Validate F05 event, storage and audit source Gate	2026-10-08T09:04:35.4056683Z 
verify	Validate F05 event, storage and audit source Gate	2026-10-08T09:04:35.4057171Z test result: FAILED. 20 passed; 1 failed; 0 ignored; 0 measured; 0 filtered out; finished in 0.19s
verify	Validate F05 event, storage and audit source Gate	2026-10-08T09:04:35.4057656Z 
verify	Validate F05 event, storage and audit source Gate	2026-10-08T09:04:35.4058230Z ^[[1m^[[91merror^[[0m: test failed, to rerun pass `-p quantos-storage --lib`
verify	Validate F05 event, storage and audit source Gate	2026-10-08T09:04:35.4096433Z make: *** [Makefile:200: f05-check] Error 101
verify	Validate F05 event, storage and audit source Gate	2026-10-08T09:04:35.4105534Z ##[error]Process completed with exit code 2.
verify	Archive F02 validation evidence	﻿2026-10-08T09:04:35.4201844Z ##[group]Run actions/upload-artifact@v4
verify	Archive F02 validation evidence	2026-10-08T09:04:35.4202449Z with:
verify	Archive F02 validation evidence	2026-10-08T09:04:35.4202696Z   name: f02-validation-evidence
verify	Archive F02 validation evidence	2026-10-08T09:04:35.4202966Z   path: artifacts/f02/
verify	Archive F02 validation evidence	2026-10-08T09:04:35.4203220Z   if-no-files-found: error
verify	Archive F02 validation evidence	2026-10-08T09:04:35.4203476Z   compression-level: 6
verify	Archive F02 validation evidence	2026-10-08T09:04:35.4203715Z   overwrite: false
verify	Archive F02 validation evidence	2026-10-08T09:04:35.4203957Z   include-hidden-files: false
verify	Archive F02 validation evidence	2026-10-08T09:04:35.4204203Z env:
verify	Archive F02 validation evidence	2026-10-08T09:04:35.4204409Z   QUANTOS_SKIP_ENV: 1
verify	Archive F02 validation evidence	2026-10-08T09:04:35.4204743Z   F02_PG_ADMIN_URL: postgresql://postgres@127.0.0.1:5432/postgres
verify	Archive F02 validation evidence	2026-10-08T09:04:35.4205198Z   GITLEAKS_BIN: /home/runner/work/QuantOS/QuantOS/artifacts/tools/gitleaks
verify	Archive F02 validation evidence	2026-10-08T09:04:35.4205637Z   QUANTOS_BFF_BASE: 22915b801d3f41a551d2aa66357f6a86d57c4e0c
verify	Archive F02 validation evidence	2026-10-08T09:04:35.4206024Z   QUANTOS_PROTO_BASE: 22915b801d3f41a551d2aa66357f6a86d57c4e0c
verify	Archive F02 validation evidence	2026-10-08T09:04:35.4206413Z   QUANTOS_SOURCE_SHA: c7a4d6531359b8d82e86a3d22758bbbb1af0de4c
verify	Archive F02 validation evidence	2026-10-08T09:04:35.4206746Z   CARGO_TERM_COLOR: always
verify	Archive F02 validation evidence	2026-10-08T09:04:35.4207170Z   NEXT_PUBLIC_QUANTOS_ENV: local-mock
verify	Archive F02 validation evidence	2026-10-08T09:04:35.4207480Z   NEXT_PUBLIC_SITE_ORIGIN: https://sumalpha.ai
verify	Archive F02 validation evidence	2026-10-08T09:04:35.4207859Z   NEXT_PUBLIC_QUANTOS_TERMINAL_ORIGIN: http://localhost:3190
verify	Archive F02 validation evidence	2026-10-08T09:04:35.4208240Z   NEXT_PUBLIC_QUANTOS_BFF_ORIGIN: http://localhost:4010
verify	Archive F02 validation evidence	2026-10-08T09:04:35.4208624Z   NEXT_PUBLIC_QUANTOS_OIDC_ISSUER: https://mock.idp.local
verify	Archive F02 validation evidence	2026-10-08T09:04:35.4209008Z   NEXT_PUBLIC_QUANTOS_OIDC_CLIENT_ID: quantos-terminal-ci
verify	Archive F02 validation evidence	2026-10-08T09:04:35.4209441Z   NEXT_PUBLIC_QUANTOS_OIDC_REDIRECT_URI: http://localhost:3190/auth/callback
verify	Archive F02 validation evidence	2026-10-08T09:04:35.4209858Z   NEXT_PUBLIC_QUANTOS_DEFAULT_MODE: paper
verify	Archive F02 validation evidence	2026-10-08T09:04:35.4210153Z   NEXT_PUBLIC_QUANTOS_MOCK_ENABLED: true
verify	Archive F02 validation evidence	2026-10-08T09:04:35.4210444Z   NEXT_PUBLIC_QUANTOS_OBS_ENABLED: false
verify	Archive F02 validation evidence	2026-10-08T09:04:35.4210764Z   NEXT_PUBLIC_QUANTOS_FEATURE_ASSISTED_LIVE_TESTNET: off
verify	Archive F02 validation evidence	2026-10-08T09:04:35.4211084Z   CARGO_HOME: /home/runner/.cargo
verify	Archive F02 validation evidence	2026-10-08T09:04:35.4211353Z   CARGO_INCREMENTAL: 0
verify	Archive F02 validation evidence	2026-10-08T09:04:35.4211653Z   pythonLocation: /opt/hostedtoolcache/Python/3.12.10/x64
verify	Archive F02 validation evidence	2026-10-08T09:04:35.4212209Z   PKG_CONFIG_PATH: /opt/hostedtoolcache/Python/3.12.10/x64/lib/pkgconfig
verify	Archive F02 validation evidence	2026-10-08T09:04:35.4212641Z   Python_ROOT_DIR: /opt/hostedtoolcache/Python/3.12.10/x64
verify	Archive F02 validation evidence	2026-10-08T09:04:35.4213022Z   Python2_ROOT_DIR: /opt/hostedtoolcache/Python/3.12.10/x64
verify	Archive F02 validation evidence	2026-10-08T09:04:35.4213432Z   Python3_ROOT_DIR: /opt/hostedtoolcache/Python/3.12.10/x64
verify	Archive F02 validation evidence	2026-10-08T09:04:35.4213837Z   LD_LIBRARY_PATH: /opt/hostedtoolcache/Python/3.12.10/x64/lib
verify	Archive F02 validation evidence	2026-10-08T09:04:35.4214241Z   UV_CACHE_DIR: /home/runner/work/_temp/setup-uv-cache
verify	Archive F02 validation evidence	2026-10-08T09:04:35.4214562Z ##[endgroup]
verify	Archive F02 validation evidence	2026-10-08T09:04:35.5934159Z (node:29035) [DEP0040] DeprecationWarning: The `punycode` module is deprecated. Please use a userland alternative instead.
verify	Archive F02 validation evidence	2026-10-08T09:04:35.5935119Z (Use `node --trace-deprecation ...` to show where the warning was created)
verify	Archive F02 validation evidence	2026-10-08T09:04:35.5954708Z ##[error]No files were found with the provided path: artifacts/f02/. No artifacts will be uploaded.
verify-download	Require the event-specific download verification	﻿2026-10-08T09:04:45.6328446Z ##[group]Run if [[ "$GITHUB_EVENT_NAME" == "push" && "$GITHUB_REF" == "refs/heads/main" ]]; then
verify-download	Require the event-specific download verification	2026-10-08T09:04:45.6330243Z ^[[36;1mif [[ "$GITHUB_EVENT_NAME" == "push" && "$GITHUB_REF" == "refs/heads/main" ]]; then^[[0m
verify-download	Require the event-specific download verification	2026-10-08T09:04:45.6331310Z ^[[36;1m  test "$MAIN_RESULT" = success^[[0m
verify-download	Require the event-specific download verification	2026-10-08T09:04:45.6332224Z ^[[36;1melif [[ "$GITHUB_EVENT_NAME" == "pull_request" ]]; then^[[0m
verify-download	Require the event-specific download verification	2026-10-08T09:04:45.6333208Z ^[[36;1m  test "$PR_RESULT" = success^[[0m
verify-download	Require the event-specific download verification	2026-10-08T09:04:45.6333938Z ^[[36;1melse^[[0m
verify-download	Require the event-specific download verification	2026-10-08T09:04:45.6334517Z ^[[36;1m  exit 1^[[0m
verify-download	Require the event-specific download verification	2026-10-08T09:04:45.6335188Z ^[[36;1mfi^[[0m
verify-download	Require the event-specific download verification	2026-10-08T09:04:45.7184129Z shell: /usr/bin/bash -e {0}
verify-download	Require the event-specific download verification	2026-10-08T09:04:45.7185083Z env:
verify-download	Require the event-specific download verification	2026-10-08T09:04:45.7185569Z   MAIN_RESULT: skipped
verify-download	Require the event-specific download verification	2026-10-08T09:04:45.7186091Z   PR_RESULT: skipped
verify-download	Require the event-specific download verification	2026-10-08T09:04:45.7186599Z ##[endgroup]
verify-download	Require the event-specific download verification	2026-10-08T09:04:45.7418007Z ##[error]Process completed with exit code 1.
