
> @sumalpha/terminal@0.1.0 build /Users/anray/Documents/project/SumAlpha/QuantOS/apps/terminal
> next build && node ../../scripts/pre03-build-receipt.mjs terminal && node ../../scripts/check-client-secrets.mjs out

   ▲ Next.js 15.5.27

   Creating an optimized production build ...
 ✓ Compiled successfully in 1835ms
   Linting and checking validity of types ...
   Collecting page data ...
   Generating static pages (0/17) ...
   Generating static pages (4/17) 
   Generating static pages (8/17) 
   Generating static pages (12/17) 
 ✓ Generating static pages (17/17)
   Finalizing page optimization ...
   Collecting build traces ...
   Exporting (0/2) ...
 ✓ Exporting (2/2)

Route (app)                                 Size  First Load JS
┌ ○ /                                      140 B         104 kB
├ ○ /_not-found                            140 B         104 kB
├ ○ /access-request                      1.58 kB         151 kB
├ ○ /auth/callback                        3.3 kB         107 kB
├ ○ /auth/deep-link                      2.34 kB         106 kB
├ ○ /command                             6.74 kB         130 kB
├ ○ /login                               3.31 kB         107 kB
├ ○ /maintenance                           140 B         104 kB
├ ○ /mfa                                 3.05 kB         152 kB
├ ○ /offline                             1.59 kB         105 kB
├ ○ /settings/browser                      132 B         132 kB
├ ○ /settings/notifications                132 B         132 kB
├ ○ /settings/profile                      132 B         132 kB
├ ○ /settings/security                     133 B         132 kB
└ ○ /unauthorized                        1.73 kB         106 kB
+ First Load JS shared by all             104 kB
  ├ chunks/184-66cb13e8c916ded4.js       47.6 kB
  ├ chunks/acdcb40b-34a8e9b159d4ad73.js  54.3 kB
  └ other shared chunks (total)          1.91 kB


○  (Static)  prerendered as static content

Client secret check PASS (64 files)
