ok    共享首屏 JS gzip: 140.3KB ≤ 250.0KB
ok    单 chunk gzip: 58.5KB ≤ 200.0KB
ok    CSS gzip: 10.7KB ≤ 60.0KB

各路由首屏 JS gzip（含 polyfills；逐路由门禁）：
ok    route /_not-found/page: 140.4KB ≤ 200.0KB
   140.4KB  /_not-found/page
ok    route /access-request/page: 186.3KB ≤ 200.0KB
   186.3KB  /access-request/page
ok    route /auth/callback/page: 143.5KB ≤ 200.0KB
   143.5KB  /auth/callback/page
ok    route /auth/deep-link/page: 142.5KB ≤ 200.0KB
   142.5KB  /auth/deep-link/page
ok    route /command/page: 166.2KB ≤ 200.0KB
   166.2KB  /command/page
ok    route /layout: 140.4KB ≤ 200.0KB
   140.4KB  /layout
ok    route /login/page: 143.5KB ≤ 200.0KB
   143.5KB  /login/page
ok    route /maintenance/page: 140.4KB ≤ 200.0KB
   140.4KB  /maintenance/page
ok    route /mfa/page: 187.7KB ≤ 200.0KB
   187.7KB  /mfa/page
ok    route /not-found: 140.4KB ≤ 200.0KB
   140.4KB  /not-found
ok    route /offline/page: 141.8KB ≤ 200.0KB
   141.8KB  /offline/page
ok    route /page: 140.4KB ≤ 200.0KB
   140.4KB  /page
ok    route /settings/browser/page: 167.9KB ≤ 200.0KB
   167.9KB  /settings/browser/page
ok    route /settings/notifications/page: 167.9KB ≤ 200.0KB
   167.9KB  /settings/notifications/page
ok    route /settings/profile/page: 167.9KB ≤ 200.0KB
   167.9KB  /settings/profile/page
ok    route /settings/security/page: 167.9KB ≤ 200.0KB
   167.9KB  /settings/security/page
ok    route /unauthorized/page: 141.9KB ≤ 200.0KB
   141.9KB  /unauthorized/page

性能预算校验通过
