
> @sumalpha/website@0.1.0 build /Users/anray/Documents/project/SumAlpha/QuantOS/apps/website
> next build && node ../../scripts/pre03-build-receipt.mjs website && node ../../scripts/check-client-secrets.mjs out

   ▲ Next.js 15.5.27

   Creating an optimized production build ...
 ✓ Compiled successfully in 1679ms
   Linting and checking validity of types ...
   Collecting page data ...
   Generating static pages (0/12) ...
   Generating static pages (3/12) 
   Generating static pages (6/12) 
   Generating static pages (9/12) 
 ✓ Generating static pages (12/12)
   Finalizing page optimization ...
   Collecting build traces ...
   Exporting (0/2) ...
 ✓ Exporting (2/2)

Route (app)                                 Size  First Load JS
┌ ○ /                                      146 B         104 kB
├ ○ /_not-found                          1.01 kB         105 kB
├ ○ /access-request                      2.33 kB         106 kB
├ ○ /architecture-security                 146 B         104 kB
├ ○ /docs                                2.29 kB         106 kB
├ ○ /login                                 146 B         104 kB
├ ○ /product                               146 B         104 kB
├ ○ /robots.txt                            146 B         104 kB
├ ○ /sitemap.xml                           146 B         104 kB
└ ○ /use-cases                             146 B         104 kB
+ First Load JS shared by all             104 kB
  ├ chunks/184-66cb13e8c916ded4.js       47.6 kB
  ├ chunks/acdcb40b-34a8e9b159d4ad73.js  54.3 kB
  └ other shared chunks (total)          1.88 kB


○  (Static)  prerendered as static content

Client secret check PASS (40 files)
