ok    共享首屏 JS gzip: 140.2KB ≤ 250.0KB
ok    单 chunk gzip: 58.5KB ≤ 200.0KB
ok    CSS gzip: 4.4KB ≤ 60.0KB

各路由首屏 JS gzip（含 polyfills；逐路由门禁）：
ok    route /_not-found/page: 141.2KB ≤ 200.0KB
   141.2KB  /_not-found/page
ok    route /access-request/page: 142.5KB ≤ 200.0KB
   142.5KB  /access-request/page
ok    route /architecture-security/page: 140.4KB ≤ 200.0KB
   140.4KB  /architecture-security/page
ok    route /docs/page: 142.5KB ≤ 200.0KB
   142.5KB  /docs/page
ok    route /layout: 140.4KB ≤ 200.0KB
   140.4KB  /layout
ok    route /login/page: 140.4KB ≤ 200.0KB
   140.4KB  /login/page
ok    route /page: 140.4KB ≤ 200.0KB
   140.4KB  /page
ok    route /product/page: 140.4KB ≤ 200.0KB
   140.4KB  /product/page
ok    route /robots.txt/route: 140.4KB ≤ 200.0KB
   140.4KB  /robots.txt/route
ok    route /sitemap.xml/route: 140.4KB ≤ 200.0KB
   140.4KB  /sitemap.xml/route
ok    route /use-cases/page: 140.4KB ≤ 200.0KB
   140.4KB  /use-cases/page

性能预算校验通过
