
> @sumalpha/quantos@ test:fep0 /Users/anray/Documents/project/SumAlpha/QuantOS
> node --test scripts/fep0-development.test.mjs

✔ all eight independently content-bound dependencies admit DEVELOPMENT only (22.897ms)
✔ engineering aggregation preserves the sole pending user confirmation (14.080333ms)
✔ milestone rejects missing F0 (13.186083ms)
✔ milestone rejects missing PRE (13.528125ms)
✔ milestone rejects duplicate dependency (13.967583ms)
✔ milestone rejects unready F0 (13.341542ms)
✔ milestone rejects manifest bytes replaced (13.022625ms)
✔ milestone rejects digest substituted (12.611ms)
✔ milestone rejects dependency path substituted (12.494791ms)
✔ milestone rejects dependency verdict substituted (13.052958ms)
✔ milestone rejects self manifest schema (14.086167ms)
✔ milestone rejects normative change (13.739458ms)
✔ milestone rejects source input change (13.552708ms)
✔ milestone rejects unexecuted check (13.365417ms)
✔ milestone rejects missing execution time (12.827292ms)
✔ milestone rejects missing required check (12.768625ms)
✔ milestone rejects duplicate check (12.732ms)
✔ milestone rejects wrong command (12.692833ms)
✔ milestone rejects log tampering (12.761334ms)
✔ milestone rejects rehashed prose (12.205959ms)
✔ milestone rejects external log path (12.46175ms)
✔ milestone rejects false formal acceptance (12.024458ms)
✔ milestone rejects aggregate claims database run (16.719ms)
✔ milestone rejects hidden exclusions (19.640917ms)
✔ milestone rejects unresolved functional finding (13.755958ms)
✔ dependency validator is invoked and errors propagate (13.164041ms)
✔ fake READY cannot hide changed G0 scope (12.500959ms)
✔ arbitrary existing markdown cannot serve as a milestone receipt (0.103416ms)
✔ own arbitrary digest is rejected independently of dependency status (0.071041ms)
✔ F0 policy contains the six missing nodes and all eleven obligations (13.140833ms)
✔ production schema drift comparator rejects tables (0.181ms)
✔ production schema drift comparator rejects columns (0.061875ms)
✔ production schema drift comparator rejects constraints (0.045625ms)
✔ production schema drift comparator rejects indexes (0.052208ms)
✔ production schema drift comparator rejects policies (0.045541ms)
✔ production schema drift comparator rejects routines (0.032875ms)
✔ production schema drift comparator rejects triggers (0.042625ms)
✔ 100-task recovery evidence cannot use 10-task diagnostic or accept P95 (1.082875ms)
✔ CI consumes the full milestone engineering validator and its negatives (0.06525ms)
ℹ tests 39
ℹ suites 0
ℹ pass 39
ℹ fail 0
ℹ cancelled 0
ℹ skipped 0
ℹ todo 0
ℹ duration_ms 440.581542
