✔ joint schedule is acyclic and preserves task/status boundaries (17.579541ms)
✔ restoring a complete R1 prerequisite for S2 services creates a rejected cycle (5.116792ms)
✔ research service waiting on its consumer page is rejected (4.643917ms)
✔ historical CORE:R04 to CORE:L04 probe now fails closed (4.462459ms)
✔ an early identity API cannot silently depend on later research services (5.944458ms)
✔ a provider cannot wait for the consumer frontend Gate (4.25975ms)
✔ removing S2 service admission from a core execution task is rejected (4.76425ms)
✔ S2 service Gate cannot omit TP12 advance evaluation (4.842542ms)
✔ I10 cannot drop testnet service admission even if metadata is edited with it (5.408208ms)
✔ a new or existing frontend cannot skip the full provider Gate (5.562458ms)
✔ G5 cannot be marked as closing in I4 before reconciliation (5.794917ms)
✔ moving the G1 block above I1 tasks is rejected (5.284958ms)
✔ milestone cannot omit its last child while retaining a Gate summary (5.162916ms)
✔ prose-only backend dependencies cannot drift from structured prerequisites (5.054ms)
✔ core closure mapping cannot become an implicit service alias (5.049792ms)
✔ ACCEPTED checkpoint needs SHA and evidence, not only a green word (5.461916ms)
✔ accepted checkpoint evidence must resolve (2.560291ms)
✔ missing checkpoint and unknown dependency fail closed (6.44ms)
✔ API windows cannot skip their preceding provider checkpoint (4.762083ms)
✔ UI windows cannot skip the preceding reconciliation window (5.352959ms)
✔ Web intake preserves the explicit no-model-review schema (1.825834ms)
✔ missing Web task fields still fail closed (1.524709ms)
✔ both plans must publish exactly the same stage contract (6.512417ms)
✔ changing both plans cannot defer correctness or functional deadlines to release (13.328792ms)
✔ both plans must retain every deferred release obligation (14.618958ms)
✔ tasks and checkpoints cannot omit, invent, or misclassify their stage gate (20.386458ms)
✔ release prerequisites cannot block either development or integration (12.506292ms)
✔ release gates cannot skip business closure or inherit the wrong stage (14.3675ms)
✔ historical ACCEPTED and completed tasks do not automatically become READY (10.795333ms)
✔ READY needs its own input digest and resolvable evidence (37.4405ms)
✔ unassessed stage gates cannot carry an apparent ready receipt (7.205ms)
✔ BLOCKED retains failure evidence and digest without being counted as READY (14.917375ms)
✔ a READY chain needs READY prerequisites and its own evidence at every node (20.19825ms)
✔ stage readiness never substitutes for formal acceptance evidence (3.068041ms)
✔ release READY requires formal acceptance and all functional prerequisites (9.2725ms)
✔ core intake follows the frontend audit-report format (7.1055ms)
✔ core review summary must be unique and link to audit evidence (8.027584ms)
✔ core shared task fields and existing window must stay consistent (16.73675ms)
ℹ tests 38
ℹ suites 0
ℹ pass 38
ℹ fail 0
ℹ cancelled 0
ℹ skipped 0
ℹ todo 0
ℹ duration_ms 376.65
