✔ development COMPLETED does not accept the current F06 review (0.702417ms)
✔ ACCEPTED with any open finding remains blocked (0.153542ms)
✔ all closed findings require a same-SHA complete receipt (1.202125ms)
✔ missing or duplicate review markers fail closed (0.201958ms)
✔ archived closure records must be present, complete and unique (0.341417ms)
✔ duplicate F06 task or engineering summaries fail closed (0.212833ms)
✔ all eight registered fixtures retire by exact identity without deleting facts (1.973125ms)
✔ wrong tenant ownership stops before any mutation (0.304292ms)
✔ remaining active actor rejects cleanup success (0.524958ms)
✔ post-SQL disconnect is recorded and no mutation replays (0.19225ms)
✔ duplicate or wrong-run fixture inventory never opens a connection (0.337625ms)
✔ admission rejects partial inventory, unclosed connection, active sessions and missing cleanup (0.86675ms)
✔ command entrypoint retains initial failure, then executes SQL once with verified TLS (1.468792ms)
✔ transport closure after first SQL never reconnects or replays the statement (0.175291ms)
✔ persistent initial closure fails after three closed clients without any SQL (0.174417ms)
✔ authentication initial failure is not retried (0.158542ms)
✔ permission initial failure is not retried (0.139334ms)
✔ TLS initial failure is not retried (0.108459ms)
✔ default and bounded remote development transport budgets (0.355416ms)
✔ unbounded, fractional and malformed budgets fail closed (0.128709ms)
✔ functional database budget records elapsed time and preserves all command arguments (0.59475ms)
✔ timeout remains a failed null exit with its signal and safe error code, without retry (0.125292ms)
✔ existing HTTP/service command budget is unchanged (0.058542ms)
✔ two closed initial connections are retained, closed, then the third succeeds before any statement (0.608208ms)
✔ persistent closure fails after three and retains every failure (0.928667ms)
✔ auth bootstrap failure never retries (0.155458ms)
✔ permission bootstrap failure never retries (0.112916ms)
✔ TLS bootstrap failure never retries (0.074833ms)
✔ cancel bootstrap failure never retries (0.05625ms)
✔ unknown bootstrap failure never retries (0.06675ms)
✔ initial transport timeout retries but a later query error never reconnects (0.122959ms)
✔ failure to close an initial connection prevents retry (0.107791ms)
✔ budget cannot exceed three (0.209ms)
✔ acceptance rejects missing, unfinished, reordered, semantic or unclosed attempts (3.583042ms)
✔ evidence-save failure closes the connected client and never reconnects (0.095875ms)
✔ valid source and execution-bound dependency chain is READY without release signatures (41.792334ms)
✔ missing required execution (31.206959ms)
✔ failed execution (33.627708ms)
✔ wrong actual command (33.677375ms)
✔ unresolved issue (25.934042ms)
✔ wrong node (25.191042ms)
✔ missing source inventory (32.109125ms)
✔ plan scope changed (25.850041ms)
✔ outside log path (31.549708ms)
✔ wrong log digest (30.501041ms)
✔ missing dependency (30.354542ms)
✔ dependency digest substituted (28.870458ms)
✔ tampered manifest bytes are rejected (22.771459ms)
✔ changed source content is rejected despite unchanged gate digest (28.808083ms)
✔ dependency must independently be READY (29.578041ms)
✔ arbitrary log cannot masquerade as successful execution (28.536583ms)
✔ input file symlink cannot escape the repository (27.3545ms)
✔ database execution cannot be inferred from a normal local PASS (32.767833ms)
✔ Supabase target receipt verifies each compressed execution log (34.266917ms)
✔ source drift during execution invalidates the original input snapshot (43.021791ms)
✔ requirement drift during execution invalidates the original input snapshot (45.18675ms)
✔ controlled public development profile overrides stale values and preserves server inputs (0.142166ms)
✔ private credentials cannot be injected through a public development profile (0.10275ms)
✔ transient Auth 503 can retry only a complete target execution (0.245875ms)
✔ persistent target timeout never becomes PASS and stops at its budget (0.154292ms)
✔ semantic target failures stop without retry or PASS (0.026875ms)
✔ target retry budget cannot be unbounded (0.098917ms)
✔ configured target retries require explicit attempt outcomes in the receipt (31.497375ms)
✔ three successful full builds bind output inventories (0.372458ms)
✔ reproducibility rejects only two builds (0.102792ms)
✔ reproducibility rejects missing Python build (0.134042ms)
✔ reproducibility rejects failed command (0.122916ms)
✔ reproducibility rejects different output digest (0.079125ms)
✔ reproducibility rejects substituted inventory (0.067125ms)
✔ reproducibility rejects dirty source (0.061333ms)
✔ reproducibility rejects old source (0.060083ms)
✔ development policy retains explicit build, coverage, volume and target storage obligations (0.312416ms)
✔ static make commands cannot reload .env.local or inherit target database opt-ins (0.081833ms)
✔ volume retry restarts the complete check only on a closed PostgreSQL transport (0.049958ms)
✔ volume correctness and certificate errors cannot be retried into PASS (0.028791ms)
✔ persistent database transport failure stays failed at the retry limit (0.024833ms)
✔ separate assessment snapshot preserves historical manifests and binds its own logs (32.704166ms)
✔ third-party Git link binds the actual clean checkout and rejects dirty/advanced source (134.651917ms)
✔ transient read-only preflight connection closure retries the complete target (0.097084ms)
✔ preflight permission and role failures are not transport retries (0.055667ms)
✔ persistent preflight closure exhausts three attempts without PASS (0.062084ms)
✔ full target outcomes, cleanup and coverage bind development scope (31.811208ms)
✔ reject missing initial bootstrap (14.344167ms)
✔ reject unclosed preparation connection (13.224542ms)
✔ reject post-SQL transport reset (13.651417ms)
✔ reject unclosed actor cleanup connection (13.430583ms)
✔ reject missing boundary cleanup bootstrap (13.578708ms)
✔ reject failed combined execution (16.8085ms)
✔ reject failed actor cleanup (13.073125ms)
✔ reject no boundary actors (14.929167ms)
✔ reject new provider run (12.682792ms)
✔ reject fresh quality claim (14.359958ms)
✔ reject engine left running (13.93675ms)
✔ reject wrong target (15.561667ms)
✔ reject release claimed (9.958834ms)
✔ reject wrong execution SHA (10.86525ms)
✔ reject missing approval (16.922666ms)
✔ reject changed source (13.227125ms)
✔ reject skipped target test (15.123417ms)
✔ reject under threshold coverage (31.472834ms)
✔ tampered nested log rejected without changing outcome labels (10.650792ms)
✔ nested path escape rejected (10.739709ms)
✔ R1 controlled policies cover the complete dependency closure (1172.936541ms)
✔ R01 target and production coverage independently validate (26.954708ms)
✔ R01 reject vacuous actor cleanup (18.721542ms)
✔ R01 reject uncommitted outbox (19.060667ms)
✔ R01 reject fixture claimed as real provider (17.917ms)
✔ R01 reject RLS failed (17.444791ms)
✔ R01 reject migration mismatched (18.440292ms)
✔ real process inventory outcome is separately required by R02 (1.1205ms)
✔ process cleanup reject leak cleaned after discovery (0.593292ms)
✔ process cleanup reject process inspection skipped (0.37825ms)
✔ process cleanup reject residual child left alive (1.084917ms)
✔ process cleanup reject failed cleanup relabeled (0.451708ms)
✔ process cleanup reject unbounded ownership scope (0.959042ms)
✔ process cleanup reject wrong source (0.381625ms)
✔ process cleanup reject missing baseline capture (0.510666ms)
✔ initialization after the old 20s loop can pass only with an exact readiness response (2.465875ms)
✔ a never-ready service exhausts one bounded wall-clock budget (1.654416ms)
✔ response after deadline cannot grant readiness (0.111ms)
✔ exited or killed services fail without waiting or probing (0.099875ms)
✔ connection failures and wrong successful HTTP status cannot pass (2.4825ms)
✔ invalid or unbounded startup budgets reject (0.143666ms)
✔ process exit during a successful probe cannot grant readiness (0.075625ms)
ℹ tests 124
ℹ suites 0
ℹ pass 124
ℹ fail 0
ℹ cancelled 0
ℹ skipped 0
ℹ todo 0
ℹ duration_ms 1669.008708
