
> @sumalpha/quantos@ test:fep0 /Users/anray/Documents/project/SumAlpha/QuantOS
> node --test scripts/fep0-development.test.mjs

✔ all eight independently content-bound dependencies admit DEVELOPMENT only (17.01825ms)
✔ engineering aggregation preserves the sole pending user confirmation (9.084833ms)
✔ milestone rejects missing F0 (7.920625ms)
✔ milestone rejects missing PRE (7.981875ms)
✔ milestone rejects duplicate dependency (7.875833ms)
✔ milestone rejects unready F0 (7.778959ms)
✔ milestone rejects manifest bytes replaced (7.444208ms)
✔ milestone rejects digest substituted (7.609542ms)
✔ milestone rejects dependency path substituted (7.326583ms)
✔ milestone rejects dependency verdict substituted (7.229167ms)
✔ milestone rejects self manifest schema (7.173541ms)
✔ milestone rejects normative change (7.120083ms)
✔ milestone rejects source input change (7.1405ms)
✔ milestone rejects unexecuted check (8.624417ms)
✔ milestone rejects missing execution time (7.308666ms)
✔ milestone rejects missing required check (7.516208ms)
✔ milestone rejects duplicate check (7.76275ms)
✔ milestone rejects wrong command (7.5795ms)
✔ milestone rejects log tampering (7.772917ms)
✔ milestone rejects rehashed prose (7.42175ms)
✔ milestone rejects external log path (7.042291ms)
✔ milestone rejects false formal acceptance (7.192792ms)
✔ milestone rejects aggregate claims database run (7.243709ms)
✔ milestone rejects hidden exclusions (7.215583ms)
✔ milestone rejects unresolved functional finding (7.138ms)
✔ dependency validator is invoked and errors propagate (7.235833ms)
✔ fake READY cannot hide changed G0 scope (7.263833ms)
✔ arbitrary existing markdown cannot serve as a milestone receipt (0.116083ms)
✔ own arbitrary digest is rejected independently of dependency status (0.066959ms)
✔ F0 policy contains the six missing nodes and all eleven obligations (7.588208ms)
✔ production schema drift comparator rejects tables (0.167375ms)
✔ production schema drift comparator rejects columns (0.059833ms)
✔ production schema drift comparator rejects constraints (0.051584ms)
✔ production schema drift comparator rejects indexes (0.042667ms)
✔ production schema drift comparator rejects policies (0.038375ms)
✔ production schema drift comparator rejects routines (0.03425ms)
✔ production schema drift comparator rejects triggers (0.043542ms)
✔ 100-task recovery evidence cannot use 10-task diagnostic or accept P95 (1.135ms)
✔ CI consumes the full milestone engineering validator and its negatives (0.06175ms)
ℹ tests 39
ℹ suites 0
ℹ pass 39
ℹ fail 0
ℹ cancelled 0
ℹ skipped 0
ℹ todo 0
ℹ duration_ms 273.797208
