
> @sumalpha/quantos@ test:development-plans /private/var/folders/k8/_4hymb6j59s0c8xntb11ktmc0000gn/T/quantos-p0-review-ixawlakq
> node --test scripts/development-plan-order-negative.mjs

✔ joint schedule is acyclic and preserves task/status boundaries (8.810166ms)
✔ restoring a complete R1 prerequisite for S2 services creates a rejected cycle (4.482125ms)
✔ research service waiting on its consumer page is rejected (3.594625ms)
✔ historical CORE:R04 to CORE:L04 probe now fails closed (3.88375ms)
✔ an early identity API cannot silently depend on later research services (5.228792ms)
✔ a provider cannot wait for the consumer frontend Gate (3.859959ms)
✔ removing S2 service admission from a core execution task is rejected (3.754583ms)
✔ S2 service Gate cannot omit TP12 advance evaluation (4.009708ms)
✔ I10 cannot drop testnet service admission even if metadata is edited with it (4.544292ms)
✔ a new or existing frontend cannot skip the full provider Gate (4.386417ms)
✔ G5 cannot be marked as closing in I4 before reconciliation (4.118584ms)
✔ moving the G1 block above I1 tasks is rejected (4.086417ms)
✔ milestone cannot omit its last child while retaining a Gate summary (4.331042ms)
✔ prose-only backend dependencies cannot drift from structured prerequisites (4.588458ms)
✔ core closure mapping cannot become an implicit service alias (4.339542ms)
✔ ACCEPTED checkpoint needs SHA and evidence, not only a green word (4.512792ms)
✔ accepted checkpoint evidence must resolve (2.142ms)
✔ missing checkpoint and unknown dependency fail closed (5.522375ms)
✔ API windows cannot skip their preceding provider checkpoint (3.913875ms)
✔ UI windows cannot skip the preceding reconciliation window (4.048ms)
✔ Web intake preserves the explicit no-model-review schema (1.434708ms)
✔ missing Web task fields still fail closed (1.20275ms)
ℹ tests 22
ℹ suites 0
ℹ pass 22
ℹ fail 0
ℹ cancelled 0
ℹ skipped 0
ℹ todo 0
ℹ duration_ms 128.337416
