
> @sumalpha/quantos@ test:pre02 /private/var/folders/k8/_4hymb6j59s0c8xntb11ktmc0000gn/T/quantos-p0-review-ixawlakq
> pnpm --filter @sumalpha/ui test:pre02


> @sumalpha/ui@0.1.0 test:pre02 /private/var/folders/k8/_4hymb6j59s0c8xntb11ktmc0000gn/T/quantos-p0-review-ixawlakq/packages/ui
> node --test scripts/pre02-gate-negative.mjs

✔ current PRE-02 design-system contract passes (8.684709ms)
✔ renaming a required safety key fails even when the count stays at 18 (2.034334ms)
✔ missing state color mapping fails closed (1.455834ms)
✔ insufficient focus contrast is rejected (1.199625ms)
✔ missing readonly viewport is rejected (1.107125ms)
✔ deny cannot become success (1.207333ms)
✔ mapped token paths must exist (0.771958ms)
✔ English safety semantics cannot be inverted (0.83525ms)
✔ all compact density values remain frozen (1.086083ms)
✔ focus width and path remain frozen (0.913625ms)
✔ breakpoint intervals cannot develop gaps (0.736917ms)
✔ typography and spacing must match the reviewed contract (0.872208ms)
✔ required component identity cannot be replaced (0.660166ms)
✔ comments do not supply executable Storybook configuration (0.779667ms)
✔ surface.2 contrast cannot be removed from the contract (0.65275ms)
✔ native reference viewport is not a prerequisite of the Web Gate (0.621167ms)
✔ disabled contrast rule cannot hide behind a matching comment (0.63175ms)
✔ readonly viewport dimensions cannot hide behind its identifier (0.818666ms)
✔ phase-two page cannot enter the Web component acceptance rows (0.985459ms)
✔ provider JSX outside the decorator cannot authorize empty decorators (0.76075ms)
✔ unexported configuration does not authorize a Storybook entry (0.927667ms)
✔ initial theme cannot contradict the dark default contract (0.657042ms)
✔ object spread cannot silently override required addons (0.929916ms)
✔ duplicate decorators cannot replace the validated provider tree (0.725208ms)
✔ dead JSX branches are not executed provider decorators (1.024667ms)
✔ provider attributes cannot be overwritten through JSX spreads (0.781ms)
✔ provider-only JSX without the Story consumer is rejected (0.671792ms)
ℹ tests 27
ℹ suites 0
ℹ pass 27
ℹ fail 0
ℹ cancelled 0
ℹ skipped 0
ℹ todo 0
ℹ duration_ms 215.740625
