
> @sumalpha/quantos@ test:pre06 /private/var/folders/k8/_4hymb6j59s0c8xntb11ktmc0000gn/T/quantos-p0-review-ixawlakq
> node --test scripts/pre06-gate-negative.mjs scripts/pre06-runtime-negative.mjs

✔ current PRE-06 Web baseline passes (23.877375ms)
✔ website browser Gate deletion is rejected (10.098125ms)
✔ Desktop coupling in phase-one compatibility is rejected (7.926708ms)
✔ Desktop deep-link inclusion in phase-one Terminal is rejected (6.8045ms)
✔ generated operation coverage drift is rejected (6.278625ms)
✔ visual baseline integrity failure is rejected (5.640291ms)
✔ performance budget weakening is rejected (5.610917ms)
✔ disabled CI steps and comment-only commands are rejected (16.907417ms)
✔ contract assertion deletion and visual comparison deletion fail closed (9.842042ms)
✔ website performance and critical coverage gates cannot be removed (10.995292ms)
✔ CI retry policy must reject flaky outcomes and archive failure evidence (9.171084ms)
✔ comments cannot restore weakened budget or critical coverage policy (13.391583ms)
✔ skipped suites and inactive screenshot assertions cannot satisfy the baseline (35.307375ms)
✔ critical contract callbacks cannot return early, hide assertions, or remove runtime counting (20.569708ms)
✔ unknown and corrupted fixtures are rejected, explicit sabotage fixtures remain expected failures (30.289041ms)
✔ empty assets and empty route manifest are never a zero-sized performance PASS (28.637958ms)
✔ actual CI configs return nonzero for first-fail-then-pass policy probe (1286.728833ms)
ℹ tests 17
ℹ suites 0
ℹ pass 17
ℹ fail 0
ℹ cancelled 0
ℹ skipped 0
ℹ todo 0
ℹ duration_ms 1396.342917
