
> @sumalpha/quantos@ test:pre01 /private/var/folders/k8/_4hymb6j59s0c8xntb11ktmc0000gn/T/quantos-p0-review-ixawlakq
> node --test ./scripts/tests/check-pre01.test.mjs

✔ current PRE-01 artifacts satisfy the executable contract (4.173458ms)
✔ missing a page state fails closed (1.75125ms)
✔ invalid story priority fails closed (0.525791ms)
✔ missing traceability row fails closed (1.518ms)
✔ published operation cannot regress to planned fails closed (1.587083ms)
✔ unknown role fails closed (0.496542ms)
✔ unknown route fails closed (0.634958ms)
✔ duplicate story fails closed (0.698041ms)
✔ missing flow stories fails closed (0.611584ms)
✔ missing flow scenarios fails closed (1.074833ms)
✔ unsafe proposal criterion fails closed (1.246208ms)
✔ unknown trace task fails closed (1.186334ms)
✔ unauthorized admin grant fails closed (0.962167ms)
✔ missing permission route fails closed (0.737875ms)
✔ phase-one P16 fails closed (0.094375ms)
✔ missing contract owner fails closed (1.0595ms)
✔ empty flow role fails closed (0.705917ms)
✔ empty flow route fails closed (0.77425ms)
✔ state label mismatch fails closed (0.906ms)
✔ desktop-only story fails closed (0.444375ms)
✔ persistent offline cache fails closed (0.987292ms)
✔ admin domain permission fails closed (0.706458ms)
✔ missing page story fails closed (0.456958ms)
✔ cross-page route fails closed (0.475166ms)
✔ current G0 governance preserves history without granting current acceptance (0.786458ms)
✔ past-due G0 item cannot silently remain OPEN (0.449042ms)
✔ fabricated G0 acceptance fails against current checkpoint (0.394583ms)
✔ missing G0 leftover owner fails (0.506208ms)
✔ P05 cannot bind metadata download to an untraced audit export operation (1.685042ms)
✔ P21 cannot drop alert ownership from both ledger and trace while retaining the subscription (1.844709ms)
✔ unknown unlabelled operation in API register is rejected (1.565542ms)
✔ P05 quality alerts require C16 ownership on the consumer page (1.519375ms)
ℹ tests 32
ℹ suites 0
ℹ pass 32
ℹ fail 0
ℹ cancelled 0
ℹ skipped 0
ℹ todo 0
ℹ duration_ms 84.678625
