
> @sumalpha/quantos@ test:pre05 /private/var/folders/k8/_4hymb6j59s0c8xntb11ktmc0000gn/T/quantos-p0-review-ixawlakq
> pnpm --filter @sumalpha/config test && node --test scripts/pre05-gate-negative.mjs


> @sumalpha/config@0.1.0 test /private/var/folders/k8/_4hymb6j59s0c8xntb11ktmc0000gn/T/quantos-p0-review-ixawlakq/packages/config
> vitest run


[1m[30m[46m RUN [49m[39m[22m [36mv4.1.11 [39m[90m/private/var/folders/k8/_4hymb6j59s0c8xntb11ktmc0000gn/T/quantos-p0-review-ixawlakq/packages/config[39m

 [32m✓[39m tests/config.test.ts [2m([22m[2m26 tests[22m[2m)[22m[32m 270[2mms[22m[39m

[2m Test Files [22m [1m[32m1 passed[39m[22m[90m (1)[39m
[2m      Tests [22m [1m[32m26 passed[39m[22m[90m (26)[39m
[2m   Start at [22m 23:52:58
[2m   Duration [22m 699ms[2m (transform 348ms, setup 0ms, import 357ms, tests 270ms, environment 0ms)[22m

✔ public client ID and public Sentry DSN pass client scan (1.42475ms)
✔ known secret shapes are rejected in every supported client artifact type (8.284875ms)
✔ arbitrary injected server credentials and encoded forms are rejected (0.564375ms)
✔ scanner rejects missing, empty and file roots (0.528458ms)
✔ scanner does not follow symlink artifacts (0.527291ms)
✔ artifact CLI fails closed and never echoes the synthetic secret (74.408291ms)
✔ relative and absolute env-file paths both work, missing paths fail (200.502125ms)
✔ both actual application build commands enforce the client artifact gate (0.222042ms)
✔ short server credentials are scanned; empty unset credentials do not match everything (1.127959ms)
✔ production CLI loads app dotenv precedence and expansion, isolated per app (1293.627208ms)
ℹ tests 10
ℹ suites 0
ℹ pass 10
ℹ fail 0
ℹ cancelled 0
ℹ skipped 0
ℹ todo 0
ℹ duration_ms 1640.862459
