
> @sumalpha/quantos@ test:pre04 /private/var/folders/k8/_4hymb6j59s0c8xntb11ktmc0000gn/T/quantos-p0-review-ixawlakq
> node --test scripts/pre04-gate-negative.mjs

✔ current full phase-one inventory passes (10.858833ms)
✔ missing Gap is rejected (3.907667ms)
✔ undecided realtime dependency is rejected (3.750417ms)
✔ deleted required actorId field is rejected (5.170875ms)
✔ nonexistent field source is rejected (3.174125ms)
✔ wrong field type and optionality are rejected (3.348959ms)
✔ generated operation deletion is rejected (3.381292ms)
✔ generated method and path drift are rejected (6.559042ms)
✔ same-count schema rename is rejected (2.76125ms)
✔ schema required and enum drift are rejected (6.994041ms)
✔ same-count Proto message rename is rejected (3.243167ms)
✔ removed Proto declaration is rejected (3.612541ms)
✔ same-count JSON Schema replacement is rejected (3.176458ms)
✔ duplicate contract row is rejected before Map collapse (2.8405ms)
✔ duplicate Gap row is rejected before Map collapse (3.285584ms)
✔ nonexistent role owner is rejected (2.869958ms)
✔ nonexistent backend task is rejected (2.778334ms)
✔ nonexistent BFF task is rejected (3.133334ms)
✔ unknown Gap page is rejected (2.769042ms)
✔ each missing website P0 page is rejected (14.844417ms)
✔ missing auxiliary risk/audit/order contract is rejected (8.614375ms)
✔ closing partly published Gap is rejected (2.718ms)
✔ omitting planned operation is rejected (2.8835ms)
✔ unpublished Inventory Fixture cannot claim Implemented (3.238875ms)
✔ generated-only contract cannot claim Integrated (2.952125ms)
✔ missing provider evidence is rejected (2.946375ms)
✔ changed provider receipt is rejected (3.796917ms)
✔ missing Inventory Fixture is rejected (2.796167ms)
✔ Desktop contamination is rejected by Web inventory (2.687833ms)
✔ nonexistent domain field mappings including the former engine-version anchor are rejected (6.13725ms)
✔ removed referenced core task is rejected (3.281458ms)
✔ catalog source drift is rejected (3.056916ms)
✔ empty implementation artifact lists are rejected for every implemented contract (8.480916ms)
✔ each missing implementation evidence category is rejected (25.869916ms)
✔ duplicate artifacts cannot substitute for test or receipt evidence (3.024542ms)
✔ another contract receipt cannot substitute for required evidence (2.801542ms)
✔ unknown task suffixes are rejected in both backend task columns (17.299625ms)
✔ ambiguous cross-prefix ranges cannot impersonate reviewed backend tasks (6.378625ms)
ℹ tests 38
ℹ suites 0
ℹ pass 38
ℹ fail 0
ℹ cancelled 0
ℹ skipped 0
ℹ todo 0
ℹ duration_ms 283.93475
