
> @sumalpha/quantos@ test:pre03 /private/var/folders/k8/_4hymb6j59s0c8xntb11ktmc0000gn/T/quantos-p0-review-ixawlakq
> node --test scripts/pre03-gate-negative.mjs

✔ current Web contract passes and never loads Desktop inputs (9.631125ms)
✔ apps/terminal rejects Next 15.5.23 (5.714625ms)
✔ apps/terminal rejects Next 16.0.0 (2.409417ms)
✔ apps/website rejects Next 15.5.23 (1.860625ms)
✔ apps/website rejects Next 16.0.0 (1.705167ms)
✔ missing package resolutions (1.988917ms)
✔ missing snapshots (1.319709ms)
✔ specifier drift (2.20775ms)
✔ dependency removed (2.000666ms)
✔ dependency inserted (1.95925ms)
✔ manifest drift fails without changing lock (0.948042ms)
✔ ADR drift fails (0.7855ms)
✔ duplicate ADR version row fails (0.904ms)
✔ missing transitive snapshot fails (2.160459ms)
✔ Node pin drift fails (0.85325ms)
✔ effective Next configuration: valid export (229.274125ms)
✔ effective Next configuration: comment marker (228.660125ms)
✔ effective Next configuration: dead branch (229.846042ms)
✔ effective Next configuration: subsequent override (232.857625ms)
✔ effective Next configuration: function config (249.548583ms)
✔ bad route resources, fake HTML and script failures fail closed (11794.363333ms)
✔ Next-specific async client violation is an ESLint error (248.62875ms)
✔ build receipts reject stale source, config, identity and missing receipts (2.110041ms)
✔ source binding ignores caches but detects actual source changes (3.485417ms)
✔ all workspace importers and exact link targets are required (11.405209ms)
✔ runtime loader discovers omitted manifests independently of lockfile (525.301375ms)
✔ per-app env files are isolated and reloaded without polluting caller (686.026458ms)
ℹ tests 27
ℹ suites 0
ℹ pass 27
ℹ fail 0
ℹ cancelled 0
ℹ skipped 0
ℹ todo 0
ℹ duration_ms 15230.368416
