node --test scripts/f02-gate-negative.mjs scripts/f02-a11-gate-negative.mjs scripts/playwright-git-history.test.mjs scripts/storage-fixture.test.cjs scripts/f02-development-database.test.cjs
✔ complete Linux matrix passes; deletion and pixel tampering fail (420.835833ms)
✔ acceptance never updates snapshots or skips missing snapshots (1.538333ms)
✔ only main signing and verification jobs receive the signing environment (9.847834ms)
✔ signing policy rejects missing protection, wildcards, tags and extra branches (0.199208ms)
✔ candidate import rejects tampering and stale source before writing, then imports the reviewed matrix (387.186625ms)
✔ required download check rejects skipped or failed event-specific verification (22.482916ms)
✔ PR receipts bind the checked out head while main signing stays on the event SHA (2.827833ms)
✔ successful checks publish only after all seven negatives, independent read-only verification and close (9.836083ms)
✔ an idle error after mutation is handled, no SQL is replayed and independent cleanup cannot convert FAIL to PASS (2.210042ms)
✔ initial known transport failure closes the failed connection before a fresh connection, preserving bootstrap (2.934375ms)
✔ 28P01 initial failure never retries (1.102792ms)
✔ 42501 initial failure never retries (1.089584ms)
✔ CERT_HAS_EXPIRED initial failure never retries (1.110208ms)
✔ configuration failure overwrites historic PASS with current-source FAIL (0.916792ms)
✔ cleanup catalog mismatch fails even after seven successful checks (2.857083ms)
✔ failed primary close preserves its error and cannot publish success after read-only verification (2.025709ms)
✔ a mutation that does not affect schema is rejected (1.586833ms)
✔ strict artifact acceptance rejects stale success, unclosed sessions, missing bootstrap and post-SQL errors (8.113083ms)
Verified 2 release files for aaaaaaaaaaaaaaaaaaaaaaaaaaaaaaaaaaaaaaaa
Verified 2 release files for aaaaaaaaaaaaaaaaaaaaaaaaaaaaaaaaaaaaaaaa
✔ real Gitleaks positive control and GitHub/Slack leaks (1660.523542ms)
✔ historical digest exceptions do not waive fresh credentials in audit JSON (1145.93675ms)
✔ RLS baseline rejects policy deletion and late disabling with recovery (183.860458ms)
✔ RLS preflight recognizes the actual ten-table A2 migration and rejects incomplete loops (135.078333ms)
✔ RLS preflight expands audit export permissions without treating grants as RLS (144.884375ms)
✔ RLS literal loops preserve late disabling, NO FORCE and policy deletion (141.396459ms)
✔ RLS preflight cannot count conditional loops, comments, literals or function bodies as execution (159.300167ms)
✔ quoted SQL examples inside expanded policy expressions cannot enable RLS (22.755458ms)
✔ migration filename control, rejection and recovery (14.159584ms)
✔ waivers only authorize exact advisory/ecosystem/package/version before expiry (1.085042ms)
✔ license expression policy does not globally allow LGPL or unknown licenses (0.341625ms)
✔ release binds complete payload and SBOM to source; rejects corruption and build-only native files (2.750875ms)
✔ Buf compares against distinct historical source and detects removed fields (639.726ms)
✔ SCA scanner adapter consumes exact waivers and never waives scanner failures (1860.735083ms)
✔ Playwright PR reporting preserves complete history for downstream security scans (1685.26975ms)
✔ all bucket migration INSERT columns exist in the shared CI fixture (0.433708ms)
﹣ PostgreSQL compiles bucket migrations and preserves private export limits (0.050708ms) # SKIP
ℹ tests 35
ℹ suites 0
ℹ pass 34
ℹ fail 0
ℹ cancelled 0
ℹ skipped 1
ℹ todo 0
ℹ duration_ms 6158.142583
