✔ development COMPLETED does not accept the current F06 review (0.863834ms)
✔ ACCEPTED with any open finding remains blocked (0.189708ms)
✔ all closed findings require a same-SHA complete receipt (0.992375ms)
✔ missing or duplicate review markers fail closed (0.17925ms)
✔ archived closure records must be present, complete and unique (0.310291ms)
✔ duplicate F06 task or engineering summaries fail closed (0.205791ms)
✔ all eight registered fixtures retire by exact identity without deleting facts (1.858666ms)
✔ wrong tenant ownership stops before any mutation (0.290833ms)
✔ remaining active actor rejects cleanup success (0.393875ms)
✔ post-SQL disconnect is recorded and no mutation replays (0.146417ms)
✔ duplicate or wrong-run fixture inventory never opens a connection (0.29275ms)
✔ admission rejects partial inventory, unclosed connection, active sessions and missing cleanup (1.068167ms)
✔ command entrypoint retains initial failure, then executes SQL once with verified TLS (1.480666ms)
✔ transport closure after first SQL never reconnects or replays the statement (0.191ms)
✔ persistent initial closure fails after three closed clients without any SQL (0.186417ms)
✔ authentication initial failure is not retried (0.163209ms)
✔ permission initial failure is not retried (0.146708ms)
✔ TLS initial failure is not retried (0.118708ms)
✔ default and bounded remote development transport budgets (0.367541ms)
✔ unbounded, fractional and malformed budgets fail closed (0.132417ms)
✔ functional database budget records elapsed time and preserves all command arguments (0.591917ms)
✔ timeout remains a failed null exit with its signal and safe error code, without retry (0.132125ms)
✔ existing HTTP/service command budget is unchanged (0.058417ms)
✔ two closed initial connections are retained, closed, then the third succeeds before any statement (0.593083ms)
✔ persistent closure fails after three and retains every failure (0.825541ms)
✔ auth bootstrap failure never retries (0.109708ms)
✔ permission bootstrap failure never retries (0.108ms)
✔ TLS bootstrap failure never retries (0.064ms)
✔ cancel bootstrap failure never retries (0.050708ms)
✔ unknown bootstrap failure never retries (0.059167ms)
✔ initial transport timeout retries but a later query error never reconnects (0.103292ms)
✔ failure to close an initial connection prevents retry (0.105375ms)
✔ budget cannot exceed three (0.221625ms)
✔ acceptance rejects missing, unfinished, reordered, semantic or unclosed attempts (2.826666ms)
✔ evidence-save failure closes the connected client and never reconnects (0.090041ms)
✔ initialization after the old 20s loop can pass only with an exact readiness response (1.49775ms)
✔ a never-ready service exhausts one bounded wall-clock budget (1.483334ms)
✔ response after deadline cannot grant readiness (0.114083ms)
✔ exited or killed services fail without waiting or probing (0.095208ms)
✔ connection failures and wrong successful HTTP status cannot pass (2.489042ms)
✔ invalid or unbounded startup budgets reject (0.128333ms)
✔ process exit during a successful probe cannot grant readiness (0.067292ms)
ℹ tests 42
ℹ suites 0
ℹ pass 42
ℹ fail 0
ℹ cancelled 0
ℹ skipped 0
ℹ todo 0
ℹ duration_ms 50.169333
