✔ completed command records diagnostic and redacts configured secret split across chunks (34.590667ms)
✔ deadline kills an actual owned grandchild, preserves FAIL and logs (1513.472375ms)
✔ successful leader with detached lifetime descendant is FAIL even after cleanup (142.072917ms)
✔ spawn failure and evidence-write failure cannot become success (2.807083ms)
✔ explicit cancellation cleans its group and never passes (104.171166ms)
✔ interleaved stderr cannot break secret redaction (43.716417ms)
✔ output limit is bounded failure without partial secret chunks (23.941791ms)
✔ normal completion without sensitive output remains PASS with closed process group (21.985584ms)
✔ F09 admission requires command supervision and immutable owned cleanup proofs (5.699375ms)
✔ three exact owned actors retire while immutable event facts remain (1.146292ms)
✔ ownership mismatch refuses mutation (1.83675ms)
✔ post-SQL reset is FAIL with no replay (0.153666ms)
✔ active actors and changed event facts fail retirement (0.633125ms)
✔ wrong run and duplicate actors never connect (0.507042ms)
✔ empty fixture inventory cannot admit successful F09 (0.106916ms)
✔ partial, open, changed and active cleanup receipts fail admission (0.414084ms)
✔ later A2 migration does not make a complete F09 ledger stale (0.391833ms)
✔ missing target migration fails closed (0.177042ms)
✔ changed applied SQL checksum fails closed (0.071708ms)
✔ missing F09 prerequisite fails even if remaining ledger matches (0.059875ms)
✔ F09 rule semantics match the development-plan thresholds (0.781625ms)
✔ unchanged rule IDs cannot hide threshold, duration, count or severity drift (0.761125ms)
ℹ tests 22
ℹ suites 0
ℹ pass 22
ℹ fail 0
ℹ cancelled 0
ℹ skipped 0
ℹ todo 0
ℹ duration_ms 1919.391833
