✔ all eight independently content-bound dependencies admit DEVELOPMENT only (24.700792ms)
✔ engineering aggregation preserves the sole pending user confirmation (14.516542ms)
✔ milestone rejects missing F0 (13.782583ms)
✔ milestone rejects missing PRE (14.371166ms)
✔ milestone rejects duplicate dependency (13.707459ms)
✔ milestone rejects unready F0 (13.505625ms)
✔ milestone rejects manifest bytes replaced (13.094875ms)
✔ milestone rejects digest substituted (12.739125ms)
✔ milestone rejects dependency path substituted (13.233458ms)
✔ milestone rejects dependency verdict substituted (13.532916ms)
✔ milestone rejects self manifest schema (14.51975ms)
✔ milestone rejects normative change (13.95775ms)
✔ milestone rejects source input change (13.653834ms)
✔ milestone rejects unexecuted check (13.630625ms)
✔ milestone rejects missing execution time (13.131ms)
✔ milestone rejects missing required check (12.9135ms)
✔ milestone rejects duplicate check (13.156917ms)
✔ milestone rejects wrong command (13.235667ms)
✔ milestone rejects log tampering (13.462875ms)
✔ milestone rejects rehashed prose (14.501209ms)
✔ milestone rejects external log path (13.4195ms)
✔ milestone rejects false formal acceptance (12.597042ms)
✔ milestone rejects aggregate claims database run (12.783625ms)
✔ milestone rejects hidden exclusions (12.904667ms)
✔ milestone rejects unresolved functional finding (12.728625ms)
✔ dependency validator is invoked and errors propagate (12.892334ms)
✔ fake READY cannot hide changed G0 scope (12.779583ms)
✔ arbitrary existing markdown cannot serve as a milestone receipt (0.096166ms)
✔ own arbitrary digest is rejected independently of dependency status (0.067583ms)
✔ F0 policy contains the six missing nodes and all eleven obligations (13.253875ms)
✔ production schema drift comparator rejects tables (0.167792ms)
✔ production schema drift comparator rejects columns (0.060917ms)
✔ production schema drift comparator rejects constraints (0.051542ms)
✔ production schema drift comparator rejects indexes (0.04325ms)
✔ production schema drift comparator rejects policies (0.043042ms)
✔ production schema drift comparator rejects routines (0.035833ms)
✔ production schema drift comparator rejects triggers (0.047125ms)
✔ 100-task recovery evidence cannot use 10-task diagnostic or accept P95 (1.370625ms)
✔ CI validates milestone disposition and preserves strict admission and negatives (9.207833ms)
ℹ tests 39
ℹ suites 0
ℹ pass 39
ℹ fail 0
ℹ cancelled 0
ℹ skipped 0
ℹ todo 0
ℹ duration_ms 459.70875
