✔ Auth timeout is retained before bounded successful retry (0.512834ms)
✔ persistent login timeout remains failure after exactly three attempts (0.804042ms)
✔ Auth denial, invalid body and explicit cancellation never retry (0.15025ms)
✔ known closed login transport can retry without recording credential text (0.11675ms)
✔ login budget cannot be extended beyond three attempts (0.327ms)
✔ only retained transport failures can precede actual login PASS (0.173875ms)
✔ missing, excessive and unfinished Auth attempts cannot establish acceptance (2.623083ms)
✔ actual-service receipt requires owned actor, confirmed session retirement and reaped PIDs (5.1785ms)
✔ F07 rejects active actor (0.580958ms)
✔ F07 rejects foreign actor (0.502834ms)
✔ F07 rejects foreign tenant (0.454083ms)
✔ F07 rejects no service cleanup (0.50425ms)
✔ F07 rejects reused PID (0.646ms)
✔ F07 rejects unconfirmed logout (0.429584ms)
✔ F07 rejects missing logout (0.375625ms)
✔ F07 rejects cleanup failure (0.416167ms)
✔ F07 rejects cleanup after receipt (0.441041ms)
✔ two closed initial connections are retained, closed, then the third succeeds before any statement (0.582542ms)
✔ persistent closure fails after three and retains every failure (0.862875ms)
✔ auth bootstrap failure never retries (0.144417ms)
✔ permission bootstrap failure never retries (0.094625ms)
✔ TLS bootstrap failure never retries (0.066791ms)
✔ cancel bootstrap failure never retries (0.060667ms)
✔ unknown bootstrap failure never retries (0.061125ms)
✔ initial transport timeout retries but a later query error never reconnects (0.103083ms)
✔ failure to close an initial connection prevents retry (0.110583ms)
✔ budget cannot exceed three (0.220584ms)
✔ acceptance rejects missing, unfinished, reordered, semantic or unclosed attempts (2.769042ms)
✔ evidence-save failure closes the connected client and never reconnects (0.08675ms)
✔ valid source and execution-bound dependency chain is READY without release signatures (44.451875ms)
✔ missing required execution (34.862166ms)
✔ failed execution (32.541375ms)
✔ wrong actual command (31.490917ms)
✔ unresolved issue (25.743791ms)
✔ wrong node (24.848375ms)
✔ missing source inventory (29.161833ms)
✔ plan scope changed (25.253542ms)
✔ outside log path (29.475666ms)
✔ wrong log digest (28.308834ms)
✔ missing dependency (27.718917ms)
✔ dependency digest substituted (26.073542ms)
✔ tampered manifest bytes are rejected (21.930916ms)
✔ changed source content is rejected despite unchanged gate digest (26.629625ms)
✔ dependency must independently be READY (28.500333ms)
✔ arbitrary log cannot masquerade as successful execution (28.360041ms)
✔ input file symlink cannot escape the repository (27.8595ms)
✔ database execution cannot be inferred from a normal local PASS (34.094917ms)
✔ Supabase target receipt verifies each compressed execution log (34.626125ms)
✔ source drift during execution invalidates the original input snapshot (43.698167ms)
✔ requirement drift during execution invalidates the original input snapshot (47.796666ms)
✔ controlled public development profile overrides stale values and preserves server inputs (0.134417ms)
✔ private credentials cannot be injected through a public development profile (0.100125ms)
✔ transient Auth 503 can retry only a complete target execution (0.122209ms)
✔ persistent target timeout never becomes PASS and stops at its budget (0.079917ms)
✔ semantic target failures stop without retry or PASS (0.02675ms)
✔ target retry budget cannot be unbounded (0.101125ms)
✔ configured target retries require explicit attempt outcomes in the receipt (33.011375ms)
✔ three successful full builds bind output inventories (0.38025ms)
✔ reproducibility rejects only two builds (0.1105ms)
✔ reproducibility rejects missing Python build (0.123708ms)
✔ reproducibility rejects failed command (0.117833ms)
✔ reproducibility rejects different output digest (0.087208ms)
✔ reproducibility rejects substituted inventory (0.068208ms)
✔ reproducibility rejects dirty source (0.061542ms)
✔ reproducibility rejects old source (0.061459ms)
✔ development policy retains explicit build, coverage, volume and target storage obligations (0.304833ms)
✔ static make commands cannot reload .env.local or inherit target database opt-ins (0.088833ms)
✔ volume retry restarts the complete check only on a closed PostgreSQL transport (0.058125ms)
✔ volume correctness and certificate errors cannot be retried into PASS (0.032584ms)
✔ persistent database transport failure stays failed at the retry limit (0.027875ms)
✔ separate assessment snapshot preserves historical manifests and binds its own logs (36.566583ms)
✔ third-party Git link binds the actual clean checkout and rejects dirty/advanced source (163.552167ms)
✔ transient read-only preflight connection closure retries the complete target (0.110834ms)
✔ preflight permission and role failures are not transport retries (0.0635ms)
✔ persistent preflight closure exhausts three attempts without PASS (0.063792ms)
✔ component passes while missing dependency/whole release admission rejects (55.487458ms)
✔ static COMPLETED is never dependency admission (16.045208ms)
✔ READY declarations still execute strict receipt validation (16.363125ms)
✔ release handoff and dependency changes fail closed n=>n.get('RELEASE-GATE:BETA').required_scope=n.get('RELEASE-GATE:BETA').required_scope.replace(handoff,'') (14.808417ms)
✔ release handoff and dependency changes fail closed n=>n.get('RELEASE-GATE:BETA').stage_gate.stage='DEVELOPMENT' (14.896834ms)
✔ release handoff and dependency changes fail closed n=>n.get('CORE:R02').dependencies.pop() (15.478666ms)
✔ full target outcomes, cleanup and coverage bind development scope (35.036583ms)
✔ reject missing initial bootstrap (14.856833ms)
✔ reject unclosed preparation connection (13.422208ms)
✔ reject post-SQL transport reset (12.162292ms)
✔ reject unclosed actor cleanup connection (13.969541ms)
✔ reject missing boundary cleanup bootstrap (12.002666ms)
✔ reject failed combined execution (15.046042ms)
✔ reject failed actor cleanup (12.111667ms)
✔ reject no boundary actors (14.084959ms)
✔ reject new provider run (13.480666ms)
✔ reject fresh quality claim (13.170542ms)
✔ reject engine left running (12.773042ms)
✔ reject wrong target (15.769917ms)
✔ reject release claimed (9.900417ms)
✔ reject wrong execution SHA (8.568792ms)
✔ reject missing approval (14.229041ms)
✔ reject changed source (11.393042ms)
✔ reject skipped target test (13.214583ms)
✔ reject under threshold coverage (28.52325ms)
✔ tampered nested log rejected without changing outcome labels (9.309708ms)
✔ nested path escape rejected (8.478625ms)
✔ R1 controlled policies cover the complete dependency closure (1083.053209ms)
✔ R01 target and production coverage independently validate (28.390709ms)
✔ R01 reject vacuous actor cleanup (19.4955ms)
✔ R01 reject uncommitted outbox (19.270334ms)
✔ R01 reject fixture claimed as real provider (17.537625ms)
✔ R01 reject RLS failed (18.5535ms)
✔ R01 reject migration mismatched (23.294167ms)
✔ real process inventory outcome is separately required by R02 (1.091209ms)
✔ process cleanup reject leak cleaned after discovery (0.48325ms)
✔ process cleanup reject process inspection skipped (0.403708ms)
✔ process cleanup reject residual child left alive (0.386417ms)
✔ process cleanup reject failed cleanup relabeled (0.338584ms)
✔ process cleanup reject unbounded ownership scope (1.264083ms)
✔ process cleanup reject wrong source (0.327ms)
✔ process cleanup reject missing baseline capture (0.493375ms)
✔ only repository Python with a known module and test socket is inventoried (0.921417ms)
✔ all fixture socket families including private f08 directories are recognized (0.071167ms)
✔ pre-existing processes and other assessment scopes are never owned (0.101792ms)
✔ PID reuse cannot impersonate an existing process identity (0.059709ms)
✔ real direct Python fixture is observed and terminated without a launcher orphan (1052.5305ms)
ℹ tests 122
ℹ suites 0
ℹ pass 122
ℹ fail 0
ℹ cancelled 0
ℹ skipped 0
ℹ todo 0
ℹ duration_ms 1566.46375
