✔ formal gate rejects zero, one, two and noninteger runs (0.379542ms)
✔ all binaries participate in digest and omitted binary fails (3.125333ms)
✔ extra binary, missing wheel and stale/empty Web cannot pass output inventory (2.3985ms)
✔ manifest inventory cannot omit or add members (0.06175ms)
✔ dirty and untracked source rejected (64.605625ms)
✔ deleted module README is rejected (2.33ms)
✔ wrong uv version fails toolchain preflight (19.728542ms)
✔ invalid locks fail real lock entrypoint (64.402083ms)
✔ Terminal default lint rejects a page TSX violation (860.157209ms)
✔ invalid run revokes old successful receipt (26.441583ms)
✔ Cargo manifest drift is rejected by actual lock gate (611.642917ms)
✔ uv manifest drift is rejected by actual lock gate (664.911542ms)
✔ pnpm manifest drift is rejected by actual lock gate (907.920875ms)
✔ malformed Buf lock is rejected by actual lock gate (650.72825ms)
✔ broken Desktop is outside phase-one pnpm frozen check (311.942708ms)
✔ uv output marker is metadata, other unexpected files still fail (2.653333ms)
✔ build-only tool is required in output inventory without becoming a runtime binary (2.286875ms)
✔ pnpm frozen check rejects missing or changed patch bytes (693.215792ms)
✔ pnpm patch cannot read outside the repository (151.654333ms)
ℹ tests 19
ℹ suites 0
ℹ pass 19
ℹ fail 0
ℹ cancelled 0
ℹ skipped 0
ℹ todo 0
ℹ duration_ms 5077.24775
