node --test scripts/f02-gate-negative.mjs scripts/f02-a11-gate-negative.mjs scripts/playwright-git-history.test.mjs scripts/storage-fixture.test.cjs
✔ complete Linux matrix passes; deletion and pixel tampering fail (391.21275ms)
✔ acceptance never updates snapshots or skips missing snapshots (1.381709ms)
✔ only main signing and verification jobs receive the signing environment (8.562708ms)
✔ signing policy rejects missing protection, wildcards, tags and extra branches (0.195708ms)
✔ candidate import rejects tampering and stale source before writing, then imports the reviewed matrix (371.821125ms)
✔ required download check rejects skipped or failed event-specific verification (20.98975ms)
✔ PR receipts bind the checked out head while main signing stays on the event SHA (5.303792ms)
Verified 2 release files for aaaaaaaaaaaaaaaaaaaaaaaaaaaaaaaaaaaaaaaa
Verified 2 release files for aaaaaaaaaaaaaaaaaaaaaaaaaaaaaaaaaaaaaaaa
✔ real Gitleaks positive control and GitHub/Slack leaks (1557.978542ms)
✔ historical digest exceptions do not waive fresh credentials in audit JSON (1100.643292ms)
✔ RLS baseline rejects policy deletion and late disabling with recovery (173.912708ms)
✔ RLS preflight recognizes the actual ten-table A2 migration and rejects incomplete loops (132.344208ms)
✔ RLS preflight expands audit export permissions without treating grants as RLS (130.295459ms)
✔ RLS literal loops preserve late disabling, NO FORCE and policy deletion (130.761833ms)
✔ RLS preflight cannot count conditional loops, comments, literals or function bodies as execution (150.36275ms)
✔ quoted SQL examples inside expanded policy expressions cannot enable RLS (22.17025ms)
✔ migration filename control, rejection and recovery (14.264625ms)
✔ waivers only authorize exact advisory/ecosystem/package/version before expiry (1.009292ms)
✔ license expression policy does not globally allow LGPL or unknown licenses (0.327875ms)
✔ release binds complete payload and SBOM to source; rejects corruption and build-only native files (2.757791ms)
✔ Buf compares against distinct historical source and detects removed fields (504.457625ms)
✔ SCA scanner adapter consumes exact waivers and never waives scanner failures (1067.505334ms)
✔ Playwright PR reporting preserves complete history for downstream security scans (1637.211125ms)
✔ all bucket migration INSERT columns exist in the shared CI fixture (0.379792ms)
﹣ PostgreSQL compiles bucket migrations and preserves private export limits (0.0465ms) # SKIP
ℹ tests 24
ℹ suites 0
ℹ pass 23
ℹ fail 0
ℹ cancelled 0
ℹ skipped 1
ℹ todo 0
ℹ duration_ms 5031.821125
