✔ development COMPLETED does not accept the current F06 review (0.818792ms)
✔ ACCEPTED with any open finding remains blocked (0.22725ms)
✔ all closed findings require a same-SHA complete receipt (0.889792ms)
✔ missing or duplicate review markers fail closed (0.145208ms)
✔ archived closure records must be present, complete and unique (0.298458ms)
✔ duplicate F06 task or engineering summaries fail closed (0.18575ms)
✔ default and bounded remote development transport budgets (0.337708ms)
✔ unbounded, fractional and malformed budgets fail closed (0.119167ms)
✔ initialization after the old 20s loop can pass only with an exact readiness response (1.449208ms)
✔ a never-ready service exhausts one bounded wall-clock budget (1.506791ms)
✔ response after deadline cannot grant readiness (0.148416ms)
✔ exited or killed services fail without waiting or probing (0.093875ms)
✔ connection failures and wrong successful HTTP status cannot pass (2.290292ms)
✔ invalid or unbounded startup budgets reject (0.1285ms)
✔ process exit during a successful probe cannot grant readiness (0.071167ms)
ℹ tests 15
ℹ suites 0
ℹ pass 15
ℹ fail 0
ℹ cancelled 0
ℹ skipped 0
ℹ todo 0
ℹ duration_ms 41.517583
