✔ all eight independently content-bound dependencies admit DEVELOPMENT only (23.156542ms)
✔ engineering aggregation preserves the sole pending user confirmation (14.930417ms)
✔ milestone rejects missing F0 (13.852125ms)
✔ milestone rejects missing PRE (13.921167ms)
✔ milestone rejects duplicate dependency (13.057792ms)
✔ milestone rejects unready F0 (12.962ms)
✔ milestone rejects manifest bytes replaced (12.653708ms)
✔ milestone rejects digest substituted (12.449208ms)
✔ milestone rejects dependency path substituted (12.58525ms)
✔ milestone rejects dependency verdict substituted (16.403333ms)
✔ milestone rejects self manifest schema (15.311917ms)
✔ milestone rejects normative change (21.456917ms)
✔ milestone rejects source input change (14.177584ms)
✔ milestone rejects unexecuted check (14.052542ms)
✔ milestone rejects missing execution time (13.955625ms)
✔ milestone rejects missing required check (14.150875ms)
✔ milestone rejects duplicate check (12.556375ms)
✔ milestone rejects wrong command (13.25675ms)
✔ milestone rejects log tampering (12.617333ms)
✔ milestone rejects rehashed prose (12.461166ms)
✔ milestone rejects external log path (12.395375ms)
✔ milestone rejects false formal acceptance (12.173791ms)
✔ milestone rejects aggregate claims database run (12.407375ms)
✔ milestone rejects hidden exclusions (12.30675ms)
✔ milestone rejects unresolved functional finding (12.028792ms)
✔ dependency validator is invoked and errors propagate (12.151083ms)
✔ fake READY cannot hide changed G0 scope (12.050334ms)
✔ arbitrary existing markdown cannot serve as a milestone receipt (0.094125ms)
✔ own arbitrary digest is rejected independently of dependency status (0.0665ms)
✔ F0 policy contains the six missing nodes and all eleven obligations (12.3965ms)
✔ production schema drift comparator rejects tables (0.1165ms)
✔ production schema drift comparator rejects columns (0.05425ms)
✔ production schema drift comparator rejects constraints (0.043834ms)
✔ production schema drift comparator rejects indexes (0.04825ms)
✔ production schema drift comparator rejects policies (0.036083ms)
✔ production schema drift comparator rejects routines (0.033292ms)
✔ production schema drift comparator rejects triggers (0.043417ms)
✔ 100-task recovery evidence cannot use 10-task diagnostic or accept P95 (1.122ms)
✔ CI validates milestone disposition and preserves strict admission and negatives (5.349042ms)
ℹ tests 39
ℹ suites 0
ℹ pass 39
ℹ fail 0
ℹ cancelled 0
ℹ skipped 0
ℹ todo 0
ℹ duration_ms 448.799625
