
> @sumalpha/quantos@ test:development-plans /Users/anray/Documents/project/SumAlpha/QuantOS
> node --test scripts/development-plan-order-negative.mjs

✔ joint schedule is acyclic and preserves task/status boundaries (15.772625ms)
✔ restoring a complete R1 prerequisite for S2 services creates a rejected cycle (4.93275ms)
✔ research service waiting on its consumer page is rejected (4.500584ms)
✔ historical CORE:R04 to CORE:L04 probe now fails closed (4.542625ms)
✔ an early identity API cannot silently depend on later research services (5.681166ms)
✔ a provider cannot wait for the consumer frontend Gate (4.070792ms)
✔ removing S2 service admission from a core execution task is rejected (4.631958ms)
✔ S2 service Gate cannot omit TP12 advance evaluation (4.792791ms)
✔ I10 cannot drop testnet service admission even if metadata is edited with it (5.258875ms)
✔ a new or existing frontend cannot skip the full provider Gate (5.418167ms)
✔ G5 cannot be marked as closing in I4 before reconciliation (5.643125ms)
✔ moving the G1 block above I1 tasks is rejected (4.9465ms)
✔ milestone cannot omit its last child while retaining a Gate summary (4.962959ms)
✔ prose-only backend dependencies cannot drift from structured prerequisites (5.303458ms)
✔ core closure mapping cannot become an implicit service alias (5.135709ms)
✔ ACCEPTED checkpoint needs SHA and evidence, not only a green word (5.313042ms)
✔ accepted checkpoint evidence must resolve (2.578666ms)
✔ missing checkpoint and unknown dependency fail closed (6.334167ms)
✔ API windows cannot skip their preceding provider checkpoint (4.862875ms)
✔ UI windows cannot skip the preceding reconciliation window (5.031375ms)
✔ Web intake preserves the explicit no-model-review schema (1.690791ms)
✔ missing Web task fields still fail closed (1.417959ms)
✔ both plans must publish exactly the same stage contract (5.299333ms)
✔ changing both plans cannot defer correctness or functional deadlines to release (13.731ms)
✔ both plans must retain every deferred release obligation (13.849125ms)
✔ tasks and checkpoints cannot omit, invent, or misclassify their stage gate (18.946208ms)
✔ release prerequisites cannot block either development or integration (11.63025ms)
✔ release gates cannot skip business closure or inherit the wrong stage (13.625375ms)
✔ historical ACCEPTED and completed tasks do not automatically become READY (10.779625ms)
✔ READY needs its own input digest and resolvable evidence (34.837875ms)
✔ unassessed stage gates cannot carry an apparent ready receipt (7.198458ms)
✔ BLOCKED retains failure evidence and digest without being counted as READY (14.280167ms)
✔ a READY chain needs READY prerequisites and its own evidence at every node (19.499875ms)
✔ stage readiness never substitutes for formal acceptance evidence (2.830792ms)
✔ release READY requires formal acceptance and all functional prerequisites (8.81525ms)
✔ core intake follows the frontend audit-report format (6.041125ms)
✔ core review summary must be unique and link to audit evidence (7.686125ms)
✔ core shared task fields and existing window must stay consistent (14.504458ms)
ℹ tests 38
ℹ suites 0
ℹ pass 38
ℹ fail 0
ℹ cancelled 0
ℹ skipped 0
ℹ todo 0
ℹ duration_ms 355.089792
