Validated 6 pinned Buf plugins and locked generation workflow.
✔ proto generation configuration is pinned and lock-preserving (37.017334ms)
✔ proto generation configuration rejects an unpinned remote plugin (35.745083ms)
✔ proto generation configuration rejects implicit dependency updates (35.2775ms)
ℹ tests 3
ℹ suites 0
ℹ pass 3
ℹ fail 0
ℹ cancelled 0
ℹ skipped 0
ℹ todo 0
ℹ duration_ms 138.161292
Extracted 50 JSON schema documents.
Validated 50 standalone JSON schemas and 11 planned domain schemas.
✔ standalone JSON schema gate passes the complete generated catalog (127.86725ms)
✔ standalone JSON schema gate rejects a missing planned domain schema (45.528541ms)
✔ standalone JSON schema gate rejects an unresolved reference (123.557916ms)
ℹ tests 3
ℹ suites 0
ℹ pass 3
ℹ fail 0
ℹ cancelled 0
ℹ skipped 0
ℹ todo 0
ℹ duration_ms 329.533416
Proto compatibility checked against 40e11b819da14608893b0fad9ad4c4df299da5f3
Proto checks passed.
