✔ Auth timeout is retained before bounded successful retry (0.521333ms)
✔ persistent login timeout remains failure after exactly three attempts (0.663125ms)
✔ Auth denial, invalid body and explicit cancellation never retry (0.134042ms)
✔ known closed login transport can retry without recording credential text (0.108166ms)
✔ login budget cannot be extended beyond three attempts (0.312333ms)
✔ only retained transport failures can precede actual login PASS (0.16725ms)
✔ missing, excessive and unfinished Auth attempts cannot establish acceptance (2.829917ms)
✔ actual-service receipt requires owned actor, confirmed session retirement and reaped PIDs (4.552875ms)
✔ F07 rejects active actor (0.580541ms)
✔ F07 rejects foreign actor (0.498458ms)
✔ F07 rejects foreign tenant (0.416042ms)
✔ F07 rejects no service cleanup (0.360334ms)
✔ F07 rejects reused PID (0.363917ms)
✔ F07 rejects unconfirmed logout (0.360959ms)
✔ F07 rejects missing logout (0.329292ms)
✔ F07 rejects cleanup failure (0.354ms)
✔ F07 rejects cleanup after receipt (0.451834ms)
✔ two closed initial connections are retained, closed, then the third succeeds before any statement (0.627958ms)
✔ persistent closure fails after three and retains every failure (0.880833ms)
✔ auth bootstrap failure never retries (0.109292ms)
✔ permission bootstrap failure never retries (0.088125ms)
✔ TLS bootstrap failure never retries (0.067875ms)
✔ cancel bootstrap failure never retries (0.056333ms)
✔ unknown bootstrap failure never retries (0.058667ms)
✔ initial transport timeout retries but a later query error never reconnects (0.116375ms)
✔ failure to close an initial connection prevents retry (0.121709ms)
✔ budget cannot exceed three (0.233125ms)
✔ acceptance rejects missing, unfinished, reordered, semantic or unclosed attempts (2.842666ms)
✔ evidence-save failure closes the connected client and never reconnects (0.100625ms)
✔ valid source and execution-bound dependency chain is READY without release signatures (47.812792ms)
✔ missing required execution (34.924625ms)
✔ failed execution (37.988917ms)
✔ wrong actual command (36.412333ms)
✔ unresolved issue (27.97425ms)
✔ wrong node (26.558334ms)
✔ missing source inventory (34.6035ms)
✔ plan scope changed (27.4695ms)
✔ outside log path (34.482666ms)
✔ wrong log digest (32.990916ms)
✔ missing dependency (31.419375ms)
✔ dependency digest substituted (32.798042ms)
✔ tampered manifest bytes are rejected (25.8925ms)
✔ changed source content is rejected despite unchanged gate digest (30.622167ms)
✔ dependency must independently be READY (30.643292ms)
✔ arbitrary log cannot masquerade as successful execution (31.181ms)
✔ input file symlink cannot escape the repository (30.805833ms)
✔ database execution cannot be inferred from a normal local PASS (39.573292ms)
✔ Supabase target receipt verifies each compressed execution log (37.080458ms)
✔ source drift during execution invalidates the original input snapshot (49.208ms)
✔ requirement drift during execution invalidates the original input snapshot (55.542333ms)
✔ controlled public development profile overrides stale values and preserves server inputs (0.154333ms)
✔ private credentials cannot be injected through a public development profile (0.111417ms)
✔ transient Auth 503 can retry only a complete target execution (0.120958ms)
✔ persistent target timeout never becomes PASS and stops at its budget (0.082792ms)
✔ semantic target failures stop without retry or PASS (0.026292ms)
✔ target retry budget cannot be unbounded (0.096167ms)
✔ configured target retries require explicit attempt outcomes in the receipt (39.028209ms)
✔ three successful full builds bind output inventories (0.34975ms)
✔ reproducibility rejects only two builds (0.120666ms)
✔ reproducibility rejects missing Python build (0.141334ms)
✔ reproducibility rejects failed command (0.119708ms)
✔ reproducibility rejects different output digest (0.087125ms)
✔ reproducibility rejects substituted inventory (0.069333ms)
✔ reproducibility rejects dirty source (0.063583ms)
✔ reproducibility rejects old source (0.058125ms)
✔ development policy retains explicit build, coverage, volume and target storage obligations (0.330125ms)
✔ static make commands cannot reload .env.local or inherit target database opt-ins (0.091458ms)
✔ volume retry restarts the complete check only on a closed PostgreSQL transport (0.058917ms)
✔ volume correctness and certificate errors cannot be retried into PASS (0.033ms)
✔ persistent database transport failure stays failed at the retry limit (0.031125ms)
✔ separate assessment snapshot preserves historical manifests and binds its own logs (45.755875ms)
✔ third-party Git link binds the actual clean checkout and rejects dirty/advanced source (182.371959ms)
✔ transient read-only preflight connection closure retries the complete target (0.075833ms)
✔ preflight permission and role failures are not transport retries (0.057458ms)
✔ persistent preflight closure exhausts three attempts without PASS (0.060417ms)
✔ component passes while missing dependency/whole release admission rejects (57.746333ms)
✔ static COMPLETED is never dependency admission (16.479334ms)
✔ READY declarations still execute strict receipt validation (17.967542ms)
✔ release handoff and dependency changes fail closed n=>n.get('RELEASE-GATE:BETA').required_scope=n.get('RELEASE-GATE:BETA').required_scope.replace(handoff,'') (15.343167ms)
✔ release handoff and dependency changes fail closed n=>n.get('RELEASE-GATE:BETA').stage_gate.stage='DEVELOPMENT' (15.527917ms)
✔ release handoff and dependency changes fail closed n=>n.get('CORE:R02').dependencies.pop() (16.3935ms)
✔ full target outcomes, cleanup and coverage bind development scope (50.192416ms)
✔ reject failed combined execution (16.167ms)
✔ reject failed actor cleanup (12.876958ms)
✔ reject no boundary actors (19.1135ms)
✔ reject new provider run (12.515333ms)
✔ reject fresh quality claim (17.025375ms)
✔ reject engine left running (15.956958ms)
✔ reject wrong target (14.84925ms)
✔ reject release claimed (12.49375ms)
✔ reject wrong execution SHA (10.47275ms)
✔ reject missing approval (15.231334ms)
✔ reject changed source (12.797583ms)
✔ reject skipped target test (15.06575ms)
✔ reject under threshold coverage (29.655709ms)
✔ tampered nested log rejected without changing outcome labels (10.05275ms)
✔ nested path escape rejected (11.000708ms)
✔ R1 controlled policies cover the complete dependency closure (1233.703708ms)
✔ R01 target and production coverage independently validate (37.111583ms)
✔ R01 reject vacuous actor cleanup (21.86275ms)
✔ R01 reject uncommitted outbox (21.143833ms)
✔ R01 reject fixture claimed as real provider (19.867ms)
✔ R01 reject RLS failed (24.6235ms)
✔ R01 reject migration mismatched (23.409667ms)
✔ real process inventory outcome is separately required by R02 (1.089583ms)
✔ process cleanup reject leak cleaned after discovery (0.474583ms)
✔ process cleanup reject process inspection skipped (0.338042ms)
✔ process cleanup reject residual child left alive (0.370375ms)
✔ process cleanup reject failed cleanup relabeled (0.344375ms)
✔ process cleanup reject unbounded ownership scope (0.84625ms)
✔ process cleanup reject wrong source (0.363792ms)
✔ process cleanup reject missing baseline capture (0.47025ms)
✔ only repository Python with a known module and test socket is inventoried (0.928958ms)
✔ all fixture socket families including private f08 directories are recognized (0.073208ms)
✔ pre-existing processes and other assessment scopes are never owned (0.09025ms)
✔ PID reuse cannot impersonate an existing process identity (0.0605ms)
✔ real direct Python fixture is observed and terminated without a launcher orphan (1102.794916ms)
ℹ tests 117
ℹ suites 0
ℹ pass 117
ℹ fail 0
ℹ cancelled 0
ℹ skipped 0
ℹ todo 0
ℹ duration_ms 1716.134667
