Chrome for Testing 151.0.7922.34 (playwright chromium v1234)
  Install location:    /Users/anray/Library/Caches/ms-playwright/chromium-1234
  Download url:        https://cdn.playwright.dev/builds/cft/151.0.7922.34/mac-arm64/chrome-mac-arm64.zip

Chrome Headless Shell 151.0.7922.34 (playwright chromium-headless-shell v1234)
  Install location:    /Users/anray/Library/Caches/ms-playwright/chromium_headless_shell-1234
  Download url:        https://cdn.playwright.dev/builds/cft/151.0.7922.34/mac-arm64/chrome-headless-shell-mac-arm64.zip

Firefox 153.0 (playwright firefox v1538)
  Install location:    /Users/anray/Library/Caches/ms-playwright/firefox-1538
  Download url:        https://cdn.playwright.dev/dbazure/download/playwright/builds/firefox/1538/firefox-mac-arm64.zip
  Download fallback 1: https://playwright.download.prss.microsoft.com/dbazure/download/playwright/builds/firefox/1538/firefox-mac-arm64.zip
  Download fallback 2: https://cdn.playwright.dev/builds/firefox/1538/firefox-mac-arm64.zip

WebKit 26.5 (playwright webkit v2336)
  Install location:    /Users/anray/Library/Caches/ms-playwright/webkit-2336
  Download url:        https://cdn.playwright.dev/dbazure/download/playwright/builds/webkit/2336/webkit-mac-26-arm64.zip
  Download fallback 1: https://playwright.download.prss.microsoft.com/dbazure/download/playwright/builds/webkit/2336/webkit-mac-26-arm64.zip
  Download fallback 2: https://cdn.playwright.dev/builds/webkit/2336/webkit-mac-26-arm64.zip

FFmpeg (playwright ffmpeg v1011)
  Install location:    /Users/anray/Library/Caches/ms-playwright/ffmpeg-1011
  Download url:        https://cdn.playwright.dev/dbazure/download/playwright/builds/ffmpeg/1011/ffmpeg-mac-arm64.zip
  Download fallback 1: https://playwright.download.prss.microsoft.com/dbazure/download/playwright/builds/ffmpeg/1011/ffmpeg-mac-arm64.zip
  Download fallback 2: https://cdn.playwright.dev/builds/ffmpeg/1011/ffmpeg-mac-arm64.zip

