
> @sumalpha/quantos@ check:perf /private/var/folders/k8/_4hymb6j59s0c8xntb11ktmc0000gn/T/quantos-pre06-remediation-xjrygd7p
> node scripts/check-perf-budget.mjs

ok    共享首屏 JS gzip: 139.4KB ≤ 250.0KB
ok    单 chunk gzip: 58.5KB ≤ 200.0KB
ok    CSS gzip: 10.7KB ≤ 60.0KB

各路由首屏 JS gzip（含 polyfills；逐路由门禁）：
ok    route /_not-found/page: 139.6KB ≤ 200.0KB
   139.6KB  /_not-found/page
ok    route /access-request/page: 142.2KB ≤ 200.0KB
   142.2KB  /access-request/page
ok    route /auth/callback/page: 142.7KB ≤ 200.0KB
   142.7KB  /auth/callback/page
ok    route /auth/deep-link/page: 141.7KB ≤ 200.0KB
   141.7KB  /auth/deep-link/page
ok    route /command/page: 165.4KB ≤ 200.0KB
   165.4KB  /command/page
ok    route /layout: 139.6KB ≤ 200.0KB
   139.6KB  /layout
ok    route /login/page: 142.7KB ≤ 200.0KB
   142.7KB  /login/page
ok    route /maintenance/page: 139.6KB ≤ 200.0KB
   139.6KB  /maintenance/page
ok    route /mfa/page: 143.5KB ≤ 200.0KB
   143.5KB  /mfa/page
ok    route /not-found: 139.6KB ≤ 200.0KB
   139.6KB  /not-found
ok    route /offline/page: 141.0KB ≤ 200.0KB
   141.0KB  /offline/page
ok    route /page: 139.6KB ≤ 200.0KB
   139.6KB  /page
ok    route /settings/browser/page: 167.1KB ≤ 200.0KB
   167.1KB  /settings/browser/page
ok    route /settings/notifications/page: 167.1KB ≤ 200.0KB
   167.1KB  /settings/notifications/page
ok    route /settings/profile/page: 167.1KB ≤ 200.0KB
   167.1KB  /settings/profile/page
ok    route /settings/security/page: 167.1KB ≤ 200.0KB
   167.1KB  /settings/security/page
ok    route /unauthorized/page: 141.1KB ≤ 200.0KB
   141.1KB  /unauthorized/page

性能预算校验通过
