
> @sumalpha/quantos@ test:pre06 /private/var/folders/k8/_4hymb6j59s0c8xntb11ktmc0000gn/T/quantos-pre06-remediation-xjrygd7p
> node --test scripts/pre06-gate-negative.mjs scripts/pre06-runtime-negative.mjs

✔ current PRE-06 Web baseline passes (23.266167ms)
✔ website browser Gate deletion is rejected (9.176667ms)
✔ Desktop coupling in phase-one compatibility is rejected (7.559584ms)
✔ Desktop deep-link inclusion in phase-one Terminal is rejected (6.489625ms)
✔ generated operation coverage drift is rejected (5.813292ms)
✔ visual baseline integrity failure is rejected (5.260125ms)
✔ performance budget weakening is rejected (5.173875ms)
✔ disabled CI steps and comment-only commands are rejected (15.678459ms)
✔ contract assertion deletion and visual comparison deletion fail closed (9.531084ms)
✔ website performance and critical coverage gates cannot be removed (9.606708ms)
✔ CI retry policy must reject flaky outcomes and archive failure evidence (8.210708ms)
✔ comments cannot restore weakened budget or critical coverage policy (12.561042ms)
✔ unknown and corrupted fixtures are rejected, explicit sabotage fixtures remain expected failures (26.752792ms)
✔ empty assets and empty route manifest are never a zero-sized performance PASS (28.126125ms)
✔ actual CI configs return nonzero for first-fail-then-pass policy probe (2085.744792ms)
ℹ tests 15
ℹ suites 0
ℹ pass 15
ℹ fail 0
ℹ cancelled 0
ℹ skipped 0
ℹ todo 0
ℹ duration_ms 2188.273041
