
> @sumalpha/quantos@ test:browser /private/var/folders/k8/_4hymb6j59s0c8xntb11ktmc0000gn/T/quantos-pre06-remediation-xjrygd7p
> node scripts/check-pre06.mjs && playwright test --config playwright.config.ts --project=firefox --workers=2 --reporter=list,json --retries=0 --update-snapshots=none

{
  "schema": "quantos-pre06/v1",
  "status": "PASS",
  "bff_operations": 62,
  "bff_schemas": 51,
  "visual_baselines": 24
}

Running 27 tests using 2 workers

  ✓   1 [firefox] › tests/e2e/auth-callback.spec.ts:56:7 › OIDC callback PoC › 跨站 return_to 被消毒回退到 /command (790ms)
  ✓   3 [firefox] › tests/e2e/auth-callback.spec.ts:66:7 › OIDC callback PoC › state 不匹配：不发起 token 交换并显示安全错误 (186ms)
  ✓   2 [firefox] › tests/e2e/auth-callback.spec.ts:40:7 › OIDC callback PoC › 完整流：login → PKCE authorize → callback 交换 → 安全 return path (812ms)
  ✓   4 [firefox] › tests/e2e/auth-callback.spec.ts:78:7 › OIDC callback PoC › IdP 返回 error：不发起交换，错误提示不含敏感细节 (179ms)
  ✓   6 [firefox] › tests/e2e/command.spec.ts:21:7 › Command Center（/command） › 路由可打开且渲染共享壳标记 (203ms)
  ✓   5 [firefox] › tests/e2e/command.spec.ts:13:7 › Command Center（/command） › 静态首屏只渲染守卫状态，不提前泄露 Command 投影 (314ms)
  ✓   7 [firefox] › tests/e2e/command.spec.ts:31:7 › Command Center（/command） › 复用 UI-103 的 freshness、risk 与 connection 领域组件 (188ms)
  ✓   9 [firefox] › tests/e2e/command.spec.ts:47:7 › Command Center（/command） › 优先级筛选与侧栏折叠可交互 (260ms)
  ✓  10 [firefox] › tests/e2e/command.spec.ts:56:7 › Command Center（/command） › 390px 小屏保持只读监控并隐藏高风险入口 (220ms)
  ✓   8 [firefox] › tests/e2e/command.spec.ts:40:7 › Command Center（/command） › axe 无严重/高等级可访问性问题（执行计划 7.1） (809ms)
  ✓  11 [firefox] › tests/e2e/command.spec.ts:66:7 › Command Center（/command） › 视觉基线：1440 深主题 (268ms)
  ✓  13 [firefox] › tests/e2e/ui102-auth.spec.ts:28:7 › UI-102 identity, access and recovery › MFA 成功后只返回消毒后的安全路由 (266ms)
  ✓  12 [firefox] › tests/e2e/ui102-auth.spec.ts:16:7 › UI-102 identity, access and recovery › P01 登录页仅展示安全、审计、Paper/Shadow 三项事实且通过 axe (479ms)
  ✓  15 [firefox] › tests/e2e/ui102-auth.spec.ts:59:7 › UI-102 identity, access and recovery › 访问申请 202 只显示已受理而非权限已开通 (230ms)
  ✓  16 [firefox] › tests/e2e/ui102-auth.spec.ts:73:7 › UI-102 identity, access and recovery › 403 页面与 404 页面使用相同的不可探测资源文案 (207ms)
  ✓  14 [firefox] › tests/e2e/ui102-auth.spec.ts:45:7 › UI-102 identity, access and recovery › MFA 429 文案不泄露账户存在性并展示等待时间 (589ms)
  ✓  17 [firefox] › tests/e2e/ui102-auth.spec.ts:82:7 › UI-102 identity, access and recovery › maintenance 明确禁写，offline 强制只读且不自动提交旧意图 (223ms)
  ✓  18 [firefox] › tests/e2e/ui102-auth.spec.ts:94:7 › UI-102 identity, access and recovery › 390px 与 200% 缩放下认证操作仍可达 (218ms)
  ✓  19 [firefox] › tests/e2e/ui102-auth.spec.ts:104:7 › UI-102 identity, access and recovery › P01 1440 深色视觉基线 (268ms)
  ✓  20 [firefox] › tests/e2e/ui104-settings.spec.ts:8:7 › UI-104 profile, security, notifications and browser settings › P15/P17 routes render the shared settings workspace (378ms)
  ✓  21 [firefox] › tests/e2e/ui104-settings.spec.ts:23:7 › UI-104 profile, security, notifications and browser settings › browser notification denial degrades without blocking in-app alerts (210ms)
  ✓  22 [firefox] › tests/e2e/ui104-settings.spec.ts:30:7 › UI-104 profile, security, notifications and browser settings › scrollable browser download history is keyboard focusable (182ms)
  ✓  24 [firefox] › tests/e2e/ui104-settings.spec.ts:51:7 › UI-104 profile, security, notifications and browser settings › 390px and 200% zoom hide high-risk settings actions without page overflow (205ms)
  ✓  23 [firefox] › tests/e2e/ui104-settings.spec.ts:37:7 › UI-104 profile, security, notifications and browser settings › session revocation requires phrase and six-digit MFA, with cancel focused first (305ms)
  ✓  25 [firefox] › tests/e2e/ui104-settings.spec.ts:62:7 › UI-104 profile, security, notifications and browser settings › offline mode freezes profile and notification writes (184ms)
  ✓  27 [firefox] › tests/e2e/ui104-settings.spec.ts:79:7 › UI-104 profile, security, notifications and browser settings › P15 security and P17 browser 1440 dark visual baselines (427ms)
  ✓  26 [firefox] › tests/e2e/ui104-settings.spec.ts:71:7 › UI-104 profile, security, notifications and browser settings › profile, security and browser pages have no serious or critical axe violations (2.0s)

  27 passed (7.6s)
