
> @sumalpha/terminal@0.1.0 build /private/tmp/f02-repro-cause-20260926/source/apps/terminal
> next build

   ▲ Next.js 15.5.24

   Creating an optimized production build ...
 ✓ Compiled successfully in 1762ms
   Linting and checking validity of types ...

 ⚠ The Next.js plugin was not detected in your ESLint configuration. See https://nextjs.org/docs/app/api-reference/config/eslint#migrating-existing-config
   Collecting page data ...
   Generating static pages (0/17) ...
   Generating static pages (4/17) 
   Generating static pages (8/17) 
   Generating static pages (12/17) 
 ✓ Generating static pages (17/17)
   Finalizing page optimization ...
   Collecting build traces ...
   Exporting (0/2) ...
 ✓ Exporting (2/2)

Route (app)                                 Size  First Load JS
┌ ○ /                                      139 B         103 kB
├ ○ /_not-found                            139 B         103 kB
├ ○ /access-request                      2.78 kB         106 kB
├ ○ /auth/callback                       3.31 kB         106 kB
├ ○ /auth/deep-link                      2.35 kB         105 kB
├ ○ /command                             6.73 kB         127 kB
├ ○ /login                               3.32 kB         106 kB
├ ○ /maintenance                           139 B         103 kB
├ ○ /mfa                                 4.18 kB         107 kB
├ ○ /offline                             1.59 kB         105 kB
├ ○ /settings/browser                      132 B         128 kB
├ ○ /settings/notifications                131 B         128 kB
├ ○ /settings/profile                      132 B         128 kB
├ ○ /settings/security                     132 B         128 kB
└ ○ /unauthorized                        1.74 kB         105 kB
+ First Load JS shared by all             103 kB
  ├ chunks/93-641809efeb57e9b9.js        46.8 kB
  ├ chunks/d35bb0e7-3679ef361d95d4f9.js  54.3 kB
  └ other shared chunks (total)          1.91 kB


○  (Static)  prerendered as static content

