
> @sumalpha/terminal@0.1.0 build /private/tmp/f02-repro-cause-20260926/source/apps/terminal
> next build

   ▲ Next.js 15.5.24

   Creating an optimized production build ...
 ✓ Compiled successfully in 2.0s
   Linting and checking validity of types ...

 ⚠ The Next.js plugin was not detected in your ESLint configuration. See https://nextjs.org/docs/app/api-reference/config/eslint#migrating-existing-config
   Collecting page data ...
   Generating static pages (0/17) ...
   Generating static pages (4/17) 
   Generating static pages (8/17) 
   Generating static pages (12/17) 
 ✓ Generating static pages (17/17)
   Finalizing page optimization ...
   Collecting build traces ...
   Exporting (0/2) ...
 ✓ Exporting (2/2)

Route (app)                                 Size  First Load JS
┌ ○ /                                      133 B         102 kB
├ ○ /_not-found                            133 B         102 kB
├ ○ /access-request                      2.77 kB         105 kB
├ ○ /auth/callback                       3.28 kB         106 kB
├ ○ /auth/deep-link                      2.31 kB         105 kB
├ ○ /command                             6.72 kB         126 kB
├ ○ /login                                3.3 kB         106 kB
├ ○ /maintenance                           133 B         102 kB
├ ○ /mfa                                 4.17 kB         106 kB
├ ○ /offline                             1.58 kB         104 kB
├ ○ /settings/browser                      127 B         128 kB
├ ○ /settings/notifications                126 B         128 kB
├ ○ /settings/profile                      127 B         128 kB
├ ○ /settings/security                     127 B         128 kB
└ ○ /unauthorized                        1.71 kB         104 kB
+ First Load JS shared by all             102 kB
  ├ chunks/93-3b73cb64939b1b64.js        46.2 kB
  ├ chunks/d35bb0e7-37ccc3b5ad12bd12.js  54.2 kB
  └ other shared chunks (total)          1.87 kB


○  (Static)  prerendered as static content

