
> @sumalpha/quantos@ test:fep0 /Users/anray/Documents/project/SumAlpha/QuantOS
> node --test scripts/fep0-development.test.mjs

✔ all eight independently content-bound dependencies admit DEVELOPMENT only (22.929292ms)
✔ engineering aggregation preserves the sole pending user confirmation (14.04475ms)
✔ milestone rejects missing F0 (13.459625ms)
✔ milestone rejects missing PRE (13.804625ms)
✔ milestone rejects duplicate dependency (13.554375ms)
✔ milestone rejects unready F0 (13.154166ms)
✔ milestone rejects manifest bytes replaced (13.341917ms)
✔ milestone rejects digest substituted (12.412625ms)
✔ milestone rejects dependency path substituted (12.873959ms)
✔ milestone rejects dependency verdict substituted (12.820791ms)
✔ milestone rejects self manifest schema (14.2985ms)
✔ milestone rejects normative change (13.68925ms)
✔ milestone rejects source input change (13.164458ms)
✔ milestone rejects unexecuted check (13.334791ms)
✔ milestone rejects missing execution time (12.305958ms)
✔ milestone rejects missing required check (12.531167ms)
✔ milestone rejects duplicate check (12.373417ms)
✔ milestone rejects wrong command (12.50375ms)
✔ milestone rejects log tampering (12.27325ms)
✔ milestone rejects rehashed prose (12.674084ms)
✔ milestone rejects external log path (12.479417ms)
✔ milestone rejects false formal acceptance (12.468708ms)
✔ milestone rejects aggregate claims database run (12.303042ms)
✔ milestone rejects hidden exclusions (12.06375ms)
✔ milestone rejects unresolved functional finding (12.081167ms)
✔ dependency validator is invoked and errors propagate (11.91ms)
✔ fake READY cannot hide changed G0 scope (12.233458ms)
✔ arbitrary existing markdown cannot serve as a milestone receipt (0.0955ms)
✔ own arbitrary digest is rejected independently of dependency status (0.066833ms)
✔ F0 policy contains the six missing nodes and all eleven obligations (12.177291ms)
✔ production schema drift comparator rejects tables (0.139292ms)
✔ production schema drift comparator rejects columns (0.056666ms)
✔ production schema drift comparator rejects constraints (0.043917ms)
✔ production schema drift comparator rejects indexes (0.047958ms)
✔ production schema drift comparator rejects policies (0.041583ms)
✔ production schema drift comparator rejects routines (0.195459ms)
✔ production schema drift comparator rejects triggers (0.037583ms)
✔ 100-task recovery evidence cannot use 10-task diagnostic or accept P95 (1.059375ms)
✔ CI consumes the full milestone engineering validator and its negatives (0.063334ms)
ℹ tests 39
ℹ suites 0
ℹ pass 39
ℹ fail 0
ℹ cancelled 0
ℹ skipped 0
ℹ todo 0
ℹ duration_ms 423.60375
