
> @sumalpha/quantos@ test:fep0 /Users/anray/Documents/project/SumAlpha/QuantOS
> node --test scripts/fep0-development.test.mjs

✔ all eight independently content-bound dependencies admit DEVELOPMENT only (22.836083ms)
✔ engineering aggregation preserves the sole pending user confirmation (14.175ms)
✔ milestone rejects missing F0 (13.318541ms)
✔ milestone rejects missing PRE (13.511125ms)
✔ milestone rejects duplicate dependency (13.204917ms)
✔ milestone rejects unready F0 (12.748875ms)
✔ milestone rejects manifest bytes replaced (12.545375ms)
✔ milestone rejects digest substituted (12.781834ms)
✔ milestone rejects dependency path substituted (14.0525ms)
✔ milestone rejects dependency verdict substituted (13.411083ms)
✔ milestone rejects self manifest schema (14.271959ms)
✔ milestone rejects normative change (13.491833ms)
✔ milestone rejects source input change (13.168458ms)
✔ milestone rejects unexecuted check (13.19ms)
✔ milestone rejects missing execution time (12.280292ms)
✔ milestone rejects missing required check (12.450125ms)
✔ milestone rejects duplicate check (12.113917ms)
✔ milestone rejects wrong command (12.583542ms)
✔ milestone rejects log tampering (12.316125ms)
✔ milestone rejects rehashed prose (12.330667ms)
✔ milestone rejects external log path (12.318083ms)
✔ milestone rejects false formal acceptance (12.034083ms)
✔ milestone rejects aggregate claims database run (12.230625ms)
✔ milestone rejects hidden exclusions (12.101917ms)
✔ milestone rejects unresolved functional finding (11.983042ms)
✔ dependency validator is invoked and errors propagate (12.21775ms)
✔ fake READY cannot hide changed G0 scope (11.892209ms)
✔ arbitrary existing markdown cannot serve as a milestone receipt (0.088334ms)
✔ own arbitrary digest is rejected independently of dependency status (0.063708ms)
✔ F0 policy contains the six missing nodes and all eleven obligations (12.146875ms)
✔ production schema drift comparator rejects tables (0.117625ms)
✔ production schema drift comparator rejects columns (0.052333ms)
✔ production schema drift comparator rejects constraints (0.042833ms)
✔ production schema drift comparator rejects indexes (0.045125ms)
✔ production schema drift comparator rejects policies (0.036084ms)
✔ production schema drift comparator rejects routines (0.030542ms)
✔ production schema drift comparator rejects triggers (0.041541ms)
✔ 100-task recovery evidence cannot use 10-task diagnostic or accept P95 (1.367333ms)
✔ CI consumes the full milestone engineering validator and its negatives (0.064292ms)
ℹ tests 39
ℹ suites 0
ℹ pass 39
ℹ fail 0
ℹ cancelled 0
ℹ skipped 0
ℹ todo 0
ℹ duration_ms 421.2555
