
> @sumalpha/quantos@ test:fep0 /Users/anray/Documents/project/SumAlpha/QuantOS
> node --test scripts/fep0-development.test.mjs

✔ all eight independently content-bound dependencies admit DEVELOPMENT only (28.197958ms)
✔ engineering aggregation preserves the sole pending user confirmation (18.404333ms)
✔ milestone rejects missing F0 (17.287084ms)
✔ milestone rejects missing PRE (16.837708ms)
✔ milestone rejects duplicate dependency (16.297ms)
✔ milestone rejects unready F0 (17.226542ms)
✔ milestone rejects manifest bytes replaced (16.285292ms)
✔ milestone rejects digest substituted (15.480625ms)
✔ milestone rejects dependency path substituted (15.592417ms)
✔ milestone rejects dependency verdict substituted (16.984625ms)
✔ milestone rejects self manifest schema (17.9875ms)
✔ milestone rejects normative change (15.258958ms)
✔ milestone rejects source input change (15.852416ms)
✔ milestone rejects unexecuted check (17.775584ms)
✔ milestone rejects missing execution time (15.472084ms)
✔ milestone rejects missing required check (14.457792ms)
✔ milestone rejects duplicate check (14.409958ms)
✔ milestone rejects wrong command (15.500791ms)
✔ milestone rejects log tampering (15.686042ms)
✔ milestone rejects rehashed prose (15.328667ms)
✔ milestone rejects external log path (14.565625ms)
✔ milestone rejects false formal acceptance (14.510334ms)
✔ milestone rejects aggregate claims database run (15.4995ms)
✔ milestone rejects hidden exclusions (14.105375ms)
✔ milestone rejects unresolved functional finding (15.58825ms)
✔ dependency validator is invoked and errors propagate (15.470833ms)
✔ fake READY cannot hide changed G0 scope (14.836792ms)
✔ arbitrary existing markdown cannot serve as a milestone receipt (0.09675ms)
✔ own arbitrary digest is rejected independently of dependency status (0.068083ms)
✔ F0 policy contains the six missing nodes and all eleven obligations (16.594334ms)
✔ production schema drift comparator rejects tables (0.245167ms)
✔ production schema drift comparator rejects columns (0.108917ms)
✔ production schema drift comparator rejects constraints (0.077208ms)
✔ production schema drift comparator rejects indexes (0.047125ms)
✔ production schema drift comparator rejects policies (0.04175ms)
✔ production schema drift comparator rejects routines (0.035292ms)
✔ production schema drift comparator rejects triggers (0.108084ms)
✔ 100-task recovery evidence cannot use 10-task diagnostic or accept P95 (1.101542ms)
✔ CI consumes the full milestone engineering validator and its negatives (0.092ms)
ℹ tests 39
ℹ suites 0
ℹ pass 39
ℹ fail 0
ℹ cancelled 0
ℹ skipped 0
ℹ todo 0
ℹ duration_ms 521.427542
