
> @sumalpha/quantos@ test:fep0 /Users/anray/Documents/project/SumAlpha/QuantOS
> node --test scripts/fep0-development.test.mjs

✔ all eight independently content-bound dependencies admit DEVELOPMENT only (18.336334ms)
✔ engineering aggregation preserves the sole pending user confirmation (10.0175ms)
✔ milestone rejects missing F0 (9.29125ms)
✔ milestone rejects missing PRE (9.421042ms)
✔ milestone rejects duplicate dependency (10.058375ms)
✔ milestone rejects unready F0 (8.971541ms)
✔ milestone rejects manifest bytes replaced (8.684666ms)
✔ milestone rejects digest substituted (8.274959ms)
✔ milestone rejects dependency path substituted (8.343417ms)
✔ milestone rejects dependency verdict substituted (8.402792ms)
✔ milestone rejects self manifest schema (8.866167ms)
✔ milestone rejects normative change (8.626542ms)
✔ milestone rejects source input change (8.79175ms)
✔ milestone rejects unexecuted check (9.792084ms)
✔ milestone rejects missing execution time (8.820708ms)
✔ milestone rejects missing required check (9.119125ms)
✔ milestone rejects duplicate check (8.698459ms)
✔ milestone rejects wrong command (8.872083ms)
✔ milestone rejects log tampering (8.945083ms)
✔ milestone rejects rehashed prose (8.608291ms)
✔ milestone rejects external log path (8.8105ms)
✔ milestone rejects false formal acceptance (8.946209ms)
✔ milestone rejects aggregate claims database run (8.751959ms)
✔ milestone rejects hidden exclusions (8.519209ms)
✔ milestone rejects unresolved functional finding (8.32075ms)
✔ dependency validator is invoked and errors propagate (8.621667ms)
✔ fake READY cannot hide changed G0 scope (8.659625ms)
✔ arbitrary existing markdown cannot serve as a milestone receipt (0.10425ms)
✔ own arbitrary digest is rejected independently of dependency status (0.08375ms)
✔ F0 policy contains the six missing nodes and all eleven obligations (8.941583ms)
✔ production schema drift comparator rejects tables (0.171833ms)
✔ production schema drift comparator rejects columns (0.07325ms)
✔ production schema drift comparator rejects constraints (0.047666ms)
✔ production schema drift comparator rejects indexes (0.045791ms)
✔ production schema drift comparator rejects policies (0.040709ms)
✔ production schema drift comparator rejects routines (0.034708ms)
✔ production schema drift comparator rejects triggers (0.040125ms)
✔ 100-task recovery evidence cannot use 10-task diagnostic or accept P95 (1.037541ms)
✔ CI consumes the full milestone engineering validator and its negatives (0.083458ms)
ℹ tests 39
ℹ suites 0
ℹ pass 39
ℹ fail 0
ℹ cancelled 0
ℹ skipped 0
ℹ todo 0
ℹ duration_ms 316.383667
