
> @sumalpha/quantos@ test:browser /Users/anray/Documents/project/SumAlpha/QuantOS
> playwright test --config playwright.config.ts --project=chromium


Running 27 tests using 7 workers

  ✓   7 [chromium] › tests/e2e/command.spec.ts:17:7 › Command Center（/command） › 静态首屏只渲染守卫状态，不提前泄露 Command 投影 (17ms)
  ✓   3 [chromium] › tests/e2e/auth-callback.spec.ts:66:7 › OIDC callback PoC › state 不匹配：不发起 token 交换并显示安全错误 (279ms)
  ✓   2 [chromium] › tests/e2e/auth-callback.spec.ts:78:7 › OIDC callback PoC › IdP 返回 error：不发起交换，错误提示不含敏感细节 (289ms)
  ✓   5 [chromium] › tests/e2e/command.spec.ts:35:7 › Command Center（/command） › 复用 UI-103 的 freshness、risk 与 connection 领域组件 (302ms)
  ✓   6 [chromium] › tests/e2e/command.spec.ts:25:7 › Command Center（/command） › 路由可打开且渲染共享壳标记 (309ms)
  ✓   1 [chromium] › tests/e2e/auth-callback.spec.ts:56:7 › OIDC callback PoC › 跨站 return_to 被消毒回退到 /command (511ms)
  ✓   4 [chromium] › tests/e2e/auth-callback.spec.ts:40:7 › OIDC callback PoC › 完整流：login → PKCE authorize → callback 交换 → 安全 return path (488ms)
  ✓  10 [chromium] › tests/e2e/command.spec.ts:60:7 › Command Center（/command） › 390px 小屏保持只读监控并隐藏高风险入口 (238ms)
  ✓   9 [chromium] › tests/e2e/command.spec.ts:51:7 › Command Center（/command） › 优先级筛选与侧栏折叠可交互 (332ms)
  ✓  11 [chromium] › tests/e2e/command.spec.ts:70:7 › Command Center（/command） › 视觉基线：1440 深主题 (429ms)
  ✓  15 [chromium] › tests/e2e/ui102-auth.spec.ts:63:7 › UI-102 identity, access and recovery › 访问申请 202 只显示已受理而非权限已开通 (276ms)
  ✓  14 [chromium] › tests/e2e/ui102-auth.spec.ts:49:7 › UI-102 identity, access and recovery › MFA 429 文案不泄露账户存在性并展示等待时间 (293ms)
  ✓  16 [chromium] › tests/e2e/ui102-auth.spec.ts:77:7 › UI-102 identity, access and recovery › 403 页面与 404 页面使用相同的不可探测资源文案 (194ms)
  ✓  13 [chromium] › tests/e2e/ui102-auth.spec.ts:32:7 › UI-102 identity, access and recovery › MFA 成功后只返回消毒后的安全路由 (335ms)
  ✓  12 [chromium] › tests/e2e/ui102-auth.spec.ts:20:7 › UI-102 identity, access and recovery › P01 登录页仅展示安全、审计、Paper/Shadow 三项事实且通过 axe (572ms)
  ✓  17 [chromium] › tests/e2e/ui102-auth.spec.ts:86:7 › UI-102 identity, access and recovery › maintenance 明确禁写，offline 强制只读且不自动提交旧意图 (201ms)
  ✓   8 [chromium] › tests/e2e/command.spec.ts:44:7 › Command Center（/command） › axe 无严重/高等级可访问性问题（执行计划 7.1） (1.1s)
  ✓  18 [chromium] › tests/e2e/ui102-auth.spec.ts:98:7 › UI-102 identity, access and recovery › 390px 与 200% 缩放下认证操作仍可达 (235ms)
  ✓  21 [chromium] › tests/e2e/ui104-settings.spec.ts:27:7 › UI-104 profile, security, notifications and browser settings › browser notification denial degrades without blocking in-app alerts (200ms)
  ✓  22 [chromium] › tests/e2e/ui104-settings.spec.ts:34:7 › UI-104 profile, security, notifications and browser settings › scrollable browser download history is keyboard focusable (223ms)
  ✓  19 [chromium] › tests/e2e/ui102-auth.spec.ts:108:7 › UI-102 identity, access and recovery › P01 1440 深色视觉基线 (446ms)
  ✓  20 [chromium] › tests/e2e/ui104-settings.spec.ts:12:7 › UI-104 profile, security, notifications and browser settings › P15/P17 routes render the shared settings workspace (456ms)
  ✓  26 [chromium] › tests/e2e/ui104-settings.spec.ts:66:7 › UI-104 profile, security, notifications and browser settings › offline mode freezes profile and notification writes (225ms)
  ✓  23 [chromium] › tests/e2e/ui104-settings.spec.ts:41:7 › UI-104 profile, security, notifications and browser settings › session revocation requires phrase and six-digit MFA, with cancel focused first (383ms)
  ✓  24 [chromium] › tests/e2e/ui104-settings.spec.ts:55:7 › UI-104 profile, security, notifications and browser settings › 390px and 200% zoom hide high-risk settings actions without page overflow (274ms)
  ✓  27 [chromium] › tests/e2e/ui104-settings.spec.ts:83:7 › UI-104 profile, security, notifications and browser settings › P15 security and P17 browser 1440 dark visual baselines (615ms)
  ✓  25 [chromium] › tests/e2e/ui104-settings.spec.ts:75:7 › UI-104 profile, security, notifications and browser settings › profile, security and browser pages have no serious or critical axe violations (1.1s)

  27 passed (3.4s)
