
> @sumalpha/quantos@ test:browser /Users/anray/Documents/project/SumAlpha/QuantOS
> playwright test --config playwright.config.ts --project=firefox --project=webkit


Running 54 tests using 7 workers

  ✓   5 [firefox] › tests/e2e/command.spec.ts:17:7 › Command Center（/command） › 静态首屏只渲染守卫状态，不提前泄露 Command 投影 (53ms)
  ✓   6 [firefox] › tests/e2e/command.spec.ts:35:7 › Command Center（/command） › 复用 UI-103 的 freshness、risk 与 connection 领域组件 (881ms)
  ✓   3 [firefox] › tests/e2e/auth-callback.spec.ts:66:7 › OIDC callback PoC › state 不匹配：不发起 token 交换并显示安全错误 (723ms)
  ✓   9 [firefox] › tests/e2e/command.spec.ts:51:7 › Command Center（/command） › 优先级筛选与侧栏折叠可交互 (539ms)
  ✓  10 [firefox] › tests/e2e/command.spec.ts:60:7 › Command Center（/command） › 390px 小屏保持只读监控并隐藏高风险入口 (479ms)
  -  11 [firefox] › tests/e2e/command.spec.ts:70:7 › Command Center（/command） › 视觉基线：1440 深主题
  ✓   4 [firefox] › tests/e2e/auth-callback.spec.ts:40:7 › OIDC callback PoC › 完整流：login → PKCE authorize → callback 交换 → 安全 return path (1.3s)
  ✓  13 [firefox] › tests/e2e/ui102-auth.spec.ts:32:7 › UI-102 identity, access and recovery › MFA 成功后只返回消毒后的安全路由 (738ms)
  ✓  12 [firefox] › tests/e2e/ui102-auth.spec.ts:20:7 › UI-102 identity, access and recovery › P01 登录页仅展示安全、审计、Paper/Shadow 三项事实且通过 axe (1.2s)
  ✓   7 [firefox] › tests/e2e/command.spec.ts:25:7 › Command Center（/command） › 路由可打开且渲染共享壳标记 (1.6s)
  ✓   8 [firefox] › tests/e2e/command.spec.ts:44:7 › Command Center（/command） › axe 无严重/高等级可访问性问题（执行计划 7.1） (2.4s)
  ✓  15 [firefox] › tests/e2e/ui102-auth.spec.ts:63:7 › UI-102 identity, access and recovery › 访问申请 202 只显示已受理而非权限已开通 (648ms)
  ✓  14 [firefox] › tests/e2e/ui102-auth.spec.ts:49:7 › UI-102 identity, access and recovery › MFA 429 文案不泄露账户存在性并展示等待时间 (897ms)
  ✓  16 [firefox] › tests/e2e/ui102-auth.spec.ts:77:7 › UI-102 identity, access and recovery › 403 页面与 404 页面使用相同的不可探测资源文案 (508ms)
  -  19 [firefox] › tests/e2e/ui102-auth.spec.ts:108:7 › UI-102 identity, access and recovery › P01 1440 深色视觉基线
  ✓  17 [firefox] › tests/e2e/ui102-auth.spec.ts:86:7 › UI-102 identity, access and recovery › maintenance 明确禁写，offline 强制只读且不自动提交旧意图 (620ms)
  ✓  18 [firefox] › tests/e2e/ui102-auth.spec.ts:98:7 › UI-102 identity, access and recovery › 390px 与 200% 缩放下认证操作仍可达 (500ms)
  ✓  21 [firefox] › tests/e2e/ui104-settings.spec.ts:27:7 › UI-104 profile, security, notifications and browser settings › browser notification denial degrades without blocking in-app alerts (378ms)
  ✓   1 [firefox] › tests/e2e/auth-callback.spec.ts:56:7 › OIDC callback PoC › 跨站 return_to 被消毒回退到 /command (1.9s)
  ✓   2 [firefox] › tests/e2e/auth-callback.spec.ts:78:7 › OIDC callback PoC › IdP 返回 error：不发起交换，错误提示不含敏感细节 (1.4s)
  ✓  22 [firefox] › tests/e2e/ui104-settings.spec.ts:34:7 › UI-104 profile, security, notifications and browser settings › scrollable browser download history is keyboard focusable (456ms)
  -  27 [firefox] › tests/e2e/ui104-settings.spec.ts:83:7 › UI-104 profile, security, notifications and browser settings › P15 security and P17 browser 1440 dark visual baselines
  ✓  25 [firefox] › tests/e2e/ui104-settings.spec.ts:66:7 › UI-104 profile, security, notifications and browser settings › offline mode freezes profile and notification writes (417ms)
  ✓  20 [firefox] › tests/e2e/ui104-settings.spec.ts:12:7 › UI-104 profile, security, notifications and browser settings › P15/P17 routes render the shared settings workspace (961ms)
  ✓  24 [firefox] › tests/e2e/ui104-settings.spec.ts:55:7 › UI-104 profile, security, notifications and browser settings › 390px and 200% zoom hide high-risk settings actions without page overflow (547ms)
  ✓  23 [firefox] › tests/e2e/ui104-settings.spec.ts:41:7 › UI-104 profile, security, notifications and browser settings › session revocation requires phrase and six-digit MFA, with cancel focused first (767ms)
  ✓  31 [webkit] › tests/e2e/command.spec.ts:17:7 › Command Center（/command） › 静态首屏只渲染守卫状态，不提前泄露 Command 投影 (19ms)
  ✓  26 [firefox] › tests/e2e/ui104-settings.spec.ts:75:7 › UI-104 profile, security, notifications and browser settings › profile, security and browser pages have no serious or critical axe violations (2.0s)
  ✓  29 [webkit] › tests/e2e/auth-callback.spec.ts:66:7 › OIDC callback PoC › state 不匹配：不发起 token 交换并显示安全错误 (1.1s)
  ✓  33 [webkit] › tests/e2e/command.spec.ts:25:7 › Command Center（/command） › 路由可打开且渲染共享壳标记 (1.2s)
  ✓  30 [webkit] › tests/e2e/auth-callback.spec.ts:78:7 › OIDC callback PoC › IdP 返回 error：不发起交换，错误提示不含敏感细节 (1.2s)
  ✓  32 [webkit] › tests/e2e/command.spec.ts:35:7 › Command Center（/command） › 复用 UI-103 的 freshness、risk 与 connection 领域组件 (1.3s)
  ✓  34 [webkit] › tests/e2e/auth-callback.spec.ts:56:7 › OIDC callback PoC › 跨站 return_to 被消毒回退到 /command (1.7s)
  ✓  28 [webkit] › tests/e2e/auth-callback.spec.ts:40:7 › OIDC callback PoC › 完整流：login → PKCE authorize → callback 交换 → 安全 return path (1.8s)
  ✓  36 [webkit] › tests/e2e/command.spec.ts:60:7 › Command Center（/command） › 390px 小屏保持只读监控并隐藏高风险入口 (622ms)
  ✓  37 [webkit] › tests/e2e/command.spec.ts:51:7 › Command Center（/command） › 优先级筛选与侧栏折叠可交互 (697ms)
  ✓  38 [webkit] › tests/e2e/command.spec.ts:70:7 › Command Center（/command） › 视觉基线：1440 深主题 (760ms)
  ✓  43 [webkit] › tests/e2e/ui102-auth.spec.ts:77:7 › UI-102 identity, access and recovery › 403 页面与 404 页面使用相同的不可探测资源文案 (351ms)
  ✓  39 [webkit] › tests/e2e/ui102-auth.spec.ts:20:7 › UI-102 identity, access and recovery › P01 登录页仅展示安全、审计、Paper/Shadow 三项事实且通过 axe (957ms)
  ✓  35 [webkit] › tests/e2e/command.spec.ts:44:7 › Command Center（/command） › axe 无严重/高等级可访问性问题（执行计划 7.1） (2.4s)
  ✓  40 [webkit] › tests/e2e/ui102-auth.spec.ts:63:7 › UI-102 identity, access and recovery › 访问申请 202 只显示已受理而非权限已开通 (560ms)
  ✓  41 [webkit] › tests/e2e/ui102-auth.spec.ts:32:7 › UI-102 identity, access and recovery › MFA 成功后只返回消毒后的安全路由 (578ms)
  ✓  42 [webkit] › tests/e2e/ui102-auth.spec.ts:49:7 › UI-102 identity, access and recovery › MFA 429 文案不泄露账户存在性并展示等待时间 (615ms)
  -  46 [webkit] › tests/e2e/ui102-auth.spec.ts:108:7 › UI-102 identity, access and recovery › P01 1440 深色视觉基线
  ✓  44 [webkit] › tests/e2e/ui102-auth.spec.ts:86:7 › UI-102 identity, access and recovery › maintenance 明确禁写，offline 强制只读且不自动提交旧意图 (478ms)
  ✓  45 [webkit] › tests/e2e/ui102-auth.spec.ts:98:7 › UI-102 identity, access and recovery › 390px 与 200% 缩放下认证操作仍可达 (405ms)
  ✓  48 [webkit] › tests/e2e/ui104-settings.spec.ts:27:7 › UI-104 profile, security, notifications and browser settings › browser notification denial degrades without blocking in-app alerts (408ms)
  ✓  49 [webkit] › tests/e2e/ui104-settings.spec.ts:34:7 › UI-104 profile, security, notifications and browser settings › scrollable browser download history is keyboard focusable (378ms)
  ✓  50 [webkit] › tests/e2e/ui104-settings.spec.ts:55:7 › UI-104 profile, security, notifications and browser settings › 390px and 200% zoom hide high-risk settings actions without page overflow (475ms)
  -  54 [webkit] › tests/e2e/ui104-settings.spec.ts:83:7 › UI-104 profile, security, notifications and browser settings › P15 security and P17 browser 1440 dark visual baselines
  ✓  52 [webkit] › tests/e2e/ui104-settings.spec.ts:66:7 › UI-104 profile, security, notifications and browser settings › offline mode freezes profile and notification writes (451ms)
  ✓  47 [webkit] › tests/e2e/ui104-settings.spec.ts:12:7 › UI-104 profile, security, notifications and browser settings › P15/P17 routes render the shared settings workspace (748ms)
  ✓  51 [webkit] › tests/e2e/ui104-settings.spec.ts:41:7 › UI-104 profile, security, notifications and browser settings › session revocation requires phrase and six-digit MFA, with cancel focused first (646ms)
  ✓  53 [webkit] › tests/e2e/ui104-settings.spec.ts:75:7 › UI-104 profile, security, notifications and browser settings › profile, security and browser pages have no serious or critical axe violations (1.7s)

  5 skipped
  49 passed (13.9s)
