cargo build --workspace --release --locked
   Compiling proc-macro2 v1.0.107
   Compiling quote v1.0.47
   Compiling unicode-ident v1.0.24
   Compiling libc v0.2.189
   Compiling bytes v1.12.1
   Compiling cfg-if v1.0.4
   Compiling pin-project-lite v0.2.17
   Compiling itoa v1.0.18
   Compiling futures-core v0.3.33
   Compiling once_cell v1.21.4
   Compiling serde_core v1.0.229
   Compiling memchr v2.8.3
   Compiling futures-sink v0.3.33
   Compiling log v0.4.33
   Compiling smallvec v1.15.2
   Compiling autocfg v1.5.1
   Compiling serde v1.0.229
   Compiling slab v0.4.12
   Compiling core-foundation-sys v0.8.7
   Compiling typenum v1.20.1
   Compiling futures-task v0.3.33
   Compiling futures-io v0.3.33
   Compiling percent-encoding v2.3.2
   Compiling rand_core v0.10.1
   Compiling getrandom v0.4.3
   Compiling zmij v1.0.23
   Compiling stable_deref_trait v1.2.1
   Compiling num-traits v0.2.19
   Compiling base64 v0.22.1
   Compiling serde_json v1.0.151
   Compiling rustix v1.1.4
   Compiling futures-channel v0.3.33
   Compiling bitflags v2.13.1
   Compiling tracing-core v0.1.36
   Compiling http v1.4.2
   Compiling iana-time-zone v0.1.65
   Compiling hybrid-array v0.4.13
   Compiling anyhow v1.0.104
   Compiling form_urlencoded v1.2.2
   Compiling cmov v0.5.4
   Compiling shlex v2.0.1
   Compiling tower-service v0.3.3
   Compiling find-msvc-tools v0.1.9
   Compiling version_check v0.9.5
   Compiling http-body v1.1.0
   Compiling block-buffer v0.12.1
   Compiling crypto-common v0.2.2
   Compiling ctutils v0.4.2
   Compiling syn v2.0.119
   Compiling syn v3.0.3
   Compiling const-oid v0.10.2
   Compiling litemap v0.8.2
   Compiling errno v0.3.14
   Compiling socket2 v0.6.5
   Compiling mio v1.2.2
   Compiling jobserver v0.1.35
   Compiling httparse v1.10.1
   Compiling signal-hook-registry v1.4.8
   Compiling equivalent v1.0.2
   Compiling hashbrown v0.17.1
   Compiling writeable v0.6.3
   Compiling cc v1.4.0
   Compiling generic-array v0.14.7
   Compiling dunce v1.0.5
   Compiling icu_normalizer_data v2.2.0
   Compiling fnv v1.0.7
   Compiling pkg-config v0.3.33
   Compiling icu_properties_data v2.2.0
   Compiling utf8_iter v1.0.4
   Compiling indexmap v2.14.0
   Compiling atomic-waker v1.1.2
   Compiling fs_extra v1.3.0
   Compiling try-lock v0.2.5
   Compiling tinyvec_macros v0.1.1
   Compiling digest v0.11.3
   Compiling cmake v0.1.58
   Compiling tinyvec v1.12.0
   Compiling want v0.3.1
   Compiling tower-layer v0.3.3
   Compiling either v1.17.0
   Compiling httpdate v1.0.3
   Compiling security-framework-sys v2.17.0
   Compiling core-foundation v0.10.1
   Compiling unicode-normalization v0.1.25
   Compiling uuid v1.24.0
   Compiling cpufeatures v0.3.0
   Compiling chacha20 v0.10.1
   Compiling sync_wrapper v1.0.2
   Compiling unicode-properties v0.1.4
   Compiling parking_lot_core v0.9.12
   Compiling aws-lc-sys v0.44.0
   Compiling unicode-bidi v0.3.18
   Compiling ipnet v2.12.0
   Compiling rand v0.10.2
   Compiling security-framework v3.7.0
   Compiling sha2 v0.11.0
   Compiling itertools v0.14.0
   Compiling stringprep v0.1.5
   Compiling hmac v0.13.0
   Compiling md-5 v0.11.0
   Compiling objc2-core-foundation v0.3.2
   Compiling byteorder v1.5.0
   Compiling siphasher v1.0.3
   Compiling aws-lc-rs v1.18.0
   Compiling thiserror v2.0.19
   Compiling fallible-iterator v0.2.0
   Compiling scopeguard v1.2.0
   Compiling objc2-system-configuration v0.3.2
   Compiling phf_shared v0.13.1
   Compiling synstructure v0.13.2
   Compiling lock_api v0.4.14
   Compiling postgres-protocol v0.6.12
   Compiling crypto-common v0.1.7
   Compiling block-buffer v0.10.4
   Compiling http-body-util v0.1.4
   Compiling rust_decimal v1.42.1
   Compiling fastrand v2.5.0
   Compiling native-tls v0.2.18
   Compiling zeroize v1.9.0
   Compiling serde_derive v1.0.229
   Compiling async-trait v0.1.91
   Compiling thiserror-impl v2.0.19
   Compiling digest v0.10.7
   Compiling parking_lot v0.12.5
   Compiling phf v0.13.1
   Compiling whoami v2.1.2
   Compiling semver v1.0.28
   Compiling cpufeatures v0.2.17
   Compiling tempfile v3.27.0
   Compiling arrayvec v0.7.8
   Compiling sha2 v0.10.9
   Compiling rustls-pki-types v1.15.1
   Compiling tokio-macros v2.7.1
   Compiling futures-macro v0.3.33
   Compiling zerofrom-derive v0.1.7
   Compiling yoke-derive v0.8.2
   Compiling tracing-attributes v0.1.31
   Compiling zerovec-derive v0.11.3
   Compiling displaydoc v0.2.6
   Compiling tokio v1.53.1
   Compiling futures-util v0.3.33
   Compiling prost-derive v0.13.5
   Compiling rustversion v1.0.23
   Compiling hex v0.4.3
   Compiling rustls v0.23.45
   Compiling zerofrom v0.1.8
   Compiling zerocopy v0.8.55
   Compiling heck v0.5.0
   Compiling untrusted v0.9.0
   Compiling tracing v0.1.44
   Compiling regex-syntax v0.8.11
   Compiling subtle v2.6.1
   Compiling prettyplease v0.2.37
   Compiling prost v0.13.5
   Compiling yoke v0.8.3
   Compiling getrandom v0.2.17
   Compiling mime v0.3.17
   Compiling regex-automata v0.4.16
   Compiling fixedbitset v0.5.7
   Compiling ryu v1.0.23
   Compiling rand_core v0.6.4
   Compiling prost-types v0.13.5
   Compiling petgraph v0.7.1
   Compiling serde_path_to_error v0.1.20
   Compiling itertools v0.13.0
   Compiling indexmap v1.9.3
   Compiling zerovec v0.11.6
   Compiling zerotrie v0.2.4
   Compiling chrono v0.4.45
   Compiling serde_urlencoded v0.7.1
   Compiling matchit v0.7.3
   Compiling multimap v0.10.1
   Compiling axum-core v0.4.5
   Compiling pin-project-internal v1.1.13
   Compiling hashbrown v0.12.3
   Compiling regex v1.13.1
   Compiling tinystr v0.8.3
   Compiling potential_utf v0.1.5
   Compiling prost-build v0.13.5
   Compiling pbjson-build v0.7.0
   Compiling icu_locale_core v2.2.0
   Compiling icu_collections v2.2.0
   Compiling postgres-types v0.2.14
   Compiling quantos-core v0.1.0 (/Users/anray/Documents/project/SumAlpha/QuantOS/crates/quantos-core)
   Compiling pin-project v1.1.13
   Compiling async-stream-impl v0.3.6
   Compiling base64 v0.21.7
   Compiling quantos-policy v0.1.0 (/Users/anray/Documents/project/SumAlpha/QuantOS/crates/quantos-policy)
   Compiling socket2 v0.5.10
   Compiling pbjson v0.7.0
   Compiling icu_provider v2.2.0
   Compiling async-stream v0.3.6
   Compiling utf8parse v0.2.2
   Compiling icu_normalizer v2.2.0
   Compiling icu_properties v2.2.0
   Compiling pbjson-types v0.7.0
   Compiling tokio-util v0.7.19
   Compiling tower v0.5.3
   Compiling tokio-native-tls v0.3.1
   Compiling tokio-stream v0.1.19
   Compiling anstyle-parse v1.0.0
   Compiling colorchoice v1.0.5
   Compiling is_terminal_polyfill v1.70.2
   Compiling anstyle-query v1.1.5
   Compiling anstyle v1.0.14
   Compiling strsim v0.11.1
   Compiling h2 v0.4.16
   Compiling tokio-postgres v0.7.18
   Compiling anstream v1.0.0
   Compiling clap_lex v1.1.0
   Compiling clap_builder v4.6.2
   Compiling idna_adapter v1.2.2
   Compiling clap_derive v4.6.4
   Compiling idna v1.1.0
   Compiling url v2.5.8
   Compiling ppv-lite86 v0.2.21
   Compiling rand_chacha v0.3.1
   Compiling rand v0.8.7
   Compiling tower-http v0.6.11
   Compiling tower v0.4.13
   Compiling postgres-native-tls v0.5.3
   Compiling postgres v0.19.14
   Compiling clap v4.6.4
   Compiling quantos-auth v0.1.0 (/Users/anray/Documents/project/SumAlpha/QuantOS/crates/quantos-auth)
   Compiling quantos-event v0.1.0 (/Users/anray/Documents/project/SumAlpha/QuantOS/crates/quantos-event)
   Compiling quantos-portfolio v0.1.0 (/Users/anray/Documents/project/SumAlpha/QuantOS/crates/quantos-portfolio)
   Compiling hyper v1.11.0
   Compiling quantos-market v0.1.0 (/Users/anray/Documents/project/SumAlpha/QuantOS/crates/quantos-market)
   Compiling hyper-util v0.1.20
   Compiling axum v0.7.9
   Compiling hyper-timeout v0.5.2
   Compiling tonic v0.12.3
   Compiling bff-gateway v0.1.0 (/Users/anray/Documents/project/SumAlpha/QuantOS/services/bff-gateway)
   Compiling quantos-proto v0.1.0 (/Users/anray/Documents/project/SumAlpha/QuantOS/crates/quantos-proto)
   Compiling quantos-engine-manager v0.1.0 (/Users/anray/Documents/project/SumAlpha/QuantOS/crates/quantos-engine-manager)
   Compiling rustls-webpki v0.103.14
   Compiling tokio-rustls v0.26.4
   Compiling rustls-platform-verifier v0.7.0
   Compiling hyper-rustls v0.27.9
   Compiling reqwest v0.13.4
   Compiling quantos-storage v0.1.0 (/Users/anray/Documents/project/SumAlpha/QuantOS/crates/quantos-storage)
   Compiling quantos-runtime v0.1.0 (/Users/anray/Documents/project/SumAlpha/QuantOS/crates/quantos-runtime)
   Compiling quantos-strategy v0.1.0 (/Users/anray/Documents/project/SumAlpha/QuantOS/crates/quantos-strategy)
   Compiling quantos-risk v0.1.0 (/Users/anray/Documents/project/SumAlpha/QuantOS/crates/quantos-risk)
   Compiling quantos-observability v0.1.0 (/Users/anray/Documents/project/SumAlpha/QuantOS/crates/quantos-observability)
   Compiling quantos-execution v0.1.0 (/Users/anray/Documents/project/SumAlpha/QuantOS/crates/quantos-execution)
   Compiling quantos-evidence v0.1.0 (/Users/anray/Documents/project/SumAlpha/QuantOS/crates/quantos-evidence)
   Compiling quantos-reconcile v0.1.0 (/Users/anray/Documents/project/SumAlpha/QuantOS/crates/quantos-reconcile)
   Compiling execution-gateway v0.1.0 (/Users/anray/Documents/project/SumAlpha/QuantOS/services/execution-gateway)
   Compiling capacity-monitor v0.1.0 (/Users/anray/Documents/project/SumAlpha/QuantOS/services/capacity-monitor)
   Compiling replay-cli v0.1.0 (/Users/anray/Documents/project/SumAlpha/QuantOS/services/replay-cli)
   Compiling runtime-gateway v0.1.0 (/Users/anray/Documents/project/SumAlpha/QuantOS/services/runtime-gateway)
   Compiling market-ingestor v0.1.0 (/Users/anray/Documents/project/SumAlpha/QuantOS/services/market-ingestor)
   Compiling portfolio-rebuild v0.1.0 (/Users/anray/Documents/project/SumAlpha/QuantOS/services/portfolio-rebuild)
    Finished `release` profile [optimized] target(s) in 32.50s
pnpm build

> @sumalpha/quantos@ build /Users/anray/Documents/project/SumAlpha/QuantOS
> pnpm -r build

Scope: 7 of 8 workspace projects
packages/config build$ rm -rf dist && tsc --project tsconfig.build.json
packages/ui build$ rm -rf dist && tsc --project tsconfig.build.json
packages/config build: Done
packages/ui build: Done
packages/api-client build$ rm -rf dist && tsc --project tsconfig.build.json
packages/platform build$ rm -rf dist && tsc --project tsconfig.build.json
packages/platform build: Done
packages/api-client build: Done
packages/domain-ui build$ rm -rf dist && tsc --project tsconfig.build.json
apps/website build$ next build
apps/website build:    ▲ Next.js 15.5.24
apps/website build:    Creating an optimized production build ...
packages/domain-ui build: Done
apps/website build:  ✓ Compiled successfully in 1347ms
apps/website build:    Linting and checking validity of types ...
apps/website build:  ⚠ The Next.js plugin was not detected in your ESLint configuration. See https://nextjs.org/docs/app/api-reference/config/eslint#migrating-existing-config
apps/website build:    Collecting page data ...
apps/website build:    Generating static pages (0/12) ...
apps/website build:    Generating static pages (3/12)
apps/website build:    Generating static pages (6/12)
apps/website build:    Generating static pages (9/12)
apps/website build:  ✓ Generating static pages (12/12)
apps/website build:    Finalizing page optimization ...
apps/website build:    Collecting build traces ...
apps/website build:    Exporting (0/2) ...
apps/website build:  ✓ Exporting (2/2)
apps/website build: Route (app)                                 Size  First Load JS
apps/website build: ┌ ○ /                                      139 B         102 kB
apps/website build: ├ ○ /_not-found                            992 B         103 kB
apps/website build: ├ ○ /access-request                      2.32 kB         105 kB
apps/website build: ├ ○ /architecture-security                 139 B         102 kB
apps/website build: ├ ○ /docs                                2.28 kB         105 kB
apps/website build: ├ ○ /login                                 139 B         102 kB
apps/website build: ├ ○ /product                               139 B         102 kB
apps/website build: ├ ○ /robots.txt                            139 B         102 kB
apps/website build: ├ ○ /sitemap.xml                           139 B         102 kB
apps/website build: └ ○ /use-cases                             139 B         102 kB
apps/website build: + First Load JS shared by all             102 kB
apps/website build:   ├ chunks/93-3b73cb64939b1b64.js        46.2 kB
apps/website build:   ├ chunks/d35bb0e7-37ccc3b5ad12bd12.js  54.2 kB
apps/website build:   └ other shared chunks (total)          1.84 kB
apps/website build: ○  (Static)  prerendered as static content
apps/website build: Done
apps/terminal build$ next build
apps/terminal build:    ▲ Next.js 15.5.24
apps/terminal build:    Creating an optimized production build ...
apps/terminal build:  ✓ Compiled successfully in 1593ms
apps/terminal build:    Linting and checking validity of types ...
apps/terminal build:  ⚠ The Next.js plugin was not detected in your ESLint configuration. See https://nextjs.org/docs/app/api-reference/config/eslint#migrating-existing-config
apps/terminal build:    Collecting page data ...
apps/terminal build:    Generating static pages (0/17) ...
apps/terminal build:    Generating static pages (4/17)
apps/terminal build:    Generating static pages (8/17)
apps/terminal build:    Generating static pages (12/17)
apps/terminal build:  ✓ Generating static pages (17/17)
apps/terminal build:    Finalizing page optimization ...
apps/terminal build:    Collecting build traces ...
apps/terminal build:    Exporting (0/2) ...
apps/terminal build:  ✓ Exporting (2/2)
apps/terminal build: Route (app)                                 Size  First Load JS
apps/terminal build: ┌ ○ /                                      133 B         102 kB
apps/terminal build: ├ ○ /_not-found                            133 B         102 kB
apps/terminal build: ├ ○ /access-request                      2.77 kB         105 kB
apps/terminal build: ├ ○ /auth/callback                       3.09 kB         105 kB
apps/terminal build: ├ ○ /auth/deep-link                      2.13 kB         104 kB
apps/terminal build: ├ ○ /command                             6.71 kB         126 kB
apps/terminal build: ├ ○ /login                               3.11 kB         105 kB
apps/terminal build: ├ ○ /maintenance                           133 B         102 kB
apps/terminal build: ├ ○ /mfa                                 3.99 kB         106 kB
apps/terminal build: ├ ○ /offline                             1.58 kB         104 kB
apps/terminal build: ├ ○ /settings/browser                      127 B         128 kB
apps/terminal build: ├ ○ /settings/notifications                126 B         128 kB
apps/terminal build: ├ ○ /settings/profile                      127 B         128 kB
apps/terminal build: ├ ○ /settings/security                     127 B         128 kB
apps/terminal build: └ ○ /unauthorized                        1.71 kB         104 kB
apps/terminal build: + First Load JS shared by all             102 kB
apps/terminal build:   ├ chunks/93-3b73cb64939b1b64.js        46.2 kB
apps/terminal build:   ├ chunks/d35bb0e7-37ccc3b5ad12bd12.js  54.2 kB
apps/terminal build:   └ other shared chunks (total)          1.87 kB
apps/terminal build: ○  (Static)  prerendered as static content
apps/terminal build: Done
/Library/Developer/CommandLineTools/usr/bin/make build-python sbom
uv sync --locked --project engines --all-packages --all-groups
Resolved 52 packages in 1ms
Audited 50 packages in 0.30ms
uv build --project engines --python engines/.venv/bin/python --all-packages --wheel --no-build-isolation --out-dir artifacts/python
[quantos-engine-sdk] Building wheel...
[quantos-llmquant] Building wheel...
[quantos-mock-engine] Building wheel...
[quantos-openbb-adapter] Building wheel...
[quantos-rd-agent] Building wheel...
[quantos-strategy-lab] Building wheel...
[quantos-trading-agents] Building wheel...
[quantos-vibe-adapter] Building wheel...
Successfully built artifacts/python/quantos_engine_sdk-0.1.0-py3-none-any.whl
Successfully built artifacts/python/quantos_llmquant-0.1.0-py3-none-any.whl
Successfully built artifacts/python/quantos_mock_engine-0.1.0-py3-none-any.whl
Successfully built artifacts/python/quantos_openbb_adapter-0.1.0-py3-none-any.whl
Successfully built artifacts/python/quantos_rd_agent-0.1.0-py3-none-any.whl
Successfully built artifacts/python/quantos_strategy_lab-0.1.0-py3-none-any.whl
Successfully built artifacts/python/quantos_trading_agents-0.1.0-py3-none-any.whl
Successfully built artifacts/python/quantos_vibe_adapter-0.1.0-py3-none-any.whl
bash ./scripts/generate-sbom.sh
Generated SPDX SBOM with 1125 locked packages at artifacts/sbom/quantos.spdx.json.
node scripts/package-release.mjs
Packaged all Rust, Python and phase-one Web outputs
/Library/Developer/CommandLineTools/usr/bin/make build-manifest
node ./scripts/generate-build-manifest.mjs --output artifacts/release/manifest.json
Wrote build manifest to artifacts/release/manifest.json.
