✔ formal gate rejects zero, one, two and noninteger runs (0.411333ms)
✔ all binaries participate in digest and omitted binary fails (3.107958ms)
✔ extra binary, missing wheel and stale/empty Web cannot pass output inventory (2.432709ms)
✔ manifest inventory cannot omit or add members (0.0615ms)
✔ dirty and untracked source rejected (63.607375ms)
✔ deleted module README is rejected (2.5295ms)
✔ wrong uv version fails toolchain preflight (18.241709ms)
✔ invalid locks fail real lock entrypoint (67.023417ms)
✔ Terminal default lint rejects a page TSX violation (2428.579167ms)
✔ invalid run revokes old successful receipt (27.756042ms)
✔ Cargo manifest drift is rejected by actual lock gate (2694.693542ms)
✔ uv manifest drift is rejected by actual lock gate (3150.799834ms)
✔ pnpm manifest drift is rejected by actual lock gate (4558.79875ms)
✔ malformed Buf lock is rejected by actual lock gate (2159.06675ms)
✔ broken Desktop is outside phase-one pnpm frozen check (1885.074375ms)
✔ uv output marker is metadata, other unexpected files still fail (2.190333ms)
✔ build-only tool is required in output inventory without becoming a runtime binary (2.013084ms)
✔ pnpm frozen check rejects missing or changed patch bytes (3749.42ms)
✔ pnpm patch cannot read outside the repository (139.272375ms)
ℹ tests 19
ℹ suites 0
ℹ pass 19
ℹ fail 0
ℹ cancelled 0
ℹ skipped 0
ℹ todo 0
ℹ duration_ms 20991.291333
