node --test scripts/f02-gate-negative.mjs scripts/f02-a11-gate-negative.mjs scripts/playwright-git-history.test.mjs scripts/storage-fixture.test.cjs scripts/f02-development-database.test.cjs
✔ complete Linux matrix passes; deletion and pixel tampering fail (408.193792ms)
✔ acceptance never updates snapshots or skips missing snapshots (1.4995ms)
✔ only main signing and verification jobs receive the signing environment (8.91325ms)
✔ signing policy rejects missing protection, wildcards, tags and extra branches (0.19825ms)
✔ candidate import rejects tampering and stale source before writing, then imports the reviewed matrix (378.072125ms)
✔ required download check rejects skipped or failed event-specific verification (22.734834ms)
✔ PR receipts bind the checked out head while main signing stays on the event SHA (3.540458ms)
✔ successful checks publish only after all seven negatives, independent read-only verification and close (9.840166ms)
✔ an idle error after mutation is handled, no SQL is replayed and independent cleanup cannot convert FAIL to PASS (1.421875ms)
✔ initial known transport failure closes the failed connection before a fresh connection, preserving bootstrap (2.527917ms)
✔ 28P01 initial failure never retries (1.024125ms)
✔ 42501 initial failure never retries (0.894834ms)
✔ CERT_HAS_EXPIRED initial failure never retries (1.034375ms)
✔ configuration failure overwrites historic PASS with current-source FAIL (0.598666ms)
✔ cleanup catalog mismatch fails even after seven successful checks (2.170125ms)
✔ failed primary close preserves its error and cannot publish success after read-only verification (2.214292ms)
✔ a mutation that does not affect schema is rejected (1.627458ms)
✔ strict artifact acceptance rejects stale success, unclosed sessions, missing bootstrap and post-SQL errors (6.403917ms)
Verified 2 release files for aaaaaaaaaaaaaaaaaaaaaaaaaaaaaaaaaaaaaaaa
Verified 2 release files for aaaaaaaaaaaaaaaaaaaaaaaaaaaaaaaaaaaaaaaa
✔ real Gitleaks positive control and GitHub/Slack leaks (1658.594167ms)
✔ historical digest exceptions do not waive fresh credentials in audit JSON (1140.685667ms)
✔ RLS baseline rejects policy deletion and late disabling with recovery (175.886917ms)
✔ RLS preflight recognizes the actual ten-table A2 migration and rejects incomplete loops (135.592292ms)
✔ RLS preflight expands audit export permissions without treating grants as RLS (136.521917ms)
✔ RLS literal loops preserve late disabling, NO FORCE and policy deletion (133.434875ms)
✔ RLS preflight cannot count conditional loops, comments, literals or function bodies as execution (151.849375ms)
✔ quoted SQL examples inside expanded policy expressions cannot enable RLS (22.988917ms)
✔ migration filename control, rejection and recovery (19.971042ms)
✔ waivers only authorize exact advisory/ecosystem/package/version before expiry (1.328ms)
✔ license expression policy does not globally allow LGPL or unknown licenses (0.665625ms)
✔ release binds complete payload and SBOM to source; rejects corruption and build-only native files (3.916584ms)
✔ Buf compares against distinct historical source and detects removed fields (629.587334ms)
✔ SCA scanner adapter consumes exact waivers and never waives scanner failures (1395.81975ms)
✔ Playwright PR reporting preserves complete history for downstream security scans (1677.288459ms)
✔ all bucket migration INSERT columns exist in the shared CI fixture (0.393ms)
﹣ PostgreSQL compiles bucket migrations and preserves private export limits (0.046875ms) # SKIP
ℹ tests 35
ℹ suites 0
ℹ pass 34
ℹ fail 0
ℹ cancelled 0
ℹ skipped 1
ℹ todo 0
ℹ duration_ms 5650.893584
