✔ development COMPLETED does not accept the current F06 review (0.703834ms)
✔ ACCEPTED with any open finding remains blocked (0.157333ms)
✔ all closed findings require a same-SHA complete receipt (0.907541ms)
✔ missing or duplicate review markers fail closed (0.162208ms)
✔ archived closure records must be present, complete and unique (0.295583ms)
✔ duplicate F06 task or engineering summaries fail closed (0.197042ms)
✔ all eight registered fixtures retire by exact identity without deleting facts (1.833834ms)
✔ wrong tenant ownership stops before any mutation (0.309083ms)
✔ remaining active actor rejects cleanup success (0.462292ms)
✔ post-SQL disconnect is recorded and no mutation replays (0.188333ms)
✔ duplicate or wrong-run fixture inventory never opens a connection (0.320375ms)
✔ admission rejects partial inventory, unclosed connection, active sessions and missing cleanup (0.927875ms)
✔ command entrypoint retains initial failure, then executes SQL once with verified TLS (1.53775ms)
✔ transport closure after first SQL never reconnects or replays the statement (0.195458ms)
✔ persistent initial closure fails after three closed clients without any SQL (0.180667ms)
✔ authentication initial failure is not retried (0.165708ms)
✔ permission initial failure is not retried (0.148375ms)
✔ TLS initial failure is not retried (0.115708ms)
✔ default and bounded remote development transport budgets (0.371333ms)
✔ unbounded, fractional and malformed budgets fail closed (0.131625ms)
✔ functional database budget records elapsed time and preserves all command arguments (0.569958ms)
✔ timeout remains a failed null exit with its signal and safe error code, without retry (0.126834ms)
✔ existing HTTP/service command budget is unchanged (0.057ms)
✔ two closed initial connections are retained, closed, then the third succeeds before any statement (0.588667ms)
✔ persistent closure fails after three and retains every failure (0.826666ms)
✔ auth bootstrap failure never retries (0.106375ms)
✔ permission bootstrap failure never retries (0.092ms)
✔ TLS bootstrap failure never retries (0.064166ms)
✔ cancel bootstrap failure never retries (0.052958ms)
✔ unknown bootstrap failure never retries (0.058917ms)
✔ initial transport timeout retries but a later query error never reconnects (0.095875ms)
✔ failure to close an initial connection prevents retry (0.215917ms)
✔ budget cannot exceed three (0.194916ms)
✔ acceptance rejects missing, unfinished, reordered, semantic or unclosed attempts (3.110291ms)
✔ evidence-save failure closes the connected client and never reconnects (0.097083ms)
✔ initialization after the old 20s loop can pass only with an exact readiness response (1.606708ms)
✔ a never-ready service exhausts one bounded wall-clock budget (1.629833ms)
✔ response after deadline cannot grant readiness (0.120542ms)
✔ exited or killed services fail without waiting or probing (0.096459ms)
✔ connection failures and wrong successful HTTP status cannot pass (2.594875ms)
✔ invalid or unbounded startup budgets reject (0.107916ms)
✔ process exit during a successful probe cannot grant readiness (0.062417ms)
ℹ tests 42
ℹ suites 0
ℹ pass 42
ℹ fail 0
ℹ cancelled 0
ℹ skipped 0
ℹ todo 0
ℹ duration_ms 50.232916
