QUANTOS_F07_RECOVERY_DIAGNOSTIC=1 node scripts/f07-db-gate.cjs
Skipping already applied migration: 20260727000000_initial_platform_baseline.sql
Skipping already applied migration: 20260728010000_event_storage_audit_ledger.sql
Skipping already applied migration: 20260730090000_f05_polling_consumer_alignment.sql
Skipping already applied migration: 20260730110000_auth_policy_context.sql
Skipping already applied migration: 20260730130000_runtime_workflows.sql
Skipping already applied migration: 20260731100000_data_snapshots_and_quality_gate.sql
Skipping already applied migration: 20260801090000_strategy_drafts.sql
Skipping already applied migration: 20260801100000_strategy_releases.sql
Skipping already applied migration: 20260801110000_portfolio_projection.sql
Skipping already applied migration: 20260801120000_execution_secret_zone.sql
Skipping already applied migration: 20260808150000_f0_gate_hardening.sql
Skipping already applied migration: 20260811120000_f09_operational_metrics.sql
Skipping already applied migration: 20260811130000_f09_metric_ingest_function.sql
Skipping already applied migration: 20260916140000_r02_snapshot_immutability.sql
Skipping already applied migration: 20260921090000_f05_ledger_integrity_and_replay.sql
Skipping already applied migration: 20260924090000_f06_identity_boundary.sql
Skipping already applied migration: 20260924091000_f06_vault_boundary.sql
Skipping already applied migration: 20260924092000_f06_vault_column_fix.sql
Skipping already applied migration: 20260924093000_f06_application_roles.sql
Skipping already applied migration: 20260924094000_f06_bff_sessions.sql
Skipping already applied migration: 20260924095000_f06_auth_read_indexes.sql
Skipping already applied migration: 20260924100000_f06_capability_mode_required.sql
Skipping already applied migration: 20260924101000_f06_bff_mfa_state.sql
Skipping already applied migration: 20260924102000_f07_runtime_hardening.sql
Skipping already applied migration: 20260924103000_f07_artifact_binding_cascade.sql
Skipping already applied migration: 20260924110000_f07_atomic_schedule.sql
Skipping already applied migration: 20260925100000_f06_command_bound_vault.sql
Skipping already applied migration: 20260925110000_f06_execution_capability_account_required.sql
Skipping already applied migration: 20260925120000_f07_actor_identity_uniqueness.sql
Skipping already applied migration: 20260925121000_f07_artifact_bucket.sql
Skipping already applied migration: 20260927090000_f09_metric_quality.sql
Skipping already applied migration: 20260927091000_f09_runtime_storage_metric.sql
Skipping already applied migration: 20260927092000_f09_runtime_metric_returning.sql
Skipping already applied migration: 20260927093000_f09_execution_metric_returning.sql
Skipping already applied migration: 20261002090000_r01_atomic_source_receipt.sql
Skipping already applied migration: 20261002100000_r01_atomic_ingest_function.sql
Skipping already applied migration: 20261002110000_r01_receipt_immutability.sql
Skipping already applied migration: 20261003090000_bff_a2_identity_settings.sql
Skipping already applied migration: 20261003120000_r01_binance_cursor.sql
Skipping already applied migration: 20261006100000_bff_audit_exports.sql
Skipping already applied migration: 20261006110000_bff_audit_scope_indexes.sql
Skipping already applied migration: 20261006120000_bff_domain_audit_read_model.sql
Skipping already applied migration: 20261006130000_bff_settings_audit_bridge.sql
Skipping already applied migration: 20261006140000_bff_audit_causal_roots.sql
Skipping already applied migration: 20261007180000_r02_snapshot_boundaries.sql
Skipping already applied migration: 20261007181000_r02_snapshot_lineage_alias.sql
Skipping already applied migration: 20261007182000_r02_writer_role_set_option.sql
Skipping already applied migration: 20261007183000_r02_reference_read_guard.sql
Skipping already applied migration: 20261007184000_r02_canonical_read_guard.sql
Skipping already applied migration: 20261007185000_r02_recovery_deny_policy.sql
Skipping already applied migration: 20261007190000_r02_writer_no_inherit.sql
Skipping already applied migration: 20261008090000_f07_audit_append_sequence.sql
Remote RLS checks passed for quantos schema.

running 1 test
test postgres_runtime_recovers_one_hundred_runs_without_duplicate_artifacts has been running for over 60 seconds
test postgres_runtime_recovers_one_hundred_runs_without_duplicate_artifacts ... ok

test result: ok. 1 passed; 0 failed; 0 ignored; 0 measured; 4 filtered out; finished in 475.64s

{"retiredRuns":0,"disabledTools":0}
{"schema":"quantos-f07-fixture-retirement/v1","retainedAuditTenants":346,"retainedTestUsers":596,"pendingRuns":0}
   Compiling quantos-proto v0.1.0 (/Users/anray/Documents/project/SumAlpha/QuantOS/crates/quantos-proto)
   Compiling quantos-engine-manager v0.1.0 (/Users/anray/Documents/project/SumAlpha/QuantOS/crates/quantos-engine-manager)
   Compiling quantos-storage v0.1.0 (/Users/anray/Documents/project/SumAlpha/QuantOS/crates/quantos-storage)
   Compiling quantos-runtime v0.1.0 (/Users/anray/Documents/project/SumAlpha/QuantOS/crates/quantos-runtime)
    Finished `test` profile [unoptimized + debuginfo] target(s) in 6.17s
     Running tests/postgres_runtime.rs (target/debug/deps/postgres_runtime-642f5935cdf56023)
runtime schedule direct PostgreSQL P95: 1337.73 ms (limit: 200 ms, samples: 100)
