✔ completed command records diagnostic and redacts configured secret split across chunks (34.583167ms)
✔ deadline kills an actual owned grandchild, preserves FAIL and logs (1507.677583ms)
✔ successful leader with detached lifetime descendant is FAIL even after cleanup (138.892209ms)
✔ spawn failure and evidence-write failure cannot become success (2.852334ms)
✔ explicit cancellation cleans its group and never passes (103.025167ms)
✔ interleaved stderr cannot break secret redaction (41.797417ms)
✔ output limit is bounded failure without partial secret chunks (23.882958ms)
✔ normal completion without sensitive output remains PASS with closed process group (21.928458ms)
✔ F09 admission requires command supervision and immutable owned cleanup proofs (5.729791ms)
✔ three exact owned actors retire while immutable event facts remain (1.323083ms)
✔ ownership mismatch refuses mutation (1.957875ms)
✔ post-SQL reset is FAIL with no replay (0.187333ms)
✔ active actors and changed event facts fail retirement (0.825333ms)
✔ wrong run and duplicate actors never connect (0.595583ms)
✔ empty fixture inventory cannot admit successful F09 (0.123875ms)
✔ partial, open, changed and active cleanup receipts fail admission (0.449375ms)
✔ later A2 migration does not make a complete F09 ledger stale (0.375917ms)
✔ missing target migration fails closed (0.178084ms)
✔ changed applied SQL checksum fails closed (0.081208ms)
✔ missing F09 prerequisite fails even if remaining ledger matches (0.059208ms)
✔ F09 rule semantics match the development-plan thresholds (0.728208ms)
✔ unchanged rule IDs cannot hide threshold, duration, count or severity drift (0.782708ms)
ℹ tests 22
ℹ suites 0
ℹ pass 22
ℹ fail 0
ℹ cancelled 0
ℹ skipped 0
ℹ todo 0
ℹ duration_ms 1908.59425
