✔ all eight independently content-bound dependencies admit DEVELOPMENT only (24.774583ms)
✔ engineering aggregation preserves the sole pending user confirmation (15.118833ms)
✔ milestone rejects missing F0 (13.62575ms)
✔ milestone rejects missing PRE (14.055791ms)
✔ milestone rejects duplicate dependency (13.767583ms)
✔ milestone rejects unready F0 (13.3225ms)
✔ milestone rejects manifest bytes replaced (13.397292ms)
✔ milestone rejects digest substituted (12.580625ms)
✔ milestone rejects dependency path substituted (13.232292ms)
✔ milestone rejects dependency verdict substituted (14.255459ms)
✔ milestone rejects self manifest schema (13.85225ms)
✔ milestone rejects normative change (14.125667ms)
✔ milestone rejects source input change (13.832542ms)
✔ milestone rejects unexecuted check (13.351625ms)
✔ milestone rejects missing execution time (13.184208ms)
✔ milestone rejects missing required check (12.9445ms)
✔ milestone rejects duplicate check (13.014417ms)
✔ milestone rejects wrong command (12.940625ms)
✔ milestone rejects log tampering (12.849667ms)
✔ milestone rejects rehashed prose (13.251416ms)
✔ milestone rejects external log path (12.586583ms)
✔ milestone rejects false formal acceptance (12.8145ms)
✔ milestone rejects aggregate claims database run (12.925584ms)
✔ milestone rejects hidden exclusions (12.695458ms)
✔ milestone rejects unresolved functional finding (12.622666ms)
✔ dependency validator is invoked and errors propagate (12.426166ms)
✔ fake READY cannot hide changed G0 scope (12.762417ms)
✔ arbitrary existing markdown cannot serve as a milestone receipt (0.092208ms)
✔ own arbitrary digest is rejected independently of dependency status (0.069084ms)
✔ F0 policy contains the six missing nodes and all eleven obligations (12.5675ms)
✔ production schema drift comparator rejects tables (0.108625ms)
✔ production schema drift comparator rejects columns (0.053834ms)
✔ production schema drift comparator rejects constraints (0.054625ms)
✔ production schema drift comparator rejects indexes (0.04ms)
✔ production schema drift comparator rejects policies (0.035458ms)
✔ production schema drift comparator rejects routines (0.030625ms)
✔ production schema drift comparator rejects triggers (0.043ms)
✔ 100-task recovery evidence cannot use 10-task diagnostic or accept P95 (1.191875ms)
✔ CI validates milestone disposition and preserves strict admission and negatives (5.450125ms)
ℹ tests 39
ℹ suites 0
ℹ pass 39
ℹ fail 0
ℹ cancelled 0
ℹ skipped 0
ℹ todo 0
ℹ duration_ms 448.8055
