
> @sumalpha/quantos@ test:development-plans /Users/anray/Documents/project/SumAlpha/QuantOS
> node --test scripts/development-plan-order-negative.mjs

✔ joint schedule is acyclic and preserves task/status boundaries (16.070375ms)
✔ restoring a complete R1 prerequisite for S2 services creates a rejected cycle (5.277167ms)
✔ research service waiting on its consumer page is rejected (4.694375ms)
✔ historical CORE:R04 to CORE:L04 probe now fails closed (4.524042ms)
✔ an early identity API cannot silently depend on later research services (5.770708ms)
✔ a provider cannot wait for the consumer frontend Gate (4.212583ms)
✔ removing S2 service admission from a core execution task is rejected (4.813291ms)
✔ S2 service Gate cannot omit TP12 advance evaluation (5.118416ms)
✔ I10 cannot drop testnet service admission even if metadata is edited with it (5.459333ms)
✔ a new or existing frontend cannot skip the full provider Gate (5.507667ms)
✔ G5 cannot be marked as closing in I4 before reconciliation (5.741834ms)
✔ moving the G1 block above I1 tasks is rejected (5.354125ms)
✔ milestone cannot omit its last child while retaining a Gate summary (5.231875ms)
✔ prose-only backend dependencies cannot drift from structured prerequisites (5.074334ms)
✔ core closure mapping cannot become an implicit service alias (5.196958ms)
✔ ACCEPTED checkpoint needs SHA and evidence, not only a green word (5.375958ms)
✔ accepted checkpoint evidence must resolve (2.750166ms)
✔ missing checkpoint and unknown dependency fail closed (6.641417ms)
✔ API windows cannot skip their preceding provider checkpoint (5.082375ms)
✔ UI windows cannot skip the preceding reconciliation window (5.146375ms)
✔ Web intake preserves the explicit no-model-review schema (1.73625ms)
✔ missing Web task fields still fail closed (1.465875ms)
✔ both plans must publish exactly the same stage contract (5.751334ms)
✔ changing both plans cannot defer correctness or functional deadlines to release (15.090542ms)
✔ both plans must retain every deferred release obligation (13.441ms)
✔ tasks and checkpoints cannot omit, invent, or misclassify their stage gate (19.454875ms)
✔ release prerequisites cannot block either development or integration (12.153041ms)
✔ release gates cannot skip business closure or inherit the wrong stage (13.661917ms)
✔ historical ACCEPTED and completed tasks do not automatically become READY (11.145ms)
✔ READY needs its own input digest and resolvable evidence (35.76075ms)
✔ unassessed stage gates cannot carry an apparent ready receipt (7.137208ms)
✔ BLOCKED retains failure evidence and digest without being counted as READY (14.67375ms)
✔ a READY chain needs READY prerequisites and its own evidence at every node (19.608ms)
✔ stage readiness never substitutes for formal acceptance evidence (2.654333ms)
✔ release READY requires formal acceptance and all functional prerequisites (8.893458ms)
✔ core intake follows the frontend audit-report format (6.202459ms)
✔ core review summary must be unique and link to audit evidence (8.021459ms)
✔ core shared task fields and existing window must stay consistent (14.708333ms)
ℹ tests 38
ℹ suites 0
ℹ pass 38
ℹ fail 0
ℹ cancelled 0
ℹ skipped 0
ℹ todo 0
ℹ duration_ms 365.948208
[WARN] The "pnpm" field in package.json is no longer read by pnpm. The following keys were ignored: "pnpm.overrides", "pnpm.patchedDependencies". See https://pnpm.io/settings for the new home of each setting.
