Validated 6 pinned Buf plugins and locked generation workflow.
✔ proto generation configuration is pinned and lock-preserving (37.031541ms)
✔ proto generation configuration rejects an unpinned remote plugin (35.850792ms)
✔ proto generation configuration rejects implicit dependency updates (36.419583ms)
ℹ tests 3
ℹ suites 0
ℹ pass 3
ℹ fail 0
ℹ cancelled 0
ℹ skipped 0
ℹ todo 0
ℹ duration_ms 140.19025
Extracted 50 JSON schema documents.
Validated 50 standalone JSON schemas and 11 planned domain schemas.
✔ standalone JSON schema gate passes the complete generated catalog (138.881208ms)
✔ standalone JSON schema gate rejects a missing planned domain schema (49.623166ms)
✔ standalone JSON schema gate rejects an unresolved reference (127.560584ms)
ℹ tests 3
ℹ suites 0
ℹ pass 3
ℹ fail 0
ℹ cancelled 0
ℹ skipped 0
ℹ todo 0
ℹ duration_ms 350.438166
Proto compatibility checked against 3105e0de273e64010297d6a9d1e5509338cd46dd
Proto checks passed.
