✔ A2 admits all 26 APIs only after three strict dependency validations (138.52325ms)
✔ A1 manifest impersonates A2 is rejected (74.767542ms)
✔ child manifest impersonates A2 is rejected (71.996292ms)
✔ formal acceptance is falsely inherited is rejected (69.400709ms)
✔ own failure is rejected (68.74375ms)
✔ residual issue is rejected (68.460042ms)
✔ unsafe evidence directory is rejected (68.321917ms)
✔ missing dependency is rejected (66.867375ms)
✔ dependency not READY is rejected (68.674125ms)
✔ dependency digest changed is rejected (68.380875ms)
✔ dependency bytes substituted is rejected (69.865958ms)
✔ recursive semantic failure is rejected (69.503125ms)
✔ normative input changed is rejected (69.53075ms)
✔ normative plan changed is rejected (70.520333ms)
✔ missing API coverage is rejected (111.374416ms)
✔ duplicated API coverage is rejected (100.829ms)
✔ target receipt substituted is rejected (103.372416ms)
✔ failed target API is rejected (97.415667ms)
✔ all target operations denied is rejected (97.198ms)
✔ planned API counted as implementation is rejected (101.185417ms)
✔ catalog scope omitted is rejected (99.63175ms)
✔ wrong API owner is rejected (97.200083ms)
✔ executed check absent is rejected (96.262709ms)
✔ failed execution is rejected (96.006542ms)
✔ log substituted is rejected (99.615833ms)
✔ negative tests not executed is rejected (96.037792ms)
✔ negative tests failed is rejected (96.418666ms)
✔ mandatory CI removed is rejected (69.185666ms)
✔ mandatory CI disabled is rejected (70.336666ms)
✔ mandatory CI conditional is rejected (71.102208ms)
✔ current Makefile/package/CI invoke the strict A2 checkpoint (0.80175ms)
ℹ tests 31
ℹ suites 0
ℹ pass 31
ℹ fail 0
ℹ cancelled 0
ℹ skipped 0
ℹ todo 0
ℹ duration_ms 2601.466917
