verify	Rebuild isolated databases and test drift and RLS	﻿2026-10-08T10:43:55.9210668Z ##[group]Run make f02-db-check
verify	Rebuild isolated databases and test drift and RLS	2026-10-08T10:43:55.9210984Z ^[[36;1mmake f02-db-check^[[0m
verify	Rebuild isolated databases and test drift and RLS	2026-10-08T10:43:55.9274443Z shell: /usr/bin/bash -e {0}
verify	Rebuild isolated databases and test drift and RLS	2026-10-08T10:43:55.9274708Z env:
verify	Rebuild isolated databases and test drift and RLS	2026-10-08T10:43:55.9274910Z   QUANTOS_SKIP_ENV: 1
verify	Rebuild isolated databases and test drift and RLS	2026-10-08T10:43:55.9275246Z   F02_PG_ADMIN_URL: postgresql://postgres@127.0.0.1:5432/postgres
verify	Rebuild isolated databases and test drift and RLS	2026-10-08T10:43:55.9276024Z   GITLEAKS_BIN: /home/runner/work/QuantOS/QuantOS/artifacts/tools/gitleaks
verify	Rebuild isolated databases and test drift and RLS	2026-10-08T10:43:55.9276507Z   QUANTOS_BFF_BASE: c6e55f67dede46e4d47eec0b7dcfc70bf0f15ab6
verify	Rebuild isolated databases and test drift and RLS	2026-10-08T10:43:55.9276923Z   QUANTOS_PROTO_BASE: c6e55f67dede46e4d47eec0b7dcfc70bf0f15ab6
verify	Rebuild isolated databases and test drift and RLS	2026-10-08T10:43:55.9277332Z   QUANTOS_SOURCE_SHA: 41a3b27af9f19229d549c604b43956354ffeb212
verify	Rebuild isolated databases and test drift and RLS	2026-10-08T10:43:55.9277669Z   CARGO_TERM_COLOR: always
verify	Rebuild isolated databases and test drift and RLS	2026-10-08T10:43:55.9278107Z   NEXT_PUBLIC_QUANTOS_ENV: local-mock
verify	Rebuild isolated databases and test drift and RLS	2026-10-08T10:43:55.9278424Z   NEXT_PUBLIC_SITE_ORIGIN: https://sumalpha.ai
verify	Rebuild isolated databases and test drift and RLS	2026-10-08T10:43:55.9278811Z   NEXT_PUBLIC_QUANTOS_TERMINAL_ORIGIN: http://localhost:3190
verify	Rebuild isolated databases and test drift and RLS	2026-10-08T10:43:55.9279212Z   NEXT_PUBLIC_QUANTOS_BFF_ORIGIN: http://localhost:4010
verify	Rebuild isolated databases and test drift and RLS	2026-10-08T10:43:55.9279630Z   NEXT_PUBLIC_QUANTOS_OIDC_ISSUER: https://mock.idp.local
verify	Rebuild isolated databases and test drift and RLS	2026-10-08T10:43:55.9280025Z   NEXT_PUBLIC_QUANTOS_OIDC_CLIENT_ID: quantos-terminal-ci
verify	Rebuild isolated databases and test drift and RLS	2026-10-08T10:43:55.9280471Z   NEXT_PUBLIC_QUANTOS_OIDC_REDIRECT_URI: http://localhost:3190/auth/callback
verify	Rebuild isolated databases and test drift and RLS	2026-10-08T10:43:55.9280902Z   NEXT_PUBLIC_QUANTOS_DEFAULT_MODE: paper
verify	Rebuild isolated databases and test drift and RLS	2026-10-08T10:43:55.9281217Z   NEXT_PUBLIC_QUANTOS_MOCK_ENABLED: true
verify	Rebuild isolated databases and test drift and RLS	2026-10-08T10:43:55.9281510Z   NEXT_PUBLIC_QUANTOS_OBS_ENABLED: false
verify	Rebuild isolated databases and test drift and RLS	2026-10-08T10:43:55.9281845Z   NEXT_PUBLIC_QUANTOS_FEATURE_ASSISTED_LIVE_TESTNET: off
verify	Rebuild isolated databases and test drift and RLS	2026-10-08T10:43:55.9282176Z   CARGO_HOME: /home/runner/.cargo
verify	Rebuild isolated databases and test drift and RLS	2026-10-08T10:43:55.9282435Z   CARGO_INCREMENTAL: 0
verify	Rebuild isolated databases and test drift and RLS	2026-10-08T10:43:55.9282736Z   pythonLocation: /opt/hostedtoolcache/Python/3.12.10/x64
verify	Rebuild isolated databases and test drift and RLS	2026-10-08T10:43:55.9283171Z   PKG_CONFIG_PATH: /opt/hostedtoolcache/Python/3.12.10/x64/lib/pkgconfig
verify	Rebuild isolated databases and test drift and RLS	2026-10-08T10:43:55.9283611Z   Python_ROOT_DIR: /opt/hostedtoolcache/Python/3.12.10/x64
verify	Rebuild isolated databases and test drift and RLS	2026-10-08T10:43:55.9284008Z   Python2_ROOT_DIR: /opt/hostedtoolcache/Python/3.12.10/x64
verify	Rebuild isolated databases and test drift and RLS	2026-10-08T10:43:55.9284395Z   Python3_ROOT_DIR: /opt/hostedtoolcache/Python/3.12.10/x64
verify	Rebuild isolated databases and test drift and RLS	2026-10-08T10:43:55.9284800Z   LD_LIBRARY_PATH: /opt/hostedtoolcache/Python/3.12.10/x64/lib
verify	Rebuild isolated databases and test drift and RLS	2026-10-08T10:43:55.9285179Z   UV_CACHE_DIR: /home/runner/work/_temp/setup-uv-cache
verify	Rebuild isolated databases and test drift and RLS	2026-10-08T10:43:55.9285787Z ##[endgroup]
verify	Rebuild isolated databases and test drift and RLS	2026-10-08T10:43:55.9387243Z node scripts/f02-db-gate.cjs
verify	Rebuild isolated databases and test drift and RLS	2026-10-08T10:44:01.1112743Z {
verify	Rebuild isolated databases and test drift and RLS	2026-10-08T10:44:01.1113214Z   "status": "PASS",
verify	Rebuild isolated databases and test drift and RLS	2026-10-08T10:44:01.1113626Z   "passed": true,
verify	Rebuild isolated databases and test drift and RLS	2026-10-08T10:44:01.1114154Z   "source": "41a3b27af9f19229d549c604b43956354ffeb212",
verify	Rebuild isolated databases and test drift and RLS	2026-10-08T10:44:01.1114680Z   "dirty": false,
verify	Rebuild isolated databases and test drift and RLS	2026-10-08T10:44:01.1115110Z   "startedAt": "2026-10-08T10:43:56.036Z",
verify	Rebuild isolated databases and test drift and RLS	2026-10-08T10:44:01.1115903Z   "checks": [
verify	Rebuild isolated databases and test drift and RLS	2026-10-08T10:44:01.1116772Z     "cluster-shared snapshot role reuse, unsafe role rejection and transactional fixture cleanup",
verify	Rebuild isolated databases and test drift and RLS	2026-10-08T10:44:01.1117911Z     "reject same database through a differently encoded reference URL",
verify	Rebuild isolated databases and test drift and RLS	2026-10-08T10:44:01.1118989Z     "fresh rebuild, checksum/catalog equality, RLS catalog and replay",
verify	Rebuild isolated databases and test drift and RLS	2026-10-08T10:44:01.1119695Z     "reject disable RLS",
verify	Rebuild isolated databases and test drift and RLS	2026-10-08T10:44:01.1120152Z     "reject remove FORCE",
verify	Rebuild isolated databases and test drift and RLS	2026-10-08T10:44:01.1120634Z     "reject drop policies",
verify	Rebuild isolated databases and test drift and RLS	2026-10-08T10:44:01.1121324Z     "reject column/index drift and changed applied SQL checksum",
verify	Rebuild isolated databases and test drift and RLS	2026-10-08T10:44:01.1122479Z     "two-user/two-tenant read isolation, authenticated writes denied, anonymous reads denied"
verify	Rebuild isolated databases and test drift and RLS	2026-10-08T10:44:01.1123291Z   ],
verify	Rebuild isolated databases and test drift and RLS	2026-10-08T10:44:01.1123722Z   "completedAt": "2026-10-08T10:44:01.110Z"
verify	Rebuild isolated databases and test drift and RLS	2026-10-08T10:44:01.1124228Z }
