verify	Check F02 rejection and recovery paths	﻿2026-10-08T10:44:15.7242124Z ##[group]Run make f02-check
verify	Check F02 rejection and recovery paths	2026-10-08T10:44:15.7242420Z ^[[36;1mmake f02-check^[[0m
verify	Check F02 rejection and recovery paths	2026-10-08T10:44:15.7311598Z shell: /usr/bin/bash -e {0}
verify	Check F02 rejection and recovery paths	2026-10-08T10:44:15.7311907Z env:
verify	Check F02 rejection and recovery paths	2026-10-08T10:44:15.7312148Z   QUANTOS_SKIP_ENV: 1
verify	Check F02 rejection and recovery paths	2026-10-08T10:44:15.7312542Z   F02_PG_ADMIN_URL: postgresql://postgres@127.0.0.1:5432/postgres
verify	Check F02 rejection and recovery paths	2026-10-08T10:44:15.7313113Z   GITLEAKS_BIN: /home/runner/work/QuantOS/QuantOS/artifacts/tools/gitleaks
verify	Check F02 rejection and recovery paths	2026-10-08T10:44:15.7313672Z   QUANTOS_BFF_BASE: c6e55f67dede46e4d47eec0b7dcfc70bf0f15ab6
verify	Check F02 rejection and recovery paths	2026-10-08T10:44:15.7314169Z   QUANTOS_PROTO_BASE: c6e55f67dede46e4d47eec0b7dcfc70bf0f15ab6
verify	Check F02 rejection and recovery paths	2026-10-08T10:44:15.7314844Z   QUANTOS_SOURCE_SHA: 41a3b27af9f19229d549c604b43956354ffeb212
verify	Check F02 rejection and recovery paths	2026-10-08T10:44:15.7315246Z   CARGO_TERM_COLOR: always
verify	Check F02 rejection and recovery paths	2026-10-08T10:44:15.7315800Z   NEXT_PUBLIC_QUANTOS_ENV: local-mock
verify	Check F02 rejection and recovery paths	2026-10-08T10:44:15.7316182Z   NEXT_PUBLIC_SITE_ORIGIN: https://sumalpha.ai
verify	Check F02 rejection and recovery paths	2026-10-08T10:44:15.7316635Z   NEXT_PUBLIC_QUANTOS_TERMINAL_ORIGIN: http://localhost:3190
verify	Check F02 rejection and recovery paths	2026-10-08T10:44:15.7317111Z   NEXT_PUBLIC_QUANTOS_BFF_ORIGIN: http://localhost:4010
verify	Check F02 rejection and recovery paths	2026-10-08T10:44:15.7317616Z   NEXT_PUBLIC_QUANTOS_OIDC_ISSUER: https://mock.idp.local
verify	Check F02 rejection and recovery paths	2026-10-08T10:44:15.7318075Z   NEXT_PUBLIC_QUANTOS_OIDC_CLIENT_ID: quantos-terminal-ci
verify	Check F02 rejection and recovery paths	2026-10-08T10:44:15.7318614Z   NEXT_PUBLIC_QUANTOS_OIDC_REDIRECT_URI: http://localhost:3190/auth/callback
verify	Check F02 rejection and recovery paths	2026-10-08T10:44:15.7319117Z   NEXT_PUBLIC_QUANTOS_DEFAULT_MODE: paper
verify	Check F02 rejection and recovery paths	2026-10-08T10:44:15.7319474Z   NEXT_PUBLIC_QUANTOS_MOCK_ENABLED: true
verify	Check F02 rejection and recovery paths	2026-10-08T10:44:15.7319829Z   NEXT_PUBLIC_QUANTOS_OBS_ENABLED: false
verify	Check F02 rejection and recovery paths	2026-10-08T10:44:15.7320221Z   NEXT_PUBLIC_QUANTOS_FEATURE_ASSISTED_LIVE_TESTNET: off
verify	Check F02 rejection and recovery paths	2026-10-08T10:44:15.7320630Z   CARGO_HOME: /home/runner/.cargo
verify	Check F02 rejection and recovery paths	2026-10-08T10:44:15.7320938Z   CARGO_INCREMENTAL: 0
verify	Check F02 rejection and recovery paths	2026-10-08T10:44:15.7321283Z   pythonLocation: /opt/hostedtoolcache/Python/3.12.10/x64
verify	Check F02 rejection and recovery paths	2026-10-08T10:44:15.7321810Z   PKG_CONFIG_PATH: /opt/hostedtoolcache/Python/3.12.10/x64/lib/pkgconfig
verify	Check F02 rejection and recovery paths	2026-10-08T10:44:15.7322314Z   Python_ROOT_DIR: /opt/hostedtoolcache/Python/3.12.10/x64
verify	Check F02 rejection and recovery paths	2026-10-08T10:44:15.7322710Z   Python2_ROOT_DIR: /opt/hostedtoolcache/Python/3.12.10/x64
verify	Check F02 rejection and recovery paths	2026-10-08T10:44:15.7323095Z   Python3_ROOT_DIR: /opt/hostedtoolcache/Python/3.12.10/x64
verify	Check F02 rejection and recovery paths	2026-10-08T10:44:15.7323480Z   LD_LIBRARY_PATH: /opt/hostedtoolcache/Python/3.12.10/x64/lib
verify	Check F02 rejection and recovery paths	2026-10-08T10:44:15.7323856Z   UV_CACHE_DIR: /home/runner/work/_temp/setup-uv-cache
verify	Check F02 rejection and recovery paths	2026-10-08T10:44:15.7324156Z ##[endgroup]
verify	Check F02 rejection and recovery paths	2026-10-08T10:44:15.7426826Z node --test scripts/f02-gate-negative.mjs scripts/f02-a11-gate-negative.mjs scripts/playwright-git-history.test.mjs scripts/storage-fixture.test.cjs
verify	Check F02 rejection and recovery paths	2026-10-08T10:44:18.5592173Z ✔ complete Linux matrix passes; deletion and pixel tampering fail (1473.360436ms)
verify	Check F02 rejection and recovery paths	2026-10-08T10:44:18.5594115Z ✔ acceptance never updates snapshots or skips missing snapshots (4.693786ms)
verify	Check F02 rejection and recovery paths	2026-10-08T10:44:18.5596241Z ✔ only main signing and verification jobs receive the signing environment (34.191625ms)
verify	Check F02 rejection and recovery paths	2026-10-08T10:44:18.5598128Z ✔ signing policy rejects missing protection, wildcards, tags and extra branches (0.557682ms)
verify	Check F02 rejection and recovery paths	2026-10-08T10:44:18.5600258Z ✔ candidate import rejects tampering and stale source before writing, then imports the reviewed matrix (1053.614162ms)
verify	Check F02 rejection and recovery paths	2026-10-08T10:44:18.5602066Z ✔ required download check rejects skipped or failed event-specific verification (63.689585ms)
verify	Check F02 rejection and recovery paths	2026-10-08T10:44:18.5603290Z ✔ PR receipts bind the checked out head while main signing stays on the event SHA (17.16739ms)
verify	Check F02 rejection and recovery paths	2026-10-08T10:44:23.1780114Z Verified 2 release files for aaaaaaaaaaaaaaaaaaaaaaaaaaaaaaaaaaaaaaaa
verify	Check F02 rejection and recovery paths	2026-10-08T10:44:23.1796285Z Verified 2 release files for aaaaaaaaaaaaaaaaaaaaaaaaaaaaaaaaaaaaaaaa
verify	Check F02 rejection and recovery paths	2026-10-08T10:44:24.4865034Z ✔ real Gitleaks positive control and GitHub/Slack leaks (4143.005616ms)
verify	Check F02 rejection and recovery paths	2026-10-08T10:44:24.4871051Z ✔ historical digest exceptions do not waive fresh credentials in audit JSON (2198.106771ms)
verify	Check F02 rejection and recovery paths	2026-10-08T10:44:24.4873410Z ✔ RLS baseline rejects policy deletion and late disabling with recovery (228.096985ms)
verify	Check F02 rejection and recovery paths	2026-10-08T10:44:24.4875829Z ✔ RLS preflight recognizes the actual ten-table A2 migration and rejects incomplete loops (176.931209ms)
verify	Check F02 rejection and recovery paths	2026-10-08T10:44:24.4878301Z ✔ RLS preflight expands audit export permissions without treating grants as RLS (179.646656ms)
verify	Check F02 rejection and recovery paths	2026-10-08T10:44:24.4880119Z ✔ RLS literal loops preserve late disabling, NO FORCE and policy deletion (171.110296ms)
verify	Check F02 rejection and recovery paths	2026-10-08T10:44:24.4882966Z ✔ RLS preflight cannot count conditional loops, comments, literals or function bodies as execution (195.545464ms)
verify	Check F02 rejection and recovery paths	2026-10-08T10:44:24.4884957Z ✔ quoted SQL examples inside expanded policy expressions cannot enable RLS (29.387065ms)
verify	Check F02 rejection and recovery paths	2026-10-08T10:44:24.4888454Z ✔ migration filename control, rejection and recovery (14.708139ms)
verify	Check F02 rejection and recovery paths	2026-10-08T10:44:24.4896537Z ✔ waivers only authorize exact advisory/ecosystem/package/version before expiry (1.308775ms)
verify	Check F02 rejection and recovery paths	2026-10-08T10:44:24.4898345Z ✔ license expression policy does not globally allow LGPL or unknown licenses (0.873882ms)
verify	Check F02 rejection and recovery paths	2026-10-08T10:44:24.4900302Z ✔ release binds complete payload and SBOM to source; rejects corruption and build-only native files (5.608765ms)
verify	Check F02 rejection and recovery paths	2026-10-08T10:44:24.4902152Z ✔ Buf compares against distinct historical source and detects removed fields (513.765983ms)
verify	Check F02 rejection and recovery paths	2026-10-08T10:44:24.4907514Z ✔ SCA scanner adapter consumes exact waivers and never waives scanner failures (786.755175ms)
verify	Check F02 rejection and recovery paths	2026-10-08T10:44:24.4997966Z ✔ Playwright PR reporting preserves complete history for downstream security scans (4466.061399ms)
verify	Check F02 rejection and recovery paths	2026-10-08T10:44:24.4999599Z ✔ all bucket migration INSERT columns exist in the shared CI fixture (1.502486ms)
verify	Check F02 rejection and recovery paths	2026-10-08T10:44:24.5001033Z ▶ PostgreSQL compiles bucket migrations and preserves private export limits
verify	Check F02 rejection and recovery paths	2026-10-08T10:44:24.5002461Z   ✔ the pre-fix missing column rejects the actual export migration (5.573592ms)
verify	Check F02 rejection and recovery paths	2026-10-08T10:44:24.5003784Z   ✔ all current bucket migrations compile against the shared fixture (3.169819ms)
verify	Check F02 rejection and recovery paths	2026-10-08T10:44:24.5005090Z   ✔ upsert restores privacy and 16 MiB limit and remains idempotent (5.203536ms)
verify	Check F02 rejection and recovery paths	2026-10-08T10:44:24.5006874Z ✔ PostgreSQL compiles bucket migrations and preserves private export limits (52.793514ms)
verify	Check F02 rejection and recovery paths	2026-10-08T10:44:24.5007861Z ℹ tests 27
verify	Check F02 rejection and recovery paths	2026-10-08T10:44:24.5008323Z ℹ suites 0
verify	Check F02 rejection and recovery paths	2026-10-08T10:44:24.5008773Z ℹ pass 27
verify	Check F02 rejection and recovery paths	2026-10-08T10:44:24.5009137Z ℹ fail 0
verify	Check F02 rejection and recovery paths	2026-10-08T10:44:24.5009469Z ℹ cancelled 0
verify	Check F02 rejection and recovery paths	2026-10-08T10:44:24.5009851Z ℹ skipped 0
verify	Check F02 rejection and recovery paths	2026-10-08T10:44:24.5010206Z ℹ todo 0
verify	Check F02 rejection and recovery paths	2026-10-08T10:44:24.5010629Z ℹ duration_ms 8731.011191
