verify	Run F05 disposable PostgreSQL acceptance Gate	﻿2026-10-08T10:44:01.1200581Z ##[group]Run make f05-db-check
verify	Run F05 disposable PostgreSQL acceptance Gate	2026-10-08T10:44:01.1200901Z ^[[36;1mmake f05-db-check^[[0m
verify	Run F05 disposable PostgreSQL acceptance Gate	2026-10-08T10:44:01.1264682Z shell: /usr/bin/bash -e {0}
verify	Run F05 disposable PostgreSQL acceptance Gate	2026-10-08T10:44:01.1264952Z env:
verify	Run F05 disposable PostgreSQL acceptance Gate	2026-10-08T10:44:01.1265152Z   QUANTOS_SKIP_ENV: 1
verify	Run F05 disposable PostgreSQL acceptance Gate	2026-10-08T10:44:01.1265792Z   F02_PG_ADMIN_URL: postgresql://postgres@127.0.0.1:5432/postgres
verify	Run F05 disposable PostgreSQL acceptance Gate	2026-10-08T10:44:01.1266308Z   GITLEAKS_BIN: /home/runner/work/QuantOS/QuantOS/artifacts/tools/gitleaks
verify	Run F05 disposable PostgreSQL acceptance Gate	2026-10-08T10:44:01.1266773Z   QUANTOS_BFF_BASE: c6e55f67dede46e4d47eec0b7dcfc70bf0f15ab6
verify	Run F05 disposable PostgreSQL acceptance Gate	2026-10-08T10:44:01.1267214Z   QUANTOS_PROTO_BASE: c6e55f67dede46e4d47eec0b7dcfc70bf0f15ab6
verify	Run F05 disposable PostgreSQL acceptance Gate	2026-10-08T10:44:01.1267624Z   QUANTOS_SOURCE_SHA: 41a3b27af9f19229d549c604b43956354ffeb212
verify	Run F05 disposable PostgreSQL acceptance Gate	2026-10-08T10:44:01.1300240Z   CARGO_TERM_COLOR: always
verify	Run F05 disposable PostgreSQL acceptance Gate	2026-10-08T10:44:01.1300571Z   NEXT_PUBLIC_QUANTOS_ENV: local-mock
verify	Run F05 disposable PostgreSQL acceptance Gate	2026-10-08T10:44:01.1300907Z   NEXT_PUBLIC_SITE_ORIGIN: https://sumalpha.ai
verify	Run F05 disposable PostgreSQL acceptance Gate	2026-10-08T10:44:01.1301307Z   NEXT_PUBLIC_QUANTOS_TERMINAL_ORIGIN: http://localhost:3190
verify	Run F05 disposable PostgreSQL acceptance Gate	2026-10-08T10:44:01.1301711Z   NEXT_PUBLIC_QUANTOS_BFF_ORIGIN: http://localhost:4010
verify	Run F05 disposable PostgreSQL acceptance Gate	2026-10-08T10:44:01.1302134Z   NEXT_PUBLIC_QUANTOS_OIDC_ISSUER: https://mock.idp.local
verify	Run F05 disposable PostgreSQL acceptance Gate	2026-10-08T10:44:01.1302765Z   NEXT_PUBLIC_QUANTOS_OIDC_CLIENT_ID: quantos-terminal-ci
verify	Run F05 disposable PostgreSQL acceptance Gate	2026-10-08T10:44:01.1303223Z   NEXT_PUBLIC_QUANTOS_OIDC_REDIRECT_URI: http://localhost:3190/auth/callback
verify	Run F05 disposable PostgreSQL acceptance Gate	2026-10-08T10:44:01.1303645Z   NEXT_PUBLIC_QUANTOS_DEFAULT_MODE: paper
verify	Run F05 disposable PostgreSQL acceptance Gate	2026-10-08T10:44:01.1303948Z   NEXT_PUBLIC_QUANTOS_MOCK_ENABLED: true
verify	Run F05 disposable PostgreSQL acceptance Gate	2026-10-08T10:44:01.1304243Z   NEXT_PUBLIC_QUANTOS_OBS_ENABLED: false
verify	Run F05 disposable PostgreSQL acceptance Gate	2026-10-08T10:44:01.1304573Z   NEXT_PUBLIC_QUANTOS_FEATURE_ASSISTED_LIVE_TESTNET: off
verify	Run F05 disposable PostgreSQL acceptance Gate	2026-10-08T10:44:01.1304905Z   CARGO_HOME: /home/runner/.cargo
verify	Run F05 disposable PostgreSQL acceptance Gate	2026-10-08T10:44:01.1305162Z   CARGO_INCREMENTAL: 0
verify	Run F05 disposable PostgreSQL acceptance Gate	2026-10-08T10:44:01.1305736Z   pythonLocation: /opt/hostedtoolcache/Python/3.12.10/x64
verify	Run F05 disposable PostgreSQL acceptance Gate	2026-10-08T10:44:01.1306190Z   PKG_CONFIG_PATH: /opt/hostedtoolcache/Python/3.12.10/x64/lib/pkgconfig
verify	Run F05 disposable PostgreSQL acceptance Gate	2026-10-08T10:44:01.1306628Z   Python_ROOT_DIR: /opt/hostedtoolcache/Python/3.12.10/x64
verify	Run F05 disposable PostgreSQL acceptance Gate	2026-10-08T10:44:01.1307021Z   Python2_ROOT_DIR: /opt/hostedtoolcache/Python/3.12.10/x64
verify	Run F05 disposable PostgreSQL acceptance Gate	2026-10-08T10:44:01.1307404Z   Python3_ROOT_DIR: /opt/hostedtoolcache/Python/3.12.10/x64
verify	Run F05 disposable PostgreSQL acceptance Gate	2026-10-08T10:44:01.1307801Z   LD_LIBRARY_PATH: /opt/hostedtoolcache/Python/3.12.10/x64/lib
verify	Run F05 disposable PostgreSQL acceptance Gate	2026-10-08T10:44:01.1308174Z   UV_CACHE_DIR: /home/runner/work/_temp/setup-uv-cache
verify	Run F05 disposable PostgreSQL acceptance Gate	2026-10-08T10:44:01.1308485Z ##[endgroup]
verify	Run F05 disposable PostgreSQL acceptance Gate	2026-10-08T10:44:01.1427770Z node scripts/f05-db-gate.cjs
verify	Run F05 disposable PostgreSQL acceptance Gate	2026-10-08T10:44:01.5685829Z Applying migration: 20260727000000_initial_platform_baseline.sql
verify	Run F05 disposable PostgreSQL acceptance Gate	2026-10-08T10:44:01.5686870Z Applying migration: 20260728010000_event_storage_audit_ledger.sql
verify	Run F05 disposable PostgreSQL acceptance Gate	2026-10-08T10:44:01.5687772Z Applying migration: 20260730090000_f05_polling_consumer_alignment.sql
verify	Run F05 disposable PostgreSQL acceptance Gate	2026-10-08T10:44:01.5688321Z Applying migration: 20260730110000_auth_policy_context.sql
verify	Run F05 disposable PostgreSQL acceptance Gate	2026-10-08T10:44:01.5688810Z Applying migration: 20260730130000_runtime_workflows.sql
verify	Run F05 disposable PostgreSQL acceptance Gate	2026-10-08T10:44:01.5689333Z Applying migration: 20260731100000_data_snapshots_and_quality_gate.sql
verify	Run F05 disposable PostgreSQL acceptance Gate	2026-10-08T10:44:01.5689854Z Applying migration: 20260801090000_strategy_drafts.sql
verify	Run F05 disposable PostgreSQL acceptance Gate	2026-10-08T10:44:01.5690306Z Applying migration: 20260801100000_strategy_releases.sql
verify	Run F05 disposable PostgreSQL acceptance Gate	2026-10-08T10:44:01.5691047Z Applying migration: 20260801110000_portfolio_projection.sql
verify	Run F05 disposable PostgreSQL acceptance Gate	2026-10-08T10:44:01.5691770Z Applying migration: 20260801120000_execution_secret_zone.sql
verify	Run F05 disposable PostgreSQL acceptance Gate	2026-10-08T10:44:01.5692253Z Applying migration: 20260808150000_f0_gate_hardening.sql
verify	Run F05 disposable PostgreSQL acceptance Gate	2026-10-08T10:44:01.5692740Z Applying migration: 20260811120000_f09_operational_metrics.sql
verify	Run F05 disposable PostgreSQL acceptance Gate	2026-10-08T10:44:01.5693257Z Applying migration: 20260811130000_f09_metric_ingest_function.sql
verify	Run F05 disposable PostgreSQL acceptance Gate	2026-10-08T10:44:01.5693770Z Applying migration: 20260916140000_r02_snapshot_immutability.sql
verify	Run F05 disposable PostgreSQL acceptance Gate	2026-10-08T10:44:01.5694310Z Applying migration: 20260921090000_f05_ledger_integrity_and_replay.sql
verify	Run F05 disposable PostgreSQL acceptance Gate	2026-10-08T10:44:01.5694885Z Applying migration: 20260924090000_f06_identity_boundary.sql
verify	Run F05 disposable PostgreSQL acceptance Gate	2026-10-08T10:44:01.5695732Z Applying migration: 20260924091000_f06_vault_boundary.sql
verify	Run F05 disposable PostgreSQL acceptance Gate	2026-10-08T10:44:01.5696237Z Applying migration: 20260924092000_f06_vault_column_fix.sql
verify	Run F05 disposable PostgreSQL acceptance Gate	2026-10-08T10:44:01.5697003Z Applying migration: 20260924093000_f06_application_roles.sql
verify	Run F05 disposable PostgreSQL acceptance Gate	2026-10-08T10:44:01.5697468Z Applying migration: 20260924094000_f06_bff_sessions.sql
verify	Run F05 disposable PostgreSQL acceptance Gate	2026-10-08T10:44:01.5697912Z Applying migration: 20260924095000_f06_auth_read_indexes.sql
verify	Run F05 disposable PostgreSQL acceptance Gate	2026-10-08T10:44:01.5698407Z Applying migration: 20260924100000_f06_capability_mode_required.sql
verify	Run F05 disposable PostgreSQL acceptance Gate	2026-10-08T10:44:01.5698881Z Applying migration: 20260924101000_f06_bff_mfa_state.sql
verify	Run F05 disposable PostgreSQL acceptance Gate	2026-10-08T10:44:01.5699324Z Applying migration: 20260924102000_f07_runtime_hardening.sql
verify	Run F05 disposable PostgreSQL acceptance Gate	2026-10-08T10:44:01.5699805Z Applying migration: 20260924103000_f07_artifact_binding_cascade.sql
verify	Run F05 disposable PostgreSQL acceptance Gate	2026-10-08T10:44:01.5700284Z Applying migration: 20260924110000_f07_atomic_schedule.sql
verify	Run F05 disposable PostgreSQL acceptance Gate	2026-10-08T10:44:01.5700746Z Applying migration: 20260925100000_f06_command_bound_vault.sql
verify	Run F05 disposable PostgreSQL acceptance Gate	2026-10-08T10:44:01.5701306Z Applying migration: 20260925110000_f06_execution_capability_account_required.sql
verify	Run F05 disposable PostgreSQL acceptance Gate	2026-10-08T10:44:01.5701883Z Applying migration: 20260925120000_f07_actor_identity_uniqueness.sql
verify	Run F05 disposable PostgreSQL acceptance Gate	2026-10-08T10:44:01.5702372Z Applying migration: 20260925121000_f07_artifact_bucket.sql
verify	Run F05 disposable PostgreSQL acceptance Gate	2026-10-08T10:44:01.5703011Z Applying migration: 20260927090000_f09_metric_quality.sql
verify	Run F05 disposable PostgreSQL acceptance Gate	2026-10-08T10:44:01.5703553Z Applying migration: 20260927091000_f09_runtime_storage_metric.sql
verify	Run F05 disposable PostgreSQL acceptance Gate	2026-10-08T10:44:01.5704068Z Applying migration: 20260927092000_f09_runtime_metric_returning.sql
verify	Run F05 disposable PostgreSQL acceptance Gate	2026-10-08T10:44:01.5704603Z Applying migration: 20260927093000_f09_execution_metric_returning.sql
verify	Run F05 disposable PostgreSQL acceptance Gate	2026-10-08T10:44:01.5705121Z Applying migration: 20261002090000_r01_atomic_source_receipt.sql
verify	Run F05 disposable PostgreSQL acceptance Gate	2026-10-08T10:44:01.5705879Z Applying migration: 20261002100000_r01_atomic_ingest_function.sql
verify	Run F05 disposable PostgreSQL acceptance Gate	2026-10-08T10:44:01.5706391Z Applying migration: 20261002110000_r01_receipt_immutability.sql
verify	Run F05 disposable PostgreSQL acceptance Gate	2026-10-08T10:44:01.5706914Z Applying migration: 20261003090000_bff_a2_identity_settings.sql
verify	Run F05 disposable PostgreSQL acceptance Gate	2026-10-08T10:44:01.5707370Z Applying migration: 20261003120000_r01_binance_cursor.sql
verify	Run F05 disposable PostgreSQL acceptance Gate	2026-10-08T10:44:01.5707803Z Applying migration: 20261006100000_bff_audit_exports.sql
verify	Run F05 disposable PostgreSQL acceptance Gate	2026-10-08T10:44:01.5708269Z Applying migration: 20261006110000_bff_audit_scope_indexes.sql
verify	Run F05 disposable PostgreSQL acceptance Gate	2026-10-08T10:44:01.5708763Z Applying migration: 20261006120000_bff_domain_audit_read_model.sql
verify	Run F05 disposable PostgreSQL acceptance Gate	2026-10-08T10:44:01.5709267Z Applying migration: 20261006130000_bff_settings_audit_bridge.sql
verify	Run F05 disposable PostgreSQL acceptance Gate	2026-10-08T10:44:01.5709744Z Applying migration: 20261006140000_bff_audit_causal_roots.sql
verify	Run F05 disposable PostgreSQL acceptance Gate	2026-10-08T10:44:01.5710214Z Applying migration: 20261007180000_r02_snapshot_boundaries.sql
verify	Run F05 disposable PostgreSQL acceptance Gate	2026-10-08T10:44:01.5710693Z Applying migration: 20261007181000_r02_snapshot_lineage_alias.sql
verify	Run F05 disposable PostgreSQL acceptance Gate	2026-10-08T10:44:01.5711184Z Applying migration: 20261007182000_r02_writer_role_set_option.sql
verify	Run F05 disposable PostgreSQL acceptance Gate	2026-10-08T10:44:01.5711665Z Applying migration: 20261007183000_r02_reference_read_guard.sql
verify	Run F05 disposable PostgreSQL acceptance Gate	2026-10-08T10:44:01.5712144Z Applying migration: 20261007184000_r02_canonical_read_guard.sql
verify	Run F05 disposable PostgreSQL acceptance Gate	2026-10-08T10:44:01.5712613Z Applying migration: 20261007185000_r02_recovery_deny_policy.sql
verify	Run F05 disposable PostgreSQL acceptance Gate	2026-10-08T10:44:01.5713080Z Applying migration: 20261007190000_r02_writer_no_inherit.sql
verify	Run F05 disposable PostgreSQL acceptance Gate	2026-10-08T10:44:01.5713563Z Applying migration: 20261008090000_f07_audit_append_sequence.sql
verify	Run F05 disposable PostgreSQL acceptance Gate	2026-10-08T10:44:03.6837622Z Remote RLS checks passed for quantos schema.
verify	Run F05 disposable PostgreSQL acceptance Gate	2026-10-08T10:44:12.3513961Z ^[[1m^[[92m   Compiling^[[0m native-tls v0.2.18
verify	Run F05 disposable PostgreSQL acceptance Gate	2026-10-08T10:44:12.3514291Z 
verify	Run F05 disposable PostgreSQL acceptance Gate	2026-10-08T10:44:12.3514403Z running 11 tests
verify	Run F05 disposable PostgreSQL acceptance Gate	2026-10-08T10:44:12.3514840Z test batched_success_rolls_back_when_either_lease_token_changes ... ok
verify	Run F05 disposable PostgreSQL acceptance Gate	2026-10-08T10:44:12.3515910Z test correlation_queries_are_tenant_scoped_and_append_only_tables_reject_mutation ... ok
verify	Run F05 disposable PostgreSQL acceptance Gate	2026-10-08T10:44:12.3516836Z test postgres_connection_failures_are_closed_for_plain_and_tls_clients ... ok
verify	Run F05 disposable PostgreSQL acceptance Gate	2026-10-08T10:44:12.3517540Z test postgres_inbox_receipt_only_allows_one_side_effect_across_thousand_delivery_attempts ... ok
verify	Run F05 disposable PostgreSQL acceptance Gate	2026-10-08T10:44:12.3518231Z ^[[1m^[[92m   Compiling^[[0m tokio-native-tls v0.3.1
verify	Run F05 disposable PostgreSQL acceptance Gate	2026-10-08T10:44:12.3518692Z ^[[1m^[[92m   Compiling^[[0m postgres-native-tls v0.5.3
verify	Run F05 disposable PostgreSQL acceptance Gate	2026-10-08T10:44:12.3519394Z ^[[1m^[[92m   Compiling^[[0m quantos-event v0.1.0 (/home/runner/work/QuantOS/QuantOS/crates/quantos-event)
verify	Run F05 disposable PostgreSQL acceptance Gate	2026-10-08T10:44:12.3520472Z ^[[1m^[[92m    Finished^[[0m `test` profile [unoptimized + debuginfo] target(s) in 1.46s
verify	Run F05 disposable PostgreSQL acceptance Gate	2026-10-08T10:44:12.3521312Z ^[[1m^[[92m     Running^[[0m tests/postgres_persistence.rs (target/debug/deps/postgres_persistence-579a117a3160a699)
verify	Run F05 disposable PostgreSQL acceptance Gate	2026-10-08T10:44:12.3522055Z test postgres_polling_claims_with_skip_locked_and_recovers_after_lease_expiry ... ok
verify	Run F05 disposable PostgreSQL acceptance Gate	2026-10-08T10:44:12.3522765Z test postgres_polling_worker_compensates_for_realtime_misses_and_replays_by_correlation ... ok
verify	Run F05 disposable PostgreSQL acceptance Gate	2026-10-08T10:44:12.3523445Z test postgres_polling_worker_dead_letters_poison_events_after_retry_budget ... ok
verify	Run F05 disposable PostgreSQL acceptance Gate	2026-10-08T10:44:12.3524092Z test postgres_rejects_invalid_appends_and_recovers_busy_and_duplicate_receipts ... ok
verify	Run F05 disposable PostgreSQL acceptance Gate	2026-10-08T10:44:12.3524738Z test postgres_ten_thousand_event_chain_is_lossless_and_eventually_consistent ... ok
verify	Run F05 disposable PostgreSQL acceptance Gate	2026-10-08T10:44:12.3525281Z test postgres_tls_root_configuration_fails_closed ... ok
verify	Run F05 disposable PostgreSQL acceptance Gate	2026-10-08T10:44:12.3526167Z test stale_outbox_and_inbox_lease_tokens_cannot_commit_after_reclaim ... ok
verify	Run F05 disposable PostgreSQL acceptance Gate	2026-10-08T10:44:12.3526689Z 
verify	Run F05 disposable PostgreSQL acceptance Gate	2026-10-08T10:44:12.3527049Z test result: ok. 11 passed; 0 failed; 0 ignored; 0 measured; 0 filtered out; finished in 7.15s
verify	Run F05 disposable PostgreSQL acceptance Gate	2026-10-08T10:44:12.3527403Z 
verify	Run F05 disposable PostgreSQL acceptance Gate	2026-10-08T10:44:15.6533012Z ^[[1m^[[92m   Compiling^[[0m quantos-storage v0.1.0 (/home/runner/work/QuantOS/QuantOS/crates/quantos-storage)
verify	Run F05 disposable PostgreSQL acceptance Gate	2026-10-08T10:44:15.6533912Z ^[[1m^[[92m    Finished^[[0m `test` profile [unoptimized + debuginfo] target(s) in 3.05s
verify	Run F05 disposable PostgreSQL acceptance Gate	2026-10-08T10:44:15.6534768Z ^[[1m^[[92m     Running^[[0m tests/postgres_persistence.rs (target/debug/deps/postgres_persistence-4d3fffd1c68e98b4)
verify	Run F05 disposable PostgreSQL acceptance Gate	2026-10-08T10:44:15.6535878Z R02_RELEASE_PERFORMANCE_NOT_RUN: development verifies functional reads only
verify	Run F05 disposable PostgreSQL acceptance Gate	2026-10-08T10:44:15.6536363Z 
verify	Run F05 disposable PostgreSQL acceptance Gate	2026-10-08T10:44:15.6536499Z running 1 test
verify	Run F05 disposable PostgreSQL acceptance Gate	2026-10-08T10:44:15.6536937Z test postgres_storage_store_persists_artifacts_and_schema_registry ... ok
verify	Run F05 disposable PostgreSQL acceptance Gate	2026-10-08T10:44:15.6537254Z 
verify	Run F05 disposable PostgreSQL acceptance Gate	2026-10-08T10:44:15.6537610Z test result: ok. 1 passed; 0 failed; 0 ignored; 0 measured; 0 filtered out; finished in 0.19s
verify	Run F05 disposable PostgreSQL acceptance Gate	2026-10-08T10:44:15.6538001Z 
verify	Run F05 disposable PostgreSQL acceptance Gate	2026-10-08T10:44:15.7147980Z {
verify	Run F05 disposable PostgreSQL acceptance Gate	2026-10-08T10:44:15.7148563Z   "schema": "quantos-f05-acceptance/v1",
verify	Run F05 disposable PostgreSQL acceptance Gate	2026-10-08T10:44:15.7149100Z   "status": "PASS",
verify	Run F05 disposable PostgreSQL acceptance Gate	2026-10-08T10:44:15.7149484Z   "passed": true,
verify	Run F05 disposable PostgreSQL acceptance Gate	2026-10-08T10:44:15.7149996Z   "targetClass": "disposable-loopback-postgresql",
verify	Run F05 disposable PostgreSQL acceptance Gate	2026-10-08T10:44:15.7150744Z   "source": "41a3b27af9f19229d549c604b43956354ffeb212",
verify	Run F05 disposable PostgreSQL acceptance Gate	2026-10-08T10:44:15.7151280Z   "dirty": false,
verify	Run F05 disposable PostgreSQL acceptance Gate	2026-10-08T10:44:15.7152215Z   "migrationDigest": "sha256:0f97f8e1c0d2cc36cfd544d371b99400c454498af48cf8c3e4a00969fcdb9c92",
verify	Run F05 disposable PostgreSQL acceptance Gate	2026-10-08T10:44:15.7153260Z   "startedAt": "2026-10-08T10:44:01.233Z",
verify	Run F05 disposable PostgreSQL acceptance Gate	2026-10-08T10:44:15.7153811Z   "acceptance": {
verify	Run F05 disposable PostgreSQL acceptance Gate	2026-10-08T10:44:15.7154281Z     "eventCount": 10000,
verify	Run F05 disposable PostgreSQL acceptance Gate	2026-10-08T10:44:15.7154906Z     "concurrentDeliveryAttempts": 1000,
verify	Run F05 disposable PostgreSQL acceptance Gate	2026-10-08T10:44:15.7155854Z     "correlationLookupBudgetSeconds": 5,
verify	Run F05 disposable PostgreSQL acceptance Gate	2026-10-08T10:44:15.7156475Z     "rlsRoles": [
verify	Run F05 disposable PostgreSQL acceptance Gate	2026-10-08T10:44:15.7156900Z       "anon",
verify	Run F05 disposable PostgreSQL acceptance Gate	2026-10-08T10:44:15.7157400Z       "authenticated",
verify	Run F05 disposable PostgreSQL acceptance Gate	2026-10-08T10:44:15.7157912Z       "service_role"
verify	Run F05 disposable PostgreSQL acceptance Gate	2026-10-08T10:44:15.7158400Z     ],
verify	Run F05 disposable PostgreSQL acceptance Gate	2026-10-08T10:44:15.7158884Z     "storageRoundTrip": "not-applicable"
verify	Run F05 disposable PostgreSQL acceptance Gate	2026-10-08T10:44:15.7159426Z   },
verify	Run F05 disposable PostgreSQL acceptance Gate	2026-10-08T10:44:15.7159808Z   "checks": [
verify	Run F05 disposable PostgreSQL acceptance Gate	2026-10-08T10:44:15.7160339Z     "fresh migration rebuild",
verify	Run F05 disposable PostgreSQL acceptance Gate	2026-10-08T10:44:15.7161037Z     "RLS, FORCE RLS, policy and privileged-path catalog checks",
verify	Run F05 disposable PostgreSQL acceptance Gate	2026-10-08T10:44:15.7162392Z     "fencing, tenant replay, append-only, dead-letter replay, realtime recovery, 1,000 concurrency and 10,000-event consistency",
verify	Run F05 disposable PostgreSQL acceptance Gate	2026-10-08T10:44:15.7163659Z     "PostgreSQL artifact, schema-registry and snapshot persistence"
verify	Run F05 disposable PostgreSQL acceptance Gate	2026-10-08T10:44:15.7164330Z   ],
verify	Run F05 disposable PostgreSQL acceptance Gate	2026-10-08T10:44:15.7164657Z   "measurements": {
verify	Run F05 disposable PostgreSQL acceptance Gate	2026-10-08T10:44:15.7165083Z     "appliedReceipts": 10000,
verify	Run F05 disposable PostgreSQL acceptance Gate	2026-10-08T10:44:15.7165875Z     "checkpointNextSequence": 10001,
verify	Run F05 disposable PostgreSQL acceptance Gate	2026-10-08T10:44:15.7166573Z     "consumerPath": "PgEventStore::poll_outbox_once",
verify	Run F05 disposable PostgreSQL acceptance Gate	2026-10-08T10:44:15.7167570Z     "consumptionMillis": 3658,
verify	Run F05 disposable PostgreSQL acceptance Gate	2026-10-08T10:44:15.7168222Z     "correlationLookupMillis": 169.418095,
verify	Run F05 disposable PostgreSQL acceptance Gate	2026-10-08T10:44:15.7168804Z     "dispatched": 10000,
verify	Run F05 disposable PostgreSQL acceptance Gate	2026-10-08T10:44:15.7169259Z     "eventCount": 10000,
verify	Run F05 disposable PostgreSQL acceptance Gate	2026-10-08T10:44:15.7169873Z     "lookupScope": "complete-client-retrieval",
verify	Run F05 disposable PostgreSQL acceptance Gate	2026-10-08T10:44:15.7170522Z     "uniqueSideEffects": 10000
verify	Run F05 disposable PostgreSQL acceptance Gate	2026-10-08T10:44:15.7170962Z   },
verify	Run F05 disposable PostgreSQL acceptance Gate	2026-10-08T10:44:15.7171416Z   "completedAt": "2026-10-08T10:44:15.714Z"
verify	Run F05 disposable PostgreSQL acceptance Gate	2026-10-08T10:44:15.7171907Z }
