
> @sumalpha/quantos@ test:development-plans /Users/anray/Documents/project/SumAlpha/QuantOS
> node --test scripts/development-plan-order-negative.mjs

✔ joint schedule is acyclic and preserves task/status boundaries (18.921875ms)
✔ restoring a complete R1 prerequisite for S2 services creates a rejected cycle (5.721958ms)
✔ research service waiting on its consumer page is rejected (4.766125ms)
✔ historical CORE:R04 to CORE:L04 probe now fails closed (4.533958ms)
✔ an early identity API cannot silently depend on later research services (6.400625ms)
✔ a provider cannot wait for the consumer frontend Gate (4.838083ms)
✔ removing S2 service admission from a core execution task is rejected (5.319083ms)
✔ S2 service Gate cannot omit TP12 advance evaluation (5.674ms)
✔ I10 cannot drop testnet service admission even if metadata is edited with it (5.934958ms)
✔ a new or existing frontend cannot skip the full provider Gate (5.991291ms)
✔ G5 cannot be marked as closing in I4 before reconciliation (6.136292ms)
✔ moving the G1 block above I1 tasks is rejected (5.184292ms)
✔ milestone cannot omit its last child while retaining a Gate summary (5.59025ms)
✔ prose-only backend dependencies cannot drift from structured prerequisites (5.368833ms)
✔ core closure mapping cannot become an implicit service alias (5.620541ms)
✔ ACCEPTED checkpoint needs SHA and evidence, not only a green word (5.564542ms)
✔ accepted checkpoint evidence must resolve (2.947042ms)
✔ missing checkpoint and unknown dependency fail closed (7.262292ms)
✔ API windows cannot skip their preceding provider checkpoint (5.184ms)
✔ UI windows cannot skip the preceding reconciliation window (5.531541ms)
✔ Web intake preserves the explicit no-model-review schema (1.737625ms)
✔ missing Web task fields still fail closed (1.548042ms)
✔ both plans must publish exactly the same stage contract (5.970708ms)
✔ changing both plans cannot defer correctness or functional deadlines to release (14.782ms)
✔ both plans must retain every deferred release obligation (15.16775ms)
✔ tasks and checkpoints cannot omit, invent, or misclassify their stage gate (21.57125ms)
✔ release prerequisites cannot block either development or integration (12.595166ms)
✔ release gates cannot skip business closure or inherit the wrong stage (15.459083ms)
✔ historical ACCEPTED and completed tasks do not automatically become READY (11.899875ms)
✔ READY needs its own input digest and resolvable evidence (37.694542ms)
✔ unassessed stage gates cannot carry an apparent ready receipt (9.284583ms)
✔ BLOCKED retains failure evidence and digest without being counted as READY (14.948125ms)
✔ a READY chain needs READY prerequisites and its own evidence at every node (20.102334ms)
✔ stage readiness never substitutes for formal acceptance evidence (3.008125ms)
✔ release READY requires formal acceptance and all functional prerequisites (9.446625ms)
✔ core intake follows the frontend audit-report format (6.323167ms)
✔ core review summary must be unique and link to audit evidence (8.234875ms)
✔ core shared task fields and existing window must stay consistent (15.250583ms)
ℹ tests 38
ℹ suites 0
ℹ pass 38
ℹ fail 0
ℹ cancelled 0
ℹ skipped 0
ℹ todo 0
ℹ duration_ms 393.152458
