TAP version 13
# Subtest: complete current evidence passes with all dependencies checked
ok 1 - complete current evidence passes with all dependencies checked
  ---
  duration_ms: 72.196166
  type: 'test'
  ...
# Subtest: own failure is rejected
ok 2 - own failure is rejected
  ---
  duration_ms: 56.749083
  type: 'test'
  ...
# Subtest: residual defect is rejected
ok 3 - residual defect is rejected
  ---
  duration_ms: 56.409042
  type: 'test'
  ...
# Subtest: stale code is rejected
ok 4 - stale code is rejected
  ---
  duration_ms: 54.928542
  type: 'test'
  ...
# Subtest: upstream not READY is rejected
ok 5 - upstream not READY is rejected
  ---
  duration_ms: 55.078333
  type: 'test'
  ...
# Subtest: upstream digest changed is rejected
ok 6 - upstream digest changed is rejected
  ---
  duration_ms: 55.617833
  type: 'test'
  ...
# Subtest: recursive upstream failure is rejected
ok 7 - recursive upstream failure is rejected
  ---
  duration_ms: 60.390959
  type: 'test'
  ...
# Subtest: evidence tampered is rejected
ok 8 - evidence tampered is rejected
  ---
  duration_ms: 56.287125
  type: 'test'
  ...
# Subtest: target assertion missing is rejected
ok 9 - target assertion missing is rejected
  ---
  duration_ms: 53.988166
  type: 'test'
  ...
# Subtest: cleanup unverified is rejected
ok 10 - cleanup unverified is rejected
  ---
  duration_ms: 53.04
  type: 'test'
  ...
# Subtest: live policy mutant survives is rejected
ok 11 - live policy mutant survives is rejected
  ---
  duration_ms: 52.909709
  type: 'test'
  ...
# Subtest: live semantic test omitted is rejected
ok 12 - live semantic test omitted is rejected
  ---
  duration_ms: 53.410667
  type: 'test'
  ...
# Subtest: target source stale is rejected
ok 13 - target source stale is rejected
  ---
  duration_ms: 52.666458
  type: 'test'
  ...
# Subtest: audit trace absent is rejected
ok 14 - audit trace absent is rejected
  ---
  duration_ms: 54.051916
  type: 'test'
  ...
1..14
# tests 14
# suites 0
# pass 14
# fail 0
# cancelled 0
# skipped 0
# todo 0
# duration_ms 829.346458
