
> @sumalpha/quantos@ test:p0 /Users/anray/Documents/project/SumAlpha/QuantOS
> node --test scripts/p0-acceptance-negative.mjs

✔ complete synthetic acceptance satisfies the receipt schema only (1.413417ms)
✔ missing receipt is rejected (0.320708ms)
✔ old SHA is rejected (0.564708ms)
✔ FAIL receipt is rejected (0.554417ms)
✔ missing check is rejected (0.573375ms)
✔ duplicate check is rejected (0.590208ms)
✔ fake command is rejected (0.897625ms)
✔ failed command is rejected (0.46925ms)
✔ corrupted log is rejected (0.482083ms)
✔ URL instead of artifact is rejected (1.112917ms)
✔ missing F06 is rejected (0.646209ms)
✔ old F06 is rejected (0.484292ms)
✔ incomplete PRE is rejected (0.728833ms)
✔ unrejected mutation is rejected (0.412333ms)
✔ extra admission is rejected (0.351125ms)
✔ unclosed control is rejected (0.321542ms)
ℹ tests 16
ℹ suites 0
ℹ pass 16
ℹ fail 0
ℹ cancelled 0
ℹ skipped 0
ℹ todo 0
ℹ duration_ms 46.761833
