
> @sumalpha/quantos@ test:pre06 /Users/anray/Documents/project/SumAlpha/QuantOS
> node --test scripts/pre06-gate-negative.mjs scripts/pre06-runtime-negative.mjs

✔ current PRE-06 Web baseline passes (26.475708ms)
✔ website browser Gate deletion is rejected (9.918209ms)
✔ Desktop coupling in phase-one compatibility is rejected (8.028916ms)
✔ Desktop deep-link inclusion in phase-one Terminal is rejected (7.044167ms)
✔ generated operation coverage drift is rejected (6.6125ms)
✔ visual baseline integrity failure is rejected (5.856084ms)
✔ performance budget weakening is rejected (6.004792ms)
✔ disabled CI steps and comment-only commands are rejected (16.579334ms)
✔ contract assertion deletion and visual comparison deletion fail closed (10.119542ms)
✔ website performance and critical coverage gates cannot be removed (10.680458ms)
✔ CI retry policy must reject flaky outcomes and archive failure evidence (9.341334ms)
✔ comments cannot restore weakened budget or critical coverage policy (13.632958ms)
✔ skipped suites and inactive screenshot assertions cannot satisfy the baseline (34.02675ms)
✔ critical contract callbacks cannot return early, hide assertions, or remove runtime counting (22.214041ms)
✔ unknown and corrupted fixtures are rejected, explicit sabotage fixtures remain expected failures (29.308042ms)
✔ empty assets and empty route manifest are never a zero-sized performance PASS (28.233167ms)
✔ actual CI configs return nonzero for first-fail-then-pass policy probe (1260.595708ms)
ℹ tests 17
ℹ suites 0
ℹ pass 17
ℹ fail 0
ℹ cancelled 0
ℹ skipped 0
ℹ todo 0
ℹ duration_ms 1367.896958
