pnpm check:bff-compatibility

> @sumalpha/quantos@ check:bff-compatibility /Users/anray/Documents/project/SumAlpha/QuantOS
> node scripts/check-bff-compatibility.mjs

{
  "status": "PASS",
  "changes": 69,
  "registeredCorrections": 69,
  "failures": [],
  "baseline": "75a563c62d3d7883d5b178111becec07d4da0301",
  "scope": "engineering compatibility; no owner/staging signature implied"
}
pnpm test:bff-remediation

> @sumalpha/quantos@ test:bff-remediation /Users/anray/Documents/project/SumAlpha/QuantOS
> node --test scripts/bff-remediation-negative.mjs && vitest run tests/contract/bff-remediation.test.ts packages/api-client/tests/sse-safety.test.ts

✔ current semantic A1 gate passes (6.077542ms)
✔ rejects cookie semantic regression (2.554958ms)
✔ rejects idempotency semantic regression (2.374167ms)
✔ rejects sort semantic regression (2.733583ms)
✔ rejects page semantic regression (2.678459ms)
✔ rejects ci semantic regression (2.189875ms)
✔ rejects decimal semantic regression (2.090833ms)
✔ rejects version semantic regression (2.419208ms)
✔ rejects csrf semantic regression (3.052875ms)
✔ exact registered security correction is accepted only within its window (10.756084ms)
✔ unregistered breaking type, enum or missing baseline fails closed (22.696625ms)
✔ new required parameters and constraints cannot silently bypass compatibility (0.908375ms)
✔ absent, invented and reference-only staging receipts never close A1 (0.253417ms)
✔ receipt checker binds actual evidence bytes and each role to source and contract inputs (0.30325ms)
ℹ tests 14
ℹ suites 0
ℹ pass 14
ℹ fail 0
ℹ cancelled 0
ℹ skipped 0
ℹ todo 0
ℹ duration_ms 153.028625

 RUN  v4.1.11 /Users/anray/Documents/project/SumAlpha/QuantOS


 Test Files  2 passed (2)
      Tests  16 passed (16)
   Start at  09:49:45
   Duration  363ms (transform 88ms, setup 0ms, import 264ms, tests 121ms, environment 0ms)

pnpm check:bff-openapi

> @sumalpha/quantos@ check:bff-openapi /Users/anray/Documents/project/SumAlpha/QuantOS
> node scripts/check-bff-openapi.mjs

ok    OpenAPI 版本 3.1.0
ok    全部本地 $ref 可解析
ok    operation 数 62，operationId 全局唯一

BFF OpenAPI 基线结构校验通过
pnpm check:bff-generated

> @sumalpha/quantos@ check:bff-generated /Users/anray/Documents/project/SumAlpha/QuantOS
> node ./scripts/check-bff-generated.mjs

✨ openapi-typescript 7.13.0
🚀 /Users/anray/Documents/project/SumAlpha/QuantOS/bff/openapi/quantos-bff.v1.yaml → /var/folders/k8/_4hymb6j59s0c8xntb11ktmc0000gn/T/quantos-bff-generated-14dHRm/packages/api-client/src/bff-gen/quantos-bff.ts [60.7ms]
Generated BFF 1.4.0: 62 operations, 51 schemas.
ok    packages/api-client/src/bff-gen/quantos-bff.ts
ok    packages/api-client/src/bff-gen/quantos-bff.zod.ts
ok    tests/contract/generated/quantos-bff.components.schema.json
ok    tests/contract/generated/quantos-bff.operations.json
ok    tests/contract/generated/quantos-bff.msw.ts
ok    services/bff-gateway/src/generated-input-policy.json

BFF generated artifacts match the frozen OpenAPI.
pnpm check:bff-contract-coverage

> @sumalpha/quantos@ check:bff-contract-coverage /Users/anray/Documents/project/SumAlpha/QuantOS
> node ./scripts/check-bff-contract-coverage.mjs

BFF contract coverage passed: 62 operations, 51 schemas, 62 page references.
pnpm check:bff-fe-000

> @sumalpha/quantos@ check:bff-fe-000 /Users/anray/Documents/project/SumAlpha/QuantOS
> node scripts/check-bff-fe-000.mjs

BFF-FE-000 Gate PASS: 17 contracts, 22 phase-one pages, 62 published + 46 planned operationIds.
pnpm test:bff-fe-000

> @sumalpha/quantos@ test:bff-fe-000 /Users/anray/Documents/project/SumAlpha/QuantOS
> node --test scripts/bff-fe-000-gate-negative.mjs

✔ current BFF-FE-000 repository Gate passes (3.650542ms)
✔ missing phase-one page mapping is rejected (1.939834ms)
✔ published operation drift is rejected (2.482791ms)
✔ planned operation traceability deletion is rejected (2.18875ms)
✔ shared idempotency baseline deletion is rejected (2.33725ms)
✔ dependency regression is rejected (1.338292ms)
✔ error correlation header deletion is rejected (2.02475ms)
✔ generated Zod export deletion is rejected (1.330917ms)
ℹ tests 8
ℹ suites 0
ℹ pass 8
ℹ fail 0
ℹ cancelled 0
ℹ skipped 0
ℹ todo 0
ℹ duration_ms 106.2035
pnpm check:bff-fe-001

> @sumalpha/quantos@ check:bff-fe-001 /Users/anray/Documents/project/SumAlpha/QuantOS
> node scripts/check-bff-fe-001.mjs

BFF-FE-001 local contract Gate PASS: 20 C01/C17 operations, cookie session, CSRF, recent-auth, MFA protection, audit and revocation stream checks. F06 target acceptance requires make f06-acceptance-gate.
pnpm test:bff-fe-001

> @sumalpha/quantos@ test:bff-fe-001 /Users/anray/Documents/project/SumAlpha/QuantOS
> node --test scripts/bff-fe-001-gate-negative.mjs

✔ current BFF-FE-001 repository Gate passes (0.732667ms)
✔ CSRF deletion is rejected (1.419375ms)
✔ bearer session regression is rejected (1.102416ms)
✔ recent-auth deletion is rejected (1.106375ms)
✔ idempotency deletion is rejected (1.002708ms)
✔ last-factor protection deletion is rejected (1.022459ms)
✔ resource-hiding 404 deletion is rejected (1.260709ms)
✔ revocation replay deletion is rejected (1.082625ms)
✔ security audit reference deletion is rejected (1.013208ms)
✔ dependency regression is rejected (0.279333ms)
ℹ tests 10
ℹ suites 0
ℹ pass 10
ℹ fail 0
ℹ cancelled 0
ℹ skipped 0
ℹ todo 0
ℹ duration_ms 108.082875
pnpm check:bff-fe-007

> @sumalpha/quantos@ check:bff-fe-007 /Users/anray/Documents/project/SumAlpha/QuantOS
> node scripts/check-bff-fe-007.mjs

BFF-FE-007 Gate PASS: 6 C10 operations, redacted evidence pagination, controlled export lifecycle and fail-closed download checks.
pnpm test:bff-fe-007

> @sumalpha/quantos@ test:bff-fe-007 /Users/anray/Documents/project/SumAlpha/QuantOS
> node --test scripts/bff-fe-007-gate-negative.mjs

✔ current BFF-FE-007 repository Gate passes (0.69375ms)
✔ redaction attestation deletion is rejected (1.351042ms)
✔ evidence cursor deletion is rejected (0.874208ms)
✔ export capability regression is rejected (0.906875ms)
✔ CSRF deletion is rejected (1.013834ms)
✔ recent-auth deletion is rejected (1.026167ms)
✔ idempotency deletion is rejected (0.984708ms)
✔ expired download response deletion is rejected (0.946875ms)
✔ download URL leakage through status is rejected (1.0075ms)
✔ watermark deletion is rejected (1.254292ms)
✔ dependency regression is rejected (0.394708ms)
ℹ tests 11
ℹ suites 0
ℹ pass 11
ℹ fail 0
ℹ cancelled 0
ℹ skipped 0
ℹ todo 0
ℹ duration_ms 99.372334
