
> @sumalpha/quantos@ test:development-plans /Users/anray/Documents/project/SumAlpha/QuantOS
> node --test scripts/development-plan-order-negative.mjs

✔ joint schedule is acyclic and preserves task/status boundaries (8.577875ms)
✔ restoring a complete R1 prerequisite for S2 services creates a rejected cycle (4.140834ms)
✔ research service waiting on its consumer page is rejected (3.574709ms)
✔ historical CORE:R04 to CORE:L04 probe now fails closed (3.707917ms)
✔ an early identity API cannot silently depend on later research services (4.937625ms)
✔ a provider cannot wait for the consumer frontend Gate (3.401583ms)
✔ removing S2 service admission from a core execution task is rejected (3.821708ms)
✔ S2 service Gate cannot omit TP12 advance evaluation (3.937459ms)
✔ I10 cannot drop testnet service admission even if metadata is edited with it (4.492958ms)
✔ a new or existing frontend cannot skip the full provider Gate (4.242ms)
✔ G5 cannot be marked as closing in I4 before reconciliation (4.146958ms)
✔ moving the G1 block above I1 tasks is rejected (3.951ms)
✔ milestone cannot omit its last child while retaining a Gate summary (4.378583ms)
✔ prose-only backend dependencies cannot drift from structured prerequisites (4.438125ms)
✔ core closure mapping cannot become an implicit service alias (4.407791ms)
✔ ACCEPTED checkpoint needs SHA and evidence, not only a green word (4.452458ms)
✔ accepted checkpoint evidence must resolve (2.0705ms)
✔ missing checkpoint and unknown dependency fail closed (5.38525ms)
✔ API windows cannot skip their preceding provider checkpoint (3.893875ms)
✔ UI windows cannot skip the preceding reconciliation window (4.084375ms)
✔ Web intake preserves the explicit no-model-review schema (1.415958ms)
✔ missing Web task fields still fail closed (1.222375ms)
ℹ tests 22
ℹ suites 0
ℹ pass 22
ℹ fail 0
ℹ cancelled 0
ℹ skipped 0
ℹ todo 0
ℹ duration_ms 125.663625
