
> @sumalpha/quantos@ test:pre04 /Users/anray/Documents/project/SumAlpha/QuantOS
> node --test scripts/pre04-gate-negative.mjs

✔ current full phase-one inventory passes (10.89825ms)
✔ missing Gap is rejected (4.960458ms)
✔ undecided realtime dependency is rejected (4.461916ms)
✔ deleted required actorId field is rejected (4.351458ms)
✔ nonexistent field source is rejected (4.067958ms)
✔ wrong field type and optionality are rejected (4.729709ms)
✔ generated operation deletion is rejected (3.875875ms)
✔ generated method and path drift are rejected (7.9215ms)
✔ same-count schema rename is rejected (3.080041ms)
✔ schema required and enum drift are rejected (8.180666ms)
✔ same-count Proto message rename is rejected (3.902ms)
✔ removed Proto declaration is rejected (3.748ms)
✔ same-count JSON Schema replacement is rejected (3.963875ms)
✔ duplicate contract row is rejected before Map collapse (3.568666ms)
✔ duplicate Gap row is rejected before Map collapse (3.629209ms)
✔ nonexistent role owner is rejected (3.781041ms)
✔ nonexistent backend task is rejected (3.54075ms)
✔ nonexistent BFF task is rejected (3.581167ms)
✔ unknown Gap page is rejected (3.726833ms)
✔ each missing website P0 page is rejected (17.729917ms)
✔ missing auxiliary risk/audit/order contract is rejected (10.7305ms)
✔ closing partly published Gap is rejected (3.709667ms)
✔ omitting planned operation is rejected (3.574292ms)
✔ unpublished Inventory Fixture cannot claim Implemented (3.464416ms)
✔ generated-only contract cannot claim Integrated (3.600834ms)
✔ missing provider evidence is rejected (3.447459ms)
✔ changed provider receipt is rejected (3.548125ms)
✔ missing Inventory Fixture is rejected (3.909083ms)
✔ Desktop contamination is rejected by Web inventory (3.91525ms)
✔ nonexistent domain field mappings including the former engine-version anchor are rejected (7.288334ms)
✔ removed referenced core task is rejected (3.713083ms)
✔ catalog source drift is rejected (3.915834ms)
✔ empty implementation artifact lists are rejected for every implemented contract (11.565958ms)
✔ each missing implementation evidence category is rejected (32.190084ms)
✔ duplicate artifacts cannot substitute for test or receipt evidence (3.772667ms)
✔ another contract receipt cannot substitute for required evidence (4.051125ms)
✔ unknown task suffixes are rejected in both backend task columns (23.306042ms)
✔ ambiguous cross-prefix ranges cannot impersonate reviewed backend tasks (6.67075ms)
ℹ tests 38
ℹ suites 0
ℹ pass 38
ℹ fail 0
ℹ cancelled 0
ℹ skipped 0
ℹ todo 0
ℹ duration_ms 344.448875
