
> @sumalpha/quantos@ test:pre01 /Users/anray/Documents/project/SumAlpha/QuantOS
> node --test ./scripts/tests/check-pre01.test.mjs

✔ current PRE-01 artifacts satisfy the executable contract (4.09975ms)
✔ missing a page state fails closed (2.178667ms)
✔ invalid story priority fails closed (0.56025ms)
✔ missing traceability row fails closed (1.62125ms)
✔ published operation cannot regress to planned fails closed (1.630417ms)
✔ unknown role fails closed (0.522709ms)
✔ unknown route fails closed (0.615625ms)
✔ duplicate story fails closed (0.521458ms)
✔ missing flow stories fails closed (0.624209ms)
✔ missing flow scenarios fails closed (1.071334ms)
✔ unsafe proposal criterion fails closed (1.214125ms)
✔ unknown trace task fails closed (1.227541ms)
✔ unauthorized admin grant fails closed (0.947625ms)
✔ missing permission route fails closed (0.719166ms)
✔ phase-one P16 fails closed (0.078209ms)
✔ missing contract owner fails closed (1.063083ms)
✔ empty flow role fails closed (0.711208ms)
✔ empty flow route fails closed (0.64325ms)
✔ state label mismatch fails closed (0.881083ms)
✔ desktop-only story fails closed (0.4385ms)
✔ persistent offline cache fails closed (0.998459ms)
✔ admin domain permission fails closed (0.727459ms)
✔ missing page story fails closed (0.499917ms)
✔ cross-page route fails closed (0.49025ms)
✔ current G0 governance preserves history without granting current acceptance (0.823625ms)
✔ past-due G0 item cannot silently remain OPEN (0.45ms)
✔ fabricated G0 acceptance fails against current checkpoint (0.39ms)
✔ missing G0 leftover owner fails (0.409375ms)
✔ P05 cannot bind metadata download to an untraced audit export operation (1.720042ms)
✔ P21 cannot drop alert ownership from both ledger and trace while retaining the subscription (1.732084ms)
✔ unknown unlabelled operation in API register is rejected (1.48625ms)
✔ P05 quality alerts require C16 ownership on the consumer page (1.600916ms)
ℹ tests 32
ℹ suites 0
ℹ pass 32
ℹ fail 0
ℹ cancelled 0
ℹ skipped 0
ℹ todo 0
ℹ duration_ms 82.497375
