
> @sumalpha/quantos@ test:pre06 /Users/anray/Documents/project/SumAlpha/QuantOS
> node --test scripts/pre06-gate-negative.mjs scripts/pre06-runtime-negative.mjs

✔ current PRE-06 Web baseline passes (24.705791ms)
✔ website browser Gate deletion is rejected (9.817542ms)
✔ Desktop coupling in phase-one compatibility is rejected (7.371ms)
✔ Desktop deep-link inclusion in phase-one Terminal is rejected (6.95875ms)
✔ generated operation coverage drift is rejected (6.629125ms)
✔ visual baseline integrity failure is rejected (5.598958ms)
✔ performance budget weakening is rejected (5.483792ms)
✔ disabled CI steps and comment-only commands are rejected (16.336ms)
✔ contract assertion deletion and visual comparison deletion fail closed (10.4815ms)
✔ website performance and critical coverage gates cannot be removed (10.136333ms)
✔ CI retry policy must reject flaky outcomes and archive failure evidence (9.2075ms)
✔ comments cannot restore weakened budget or critical coverage policy (13.692833ms)
✔ skipped suites and inactive screenshot assertions cannot satisfy the baseline (34.456375ms)
✔ critical contract callbacks cannot return early, hide assertions, or remove runtime counting (21.934708ms)
✔ unknown and corrupted fixtures are rejected, explicit sabotage fixtures remain expected failures (29.130583ms)
✔ empty assets and empty route manifest are never a zero-sized performance PASS (29.069166ms)
✔ actual CI configs return nonzero for first-fail-then-pass policy probe (1262.975084ms)
ℹ tests 17
ℹ suites 0
ℹ pass 17
ℹ fail 0
ℹ cancelled 0
ℹ skipped 0
ℹ todo 0
ℹ duration_ms 1370.2315
