
> @sumalpha/quantos@ coverage:web /Users/anray/Documents/project/SumAlpha/QuantOS
> vitest run --config vitest.coverage.config.ts --coverage && pnpm coverage:critical


 RUN  v4.1.11 /Users/anray/Documents/project/SumAlpha/QuantOS
      Coverage enabled with v8


 Test Files  29 passed (29)
      Tests  224 passed (224)
   Start at  09:52:03
   Duration  867ms (transform 1.33s, setup 0ms, import 4.11s, tests 1.49s, environment 229ms)

 % Coverage report from v8
-------------------|---------|----------|---------|---------|-------------------
File               | % Stmts | % Branch | % Funcs | % Lines | Uncovered Line #s 
-------------------|---------|----------|---------|---------|-------------------
All files          |   82.69 |    79.93 |   70.77 |   82.43 |                   
 apps/terminal/src |   85.71 |      100 |      75 |   85.71 |                   
  app.ts           |      80 |      100 |   66.66 |      80 | 44                
 ...minal/src/auth |     100 |    98.14 |     100 |     100 |                   
  bff.ts           |     100 |    88.88 |     100 |     100 | 32                
 ...al/src/command |     100 |    73.33 |     100 |     100 |                   
  runtime.ts       |     100 |    73.33 |     100 |     100 | 41-51             
 ...l/src/settings |   86.04 |    58.13 |   92.85 |   86.11 |                   
  c17.ts           |   57.14 |    45.45 |   83.33 |   58.33 | 65-69             
 ...api-client/src |   86.23 |    72.03 |   86.95 |   87.13 |                   
  execution.ts     |   77.94 |    63.41 |   73.68 |   79.68 | ...71,383,391-392 
  ops.ts           |   89.09 |    68.18 |     100 |   88.67 | ...70,196,209,234 
  ...validation.ts |   97.14 |    96.42 |     100 |     100 | 44                
  sse.ts           |   89.74 |    81.08 |   77.77 |   96.72 | 36,124            
  strategy.ts      |   83.16 |    57.14 |   90.47 |   82.82 | ...75-279,305,329 
  terminal.ts      |   75.36 |       50 |   77.77 |   76.19 | ...46-250,266,290 
 ...nt/src/bff-gen |    48.7 |      100 |   29.78 |   48.67 |                   
  ...os-bff.zod.ts |    48.7 |      100 |   29.78 |   48.67 | ...26-429,433-452 
 ...ges/config/src |   85.82 |    91.66 |   81.25 |   85.36 |                   
  env-file.ts      |   44.44 |      100 |      50 |   44.44 | 26-36             
  env.ts           |   88.61 |    91.66 |   85.71 |   88.39 | ...21,234-237,253 
 .../domain-ui/src |    91.7 |    78.26 |    98.7 |    91.2 |                   
  execution.ts     |      95 |       75 |     100 |      95 | 88                
  ops.ts           |     100 |    88.88 |     100 |     100 | 105               
  pages.ts         |   83.33 |       75 |     100 |   83.33 | 40,43             
  research.ts      |   86.79 |    68.42 |     100 |      86 | ...,67,82,183,189 
  shell.ts         |   83.33 |    83.33 |      80 |   81.81 | 337,356           
  strategy.ts      |   89.47 |    81.25 |     100 |   88.57 | 95,98,100,103     
 ...s/platform/src |      75 |      100 |      75 |      75 |                   
  adapter.ts       |   66.66 |      100 |   66.66 |   66.66 | 47-48             
-------------------|---------|----------|---------|---------|-------------------

=============================== Coverage summary ===============================
Statements   : 82.69% ( 989/1196 )
Branches     : 79.93% ( 502/628 )
Functions    : 70.77% ( 293/414 )
Lines        : 82.43% ( 901/1093 )
================================================================================

> @sumalpha/quantos@ coverage:critical /Users/anray/Documents/project/SumAlpha/QuantOS
> vitest run --config vitest.critical.config.ts --coverage


 RUN  v4.1.11 /Users/anray/Documents/project/SumAlpha/QuantOS
      Coverage enabled with v8


 Test Files  23 passed (23)
      Tests  165 passed (165)
   Start at  09:52:04
   Duration  829ms (transform 1.19s, setup 0ms, import 3.04s, tests 804ms, environment 205ms)

 % Coverage report from v8
-------------------|---------|----------|---------|---------|-------------------
File               | % Stmts | % Branch | % Funcs | % Lines | Uncovered Line #s 
-------------------|---------|----------|---------|---------|-------------------
-------------------|---------|----------|---------|---------|-------------------

=============================== Coverage summary ===============================
Statements   : 100% ( 146/146 )
Branches     : 100% ( 111/111 )
Functions    : 100% ( 31/31 )
Lines        : 100% ( 129/129 )
================================================================================
