✔ current PRE-01 artifacts satisfy the executable contract (5.384208ms)
✔ missing a page state fails closed (1.832209ms)
✔ invalid story priority fails closed (0.571875ms)
✔ missing traceability row fails closed (1.41025ms)
✔ published operation cannot regress to planned fails closed (1.69375ms)
✔ unknown role fails closed (0.522084ms)
✔ unknown route fails closed (0.548958ms)
✔ duplicate story fails closed (0.602958ms)
✔ missing flow stories fails closed (0.586334ms)
✔ missing flow scenarios fails closed (1.272667ms)
✔ unsafe proposal criterion fails closed (1.186167ms)
✔ unknown trace task fails closed (1.352625ms)
✔ unauthorized admin grant fails closed (1.097334ms)
✔ missing permission route fails closed (0.671625ms)
✔ phase-one P16 fails closed (0.0785ms)
✔ missing contract owner fails closed (1.1035ms)
✔ empty flow role fails closed (0.585541ms)
✔ empty flow route fails closed (0.618333ms)
✔ state label mismatch fails closed (0.869167ms)
✔ desktop-only story fails closed (0.445042ms)
✔ persistent offline cache fails closed (0.93ms)
✔ admin domain permission fails closed (0.7415ms)
✔ missing page story fails closed (0.467125ms)
✔ cross-page route fails closed (0.488792ms)
✔ current G0 governance preserves history without granting current acceptance (1.519875ms)
✔ past-due G0 item cannot silently remain OPEN (0.66725ms)
✔ fabricated G0 acceptance fails against current checkpoint (0.595666ms)
✔ missing G0 leftover owner fails (0.585291ms)
✔ P05 cannot bind metadata download to an untraced audit export operation (1.887625ms)
✔ P21 cannot drop alert ownership from both ledger and trace while retaining the subscription (2.125209ms)
✔ unknown unlabelled operation in API register is rejected (1.690041ms)
✔ P05 quality alerts require C16 ownership on the consumer page (1.581417ms)
✔ API register rejects current version 1.4.0 (1.430583ms)
✔ API register rejects current version 99.99.0 (1.398125ms)
✔ published register row cannot omit API version (1.595ms)
✔ published register row cannot omit generated mock version (1.486333ms)
✔ all ten historical compatibility strategies cannot be cleared (0.76975ms)
✔ current disposition cannot drop a historical parent (0.957542ms)
✔ current disposition requires effective checkpoint deadline (0.781125ms)
✔ current disposition cannot claim target RELEASE completion (0.810333ms)
✔ current disposition requires nonempty compatibility strategy (0.999292ms)
✔ current disposition presentation must match structured source (0.823833ms)
✔ current deadline cannot defer DEVELOPMENT provider obligations to integration (0.921916ms)
ℹ tests 43
ℹ suites 0
ℹ pass 43
ℹ fail 0
ℹ cancelled 0
ℹ skipped 0
ℹ todo 0
ℹ duration_ms 141.213
