✔ formal gate rejects zero, one, two and noninteger runs (0.365125ms)
✔ all binaries participate in digest and omitted binary fails (3.093833ms)
✔ extra binary, missing wheel and stale/empty Web cannot pass output inventory (2.406375ms)
✔ manifest inventory cannot omit or add members (0.078792ms)
✔ dirty and untracked source rejected (58.507917ms)
✔ deleted module README is rejected (2.373167ms)
✔ wrong uv version fails toolchain preflight (35.458834ms)
✔ invalid locks fail real lock entrypoint (76.034167ms)
✔ Terminal default lint rejects a page TSX violation (1090.446375ms)
✔ invalid run revokes old successful receipt (26.310583ms)
✔ Cargo manifest drift is rejected by actual lock gate (873.992375ms)
✔ uv manifest drift is rejected by actual lock gate (781.254416ms)
✔ pnpm manifest drift is rejected by actual lock gate (1068.132ms)
✔ malformed Buf lock is rejected by actual lock gate (735.613167ms)
✔ broken Desktop is outside phase-one pnpm frozen check (405.479083ms)
✔ uv output marker is metadata, other unexpected files still fail (2.128083ms)
ℹ tests 16
ℹ suites 0
ℹ pass 16
ℹ fail 0
ℹ cancelled 0
ℹ skipped 0
ℹ todo 0
ℹ duration_ms 5200.814166
