
running 15 tests
test live::f09_live_tests::real_logout_db_write_matches_persistent_trace ... ignored, Supabase target test: run explicitly with QUANTOS_RUN_F09_POSTGRES_TESTS=1
test live::cors_tests::trusted_browser_can_read_contract_response_headers ... ok
test live::cors_tests::untrusted_origin_and_undeclared_headers_are_not_allowed ... ok
test live::cors_tests::trusted_recent_auth_preflight_allows_contract_headers ... ok
test live::settings_policy::tests::current_factor_status_overrides_cancel_checkpoint ... ok
test live::settings_policy::tests::first_factor_cannot_create_after_any_verified_factor_exists ... ok
test live::settings_policy::tests::live_challenge_has_five_minute_lifetime ... ok
test live::settings_policy::tests::last_verified_factor_cannot_be_removed_even_with_unverified_siblings ... ok
test live::f09_trace_tests::auth_write_returns_queryable_correlation_trace ... ok
test live::settings_policy::tests::revoked_delivery_is_terminal ... ok
test live::settings_policy::tests::malformed_factor_state_cannot_be_treated_as_unenrolled ... ok
test live::settings_policy::tests::live_csrf_requires_bound_cookie_and_header ... ok
test live::settings_policy::tests::verification_time_comes_from_auth_facts_not_session_expiry ... ok
test live::tests::live_session_requires_opaque_cookie_and_exact_origin ... ok
test live::tests::live_errors_hide_account_existence_and_include_correlation ... ok

test result: ok. 14 passed; 0 failed; 1 ignored; 0 measured; 0 filtered out; finished in 0.00s

[1m[92m   Compiling[0m proc-macro2 v1.0.107
[1m[92m   Compiling[0m quote v1.0.47
[1m[92m   Compiling[0m unicode-ident v1.0.24
[1m[92m   Compiling[0m libc v0.2.189
[1m[92m   Compiling[0m cfg-if v1.0.4
[1m[92m   Compiling[0m bytes v1.12.1
[1m[92m   Compiling[0m pin-project-lite v0.2.17
[1m[92m   Compiling[0m log v0.4.33
[1m[92m   Compiling[0m find-msvc-tools v0.1.9
[1m[92m   Compiling[0m shlex v2.0.1
[1m[92m   Compiling[0m memchr v2.8.3
[1m[92m   Compiling[0m syn v2.0.119
[1m[92m   Compiling[0m futures-core v0.3.33
[1m[92m   Compiling[0m itoa v1.0.18
[1m[92m   Compiling[0m serde_core v1.0.229
[1m[92m   Compiling[0m pkg-config v0.3.33
[1m[92m   Compiling[0m jobserver v0.1.35
[1m[92m   Compiling[0m cc v1.4.0
[1m[92m   Compiling[0m errno v0.3.14
[1m[92m   Compiling[0m signal-hook-registry v1.4.8
[1m[92m   Compiling[0m socket2 v0.6.5
[1m[92m   Compiling[0m mio v1.2.2
[1m[92m   Compiling[0m syn v3.0.3
[1m[92m   Compiling[0m once_cell v1.21.4
[1m[92m   Compiling[0m typenum v1.20.1
[1m[92m   Compiling[0m futures-sink v0.3.33
[1m[92m   Compiling[0m smallvec v1.15.2
[1m[92m   Compiling[0m autocfg v1.5.1
[1m[92m   Compiling[0m serde v1.0.229
[1m[92m   Compiling[0m slab v0.4.12
[1m[92m   Compiling[0m synstructure v0.13.2
[1m[92m   Compiling[0m futures-io v0.3.33
[1m[92m   Compiling[0m futures-task v0.3.33
[1m[92m   Compiling[0m percent-encoding v2.3.2
[1m[92m   Compiling[0m stable_deref_trait v1.2.1
[1m[92m   Compiling[0m zmij v1.0.23
[1m[92m   Compiling[0m equivalent v1.0.2
[1m[92m   Compiling[0m hashbrown v0.17.1
[1m[92m   Compiling[0m num-traits v0.2.19
[1m[92m   Compiling[0m tracing-core v0.1.36
[1m[92m   Compiling[0m indexmap v2.14.0
[1m[92m   Compiling[0m base64 v0.22.1
[1m[92m   Compiling[0m tokio-macros v2.7.1
[1m[92m   Compiling[0m serde_derive v1.0.229
[1m[92m   Compiling[0m futures-macro v0.3.33
[1m[92m   Compiling[0m zerofrom-derive v0.1.7
[1m[92m   Compiling[0m tokio v1.53.1
[1m[92m   Compiling[0m futures-util v0.3.33
[1m[92m   Compiling[0m zerofrom v0.1.8
[1m[92m   Compiling[0m yoke-derive v0.8.2
[1m[92m   Compiling[0m yoke v0.8.3
[1m[92m   Compiling[0m tracing-attributes v0.1.31
[1m[92m   Compiling[0m serde_json v1.0.151
[1m[92m   Compiling[0m zerovec-derive v0.11.3
[1m[92m   Compiling[0m tracing v0.1.44
[1m[92m   Compiling[0m futures-channel v0.3.33
[1m[92m   Compiling[0m http v1.4.2
[1m[92m   Compiling[0m tokio-util v0.7.19
[1m[92m   Compiling[0m zerovec v0.11.6
[1m[92m   Compiling[0m displaydoc v0.2.6
[1m[92m   Compiling[0m hybrid-array v0.4.13
[1m[92m   Compiling[0m vcpkg v0.2.15
[1m[92m   Compiling[0m rand_core v0.10.1
[1m[92m   Compiling[0m getrandom v0.4.3
[1m[92m   Compiling[0m http-body v1.1.0
[1m[92m   Compiling[0m cmake v0.1.58
[1m[92m   Compiling[0m cmov v0.5.4
[1m[92m   Compiling[0m subtle v2.6.1
[1m[92m   Compiling[0m openssl-sys v0.9.117
[1m[92m   Compiling[0m version_check v0.9.5
[1m[92m   Compiling[0m anyhow v1.0.104
[1m[92m   Compiling[0m fs_extra v1.3.0
[1m[92m   Compiling[0m iana-time-zone v0.1.65
[1m[92m   Compiling[0m tower-service v0.3.3
[1m[92m   Compiling[0m either v1.17.0
[1m[92m   Compiling[0m dunce v1.0.5
[1m[92m   Compiling[0m aws-lc-sys v0.44.0
[1m[92m   Compiling[0m chrono v0.4.45
[1m[92m   Compiling[0m generic-array v0.14.7
[1m[92m   Compiling[0m ctutils v0.4.2
[1m[92m   Compiling[0m block-buffer v0.12.1
[1m[92m   Compiling[0m crypto-common v0.2.2
[1m[92m   Compiling[0m httparse v1.10.1
[1m[92m   Compiling[0m const-oid v0.10.2
[1m[92m   Compiling[0m itertools v0.14.0
[1m[92m   Compiling[0m digest v0.11.3
[1m[92m   Compiling[0m tinystr v0.8.3
[1m[92m   Compiling[0m async-trait v0.1.91
[1m[92m   Compiling[0m litemap v0.8.2
[1m[92m   Compiling[0m cpufeatures v0.3.0
[1m[92m   Compiling[0m fnv v1.0.7
[1m[92m   Compiling[0m tinyvec_macros v0.1.1
[1m[92m   Compiling[0m writeable v0.6.3
[1m[92m   Compiling[0m try-lock v0.2.5
[1m[92m   Compiling[0m atomic-waker v1.1.2
[1m[92m   Compiling[0m h2 v0.4.16
[1m[92m   Compiling[0m want v0.3.1
[1m[92m   Compiling[0m prost-derive v0.13.5
[1m[92m   Compiling[0m icu_locale_core v2.2.0
[1m[92m   Compiling[0m tinyvec v1.12.0
[1m[92m   Compiling[0m zerotrie v0.2.4
[1m[92m   Compiling[0m potential_utf v0.1.5
[1m[92m   Compiling[0m form_urlencoded v1.2.2
[1m[92m   Compiling[0m tower-layer v0.3.3
[1m[92m   Compiling[0m aws-lc-rs v1.18.0
[1m[92m   Compiling[0m icu_properties_data v2.2.0
[1m[92m   Compiling[0m zeroize v1.9.0
[1m[92m   Compiling[0m httpdate v1.0.3
[1m[92m   Compiling[0m icu_normalizer_data v2.2.0
[1m[92m   Compiling[0m utf8_iter v1.0.4
[1m[92m   Compiling[0m bitflags v2.13.1
[1m[92m   Compiling[0m icu_collections v2.2.0
[1m[92m   Compiling[0m icu_provider v2.2.0
[1m[92m   Compiling[0m unicode-normalization v0.1.25
[1m[92m   Compiling[0m chacha20 v0.10.2
[1m[92m   Compiling[0m uuid v1.24.0
[1m[92m   Compiling[0m sync_wrapper v1.0.2
[1m[92m   Compiling[0m unicode-bidi v0.3.18
[1m[92m   Compiling[0m hyper v1.11.0
[1m[92m   Compiling[0m foreign-types-shared v0.1.1
[1m[92m   Compiling[0m openssl v0.10.81
[1m[92m   Compiling[0m unicode-properties v0.1.4
[1m[92m   Compiling[0m ipnet v2.12.0
[1m[92m   Compiling[0m parking_lot_core v0.9.12
[1m[92m   Compiling[0m stringprep v0.1.5
[1m[92m   Compiling[0m hyper-util v0.1.20
[1m[92m   Compiling[0m foreign-types v0.3.2
[1m[92m   Compiling[0m rand v0.10.2
[1m[92m   Compiling[0m rustls-pki-types v1.15.1
[1m[92m   Compiling[0m crypto-common v0.1.7
[1m[92m   Compiling[0m block-buffer v0.10.4
[1m[92m   Compiling[0m sha2 v0.11.0
[1m[92m   Compiling[0m md-5 v0.11.0
[1m[92m   Compiling[0m hmac v0.13.0
[1m[92m   Compiling[0m openssl-macros v0.1.1
[1m[92m   Compiling[0m openssl-probe v0.2.1
[1m[92m   Compiling[0m rustix v1.1.4
[1m[92m   Compiling[0m fallible-iterator v0.2.0
[1m[92m   Compiling[0m scopeguard v1.2.0
[1m[92m   Compiling[0m siphasher v1.0.3
[1m[92m   Compiling[0m zerocopy v0.8.55
[1m[92m   Compiling[0m byteorder v1.5.0
[1m[92m   Compiling[0m postgres-protocol v0.6.12
[1m[92m   Compiling[0m prost v0.13.5
[1m[92m   Compiling[0m phf_shared v0.13.1
[1m[92m   Compiling[0m lock_api v0.4.14
[1m[92m   Compiling[0m digest v0.10.7
[1m[92m   Compiling[0m icu_normalizer v2.2.0
[1m[92m   Compiling[0m icu_properties v2.2.0
[1m[92m   Compiling[0m tower v0.5.3
[1m[92m   Compiling[0m http-body-util v0.1.4
[1m[92m   Compiling[0m rustls v0.23.45
[1m[92m   Compiling[0m thiserror v2.0.19
[1m[92m   Compiling[0m regex-syntax v0.8.11
[1m[92m   Compiling[0m linux-raw-sys v0.12.1
[1m[92m   Compiling[0m prettyplease v0.2.37
[1m[92m   Compiling[0m untrusted v0.9.0
[1m[92m   Compiling[0m regex-automata v0.4.16
[1m[92m   Compiling[0m idna_adapter v1.2.2
[1m[92m   Compiling[0m parking_lot v0.12.5
[1m[92m   Compiling[0m postgres-types v0.2.14
[1m[92m   Compiling[0m phf v0.13.1
[1m[92m   Compiling[0m prost-types v0.13.5
[1m[92m   Compiling[0m thiserror-impl v2.0.19
[1m[92m   Compiling[0m getrandom v0.2.17
[1m[92m   Compiling[0m whoami v2.1.2
[1m[92m   Compiling[0m native-tls v0.2.18
[1m[92m   Compiling[0m fixedbitset v0.5.7
[1m[92m   Compiling[0m cpufeatures v0.2.17
[1m[92m   Compiling[0m fastrand v2.5.0
[1m[92m   Compiling[0m heck v0.5.0
[1m[92m   Compiling[0m rustversion v1.0.23
[1m[92m   Compiling[0m rust_decimal v1.42.1
[1m[92m   Compiling[0m tempfile v3.27.0
[1m[92m   Compiling[0m sha2 v0.10.9
[1m[92m   Compiling[0m petgraph v0.7.1
[1m[92m   Compiling[0m tokio-postgres v0.7.18
[1m[92m   Compiling[0m ppv-lite86 v0.2.21
[1m[92m   Compiling[0m rand_core v0.6.4
[1m[92m   Compiling[0m regex v1.13.1
[1m[92m   Compiling[0m idna v1.1.0
[1m[92m   Compiling[0m itertools v0.13.0
[1m[92m   Compiling[0m semver v1.0.28
[1m[92m   Compiling[0m indexmap v1.9.3
[1m[92m   Compiling[0m multimap v0.10.1
[1m[92m   Compiling[0m arrayvec v0.7.8
[1m[92m   Compiling[0m prost-build v0.13.5
[1m[92m   Compiling[0m pbjson-build v0.7.0
[1m[92m   Compiling[0m url v2.5.8
[1m[92m   Compiling[0m rand_chacha v0.3.1
[1m[92m   Compiling[0m pin-project-internal v1.1.13
[1m[92m   Compiling[0m hashbrown v0.12.3
[1m[92m   Compiling[0m ryu v1.0.23
[1m[92m   Compiling[0m mime v0.3.17
[1m[92m   Compiling[0m hex v0.4.3
[1m[92m   Compiling[0m axum-core v0.4.5
[1m[92m   Compiling[0m quantos-core v0.1.0 (/home/runner/work/QuantOS/QuantOS/crates/quantos-core)
[1m[92m   Compiling[0m pin-project v1.1.13
[1m[92m   Compiling[0m serde_urlencoded v0.7.1
[1m[92m   Compiling[0m tokio-native-tls v0.3.1
[1m[92m   Compiling[0m pbjson-types v0.7.0
[1m[92m   Compiling[0m rand v0.8.7
[1m[92m   Compiling[0m rustls-native-certs v0.8.4
[1m[92m   Compiling[0m async-stream-impl v0.3.6
[1m[92m   Compiling[0m serde_path_to_error v0.1.20
[1m[92m   Compiling[0m base64 v0.21.7
[1m[92m   Compiling[0m tokio-openssl v0.6.5
[1m[92m   Compiling[0m matchit v0.7.3
[1m[92m   Compiling[0m pbjson v0.7.0
[1m[92m   Compiling[0m async-stream v0.3.6
[1m[92m   Compiling[0m tower v0.4.13
[1m[92m   Compiling[0m axum v0.7.9
[1m[92m   Compiling[0m postgres-native-tls v0.5.3
[1m[92m   Compiling[0m tower-http v0.6.11
[1m[92m   Compiling[0m postgres v0.19.14
[1m[92m   Compiling[0m hyper-timeout v0.5.2
[1m[92m   Compiling[0m tokio-stream v0.1.19
[1m[92m   Compiling[0m socket2 v0.5.10
[1m[92m   Compiling[0m tonic v0.12.3
[1m[92m   Compiling[0m postgres-openssl v0.5.3
[1m[92m   Compiling[0m quantos-policy v0.1.0 (/home/runner/work/QuantOS/QuantOS/crates/quantos-policy)
[1m[92m   Compiling[0m hmac v0.12.1
[1m[92m   Compiling[0m aho-corasick v1.1.4
[1m[92m   Compiling[0m quantos-proto v0.1.0 (/home/runner/work/QuantOS/QuantOS/crates/quantos-proto)
[1m[92m   Compiling[0m quantos-event v0.1.0 (/home/runner/work/QuantOS/QuantOS/crates/quantos-event)
[1m[92m   Compiling[0m quantos-engine-manager v0.1.0 (/home/runner/work/QuantOS/QuantOS/crates/quantos-engine-manager)
[1m[92m   Compiling[0m rustls-webpki v0.103.14
[1m[92m   Compiling[0m tokio-rustls v0.26.4
[1m[92m   Compiling[0m rustls-platform-verifier v0.7.0
[1m[92m   Compiling[0m hyper-rustls v0.27.9
[1m[92m   Compiling[0m reqwest v0.13.4
[1m[92m   Compiling[0m quantos-storage v0.1.0 (/home/runner/work/QuantOS/QuantOS/crates/quantos-storage)
[1m[92m   Compiling[0m quantos-auth v0.1.0 (/home/runner/work/QuantOS/QuantOS/crates/quantos-auth)
[1m[92m   Compiling[0m quantos-runtime v0.1.0 (/home/runner/work/QuantOS/QuantOS/crates/quantos-runtime)
[1m[92m   Compiling[0m quantos-observability v0.1.0 (/home/runner/work/QuantOS/QuantOS/crates/quantos-observability)
[1m[92m   Compiling[0m bff-gateway v0.1.0 (/home/runner/work/QuantOS/QuantOS/services/bff-gateway)
[1m[92m    Finished[0m `test` profile [unoptimized + debuginfo] target(s) in 53.90s
[1m[92m     Running[0m unittests src/lib.rs (target/debug/deps/bff_gateway-ec8b5d389f96f1ac)
