✔ A2 admits all 26 APIs only after three strict dependency validations (146.004958ms)
✔ A1 manifest impersonates A2 is rejected (77.647084ms)
✔ child manifest impersonates A2 is rejected (74.376834ms)
✔ formal acceptance is falsely inherited is rejected (75.962541ms)
✔ own failure is rejected (72.6025ms)
✔ residual issue is rejected (67.808292ms)
✔ unsafe evidence directory is rejected (67.009458ms)
✔ missing dependency is rejected (68.451833ms)
✔ dependency not READY is rejected (70.464667ms)
✔ dependency digest changed is rejected (69.598042ms)
✔ dependency bytes substituted is rejected (70.749625ms)
✔ recursive semantic failure is rejected (70.377875ms)
✔ normative input changed is rejected (70.529375ms)
✔ normative plan changed is rejected (71.7045ms)
✔ missing API coverage is rejected (99.201791ms)
✔ duplicated API coverage is rejected (104.331416ms)
✔ target receipt substituted is rejected (99.678916ms)
✔ failed target API is rejected (98.281917ms)
✔ all target operations denied is rejected (97.367875ms)
✔ planned API counted as implementation is rejected (101.312541ms)
✔ catalog scope omitted is rejected (99.1125ms)
✔ wrong API owner is rejected (96.048541ms)
✔ executed check absent is rejected (96.712958ms)
✔ failed execution is rejected (96.583625ms)
✔ log substituted is rejected (96.331708ms)
✔ negative tests not executed is rejected (97.564167ms)
✔ negative tests failed is rejected (97.458125ms)
✔ mandatory CI removed is rejected (80.460417ms)
✔ mandatory CI disabled is rejected (73.805042ms)
✔ mandatory CI conditional is rejected (70.004916ms)
✔ current Makefile/package/CI invoke the strict A2 checkpoint (0.894625ms)
ℹ tests 31
ℹ suites 0
ℹ pass 31
ℹ fail 0
ℹ cancelled 0
ℹ skipped 0
ℹ todo 0
ℹ duration_ms 2637.717
