✔ A2 admits all 26 APIs only after three strict dependency validations (147.319208ms)
✔ A1 manifest impersonates A2 is rejected (77.160416ms)
✔ child manifest impersonates A2 is rejected (73.388708ms)
✔ formal acceptance is falsely inherited is rejected (68.349959ms)
✔ own failure is rejected (73.448542ms)
✔ residual issue is rejected (67.995167ms)
✔ unsafe evidence directory is rejected (68.35075ms)
✔ missing dependency is rejected (69.002458ms)
✔ dependency not READY is rejected (68.68125ms)
✔ dependency digest changed is rejected (69.3525ms)
✔ dependency bytes substituted is rejected (68.943584ms)
✔ recursive semantic failure is rejected (67.994041ms)
✔ normative input changed is rejected (71.12175ms)
✔ normative plan changed is rejected (69.822458ms)
✔ missing API coverage is rejected (100.566417ms)
✔ duplicated API coverage is rejected (99.345083ms)
✔ target receipt substituted is rejected (95.455625ms)
✔ failed target API is rejected (96.174667ms)
✔ all target operations denied is rejected (96.411ms)
✔ planned API counted as implementation is rejected (100.802875ms)
✔ catalog scope omitted is rejected (98.759542ms)
✔ wrong API owner is rejected (95.95475ms)
✔ executed check absent is rejected (95.249875ms)
✔ failed execution is rejected (96.887291ms)
✔ log substituted is rejected (95.575917ms)
✔ negative tests not executed is rejected (99.80625ms)
✔ negative tests failed is rejected (95.179292ms)
✔ mandatory CI removed is rejected (68.528833ms)
✔ mandatory CI disabled is rejected (69.959166ms)
✔ mandatory CI conditional is rejected (70.331292ms)
✔ current Makefile/package/CI invoke the strict A2 checkpoint (0.755917ms)
ℹ tests 31
ℹ suites 0
ℹ pass 31
ℹ fail 0
ℹ cancelled 0
ℹ skipped 0
ℹ todo 0
ℹ duration_ms 2597.80825
