=== Actual invocation identity-contract; original log docs/audit/evidence/bff-fe-001-remediation-20261005/provider-a2-final-reassessment-20261007/contract-negative.log ===
TAP version 13
# Subtest: current BFF-FE-001 repository Gate passes
ok 1 - current BFF-FE-001 repository Gate passes
  ---
  duration_ms: 13.888166
  type: 'test'
  ...
# Subtest: CSRF deletion is rejected
ok 2 - CSRF deletion is rejected
  ---
  duration_ms: 7.860125
  type: 'test'
  ...
# Subtest: bearer session regression is rejected
ok 3 - bearer session regression is rejected
  ---
  duration_ms: 7.348542
  type: 'test'
  ...
# Subtest: recent-auth deletion is rejected
ok 4 - recent-auth deletion is rejected
  ---
  duration_ms: 9.708834
  type: 'test'
  ...
# Subtest: idempotency deletion is rejected
ok 5 - idempotency deletion is rejected
  ---
  duration_ms: 10.040459
  type: 'test'
  ...
# Subtest: last-factor protection deletion is rejected
ok 6 - last-factor protection deletion is rejected
  ---
  duration_ms: 4.536667
  type: 'test'
  ...
# Subtest: resource-hiding 404 deletion is rejected
ok 7 - resource-hiding 404 deletion is rejected
  ---
  duration_ms: 7.010833
  type: 'test'
  ...
# Subtest: revocation replay deletion is rejected
ok 8 - revocation replay deletion is rejected
  ---
  duration_ms: 4.756334
  type: 'test'
  ...
# Subtest: security audit reference deletion is rejected
ok 9 - security audit reference deletion is rejected
  ---
  duration_ms: 5.123
  type: 'test'
  ...
# Subtest: dependency regression is rejected
ok 10 - dependency regression is rejected
  ---
  duration_ms: 8.166209
  type: 'test'
  ...
# Subtest: provider changes invalidate executed evidence
ok 11 - provider changes invalidate executed evidence
  ---
  duration_ms: 3.828
  type: 'test'
  ...
# Subtest: providerTests changes invalidate executed evidence
ok 12 - providerTests changes invalidate executed evidence
  ---
  duration_ms: 3.86275
  type: 'test'
  ...
# Subtest: authClient changes invalidate executed evidence
ok 13 - authClient changes invalidate executed evidence
  ---
  duration_ms: 3.718958
  type: 'test'
  ...
# Subtest: settingsClient changes invalidate executed evidence
ok 14 - settingsClient changes invalidate executed evidence
  ---
  duration_ms: 6.761208
  type: 'test'
  ...
# Subtest: liveProvider changes invalidate executed evidence
ok 15 - liveProvider changes invalidate executed evidence
  ---
  duration_ms: 2.993
  type: 'test'
  ...
# Subtest: frontendWorkflow commands in comments do not count as CI
ok 16 - frontendWorkflow commands in comments do not count as CI
  ---
  duration_ms: 3.877709
  type: 'test'
  ...
# Subtest: ciWorkflow commands in comments do not count as CI
ok 17 - ciWorkflow commands in comments do not count as CI
  ---
  duration_ms: 3.507458
  type: 'test'
  ...
# Subtest: disabled CI steps cannot satisfy the Gate
ok 18 - disabled CI steps cannot satisfy the Gate
  ---
  duration_ms: 4.846916
  type: 'test'
  ...
# Subtest: outdated inventory cannot satisfy the active evidence Gate
ok 19 - outdated inventory cannot satisfy the active evidence Gate
  ---
  duration_ms: 3.254959
  type: 'test'
  ...
# Subtest: commented Make recipes do not satisfy executable wiring
ok 20 - commented Make recipes do not satisfy executable wiring
  ---
  duration_ms: 3.664583
  type: 'test'
  ...
# Subtest: no semantic receipt cannot satisfy the Gate
ok 21 - no semantic receipt cannot satisfy the Gate
  ---
  duration_ms: 3.059
  type: 'test'
  ...
# Subtest: deleted active evidence cannot satisfy the Gate
ok 22 - deleted active evidence cannot satisfy the Gate
  ---
  duration_ms: 2.998458
  type: 'test'
  ...
1..22
# tests 22
# suites 0
# pass 22
# fail 0
# cancelled 0
# skipped 0
# todo 0
# duration_ms 334.363333

=== Actual invocation identity-stage; original log docs/audit/evidence/bff-fe-001-remediation-20261005/provider-a2-final-reassessment-20261007/stage-negative.log ===
TAP version 13
# Subtest: complete current evidence passes with all dependencies checked
ok 1 - complete current evidence passes with all dependencies checked
  ---
  duration_ms: 1460.86875
  type: 'test'
  ...
# Subtest: own failure is rejected
ok 2 - own failure is rejected
  ---
  duration_ms: 1401.419667
  type: 'test'
  ...
# Subtest: residual defect is rejected
ok 3 - residual defect is rejected
  ---
  duration_ms: 1479.707875
  type: 'test'
  ...
# Subtest: stale code is rejected
ok 4 - stale code is rejected
  ---
  duration_ms: 1378.870458
  type: 'test'
  ...
# Subtest: upstream not READY is rejected
ok 5 - upstream not READY is rejected
  ---
  duration_ms: 1037.031416
  type: 'test'
  ...
# Subtest: upstream digest changed is rejected
ok 6 - upstream digest changed is rejected
  ---
  duration_ms: 1590.912
  type: 'test'
  ...
# Subtest: recursive upstream failure is rejected
ok 7 - recursive upstream failure is rejected
  ---
  duration_ms: 1374.794334
  type: 'test'
  ...
# Subtest: evidence tampered is rejected
ok 8 - evidence tampered is rejected
  ---
  duration_ms: 720.11175
  type: 'test'
  ...
# Subtest: target assertion missing is rejected
ok 9 - target assertion missing is rejected
  ---
  duration_ms: 704.197792
  type: 'test'
  ...
# Subtest: cleanup unverified is rejected
ok 10 - cleanup unverified is rejected
  ---
  duration_ms: 737.290417
  type: 'test'
  ...
# Subtest: live policy mutant survives is rejected
ok 11 - live policy mutant survives is rejected
  ---
  duration_ms: 645.221875
  type: 'test'
  ...
# Subtest: live semantic test omitted is rejected
ok 12 - live semantic test omitted is rejected
  ---
  duration_ms: 660.585958
  type: 'test'
  ...
# Subtest: target source stale is rejected
ok 13 - target source stale is rejected
  ---
  duration_ms: 656.649125
  type: 'test'
  ...
# Subtest: audit trace absent is rejected
ok 14 - audit trace absent is rejected
  ---
  duration_ms: 681.445291
  type: 'test'
  ...
# Subtest: missing successful target getSession is rejected
ok 15 - missing successful target getSession is rejected
  ---
  duration_ms: 668.644792
  type: 'test'
  ...
# Subtest: missing successful target getContext is rejected
ok 16 - missing successful target getContext is rejected
  ---
  duration_ms: 666.693167
  type: 'test'
  ...
# Subtest: missing successful target reauth is rejected
ok 17 - missing successful target reauth is rejected
  ---
  duration_ms: 689.704542
  type: 'test'
  ...
# Subtest: missing successful target mfaChallenge is rejected
ok 18 - missing successful target mfaChallenge is rejected
  ---
  duration_ms: 678.001542
  type: 'test'
  ...
# Subtest: missing successful target logout is rejected
ok 19 - missing successful target logout is rejected
  ---
  duration_ms: 680.663167
  type: 'test'
  ...
# Subtest: missing successful target submitAccessRequest is rejected
ok 20 - missing successful target submitAccessRequest is rejected
  ---
  duration_ms: 695.032875
  type: 'test'
  ...
# Subtest: missing successful target getProfile is rejected
ok 21 - missing successful target getProfile is rejected
  ---
  duration_ms: 690.661167
  type: 'test'
  ...
# Subtest: missing successful target saveProfile is rejected
ok 22 - missing successful target saveProfile is rejected
  ---
  duration_ms: 771.922
  type: 'test'
  ...
# Subtest: missing successful target getNotificationPrefs is rejected
ok 23 - missing successful target getNotificationPrefs is rejected
  ---
  duration_ms: 687.993375
  type: 'test'
  ...
# Subtest: missing successful target saveNotificationPrefs is rejected
ok 24 - missing successful target saveNotificationPrefs is rejected
  ---
  duration_ms: 697.2165
  type: 'test'
  ...
# Subtest: missing successful target getSecuritySettings is rejected
ok 25 - missing successful target getSecuritySettings is rejected
  ---
  duration_ms: 687.398875
  type: 'test'
  ...
# Subtest: missing successful target listSessions is rejected
ok 26 - missing successful target listSessions is rejected
  ---
  duration_ms: 679.611084
  type: 'test'
  ...
# Subtest: missing successful target revokeSession is rejected
ok 27 - missing successful target revokeSession is rejected
  ---
  duration_ms: 681.968791
  type: 'test'
  ...
# Subtest: missing successful target subscribeSessionRevocations is rejected
ok 28 - missing successful target subscribeSessionRevocations is rejected
  ---
  duration_ms: 672.443458
  type: 'test'
  ...
# Subtest: missing successful target listDevices is rejected
ok 29 - missing successful target listDevices is rejected
  ---
  duration_ms: 682.207542
  type: 'test'
  ...
# Subtest: missing successful target revokeDevice is rejected
ok 30 - missing successful target revokeDevice is rejected
  ---
  duration_ms: 675.551958
  type: 'test'
  ...
# Subtest: missing successful target setupMfa is rejected
ok 31 - missing successful target setupMfa is rejected
  ---
  duration_ms: 670.966625
  type: 'test'
  ...
# Subtest: missing successful target revokeMfaFactor is rejected
ok 32 - missing successful target revokeMfaFactor is rejected
  ---
  duration_ms: 694.899708
  type: 'test'
  ...
# Subtest: missing successful target listDownloads is rejected
ok 33 - missing successful target listDownloads is rejected
  ---
  duration_ms: 688.2135
  type: 'test'
  ...
# Subtest: missing successful target getPlatformCapabilities is rejected
ok 34 - missing successful target getPlatformCapabilities is rejected
  ---
  duration_ms: 806.989291
  type: 'test'
  ...
# Subtest: all target status 401 is rejected
ok 35 - all target status 401 is rejected
  ---
  duration_ms: 714.016791
  type: 'test'
  ...
# Subtest: all target status 500 is rejected
ok 36 - all target status 500 is rejected
  ---
  duration_ms: 693.114167
  type: 'test'
  ...
# Subtest: missing SSE assertion is rejected
ok 37 - missing SSE assertion is rejected
  ---
  duration_ms: 665.2395
  type: 'test'
  ...
# Subtest: missing target commit is rejected
ok 38 - missing target commit is rejected
  ---
  duration_ms: 704.529875
  type: 'test'
  ...
# Subtest: malformed target commit is rejected
ok 39 - malformed target commit is rejected
  ---
  duration_ms: 688.18625
  type: 'test'
  ...
# Subtest: unknown target commit is rejected
ok 40 - unknown target commit is rejected
  ---
  duration_ms: 684.470334
  type: 'test'
  ...
# Subtest: contract issues missing is rejected
ok 41 - contract issues missing is rejected
  ---
  duration_ms: 668.582084
  type: 'test'
  ...
# Subtest: target source must match immutable execution commit
ok 42 - target source must match immutable execution commit
  ---
  duration_ms: 664.076209
  type: 'test'
  ...
# Subtest: successful coverage permits explicit denial probe without contract metadata
ok 43 - successful coverage permits explicit denial probe without contract metadata
  ---
  duration_ms: 683.587625
  type: 'test'
  ...
# Subtest: denial probe with contract failures is rejected
ok 44 - denial probe with contract failures is rejected
  ---
  duration_ms: 689.7425
  type: 'test'
  ...
1..44
# tests 44
# suites 0
# pass 44
# fail 0
# cancelled 0
# skipped 0
# todo 0
# duration_ms 35316.432583

=== Actual invocation audit-contract-stage; original log docs/audit/evidence/bff-fe-007-remediation-20261006/provider-a2-final-reassessment-20261007/semantics-2.log ===
✔ fully bound executed evidence is admitted (1.640459ms)
✔ Node spec reporter with successful executed assertions is admitted (0.326209ms)
✔ Node non-execution or failure summary is rejected: "# pass 0\n# fail 0\n" (0.481333ms)
✔ Node non-execution or failure summary is rejected: "# pass 21\n# fail 1\n" (0.207042ms)
✔ Node non-execution or failure summary is rejected: "business assertions passed\n" (0.160375ms)
✔ Node non-execution or failure summary is rejected: "// # pass 21\n// # fail 0\n" (0.35725ms)
✔ comments-only replacement changes functional inputs is rejected (0.561208ms)
✔ unready dependency is rejected (0.180875ms)
✔ missing live execution is rejected (0.157458ms)
✔ evidence bytes changed is rejected (0.239875ms)
✔ compilation-only mutant rejection is rejected (0.188334ms)
✔ missing current export roots is rejected (0.186625ms)
✔ missing authentication matrix is rejected (0.234625ms)
✔ unexecuted target assertion is rejected (0.166125ms)
✔ dependency validator failed is rejected (0.070833ms)
✔ missing target sourceCommit is rejected (0.189458ms)
✔ malformed target commit is rejected (0.511167ms)
✔ unknown target commit is rejected (0.150292ms)
✔ target source differs from original commit is rejected (0.185542ms)
✔ current BFF-FE-007 repository Gate passes (0.781667ms)
✔ redaction attestation deletion is rejected (1.501875ms)
✔ evidence cursor deletion is rejected (0.979542ms)
✔ export capability regression is rejected (1.228667ms)
✔ CSRF deletion is rejected (1.435666ms)
✔ recent-auth deletion is rejected (1.358917ms)
✔ idempotency deletion is rejected (1.221875ms)
✔ expired download response deletion is rejected (1.138375ms)
✔ download URL leakage through status is rejected (1.21875ms)
✔ watermark deletion is rejected (1.571333ms)
✔ dependency regression is rejected (0.289792ms)
ℹ tests 30
ℹ suites 0
ℹ pass 30
ℹ fail 0
ℹ cancelled 0
ℹ skipped 0
ℹ todo 0
ℹ duration_ms 116.741209

=== Actual invocation window-stage; original log docs/audit/evidence/provider-a2-remediation-20261007/development/logs/negative.log ===
✔ A2 admits all 26 APIs only after three strict dependency validations (138.166792ms)
✔ A1 manifest impersonates A2 is rejected (73.741417ms)
✔ child manifest impersonates A2 is rejected (72.364083ms)
✔ formal acceptance is falsely inherited is rejected (66.748583ms)
✔ own failure is rejected (71.242709ms)
✔ residual issue is rejected (66.387625ms)
✔ unsafe evidence directory is rejected (67.296291ms)
✔ missing dependency is rejected (68.325625ms)
✔ dependency not READY is rejected (68.414375ms)
✔ dependency digest changed is rejected (67.491042ms)
✔ dependency bytes substituted is rejected (66.723958ms)
✔ recursive semantic failure is rejected (66.398125ms)
✔ normative input changed is rejected (66.666917ms)
✔ normative plan changed is rejected (67.210125ms)
✔ missing API coverage is rejected (95.561666ms)
✔ duplicated API coverage is rejected (98.880792ms)
✔ target receipt substituted is rejected (95.29325ms)
✔ failed target API is rejected (94.842167ms)
✔ all target operations denied is rejected (93.816791ms)
✔ planned API counted as implementation is rejected (97.727042ms)
✔ catalog scope omitted is rejected (97.412375ms)
✔ wrong API owner is rejected (94.610875ms)
✔ executed check absent is rejected (93.385042ms)
✔ failed execution is rejected (98.881459ms)
✔ log substituted is rejected (97.949292ms)
✔ negative tests not executed is rejected (95.642291ms)
✔ negative tests failed is rejected (94.097416ms)
✔ mandatory CI removed is rejected (68.561916ms)
✔ mandatory CI disabled is rejected (68.9185ms)
✔ mandatory CI conditional is rejected (69.86425ms)
✔ current Makefile/package/CI invoke the strict A2 checkpoint (0.800875ms)
ℹ tests 31
ℹ suites 0
ℹ pass 31
ℹ fail 0
ℹ cancelled 0
ℹ skipped 0
ℹ todo 0
ℹ duration_ms 2539.523959
