✔ complete current evidence passes with all dependencies checked (690.667125ms)
✔ own failure is rejected (613.887ms)
✔ residual defect is rejected (587.648209ms)
✔ stale code is rejected (586.777875ms)
✔ upstream not READY is rejected (592.389292ms)
✔ upstream digest changed is rejected (587.004792ms)
✔ recursive upstream failure is rejected (587.868458ms)
✔ evidence tampered is rejected (585.209333ms)
✔ target assertion missing is rejected (591.90975ms)
✔ cleanup unverified is rejected (612.965834ms)
✔ live policy mutant survives is rejected (595.232417ms)
✔ live semantic test omitted is rejected (599.186333ms)
✔ target source stale is rejected (585.167625ms)
✔ audit trace absent is rejected (610.194333ms)
✔ missing successful target getSession is rejected (608.602125ms)
✔ missing successful target getContext is rejected (609.291833ms)
✔ missing successful target reauth is rejected (606.936042ms)
✔ missing successful target mfaChallenge is rejected (612.177584ms)
✔ missing successful target logout is rejected (613.421667ms)
✔ missing successful target submitAccessRequest is rejected (617.472208ms)
✔ missing successful target getProfile is rejected (619.930542ms)
✔ missing successful target saveProfile is rejected (620.861708ms)
✔ missing successful target getNotificationPrefs is rejected (615.093958ms)
✔ missing successful target saveNotificationPrefs is rejected (617.896208ms)
✔ missing successful target getSecuritySettings is rejected (613.288916ms)
✔ missing successful target listSessions is rejected (622.0245ms)
✔ missing successful target revokeSession is rejected (617.401ms)
✔ missing successful target subscribeSessionRevocations is rejected (621.49575ms)
✔ missing successful target listDevices is rejected (619.770084ms)
✔ missing successful target revokeDevice is rejected (617.84825ms)
✔ missing successful target setupMfa is rejected (619.696792ms)
✔ missing successful target revokeMfaFactor is rejected (619.185125ms)
✔ missing successful target listDownloads is rejected (614.605916ms)
✔ missing successful target getPlatformCapabilities is rejected (620.35975ms)
✔ all target status 401 is rejected (625.898667ms)
✔ all target status 500 is rejected (622.661667ms)
✔ missing SSE assertion is rejected (590.077208ms)
✔ missing target commit is rejected (616.71ms)
✔ malformed target commit is rejected (614.442333ms)
✔ unknown target commit is rejected (624.771166ms)
✔ contract issues missing is rejected (625.268709ms)
✔ target source must match immutable execution commit (621.9165ms)
✔ fully bound executed evidence is admitted (1.817375ms)
✔ Node spec reporter with successful executed assertions is admitted (0.337334ms)
✔ Node non-execution or failure summary is rejected: "# pass 0\n# fail 0\n" (0.494042ms)
✔ Node non-execution or failure summary is rejected: "# pass 21\n# fail 1\n" (0.224166ms)
✔ Node non-execution or failure summary is rejected: "business assertions passed\n" (0.163333ms)
✔ Node non-execution or failure summary is rejected: "// # pass 21\n// # fail 0\n" (0.148709ms)
✔ comments-only replacement changes functional inputs is rejected (1.196959ms)
✔ unready dependency is rejected (0.324667ms)
✔ missing live execution is rejected (0.199833ms)
✔ evidence bytes changed is rejected (0.291208ms)
✔ compilation-only mutant rejection is rejected (0.20725ms)
✔ missing current export roots is rejected (0.191625ms)
✔ missing authentication matrix is rejected (0.239542ms)
✔ unexecuted target assertion is rejected (0.156917ms)
✔ dependency validator failed is rejected (0.085625ms)
✔ missing target sourceCommit is rejected (0.522792ms)
✔ malformed target commit is rejected (0.205292ms)
✔ unknown target commit is rejected (0.174ms)
✔ target source differs from original commit is rejected (0.195917ms)
ℹ tests 61
ℹ suites 0
ℹ pass 61
ℹ fail 0
ℹ cancelled 0
ℹ skipped 0
ℹ todo 0
ℹ duration_ms 25759.452833
