✔ complete current evidence passes with all dependencies checked (655.577959ms)
✔ own failure is rejected (579.209417ms)
✔ residual defect is rejected (564.617916ms)
✔ stale code is rejected (566.586667ms)
✔ upstream not READY is rejected (562.365458ms)
✔ upstream digest changed is rejected (566.476167ms)
✔ recursive upstream failure is rejected (565.07375ms)
✔ evidence tampered is rejected (560.651833ms)
✔ target assertion missing is rejected (566.926667ms)
✔ cleanup unverified is rejected (607.699416ms)
✔ live policy mutant survives is rejected (574.591292ms)
✔ live semantic test omitted is rejected (569.759084ms)
✔ target source stale is rejected (586.505875ms)
✔ audit trace absent is rejected (598.735542ms)
✔ missing successful target getSession is rejected (594.076583ms)
✔ missing successful target getContext is rejected (601.416209ms)
✔ missing successful target reauth is rejected (605.054917ms)
✔ missing successful target mfaChallenge is rejected (606.239834ms)
✔ missing successful target logout is rejected (592.6495ms)
✔ missing successful target submitAccessRequest is rejected (606.113916ms)
✔ missing successful target getProfile is rejected (610.404625ms)
✔ missing successful target saveProfile is rejected (588.991917ms)
✔ missing successful target getNotificationPrefs is rejected (590.413708ms)
✔ missing successful target saveNotificationPrefs is rejected (589.143667ms)
✔ missing successful target getSecuritySettings is rejected (598.149667ms)
✔ missing successful target listSessions is rejected (593.242667ms)
✔ missing successful target revokeSession is rejected (586.67375ms)
✔ missing successful target subscribeSessionRevocations is rejected (590.736334ms)
✔ missing successful target listDevices is rejected (588.043083ms)
✔ missing successful target revokeDevice is rejected (591.89325ms)
✔ missing successful target setupMfa is rejected (597.647167ms)
✔ missing successful target revokeMfaFactor is rejected (611.383209ms)
✔ missing successful target listDownloads is rejected (601.769709ms)
✔ missing successful target getPlatformCapabilities is rejected (610.426542ms)
✔ all target status 401 is rejected (621.306542ms)
✔ all target status 500 is rejected (610.315333ms)
✔ missing SSE assertion is rejected (578.334166ms)
✔ missing target commit is rejected (605.783791ms)
✔ malformed target commit is rejected (605.468416ms)
✔ unknown target commit is rejected (615.124417ms)
✔ contract issues missing is rejected (617.533167ms)
✔ target source must match immutable execution commit (628.561959ms)
✔ successful coverage permits explicit denial probe without contract metadata (651.944584ms)
✔ denial probe with contract failures is rejected (636.045708ms)
ℹ tests 44
ℹ suites 0
ℹ pass 44
ℹ fail 0
ℹ cancelled 0
ℹ skipped 0
ℹ todo 0
ℹ duration_ms 26310.671583
