
> @sumalpha/quantos@ test:development-plans /Users/anray/Documents/project/SumAlpha/QuantOS
> node --test scripts/development-plan-order-negative.mjs

✔ joint schedule is acyclic and preserves task/status boundaries (17.547791ms)
✔ restoring a complete R1 prerequisite for S2 services creates a rejected cycle (5.5225ms)
✔ research service waiting on its consumer page is rejected (4.751375ms)
✔ historical CORE:R04 to CORE:L04 probe now fails closed (4.828875ms)
✔ an early identity API cannot silently depend on later research services (6.286667ms)
✔ a provider cannot wait for the consumer frontend Gate (4.517ms)
✔ removing S2 service admission from a core execution task is rejected (4.987792ms)
✔ S2 service Gate cannot omit TP12 advance evaluation (5.313875ms)
✔ I10 cannot drop testnet service admission even if metadata is edited with it (5.903833ms)
✔ a new or existing frontend cannot skip the full provider Gate (5.995333ms)
✔ G5 cannot be marked as closing in I4 before reconciliation (5.95ms)
✔ moving the G1 block above I1 tasks is rejected (5.286375ms)
✔ milestone cannot omit its last child while retaining a Gate summary (5.66325ms)
✔ prose-only backend dependencies cannot drift from structured prerequisites (5.56125ms)
✔ core closure mapping cannot become an implicit service alias (5.192917ms)
✔ ACCEPTED checkpoint needs SHA and evidence, not only a green word (5.282542ms)
✔ accepted checkpoint evidence must resolve (2.828166ms)
✔ missing checkpoint and unknown dependency fail closed (6.830709ms)
✔ API windows cannot skip their preceding provider checkpoint (5.101125ms)
✔ UI windows cannot skip the preceding reconciliation window (5.378625ms)
✔ Web intake preserves the explicit no-model-review schema (1.766ms)
✔ missing Web task fields still fail closed (1.578709ms)
✔ both plans must publish exactly the same stage contract (6.137167ms)
✔ changing both plans cannot defer correctness or functional deadlines to release (14.533875ms)
✔ both plans must retain every deferred release obligation (15.714958ms)
✔ tasks and checkpoints cannot omit, invent, or misclassify their stage gate (19.907667ms)
✔ release prerequisites cannot block either development or integration (13.236708ms)
✔ release gates cannot skip business closure or inherit the wrong stage (14.40975ms)
✔ historical ACCEPTED and completed tasks do not automatically become READY (11.016042ms)
✔ READY needs its own input digest and resolvable evidence (38.214625ms)
✔ unassessed stage gates cannot carry an apparent ready receipt (7.480792ms)
✔ BLOCKED retains failure evidence and digest without being counted as READY (15.286542ms)
✔ a READY chain needs READY prerequisites and its own evidence at every node (21.402458ms)
✔ stage readiness never substitutes for formal acceptance evidence (3.165458ms)
✔ release READY requires formal acceptance and all functional prerequisites (9.201334ms)
✔ core intake follows the frontend audit-report format (6.913ms)
✔ core review summary must be unique and link to audit evidence (8.190625ms)
✔ core shared task fields and existing window must stay consistent (16.207708ms)
ℹ tests 38
ℹ suites 0
ℹ pass 38
ℹ fail 0
ℹ cancelled 0
ℹ skipped 0
ℹ todo 0
ℹ duration_ms 384.531542
