bash ./scripts/check-lockfiles.sh
Resolved 52 packages in 1ms
[WARN] The "pnpm" field in package.json is no longer read by pnpm. The following keys were ignored: "pnpm.overrides". See https://pnpm.io/settings for the new home of each setting.
Scope: all 8 workspace projects
Done in 150ms using pnpm v10.20.0

   ╭─────────────────────────────────────────╮
   │                                         │
   │   Update available! 10.20.0 → 12.5.1.   │
   │   Changelog: https://pnpm.io/v/12.5.1   │
   │    To update, run: pnpm self-update     │
   │                                         │
   ╰─────────────────────────────────────────╯

All phase-1 locks parse and match their manifests.
node scripts/check-f01.mjs
[WARN] The "pnpm" field in package.json is no longer read by pnpm. The following keys were ignored: "pnpm.overrides". See https://pnpm.io/settings for the new home of each setting.
{
  "status": "PASS",
  "toolchains": {
    "node": "24.12.0",
    "uv": "0.7.0",
    "pnpm": "10.20.0",
    "rustc": "1.91.0"
  },
  "moduleReadmes": 45,
  "inventory": {
    "rustBinaries": [
      "bff-gateway",
      "capacity-monitor",
      "execution-gateway",
      "market-ingestor",
      "portfolio-rebuild",
      "replay-cli",
      "runtime-gateway"
    ],
    "rustDirectories": [
      "crates/quantos-auth",
      "crates/quantos-core",
      "crates/quantos-engine-manager",
      "crates/quantos-event",
      "crates/quantos-evidence",
      "crates/quantos-execution",
      "crates/quantos-market",
      "crates/quantos-observability",
      "crates/quantos-policy",
      "crates/quantos-portfolio",
      "crates/quantos-proto",
      "crates/quantos-reconcile",
      "crates/quantos-risk",
      "crates/quantos-runtime",
      "crates/quantos-storage",
      "crates/quantos-strategy",
      "services/bff-gateway",
      "services/capacity-monitor",
      "services/execution-gateway",
      "services/market-ingestor",
      "services/portfolio-rebuild",
      "services/replay-cli",
      "services/runtime-gateway"
    ],
    "js": [
      {
        "directory": "apps/terminal",
        "name": "@sumalpha/terminal",
        "output": "apps/terminal/out"
      },
      {
        "directory": "apps/website",
        "name": "@sumalpha/website",
        "output": "apps/website/out"
      },
      {
        "directory": "packages/api-client",
        "name": "@sumalpha/api-client",
        "output": "packages/api-client/dist"
      },
      {
        "directory": "packages/config",
        "name": "@sumalpha/config",
        "output": "packages/config/dist"
      },
      {
        "directory": "packages/domain-ui",
        "name": "@sumalpha/domain-ui",
        "output": "packages/domain-ui/dist"
      },
      {
        "directory": "packages/platform",
        "name": "@sumalpha/platform",
        "output": "packages/platform/dist"
      },
      {
        "directory": "packages/ui",
        "name": "@sumalpha/ui",
        "output": "packages/ui/dist"
      }
    ],
    "python": [
      {
        "directory": "engines/engine-sdk",
        "name": "quantos-engine-sdk",
        "version": "0.1.0"
      },
      {
        "directory": "engines/llmquant",
        "name": "quantos-llmquant",
        "version": "0.1.0"
      },
      {
        "directory": "engines/mock-engine",
        "name": "quantos-mock-engine",
        "version": "0.1.0"
      },
      {
        "directory": "engines/openbb-adapter",
        "name": "quantos-openbb-adapter",
        "version": "0.1.0"
      },
      {
        "directory": "engines/rd-agent",
        "name": "quantos-rd-agent",
        "version": "0.1.0"
      },
      {
        "directory": "engines/strategy-lab",
        "name": "quantos-strategy-lab",
        "version": "0.1.0"
      },
      {
        "directory": "engines/trading-agents",
        "name": "quantos-trading-agents",
        "version": "0.1.0"
      },
      {
        "directory": "engines/vibe-adapter",
        "name": "quantos-vibe-adapter",
        "version": "0.1.0"
      }
    ],
    "buildClosure": {
      "hatchling": "1.27.0",
      "packaging": "26.3",
      "pathspec": "1.1.1",
      "pluggy": "1.6.0",
      "trove-classifiers": "2026.6.1.19"
    }
  }
}
node --test scripts/f01-gate-negative.mjs
✔ formal gate rejects zero, one, two and noninteger runs (0.387042ms)
✔ all binaries participate in digest and omitted binary fails (3.11575ms)
✔ extra binary, missing wheel and stale/empty Web cannot pass output inventory (2.426167ms)
✔ manifest inventory cannot omit or add members (0.085958ms)
✔ dirty and untracked source rejected (61.209042ms)
✔ deleted module README is rejected (2.209375ms)
✔ wrong uv version fails toolchain preflight (17.773208ms)
✔ invalid locks fail real lock entrypoint (63.524417ms)
✔ Terminal default lint rejects a page TSX violation (1287.970208ms)
✔ invalid run revokes old successful receipt (27.212208ms)
✔ Cargo manifest drift is rejected by actual lock gate (801.502458ms)
✔ uv manifest drift is rejected by actual lock gate (868.34325ms)
✔ pnpm manifest drift is rejected by actual lock gate (1388.221375ms)
✔ malformed Buf lock is rejected by actual lock gate (959.939125ms)
✔ broken Desktop is outside phase-one pnpm frozen check (529.633875ms)
✔ uv output marker is metadata, other unexpected files still fail (2.210583ms)
ℹ tests 16
ℹ suites 0
ℹ pass 16
ℹ fail 0
ℹ cancelled 0
ℹ skipped 0
ℹ todo 0
ℹ duration_ms 6052.245667
