
> @sumalpha/quantos@ test /private/var/folders/k8/_4hymb6j59s0c8xntb11ktmc0000gn/T/quantos-pre05-remediation-zudd0h4a
> pnpm -r test

Scope: 7 of 8 workspace projects
packages/config test$ vitest run
packages/ui test$ vitest run
packages/ui test: [1m[30m[46m RUN [49m[39m[22m [36mv4.1.11 [39m[90m/private/var/folders/k8/_4hymb6j59s0c8xntb11ktmc0000gn/T/quantos-pre05-remediation-zudd0h4a/packages/ui[39m
packages/config test: [1m[30m[46m RUN [49m[39m[22m [36mv4.1.11 [39m[90m/private/var/folders/k8/_4hymb6j59s0c8xntb11ktmc0000gn/T/quantos-pre05-remediation-zudd0h4a/packages/config[39m
packages/ui test:  [32m✓[39m tests/ui.test.ts [2m([22m[2m1 test[22m[2m)[22m[32m 1[2mms[22m[39m
packages/ui test:  [32m✓[39m tests/ui103.test.tsx [2m([22m[2m6 tests[22m[2m)[22m[32m 7[2mms[22m[39m
packages/ui test:  [32m✓[39m tests/state-badge.test.tsx [2m([22m[2m11 tests[22m[2m)[22m[32m 17[2mms[22m[39m
packages/config test:  [32m✓[39m tests/config.test.ts [2m([22m[2m25 tests[22m[2m)[22m[32m 287[2mms[22m[39m
packages/config test: [2m Test Files [22m [1m[32m1 passed[39m[22m[90m (1)[39m
packages/config test: [2m      Tests [22m [1m[32m25 passed[39m[22m[90m (25)[39m
packages/config test: [2m   Start at [22m 21:00:00
packages/config test: [2m   Duration [22m 393ms[2m (transform 30ms, setup 0ms, import 38ms, tests 287ms, environment 0ms)[22m
packages/config test: Done
packages/ui test:  [32m✓[39m tests/pre03-component.test.tsx [2m([22m[2m1 test[22m[2m)[22m[32m 29[2mms[22m[39m
packages/ui test: [2m Test Files [22m [1m[32m4 passed[39m[22m[90m (4)[39m
packages/ui test: [2m      Tests [22m [1m[32m19 passed[39m[22m[90m (19)[39m
packages/ui test: [2m   Start at [22m 21:00:00
packages/ui test: [2m   Duration [22m 459ms[2m (transform 172ms, setup 0ms, import 421ms, tests 54ms, environment 253ms)[22m
packages/ui test: Done
packages/api-client test$ vitest run
packages/platform test$ vitest run
packages/platform test: [1m[30m[46m RUN [49m[39m[22m [36mv4.1.11 [39m[90m/private/var/folders/k8/_4hymb6j59s0c8xntb11ktmc0000gn/T/quantos-pre05-remediation-zudd0h4a/packages/platform[39m
packages/api-client test: [1m[30m[46m RUN [49m[39m[22m [36mv4.1.11 [39m[90m/private/var/folders/k8/_4hymb6j59s0c8xntb11ktmc0000gn/T/quantos-pre05-remediation-zudd0h4a/packages/api-client[39m
packages/platform test:  [32m✓[39m tests/platform.test.ts [2m([22m[2m2 tests[22m[2m)[22m[32m 1[2mms[22m[39m
packages/platform test: [2m Test Files [22m [1m[32m1 passed[39m[22m[90m (1)[39m
packages/platform test: [2m      Tests [22m [1m[32m2 passed[39m[22m[90m (2)[39m
packages/platform test: [2m   Start at [22m 21:00:01
packages/platform test: [2m   Duration [22m 93ms[2m (transform 20ms, setup 0ms, import 25ms, tests 1ms, environment 0ms)[22m
packages/api-client test:  [32m✓[39m tests/sse-poc.test.ts [2m([22m[2m7 tests[22m[2m)[22m[32m 24[2mms[22m[39m
packages/platform test: Done
packages/api-client test:  [32m✓[39m tests/proto-metadata.test.ts [2m([22m[2m34 tests[22m[2m)[22m[32m 12[2mms[22m[39m
packages/api-client test:  [32m✓[39m tests/api-client.test.ts [2m([22m[2m5 tests[22m[2m)[22m[32m 11[2mms[22m[39m
packages/api-client test: [2m Test Files [22m [1m[32m3 passed[39m[22m[90m (3)[39m
packages/api-client test: [2m      Tests [22m [1m[32m46 passed[39m[22m[90m (46)[39m
packages/api-client test: [2m   Start at [22m 21:00:01
packages/api-client test: [2m   Duration [22m 207ms[2m (transform 156ms, setup 0ms, import 283ms, tests 47ms, environment 0ms)[22m
packages/api-client test: Done
apps/website test$ vitest run
packages/domain-ui test$ vitest run
apps/website test: [1m[30m[46m RUN [49m[39m[22m [36mv4.1.11 [39m[90m/private/var/folders/k8/_4hymb6j59s0c8xntb11ktmc0000gn/T/quantos-pre05-remediation-zudd0h4a/apps/website[39m
packages/domain-ui test: [1m[30m[46m RUN [49m[39m[22m [36mv4.1.11 [39m[90m/private/var/folders/k8/_4hymb6j59s0c8xntb11ktmc0000gn/T/quantos-pre05-remediation-zudd0h4a/packages/domain-ui[39m
packages/domain-ui test:  [32m✓[39m tests/ui101.test.ts [2m([22m[2m12 tests[22m[2m)[22m[32m 3[2mms[22m[39m
packages/domain-ui test:  [32m✓[39m tests/domain-ui.test.ts [2m([22m[2m1 test[22m[2m)[22m[32m 1[2mms[22m[39m
packages/domain-ui test:  [32m✓[39m tests/indicators.test.tsx [2m([22m[2m3 tests[22m[2m)[22m[32m 5[2mms[22m[39m
packages/domain-ui test: [2m Test Files [22m [1m[32m3 passed[39m[22m[90m (3)[39m
packages/domain-ui test: [2m      Tests [22m [1m[32m16 passed[39m[22m[90m (16)[39m
packages/domain-ui test: [2m   Start at [22m 21:00:01
packages/domain-ui test: [2m   Duration [22m 167ms[2m (transform 134ms, setup 0ms, import 216ms, tests 9ms, environment 0ms)[22m
packages/domain-ui test: Done
apps/website test:  [32m✓[39m tests/website.test.ts [2m([22m[2m1 test[22m[2m)[22m[32m 1[2mms[22m[39m
apps/website test:  [32m✓[39m tests/website-compliance.test.ts [2m([22m[2m6 tests[22m[2m)[22m[32m 5[2mms[22m[39m
apps/website test: [2m Test Files [22m [1m[32m2 passed[39m[22m[90m (2)[39m
apps/website test: [2m      Tests [22m [1m[32m7 passed[39m[22m[90m (7)[39m
apps/website test: [2m   Start at [22m 21:00:01
apps/website test: [2m   Duration [22m 705ms[2m (transform 138ms, setup 0ms, import 212ms, tests 6ms, environment 0ms)[22m
apps/website test: Done
apps/terminal test$ vitest run
apps/terminal test: [1m[30m[46m RUN [49m[39m[22m [36mv4.1.11 [39m[90m/private/var/folders/k8/_4hymb6j59s0c8xntb11ktmc0000gn/T/quantos-pre05-remediation-zudd0h4a/apps/terminal[39m
apps/terminal test:  [32m✓[39m tests/auth-bff.test.ts [2m([22m[2m4 tests[22m[2m)[22m[32m 11[2mms[22m[39m
apps/terminal test:  [32m✓[39m tests/deep-link-auth.test.ts [2m([22m[2m3 tests[22m[2m)[22m[32m 2[2mms[22m[39m
apps/terminal test:  [32m✓[39m tests/ui101-runtime.test.ts [2m([22m[2m4 tests[22m[2m)[22m[32m 2[2mms[22m[39m
apps/terminal test:  [32m✓[39m tests/auth-poc.test.ts [2m([22m[2m12 tests[22m[2m)[22m[32m 14[2mms[22m[39m
apps/terminal test:  [32m✓[39m tests/audit-gateway.test.ts [2m([22m[2m4 tests[22m[2m)[22m[32m 11[2mms[22m[39m
apps/terminal test:  [32m✓[39m tests/ui104-settings.test.ts [2m([22m[2m8 tests[22m[2m)[22m[32m 18[2mms[22m[39m
apps/terminal test:  [32m✓[39m tests/terminal.test.ts [2m([22m[2m1 test[22m[2m)[22m[32m 1[2mms[22m[39m
apps/terminal test:  [32m✓[39m tests/l03-scenarios.test.ts [2m([22m[2m6 tests[22m[2m)[22m[32m 3[2mms[22m[39m
apps/terminal test:  [32m✓[39m tests/u01-scenarios.test.ts [2m([22m[2m9 tests[22m[2m)[22m[32m 4[2mms[22m[39m
apps/terminal test:  [32m✓[39m tests/x06-scenarios.test.ts [2m([22m[2m8 tests[22m[2m)[22m[32m 5[2mms[22m[39m
apps/terminal test:  [32m✓[39m tests/s04-scenarios.test.ts [2m([22m[2m6 tests[22m[2m)[22m[32m 8[2mms[22m[39m
apps/terminal test: [2m Test Files [22m [1m[32m11 passed[39m[22m[90m (11)[39m
apps/terminal test: [2m      Tests [22m [1m[32m65 passed[39m[22m[90m (65)[39m
apps/terminal test: [2m   Start at [22m 21:00:02
apps/terminal test: [2m   Duration [22m 318ms[2m (transform 928ms, setup 0ms, import 1.62s, tests 79ms, environment 0ms)[22m
apps/terminal test: Done
