✔ current BFF-FE-000 repository Gate passes (4.281583ms)
✔ missing phase-one page mapping is rejected (2.142667ms)
✔ published operation drift is rejected (3.886417ms)
✔ planned operation traceability deletion is rejected (1.753917ms)
✔ shared idempotency baseline deletion is rejected (2.792833ms)
✔ dependency regression is rejected (1.582625ms)
✔ error correlation header deletion is rejected (2.543ms)
✔ generated Zod export deletion is rejected (1.881708ms)
✔ missing staging permits development readiness and never claims formal acceptance (1.578583ms)
✔ stage deferral cannot bypass engineering failures, final receipt requirements or unknown stages (0.076667ms)
✔ final review command cannot be rewired to the development stage (6.97475ms)
✔ current semantic A1 gate passes (3.737084ms)
✔ rejects cookie semantic regression (2.97025ms)
✔ rejects idempotency semantic regression (2.979125ms)
✔ rejects sort semantic regression (3.250834ms)
✔ rejects page semantic regression (2.726917ms)
✔ rejects ci semantic regression (2.736958ms)
✔ rejects decimal semantic regression (3.234375ms)
✔ rejects version semantic regression (2.632958ms)
✔ rejects csrf semantic regression (2.398083ms)
✔ exact registered security correction is accepted only within its window (12.1005ms)
✔ unregistered breaking type, enum or missing baseline fails closed (23.755625ms)
✔ new required parameters and constraints cannot silently bypass compatibility (0.928542ms)
✔ absent, invented and reference-only staging receipts never close A1 (0.47625ms)
✔ final receipt requires technical evidence plus one input-bound user confirmation (1.12275ms)
✔ optional property within an existing allOf is additive, required changes are rejected (0.106084ms)
ℹ tests 26
ℹ suites 0
ℹ pass 26
ℹ fail 0
ℹ cancelled 0
ℹ skipped 0
ℹ todo 0
ℹ duration_ms 190.219292
