
> @sumalpha/terminal@0.1.0 build /Users/anray/Documents/project/SumAlpha/QuantOS/apps/terminal
> next build && node ../../scripts/pre03-build-receipt.mjs terminal && node ../../scripts/check-client-secrets.mjs out

   ▲ Next.js 15.5.24

   Creating an optimized production build ...
 ✓ Compiled successfully in 1673ms
   Linting and checking validity of types ...
   Collecting page data ...
   Generating static pages (0/17) ...
   Generating static pages (4/17) 
   Generating static pages (8/17) 
   Generating static pages (12/17) 
 ✓ Generating static pages (17/17)
   Finalizing page optimization ...
   Collecting build traces ...
   Exporting (0/2) ...
 ✓ Exporting (2/2)

Route (app)                                 Size  First Load JS
┌ ○ /                                      139 B         103 kB
├ ○ /_not-found                            139 B         103 kB
├ ○ /access-request                      1.58 kB         150 kB
├ ○ /auth/callback                       3.31 kB         106 kB
├ ○ /auth/deep-link                      2.35 kB         105 kB
├ ○ /command                             6.74 kB         129 kB
├ ○ /login                               3.32 kB         106 kB
├ ○ /maintenance                           139 B         103 kB
├ ○ /mfa                                 3.08 kB         152 kB
├ ○ /offline                             1.59 kB         105 kB
├ ○ /settings/browser                      131 B         131 kB
├ ○ /settings/notifications                130 B         131 kB
├ ○ /settings/profile                      131 B         131 kB
├ ○ /settings/security                     131 B         131 kB
└ ○ /unauthorized                        1.74 kB         105 kB
+ First Load JS shared by all             103 kB
  ├ chunks/93-641809efeb57e9b9.js        46.8 kB
  ├ chunks/d35bb0e7-3679ef361d95d4f9.js  54.3 kB
  └ other shared chunks (total)           1.9 kB


○  (Static)  prerendered as static content

Client secret check PASS (64 files)
