✔ formal gate rejects zero, one, two and noninteger runs (0.364916ms)
✔ all binaries participate in digest and omitted binary fails (3.19975ms)
✔ extra binary, missing wheel and stale/empty Web cannot pass output inventory (2.671334ms)
✔ manifest inventory cannot omit or add members (0.059375ms)
✔ dirty and untracked source rejected (57.14175ms)
✔ deleted module README is rejected (2.537542ms)
✔ wrong uv version fails toolchain preflight (15.788542ms)
✔ invalid locks fail real lock entrypoint (31.004916ms)
✔ Terminal default lint rejects a page TSX violation (640.292125ms)
✔ invalid run revokes old successful receipt (24.254459ms)
✔ Cargo manifest drift is rejected by actual lock gate (542.436ms)
✔ uv manifest drift is rejected by actual lock gate (638.765083ms)
✔ pnpm manifest drift is rejected by actual lock gate (854.530208ms)
✔ malformed Buf lock is rejected by actual lock gate (635.267625ms)
✔ broken Desktop is outside phase-one pnpm frozen check (296.24175ms)
✔ uv output marker is metadata, other unexpected files still fail (2.349416ms)
✔ build-only tool is required in output inventory without becoming a runtime binary (2.3205ms)
✔ pnpm frozen check rejects missing or changed patch bytes (644.099333ms)
✔ pnpm patch cannot read outside the repository (138.1605ms)
ℹ tests 19
ℹ suites 0
ℹ pass 19
ℹ fail 0
ℹ cancelled 0
ℹ skipped 0
ℹ todo 0
ℹ duration_ms 4564.492709
