node --test scripts/f02-gate-negative.mjs scripts/f02-a11-gate-negative.mjs scripts/playwright-git-history.test.mjs
✔ complete Linux matrix passes; deletion and pixel tampering fail (377.428875ms)
✔ acceptance never updates snapshots or skips missing snapshots (0.559583ms)
✔ only main signing and verification jobs receive the signing environment (9.956958ms)
✔ signing policy rejects missing protection, wildcards, tags and extra branches (0.219917ms)
✔ candidate import rejects tampering and stale source before writing, then imports the reviewed matrix (371.859792ms)
✔ required download check rejects skipped or failed event-specific verification (24.942333ms)
✔ PR receipts bind the checked out head while main signing stays on the event SHA (3.805666ms)
Verified 2 release files for aaaaaaaaaaaaaaaaaaaaaaaaaaaaaaaaaaaaaaaa
Verified 2 release files for aaaaaaaaaaaaaaaaaaaaaaaaaaaaaaaaaaaaaaaa
✔ real Gitleaks positive control and GitHub/Slack leaks (1619.100708ms)
✔ historical digest exceptions do not waive fresh credentials in audit JSON (1125.090541ms)
✔ RLS baseline rejects policy deletion and late disabling with recovery (179.067041ms)
✔ RLS preflight recognizes the actual ten-table A2 migration and rejects incomplete loops (133.094292ms)
✔ RLS preflight expands audit export permissions without treating grants as RLS (132.677542ms)
✔ RLS literal loops preserve late disabling, NO FORCE and policy deletion (130.391334ms)
✔ RLS preflight cannot count conditional loops, comments, literals or function bodies as execution (147.014583ms)
✔ quoted SQL examples inside expanded policy expressions cannot enable RLS (22.88025ms)
✔ migration filename control, rejection and recovery (14.394791ms)
✔ waivers only authorize exact advisory/ecosystem/package/version before expiry (1.072917ms)
✔ license expression policy does not globally allow LGPL or unknown licenses (0.345291ms)
✔ release binds complete payload and SBOM to source; rejects corruption and build-only native files (2.935542ms)
✔ Buf compares against distinct historical source and detects removed fields (505.941666ms)
✔ SCA scanner adapter consumes exact waivers and never waives scanner failures (863.955334ms)
✔ Playwright PR reporting preserves complete history for downstream security scans (1628.037375ms)
ℹ tests 22
ℹ suites 0
ℹ pass 22
ℹ fail 0
ℹ cancelled 0
ℹ skipped 0
ℹ todo 0
ℹ duration_ms 4920.029708
