✔ all eight independently content-bound dependencies admit DEVELOPMENT only (26.967458ms)
✔ engineering aggregation preserves the sole pending user confirmation (14.714375ms)
✔ milestone rejects missing F0 (13.934333ms)
✔ milestone rejects missing PRE (14.513292ms)
✔ milestone rejects duplicate dependency (13.846625ms)
✔ milestone rejects unready F0 (14.391125ms)
✔ milestone rejects manifest bytes replaced (14.305416ms)
✔ milestone rejects digest substituted (12.540625ms)
✔ milestone rejects dependency path substituted (12.857084ms)
✔ milestone rejects dependency verdict substituted (13.312708ms)
✔ milestone rejects self manifest schema (14.306792ms)
✔ milestone rejects normative change (14.083292ms)
✔ milestone rejects source input change (13.820917ms)
✔ milestone rejects unexecuted check (13.785417ms)
✔ milestone rejects missing execution time (12.566084ms)
✔ milestone rejects missing required check (12.583583ms)
✔ milestone rejects duplicate check (12.264ms)
✔ milestone rejects wrong command (12.570541ms)
✔ milestone rejects log tampering (12.471625ms)
✔ milestone rejects rehashed prose (12.616833ms)
✔ milestone rejects external log path (12.355792ms)
✔ milestone rejects false formal acceptance (12.299333ms)
✔ milestone rejects aggregate claims database run (12.44125ms)
✔ milestone rejects hidden exclusions (12.400833ms)
✔ milestone rejects unresolved functional finding (12.161458ms)
✔ dependency validator is invoked and errors propagate (12.075333ms)
✔ fake READY cannot hide changed G0 scope (12.129084ms)
✔ arbitrary existing markdown cannot serve as a milestone receipt (0.0935ms)
✔ own arbitrary digest is rejected independently of dependency status (0.0645ms)
✔ F0 policy contains the six missing nodes and all eleven obligations (13.507333ms)
✔ production schema drift comparator rejects tables (0.118ms)
✔ production schema drift comparator rejects columns (0.058583ms)
✔ production schema drift comparator rejects constraints (0.05225ms)
✔ production schema drift comparator rejects indexes (0.038208ms)
✔ production schema drift comparator rejects policies (0.037125ms)
✔ production schema drift comparator rejects routines (0.0395ms)
✔ production schema drift comparator rejects triggers (0.052083ms)
✔ 100-task recovery evidence cannot use 10-task diagnostic or accept P95 (0.877584ms)
✔ CI consumes the full milestone engineering validator and its negatives (0.221ms)
ℹ tests 39
ℹ suites 0
ℹ pass 39
ℹ fail 0
ℹ cancelled 0
ℹ skipped 0
ℹ todo 0
ℹ duration_ms 438.009042
