
> @sumalpha/quantos@ test:development-plans /Users/anray/Documents/project/SumAlpha/QuantOS
> node --test scripts/development-plan-order-negative.mjs

✔ joint schedule is acyclic and preserves task/status boundaries (16.642792ms)
✔ restoring a complete R1 prerequisite for S2 services creates a rejected cycle (4.919708ms)
✔ research service waiting on its consumer page is rejected (4.393208ms)
✔ historical CORE:R04 to CORE:L04 probe now fails closed (4.69625ms)
✔ an early identity API cannot silently depend on later research services (5.791458ms)
✔ a provider cannot wait for the consumer frontend Gate (4.084166ms)
✔ removing S2 service admission from a core execution task is rejected (4.688833ms)
✔ S2 service Gate cannot omit TP12 advance evaluation (4.911709ms)
✔ I10 cannot drop testnet service admission even if metadata is edited with it (5.471708ms)
✔ a new or existing frontend cannot skip the full provider Gate (5.521875ms)
✔ G5 cannot be marked as closing in I4 before reconciliation (5.624958ms)
✔ moving the G1 block above I1 tasks is rejected (5.165125ms)
✔ milestone cannot omit its last child while retaining a Gate summary (5.181ms)
✔ prose-only backend dependencies cannot drift from structured prerequisites (5.393375ms)
✔ core closure mapping cannot become an implicit service alias (5.076583ms)
✔ ACCEPTED checkpoint needs SHA and evidence, not only a green word (5.095291ms)
✔ accepted checkpoint evidence must resolve (2.621584ms)
✔ missing checkpoint and unknown dependency fail closed (6.318917ms)
✔ API windows cannot skip their preceding provider checkpoint (4.898875ms)
✔ UI windows cannot skip the preceding reconciliation window (5.187792ms)
✔ Web intake preserves the explicit no-model-review schema (1.829958ms)
✔ missing Web task fields still fail closed (1.442417ms)
✔ both plans must publish exactly the same stage contract (5.609416ms)
✔ changing both plans cannot defer correctness or functional deadlines to release (12.660917ms)
✔ both plans must retain every deferred release obligation (13.90725ms)
✔ tasks and checkpoints cannot omit, invent, or misclassify their stage gate (18.587792ms)
✔ release prerequisites cannot block either development or integration (11.531125ms)
✔ release gates cannot skip business closure or inherit the wrong stage (13.187542ms)
✔ historical ACCEPTED and completed tasks do not automatically become READY (10.444708ms)
✔ READY needs its own input digest and resolvable evidence (34.731708ms)
✔ unassessed stage gates cannot carry an apparent ready receipt (6.929459ms)
✔ BLOCKED retains failure evidence and digest without being counted as READY (14.308791ms)
✔ a READY chain needs READY prerequisites and its own evidence at every node (19.127333ms)
✔ stage readiness never substitutes for formal acceptance evidence (2.696375ms)
✔ release READY requires formal acceptance and all functional prerequisites (8.496125ms)
✔ core intake follows the frontend audit-report format (6.032375ms)
✔ core review summary must be unique and link to audit evidence (7.85475ms)
✔ core shared task fields and existing window must stay consistent (14.376375ms)
ℹ tests 38
ℹ suites 0
ℹ pass 38
ℹ fail 0
ℹ cancelled 0
ℹ skipped 0
ℹ todo 0
ℹ duration_ms 356.172208
