
> @sumalpha/quantos@ test:pre02 /Users/anray/Documents/project/SumAlpha/QuantOS
> pnpm --filter @sumalpha/ui test:pre02


> @sumalpha/ui@0.1.0 test:pre02 /Users/anray/Documents/project/SumAlpha/QuantOS/packages/ui
> node --test scripts/pre02-gate-negative.mjs

✔ current PRE-02 design-system contract passes (7.929166ms)
✔ renaming a required safety key fails even when the count stays at 18 (1.623333ms)
✔ missing state color mapping fails closed (1.169458ms)
✔ insufficient focus contrast is rejected (1.253834ms)
✔ missing readonly viewport is rejected (1.091834ms)
✔ deny cannot become success (1.344458ms)
✔ mapped token paths must exist (0.795292ms)
✔ English safety semantics cannot be inverted (0.726208ms)
✔ all compact density values remain frozen (0.805583ms)
✔ focus width and path remain frozen (0.84ms)
✔ breakpoint intervals cannot develop gaps (0.661459ms)
✔ typography and spacing must match the reviewed contract (0.934667ms)
✔ required component identity cannot be replaced (0.694292ms)
✔ comments do not supply executable Storybook configuration (0.692417ms)
✔ surface.2 contrast cannot be removed from the contract (0.628209ms)
✔ native reference viewport is not a prerequisite of the Web Gate (0.617375ms)
✔ disabled contrast rule cannot hide behind a matching comment (0.575292ms)
✔ readonly viewport dimensions cannot hide behind its identifier (0.729834ms)
✔ phase-two page cannot enter the Web component acceptance rows (0.585417ms)
✔ provider JSX outside the decorator cannot authorize empty decorators (0.596625ms)
✔ unexported configuration does not authorize a Storybook entry (0.72075ms)
✔ initial theme cannot contradict the dark default contract (0.654666ms)
✔ object spread cannot silently override required addons (0.718666ms)
✔ duplicate decorators cannot replace the validated provider tree (0.6795ms)
✔ dead JSX branches are not executed provider decorators (1.330292ms)
✔ provider attributes cannot be overwritten through JSX spreads (0.81075ms)
✔ provider-only JSX without the Story consumer is rejected (0.691459ms)
ℹ tests 27
ℹ suites 0
ℹ pass 27
ℹ fail 0
ℹ cancelled 0
ℹ skipped 0
ℹ todo 0
ℹ duration_ms 196.894791
