
> @sumalpha/quantos@ test:pre03 /Users/anray/Documents/project/SumAlpha/QuantOS
> node --test scripts/pre03-gate-negative.mjs

✔ current Web contract passes and never loads Desktop inputs (8.7335ms)
✔ apps/terminal rejects Next 15.5.23 (5.239709ms)
✔ apps/terminal rejects Next 16.0.0 (2.133334ms)
✔ apps/website rejects Next 15.5.23 (1.709917ms)
✔ apps/website rejects Next 16.0.0 (1.640959ms)
✔ missing package resolutions (1.832833ms)
✔ missing snapshots (1.21825ms)
✔ specifier drift (1.725292ms)
✔ dependency removed (1.86675ms)
✔ dependency inserted (1.833708ms)
✔ manifest drift fails without changing lock (0.852ms)
✔ ADR drift fails (0.723833ms)
✔ duplicate ADR version row fails (0.702959ms)
✔ missing transitive snapshot fails (2.018458ms)
✔ Node pin drift fails (0.794417ms)
✔ effective Next configuration: valid export (217.734375ms)
✔ effective Next configuration: comment marker (227.291875ms)
✔ effective Next configuration: dead branch (216.409959ms)
✔ effective Next configuration: subsequent override (216.255416ms)
✔ effective Next configuration: function config (216.222167ms)
✔ bad route resources, fake HTML and script failures fail closed (11813.666666ms)
✔ Next-specific async client violation is an ESLint error (252.393625ms)
✔ build receipts reject stale source, config, identity and missing receipts (1.984709ms)
✔ source binding ignores caches but detects actual source changes (3.559667ms)
✔ all workspace importers and exact link targets are required (9.735458ms)
✔ runtime loader discovers omitted manifests independently of lockfile (490.001875ms)
✔ per-app env files are isolated and reloaded without polluting caller (676.939583ms)
ℹ tests 27
ℹ suites 0
ℹ pass 27
ℹ fail 0
ℹ cancelled 0
ℹ skipped 0
ℹ todo 0
ℹ duration_ms 15096.15475
