
> @sumalpha/quantos@ test:pre04 /Users/anray/Documents/project/SumAlpha/QuantOS
> node --test scripts/pre04-gate-negative.mjs

✔ current full phase-one inventory passes (10.743ms)
✔ missing Gap is rejected (4.876209ms)
✔ undecided realtime dependency is rejected (4.936417ms)
✔ deleted required actorId field is rejected (4.093292ms)
✔ nonexistent field source is rejected (4.102084ms)
✔ wrong field type and optionality are rejected (4.485ms)
✔ generated operation deletion is rejected (3.850583ms)
✔ generated method and path drift are rejected (7.363083ms)
✔ same-count schema rename is rejected (3.0575ms)
✔ schema required and enum drift are rejected (8.509041ms)
✔ same-count Proto message rename is rejected (4.018542ms)
✔ removed Proto declaration is rejected (3.98125ms)
✔ same-count JSON Schema replacement is rejected (3.730791ms)
✔ duplicate contract row is rejected before Map collapse (3.882ms)
✔ duplicate Gap row is rejected before Map collapse (3.532583ms)
✔ nonexistent role owner is rejected (3.8755ms)
✔ nonexistent backend task is rejected (3.576292ms)
✔ nonexistent BFF task is rejected (3.682542ms)
✔ unknown Gap page is rejected (3.603875ms)
✔ each missing website P0 page is rejected (17.348042ms)
✔ missing auxiliary risk/audit/order contract is rejected (10.7105ms)
✔ closing partly published Gap is rejected (3.64375ms)
✔ omitting planned operation is rejected (3.470209ms)
✔ unpublished Inventory Fixture cannot claim Implemented (3.549334ms)
✔ generated-only contract cannot claim Integrated (4.10575ms)
✔ missing provider evidence is rejected (3.976292ms)
✔ changed provider receipt is rejected (3.634333ms)
✔ missing Inventory Fixture is rejected (4.349167ms)
✔ Desktop contamination is rejected by Web inventory (4.721875ms)
✔ nonexistent domain field mappings including the former engine-version anchor are rejected (7.993209ms)
✔ removed referenced core task is rejected (3.715917ms)
✔ catalog source drift is rejected (3.78675ms)
✔ empty implementation artifact lists are rejected for every implemented contract (11.106417ms)
✔ each missing implementation evidence category is rejected (32.732042ms)
✔ duplicate artifacts cannot substitute for test or receipt evidence (3.687958ms)
✔ another contract receipt cannot substitute for required evidence (3.646083ms)
✔ unknown task suffixes are rejected in both backend task columns (22.025209ms)
✔ ambiguous cross-prefix ranges cannot impersonate reviewed backend tasks (7.272917ms)
ℹ tests 38
ℹ suites 0
ℹ pass 38
ℹ fail 0
ℹ cancelled 0
ℹ skipped 0
ℹ todo 0
ℹ duration_ms 348.719416
