
> @sumalpha/quantos@ test:pre01 /Users/anray/Documents/project/SumAlpha/QuantOS
> node --test ./scripts/tests/check-pre01.test.mjs

✔ current PRE-01 artifacts satisfy the executable contract (5.313834ms)
✔ missing a page state fails closed (1.748583ms)
✔ invalid story priority fails closed (0.512709ms)
✔ missing traceability row fails closed (1.291583ms)
✔ published operation cannot regress to planned fails closed (1.600875ms)
✔ unknown role fails closed (0.4555ms)
✔ unknown route fails closed (0.5255ms)
✔ duplicate story fails closed (0.56325ms)
✔ missing flow stories fails closed (0.641542ms)
✔ missing flow scenarios fails closed (1.209584ms)
✔ unsafe proposal criterion fails closed (1.119416ms)
✔ unknown trace task fails closed (1.300084ms)
✔ unauthorized admin grant fails closed (1.0545ms)
✔ missing permission route fails closed (0.663083ms)
✔ phase-one P16 fails closed (0.075958ms)
✔ missing contract owner fails closed (1.041792ms)
✔ empty flow role fails closed (0.545083ms)
✔ empty flow route fails closed (0.584959ms)
✔ state label mismatch fails closed (0.821042ms)
✔ desktop-only story fails closed (0.434791ms)
✔ persistent offline cache fails closed (0.908667ms)
✔ admin domain permission fails closed (0.691084ms)
✔ missing page story fails closed (0.480708ms)
✔ cross-page route fails closed (0.46075ms)
✔ current G0 governance preserves history without granting current acceptance (1.525166ms)
✔ past-due G0 item cannot silently remain OPEN (0.670583ms)
✔ fabricated G0 acceptance fails against current checkpoint (0.549667ms)
✔ missing G0 leftover owner fails (0.561167ms)
✔ P05 cannot bind metadata download to an untraced audit export operation (1.871833ms)
✔ P21 cannot drop alert ownership from both ledger and trace while retaining the subscription (2.125417ms)
✔ unknown unlabelled operation in API register is rejected (1.6955ms)
✔ P05 quality alerts require C16 ownership on the consumer page (1.518542ms)
✔ API register rejects current version 1.4.0 (1.466042ms)
✔ API register rejects current version 99.99.0 (1.420041ms)
✔ published register row cannot omit API version (1.514709ms)
✔ published register row cannot omit generated mock version (1.537834ms)
✔ all ten historical compatibility strategies cannot be cleared (0.725042ms)
✔ current disposition cannot drop a historical parent (0.91825ms)
✔ current disposition requires effective checkpoint deadline (0.758791ms)
✔ current disposition cannot claim target RELEASE completion (0.815583ms)
✔ current disposition requires nonempty compatibility strategy (0.911208ms)
✔ current disposition presentation must match structured source (0.917917ms)
✔ current deadline cannot defer DEVELOPMENT provider obligations to integration (0.840834ms)
ℹ tests 43
ℹ suites 0
ℹ pass 43
ℹ fail 0
ℹ cancelled 0
ℹ skipped 0
ℹ todo 0
ℹ duration_ms 142.201291
