
> @sumalpha/quantos@ test:pre06 /Users/anray/Documents/project/SumAlpha/QuantOS
> node --test scripts/pre06-gate-negative.mjs scripts/pre06-runtime-negative.mjs

✔ current PRE-06 Web baseline passes (24.681792ms)
✔ website browser Gate deletion is rejected (9.750542ms)
✔ Desktop coupling in phase-one compatibility is rejected (7.775583ms)
✔ Desktop deep-link inclusion in phase-one Terminal is rejected (7.173ms)
✔ generated operation coverage drift is rejected (6.724625ms)
✔ visual baseline integrity failure is rejected (5.941666ms)
✔ performance budget weakening is rejected (5.624417ms)
✔ disabled CI steps and comment-only commands are rejected (16.767375ms)
✔ contract assertion deletion and visual comparison deletion fail closed (10.390667ms)
✔ website performance and critical coverage gates cannot be removed (9.993792ms)
✔ CI retry policy must reject flaky outcomes and archive failure evidence (10.209708ms)
✔ comments cannot restore weakened budget or critical coverage policy (13.828083ms)
✔ skipped suites and inactive screenshot assertions cannot satisfy the baseline (36.901416ms)
✔ critical contract callbacks cannot return early, hide assertions, or remove runtime counting (23.864917ms)
✔ unknown and corrupted fixtures are rejected, explicit sabotage fixtures remain expected failures (29.143208ms)
✔ empty assets and empty route manifest are never a zero-sized performance PASS (28.422958ms)
✔ actual CI configs return nonzero for first-fail-then-pass policy probe (1272.07175ms)
ℹ tests 17
ℹ suites 0
ℹ pass 17
ℹ fail 0
ℹ cancelled 0
ℹ skipped 0
ℹ todo 0
ℹ duration_ms 1378.621709
