Validated 6 pinned Buf plugins and locked generation workflow.
✔ proto generation configuration is pinned and lock-preserving (37.252542ms)
✔ proto generation configuration rejects an unpinned remote plugin (35.570209ms)
✔ proto generation configuration rejects implicit dependency updates (35.87475ms)
ℹ tests 3
ℹ suites 0
ℹ pass 3
ℹ fail 0
ℹ cancelled 0
ℹ skipped 0
ℹ todo 0
ℹ duration_ms 139.683375
Extracted 50 JSON schema documents.
Validated 50 standalone JSON schemas and 11 planned domain schemas.
✔ standalone JSON schema gate passes the complete generated catalog (136.059834ms)
✔ standalone JSON schema gate rejects a missing planned domain schema (45.472625ms)
✔ standalone JSON schema gate rejects an unresolved reference (124.142042ms)
ℹ tests 3
ℹ suites 0
ℹ pass 3
ℹ fail 0
ℹ cancelled 0
ℹ skipped 0
ℹ todo 0
ℹ duration_ms 341.36525
Proto compatibility checked against f5cd6e3276980fc500491862550ac088edce5378
Proto checks passed.
