
> @sumalpha/quantos@ test:provider-a1 /Users/anray/Documents/project/SumAlpha/QuantOS
> node --test scripts/provider-a1-receipts.test.mjs

✔ valid source and execution-bound dependency chain is READY without release signatures (38.263708ms)
✔ missing required execution (27.578583ms)
✔ failed execution (25.900917ms)
✔ wrong actual command (26.577208ms)
✔ unresolved issue (22.064667ms)
✔ wrong node (21.1185ms)
✔ missing source inventory (25.714333ms)
✔ plan scope changed (21.894583ms)
✔ outside log path (26.41975ms)
✔ wrong log digest (26.072625ms)
✔ missing dependency (25.054333ms)
✔ dependency digest substituted (25.085792ms)
✔ tampered manifest bytes are rejected (20.975584ms)
✔ changed source content is rejected despite unchanged gate digest (24.354875ms)
✔ dependency must independently be READY (25.171833ms)
✔ arbitrary log cannot masquerade as successful execution (25.330416ms)
✔ input file symlink cannot escape the repository (25.150875ms)
✔ database execution cannot be inferred from a normal local PASS (28.575666ms)
✔ Supabase target receipt verifies each compressed execution log (30.149333ms)
✔ source drift during execution invalidates the original input snapshot (38.215208ms)
✔ requirement drift during execution invalidates the original input snapshot (42.33625ms)
✔ controlled public development profile overrides stale values and preserves server inputs (0.123ms)
✔ private credentials cannot be injected through a public development profile (0.109459ms)
✔ transient Auth 503 can retry only a complete target execution (0.099167ms)
✔ persistent target timeout never becomes PASS and stops at its budget (0.076708ms)
✔ semantic target failures stop without retry or PASS (0.024667ms)
✔ target retry budget cannot be unbounded (0.111625ms)
✔ configured target retries require explicit attempt outcomes in the receipt (30.349833ms)
✔ three successful full builds bind output inventories (0.341208ms)
✔ reproducibility rejects only two builds (0.099166ms)
✔ reproducibility rejects missing Python build (0.119542ms)
✔ reproducibility rejects failed command (0.267958ms)
✔ reproducibility rejects different output digest (0.091292ms)
✔ reproducibility rejects substituted inventory (0.067667ms)
✔ reproducibility rejects dirty source (0.054083ms)
✔ reproducibility rejects old source (0.0595ms)
✔ development policy retains explicit build, coverage, volume and target storage obligations (0.302ms)
✔ static make commands cannot reload .env.local or inherit target database opt-ins (0.085334ms)
✔ volume retry restarts the complete check only on a closed PostgreSQL transport (0.05675ms)
✔ volume correctness and certificate errors cannot be retried into PASS (0.032ms)
✔ persistent database transport failure stays failed at the retry limit (0.02775ms)
✔ separate assessment snapshot preserves historical manifests and binds its own logs (30.359625ms)
✔ third-party Git link binds the actual clean checkout and rejects dirty/advanced source (131.713458ms)
ℹ tests 43
ℹ suites 0
ℹ pass 43
ℹ fail 0
ℹ cancelled 0
ℹ skipped 0
ℹ todo 0
ℹ duration_ms 806.8685
