✔ formal gate rejects zero, one, two and noninteger runs (0.425375ms)
✔ all binaries participate in digest and omitted binary fails (3.409334ms)
✔ extra binary, missing wheel and stale/empty Web cannot pass output inventory (2.5185ms)
✔ manifest inventory cannot omit or add members (0.070833ms)
✔ dirty and untracked source rejected (57.700875ms)
✔ deleted module README is rejected (2.286042ms)
✔ wrong uv version fails toolchain preflight (15.959458ms)
✔ invalid locks fail real lock entrypoint (32.254375ms)
✔ Terminal default lint rejects a page TSX violation (645.941625ms)
✔ invalid run revokes old successful receipt (25.337625ms)
✔ Cargo manifest drift is rejected by actual lock gate (575.919208ms)
✔ uv manifest drift is rejected by actual lock gate (696.456084ms)
✔ pnpm manifest drift is rejected by actual lock gate (958.545666ms)
✔ malformed Buf lock is rejected by actual lock gate (724.9695ms)
✔ broken Desktop is outside phase-one pnpm frozen check (321.401792ms)
✔ uv output marker is metadata, other unexpected files still fail (2.21425ms)
✔ build-only tool is required in output inventory without becoming a runtime binary (2.370833ms)
✔ pnpm frozen check rejects missing or changed patch bytes (686.870583ms)
✔ pnpm patch cannot read outside the repository (138.687875ms)
ℹ tests 19
ℹ suites 0
ℹ pass 19
ℹ fail 0
ℹ cancelled 0
ℹ skipped 0
ℹ todo 0
ℹ duration_ms 4930.77525
