✔ formal gate rejects zero, one, two and noninteger runs (0.407833ms)
✔ all binaries participate in digest and omitted binary fails (3.042084ms)
✔ extra binary, missing wheel and stale/empty Web cannot pass output inventory (2.39425ms)
✔ manifest inventory cannot omit or add members (0.057834ms)
✔ dirty and untracked source rejected (62.209958ms)
✔ deleted module README is rejected (2.926084ms)
✔ wrong uv version fails toolchain preflight (19.706708ms)
✔ invalid locks fail real lock entrypoint (58.499125ms)
✔ Terminal default lint rejects a page TSX violation (882.103333ms)
✔ invalid run revokes old successful receipt (24.701541ms)
✖ Cargo manifest drift is rejected by actual lock gate (446.042667ms)
✔ uv manifest drift is rejected by actual lock gate (689.638833ms)
✖ pnpm manifest drift is rejected by actual lock gate (191.894792ms)
✖ malformed Buf lock is rejected by actual lock gate (192.822542ms)
✔ broken Desktop is outside phase-one pnpm frozen check (312.255375ms)
✔ uv output marker is metadata, other unexpected files still fail (2.046708ms)
✔ build-only tool is required in output inventory without becoming a runtime binary (1.976834ms)
✔ pnpm frozen check rejects missing or changed patch bytes (644.775042ms)
✔ pnpm patch cannot read outside the repository (140.6735ms)
ℹ tests 19
ℹ suites 0
ℹ pass 16
ℹ fail 3
ℹ cancelled 0
ℹ skipped 0
ℹ todo 0
ℹ duration_ms 3713.587666

✖ failing tests:

test at scripts/f01-gate-negative.mjs:144:5
✖ Cargo manifest drift is rejected by actual lock gate (446.042667ms)
  AssertionError [ERR_ASSERTION]: error: failed to open file `/Users/anray/.cache/uv/sdists-v9/.git`: Operation not permitted (os error 1)
  
  
  2 !== 0
  
      at file:///Users/anray/Documents/project/SumAlpha/QuantOS/scripts/f01-gate-negative.mjs:151:16
      at fixture (file:///Users/anray/Documents/project/SumAlpha/QuantOS/scripts/f01-gate-negative.mjs:13:12)
      at TestContext.<anonymous> (file:///Users/anray/Documents/project/SumAlpha/QuantOS/scripts/f01-gate-negative.mjs:144:59)
      at Test.runInAsyncScope (node:async_hooks:214:14)
      at Test.run (node:internal/test_runner/test:1106:25)
      at Test.processPendingSubtests (node:internal/test_runner/test:788:18)
      at Test.postRun (node:internal/test_runner/test:1235:19)
      at Test.run (node:internal/test_runner/test:1163:12)
      at async Test.processPendingSubtests (node:internal/test_runner/test:788:7) {
    generatedMessage: false,
    code: 'ERR_ASSERTION',
    actual: 2,
    expected: 0,
    operator: 'strictEqual',
    diff: 'simple'
  }

test at scripts/f01-gate-negative.mjs:144:5
✖ pnpm manifest drift is rejected by actual lock gate (191.894792ms)
  AssertionError [ERR_ASSERTION]: error: failed to open file `/Users/anray/.cache/uv/sdists-v9/.git`: Operation not permitted (os error 1)
  
  
  2 !== 0
  
      at file:///Users/anray/Documents/project/SumAlpha/QuantOS/scripts/f01-gate-negative.mjs:151:16
      at fixture (file:///Users/anray/Documents/project/SumAlpha/QuantOS/scripts/f01-gate-negative.mjs:13:12)
      at TestContext.<anonymous> (file:///Users/anray/Documents/project/SumAlpha/QuantOS/scripts/f01-gate-negative.mjs:144:59)
      at Test.runInAsyncScope (node:async_hooks:214:14)
      at Test.run (node:internal/test_runner/test:1106:25)
      at Test.processPendingSubtests (node:internal/test_runner/test:788:18)
      at Test.postRun (node:internal/test_runner/test:1235:19)
      at Test.run (node:internal/test_runner/test:1163:12)
      at async Test.processPendingSubtests (node:internal/test_runner/test:788:7) {
    generatedMessage: false,
    code: 'ERR_ASSERTION',
    actual: 2,
    expected: 0,
    operator: 'strictEqual',
    diff: 'simple'
  }

test at scripts/f01-gate-negative.mjs:144:5
✖ malformed Buf lock is rejected by actual lock gate (192.822542ms)
  AssertionError [ERR_ASSERTION]: error: failed to open file `/Users/anray/.cache/uv/sdists-v9/.git`: Operation not permitted (os error 1)
  
  
  2 !== 0
  
      at file:///Users/anray/Documents/project/SumAlpha/QuantOS/scripts/f01-gate-negative.mjs:151:16
      at fixture (file:///Users/anray/Documents/project/SumAlpha/QuantOS/scripts/f01-gate-negative.mjs:13:12)
      at TestContext.<anonymous> (file:///Users/anray/Documents/project/SumAlpha/QuantOS/scripts/f01-gate-negative.mjs:144:59)
      at Test.runInAsyncScope (node:async_hooks:214:14)
      at Test.run (node:internal/test_runner/test:1106:25)
      at Test.processPendingSubtests (node:internal/test_runner/test:788:18)
      at Test.postRun (node:internal/test_runner/test:1235:19)
      at Test.run (node:internal/test_runner/test:1163:12)
      at async Test.processPendingSubtests (node:internal/test_runner/test:788:7) {
    generatedMessage: false,
    code: 'ERR_ASSERTION',
    actual: 2,
    expected: 0,
    operator: 'strictEqual',
    diff: 'simple'
  }
