node --test scripts/f02-gate-negative.mjs scripts/f02-a11-gate-negative.mjs scripts/playwright-git-history.test.mjs
✔ complete Linux matrix passes; deletion and pixel tampering fail (409.734791ms)
✔ acceptance never updates snapshots or skips missing snapshots (0.646125ms)
✔ only main signing and verification jobs receive the signing environment (11.628459ms)
✔ signing policy rejects missing protection, wildcards, tags and extra branches (0.207958ms)
✔ candidate import rejects tampering and stale source before writing, then imports the reviewed matrix (376.662208ms)
✔ required download check rejects skipped or failed event-specific verification (24.5695ms)
✔ PR receipts bind the checked out head while main signing stays on the event SHA (3.218375ms)
Verified 2 release files for aaaaaaaaaaaaaaaaaaaaaaaaaaaaaaaaaaaaaaaa
Verified 2 release files for aaaaaaaaaaaaaaaaaaaaaaaaaaaaaaaaaaaaaaaa
✔ real Gitleaks positive control and GitHub/Slack leaks (1560.543583ms)
✔ historical digest exceptions do not waive fresh credentials in audit JSON (1085.413125ms)
✔ RLS baseline rejects policy deletion and late disabling with recovery (166.40175ms)
✔ migration filename control, rejection and recovery (14.609792ms)
✔ waivers only authorize exact advisory/ecosystem/package/version before expiry (1.073041ms)
✔ license expression policy does not globally allow LGPL or unknown licenses (0.316375ms)
✔ release binds complete payload and SBOM to source; rejects corruption and build-only native files (3.0875ms)
✔ Buf compares against distinct historical source and detects removed fields (496.586166ms)
✔ SCA scanner adapter consumes exact waivers and never waives scanner failures (855.271916ms)
✔ Playwright PR reporting preserves complete history for downstream security scans (1629.507208ms)
ℹ tests 17
ℹ suites 0
ℹ pass 17
ℹ fail 0
ℹ cancelled 0
ℹ skipped 0
ℹ todo 0
ℹ duration_ms 4221.063125
