node --test scripts/f02-gate-negative.mjs scripts/f02-a11-gate-negative.mjs scripts/playwright-git-history.test.mjs
✔ complete Linux matrix passes; deletion and pixel tampering fail (399.961125ms)
✔ acceptance never updates snapshots or skips missing snapshots (1.454334ms)
✔ only main signing and verification jobs receive the signing environment (10.381667ms)
✔ signing policy rejects missing protection, wildcards, tags and extra branches (0.185375ms)
✔ candidate import rejects tampering and stale source before writing, then imports the reviewed matrix (375.5305ms)
✔ required download check rejects skipped or failed event-specific verification (23.988209ms)
✔ PR receipts bind the checked out head while main signing stays on the event SHA (3.554666ms)
Verified 2 release files for aaaaaaaaaaaaaaaaaaaaaaaaaaaaaaaaaaaaaaaa
Verified 2 release files for aaaaaaaaaaaaaaaaaaaaaaaaaaaaaaaaaaaaaaaa
✔ real Gitleaks positive control and GitHub/Slack leaks (1623.931292ms)
✔ historical digest exceptions do not waive fresh credentials in audit JSON (1199.443333ms)
✔ RLS baseline rejects policy deletion and late disabling with recovery (181.065667ms)
✔ migration filename control, rejection and recovery (15.60825ms)
✔ waivers only authorize exact advisory/ecosystem/package/version before expiry (1.109917ms)
✔ license expression policy does not globally allow LGPL or unknown licenses (0.342292ms)
✔ release binds complete payload and SBOM to source; rejects corruption and build-only native files (3.17025ms)
✔ Buf compares against distinct historical source and detects removed fields (543.839208ms)
✔ SCA scanner adapter consumes exact waivers and never waives scanner failures (1007.838416ms)
✔ Playwright PR reporting preserves complete history for downstream security scans (2591.955875ms)
ℹ tests 17
ℹ suites 0
ℹ pass 17
ℹ fail 0
ℹ cancelled 0
ℹ skipped 0
ℹ todo 0
ℹ duration_ms 4614.295875
