✔ all eight independently content-bound dependencies admit DEVELOPMENT only (19.134ms)
✔ engineering aggregation preserves the sole pending user confirmation (9.899708ms)
✔ milestone rejects missing F0 (8.122458ms)
✔ milestone rejects missing PRE (8.512583ms)
✔ milestone rejects duplicate dependency (7.869167ms)
✔ milestone rejects unready F0 (8.305917ms)
✔ milestone rejects manifest bytes replaced (8.294792ms)
✔ milestone rejects digest substituted (8.404333ms)
✔ milestone rejects dependency path substituted (8.207583ms)
✔ milestone rejects dependency verdict substituted (8.20525ms)
✔ milestone rejects self manifest schema (8.111625ms)
✔ milestone rejects normative change (7.676459ms)
✔ milestone rejects source input change (8.382375ms)
✔ milestone rejects unexecuted check (9.529459ms)
✔ milestone rejects missing execution time (8.493834ms)
✔ milestone rejects missing required check (8.678292ms)
✔ milestone rejects duplicate check (8.33375ms)
✔ milestone rejects wrong command (8.442292ms)
✔ milestone rejects log tampering (8.223792ms)
✔ milestone rejects rehashed prose (8.388667ms)
✔ milestone rejects external log path (7.933041ms)
✔ milestone rejects false formal acceptance (7.801042ms)
✔ milestone rejects aggregate claims database run (7.758292ms)
✔ milestone rejects hidden exclusions (8.161209ms)
✔ milestone rejects unresolved functional finding (7.899083ms)
✔ dependency validator is invoked and errors propagate (7.911875ms)
✔ fake READY cannot hide changed G0 scope (7.802833ms)
✔ arbitrary existing markdown cannot serve as a milestone receipt (0.110958ms)
✔ own arbitrary digest is rejected independently of dependency status (0.079792ms)
✔ F0 policy contains the six missing nodes and all eleven obligations (8.071625ms)
✔ production schema drift comparator rejects tables (0.179208ms)
✔ production schema drift comparator rejects columns (0.071375ms)
✔ production schema drift comparator rejects constraints (0.049084ms)
✔ production schema drift comparator rejects indexes (0.044292ms)
✔ production schema drift comparator rejects policies (0.042208ms)
✔ production schema drift comparator rejects routines (0.034542ms)
✔ production schema drift comparator rejects triggers (0.043583ms)
✔ 100-task recovery evidence cannot use 10-task diagnostic or accept P95 (0.963292ms)
✔ CI consumes the full milestone engineering validator and its negatives (0.079375ms)
✔ complete engineering checks retain BLOCKED while scope confirmation is absent (250.865667ms)
✔ strict acceptance rejects pending current user scope (158.657334ms)
✔ G0 rejects missing explicit proto baseline (124.262792ms)
✔ G0 rejects same-head proto baseline (121.350375ms)
✔ G0 rejects fabricated READY (123.621041ms)
✔ G0 rejects historical arbitrary manifest (118.99675ms)
✔ G0 rejects missing actual check (108.408708ms)
✔ G0 rejects duplicate actual check (110.952209ms)
✔ G0 rejects failed check (108.613958ms)
✔ G0 rejects unexecuted check (103.997917ms)
✔ G0 rejects wrong command (101.055833ms)
✔ G0 rejects source inventory drift (103.881542ms)
✔ G0 rejects planned scope delivered claim (105.811875ms)
✔ G0 rejects log tampering (102.718333ms)
✔ G0 rejects arbitrary rehashed prose (101.35075ms)
✔ G0 rejects wrong Web build source (111.177167ms)
✔ G0 rejects missing dependency (112.351167ms)
✔ G0 rejects dependency digest drift (109.786083ms)
✔ G0 rejects unready upstream (107.851416ms)
✔ G0 rejects hidden scope residual (102.927ms)
✔ pending scope cannot incorporate an approval record (89.616209ms)
✔ legacy six-role records cannot grant current confirmation (86.942ms)
✔ confirmed scope must bind current input digest (89.033166ms)
✔ confirmed scope requires the single user record (91.392583ms)
✔ dependency validation is actually invoked and failures propagate (109.255875ms)
✔ one document-bound current user confirmation replaces all role receipts (90.851292ms)
✔ CI must always validate engineering receipts and G0 negatives (0.096791ms)
✔ G0 rejects normative plan drift during execution before publishing (101.494208ms)
✔ G0 rejects code inventory drift during execution before publishing (102.862584ms)
✔ lifecycle metadata alone does not change normative G0 inputs (102.239375ms)
✔ real BFF baseline CLI matches its required G0 execution marker (82.379208ms)
✔ G0 worktree allows only lifecycle/evidence state "" (0.081833ms)
✔ G0 worktree allows only lifecycle/evidence state " M docs/SumAlpha-QuantOS-Development-Plan.md\n" (0.053417ms)
✔ G0 worktree allows only lifecycle/evidence state "M  docs/SumAlpha-QuantOS-Frontend-Development-Execution-Plan.md\n?? docs/audit/evidence/new/\n" (0.045833ms)
✔ G0 worktree allows only lifecycle/evidence state "?? docs/audit/report.md\n" (0.015459ms)
✔ G0 worktree rejects uncommitted functional input " M scripts/g0-development.mjs\n" (0.078166ms)
✔ G0 worktree rejects uncommitted functional input "M  apps/terminal/src/auth/flow.ts\n" (0.04625ms)
✔ G0 worktree rejects uncommitted functional input "?? bff/new.yaml\n" (0.030958ms)
✔ G0 worktree rejects uncommitted functional input "R  docs/audit/a.md -> scripts/backdoor.mjs\n" (0.026292ms)
✔ user-confirmed scope includes the normative G0 plan and excludes lifecycle metadata (96.502459ms)
✔ confirmation-only finalization refuses an absent user reply and cannot bless changed engineering inputs (109.817084ms)
✔ document-bound user reply finalizes the unchanged engineering checks without fabricating new execution (113.890292ms)
✔ valid source and execution-bound dependency chain is READY without release signatures (43.431625ms)
✔ missing required execution (34.923917ms)
✔ failed execution (32.977709ms)
✔ wrong actual command (31.749958ms)
✔ unresolved issue (27.471667ms)
✔ wrong node (25.750708ms)
✔ missing source inventory (31.654666ms)
✔ plan scope changed (25.410708ms)
✔ outside log path (34.054917ms)
✔ wrong log digest (32.956917ms)
✔ missing dependency (29.020875ms)
✔ dependency digest substituted (30.570333ms)
✔ tampered manifest bytes are rejected (31.093875ms)
✔ changed source content is rejected despite unchanged gate digest (29.014417ms)
✔ dependency must independently be READY (28.805833ms)
✔ arbitrary log cannot masquerade as successful execution (25.926875ms)
✔ input file symlink cannot escape the repository (25.013792ms)
✔ database execution cannot be inferred from a normal local PASS (29.110625ms)
✔ Supabase target receipt verifies each compressed execution log (33.274334ms)
✔ source drift during execution invalidates the original input snapshot (39.923417ms)
✔ requirement drift during execution invalidates the original input snapshot (43.013208ms)
✔ controlled public development profile overrides stale values and preserves server inputs (0.119583ms)
✔ private credentials cannot be injected through a public development profile (0.089375ms)
✔ transient Auth 503 can retry only a complete target execution (0.09575ms)
✔ persistent target timeout never becomes PASS and stops at its budget (0.066958ms)
✔ semantic target failures stop without retry or PASS (0.032792ms)
✔ target retry budget cannot be unbounded (0.102083ms)
✔ configured target retries require explicit attempt outcomes in the receipt (31.677875ms)
✔ three successful full builds bind output inventories (0.331791ms)
✔ reproducibility rejects only two builds (0.106292ms)
✔ reproducibility rejects missing Python build (0.121ms)
✔ reproducibility rejects failed command (0.126541ms)
✔ reproducibility rejects different output digest (0.089625ms)
✔ reproducibility rejects substituted inventory (0.072958ms)
✔ reproducibility rejects dirty source (0.057083ms)
✔ reproducibility rejects old source (0.065875ms)
✔ development policy retains explicit build, coverage, volume and target storage obligations (0.284458ms)
✔ static make commands cannot reload .env.local or inherit target database opt-ins (0.078791ms)
✔ volume retry restarts the complete check only on a closed PostgreSQL transport (0.052833ms)
✔ volume correctness and certificate errors cannot be retried into PASS (0.028583ms)
✔ persistent database transport failure stays failed at the retry limit (0.028292ms)
✔ separate assessment snapshot preserves historical manifests and binds its own logs (33.013125ms)
✔ third-party Git link binds the actual clean checkout and rejects dirty/advanced source (136.520791ms)
✔ one current user confirmation validates all documented review dimensions (2.133875ms)
✔ user confirmation rejects assistant self-approval (0.662958ms)
✔ user confirmation rejects unconfirmed draft (0.1845ms)
✔ user confirmation rejects workflow instruction alone (0.17475ms)
✔ user confirmation rejects missing user message (0.644375ms)
✔ user confirmation rejects missing identity (0.202ms)
✔ user confirmation rejects old historical confirmation (0.142458ms)
✔ user confirmation rejects future confirmation (0.128917ms)
✔ user confirmation rejects wrong node (0.377708ms)
✔ user confirmation rejects wrong stage (0.222458ms)
✔ user confirmation rejects wrong input digest (0.1655ms)
✔ user confirmation rejects wrong draft path (0.100875ms)
✔ user confirmation rejects parent traversal (0.096916ms)
✔ user confirmation rejects wrong document hash (0.101ms)
✔ changed original user record is rejected even with unchanged scope (0.098958ms)
✔ rehashing a draft cannot authorize a different scope (0.163375ms)
✔ draft must retain every review dimension even with updated document hash (0.117625ms)
ℹ tests 141
ℹ suites 0
ℹ pass 141
ℹ fail 0
ℹ cancelled 0
ℹ skipped 0
ℹ todo 0
ℹ duration_ms 3720.1135
