✔ all eight independently content-bound dependencies admit DEVELOPMENT only (27.15175ms)
✔ engineering aggregation preserves the sole pending user confirmation (10.054291ms)
✔ milestone rejects missing F0 (9.461ms)
✔ milestone rejects missing PRE (9.208917ms)
✔ milestone rejects duplicate dependency (9.105667ms)
✔ milestone rejects unready F0 (8.648292ms)
✔ milestone rejects manifest bytes replaced (8.179166ms)
✔ milestone rejects digest substituted (7.866708ms)
✔ milestone rejects dependency path substituted (7.539375ms)
✔ milestone rejects dependency verdict substituted (7.619959ms)
✔ milestone rejects self manifest schema (8.21525ms)
✔ milestone rejects normative change (8.185042ms)
✔ milestone rejects source input change (8.341541ms)
✔ milestone rejects unexecuted check (9.948041ms)
✔ milestone rejects missing execution time (8.59425ms)
✔ milestone rejects missing required check (8.81375ms)
✔ milestone rejects duplicate check (8.789ms)
✔ milestone rejects wrong command (8.877542ms)
✔ milestone rejects log tampering (7.842375ms)
✔ milestone rejects rehashed prose (8.09175ms)
✔ milestone rejects external log path (7.850042ms)
✔ milestone rejects false formal acceptance (8.121792ms)
✔ milestone rejects aggregate claims database run (7.906584ms)
✔ milestone rejects hidden exclusions (8.704334ms)
✔ milestone rejects unresolved functional finding (8.172459ms)
✔ dependency validator is invoked and errors propagate (8.261791ms)
✔ fake READY cannot hide changed G0 scope (8.039708ms)
✔ arbitrary existing markdown cannot serve as a milestone receipt (0.169542ms)
✔ own arbitrary digest is rejected independently of dependency status (0.139375ms)
✔ F0 policy contains the six missing nodes and all eleven obligations (7.662625ms)
✔ production schema drift comparator rejects tables (0.182ms)
✔ production schema drift comparator rejects columns (0.067125ms)
✔ production schema drift comparator rejects constraints (0.049208ms)
✔ production schema drift comparator rejects indexes (0.036792ms)
✔ production schema drift comparator rejects policies (0.040958ms)
✔ production schema drift comparator rejects routines (0.035458ms)
✔ production schema drift comparator rejects triggers (0.041333ms)
✔ 100-worker development evidence cannot use 10-task diagnostic or accept P95 (1.317292ms)
✔ CI consumes the full milestone engineering validator and its negatives (0.105875ms)
✔ production rejects InMemoryTerminalBackend (400.314375ms)
✔ production rejects InMemoryStrategyBackend (1.980375ms)
✔ production rejects InMemoryExecutionBackend (1.219292ms)
✔ production rejects InMemoryOpsBackend (0.969583ms)
✔ production rejects TerminalBackend (0.986375ms)
✔ production rejects StrategyBackend (0.922916ms)
✔ production rejects ExecutionBackend (0.883208ms)
✔ production rejects OpsBackend (1.012ms)
✔ production rejects createTerminalClient (1.217ms)
✔ production rejects bypass import * as api from '@sumalpha/api-client'; export const value = api; (1.375834ms)
✔ production rejects bypass export * from '@sumalpha/api-client'; (0.62625ms)
✔ production rejects bypass export { InMemoryOpsBackend as Default } from '@sumalpha/api-client'; (0.555458ms)
✔ production rejects bypass export const value = import('@sumalpha/api-client'); (0.632ms)
✔ production rejects bypass export const value = require('@sumalpha/api-client'); (0.89625ms)
✔ production rejects bypass import { value } from '../../../../crates/bff/src/db'; export {value}; (0.586875ms)
✔ production rejects bypass import { value } from '../tests/fixtures/backend'; export {value}; (0.494917ms)
✔ production rejects bypass export const value = import(globalThis.name); (1.097417ms)
✔ production rejects bypass import { value } from '@sumalpha/api-client/src/terminal'; export {value}; (0.704958ms)
✔ generated named public client imports are allowed (0.62ms)
✔ explicit test fixture adapters remain allowed (2.634083ms)
✔ production src cannot hide behind a test-like filename (0.819417ms)
✔ shared frontend wrapper cannot re-export a legacy adapter under an alias (1.599334ms)
✔ production rejects direct database or venue module pg (0.580666ms)
✔ production rejects direct database or venue module postgres (0.552875ms)
✔ production rejects direct database or venue module @supabase/supabase-js (0.5435ms)
✔ production rejects direct database or venue module @prisma/client (0.513459ms)
✔ production rejects direct database or venue module ccxt (0.928583ms)
✔ production rejects direct database or venue module @binance/connector (0.570375ms)
✔ registered Storybook data fixtures remain allowed (1.564458ms)
✔ runtime TerminalClient cannot instantiate a handwritten backend in production (0.531916ms)
✔ type-only legacy migration annotation does not create a production adapter (1.075708ms)
✔ production boundary cannot be bypassed with js (2.923584ms)
✔ production boundary cannot be bypassed with jsx (1.429666ms)
✔ production boundary cannot be bypassed with mjs (0.687333ms)
✔ production boundary cannot be bypassed with cjs (1.278834ms)
✔ production boundary cannot be disabled with an inline directive (1.663708ms)
✔ production cannot import repository database CLI internals (0.649166ms)
✖ complete engineering checks retain BLOCKED while scope confirmation is absent (114.139625ms)
✖ strict acceptance rejects pending current user scope (82.248833ms)
✖ G0 rejects missing explicit proto baseline (79.939333ms)
✖ G0 rejects same-head proto baseline (68.15275ms)
✖ G0 rejects fabricated READY (73.748208ms)
✖ G0 rejects historical arbitrary manifest (71.905792ms)
✖ G0 rejects missing actual check (67.52825ms)
✖ G0 rejects duplicate actual check (67.207583ms)
✖ G0 rejects failed check (68.007834ms)
✖ G0 rejects unexecuted check (66.189292ms)
✖ G0 rejects wrong command (69.462542ms)
✖ G0 rejects source inventory drift (61.579375ms)
✖ G0 rejects planned scope delivered claim (64.802167ms)
✖ G0 rejects log tampering (64.412666ms)
✖ G0 rejects arbitrary rehashed prose (60.497083ms)
✖ G0 rejects wrong Web build source (57.462584ms)
✖ G0 rejects missing dependency (58.122958ms)
✖ G0 rejects dependency digest drift (58.071917ms)
✖ G0 rejects unready upstream (57.187583ms)
✖ G0 rejects hidden scope residual (57.951541ms)
✔ pending scope cannot incorporate an approval record (52.158334ms)
✔ legacy six-role records cannot grant current confirmation (51.925333ms)
✖ confirmed scope must bind current input digest (52.435791ms)
✖ confirmed scope requires the single user record (50.81125ms)
✖ dependency validation is actually invoked and failures propagate (59.429708ms)
✖ one document-bound current user confirmation replaces all role receipts (50.641417ms)
✔ CI must always validate engineering receipts and G0 negatives (0.163875ms)
✖ G0 rejects normative plan drift during execution before publishing (58.622333ms)
✖ G0 rejects code inventory drift during execution before publishing (57.68125ms)
✖ lifecycle metadata alone does not change normative G0 inputs (59.200208ms)
✔ real BFF baseline CLI matches its required G0 execution marker (91.677333ms)
✔ G0 worktree allows only lifecycle/evidence state "" (0.114333ms)
✔ G0 worktree allows only lifecycle/evidence state " M docs/SumAlpha-QuantOS-Development-Plan.md\n" (0.064458ms)
✔ G0 worktree allows only lifecycle/evidence state "M  docs/SumAlpha-QuantOS-Frontend-Development-Execution-Plan.md\n?? docs/audit/evidence/new/\n" (0.064292ms)
✔ G0 worktree allows only lifecycle/evidence state "?? docs/audit/report.md\n" (0.032334ms)
✔ G0 worktree rejects uncommitted functional input " M scripts/g0-development.mjs\n" (0.097708ms)
✔ G0 worktree rejects uncommitted functional input "M  apps/terminal/src/auth/flow.ts\n" (0.056042ms)
✔ G0 worktree rejects uncommitted functional input "?? bff/new.yaml\n" (0.038291ms)
✔ G0 worktree rejects uncommitted functional input "R  docs/audit/a.md -> scripts/backdoor.mjs\n" (0.031291ms)
✖ user-confirmed scope includes the normative G0 plan and excludes lifecycle metadata (52.363375ms)
✖ confirmation-only finalization refuses an absent user reply and cannot bless changed engineering inputs (61.388208ms)
✖ document-bound user reply finalizes the unchanged engineering checks without fabricating new execution (57.814125ms)
✔ valid source and execution-bound dependency chain is READY without release signatures (53.698208ms)
✔ missing required execution (35.461541ms)
✔ failed execution (33.618167ms)
✔ wrong actual command (34.188208ms)
✔ unresolved issue (29.154292ms)
✔ wrong node (26.217625ms)
✔ missing source inventory (32.896334ms)
✔ plan scope changed (30.357209ms)
✔ outside log path (37.663417ms)
✔ wrong log digest (33.959958ms)
✔ missing dependency (33.182541ms)
✔ dependency digest substituted (33.062875ms)
✔ tampered manifest bytes are rejected (27.074083ms)
✔ changed source content is rejected despite unchanged gate digest (31.456583ms)
✔ dependency must independently be READY (35.670584ms)
✔ arbitrary log cannot masquerade as successful execution (35.218041ms)
✔ input file symlink cannot escape the repository (32.450459ms)
✔ database execution cannot be inferred from a normal local PASS (36.565208ms)
✔ Supabase target receipt verifies each compressed execution log (37.846083ms)
✔ source drift during execution invalidates the original input snapshot (55.666208ms)
✔ requirement drift during execution invalidates the original input snapshot (51.839958ms)
✔ controlled public development profile overrides stale values and preserves server inputs (0.159791ms)
✔ private credentials cannot be injected through a public development profile (0.128583ms)
✔ transient Auth 503 can retry only a complete target execution (0.110542ms)
✔ persistent target timeout never becomes PASS and stops at its budget (0.081125ms)
✔ semantic target failures stop without retry or PASS (0.027583ms)
✔ target retry budget cannot be unbounded (0.113417ms)
✔ configured target retries require explicit attempt outcomes in the receipt (36.925458ms)
✔ three successful full builds bind output inventories (0.381125ms)
✔ reproducibility rejects only two builds (0.118292ms)
✔ reproducibility rejects missing Python build (0.1295ms)
✔ reproducibility rejects failed command (0.148917ms)
✔ reproducibility rejects different output digest (0.095625ms)
✔ reproducibility rejects substituted inventory (0.072291ms)
✔ reproducibility rejects dirty source (0.058833ms)
✔ reproducibility rejects old source (0.058875ms)
✔ development policy retains explicit build, coverage, volume and target storage obligations (0.3655ms)
✔ static make commands cannot reload .env.local or inherit target database opt-ins (0.120042ms)
✔ volume retry restarts the complete check only on a closed PostgreSQL transport (0.067542ms)
✔ volume correctness and certificate errors cannot be retried into PASS (0.035167ms)
✔ persistent database transport failure stays failed at the retry limit (0.02825ms)
✔ separate assessment snapshot preserves historical manifests and binds its own logs (37.650542ms)
✔ third-party Git link binds the actual clean checkout and rejects dirty/advanced source (152.170875ms)
✔ one current user confirmation validates all documented review dimensions (3.607125ms)
✔ user confirmation rejects assistant self-approval (1.4155ms)
✔ user confirmation rejects unconfirmed draft (0.636375ms)
✔ user confirmation rejects workflow instruction alone (1.070167ms)
✔ user confirmation rejects missing user message (0.274917ms)
✔ user confirmation rejects missing identity (0.187709ms)
✔ user confirmation rejects old historical confirmation (0.640875ms)
✔ user confirmation rejects future confirmation (0.204833ms)
✔ user confirmation rejects wrong node (0.455334ms)
✔ user confirmation rejects wrong stage (0.255708ms)
✔ user confirmation rejects wrong input digest (0.207292ms)
✔ user confirmation rejects wrong draft path (0.118875ms)
✔ user confirmation rejects parent traversal (0.09375ms)
✔ user confirmation rejects wrong document hash (0.107958ms)
✔ changed original user record is rejected even with unchanged scope (0.090959ms)
✔ rehashing a draft cannot authorize a different scope (0.198416ms)
✔ draft must retain every review dimension even with updated document hash (0.140042ms)
ℹ tests 178
ℹ suites 0
ℹ pass 148
ℹ fail 30
ℹ cancelled 0
ℹ skipped 0
ℹ todo 0
ℹ duration_ms 2210.858583

✖ failing tests:

test at scripts/g0-development.test.mjs:20:1
✖ complete engineering checks retain BLOCKED while scope confirmation is absent (114.139625ms)
  AssertionError [ERR_ASSERTION]: missing required input selector security/braces-backport.json
      at inventory (file:///Users/anray/Documents/project/SumAlpha/QuantOS/scripts/provider-a1-receipts.mjs:45:34)
      at scopeRequest (file:///Users/anray/Documents/project/SumAlpha/QuantOS/scripts/g0-development.mjs:24:164)
      at fixture (file:///Users/anray/Documents/project/SumAlpha/QuantOS/scripts/g0-development.test.mjs:11:203)
      at TestContext.<anonymous> (file:///Users/anray/Documents/project/SumAlpha/QuantOS/scripts/g0-development.test.mjs:20:99)
      at Test.runInAsyncScope (node:async_hooks:214:14)
      at Test.run (node:internal/test_runner/test:1106:25)
      at Test.start (node:internal/test_runner/test:1003:17)
      at startSubtestAfterBootstrap (node:internal/test_runner/harness:358:17) {
    generatedMessage: false,
    code: 'ERR_ASSERTION',
    actual: false,
    expected: true,
    operator: '==',
    diff: 'simple'
  }

test at scripts/g0-development.test.mjs:21:1
✖ strict acceptance rejects pending current user scope (82.248833ms)
  AssertionError [ERR_ASSERTION]: missing required input selector security/braces-backport.json
      at inventory (file:///Users/anray/Documents/project/SumAlpha/QuantOS/scripts/provider-a1-receipts.mjs:45:34)
      at scopeRequest (file:///Users/anray/Documents/project/SumAlpha/QuantOS/scripts/g0-development.mjs:24:164)
      at fixture (file:///Users/anray/Documents/project/SumAlpha/QuantOS/scripts/g0-development.test.mjs:11:203)
      at TestContext.<anonymous> (file:///Users/anray/Documents/project/SumAlpha/QuantOS/scripts/g0-development.test.mjs:21:74)
      at Test.runInAsyncScope (node:async_hooks:214:14)
      at Test.run (node:internal/test_runner/test:1106:25)
      at Test.processPendingSubtests (node:internal/test_runner/test:788:18)
      at Test.postRun (node:internal/test_runner/test:1235:19)
      at Test.run (node:internal/test_runner/test:1163:12)
      at async startSubtestAfterBootstrap (node:internal/test_runner/harness:358:3) {
    generatedMessage: false,
    code: 'ERR_ASSERTION',
    actual: false,
    expected: true,
    operator: '==',
    diff: 'simple'
  }

test at scripts/g0-development.test.mjs:41:3
✖ G0 rejects missing explicit proto baseline (79.939333ms)
  AssertionError [ERR_ASSERTION]: missing required input selector security/braces-backport.json
      at inventory (file:///Users/anray/Documents/project/SumAlpha/QuantOS/scripts/provider-a1-receipts.mjs:45:34)
      at scopeRequest (file:///Users/anray/Documents/project/SumAlpha/QuantOS/scripts/g0-development.mjs:24:164)
      at fixture (file:///Users/anray/Documents/project/SumAlpha/QuantOS/scripts/g0-development.test.mjs:11:203)
      at TestContext.<anonymous> (file:///Users/anray/Documents/project/SumAlpha/QuantOS/scripts/g0-development.test.mjs:41:42)
      at Test.runInAsyncScope (node:async_hooks:214:14)
      at Test.run (node:internal/test_runner/test:1106:25)
      at Test.processPendingSubtests (node:internal/test_runner/test:788:18)
      at Test.postRun (node:internal/test_runner/test:1235:19)
      at Test.run (node:internal/test_runner/test:1163:12)
      at async Test.processPendingSubtests (node:internal/test_runner/test:788:7) {
    generatedMessage: false,
    code: 'ERR_ASSERTION',
    actual: false,
    expected: true,
    operator: '==',
    diff: 'simple'
  }

test at scripts/g0-development.test.mjs:41:3
✖ G0 rejects same-head proto baseline (68.15275ms)
  AssertionError [ERR_ASSERTION]: missing required input selector security/braces-backport.json
      at inventory (file:///Users/anray/Documents/project/SumAlpha/QuantOS/scripts/provider-a1-receipts.mjs:45:34)
      at scopeRequest (file:///Users/anray/Documents/project/SumAlpha/QuantOS/scripts/g0-development.mjs:24:164)
      at fixture (file:///Users/anray/Documents/project/SumAlpha/QuantOS/scripts/g0-development.test.mjs:11:203)
      at TestContext.<anonymous> (file:///Users/anray/Documents/project/SumAlpha/QuantOS/scripts/g0-development.test.mjs:41:42)
      at Test.runInAsyncScope (node:async_hooks:214:14)
      at Test.run (node:internal/test_runner/test:1106:25)
      at Test.processPendingSubtests (node:internal/test_runner/test:788:18)
      at Test.postRun (node:internal/test_runner/test:1235:19)
      at Test.run (node:internal/test_runner/test:1163:12)
      at async Test.processPendingSubtests (node:internal/test_runner/test:788:7) {
    generatedMessage: false,
    code: 'ERR_ASSERTION',
    actual: false,
    expected: true,
    operator: '==',
    diff: 'simple'
  }

test at scripts/g0-development.test.mjs:41:3
✖ G0 rejects fabricated READY (73.748208ms)
  AssertionError [ERR_ASSERTION]: missing required input selector security/braces-backport.json
      at inventory (file:///Users/anray/Documents/project/SumAlpha/QuantOS/scripts/provider-a1-receipts.mjs:45:34)
      at scopeRequest (file:///Users/anray/Documents/project/SumAlpha/QuantOS/scripts/g0-development.mjs:24:164)
      at fixture (file:///Users/anray/Documents/project/SumAlpha/QuantOS/scripts/g0-development.test.mjs:11:203)
      at TestContext.<anonymous> (file:///Users/anray/Documents/project/SumAlpha/QuantOS/scripts/g0-development.test.mjs:41:42)
      at Test.runInAsyncScope (node:async_hooks:214:14)
      at Test.run (node:internal/test_runner/test:1106:25)
      at Test.processPendingSubtests (node:internal/test_runner/test:788:18)
      at Test.postRun (node:internal/test_runner/test:1235:19)
      at Test.run (node:internal/test_runner/test:1163:12)
      at async Test.processPendingSubtests (node:internal/test_runner/test:788:7) {
    generatedMessage: false,
    code: 'ERR_ASSERTION',
    actual: false,
    expected: true,
    operator: '==',
    diff: 'simple'
  }

test at scripts/g0-development.test.mjs:41:3
✖ G0 rejects historical arbitrary manifest (71.905792ms)
  AssertionError [ERR_ASSERTION]: missing required input selector security/braces-backport.json
      at inventory (file:///Users/anray/Documents/project/SumAlpha/QuantOS/scripts/provider-a1-receipts.mjs:45:34)
      at scopeRequest (file:///Users/anray/Documents/project/SumAlpha/QuantOS/scripts/g0-development.mjs:24:164)
      at fixture (file:///Users/anray/Documents/project/SumAlpha/QuantOS/scripts/g0-development.test.mjs:11:203)
      at TestContext.<anonymous> (file:///Users/anray/Documents/project/SumAlpha/QuantOS/scripts/g0-development.test.mjs:41:42)
      at Test.runInAsyncScope (node:async_hooks:214:14)
      at Test.run (node:internal/test_runner/test:1106:25)
      at Test.processPendingSubtests (node:internal/test_runner/test:788:18)
      at Test.postRun (node:internal/test_runner/test:1235:19)
      at Test.run (node:internal/test_runner/test:1163:12)
      at async Test.processPendingSubtests (node:internal/test_runner/test:788:7) {
    generatedMessage: false,
    code: 'ERR_ASSERTION',
    actual: false,
    expected: true,
    operator: '==',
    diff: 'simple'
  }

test at scripts/g0-development.test.mjs:41:3
✖ G0 rejects missing actual check (67.52825ms)
  AssertionError [ERR_ASSERTION]: missing required input selector security/braces-backport.json
      at inventory (file:///Users/anray/Documents/project/SumAlpha/QuantOS/scripts/provider-a1-receipts.mjs:45:34)
      at scopeRequest (file:///Users/anray/Documents/project/SumAlpha/QuantOS/scripts/g0-development.mjs:24:164)
      at fixture (file:///Users/anray/Documents/project/SumAlpha/QuantOS/scripts/g0-development.test.mjs:11:203)
      at TestContext.<anonymous> (file:///Users/anray/Documents/project/SumAlpha/QuantOS/scripts/g0-development.test.mjs:41:42)
      at Test.runInAsyncScope (node:async_hooks:214:14)
      at Test.run (node:internal/test_runner/test:1106:25)
      at Test.processPendingSubtests (node:internal/test_runner/test:788:18)
      at Test.postRun (node:internal/test_runner/test:1235:19)
      at Test.run (node:internal/test_runner/test:1163:12)
      at async Test.processPendingSubtests (node:internal/test_runner/test:788:7) {
    generatedMessage: false,
    code: 'ERR_ASSERTION',
    actual: false,
    expected: true,
    operator: '==',
    diff: 'simple'
  }

test at scripts/g0-development.test.mjs:41:3
✖ G0 rejects duplicate actual check (67.207583ms)
  AssertionError [ERR_ASSERTION]: missing required input selector security/braces-backport.json
      at inventory (file:///Users/anray/Documents/project/SumAlpha/QuantOS/scripts/provider-a1-receipts.mjs:45:34)
      at scopeRequest (file:///Users/anray/Documents/project/SumAlpha/QuantOS/scripts/g0-development.mjs:24:164)
      at fixture (file:///Users/anray/Documents/project/SumAlpha/QuantOS/scripts/g0-development.test.mjs:11:203)
      at TestContext.<anonymous> (file:///Users/anray/Documents/project/SumAlpha/QuantOS/scripts/g0-development.test.mjs:41:42)
      at Test.runInAsyncScope (node:async_hooks:214:14)
      at Test.run (node:internal/test_runner/test:1106:25)
      at Test.processPendingSubtests (node:internal/test_runner/test:788:18)
      at Test.postRun (node:internal/test_runner/test:1235:19)
      at Test.run (node:internal/test_runner/test:1163:12)
      at async Test.processPendingSubtests (node:internal/test_runner/test:788:7) {
    generatedMessage: false,
    code: 'ERR_ASSERTION',
    actual: false,
    expected: true,
    operator: '==',
    diff: 'simple'
  }

test at scripts/g0-development.test.mjs:41:3
✖ G0 rejects failed check (68.007834ms)
  AssertionError [ERR_ASSERTION]: missing required input selector security/braces-backport.json
      at inventory (file:///Users/anray/Documents/project/SumAlpha/QuantOS/scripts/provider-a1-receipts.mjs:45:34)
      at scopeRequest (file:///Users/anray/Documents/project/SumAlpha/QuantOS/scripts/g0-development.mjs:24:164)
      at fixture (file:///Users/anray/Documents/project/SumAlpha/QuantOS/scripts/g0-development.test.mjs:11:203)
      at TestContext.<anonymous> (file:///Users/anray/Documents/project/SumAlpha/QuantOS/scripts/g0-development.test.mjs:41:42)
      at Test.runInAsyncScope (node:async_hooks:214:14)
      at Test.run (node:internal/test_runner/test:1106:25)
      at Test.processPendingSubtests (node:internal/test_runner/test:788:18)
      at Test.postRun (node:internal/test_runner/test:1235:19)
      at Test.run (node:internal/test_runner/test:1163:12)
      at async Test.processPendingSubtests (node:internal/test_runner/test:788:7) {
    generatedMessage: false,
    code: 'ERR_ASSERTION',
    actual: false,
    expected: true,
    operator: '==',
    diff: 'simple'
  }

test at scripts/g0-development.test.mjs:41:3
✖ G0 rejects unexecuted check (66.189292ms)
  AssertionError [ERR_ASSERTION]: missing required input selector security/braces-backport.json
      at inventory (file:///Users/anray/Documents/project/SumAlpha/QuantOS/scripts/provider-a1-receipts.mjs:45:34)
      at scopeRequest (file:///Users/anray/Documents/project/SumAlpha/QuantOS/scripts/g0-development.mjs:24:164)
      at fixture (file:///Users/anray/Documents/project/SumAlpha/QuantOS/scripts/g0-development.test.mjs:11:203)
      at TestContext.<anonymous> (file:///Users/anray/Documents/project/SumAlpha/QuantOS/scripts/g0-development.test.mjs:41:42)
      at Test.runInAsyncScope (node:async_hooks:214:14)
      at Test.run (node:internal/test_runner/test:1106:25)
      at Test.processPendingSubtests (node:internal/test_runner/test:788:18)
      at Test.postRun (node:internal/test_runner/test:1235:19)
      at Test.run (node:internal/test_runner/test:1163:12)
      at async Test.processPendingSubtests (node:internal/test_runner/test:788:7) {
    generatedMessage: false,
    code: 'ERR_ASSERTION',
    actual: false,
    expected: true,
    operator: '==',
    diff: 'simple'
  }

test at scripts/g0-development.test.mjs:41:3
✖ G0 rejects wrong command (69.462542ms)
  AssertionError [ERR_ASSERTION]: missing required input selector security/braces-backport.json
      at inventory (file:///Users/anray/Documents/project/SumAlpha/QuantOS/scripts/provider-a1-receipts.mjs:45:34)
      at scopeRequest (file:///Users/anray/Documents/project/SumAlpha/QuantOS/scripts/g0-development.mjs:24:164)
      at fixture (file:///Users/anray/Documents/project/SumAlpha/QuantOS/scripts/g0-development.test.mjs:11:203)
      at TestContext.<anonymous> (file:///Users/anray/Documents/project/SumAlpha/QuantOS/scripts/g0-development.test.mjs:41:42)
      at Test.runInAsyncScope (node:async_hooks:214:14)
      at Test.run (node:internal/test_runner/test:1106:25)
      at Test.processPendingSubtests (node:internal/test_runner/test:788:18)
      at Test.postRun (node:internal/test_runner/test:1235:19)
      at Test.run (node:internal/test_runner/test:1163:12)
      at async Test.processPendingSubtests (node:internal/test_runner/test:788:7) {
    generatedMessage: false,
    code: 'ERR_ASSERTION',
    actual: false,
    expected: true,
    operator: '==',
    diff: 'simple'
  }

test at scripts/g0-development.test.mjs:41:3
✖ G0 rejects source inventory drift (61.579375ms)
  AssertionError [ERR_ASSERTION]: missing required input selector security/braces-backport.json
      at inventory (file:///Users/anray/Documents/project/SumAlpha/QuantOS/scripts/provider-a1-receipts.mjs:45:34)
      at scopeRequest (file:///Users/anray/Documents/project/SumAlpha/QuantOS/scripts/g0-development.mjs:24:164)
      at fixture (file:///Users/anray/Documents/project/SumAlpha/QuantOS/scripts/g0-development.test.mjs:11:203)
      at TestContext.<anonymous> (file:///Users/anray/Documents/project/SumAlpha/QuantOS/scripts/g0-development.test.mjs:41:42)
      at Test.runInAsyncScope (node:async_hooks:214:14)
      at Test.run (node:internal/test_runner/test:1106:25)
      at Test.processPendingSubtests (node:internal/test_runner/test:788:18)
      at Test.postRun (node:internal/test_runner/test:1235:19)
      at Test.run (node:internal/test_runner/test:1163:12)
      at async Test.processPendingSubtests (node:internal/test_runner/test:788:7) {
    generatedMessage: false,
    code: 'ERR_ASSERTION',
    actual: false,
    expected: true,
    operator: '==',
    diff: 'simple'
  }

test at scripts/g0-development.test.mjs:41:3
✖ G0 rejects planned scope delivered claim (64.802167ms)
  AssertionError [ERR_ASSERTION]: missing required input selector security/braces-backport.json
      at inventory (file:///Users/anray/Documents/project/SumAlpha/QuantOS/scripts/provider-a1-receipts.mjs:45:34)
      at scopeRequest (file:///Users/anray/Documents/project/SumAlpha/QuantOS/scripts/g0-development.mjs:24:164)
      at fixture (file:///Users/anray/Documents/project/SumAlpha/QuantOS/scripts/g0-development.test.mjs:11:203)
      at TestContext.<anonymous> (file:///Users/anray/Documents/project/SumAlpha/QuantOS/scripts/g0-development.test.mjs:41:42)
      at Test.runInAsyncScope (node:async_hooks:214:14)
      at Test.run (node:internal/test_runner/test:1106:25)
      at Test.processPendingSubtests (node:internal/test_runner/test:788:18)
      at Test.postRun (node:internal/test_runner/test:1235:19)
      at Test.run (node:internal/test_runner/test:1163:12)
      at async Test.processPendingSubtests (node:internal/test_runner/test:788:7) {
    generatedMessage: false,
    code: 'ERR_ASSERTION',
    actual: false,
    expected: true,
    operator: '==',
    diff: 'simple'
  }

test at scripts/g0-development.test.mjs:41:3
✖ G0 rejects log tampering (64.412666ms)
  AssertionError [ERR_ASSERTION]: missing required input selector security/braces-backport.json
      at inventory (file:///Users/anray/Documents/project/SumAlpha/QuantOS/scripts/provider-a1-receipts.mjs:45:34)
      at scopeRequest (file:///Users/anray/Documents/project/SumAlpha/QuantOS/scripts/g0-development.mjs:24:164)
      at fixture (file:///Users/anray/Documents/project/SumAlpha/QuantOS/scripts/g0-development.test.mjs:11:203)
      at TestContext.<anonymous> (file:///Users/anray/Documents/project/SumAlpha/QuantOS/scripts/g0-development.test.mjs:41:42)
      at Test.runInAsyncScope (node:async_hooks:214:14)
      at Test.run (node:internal/test_runner/test:1106:25)
      at Test.processPendingSubtests (node:internal/test_runner/test:788:18)
      at Test.postRun (node:internal/test_runner/test:1235:19)
      at Test.run (node:internal/test_runner/test:1163:12)
      at async Test.processPendingSubtests (node:internal/test_runner/test:788:7) {
    generatedMessage: false,
    code: 'ERR_ASSERTION',
    actual: false,
    expected: true,
    operator: '==',
    diff: 'simple'
  }

test at scripts/g0-development.test.mjs:41:3
✖ G0 rejects arbitrary rehashed prose (60.497083ms)
  AssertionError [ERR_ASSERTION]: missing required input selector security/braces-backport.json
      at inventory (file:///Users/anray/Documents/project/SumAlpha/QuantOS/scripts/provider-a1-receipts.mjs:45:34)
      at scopeRequest (file:///Users/anray/Documents/project/SumAlpha/QuantOS/scripts/g0-development.mjs:24:164)
      at fixture (file:///Users/anray/Documents/project/SumAlpha/QuantOS/scripts/g0-development.test.mjs:11:203)
      at TestContext.<anonymous> (file:///Users/anray/Documents/project/SumAlpha/QuantOS/scripts/g0-development.test.mjs:41:42)
      at Test.runInAsyncScope (node:async_hooks:214:14)
      at Test.run (node:internal/test_runner/test:1106:25)
      at Test.processPendingSubtests (node:internal/test_runner/test:788:18)
      at Test.postRun (node:internal/test_runner/test:1235:19)
      at Test.run (node:internal/test_runner/test:1163:12)
      at async Test.processPendingSubtests (node:internal/test_runner/test:788:7) {
    generatedMessage: false,
    code: 'ERR_ASSERTION',
    actual: false,
    expected: true,
    operator: '==',
    diff: 'simple'
  }

test at scripts/g0-development.test.mjs:41:3
✖ G0 rejects wrong Web build source (57.462584ms)
  AssertionError [ERR_ASSERTION]: missing required input selector security/braces-backport.json
      at inventory (file:///Users/anray/Documents/project/SumAlpha/QuantOS/scripts/provider-a1-receipts.mjs:45:34)
      at scopeRequest (file:///Users/anray/Documents/project/SumAlpha/QuantOS/scripts/g0-development.mjs:24:164)
      at fixture (file:///Users/anray/Documents/project/SumAlpha/QuantOS/scripts/g0-development.test.mjs:11:203)
      at TestContext.<anonymous> (file:///Users/anray/Documents/project/SumAlpha/QuantOS/scripts/g0-development.test.mjs:41:42)
      at Test.runInAsyncScope (node:async_hooks:214:14)
      at Test.run (node:internal/test_runner/test:1106:25)
      at Test.processPendingSubtests (node:internal/test_runner/test:788:18)
      at Test.postRun (node:internal/test_runner/test:1235:19)
      at Test.run (node:internal/test_runner/test:1163:12)
      at async Test.processPendingSubtests (node:internal/test_runner/test:788:7) {
    generatedMessage: false,
    code: 'ERR_ASSERTION',
    actual: false,
    expected: true,
    operator: '==',
    diff: 'simple'
  }

test at scripts/g0-development.test.mjs:41:3
✖ G0 rejects missing dependency (58.122958ms)
  AssertionError [ERR_ASSERTION]: missing required input selector security/braces-backport.json
      at inventory (file:///Users/anray/Documents/project/SumAlpha/QuantOS/scripts/provider-a1-receipts.mjs:45:34)
      at scopeRequest (file:///Users/anray/Documents/project/SumAlpha/QuantOS/scripts/g0-development.mjs:24:164)
      at fixture (file:///Users/anray/Documents/project/SumAlpha/QuantOS/scripts/g0-development.test.mjs:11:203)
      at TestContext.<anonymous> (file:///Users/anray/Documents/project/SumAlpha/QuantOS/scripts/g0-development.test.mjs:41:42)
      at Test.runInAsyncScope (node:async_hooks:214:14)
      at Test.run (node:internal/test_runner/test:1106:25)
      at Test.processPendingSubtests (node:internal/test_runner/test:788:18)
      at Test.postRun (node:internal/test_runner/test:1235:19)
      at Test.run (node:internal/test_runner/test:1163:12)
      at async Test.processPendingSubtests (node:internal/test_runner/test:788:7) {
    generatedMessage: false,
    code: 'ERR_ASSERTION',
    actual: false,
    expected: true,
    operator: '==',
    diff: 'simple'
  }

test at scripts/g0-development.test.mjs:41:3
✖ G0 rejects dependency digest drift (58.071917ms)
  AssertionError [ERR_ASSERTION]: missing required input selector security/braces-backport.json
      at inventory (file:///Users/anray/Documents/project/SumAlpha/QuantOS/scripts/provider-a1-receipts.mjs:45:34)
      at scopeRequest (file:///Users/anray/Documents/project/SumAlpha/QuantOS/scripts/g0-development.mjs:24:164)
      at fixture (file:///Users/anray/Documents/project/SumAlpha/QuantOS/scripts/g0-development.test.mjs:11:203)
      at TestContext.<anonymous> (file:///Users/anray/Documents/project/SumAlpha/QuantOS/scripts/g0-development.test.mjs:41:42)
      at Test.runInAsyncScope (node:async_hooks:214:14)
      at Test.run (node:internal/test_runner/test:1106:25)
      at Test.processPendingSubtests (node:internal/test_runner/test:788:18)
      at Test.postRun (node:internal/test_runner/test:1235:19)
      at Test.run (node:internal/test_runner/test:1163:12)
      at async Test.processPendingSubtests (node:internal/test_runner/test:788:7) {
    generatedMessage: false,
    code: 'ERR_ASSERTION',
    actual: false,
    expected: true,
    operator: '==',
    diff: 'simple'
  }

test at scripts/g0-development.test.mjs:41:3
✖ G0 rejects unready upstream (57.187583ms)
  AssertionError [ERR_ASSERTION]: missing required input selector security/braces-backport.json
      at inventory (file:///Users/anray/Documents/project/SumAlpha/QuantOS/scripts/provider-a1-receipts.mjs:45:34)
      at scopeRequest (file:///Users/anray/Documents/project/SumAlpha/QuantOS/scripts/g0-development.mjs:24:164)
      at fixture (file:///Users/anray/Documents/project/SumAlpha/QuantOS/scripts/g0-development.test.mjs:11:203)
      at TestContext.<anonymous> (file:///Users/anray/Documents/project/SumAlpha/QuantOS/scripts/g0-development.test.mjs:41:42)
      at Test.runInAsyncScope (node:async_hooks:214:14)
      at Test.run (node:internal/test_runner/test:1106:25)
      at Test.processPendingSubtests (node:internal/test_runner/test:788:18)
      at Test.postRun (node:internal/test_runner/test:1235:19)
      at Test.run (node:internal/test_runner/test:1163:12)
      at async Test.processPendingSubtests (node:internal/test_runner/test:788:7) {
    generatedMessage: false,
    code: 'ERR_ASSERTION',
    actual: false,
    expected: true,
    operator: '==',
    diff: 'simple'
  }

test at scripts/g0-development.test.mjs:41:3
✖ G0 rejects hidden scope residual (57.951541ms)
  AssertionError [ERR_ASSERTION]: missing required input selector security/braces-backport.json
      at inventory (file:///Users/anray/Documents/project/SumAlpha/QuantOS/scripts/provider-a1-receipts.mjs:45:34)
      at scopeRequest (file:///Users/anray/Documents/project/SumAlpha/QuantOS/scripts/g0-development.mjs:24:164)
      at fixture (file:///Users/anray/Documents/project/SumAlpha/QuantOS/scripts/g0-development.test.mjs:11:203)
      at TestContext.<anonymous> (file:///Users/anray/Documents/project/SumAlpha/QuantOS/scripts/g0-development.test.mjs:41:42)
      at Test.runInAsyncScope (node:async_hooks:214:14)
      at Test.run (node:internal/test_runner/test:1106:25)
      at Test.processPendingSubtests (node:internal/test_runner/test:788:18)
      at Test.postRun (node:internal/test_runner/test:1235:19)
      at Test.run (node:internal/test_runner/test:1163:12)
      at async Test.processPendingSubtests (node:internal/test_runner/test:788:7) {
    generatedMessage: false,
    code: 'ERR_ASSERTION',
    actual: false,
    expected: true,
    operator: '==',
    diff: 'simple'
  }

test at scripts/g0-development.test.mjs:44:1
✖ confirmed scope must bind current input digest (52.435791ms)
  AssertionError [ERR_ASSERTION]: The input did not match the regular expression /input digest changed/. Input:
  
  'AssertionError [ERR_ASSERTION]: missing required input selector security/braces-backport.json'
  
      at TestContext.<anonymous> (file:///Users/anray/Documents/project/SumAlpha/QuantOS/scripts/g0-development.test.mjs:44:66)
      at Test.runInAsyncScope (node:async_hooks:214:14)
      at Test.run (node:internal/test_runner/test:1106:25)
      at Test.processPendingSubtests (node:internal/test_runner/test:788:18)
      at Test.postRun (node:internal/test_runner/test:1235:19)
      at Test.run (node:internal/test_runner/test:1163:12)
      at async Test.processPendingSubtests (node:internal/test_runner/test:788:7) {
    generatedMessage: true,
    code: 'ERR_ASSERTION',
    actual: AssertionError [ERR_ASSERTION]: missing required input selector security/braces-backport.json
        at inventory (file:///Users/anray/Documents/project/SumAlpha/QuantOS/scripts/provider-a1-receipts.mjs:45:34)
        at scopeRequest (file:///Users/anray/Documents/project/SumAlpha/QuantOS/scripts/g0-development.mjs:24:164)
        at file:///Users/anray/Documents/project/SumAlpha/QuantOS/scripts/g0-development.test.mjs:44:208
        at getActual (node:assert:611:5)
        at strict.throws (node:assert:759:24)
        at TestContext.<anonymous> (file:///Users/anray/Documents/project/SumAlpha/QuantOS/scripts/g0-development.test.mjs:44:66)
        at Test.runInAsyncScope (node:async_hooks:214:14)
        at Test.run (node:internal/test_runner/test:1106:25)
        at Test.processPendingSubtests (node:internal/test_runner/test:788:18)
        at Test.postRun (node:internal/test_runner/test:1235:19),
    expected: /input digest changed/,
    operator: 'throws',
    diff: 'simple'
  }

test at scripts/g0-development.test.mjs:45:1
✖ confirmed scope requires the single user record (50.81125ms)
  AssertionError [ERR_ASSERTION]: missing required input selector security/braces-backport.json
      at inventory (file:///Users/anray/Documents/project/SumAlpha/QuantOS/scripts/provider-a1-receipts.mjs:45:34)
      at scopeRequest (file:///Users/anray/Documents/project/SumAlpha/QuantOS/scripts/g0-development.mjs:24:164)
      at TestContext.<anonymous> (file:///Users/anray/Documents/project/SumAlpha/QuantOS/scripts/g0-development.test.mjs:45:75)
      at Test.runInAsyncScope (node:async_hooks:214:14)
      at Test.run (node:internal/test_runner/test:1106:25)
      at Test.processPendingSubtests (node:internal/test_runner/test:788:18)
      at Test.postRun (node:internal/test_runner/test:1235:19)
      at Test.run (node:internal/test_runner/test:1163:12)
      at async Test.processPendingSubtests (node:internal/test_runner/test:788:7) {
    generatedMessage: false,
    code: 'ERR_ASSERTION',
    actual: false,
    expected: true,
    operator: '==',
    diff: 'simple'
  }

test at scripts/g0-development.test.mjs:46:1
✖ dependency validation is actually invoked and failures propagate (59.429708ms)
  AssertionError [ERR_ASSERTION]: missing required input selector security/braces-backport.json
      at inventory (file:///Users/anray/Documents/project/SumAlpha/QuantOS/scripts/provider-a1-receipts.mjs:45:34)
      at scopeRequest (file:///Users/anray/Documents/project/SumAlpha/QuantOS/scripts/g0-development.mjs:24:164)
      at fixture (file:///Users/anray/Documents/project/SumAlpha/QuantOS/scripts/g0-development.test.mjs:11:203)
      at TestContext.<anonymous> (file:///Users/anray/Documents/project/SumAlpha/QuantOS/scripts/g0-development.test.mjs:46:86)
      at Test.runInAsyncScope (node:async_hooks:214:14)
      at Test.run (node:internal/test_runner/test:1106:25)
      at Test.processPendingSubtests (node:internal/test_runner/test:788:18)
      at Test.postRun (node:internal/test_runner/test:1235:19)
      at Test.run (node:internal/test_runner/test:1163:12)
      at async Test.processPendingSubtests (node:internal/test_runner/test:788:7) {
    generatedMessage: false,
    code: 'ERR_ASSERTION',
    actual: false,
    expected: true,
    operator: '==',
    diff: 'simple'
  }

test at scripts/g0-development.test.mjs:47:1
✖ one document-bound current user confirmation replaces all role receipts (50.641417ms)
  AssertionError [ERR_ASSERTION]: missing required input selector security/braces-backport.json
      at inventory (file:///Users/anray/Documents/project/SumAlpha/QuantOS/scripts/provider-a1-receipts.mjs:45:34)
      at scopeRequest (file:///Users/anray/Documents/project/SumAlpha/QuantOS/scripts/g0-development.mjs:24:164)
      at TestContext.<anonymous> (file:///Users/anray/Documents/project/SumAlpha/QuantOS/scripts/g0-development.test.mjs:48:16)
      at Test.runInAsyncScope (node:async_hooks:214:14)
      at Test.run (node:internal/test_runner/test:1106:25)
      at Test.processPendingSubtests (node:internal/test_runner/test:788:18)
      at Test.postRun (node:internal/test_runner/test:1235:19)
      at Test.run (node:internal/test_runner/test:1163:12)
      at async Test.processPendingSubtests (node:internal/test_runner/test:788:7) {
    generatedMessage: false,
    code: 'ERR_ASSERTION',
    actual: false,
    expected: true,
    operator: '==',
    diff: 'simple'
  }

test at scripts/g0-development.test.mjs:53:1
✖ G0 rejects normative plan drift during execution before publishing (58.622333ms)
  AssertionError [ERR_ASSERTION]: missing required input selector security/braces-backport.json
      at inventory (file:///Users/anray/Documents/project/SumAlpha/QuantOS/scripts/provider-a1-receipts.mjs:45:34)
      at scopeRequest (file:///Users/anray/Documents/project/SumAlpha/QuantOS/scripts/g0-development.mjs:24:164)
      at fixture (file:///Users/anray/Documents/project/SumAlpha/QuantOS/scripts/g0-development.test.mjs:11:203)
      at TestContext.<anonymous> (file:///Users/anray/Documents/project/SumAlpha/QuantOS/scripts/g0-development.test.mjs:53:88)
      at Test.runInAsyncScope (node:async_hooks:214:14)
      at Test.run (node:internal/test_runner/test:1106:25)
      at Test.processPendingSubtests (node:internal/test_runner/test:788:18)
      at Test.postRun (node:internal/test_runner/test:1235:19)
      at Test.run (node:internal/test_runner/test:1163:12)
      at async Test.processPendingSubtests (node:internal/test_runner/test:788:7) {
    generatedMessage: false,
    code: 'ERR_ASSERTION',
    actual: false,
    expected: true,
    operator: '==',
    diff: 'simple'
  }

test at scripts/g0-development.test.mjs:54:1
✖ G0 rejects code inventory drift during execution before publishing (57.68125ms)
  AssertionError [ERR_ASSERTION]: missing required input selector security/braces-backport.json
      at inventory (file:///Users/anray/Documents/project/SumAlpha/QuantOS/scripts/provider-a1-receipts.mjs:45:34)
      at scopeRequest (file:///Users/anray/Documents/project/SumAlpha/QuantOS/scripts/g0-development.mjs:24:164)
      at fixture (file:///Users/anray/Documents/project/SumAlpha/QuantOS/scripts/g0-development.test.mjs:11:203)
      at TestContext.<anonymous> (file:///Users/anray/Documents/project/SumAlpha/QuantOS/scripts/g0-development.test.mjs:54:88)
      at Test.runInAsyncScope (node:async_hooks:214:14)
      at Test.run (node:internal/test_runner/test:1106:25)
      at Test.processPendingSubtests (node:internal/test_runner/test:788:18)
      at Test.postRun (node:internal/test_runner/test:1235:19)
      at Test.run (node:internal/test_runner/test:1163:12)
      at async Test.processPendingSubtests (node:internal/test_runner/test:788:7) {
    generatedMessage: false,
    code: 'ERR_ASSERTION',
    actual: false,
    expected: true,
    operator: '==',
    diff: 'simple'
  }

test at scripts/g0-development.test.mjs:55:1
✖ lifecycle metadata alone does not change normative G0 inputs (59.200208ms)
  AssertionError [ERR_ASSERTION]: missing required input selector security/braces-backport.json
      at inventory (file:///Users/anray/Documents/project/SumAlpha/QuantOS/scripts/provider-a1-receipts.mjs:45:34)
      at scopeRequest (file:///Users/anray/Documents/project/SumAlpha/QuantOS/scripts/g0-development.mjs:24:164)
      at fixture (file:///Users/anray/Documents/project/SumAlpha/QuantOS/scripts/g0-development.test.mjs:11:203)
      at TestContext.<anonymous> (file:///Users/anray/Documents/project/SumAlpha/QuantOS/scripts/g0-development.test.mjs:55:82)
      at Test.runInAsyncScope (node:async_hooks:214:14)
      at Test.run (node:internal/test_runner/test:1106:25)
      at Test.processPendingSubtests (node:internal/test_runner/test:788:18)
      at Test.postRun (node:internal/test_runner/test:1235:19)
      at Test.run (node:internal/test_runner/test:1163:12)
      at async Test.processPendingSubtests (node:internal/test_runner/test:788:7) {
    generatedMessage: false,
    code: 'ERR_ASSERTION',
    actual: false,
    expected: true,
    operator: '==',
    diff: 'simple'
  }

test at scripts/g0-development.test.mjs:60:1
✖ user-confirmed scope includes the normative G0 plan and excludes lifecycle metadata (52.363375ms)
  AssertionError [ERR_ASSERTION]: missing required input selector security/braces-backport.json
      at inventory (file:///Users/anray/Documents/project/SumAlpha/QuantOS/scripts/provider-a1-receipts.mjs:45:34)
      at scopeRequest (file:///Users/anray/Documents/project/SumAlpha/QuantOS/scripts/g0-development.mjs:24:164)
      at TestContext.<anonymous> (file:///Users/anray/Documents/project/SumAlpha/QuantOS/scripts/g0-development.test.mjs:60:111)
      at Test.runInAsyncScope (node:async_hooks:214:14)
      at Test.run (node:internal/test_runner/test:1106:25)
      at Test.processPendingSubtests (node:internal/test_runner/test:788:18)
      at Test.postRun (node:internal/test_runner/test:1235:19)
      at Test.run (node:internal/test_runner/test:1163:12)
      at async Test.processPendingSubtests (node:internal/test_runner/test:788:7) {
    generatedMessage: false,
    code: 'ERR_ASSERTION',
    actual: false,
    expected: true,
    operator: '==',
    diff: 'simple'
  }

test at scripts/g0-development.test.mjs:62:1
✖ confirmation-only finalization refuses an absent user reply and cannot bless changed engineering inputs (61.388208ms)
  AssertionError [ERR_ASSERTION]: missing required input selector security/braces-backport.json
      at inventory (file:///Users/anray/Documents/project/SumAlpha/QuantOS/scripts/provider-a1-receipts.mjs:45:34)
      at scopeRequest (file:///Users/anray/Documents/project/SumAlpha/QuantOS/scripts/g0-development.mjs:24:164)
      at fixture (file:///Users/anray/Documents/project/SumAlpha/QuantOS/scripts/g0-development.test.mjs:11:203)
      at TestContext.<anonymous> (file:///Users/anray/Documents/project/SumAlpha/QuantOS/scripts/g0-development.test.mjs:62:125)
      at Test.runInAsyncScope (node:async_hooks:214:14)
      at Test.run (node:internal/test_runner/test:1106:25)
      at Test.processPendingSubtests (node:internal/test_runner/test:788:18)
      at Test.postRun (node:internal/test_runner/test:1235:19)
      at Test.run (node:internal/test_runner/test:1163:12)
      at async Test.processPendingSubtests (node:internal/test_runner/test:788:7) {
    generatedMessage: false,
    code: 'ERR_ASSERTION',
    actual: false,
    expected: true,
    operator: '==',
    diff: 'simple'
  }

test at scripts/g0-development.test.mjs:63:1
✖ document-bound user reply finalizes the unchanged engineering checks without fabricating new execution (57.814125ms)
  AssertionError [ERR_ASSERTION]: missing required input selector security/braces-backport.json
      at inventory (file:///Users/anray/Documents/project/SumAlpha/QuantOS/scripts/provider-a1-receipts.mjs:45:34)
      at scopeRequest (file:///Users/anray/Documents/project/SumAlpha/QuantOS/scripts/g0-development.mjs:24:164)
      at fixture (file:///Users/anray/Documents/project/SumAlpha/QuantOS/scripts/g0-development.test.mjs:11:203)
      at TestContext.<anonymous> (file:///Users/anray/Documents/project/SumAlpha/QuantOS/scripts/g0-development.test.mjs:64:10)
      at Test.runInAsyncScope (node:async_hooks:214:14)
      at Test.run (node:internal/test_runner/test:1106:25)
      at Test.processPendingSubtests (node:internal/test_runner/test:788:18)
      at Test.postRun (node:internal/test_runner/test:1235:19)
      at Test.run (node:internal/test_runner/test:1163:12)
      at async Test.processPendingSubtests (node:internal/test_runner/test:788:7) {
    generatedMessage: false,
    code: 'ERR_ASSERTION',
    actual: false,
    expected: true,
    operator: '==',
    diff: 'simple'
  }
