✔ all eight independently content-bound dependencies admit DEVELOPMENT only (19.293916ms)
✔ engineering aggregation preserves the sole pending user confirmation (9.9375ms)
✔ milestone rejects missing F0 (9.623375ms)
✔ milestone rejects missing PRE (9.849459ms)
✔ milestone rejects duplicate dependency (9.261375ms)
✔ milestone rejects unready F0 (9.222292ms)
✔ milestone rejects manifest bytes replaced (8.921ms)
✔ milestone rejects digest substituted (7.872917ms)
✔ milestone rejects dependency path substituted (8.335125ms)
✔ milestone rejects dependency verdict substituted (8.460917ms)
✔ milestone rejects self manifest schema (7.810959ms)
✔ milestone rejects normative change (8.444792ms)
✔ milestone rejects source input change (8.537125ms)
✔ milestone rejects unexecuted check (9.452083ms)
✔ milestone rejects missing execution time (7.90775ms)
✔ milestone rejects missing required check (8.488584ms)
✔ milestone rejects duplicate check (8.102291ms)
✔ milestone rejects wrong command (8.319083ms)
✔ milestone rejects log tampering (7.639708ms)
✔ milestone rejects rehashed prose (8.042292ms)
✔ milestone rejects external log path (7.539625ms)
✔ milestone rejects false formal acceptance (8.021417ms)
✔ milestone rejects aggregate claims database run (7.813458ms)
✔ milestone rejects hidden exclusions (8.556791ms)
✔ milestone rejects unresolved functional finding (7.496458ms)
✔ dependency validator is invoked and errors propagate (7.889042ms)
✔ fake READY cannot hide changed G0 scope (7.544666ms)
✔ arbitrary existing markdown cannot serve as a milestone receipt (0.13225ms)
✔ own arbitrary digest is rejected independently of dependency status (0.088708ms)
✔ F0 policy contains the six missing nodes and all eleven obligations (7.760209ms)
✔ production schema drift comparator rejects tables (0.154791ms)
✔ production schema drift comparator rejects columns (0.063833ms)
✔ production schema drift comparator rejects constraints (0.052833ms)
✔ production schema drift comparator rejects indexes (0.0395ms)
✔ production schema drift comparator rejects policies (0.042042ms)
✔ production schema drift comparator rejects routines (0.035208ms)
✔ production schema drift comparator rejects triggers (0.039958ms)
✔ 100-worker development evidence cannot use 10-task diagnostic or accept P95 (1.110542ms)
✔ CI consumes the full milestone engineering validator and its negatives (0.087333ms)
✔ production rejects InMemoryTerminalBackend (286.404666ms)
✔ production rejects InMemoryStrategyBackend (1.566291ms)
✔ production rejects InMemoryExecutionBackend (1.1025ms)
✔ production rejects InMemoryOpsBackend (0.850583ms)
✔ production rejects TerminalBackend (1.33775ms)
✔ production rejects StrategyBackend (1.159792ms)
✔ production rejects ExecutionBackend (0.931042ms)
✔ production rejects OpsBackend (0.851958ms)
✔ production rejects createTerminalClient (0.9675ms)
✔ production rejects bypass import * as api from '@sumalpha/api-client'; export const value = api; (1.271667ms)
✔ production rejects bypass export * from '@sumalpha/api-client'; (0.710583ms)
✔ production rejects bypass export { InMemoryOpsBackend as Default } from '@sumalpha/api-client'; (0.6125ms)
✔ production rejects bypass export const value = import('@sumalpha/api-client'); (0.6945ms)
✔ production rejects bypass export const value = require('@sumalpha/api-client'); (1.067042ms)
✔ production rejects bypass import { value } from '../../../../crates/bff/src/db'; export {value}; (0.730042ms)
✔ production rejects bypass import { value } from '../tests/fixtures/backend'; export {value}; (0.550292ms)
✔ production rejects bypass export const value = import(globalThis.name); (0.819541ms)
✔ production rejects bypass import { value } from '@sumalpha/api-client/src/terminal'; export {value}; (0.58775ms)
✔ generated named public client imports are allowed (0.574959ms)
✔ explicit test fixture adapters remain allowed (2.470167ms)
✔ production src cannot hide behind a test-like filename (0.635958ms)
✔ shared frontend wrapper cannot re-export a legacy adapter under an alias (1.540167ms)
✔ production rejects direct database or venue module pg (0.616583ms)
✔ production rejects direct database or venue module postgres (0.534292ms)
✔ production rejects direct database or venue module @supabase/supabase-js (0.530625ms)
✔ production rejects direct database or venue module @prisma/client (0.530375ms)
✔ production rejects direct database or venue module ccxt (0.565541ms)
✔ production rejects direct database or venue module @binance/connector (0.516792ms)
✔ registered Storybook data fixtures remain allowed (1.574ms)
✔ runtime TerminalClient cannot instantiate a handwritten backend in production (0.53125ms)
✔ type-only legacy migration annotation does not create a production adapter (1.140875ms)
✔ production boundary cannot be bypassed with js (2.536458ms)
✔ production boundary cannot be bypassed with jsx (1.235708ms)
✔ production boundary cannot be bypassed with mjs (0.5895ms)
✔ production boundary cannot be bypassed with cjs (1.081792ms)
✔ production boundary cannot be disabled with an inline directive (1.01675ms)
✔ production cannot import repository database CLI internals (0.451208ms)
✔ complete engineering checks retain BLOCKED while scope confirmation is absent (264.725666ms)
✔ strict acceptance rejects pending current user scope (157.931333ms)
✔ G0 rejects missing explicit proto baseline (128.587333ms)
✔ G0 rejects same-head proto baseline (124.317667ms)
✔ G0 rejects fabricated READY (124.4045ms)
✔ G0 rejects historical arbitrary manifest (120.964333ms)
✔ G0 rejects missing actual check (124.365291ms)
✔ G0 rejects duplicate actual check (109.594625ms)
✔ G0 rejects failed check (106.976125ms)
✔ G0 rejects unexecuted check (106.006916ms)
✔ G0 rejects wrong command (106.14675ms)
✔ G0 rejects source inventory drift (106.242417ms)
✔ G0 rejects planned scope delivered claim (105.518333ms)
✔ G0 rejects log tampering (105.075917ms)
✔ G0 rejects arbitrary rehashed prose (107.455292ms)
✔ G0 rejects wrong Web build source (110.474417ms)
✔ G0 rejects missing dependency (110.799792ms)
✔ G0 rejects dependency digest drift (112.661333ms)
✔ G0 rejects unready upstream (111.579584ms)
✔ G0 rejects hidden scope residual (103.293208ms)
✔ pending scope cannot incorporate an approval record (89.756959ms)
✔ legacy six-role records cannot grant current confirmation (90.79625ms)
✔ confirmed scope must bind current input digest (89.205833ms)
✔ confirmed scope requires the single user record (90.313417ms)
✔ dependency validation is actually invoked and failures propagate (112.944167ms)
✔ one document-bound current user confirmation replaces all role receipts (96.829208ms)
✔ CI must always validate engineering receipts and G0 negatives (0.15975ms)
✔ G0 rejects normative plan drift during execution before publishing (108.317375ms)
✔ G0 rejects code inventory drift during execution before publishing (109.803ms)
✔ lifecycle metadata alone does not change normative G0 inputs (106.207917ms)
✔ real BFF baseline CLI matches its required G0 execution marker (85.352583ms)
✔ G0 worktree allows only lifecycle/evidence state "" (0.076208ms)
✔ G0 worktree allows only lifecycle/evidence state " M docs/SumAlpha-QuantOS-Development-Plan.md\n" (0.060167ms)
✔ G0 worktree allows only lifecycle/evidence state "M  docs/SumAlpha-QuantOS-Frontend-Development-Execution-Plan.md\n?? docs/audit/evidence/new/\n" (0.048041ms)
✔ G0 worktree allows only lifecycle/evidence state "?? docs/audit/report.md\n" (0.016167ms)
✔ G0 worktree rejects uncommitted functional input " M scripts/g0-development.mjs\n" (0.086292ms)
✔ G0 worktree rejects uncommitted functional input "M  apps/terminal/src/auth/flow.ts\n" (0.052041ms)
✔ G0 worktree rejects uncommitted functional input "?? bff/new.yaml\n" (0.032459ms)
✔ G0 worktree rejects uncommitted functional input "R  docs/audit/a.md -> scripts/backdoor.mjs\n" (0.027958ms)
✔ user-confirmed scope includes the normative G0 plan and excludes lifecycle metadata (97.919791ms)
✔ confirmation-only finalization refuses an absent user reply and cannot bless changed engineering inputs (113.421542ms)
✔ document-bound user reply finalizes the unchanged engineering checks without fabricating new execution (117.432208ms)
✔ valid source and execution-bound dependency chain is READY without release signatures (45.6795ms)
✔ missing required execution (36.601833ms)
✔ failed execution (34.147542ms)
✔ wrong actual command (34.12625ms)
✔ unresolved issue (27.360791ms)
✔ wrong node (28.053792ms)
✔ missing source inventory (32.999542ms)
✔ plan scope changed (28.285291ms)
✔ outside log path (33.517958ms)
✔ wrong log digest (33.137958ms)
✔ missing dependency (33.510791ms)
✔ dependency digest substituted (32.802708ms)
✔ tampered manifest bytes are rejected (27.555667ms)
✔ changed source content is rejected despite unchanged gate digest (33.060375ms)
✔ dependency must independently be READY (29.685375ms)
✔ arbitrary log cannot masquerade as successful execution (27.51ms)
✔ input file symlink cannot escape the repository (26.753958ms)
✔ database execution cannot be inferred from a normal local PASS (32.269792ms)
✔ Supabase target receipt verifies each compressed execution log (35.733209ms)
✔ source drift during execution invalidates the original input snapshot (40.788458ms)
✔ requirement drift during execution invalidates the original input snapshot (45.964417ms)
✔ controlled public development profile overrides stale values and preserves server inputs (0.141959ms)
✔ private credentials cannot be injected through a public development profile (0.101042ms)
✔ transient Auth 503 can retry only a complete target execution (0.102708ms)
✔ persistent target timeout never becomes PASS and stops at its budget (0.082333ms)
✔ semantic target failures stop without retry or PASS (0.02775ms)
✔ target retry budget cannot be unbounded (0.108958ms)
✔ configured target retries require explicit attempt outcomes in the receipt (33.574334ms)
✔ three successful full builds bind output inventories (0.35575ms)
✔ reproducibility rejects only two builds (0.117417ms)
✔ reproducibility rejects missing Python build (0.126959ms)
✔ reproducibility rejects failed command (0.127333ms)
✔ reproducibility rejects different output digest (0.094958ms)
✔ reproducibility rejects substituted inventory (0.069959ms)
✔ reproducibility rejects dirty source (0.057708ms)
✔ reproducibility rejects old source (0.061792ms)
✔ development policy retains explicit build, coverage, volume and target storage obligations (0.298209ms)
✔ static make commands cannot reload .env.local or inherit target database opt-ins (0.08525ms)
✔ volume retry restarts the complete check only on a closed PostgreSQL transport (0.063709ms)
✔ volume correctness and certificate errors cannot be retried into PASS (0.043542ms)
✔ persistent database transport failure stays failed at the retry limit (0.02825ms)
✔ separate assessment snapshot preserves historical manifests and binds its own logs (31.42025ms)
✔ third-party Git link binds the actual clean checkout and rejects dirty/advanced source (144.786542ms)
✔ one current user confirmation validates all documented review dimensions (2.116167ms)
✔ user confirmation rejects assistant self-approval (0.616625ms)
✔ user confirmation rejects unconfirmed draft (0.175209ms)
✔ user confirmation rejects workflow instruction alone (0.161958ms)
✔ user confirmation rejects missing user message (0.5945ms)
✔ user confirmation rejects missing identity (0.121917ms)
✔ user confirmation rejects old historical confirmation (0.115042ms)
✔ user confirmation rejects future confirmation (0.108542ms)
✔ user confirmation rejects wrong node (0.342459ms)
✔ user confirmation rejects wrong stage (0.21625ms)
✔ user confirmation rejects wrong input digest (0.161125ms)
✔ user confirmation rejects wrong draft path (0.107709ms)
✔ user confirmation rejects parent traversal (0.087208ms)
✔ user confirmation rejects wrong document hash (0.103125ms)
✔ changed original user record is rejected even with unchanged scope (0.105542ms)
✔ rehashing a draft cannot authorize a different scope (0.190875ms)
✔ draft must retain every review dimension even with updated document hash (0.145958ms)
ℹ tests 178
ℹ suites 0
ℹ pass 178
ℹ fail 0
ℹ cancelled 0
ℹ skipped 0
ℹ todo 0
ℹ duration_ms 3822.826125
