✔ completed command records diagnostic and redacts configured secret split across chunks (32.816042ms)
✔ deadline kills an actual owned grandchild, preserves FAIL and logs (1511.400916ms)
✔ successful leader with detached lifetime descendant is FAIL even after cleanup (139.864125ms)
✔ spawn failure and evidence-write failure cannot become success (2.682833ms)
✔ explicit cancellation cleans its group and never passes (103.075916ms)
✔ interleaved stderr cannot break secret redaction (41.316125ms)
✔ output limit is bounded failure without partial secret chunks (23.374416ms)
✔ normal completion without sensitive output remains PASS with closed process group (21.585917ms)
✔ F09 admission requires command supervision and immutable owned cleanup proofs (5.615792ms)
✔ three exact owned actors retire while immutable event facts remain (1.235167ms)
✔ ownership mismatch refuses mutation (1.919917ms)
✔ post-SQL reset is FAIL with no replay (0.167459ms)
✔ active actors and changed event facts fail retirement (0.683167ms)
✔ wrong run and duplicate actors never connect (0.528583ms)
✔ empty fixture inventory cannot admit successful F09 (0.177583ms)
✔ partial, open, changed and active cleanup receipts fail admission (0.420666ms)
✔ read-only timeout retries are bounded and diagnostics retain failure (0.657667ms)
✔ three timeouts stay FAIL and cannot synthesize a branch (0.61325ms)
✔ missing branch, authorization and certificate failures are not retried (0.232417ms)
ℹ tests 19
ℹ suites 0
ℹ pass 19
ℹ fail 0
ℹ cancelled 0
ℹ skipped 0
ℹ todo 0
ℹ duration_ms 1907.924834
