✔ valid source and execution-bound dependency chain is READY without release signatures (47.606875ms)
✔ missing required execution (33.88775ms)
✔ failed execution (33.560167ms)
✔ wrong actual command (32.810792ms)
✔ unresolved issue (26.361375ms)
✔ wrong node (25.809333ms)
✔ missing source inventory (33.405375ms)
✔ plan scope changed (27.662333ms)
✔ outside log path (34.720041ms)
✔ wrong log digest (35.272834ms)
✔ missing dependency (40.601958ms)
✔ dependency digest substituted (34.431791ms)
✔ tampered manifest bytes are rejected (28.150542ms)
✔ changed source content is rejected despite unchanged gate digest (34.252333ms)
✔ dependency must independently be READY (39.589167ms)
✔ arbitrary log cannot masquerade as successful execution (40.194ms)
✔ input file symlink cannot escape the repository (32.525541ms)
✔ database execution cannot be inferred from a normal local PASS (40.645708ms)
✔ Supabase target receipt verifies each compressed execution log (41.062125ms)
✔ source drift during execution invalidates the original input snapshot (57.509708ms)
✔ requirement drift during execution invalidates the original input snapshot (71.864375ms)
✔ controlled public development profile overrides stale values and preserves server inputs (0.194416ms)
✔ private credentials cannot be injected through a public development profile (0.1345ms)
✔ transient Auth 503 can retry only a complete target execution (0.12825ms)
✔ persistent target timeout never becomes PASS and stops at its budget (0.08975ms)
✔ semantic target failures stop without retry or PASS (0.031583ms)
✔ target retry budget cannot be unbounded (0.097ms)
✔ configured target retries require explicit attempt outcomes in the receipt (40.628125ms)
✔ three successful full builds bind output inventories (0.580917ms)
✔ reproducibility rejects only two builds (0.179584ms)
✔ reproducibility rejects missing Python build (0.151583ms)
✔ reproducibility rejects failed command (0.13625ms)
✔ reproducibility rejects different output digest (0.0945ms)
✔ reproducibility rejects substituted inventory (0.073791ms)
✔ reproducibility rejects dirty source (0.070667ms)
✔ reproducibility rejects old source (0.0655ms)
✔ development policy retains explicit build, coverage, volume and target storage obligations (0.366292ms)
✔ static make commands cannot reload .env.local or inherit target database opt-ins (0.093084ms)
✔ volume retry restarts the complete check only on a closed PostgreSQL transport (0.067375ms)
✔ volume correctness and certificate errors cannot be retried into PASS (0.036292ms)
✔ persistent database transport failure stays failed at the retry limit (0.032084ms)
✔ separate assessment snapshot preserves historical manifests and binds its own logs (39.248958ms)
✔ third-party Git link binds the actual clean checkout and rejects dirty/advanced source (171.398583ms)
✔ transient read-only preflight connection closure retries the complete target (0.116875ms)
✔ preflight permission and role failures are not transport retries (0.0655ms)
✔ persistent preflight closure exhausts three attempts without PASS (0.067625ms)
✔ full target outcomes, cleanup and coverage bind development scope (31.985667ms)
✔ reject missing initial bootstrap (15.551083ms)
✔ reject unclosed preparation connection (12.179042ms)
✔ reject post-SQL transport reset (13.348917ms)
✔ reject unclosed actor cleanup connection (12.238958ms)
✔ reject missing boundary cleanup bootstrap (12.905625ms)
✔ reject failed combined execution (14.988666ms)
✔ reject failed actor cleanup (12.559166ms)
✔ reject no boundary actors (13.834125ms)
✔ reject new provider run (11.926791ms)
✔ reject fresh quality claim (13.543833ms)
✔ reject engine left running (14.407916ms)
✔ reject wrong target (14.525125ms)
✔ reject release claimed (10.780542ms)
✔ reject wrong execution SHA (10.342375ms)
✔ reject missing approval (13.989083ms)
✔ reject changed source (13.84975ms)
✔ reject skipped target test (15.577167ms)
✔ reject under threshold coverage (28.705416ms)
✔ tampered nested log rejected without changing outcome labels (11.6595ms)
✔ nested path escape rejected (11.111916ms)
✔ R1 controlled policies cover the complete dependency closure (1191.110542ms)
✔ R01 target and production coverage independently validate (27.014208ms)
✔ R01 reject vacuous actor cleanup (21.083834ms)
✔ R01 reject uncommitted outbox (22.242416ms)
✔ R01 reject fixture claimed as real provider (18.964708ms)
✔ R01 reject RLS failed (19.621334ms)
✔ R01 reject migration mismatched (24.922334ms)
✔ real process inventory outcome is separately required by R02 (1.45025ms)
✔ process cleanup reject leak cleaned after discovery (0.826041ms)
✔ process cleanup reject process inspection skipped (0.403083ms)
✔ process cleanup reject residual child left alive (0.394208ms)
✔ process cleanup reject failed cleanup relabeled (0.510917ms)
✔ process cleanup reject unbounded ownership scope (1.030833ms)
✔ process cleanup reject wrong source (0.3635ms)
✔ process cleanup reject missing baseline capture (0.514042ms)
ℹ tests 82
ℹ suites 0
ℹ pass 82
ℹ fail 0
ℹ cancelled 0
ℹ skipped 0
ℹ todo 0
ℹ duration_ms 1693.749125
