{
  "schema": "quantos-r01-coverage/v1",
  "status": "PASS",
  "requireBranches": true,
  "files": [
    {
      "file": "crates/quantos-market/src/lib.rs",
      "lines": {
        "count": 441,
        "covered": 424,
        "percent": 96.14512471655328
      },
      "regions": {
        "count": 606,
        "covered": 580,
        "notcovered": 26,
        "percent": 95.7095709570957
      },
      "branches": {
        "count": 120,
        "covered": 103,
        "notcovered": 17,
        "percent": 85.83333333333333
      }
    },
    {
      "file": "crates/quantos-market/src/durable.rs",
      "lines": {
        "count": 270,
        "covered": 267,
        "percent": 98.88888888888889
      },
      "regions": {
        "count": 418,
        "covered": 391,
        "notcovered": 27,
        "percent": 93.54066985645933
      },
      "branches": {
        "count": 22,
        "covered": 21,
        "notcovered": 1,
        "percent": 95.45454545454545
      }
    },
    {
      "file": "services/market-ingestor/src/main.rs",
      "lines": {
        "count": 258,
        "covered": 253,
        "percent": 98.06201550387597
      },
      "regions": {
        "count": 465,
        "covered": 423,
        "notcovered": 42,
        "percent": 90.96774193548387
      },
      "branches": {
        "count": 44,
        "covered": 38,
        "notcovered": 6,
        "percent": 86.36363636363636
      }
    },
    {
      "file": "services/market-ingestor/src/binance.rs",
      "lines": {
        "count": 312,
        "covered": 296,
        "percent": 94.87179487179486
      },
      "regions": {
        "count": 566,
        "covered": 518,
        "notcovered": 48,
        "percent": 91.51943462897526
      },
      "branches": {
        "count": 98,
        "covered": 88,
        "notcovered": 10,
        "percent": 89.79591836734694
      }
    }
  ]
}
