node ./scripts/check-r01.mjs
R01 assembly Gate PASS; runtime, coverage and target Gates are separate.
node --test ./scripts/r01-gate-negative.mjs ./scripts/r01-coverage-negative.mjs ./scripts/tests/binance-supervisor.test.cjs ./scripts/tests/r01-window.test.cjs ./scripts/tests/r01-window-metrics.test.cjs ./scripts/tests/r01-commit-evidence.test.cjs
✔ complete coverage passes (0.602708ms)
✔ lines below threshold fails (0.41325ms)
✔ regions below threshold fails (0.3845ms)
✔ branches below threshold fails (0.094084ms)
✔ missing branch measurement fails (0.121083ms)
✔ missing CLI source fails (0.23175ms)
✔ current assembly passes (0.676208ms)
✔ replay count regression fails closed (0.157459ms)
✔ provider registry regression fails closed (0.137834ms)
✔ source conflict regression fails closed (0.133834ms)
✔ persistent writer regression fails closed (0.142709ms)
✔ atomic transaction regression fails closed (0.1235ms)
✔ F0 receipt regression fails closed (0.445ms)
✔ accepted dependency regression fails closed (0.155208ms)
✔ CLI tests regression fails closed (0.126875ms)
✔ CI assembly regression fails closed (0.154208ms)
✔ pool selection preserves target identity and is never implicit (0.702292ms)
✔ rate waits are never shortened and fatal errors do not restart (0.438167ms)
✔ configuration bounds and approval expiry/revocation fail closed (1.490166ms)
✔ logs rotate with bounded retention and deterministic payload hash (2.627708ms)
✔ read timeouts degrade health and circuit-break without retrying writes (253.974834ms)
✔ supervisor uses the native canonical freshness identity and records post-append ACK (4.867666ms)
✔ bounded acceptance ACK evidence fails closed instead of rotating away unmeasured events (0.412125ms)
✔ ACK confirmation timeout never substitutes for the five-second origin acceptance limit (3.034708ms)
✔ uncertain alert write is identified without retry or fabricated ACK (2.055334ms)
✔ acceptance ACK and lifecycle survive operational log rotation without duplicate records (10.56075ms)
✔ ACK measurement retains the nanosecond that crosses the five second limit (0.624084ms)
✔ progress, ingested_at and duplicate attempts cannot substitute for exact ACK (0.187375ms)
✔ duplicate ACK identities and mismatched target payloads fail closed (0.081667ms)
✔ native source facts require ACKs and duplicate checkpoints remain visible (0.712583ms)
✔ freshness, stale health and submission violations remain failures despite pending zero (4.863958ms)
✔ readback corruption, active actor and missing phase data are rejected (2.502708ms)
✔ malformed traces and absent exact evidence cannot silently reduce the measured denominator (2.226458ms)
✔ lossless JSONL compression preserves the complete offline result (2.799ms)
✔ missing phase durations and UTC boundaries are never reported as zero cost (1.731ms)
✔ a failed window retains target facts with unknown ACK even when delivery is complete (2.270417ms)
✔ 30 minute owner-approved evaluation is bounded and preserves original expiry (0.39725ms)
✔ scope cannot grow permissions, duration, endpoint, tenant lifecycle or resource envelope (0.241125ms)
✔ scope and provider expiry, revocation and version identity fail closed (0.085542ms)
✔ sampling deadlines do not drift with queries and missed periods are explicit (0.863208ms)
ℹ tests 40
ℹ suites 0
ℹ pass 40
ℹ fail 0
ℹ cancelled 0
ℹ skipped 0
ℹ todo 0
ℹ duration_ms 309.828
cargo test -p quantos-market --lib --locked
    Finished `test` profile [unoptimized + debuginfo] target(s) in 0.06s
     Running unittests src/lib.rs (target/debug/deps/quantos_market-3f958c2c8750d096)

running 13 tests
test tests::rejects_unapproved_providers_and_normalizes_symbols ... ok
test tests::freshness_and_quality_anomalies_emit_events_within_five_seconds ... ok
test tests::provider_configuration_fails_closed_and_supports_revocation ... ok
test tests::processing_clock_detects_backlog_future_receive_and_future_event ... ok
test tests::instrument_identity_is_unambiguous_and_venue_scoped ... ok
test tests::identity_is_tenant_scoped_and_conflicting_content_is_rejected ... ok
test tests::failed_batch_does_not_publish_partial_ledger_or_identity ... ok
test tests::invalid_numeric_ticks_emit_quality_with_raw_values_and_continue ... ok
test tests::out_of_order_and_duplicate_ticks_are_deduplicated ... ok
test tests::pure_domain_p95_under_fifty_milliseconds ... ok
test tests::error_codes_and_io_failures_are_deterministic ... ok
test tests::replay_and_parser_are_bounded_and_invalid_specs_return_errors ... ok
test tests::replay_dataset_ingests_one_hundred_thousand_ticks_without_parse_failures ... ok

test result: ok. 13 passed; 0 failed; 0 ignored; 0 measured; 0 filtered out; finished in 8.18s

cargo test -p market-ingestor --locked
   Compiling market-ingestor v0.1.0 (/Users/anray/Documents/project/SumAlpha/QuantOS/services/market-ingestor)
    Finished `test` profile [unoptimized + debuginfo] target(s) in 0.76s
     Running unittests src/main.rs (target/debug/deps/market_ingestor-91bfbbc7b47846ff)

running 5 tests
test binance::tests::owned_stop_pipe_is_bounded_and_eof_stops_requests ... ok
test binance::tests::retry_after_is_strict_and_fatal_errors_do_not_churn ... ok
test binance::tests::endpoint_cannot_redirect_native_calls_to_other_hosts ... ok
test binance::tests::server_clock_diagnostics_preserve_unknowns_and_rtt_bounds ... ok
test binance::tests::aggregate_mapping_identity_and_gap_boundaries ... ok

test result: ok. 5 passed; 0 failed; 0 ignored; 0 measured; 0 filtered out; finished in 0.01s

     Running tests/binance.rs (target/debug/deps/binance-e8881d49b17157f2)

running 3 tests
test supabase_pages_are_atomic_and_empty_polls_are_transport_health ... ok
test cli_transport_outage_recovers_from_committed_cursor_and_restarts ... ok
test cli_rejects_unbounded_and_unapproved_configuration ... ok

test result: ok. 3 passed; 0 failed; 0 ignored; 0 measured; 0 filtered out; finished in 0.48s

     Running tests/cli.rs (target/debug/deps/cli-e5cded3a4a70f5da)

running 2 tests
test cli_supabase_fixture_and_recovery_paths ... ok
test cli_success_rejection_and_config_paths ... ok

test result: ok. 2 passed; 0 failed; 0 ignored; 0 measured; 0 filtered out; finished in 0.18s

/Library/Developer/CommandLineTools/usr/bin/make r01-mutation-check
node ./scripts/r01-mutation-check.mjs
R01 compiled mutation rejected: source-content-conflict
R01 compiled mutation rejected: failed-append-identity
