node ./scripts/check-r01.mjs
R01 assembly Gate PASS; runtime, coverage and target Gates are separate.
node --test ./scripts/r01-gate-negative.mjs ./scripts/r01-coverage-negative.mjs ./scripts/tests/binance-supervisor.test.cjs ./scripts/tests/r01-window.test.cjs
✔ complete coverage passes (0.657375ms)
✔ lines below threshold fails (0.444083ms)
✔ regions below threshold fails (0.566041ms)
✔ branches below threshold fails (0.096708ms)
✔ missing branch measurement fails (0.119916ms)
✔ missing CLI source fails (0.231875ms)
✔ current assembly passes (0.721958ms)
✔ replay count regression fails closed (0.163291ms)
✔ provider registry regression fails closed (0.142625ms)
✔ source conflict regression fails closed (0.135833ms)
✔ persistent writer regression fails closed (0.149791ms)
✔ atomic transaction regression fails closed (0.120958ms)
✔ F0 receipt regression fails closed (0.59575ms)
✔ accepted dependency regression fails closed (0.238583ms)
✔ CLI tests regression fails closed (0.154167ms)
✔ CI assembly regression fails closed (0.163667ms)
✔ pool selection preserves target identity and is never implicit (0.666416ms)
✔ rate waits are never shortened and fatal errors do not restart (0.433333ms)
✔ configuration bounds and approval expiry/revocation fail closed (1.299416ms)
✔ logs rotate with bounded retention and deterministic payload hash (1.826541ms)
✔ read timeouts degrade health and circuit-break without retrying writes (251.288584ms)
✔ supervisor uses the native canonical freshness identity and records post-append ACK (1.825792ms)
✔ 30 minute owner-approved evaluation is bounded and preserves original expiry (0.668542ms)
✔ scope cannot grow permissions, duration, endpoint, tenant lifecycle or resource envelope (0.35525ms)
✔ scope and provider expiry, revocation and version identity fail closed (0.103833ms)
✔ sampling deadlines do not drift with queries and missed periods are explicit (0.985209ms)
ℹ tests 26
ℹ suites 0
ℹ pass 26
ℹ fail 0
ℹ cancelled 0
ℹ skipped 0
ℹ todo 0
ℹ duration_ms 295.1115
cargo test -p quantos-market --lib --locked
   Compiling quantos-event v0.1.0 (/Users/anray/Documents/project/SumAlpha/QuantOS/crates/quantos-event)
   Compiling quantos-market v0.1.0 (/Users/anray/Documents/project/SumAlpha/QuantOS/crates/quantos-market)
    Finished `test` profile [unoptimized + debuginfo] target(s) in 6.62s
     Running unittests src/lib.rs (target/debug/deps/quantos_market-3f958c2c8750d096)

running 13 tests
test tests::instrument_identity_is_unambiguous_and_venue_scoped ... ok
test tests::rejects_unapproved_providers_and_normalizes_symbols ... ok
test tests::processing_clock_detects_backlog_future_receive_and_future_event ... ok
test tests::failed_batch_does_not_publish_partial_ledger_or_identity ... ok
test tests::identity_is_tenant_scoped_and_conflicting_content_is_rejected ... ok
test tests::provider_configuration_fails_closed_and_supports_revocation ... ok
test tests::freshness_and_quality_anomalies_emit_events_within_five_seconds ... ok
test tests::invalid_numeric_ticks_emit_quality_with_raw_values_and_continue ... ok
test tests::out_of_order_and_duplicate_ticks_are_deduplicated ... ok
test tests::pure_domain_p95_under_fifty_milliseconds ... ok
test tests::error_codes_and_io_failures_are_deterministic ... ok
test tests::replay_and_parser_are_bounded_and_invalid_specs_return_errors ... ok
test tests::replay_dataset_ingests_one_hundred_thousand_ticks_without_parse_failures ... ok

test result: ok. 13 passed; 0 failed; 0 ignored; 0 measured; 0 filtered out; finished in 9.50s

cargo test -p market-ingestor --locked
   Compiling quantos-market v0.1.0 (/Users/anray/Documents/project/SumAlpha/QuantOS/crates/quantos-market)
   Compiling quantos-observability v0.1.0 (/Users/anray/Documents/project/SumAlpha/QuantOS/crates/quantos-observability)
   Compiling market-ingestor v0.1.0 (/Users/anray/Documents/project/SumAlpha/QuantOS/services/market-ingestor)
    Finished `test` profile [unoptimized + debuginfo] target(s) in 4.08s
     Running unittests src/main.rs (target/debug/deps/market_ingestor-91bfbbc7b47846ff)

running 3 tests
test binance::tests::retry_after_is_strict_and_fatal_errors_do_not_churn ... ok
test binance::tests::endpoint_cannot_redirect_native_calls_to_other_hosts ... ok
test binance::tests::aggregate_mapping_identity_and_gap_boundaries ... ok

test result: ok. 3 passed; 0 failed; 0 ignored; 0 measured; 0 filtered out; finished in 0.01s

     Running tests/binance.rs (target/debug/deps/binance-e8881d49b17157f2)

running 3 tests
test cli_transport_outage_recovers_from_committed_cursor_and_restarts ... ok
test supabase_pages_are_atomic_and_empty_polls_are_transport_health ... ok
test cli_rejects_unbounded_and_unapproved_configuration ... ok

test result: ok. 3 passed; 0 failed; 0 ignored; 0 measured; 0 filtered out; finished in 0.58s

     Running tests/cli.rs (target/debug/deps/cli-e5cded3a4a70f5da)

running 2 tests
test cli_supabase_fixture_and_recovery_paths ... ok
test cli_success_rejection_and_config_paths ... ok

test result: ok. 2 passed; 0 failed; 0 ignored; 0 measured; 0 filtered out; finished in 0.20s

/Library/Developer/CommandLineTools/usr/bin/make r01-mutation-check
node ./scripts/r01-mutation-check.mjs
R01 compiled mutation rejected: source-content-conflict
R01 compiled mutation rejected: failed-append-identity
