✔ pool selection preserves target identity and is never implicit (0.6435ms)
✔ rate waits are never shortened and fatal errors do not restart (0.414958ms)
✔ configuration bounds and approval expiry/revocation fail closed (1.5165ms)
✔ logs rotate with bounded retention and deterministic payload hash (2.45725ms)
✔ read timeouts degrade health and circuit-break without retrying writes (254.322667ms)
✔ timed-out read connection is discarded before recovery without retrying writes (0.808916ms)
✔ supervisor uses the native canonical freshness identity and records post-append ACK (3.928333ms)
✔ bounded acceptance ACK evidence fails closed instead of rotating away unmeasured events (0.282042ms)
✔ ACK confirmation timeout never substitutes for the five-second origin acceptance limit (2.501208ms)
✔ uncertain alert write is identified without retry or fabricated ACK (1.234917ms)
✔ acceptance ACK and lifecycle survive operational log rotation without duplicate records (9.862416ms)
✔ ACK measurement retains the nanosecond that crosses the five second limit (0.809584ms)
✔ progress, ingested_at and duplicate attempts cannot substitute for exact ACK (0.220209ms)
✔ duplicate ACK identities and mismatched target payloads fail closed (0.085667ms)
✔ native source facts require ACKs and duplicate checkpoints remain visible (0.639166ms)
✔ freshness, stale health and submission violations remain failures despite pending zero (4.435917ms)
✔ readback corruption, active actor and missing phase data are rejected (2.42825ms)
✔ malformed traces and absent exact evidence cannot silently reduce the measured denominator (2.084208ms)
✔ lossless JSONL compression preserves the complete offline result (2.659875ms)
✔ missing phase durations and UTC boundaries are never reported as zero cost (1.7165ms)
✔ a failed window retains target facts with unknown ACK even when delivery is complete (2.130875ms)
✔ 30 minute owner-approved evaluation is bounded and preserves original expiry (0.392458ms)
✔ scope cannot grow permissions, duration, endpoint, tenant lifecycle or resource envelope (0.228625ms)
✔ scope and provider expiry, revocation and version identity fail closed (0.132125ms)
✔ sampling deadlines do not drift with queries and missed periods are explicit (0.87325ms)
ℹ tests 25
ℹ suites 0
ℹ pass 25
ℹ fail 0
ℹ cancelled 0
ℹ skipped 0
ℹ todo 0
ℹ duration_ms 306.801166
