{
  "schema": "quantos-r01-coverage/v1",
  "status": "PASS",
  "requireBranches": false,
  "files": [
    {
      "file": "crates/quantos-market/src/lib.rs",
      "lines": {
        "count": 441,
        "covered": 424,
        "percent": 96.14512471655328
      },
      "regions": {
        "count": 614,
        "covered": 588,
        "notcovered": 26,
        "percent": 95.76547231270358
      },
      "branches": {
        "count": 0,
        "covered": 0,
        "notcovered": 0,
        "percent": 0
      }
    },
    {
      "file": "crates/quantos-market/src/durable.rs",
      "lines": {
        "count": 270,
        "covered": 267,
        "percent": 98.88888888888889
      },
      "regions": {
        "count": 427,
        "covered": 400,
        "notcovered": 27,
        "percent": 93.6768149882904
      },
      "branches": {
        "count": 0,
        "covered": 0,
        "notcovered": 0,
        "percent": 0
      }
    },
    {
      "file": "services/market-ingestor/src/main.rs",
      "lines": {
        "count": 262,
        "covered": 257,
        "percent": 98.09160305343512
      },
      "regions": {
        "count": 478,
        "covered": 436,
        "notcovered": 42,
        "percent": 91.21338912133893
      },
      "branches": {
        "count": 0,
        "covered": 0,
        "notcovered": 0,
        "percent": 0
      }
    },
    {
      "file": "services/market-ingestor/src/binance.rs",
      "lines": {
        "count": 292,
        "covered": 283,
        "percent": 96.91780821917808
      },
      "regions": {
        "count": 548,
        "covered": 510,
        "notcovered": 38,
        "percent": 93.06569343065692
      },
      "branches": {
        "count": 0,
        "covered": 0,
        "notcovered": 0,
        "percent": 0
      }
    }
  ]
}
