✔ pool selection preserves target identity and is never implicit (0.704292ms)
✔ rate waits are never shortened and fatal errors do not restart (0.418708ms)
✔ configuration bounds and approval expiry/revocation fail closed (1.247458ms)
✔ logs rotate with bounded retention and deterministic payload hash (2.047ms)
✔ read timeouts degrade health and circuit-break without retrying writes (253.381084ms)
✔ supervisor uses the native canonical freshness identity and records post-append ACK (3.13175ms)
✔ bounded acceptance ACK evidence fails closed instead of rotating away unmeasured events (0.197ms)
✔ monitor alert uses the remaining five-second origin budget and retains a late ACK violation (1.840042ms)
✔ uncertain alert write is identified without retry or fabricated ACK (1.41375ms)
✔ acceptance ACK and lifecycle survive operational log rotation without duplicate records (9.382833ms)
✔ ACK measurement retains the nanosecond that crosses the five second limit (0.62675ms)
✔ progress, ingested_at and duplicate attempts cannot substitute for exact ACK (0.19525ms)
✔ duplicate ACK identities and mismatched target payloads fail closed (0.073333ms)
✔ native source facts require ACKs and duplicate checkpoints remain visible (0.570125ms)
✔ freshness, stale health and submission violations remain failures despite pending zero (4.006833ms)
✔ readback corruption, active actor and missing phase data are rejected (2.7045ms)
✔ malformed traces and absent exact evidence cannot silently reduce the measured denominator (2.217833ms)
✔ lossless JSONL compression preserves the complete offline result (2.788084ms)
✔ missing phase durations and UTC boundaries are never reported as zero cost (1.702542ms)
✔ a failed window retains target facts with unknown ACK even when delivery is complete (2.191125ms)
ℹ tests 20
ℹ suites 0
ℹ pass 20
ℹ fail 0
ℹ cancelled 0
ℹ skipped 0
ℹ todo 0
ℹ duration_ms 300.471292
