✔ production rejects InMemoryTerminalBackend (246.655042ms)
✔ production rejects InMemoryStrategyBackend (1.711458ms)
✔ production rejects InMemoryExecutionBackend (1.122ms)
✔ production rejects InMemoryOpsBackend (0.905875ms)
✔ production rejects TerminalBackend (0.898875ms)
✔ production rejects StrategyBackend (0.800791ms)
✔ production rejects ExecutionBackend (0.695541ms)
✔ production rejects OpsBackend (0.699291ms)
✔ production rejects createTerminalClient (0.823667ms)
✔ production rejects bypass import * as api from '@sumalpha/api-client'; export const value = api; (1.066916ms)
✔ production rejects bypass export * from '@sumalpha/api-client'; (0.553875ms)
✔ production rejects bypass export { InMemoryOpsBackend as Default } from '@sumalpha/api-client'; (0.534625ms)
✔ production rejects bypass export const value = import('@sumalpha/api-client'); (0.638708ms)
✔ production rejects bypass export const value = require('@sumalpha/api-client'); (0.820084ms)
✔ production rejects bypass import { value } from '../../../../crates/bff/src/db'; export {value}; (0.481875ms)
✔ production rejects bypass import { value } from '../tests/fixtures/backend'; export {value}; (0.439417ms)
✔ production rejects bypass export const value = import(globalThis.name); (0.613792ms)
✔ production rejects bypass import { value } from '@sumalpha/api-client/src/terminal'; export {value}; (0.465666ms)
✔ generated named public client imports are allowed (0.51025ms)
✔ explicit test fixture adapters remain allowed (2.131666ms)
✔ production src cannot hide behind a test-like filename (0.548875ms)
✔ shared frontend wrapper cannot re-export a legacy adapter under an alias (1.373958ms)
✔ production rejects direct database or venue module pg (0.498375ms)
✔ production rejects direct database or venue module postgres (0.493166ms)
✔ production rejects direct database or venue module @supabase/supabase-js (0.502209ms)
✔ production rejects direct database or venue module @prisma/client (0.479917ms)
✔ production rejects direct database or venue module ccxt (0.497625ms)
✔ production rejects direct database or venue module @binance/connector (0.486167ms)
✔ registered Storybook data fixtures remain allowed (1.338625ms)
✔ runtime TerminalClient cannot instantiate a handwritten backend in production (0.444291ms)
✔ type-only legacy migration annotation does not create a production adapter (0.836208ms)
✔ production boundary cannot be bypassed with js (2.3085ms)
✔ production boundary cannot be bypassed with jsx (1.192958ms)
✔ production boundary cannot be bypassed with mjs (0.539417ms)
✔ production boundary cannot be bypassed with cjs (1.030667ms)
✔ production boundary cannot be disabled with an inline directive (0.958625ms)
✔ production cannot import repository database CLI internals (0.445416ms)
ℹ tests 37
ℹ suites 0
ℹ pass 37
ℹ fail 0
ℹ cancelled 0
ℹ skipped 0
ℹ todo 0
ℹ duration_ms 367.257917
