✔ complete engineering checks retain BLOCKED while scope confirmation is absent (150.818708ms)
✔ strict acceptance rejects pending current user scope (123.893833ms)
✔ G0 rejects missing explicit proto baseline (108.259916ms)
✔ G0 rejects same-head proto baseline (107.475167ms)
✔ G0 rejects fabricated READY (108.542417ms)
✔ G0 rejects historical arbitrary manifest (107.74225ms)
✔ G0 rejects missing actual check (104.42225ms)
✔ G0 rejects duplicate actual check (105.867041ms)
✔ G0 rejects failed check (103.349083ms)
✔ G0 rejects unexecuted check (103.3945ms)
✔ G0 rejects wrong command (103.437333ms)
✔ G0 rejects source inventory drift (109.152167ms)
✔ G0 rejects planned scope delivered claim (108.985375ms)
✔ G0 rejects log tampering (104.85975ms)
✔ G0 rejects arbitrary rehashed prose (104.540417ms)
✔ G0 rejects wrong Web build source (109.303125ms)
✔ G0 rejects missing dependency (110.089834ms)
✔ G0 rejects dependency digest drift (112.29725ms)
✔ G0 rejects unready upstream (113.44075ms)
✔ G0 rejects hidden scope residual (105.430458ms)
✔ pending scope cannot incorporate an approval record (89.978542ms)
✔ legacy six-role records cannot grant current confirmation (88.082458ms)
✔ confirmed scope must bind current input digest (90.125ms)
✔ confirmed scope requires the single user record (89.76875ms)
✔ dependency validation is actually invoked and failures propagate (109.465084ms)
✔ one document-bound current user confirmation replaces all role receipts (87.822167ms)
✔ CI must always validate engineering receipts and G0 negatives (0.102041ms)
✔ G0 rejects normative plan drift during execution before publishing (103.887958ms)
✔ G0 rejects code inventory drift during execution before publishing (105.746209ms)
✔ lifecycle metadata alone does not change normative G0 inputs (103.18125ms)
✔ real BFF baseline CLI matches its required G0 execution marker (86.865667ms)
✔ G0 worktree allows only lifecycle/evidence state "" (0.101792ms)
✔ G0 worktree allows only lifecycle/evidence state " M docs/SumAlpha-QuantOS-Development-Plan.md\n" (0.063ms)
✔ G0 worktree allows only lifecycle/evidence state "M  docs/SumAlpha-QuantOS-Frontend-Development-Execution-Plan.md\n?? docs/audit/evidence/new/\n" (0.048208ms)
✔ G0 worktree allows only lifecycle/evidence state "?? docs/audit/report.md\n" (0.014792ms)
✔ G0 worktree rejects uncommitted functional input " M scripts/g0-development.mjs\n" (0.083583ms)
✔ G0 worktree rejects uncommitted functional input "M  apps/terminal/src/auth/flow.ts\n" (0.0505ms)
✔ G0 worktree rejects uncommitted functional input "?? bff/new.yaml\n" (0.03225ms)
✔ G0 worktree rejects uncommitted functional input "R  docs/audit/a.md -> scripts/backdoor.mjs\n" (0.029333ms)
✔ user-confirmed scope includes the normative G0 plan and excludes lifecycle metadata (98.059209ms)
✔ confirmation-only finalization refuses an absent user reply and cannot bless changed engineering inputs (114.597ms)
✔ document-bound user reply finalizes the unchanged engineering checks without fabricating new execution (120.752917ms)
✔ one current user confirmation validates all documented review dimensions (1.779166ms)
✔ user confirmation rejects assistant self-approval (0.5705ms)
✔ user confirmation rejects unconfirmed draft (0.159875ms)
✔ user confirmation rejects workflow instruction alone (0.152ms)
✔ user confirmation rejects missing user message (0.517458ms)
✔ user confirmation rejects missing identity (0.121583ms)
✔ user confirmation rejects old historical confirmation (0.1155ms)
✔ user confirmation rejects future confirmation (0.104333ms)
✔ user confirmation rejects wrong node (0.319333ms)
✔ user confirmation rejects wrong stage (0.206209ms)
✔ user confirmation rejects wrong input digest (0.16075ms)
✔ user confirmation rejects wrong draft path (0.11ms)
✔ user confirmation rejects parent traversal (0.089916ms)
✔ user confirmation rejects wrong document hash (0.103125ms)
✔ changed original user record is rejected even with unchanged scope (0.103333ms)
✔ rehashing a draft cannot authorize a different scope (0.161917ms)
✔ draft must retain every review dimension even with updated document hash (0.123458ms)
ℹ tests 59
ℹ suites 0
ℹ pass 59
ℹ fail 0
ℹ cancelled 0
ℹ skipped 0
ℹ todo 0
ℹ duration_ms 3555.080667
