✔ current PRE-01 artifacts satisfy the executable contract (5.380084ms)
✔ missing a page state fails closed (1.997083ms)
✔ invalid story priority fails closed (0.5395ms)
✔ missing traceability row fails closed (1.339834ms)
✔ published operation cannot regress to planned fails closed (1.705416ms)
✔ unknown role fails closed (0.478958ms)
✔ unknown route fails closed (0.519875ms)
✔ duplicate story fails closed (0.6425ms)
✔ missing flow stories fails closed (0.582333ms)
✔ missing flow scenarios fails closed (1.390417ms)
✔ unsafe proposal criterion fails closed (1.379208ms)
✔ unknown trace task fails closed (1.394375ms)
✔ unauthorized admin grant fails closed (1.073541ms)
✔ missing permission route fails closed (0.666625ms)
✔ phase-one P16 fails closed (0.087833ms)
✔ missing contract owner fails closed (1.15125ms)
✔ empty flow role fails closed (0.566834ms)
✔ empty flow route fails closed (0.629792ms)
✔ state label mismatch fails closed (0.913833ms)
✔ desktop-only story fails closed (0.444833ms)
✔ persistent offline cache fails closed (0.9275ms)
✔ admin domain permission fails closed (0.726084ms)
✔ missing page story fails closed (0.4755ms)
✔ cross-page route fails closed (0.44575ms)
✔ current G0 governance preserves history without granting current acceptance (1.492833ms)
✔ past-due G0 item cannot silently remain OPEN (0.669333ms)
✔ fabricated G0 acceptance fails against current checkpoint (0.612209ms)
✔ missing G0 leftover owner fails (0.614ms)
✔ P05 cannot bind metadata download to an untraced audit export operation (1.972333ms)
✔ P21 cannot drop alert ownership from both ledger and trace while retaining the subscription (2.300291ms)
✔ unknown unlabelled operation in API register is rejected (1.649125ms)
✔ P05 quality alerts require C16 ownership on the consumer page (1.497958ms)
✔ API register rejects current version 1.4.0 (1.4335ms)
✔ API register rejects current version 99.99.0 (1.453167ms)
✔ published register row cannot omit API version (1.567458ms)
✔ published register row cannot omit generated mock version (1.51125ms)
✔ all ten historical compatibility strategies cannot be cleared (0.812958ms)
✔ current disposition cannot drop a historical parent (0.960292ms)
✔ current disposition requires effective checkpoint deadline (0.830166ms)
✔ current disposition cannot claim target RELEASE completion (0.885042ms)
✔ current disposition requires nonempty compatibility strategy (1.088583ms)
✔ current disposition presentation must match structured source (0.920833ms)
✔ current deadline cannot defer DEVELOPMENT provider obligations to integration (1.060834ms)
ℹ tests 43
ℹ suites 0
ℹ pass 43
ℹ fail 0
ℹ cancelled 0
ℹ skipped 0
ℹ todo 0
ℹ duration_ms 141.635708
