✔ complete synthetic acceptance satisfies the receipt schema only (2.353542ms)
✔ missing receipt is rejected (0.504458ms)
✔ old SHA is rejected (0.9185ms)
✔ FAIL receipt is rejected (0.910333ms)
✔ missing check is rejected (0.675709ms)
✔ duplicate check is rejected (1.173375ms)
✔ fake command is rejected (0.752583ms)
✔ failed command is rejected (0.670833ms)
✔ corrupted log is rejected (0.833917ms)
✔ URL instead of artifact is rejected (1.66425ms)
✔ missing F06 is rejected (0.640166ms)
✔ old F06 is rejected (0.933334ms)
✔ incomplete PRE is rejected (1.010333ms)
✔ unrejected mutation is rejected (0.618458ms)
✔ extra admission is rejected (0.521041ms)
✔ unclosed control is rejected (0.560334ms)
ℹ tests 16
ℹ suites 0
ℹ pass 16
ℹ fail 0
ℹ cancelled 0
ℹ skipped 0
ℹ todo 0
ℹ duration_ms 66.823458
