✔ valid source and execution-bound dependency chain is READY without release signatures (45.620708ms)
✔ missing required execution (36.674875ms)
✔ failed execution (36.673167ms)
✔ wrong actual command (37.623083ms)
✔ unresolved issue (30.040625ms)
✔ wrong node (29.466167ms)
✔ missing source inventory (37.236041ms)
✔ plan scope changed (27.122041ms)
✔ outside log path (34.615167ms)
✔ wrong log digest (33.38175ms)
✔ missing dependency (32.788833ms)
✔ dependency digest substituted (32.946417ms)
✔ tampered manifest bytes are rejected (25.640375ms)
✔ changed source content is rejected despite unchanged gate digest (32.385458ms)
✔ dependency must independently be READY (33.6555ms)
✔ arbitrary log cannot masquerade as successful execution (33.362ms)
✔ input file symlink cannot escape the repository (33.846333ms)
✔ database execution cannot be inferred from a normal local PASS (39.245875ms)
✔ Supabase target receipt verifies each compressed execution log (41.224625ms)
✔ source drift during execution invalidates the original input snapshot (50.525ms)
✔ requirement drift during execution invalidates the original input snapshot (58.069917ms)
✔ controlled public development profile overrides stale values and preserves server inputs (0.159667ms)
✔ private credentials cannot be injected through a public development profile (0.132708ms)
✔ transient Auth 503 can retry only a complete target execution (0.135584ms)
✔ persistent target timeout never becomes PASS and stops at its budget (0.084542ms)
✔ semantic target failures stop without retry or PASS (0.029833ms)
✔ target retry budget cannot be unbounded (0.105834ms)
✔ configured target retries require explicit attempt outcomes in the receipt (38.2545ms)
✔ three successful full builds bind output inventories (0.451875ms)
✔ reproducibility rejects only two builds (0.131833ms)
✔ reproducibility rejects missing Python build (0.143417ms)
✔ reproducibility rejects failed command (0.132ms)
✔ reproducibility rejects different output digest (0.097625ms)
✔ reproducibility rejects substituted inventory (0.075125ms)
✔ reproducibility rejects dirty source (0.067375ms)
✔ reproducibility rejects old source (0.13075ms)
✔ development policy retains explicit build, coverage, volume and target storage obligations (0.392541ms)
✔ static make commands cannot reload .env.local or inherit target database opt-ins (0.1ms)
✔ volume retry restarts the complete check only on a closed PostgreSQL transport (0.064333ms)
✔ volume correctness and certificate errors cannot be retried into PASS (0.03775ms)
✔ persistent database transport failure stays failed at the retry limit (0.033875ms)
✔ separate assessment snapshot preserves historical manifests and binds its own logs (39.905125ms)
✔ third-party Git link binds the actual clean checkout and rejects dirty/advanced source (159.454042ms)
✔ transient read-only preflight connection closure retries the complete target (0.112292ms)
✔ preflight permission and role failures are not transport retries (0.065125ms)
✔ persistent preflight closure exhausts three attempts without PASS (0.06625ms)
✔ inventory reads a Git file list over 1 MiB without truncating selected inputs (224.549792ms)
✔ engineering-only evidence cannot admit TP05 (254.068ms)
✔ all execution logs and installed wheels must travel with a copied receipt (105.399041ms)
✔ TP05 receipt rejects omitted check (185.3415ms)
✔ TP05 receipt rejects failed execution (206.040083ms)
✔ TP05 receipt rejects fake command (181.509ms)
✔ TP05 receipt rejects source inventory (163.677459ms)
✔ TP05 receipt rejects log digest (177.623375ms)
✔ TP05 receipt rejects fixture omission (154.21025ms)
✔ TP05 receipt rejects formal claim (84.022125ms)
✔ TP05 receipt rejects future execution (160.015084ms)
✔ TP05 receipt rejects unreaped package child (154.794375ms)
✔ TP05 receipt rejects editable package claim (154.278042ms)
✔ TP05 receipt rejects upstream claim (152.185709ms)
✔ TP05 receipt rejects production gate omission (153.267333ms)
✔ TP05 receipt rejects upstream package present (153.77725ms)
✔ execution source must match unified manifest (85.220875ms)
✔ copied logs are independent of canonical logs (243.98825ms)
✔ tampered wheel bytes are rejected (156.330875ms)
✔ actual output evidence rejects URI collision (167.619333ms)
✔ actual output evidence rejects matrix sample omission (169.407625ms)
✔ actual output evidence rejects missing sources (179.875583ms)
✔ actual output evidence rejects production data claim (183.094958ms)
✔ actual output evidence rejects trading data claim (171.385084ms)
✔ actual output evidence rejects response hash (176.964792ms)
✔ actual output evidence rejects cross-tenant scope (180.999083ms)
✔ actual output evidence rejects false source schema (175.128958ms)
✔ actual output evidence rejects upstream commit (172.650958ms)
✔ UI transcript rejects cancel timeout (173.10325ms)
✔ UI transcript rejects cancel side effect (167.491875ms)
ℹ tests 76
ℹ suites 0
ℹ pass 76
ℹ fail 0
ℹ cancelled 0
ℹ skipped 0
ℹ todo 0
ℹ duration_ms 4917.012375
