✔ valid source and execution-bound dependency chain is READY without release signatures (35.436666ms)
✔ missing required execution (30.3165ms)
✔ failed execution (28.768708ms)
✔ wrong actual command (26.224875ms)
✔ unresolved issue (20.85825ms)
✔ wrong node (21.324666ms)
✔ missing source inventory (28.51625ms)
✔ plan scope changed (24.789084ms)
✔ outside log path (25.666417ms)
✔ wrong log digest (26.196834ms)
✔ missing dependency (27.090375ms)
✔ dependency digest substituted (25.368792ms)
✔ tampered manifest bytes are rejected (19.811042ms)
✔ changed source content is rejected despite unchanged gate digest (25.563958ms)
✔ dependency must independently be READY (24.366584ms)
✔ arbitrary log cannot masquerade as successful execution (24.789042ms)
✔ input file symlink cannot escape the repository (26.252834ms)
✔ database execution cannot be inferred from a normal local PASS (30.451459ms)
✔ Supabase target receipt verifies each compressed execution log (32.428917ms)
✔ source drift during execution invalidates the original input snapshot (39.570125ms)
✔ requirement drift during execution invalidates the original input snapshot (44.473292ms)
✔ controlled public development profile overrides stale values and preserves server inputs (0.11675ms)
✔ private credentials cannot be injected through a public development profile (0.092041ms)
✔ transient Auth 503 can retry only a complete target execution (0.125208ms)
✔ persistent target timeout never becomes PASS and stops at its budget (0.073458ms)
✔ semantic target failures stop without retry or PASS (0.027916ms)
✔ target retry budget cannot be unbounded (0.086666ms)
✔ configured target retries require explicit attempt outcomes in the receipt (30.118625ms)
✔ three successful full builds bind output inventories (0.338292ms)
✔ reproducibility rejects only two builds (0.111959ms)
✔ reproducibility rejects missing Python build (0.119417ms)
✔ reproducibility rejects failed command (0.11675ms)
✔ reproducibility rejects different output digest (0.084208ms)
✔ reproducibility rejects substituted inventory (0.068208ms)
✔ reproducibility rejects dirty source (0.060833ms)
✔ reproducibility rejects old source (0.061625ms)
✔ development policy retains explicit build, coverage, volume and target storage obligations (0.316209ms)
✔ static make commands cannot reload .env.local or inherit target database opt-ins (0.073166ms)
✔ volume retry restarts the complete check only on a closed PostgreSQL transport (0.049958ms)
✔ volume correctness and certificate errors cannot be retried into PASS (0.028083ms)
✔ persistent database transport failure stays failed at the retry limit (0.029959ms)
✔ separate assessment snapshot preserves historical manifests and binds its own logs (31.2255ms)
✔ third-party Git link binds the actual clean checkout and rejects dirty/advanced source (134.431542ms)
✔ transient read-only preflight connection closure retries the complete target (0.088792ms)
✔ preflight permission and role failures are not transport retries (0.054875ms)
✔ persistent preflight closure exhausts three attempts without PASS (0.0585ms)
✔ inventory reads a Git file list over 1 MiB without truncating selected inputs (191.760917ms)
✔ engineering-only evidence cannot admit TP05 (201.072083ms)
✔ all execution logs and installed wheels must travel with a copied receipt (79.584875ms)
✔ TP05 receipt rejects omitted check (149.001667ms)
✔ TP05 receipt rejects failed execution (147.208792ms)
✔ TP05 receipt rejects fake command (146.440958ms)
✔ TP05 receipt rejects source inventory (135.135458ms)
✔ TP05 receipt rejects log digest (153.743917ms)
✔ TP05 receipt rejects fixture omission (145.861083ms)
✔ TP05 receipt rejects formal claim (76.323875ms)
✔ TP05 receipt rejects future execution (142.376208ms)
✔ TP05 receipt rejects unreaped package child (132.529375ms)
✔ TP05 receipt rejects editable package claim (128.872709ms)
✔ TP05 receipt rejects upstream claim (128.703625ms)
✔ TP05 receipt rejects production gate omission (127.882166ms)
✔ TP05 receipt rejects upstream package present (128.020041ms)
✔ execution source must match unified manifest (72.249167ms)
✔ copied logs are independent of canonical logs (204.408916ms)
✔ tampered wheel bytes are rejected (128.176083ms)
✔ actual output evidence rejects URI collision (144.793083ms)
✔ actual output evidence rejects matrix sample omission (143.929333ms)
✔ actual output evidence rejects missing sources (146.018291ms)
✔ actual output evidence rejects production data claim (148.70925ms)
✔ actual output evidence rejects trading data claim (147.961ms)
✔ actual output evidence rejects response hash (145.422958ms)
✔ actual output evidence rejects cross-tenant scope (140.647334ms)
✔ actual output evidence rejects false source schema (138.390875ms)
✔ actual output evidence rejects upstream commit (139.838417ms)
✔ UI transcript rejects cancel timeout (141.731375ms)
✔ UI transcript rejects cancel side effect (139.835084ms)
ℹ tests 76
ℹ suites 0
ℹ pass 76
ℹ fail 0
ℹ cancelled 0
ℹ skipped 0
ℹ todo 0
ℹ duration_ms 4068.862125
