
> @sumalpha/quantos@ test:development-plans /Users/anray/Documents/project/SumAlpha/QuantOS
> node --test scripts/development-plan-order-negative.mjs

✔ joint schedule is acyclic and preserves task/status boundaries (20.912333ms)
✔ restoring a complete R1 prerequisite for S2 services creates a rejected cycle (6.730125ms)
✔ research service waiting on its consumer page is rejected (6.154583ms)
✔ historical CORE:R04 to CORE:L04 probe now fails closed (6.665958ms)
✔ an early identity API cannot silently depend on later research services (8.037375ms)
✔ a provider cannot wait for the consumer frontend Gate (6.27675ms)
✔ removing S2 service admission from a core execution task is rejected (6.42475ms)
✔ S2 service Gate cannot omit TP12 advance evaluation (7.005666ms)
✔ I10 cannot drop testnet service admission even if metadata is edited with it (7.616333ms)
✔ a new or existing frontend cannot skip the full provider Gate (7.984625ms)
✔ G5 cannot be marked as closing in I4 before reconciliation (7.632583ms)
✔ moving the G1 block above I1 tasks is rejected (7.688916ms)
✔ milestone cannot omit its last child while retaining a Gate summary (7.525458ms)
✔ prose-only backend dependencies cannot drift from structured prerequisites (7.585166ms)
✔ core closure mapping cannot become an implicit service alias (8.241208ms)
✔ ACCEPTED checkpoint needs SHA and evidence, not only a green word (8.021667ms)
✔ accepted checkpoint evidence must resolve (4.325708ms)
✔ missing checkpoint and unknown dependency fail closed (10.457292ms)
✔ API windows cannot skip their preceding provider checkpoint (9.378917ms)
✔ UI windows cannot skip the preceding reconciliation window (7.730417ms)
✔ Web intake preserves the explicit no-model-review schema (2.78025ms)
✔ missing Web task fields still fail closed (2.597875ms)
✔ both plans must publish exactly the same stage contract (8.388042ms)
✔ changing both plans cannot defer correctness or functional deadlines to release (22.00775ms)
✔ both plans must retain every deferred release obligation (17.860791ms)
✔ tasks and checkpoints cannot omit, invent, or misclassify their stage gate (26.365417ms)
✔ release prerequisites cannot block either development or integration (16.99425ms)
✔ release gates cannot skip business closure or inherit the wrong stage (18.146167ms)
✔ historical ACCEPTED and completed tasks do not automatically become READY (12.181833ms)
✔ READY needs its own input digest and resolvable evidence (44.865125ms)
✔ unassessed stage gates cannot carry an apparent ready receipt (9.15025ms)
✔ BLOCKED retains failure evidence and digest without being counted as READY (16.822625ms)
✔ a READY chain needs READY prerequisites and its own evidence at every node (24.069084ms)
✔ stage readiness never substitutes for formal acceptance evidence (3.910542ms)
✔ release READY requires formal acceptance and all functional prerequisites (11.215875ms)
✔ core intake follows the frontend audit-report format (8.58775ms)
✔ core review summary must be unique and link to audit evidence (11.07525ms)
✔ core shared task fields and existing window must stay consistent (19.845458ms)
ℹ tests 38
ℹ suites 0
ℹ pass 38
ℹ fail 0
ℹ cancelled 0
ℹ skipped 0
ℹ todo 0
ℹ duration_ms 495.838083
