✔ fully bound executed evidence is admitted (1.591125ms)
✔ Node spec reporter with successful executed assertions is admitted (0.341458ms)
✔ Node non-execution or failure summary is rejected: "# pass 0\n# fail 0\n" (0.499708ms)
✔ Node non-execution or failure summary is rejected: "# pass 21\n# fail 1\n" (0.207875ms)
✔ Node non-execution or failure summary is rejected: "business assertions passed\n" (0.181167ms)
✔ Node non-execution or failure summary is rejected: "// # pass 21\n// # fail 0\n" (0.156625ms)
✔ comments-only replacement changes functional inputs is rejected (0.5635ms)
✔ unready dependency is rejected (0.174417ms)
✔ missing live execution is rejected (0.150875ms)
✔ evidence bytes changed is rejected (0.17725ms)
✔ compilation-only mutant rejection is rejected (0.475167ms)
✔ missing current export roots is rejected (0.27025ms)
✔ missing authentication matrix is rejected (0.229459ms)
✔ unexecuted target assertion is rejected (0.168584ms)
✔ dependency validator failed is rejected (0.087542ms)
✔ current BFF-FE-007 repository Gate passes (0.773625ms)
✔ redaction attestation deletion is rejected (1.557875ms)
✔ evidence cursor deletion is rejected (1.009709ms)
✔ export capability regression is rejected (1.191875ms)
✔ CSRF deletion is rejected (1.315208ms)
✔ recent-auth deletion is rejected (1.195209ms)
✔ idempotency deletion is rejected (1.104917ms)
✔ expired download response deletion is rejected (1.052458ms)
✔ download URL leakage through status is rejected (1.126542ms)
✔ watermark deletion is rejected (1.576125ms)
✔ dependency regression is rejected (0.300167ms)
ℹ tests 26
ℹ suites 0
ℹ pass 26
ℹ fail 0
ℹ cancelled 0
ℹ skipped 0
ℹ todo 0
ℹ duration_ms 112.592583
