    Blocking waiting for file lock on build directory
    Checking quantos-storage v0.1.0 (/Users/anray/Documents/project/SumAlpha/QuantOS/crates/quantos-storage)
    Checking quantos-runtime v0.1.0 (/Users/anray/Documents/project/SumAlpha/QuantOS/crates/quantos-runtime)
warning: unused import: `EventId`
 --> crates/quantos-runtime/tests/support/r02_persisted_chain.rs:2:33
  |
2 | use quantos_core::{ContentHash, EventId, SchemaVersion};
  |                                 ^^^^^^^
  |
  = note: `#[warn(unused_imports)]` (part of `#[warn(unused)]`) on by default

error[E0277]: the trait bound `SnapshotQualityFinding: From<&str>` is not satisfied
  --> crates/quantos-runtime/tests/support/r02_persisted_chain.rs:97:91
   |
97 |                 "Retained historical window: current capture does not imply fresh source".into(),
   |                                                                                           ^^^^ the trait `From<&str>` is not implemented for `SnapshotQualityFinding`
   |
   = note: required for `&str` to implement `Into<SnapshotQualityFinding>`

For more information about this error, try `rustc --explain E0277`.
warning: `quantos-runtime` (test "research_orchestration") generated 1 warning
error: could not compile `quantos-runtime` (test "research_orchestration") due to 1 previous error; 1 warning emitted
