✔ joint schedule is acyclic and preserves task/status boundaries (15.854458ms)
✔ restoring a complete R1 prerequisite for S2 services creates a rejected cycle (4.870667ms)
✔ research service waiting on its consumer page is rejected (4.402208ms)
✔ historical CORE:R04 to CORE:L04 probe now fails closed (4.468292ms)
✔ an early identity API cannot silently depend on later research services (5.6825ms)
✔ a provider cannot wait for the consumer frontend Gate (4.085042ms)
✔ removing S2 service admission from a core execution task is rejected (4.69125ms)
✔ S2 service Gate cannot omit TP12 advance evaluation (4.885791ms)
✔ I10 cannot drop testnet service admission even if metadata is edited with it (5.216875ms)
✔ a new or existing frontend cannot skip the full provider Gate (5.333667ms)
✔ G5 cannot be marked as closing in I4 before reconciliation (5.707542ms)
✔ moving the G1 block above I1 tasks is rejected (4.995666ms)
✔ milestone cannot omit its last child while retaining a Gate summary (4.937208ms)
✔ prose-only backend dependencies cannot drift from structured prerequisites (4.898292ms)
✔ core closure mapping cannot become an implicit service alias (4.923917ms)
✔ ACCEPTED checkpoint needs SHA and evidence, not only a green word (5.170542ms)
✔ accepted checkpoint evidence must resolve (2.550375ms)
✔ missing checkpoint and unknown dependency fail closed (6.32625ms)
✔ API windows cannot skip their preceding provider checkpoint (4.830042ms)
✔ UI windows cannot skip the preceding reconciliation window (5.035417ms)
✔ Web intake preserves the explicit no-model-review schema (1.650666ms)
✔ missing Web task fields still fail closed (1.350125ms)
✔ both plans must publish exactly the same stage contract (5.317125ms)
✔ changing both plans cannot defer correctness or functional deadlines to release (13.449958ms)
✔ both plans must retain every deferred release obligation (13.410125ms)
✔ tasks and checkpoints cannot omit, invent, or misclassify their stage gate (18.302916ms)
✔ release prerequisites cannot block either development or integration (11.480541ms)
✔ release gates cannot skip business closure or inherit the wrong stage (13.119875ms)
✔ historical ACCEPTED and completed tasks do not automatically become READY (10.243083ms)
✔ READY needs its own input digest and resolvable evidence (34.36025ms)
✔ unassessed stage gates cannot carry an apparent ready receipt (6.747833ms)
✔ BLOCKED retains failure evidence and digest without being counted as READY (13.834541ms)
✔ a READY chain needs READY prerequisites and its own evidence at every node (18.620584ms)
✔ stage readiness never substitutes for formal acceptance evidence (2.820083ms)
✔ release READY requires formal acceptance and all functional prerequisites (8.521ms)
✔ core intake follows the frontend audit-report format (6.399333ms)
✔ core review summary must be unique and link to audit evidence (7.510209ms)
✔ core shared task fields and existing window must stay consistent (14.552459ms)
ℹ tests 38
ℹ suites 0
ℹ pass 38
ℹ fail 0
ℹ cancelled 0
ℹ skipped 0
ℹ todo 0
ℹ duration_ms 349.954458
