✔ joint schedule is acyclic and preserves task/status boundaries (15.784416ms)
✔ restoring a complete R1 prerequisite for S2 services creates a rejected cycle (5.325417ms)
✔ research service waiting on its consumer page is rejected (4.71ms)
✔ historical CORE:R04 to CORE:L04 probe now fails closed (4.499042ms)
✔ an early identity API cannot silently depend on later research services (5.634458ms)
✔ a provider cannot wait for the consumer frontend Gate (4.075417ms)
✔ removing S2 service admission from a core execution task is rejected (4.867459ms)
✔ S2 service Gate cannot omit TP12 advance evaluation (4.812417ms)
✔ I10 cannot drop testnet service admission even if metadata is edited with it (5.218083ms)
✔ a new or existing frontend cannot skip the full provider Gate (5.419459ms)
✔ G5 cannot be marked as closing in I4 before reconciliation (5.552125ms)
✔ moving the G1 block above I1 tasks is rejected (4.881417ms)
✔ milestone cannot omit its last child while retaining a Gate summary (4.9265ms)
✔ prose-only backend dependencies cannot drift from structured prerequisites (5.007792ms)
✔ core closure mapping cannot become an implicit service alias (4.846208ms)
✔ ACCEPTED checkpoint needs SHA and evidence, not only a green word (5.019875ms)
✔ accepted checkpoint evidence must resolve (2.435875ms)
✔ missing checkpoint and unknown dependency fail closed (6.081583ms)
✔ API windows cannot skip their preceding provider checkpoint (4.60625ms)
✔ UI windows cannot skip the preceding reconciliation window (5.08425ms)
✔ Web intake preserves the explicit no-model-review schema (1.619125ms)
✔ missing Web task fields still fail closed (1.313709ms)
✔ both plans must publish exactly the same stage contract (5.218834ms)
✔ changing both plans cannot defer correctness or functional deadlines to release (12.511583ms)
✔ both plans must retain every deferred release obligation (13.388625ms)
✔ tasks and checkpoints cannot omit, invent, or misclassify their stage gate (18.310709ms)
✔ release prerequisites cannot block either development or integration (11.383333ms)
✔ release gates cannot skip business closure or inherit the wrong stage (13.02325ms)
✔ historical ACCEPTED and completed tasks do not automatically become READY (10.193292ms)
✔ READY needs its own input digest and resolvable evidence (34.685208ms)
✔ unassessed stage gates cannot carry an apparent ready receipt (7.03875ms)
✔ BLOCKED retains failure evidence and digest without being counted as READY (13.793792ms)
✔ a READY chain needs READY prerequisites and its own evidence at every node (18.345125ms)
✔ stage readiness never substitutes for formal acceptance evidence (2.67025ms)
✔ release READY requires formal acceptance and all functional prerequisites (8.398291ms)
✔ core intake follows the frontend audit-report format (5.9235ms)
✔ core review summary must be unique and link to audit evidence (7.793292ms)
✔ core shared task fields and existing window must stay consistent (14.2625ms)
ℹ tests 38
ℹ suites 0
ℹ pass 38
ℹ fail 0
ℹ cancelled 0
ℹ skipped 0
ℹ todo 0
ℹ duration_ms 347.014459
