node --test scripts/f02-gate-negative.mjs scripts/f02-a11-gate-negative.mjs scripts/playwright-git-history.test.mjs scripts/storage-fixture.test.cjs
✔ complete Linux matrix passes; deletion and pixel tampering fail (391.429209ms)
✔ acceptance never updates snapshots or skips missing snapshots (1.00725ms)
✔ only main signing and verification jobs receive the signing environment (8.963166ms)
✔ signing policy rejects missing protection, wildcards, tags and extra branches (0.170959ms)
✔ candidate import rejects tampering and stale source before writing, then imports the reviewed matrix (361.83675ms)
✔ required download check rejects skipped or failed event-specific verification (23.199709ms)
✔ PR receipts bind the checked out head while main signing stays on the event SHA (2.904584ms)
Verified 2 release files for aaaaaaaaaaaaaaaaaaaaaaaaaaaaaaaaaaaaaaaa
Verified 2 release files for aaaaaaaaaaaaaaaaaaaaaaaaaaaaaaaaaaaaaaaa
✔ real Gitleaks positive control and GitHub/Slack leaks (1538.918ms)
✔ historical digest exceptions do not waive fresh credentials in audit JSON (1077.9105ms)
✔ RLS baseline rejects policy deletion and late disabling with recovery (168.427166ms)
✔ RLS preflight recognizes the actual ten-table A2 migration and rejects incomplete loops (128.787583ms)
✔ RLS preflight expands audit export permissions without treating grants as RLS (134.066334ms)
✔ RLS literal loops preserve late disabling, NO FORCE and policy deletion (126.339625ms)
✔ RLS preflight cannot count conditional loops, comments, literals or function bodies as execution (151.015833ms)
✔ quoted SQL examples inside expanded policy expressions cannot enable RLS (22.256083ms)
✔ migration filename control, rejection and recovery (14.67375ms)
✔ waivers only authorize exact advisory/ecosystem/package/version before expiry (1.073667ms)
✔ license expression policy does not globally allow LGPL or unknown licenses (0.33525ms)
✔ release binds complete payload and SBOM to source; rejects corruption and build-only native files (3.146208ms)
✔ Buf compares against distinct historical source and detects removed fields (609.197ms)
✔ SCA scanner adapter consumes exact waivers and never waives scanner failures (1650.081417ms)
✔ Playwright PR reporting preserves complete history for downstream security scans (1627.425834ms)
✔ all bucket migration INSERT columns exist in the shared CI fixture (0.34ms)
﹣ PostgreSQL compiles bucket migrations and preserves private export limits (0.0465ms) # SKIP
ℹ tests 24
ℹ suites 0
ℹ pass 23
ℹ fail 0
ℹ cancelled 0
ℹ skipped 1
ℹ todo 0
ℹ duration_ms 5671.673208
