
> @sumalpha/quantos@ test:development-plans /Users/anray/Documents/project/SumAlpha/QuantOS
> node --test scripts/development-plan-order-negative.mjs

✔ joint schedule is acyclic and preserves task/status boundaries (16.994125ms)
✔ restoring a complete R1 prerequisite for S2 services creates a rejected cycle (5.131959ms)
✔ research service waiting on its consumer page is rejected (4.675708ms)
✔ historical CORE:R04 to CORE:L04 probe now fails closed (4.52875ms)
✔ an early identity API cannot silently depend on later research services (5.925167ms)
✔ a provider cannot wait for the consumer frontend Gate (4.255625ms)
✔ removing S2 service admission from a core execution task is rejected (4.694375ms)
✔ S2 service Gate cannot omit TP12 advance evaluation (4.977084ms)
✔ I10 cannot drop testnet service admission even if metadata is edited with it (5.613583ms)
✔ a new or existing frontend cannot skip the full provider Gate (5.731708ms)
✔ G5 cannot be marked as closing in I4 before reconciliation (5.887375ms)
✔ moving the G1 block above I1 tasks is rejected (5.034125ms)
✔ milestone cannot omit its last child while retaining a Gate summary (5.174834ms)
✔ prose-only backend dependencies cannot drift from structured prerequisites (5.283458ms)
✔ core closure mapping cannot become an implicit service alias (5.194584ms)
✔ ACCEPTED checkpoint needs SHA and evidence, not only a green word (5.538833ms)
✔ accepted checkpoint evidence must resolve (2.760875ms)
✔ missing checkpoint and unknown dependency fail closed (6.431208ms)
✔ API windows cannot skip their preceding provider checkpoint (5.029333ms)
✔ UI windows cannot skip the preceding reconciliation window (5.244334ms)
✔ Web intake preserves the explicit no-model-review schema (1.831875ms)
✔ missing Web task fields still fail closed (1.534792ms)
✔ both plans must publish exactly the same stage contract (5.937667ms)
✔ changing both plans cannot defer correctness or functional deadlines to release (13.814708ms)
✔ both plans must retain every deferred release obligation (14.932791ms)
✔ tasks and checkpoints cannot omit, invent, or misclassify their stage gate (19.186458ms)
✔ release prerequisites cannot block either development or integration (12.35025ms)
✔ release gates cannot skip business closure or inherit the wrong stage (13.532125ms)
✔ historical ACCEPTED and completed tasks do not automatically become READY (10.193875ms)
✔ READY needs its own input digest and resolvable evidence (34.937542ms)
✔ unassessed stage gates cannot carry an apparent ready receipt (6.90375ms)
✔ BLOCKED retains failure evidence and digest without being counted as READY (14.1675ms)
✔ a READY chain needs READY prerequisites and its own evidence at every node (19.334792ms)
✔ stage readiness never substitutes for formal acceptance evidence (3.142958ms)
✔ release READY requires formal acceptance and all functional prerequisites (8.570042ms)
✔ core intake follows the frontend audit-report format (6.242916ms)
✔ core review summary must be unique and link to audit evidence (7.626792ms)
✔ core shared task fields and existing window must stay consistent (15.679333ms)
ℹ tests 38
ℹ suites 0
ℹ pass 38
ℹ fail 0
ℹ cancelled 0
ℹ skipped 0
ℹ todo 0
ℹ duration_ms 370.340417
