f01-reproducibility 0
f06-target 0
f09-target 0
pre01 0
pre01-negative 0
f01 0
f01-negative 0
f01-lint 0
f01-test 0
proto 0
proto-client 0
api-client-tests 0
foundation-rust 0
f04 0
f04-negative 0
f04-line-coverage 0
f04-branch-coverage 0
event-rust 0
f05 0
f05-negative 0
f05-database 0
f05-volume 101
functional execution failed f05-volume; see docs/audit/evidence/provider-a1-remediation-20261004/ci-47cb743-reassessment-20261007/logs/f05-volume.log
storage-rust 0
storage-database 0
storage-target 0
rls-target 0
f05-coverage 0
auth-rust 0
f06-negative 0
pre04 0
pre04-negative 0
domain-ui-tests 0
pre02 0
pre02-negative 0
ui-tests 0
build-terminal 0
build-website 0
storybook 0
pre03 0
pre03-negative 0
pre05 0
pre05-negative 0
config-tests 0
pre06 0
pre06-negative 0
schema 0
generated 0
catalog 0
visual-inventory 0
sabotage 0
critical 0
plans 0
plans-negative 0
chromium 0
coverage 0
a1 0
openapi 0
compatibility 0
a1-negative 0
client-typecheck 0
client-lint 0
provider-rust 0
provider-http 0
semantic-mutations 0
receipt-negative 0
db-visibility 0
f02-migration-preflight 0
f02-negative 0
f02-secrets 0
f02-license 0
f02-sca 0
f02-waivers 0
f02-database 0
f07-recovery 0
f07-coverage 0
f07-service 0
f08-functional 0
f08-branches 0
f08-service 0
f09-functional 0
f09-negative 0
tp01-baseline 0
tp01-negative 0
tp01-sync 0
tp01-capability 0
tp-intake 0
fep0-negative 0
functional execution failed; no READY records published
