(node:27884) Warning: SECURITY WARNING: The SSL modes 'prefer', 'require', and 'verify-ca' are treated as aliases for 'verify-full'.
In the next major version (pg-connection-string v3.0.0 and pg v9.0.0), these modes will adopt standard libpq semantics, which have weaker security guarantees.

To prepare for this change:
- If you want the current behavior, explicitly use 'sslmode=verify-full'
- If you want libpq compatibility now, use 'uselibpqcompat=true&sslmode=require'

See https://www.postgresql.org/docs/current/libpq-ssl.html for libpq SSL mode definitions.
(Use `node --trace-warnings ...` to show where the warning was created)
✔ all bucket migration INSERT columns exist in the shared CI fixture (0.3505ms)
✖ PostgreSQL compiles bucket migrations and preserves private export limits (4479.877042ms)
ℹ tests 2
ℹ suites 0
ℹ pass 1
ℹ fail 1
ℹ cancelled 0
ℹ skipped 0
ℹ todo 0
ℹ duration_ms 4520.899708

✖ failing tests:

test at scripts/storage-fixture.test.cjs:27:1
✖ PostgreSQL compiles bucket migrations and preserves private export limits (4479.877042ms)
  Error: self-signed certificate in certificate chain
      at TLSSocket.onConnectSecure (node:_tls_wrap:1631:34)
      at TLSSocket.emit (node:events:508:28)
      at TLSSocket._finishInit (node:_tls_wrap:1077:8)
      at ssl.onhandshakedone (node:_tls_wrap:863:12) {
    code: 'SELF_SIGNED_CERT_IN_CHAIN'
  }
node:internal/errors:985
  const err = new Error(message);
              ^

Error: Command failed: /Users/anray/.nvm/versions/node/v24.12.0/bin/node --test scripts/storage-fixture.test.cjs
    at genericNodeError (node:internal/errors:985:15)
    at wrappedFn (node:internal/errors:539:14)
    at checkExecSyncError (node:child_process:925:11)
    at execFileSync (node:child_process:961:15)
    at file:///Users/anray/Documents/project/SumAlpha/QuantOS/[eval1]:5:1
    at ModuleJob.run (node:internal/modules/esm/module_job:413:25)
    at process.processTicksAndRejections (node:internal/process/task_queues:103:5)
    at async onImport.tracePromise.__proto__ (node:internal/modules/esm/loader:268:26)
    at async ModuleLoader.executeModuleJob (node:internal/modules/esm/loader:265:20)
    at async asyncRunEntryPointWithESMLoader (node:internal/modules/run_main:101:5) {
  status: 1,
  signal: null,
  output: [ null, null, null ],
  pid: 27883,
  stdout: null,
  stderr: null
}

Node.js v24.12.0
