node --test scripts/f02-gate-negative.mjs scripts/f02-a11-gate-negative.mjs scripts/playwright-git-history.test.mjs scripts/storage-fixture.test.cjs scripts/f02-development-database.test.cjs
✔ complete Linux matrix passes; deletion and pixel tampering fail (405.78075ms)
✔ acceptance never updates snapshots or skips missing snapshots (0.573292ms)
✔ only main signing and verification jobs receive the signing environment (10.224334ms)
✔ signing policy rejects missing protection, wildcards, tags and extra branches (0.186708ms)
✔ candidate import rejects tampering and stale source before writing, then imports the reviewed matrix (383.599375ms)
✔ required download check rejects skipped or failed event-specific verification (22.081833ms)
✔ PR receipts bind the checked out head while main signing stays on the event SHA (3.6005ms)
✔ successful checks publish only after all seven negatives, independent read-only verification and close (12.478792ms)
✔ an idle error after mutation is handled, no SQL is replayed and independent cleanup cannot convert FAIL to PASS (1.776791ms)
✔ initial known transport failure closes the failed connection before a fresh connection, preserving bootstrap (2.89675ms)
✔ 28P01 initial failure never retries (1.409125ms)
✔ 42501 initial failure never retries (1.423625ms)
✔ CERT_HAS_EXPIRED initial failure never retries (1.049917ms)
✔ configuration failure overwrites historic PASS with current-source FAIL (0.740292ms)
✔ cleanup catalog mismatch fails even after seven successful checks (3.29275ms)
✔ a mutation that does not affect schema is rejected (3.549583ms)
✔ strict artifact acceptance rejects stale success, unclosed sessions, missing bootstrap and post-SQL errors (7.643584ms)
Verified 2 release files for aaaaaaaaaaaaaaaaaaaaaaaaaaaaaaaaaaaaaaaa
Verified 2 release files for aaaaaaaaaaaaaaaaaaaaaaaaaaaaaaaaaaaaaaaa
✔ real Gitleaks positive control and GitHub/Slack leaks (1649.457083ms)
✔ historical digest exceptions do not waive fresh credentials in audit JSON (1103.629417ms)
✔ RLS baseline rejects policy deletion and late disabling with recovery (176.4225ms)
✔ RLS preflight recognizes the actual ten-table A2 migration and rejects incomplete loops (136.290167ms)
✔ RLS preflight expands audit export permissions without treating grants as RLS (136.753084ms)
✔ RLS literal loops preserve late disabling, NO FORCE and policy deletion (134.162792ms)
✔ RLS preflight cannot count conditional loops, comments, literals or function bodies as execution (147.17275ms)
✔ quoted SQL examples inside expanded policy expressions cannot enable RLS (22.008292ms)
✔ migration filename control, rejection and recovery (14.679084ms)
✔ waivers only authorize exact advisory/ecosystem/package/version before expiry (0.91625ms)
✔ license expression policy does not globally allow LGPL or unknown licenses (0.31925ms)
✔ release binds complete payload and SBOM to source; rejects corruption and build-only native files (2.786292ms)
✔ Buf compares against distinct historical source and detects removed fields (497.480667ms)
✔ SCA scanner adapter consumes exact waivers and never waives scanner failures (1950.398625ms)
✔ Playwright PR reporting preserves complete history for downstream security scans (1691.504584ms)
✔ all bucket migration INSERT columns exist in the shared CI fixture (0.389584ms)
﹣ PostgreSQL compiles bucket migrations and preserves private export limits (0.047584ms) # SKIP
ℹ tests 34
ℹ suites 0
ℹ pass 33
ℹ fail 0
ℹ cancelled 0
ℹ skipped 1
ℹ todo 0
ℹ duration_ms 6015.089125
