✔ valid source and execution-bound dependency chain is READY without release signatures (40.459666ms)
✔ missing required execution (34.146833ms)
✔ failed execution (31.922875ms)
✔ wrong actual command (30.514958ms)
✔ unresolved issue (24.013291ms)
✔ wrong node (22.998083ms)
✔ missing source inventory (29.347833ms)
✔ plan scope changed (23.951125ms)
✔ outside log path (29.409333ms)
✔ wrong log digest (29.396084ms)
✔ missing dependency (28.017917ms)
✔ dependency digest substituted (26.652666ms)
✔ tampered manifest bytes are rejected (22.332084ms)
✔ changed source content is rejected despite unchanged gate digest (26.782541ms)
✔ dependency must independently be READY (26.623ms)
✔ arbitrary log cannot masquerade as successful execution (26.32075ms)
✔ input file symlink cannot escape the repository (26.094334ms)
✔ database execution cannot be inferred from a normal local PASS (31.092ms)
✔ Supabase target receipt verifies each compressed execution log (32.214833ms)
✔ source drift during execution invalidates the original input snapshot (39.308ms)
✔ requirement drift during execution invalidates the original input snapshot (43.211ms)
✔ controlled public development profile overrides stale values and preserves server inputs (0.135709ms)
✔ private credentials cannot be injected through a public development profile (0.104875ms)
✔ transient Auth 503 can retry only a complete target execution (0.13125ms)
✔ persistent target timeout never becomes PASS and stops at its budget (0.07475ms)
✔ semantic target failures stop without retry or PASS (0.027666ms)
✔ target retry budget cannot be unbounded (0.223292ms)
✔ configured target retries require explicit attempt outcomes in the receipt (29.85925ms)
✔ three successful full builds bind output inventories (0.382083ms)
✔ reproducibility rejects only two builds (0.107584ms)
✔ reproducibility rejects missing Python build (0.14075ms)
✔ reproducibility rejects failed command (0.125ms)
✔ reproducibility rejects different output digest (0.087875ms)
✔ reproducibility rejects substituted inventory (0.069084ms)
✔ reproducibility rejects dirty source (0.063875ms)
✔ reproducibility rejects old source (0.056ms)
✔ development policy retains explicit build, coverage, volume and target storage obligations (0.327208ms)
✔ static make commands cannot reload .env.local or inherit target database opt-ins (0.09325ms)
✔ volume retry restarts the complete check only on a closed PostgreSQL transport (0.053708ms)
✔ volume correctness and certificate errors cannot be retried into PASS (0.028833ms)
✔ persistent database transport failure stays failed at the retry limit (0.024625ms)
✔ separate assessment snapshot preserves historical manifests and binds its own logs (31.456458ms)
✔ third-party Git link binds the actual clean checkout and rejects dirty/advanced source (139.260333ms)
✔ transient read-only preflight connection closure retries the complete target (0.1005ms)
✔ preflight permission and role failures are not transport retries (0.064083ms)
✔ persistent preflight closure exhausts three attempts without PASS (0.067166ms)
✔ full target outcomes, cleanup and coverage bind development scope (30.02025ms)
✔ reject missing initial bootstrap (13.860875ms)
✔ reject unclosed preparation connection (13.585ms)
✔ reject post-SQL transport reset (12.133333ms)
✔ reject unclosed actor cleanup connection (12.883208ms)
✔ reject missing boundary cleanup bootstrap (12.615875ms)
✔ reject failed combined execution (15.036167ms)
✔ reject failed actor cleanup (11.846958ms)
✔ reject no boundary actors (14.130709ms)
✔ reject new provider run (12.479708ms)
✔ reject fresh quality claim (13.689458ms)
✔ reject engine left running (13.583334ms)
✔ reject wrong target (14.018291ms)
✔ reject release claimed (9.358625ms)
✔ reject wrong execution SHA (8.703833ms)
✔ reject missing approval (13.948583ms)
✔ reject changed source (11.460084ms)
✔ reject skipped target test (14.313417ms)
✔ reject under threshold coverage (27.853083ms)
✔ tampered nested log rejected without changing outcome labels (9.472291ms)
✔ nested path escape rejected (9.794167ms)
✔ R1 controlled policies cover the complete dependency closure (1050.78275ms)
✔ R01 target and production coverage independently validate (23.9235ms)
✔ R01 reject vacuous actor cleanup (18.825833ms)
✔ R01 reject uncommitted outbox (21.587959ms)
✔ R01 reject fixture claimed as real provider (17.403583ms)
✔ R01 reject RLS failed (17.513166ms)
✔ R01 reject migration mismatched (21.706125ms)
✔ real process inventory outcome is separately required by R02 (0.970667ms)
✔ process cleanup reject leak cleaned after discovery (0.371667ms)
✔ process cleanup reject process inspection skipped (0.318917ms)
✔ process cleanup reject residual child left alive (0.347ms)
✔ process cleanup reject failed cleanup relabeled (0.333375ms)
✔ process cleanup reject unbounded ownership scope (0.856292ms)
✔ process cleanup reject wrong source (0.33875ms)
✔ process cleanup reject missing baseline capture (0.455584ms)
ℹ tests 82
ℹ suites 0
ℹ pass 82
ℹ fail 0
ℹ cancelled 0
ℹ skipped 0
ℹ todo 0
ℹ duration_ms 1514.77925
