✔ formal gate rejects zero, one, two and noninteger runs (0.361125ms)
✔ all binaries participate in digest and omitted binary fails (2.855458ms)
✔ extra binary, missing wheel and stale/empty Web cannot pass output inventory (2.405958ms)
✔ manifest inventory cannot omit or add members (0.055917ms)
✔ dirty and untracked source rejected (51.5645ms)
✔ deleted module README is rejected (2.4065ms)
✔ wrong uv version fails toolchain preflight (16.199375ms)
✔ invalid locks fail real lock entrypoint (30.757ms)
✔ Terminal default lint rejects a page TSX violation (776.858083ms)
✔ invalid run revokes old successful receipt (23.707584ms)
✔ Cargo manifest drift is rejected by actual lock gate (615.81325ms)
✔ uv manifest drift is rejected by actual lock gate (702.233792ms)
✔ pnpm manifest drift is rejected by actual lock gate (1027.432292ms)
✔ malformed Buf lock is rejected by actual lock gate (709.789666ms)
✔ broken Desktop is outside phase-one pnpm frozen check (396.715583ms)
✔ uv output marker is metadata, other unexpected files still fail (2.039042ms)
✔ build-only tool is required in output inventory without becoming a runtime binary (1.964834ms)
ℹ tests 17
ℹ suites 0
ℹ pass 17
ℹ fail 0
ℹ cancelled 0
ℹ skipped 0
ℹ todo 0
ℹ duration_ms 4396.572917
