✔ formal gate rejects zero, one, two and noninteger runs (0.360541ms)
✔ all binaries participate in digest and omitted binary fails (3.494791ms)
✔ extra binary, missing wheel and stale/empty Web cannot pass output inventory (2.266709ms)
✔ manifest inventory cannot omit or add members (0.062417ms)
✔ dirty and untracked source rejected (57.600083ms)
✔ deleted module README is rejected (2.482292ms)
✔ wrong uv version fails toolchain preflight (16.886583ms)
✔ invalid locks fail real lock entrypoint (56.188541ms)
✔ Terminal default lint rejects a page TSX violation (949.500708ms)
✔ invalid run revokes old successful receipt (24.701083ms)
✔ Cargo manifest drift is rejected by actual lock gate (587.4615ms)
✔ uv manifest drift is rejected by actual lock gate (634.647375ms)
✔ pnpm manifest drift is rejected by actual lock gate (953.087917ms)
✔ malformed Buf lock is rejected by actual lock gate (645.849209ms)
✔ broken Desktop is outside phase-one pnpm frozen check (323.753959ms)
✔ uv output marker is metadata, other unexpected files still fail (2.19125ms)
✔ build-only tool is required in output inventory without becoming a runtime binary (2.104209ms)
✔ pnpm frozen check rejects missing or changed patch bytes (665.339292ms)
✔ pnpm patch cannot read outside the repository (139.838083ms)
ℹ tests 19
ℹ suites 0
ℹ pass 19
ℹ fail 0
ℹ cancelled 0
ℹ skipped 0
ℹ todo 0
ℹ duration_ms 5101.914292
