node --test scripts/f02-gate-negative.mjs scripts/f02-a11-gate-negative.mjs scripts/playwright-git-history.test.mjs scripts/storage-fixture.test.cjs scripts/f02-development-database.test.cjs
✔ complete Linux matrix passes; deletion and pixel tampering fail (406.897333ms)
✔ acceptance never updates snapshots or skips missing snapshots (1.241417ms)
✔ only main signing and verification jobs receive the signing environment (10.426417ms)
✔ signing policy rejects missing protection, wildcards, tags and extra branches (0.263834ms)
✔ candidate import rejects tampering and stale source before writing, then imports the reviewed matrix (367.125208ms)
✔ required download check rejects skipped or failed event-specific verification (21.55975ms)
✔ PR receipts bind the checked out head while main signing stays on the event SHA (5.1235ms)
✔ successful checks publish only after all seven negatives, independent read-only verification and close (9.181125ms)
✔ an idle error after mutation is handled, no SQL is replayed and independent cleanup cannot convert FAIL to PASS (1.864458ms)
✔ initial known transport failure closes the failed connection before a fresh connection, preserving bootstrap (2.1255ms)
✔ 28P01 initial failure never retries (0.866958ms)
✔ 42501 initial failure never retries (0.687459ms)
✔ CERT_HAS_EXPIRED initial failure never retries (0.8135ms)
✔ configuration failure overwrites historic PASS with current-source FAIL (0.63075ms)
✔ cleanup catalog mismatch fails even after seven successful checks (2.8905ms)
✔ failed primary close preserves its error and cannot publish success after read-only verification (2.381834ms)
✔ a mutation that does not affect schema is rejected (1.450833ms)
✔ strict artifact acceptance rejects stale success, unclosed sessions, missing bootstrap and post-SQL errors (6.407625ms)
Verified 2 release files for aaaaaaaaaaaaaaaaaaaaaaaaaaaaaaaaaaaaaaaa
Verified 2 release files for aaaaaaaaaaaaaaaaaaaaaaaaaaaaaaaaaaaaaaaa
✔ real Gitleaks positive control and GitHub/Slack leaks (1619.138084ms)
✔ historical digest exceptions do not waive fresh credentials in audit JSON (1114.876292ms)
✔ RLS baseline rejects policy deletion and late disabling with recovery (168.761667ms)
✔ RLS preflight recognizes the actual ten-table A2 migration and rejects incomplete loops (131.170667ms)
✔ RLS preflight expands audit export permissions without treating grants as RLS (129.233375ms)
✔ RLS literal loops preserve late disabling, NO FORCE and policy deletion (127.287208ms)
✔ RLS preflight cannot count conditional loops, comments, literals or function bodies as execution (144.666833ms)
✔ quoted SQL examples inside expanded policy expressions cannot enable RLS (22.288042ms)
✔ migration filename control, rejection and recovery (14.201042ms)
✔ waivers only authorize exact advisory/ecosystem/package/version before expiry (1.069083ms)
✔ license expression policy does not globally allow LGPL or unknown licenses (0.330667ms)
✔ release binds complete payload and SBOM to source; rejects corruption and build-only native files (2.804792ms)
✔ Buf compares against distinct historical source and detects removed fields (606.769167ms)
✔ SCA scanner adapter consumes exact waivers and never waives scanner failures (1615.360416ms)
✔ Playwright PR reporting preserves complete history for downstream security scans (1652.311583ms)
✔ all bucket migration INSERT columns exist in the shared CI fixture (0.443458ms)
﹣ PostgreSQL compiles bucket migrations and preserves private export limits (0.051083ms) # SKIP
ℹ tests 35
ℹ suites 0
ℹ pass 34
ℹ fail 0
ℹ cancelled 0
ℹ skipped 1
ℹ todo 0
ℹ duration_ms 5742.983583
