✔ development COMPLETED does not accept the current F06 review (0.7215ms)
✔ ACCEPTED with any open finding remains blocked (0.16175ms)
✔ all closed findings require a same-SHA complete receipt (0.988667ms)
✔ missing or duplicate review markers fail closed (0.156417ms)
✔ archived closure records must be present, complete and unique (0.299125ms)
✔ duplicate F06 task or engineering summaries fail closed (0.220041ms)
✔ all eight registered fixtures retire by exact identity without deleting facts (1.935875ms)
✔ wrong tenant ownership stops before any mutation (0.308958ms)
✔ remaining active actor rejects cleanup success (0.55925ms)
✔ post-SQL disconnect is recorded and no mutation replays (0.256791ms)
✔ duplicate or wrong-run fixture inventory never opens a connection (0.46725ms)
✔ admission rejects partial inventory, unclosed connection, active sessions and missing cleanup (1.060459ms)
✔ command entrypoint retains initial failure, then executes SQL once with verified TLS (1.501334ms)
✔ transport closure after first SQL never reconnects or replays the statement (0.216459ms)
✔ persistent initial closure fails after three closed clients without any SQL (0.204125ms)
✔ authentication initial failure is not retried (0.175834ms)
✔ permission initial failure is not retried (0.15675ms)
✔ TLS initial failure is not retried (0.120916ms)
✔ default and bounded remote development transport budgets (0.371042ms)
✔ unbounded, fractional and malformed budgets fail closed (0.130125ms)
✔ functional database budget records elapsed time and preserves all command arguments (0.600708ms)
✔ timeout remains a failed null exit with its signal and safe error code, without retry (0.129083ms)
✔ existing HTTP/service command budget is unchanged (0.061375ms)
✔ two closed initial connections are retained, closed, then the third succeeds before any statement (0.632958ms)
✔ persistent closure fails after three and retains every failure (0.964333ms)
✔ auth bootstrap failure never retries (0.113834ms)
✔ permission bootstrap failure never retries (0.091667ms)
✔ TLS bootstrap failure never retries (0.078458ms)
✔ cancel bootstrap failure never retries (0.062834ms)
✔ unknown bootstrap failure never retries (0.058709ms)
✔ initial transport timeout retries but a later query error never reconnects (0.105625ms)
✔ failure to close an initial connection prevents retry (0.097583ms)
✔ budget cannot exceed three (0.215959ms)
✔ acceptance rejects missing, unfinished, reordered, semantic or unclosed attempts (3.294666ms)
✔ evidence-save failure closes the connected client and never reconnects (0.091542ms)
✔ initialization after the old 20s loop can pass only with an exact readiness response (2.956375ms)
✔ a never-ready service exhausts one bounded wall-clock budget (1.864709ms)
✔ response after deadline cannot grant readiness (0.121084ms)
✔ exited or killed services fail without waiting or probing (0.098708ms)
✔ connection failures and wrong successful HTTP status cannot pass (2.341791ms)
✔ invalid or unbounded startup budgets reject (0.127875ms)
✔ process exit during a successful probe cannot grant readiness (0.068542ms)
ℹ tests 42
ℹ suites 0
ℹ pass 42
ℹ fail 0
ℹ cancelled 0
ℹ skipped 0
ℹ todo 0
ℹ duration_ms 54.973083
