✔ completed command records diagnostic and redacts configured secret split across chunks (32.93975ms)
✔ deadline kills an actual owned grandchild, preserves FAIL and logs (1507.29575ms)
✔ successful leader with detached lifetime descendant is FAIL even after cleanup (134.817416ms)
✔ spawn failure and evidence-write failure cannot become success (2.536833ms)
✔ explicit cancellation cleans its group and never passes (102.86975ms)
✔ interleaved stderr cannot break secret redaction (41.8055ms)
✔ output limit is bounded failure without partial secret chunks (23.381833ms)
✔ normal completion without sensitive output remains PASS with closed process group (20.745542ms)
✔ F09 admission requires command supervision and immutable owned cleanup proofs (5.939625ms)
✔ three exact owned actors retire while immutable event facts remain (1.220042ms)
✔ ownership mismatch refuses mutation (1.796958ms)
✔ post-SQL reset is FAIL with no replay (0.152ms)
✔ active actors and changed event facts fail retirement (0.613583ms)
✔ wrong run and duplicate actors never connect (0.515ms)
✔ empty fixture inventory cannot admit successful F09 (0.108417ms)
✔ partial, open, changed and active cleanup receipts fail admission (0.398166ms)
✔ later A2 migration does not make a complete F09 ledger stale (0.356375ms)
✔ missing target migration fails closed (0.162166ms)
✔ changed applied SQL checksum fails closed (0.066375ms)
✔ missing F09 prerequisite fails even if remaining ledger matches (0.056542ms)
✔ F09 rule semantics match the development-plan thresholds (0.7285ms)
✔ unchanged rule IDs cannot hide threshold, duration, count or severity drift (0.737042ms)
ℹ tests 22
ℹ suites 0
ℹ pass 22
ℹ fail 0
ℹ cancelled 0
ℹ skipped 0
ℹ todo 0
ℹ duration_ms 1898.0545
