✔ all eight independently content-bound dependencies admit DEVELOPMENT only (21.405542ms)
✔ engineering aggregation preserves the sole pending user confirmation (15.274292ms)
✔ milestone rejects missing F0 (15.356542ms)
✔ milestone rejects missing PRE (15.008833ms)
✔ milestone rejects duplicate dependency (14.533917ms)
✔ milestone rejects unready F0 (12.440959ms)
✔ milestone rejects manifest bytes replaced (11.789875ms)
✔ milestone rejects digest substituted (11.79575ms)
✔ milestone rejects dependency path substituted (13.245042ms)
✔ milestone rejects dependency verdict substituted (12.387708ms)
✔ milestone rejects self manifest schema (12.247ms)
✔ milestone rejects normative change (11.513833ms)
✔ milestone rejects source input change (11.031708ms)
✔ milestone rejects unexecuted check (10.9955ms)
✔ milestone rejects missing execution time (11.094791ms)
✔ milestone rejects missing required check (10.903083ms)
✔ milestone rejects duplicate check (10.662166ms)
✔ milestone rejects wrong command (10.729709ms)
✔ milestone rejects log tampering (10.257291ms)
✔ milestone rejects rehashed prose (10.637792ms)
✔ milestone rejects external log path (10.714ms)
✔ milestone rejects false formal acceptance (10.451416ms)
✔ milestone rejects aggregate claims database run (10.574375ms)
✔ milestone rejects hidden exclusions (10.429209ms)
✔ milestone rejects unresolved functional finding (10.57575ms)
✔ dependency validator is invoked and errors propagate (10.2895ms)
✔ fake READY cannot hide changed G0 scope (10.328584ms)
✔ arbitrary existing markdown cannot serve as a milestone receipt (0.092958ms)
✔ own arbitrary digest is rejected independently of dependency status (0.063084ms)
✔ F0 policy contains the six missing nodes and all eleven obligations (10.814791ms)
✔ production schema drift comparator rejects tables (0.117708ms)
✔ production schema drift comparator rejects columns (0.070625ms)
✔ production schema drift comparator rejects constraints (0.0515ms)
✔ production schema drift comparator rejects indexes (0.039625ms)
✔ production schema drift comparator rejects policies (0.035958ms)
✔ production schema drift comparator rejects routines (0.030417ms)
✔ production schema drift comparator rejects triggers (0.035666ms)
✔ 100-task recovery evidence cannot use 10-task diagnostic or accept P95 (1.100333ms)
✔ CI validates milestone disposition and preserves strict admission and negatives (5.039209ms)
ℹ tests 39
ℹ suites 0
ℹ pass 39
ℹ fail 0
ℹ cancelled 0
ℹ skipped 0
ℹ todo 0
ℹ duration_ms 415.464542
