Validated 6 pinned Buf plugins and locked generation workflow.
✔ proto generation configuration is pinned and lock-preserving (36.460167ms)
✔ proto generation configuration rejects an unpinned remote plugin (35.688541ms)
✔ proto generation configuration rejects implicit dependency updates (35.881625ms)
ℹ tests 3
ℹ suites 0
ℹ pass 3
ℹ fail 0
ℹ cancelled 0
ℹ skipped 0
ℹ todo 0
ℹ duration_ms 138.284
Extracted 50 JSON schema documents.
Validated 50 standalone JSON schemas and 11 planned domain schemas.
✔ standalone JSON schema gate passes the complete generated catalog (135.563708ms)
✔ standalone JSON schema gate rejects a missing planned domain schema (45.499167ms)
✔ standalone JSON schema gate rejects an unresolved reference (128.565083ms)
ℹ tests 3
ℹ suites 0
ℹ pass 3
ℹ fail 0
ℹ cancelled 0
ℹ skipped 0
ℹ todo 0
ℹ duration_ms 343.390917
Proto compatibility checked against 9844812ca4b7fb40fe9bd2fc0065aa4f6b13988e
Proto checks passed.
