✔ engineering-only evidence cannot admit TP05 (175.917458ms)
✔ all execution logs and installed wheels must travel with a copied receipt (77.152ms)
✔ TP05 receipt rejects omitted check (148.840333ms)
✔ TP05 receipt rejects failed execution (133.820958ms)
✔ TP05 receipt rejects fake command (128.8335ms)
✔ TP05 receipt rejects source inventory (117.916125ms)
✔ TP05 receipt rejects log digest (128.122542ms)
✔ TP05 receipt rejects fixture omission (131.451708ms)
✔ TP05 receipt rejects formal claim (72.249333ms)
✔ TP05 receipt rejects future execution (131.472583ms)
✔ TP05 receipt rejects unreaped package child (128.501958ms)
✔ TP05 receipt rejects editable package claim (128.088583ms)
✔ TP05 receipt rejects upstream claim (126.423167ms)
✔ TP05 receipt rejects production gate omission (126.793459ms)
✔ TP05 receipt rejects upstream package present (127.858459ms)
✔ execution source must match unified manifest (72.490791ms)
✔ copied logs are independent of canonical logs (212.2465ms)
✔ tampered wheel bytes are rejected (135.809709ms)
✔ actual output evidence rejects URI collision (149.724709ms)
✔ actual output evidence rejects matrix sample omission (149.488583ms)
✔ actual output evidence rejects missing sources (144.73625ms)
✔ actual output evidence rejects production data claim (161.515917ms)
✔ actual output evidence rejects trading data claim (145.259375ms)
✔ actual output evidence rejects response hash (143.850875ms)
✔ actual output evidence rejects cross-tenant scope (144.733792ms)
✔ actual output evidence rejects false source schema (144.211292ms)
✔ actual output evidence rejects upstream commit (138.829958ms)
✔ UI transcript rejects cancel timeout (140.63ms)
✔ UI transcript rejects cancel side effect (144.061542ms)
ℹ tests 29
ℹ suites 0
ℹ pass 29
ℹ fail 0
ℹ cancelled 0
ℹ skipped 0
ℹ todo 0
ℹ duration_ms 3969.62275
