
running 1 test
test manager_supervises_three_real_crashes_without_test_owned_restarts ... ok

test result: ok. 1 passed; 0 failed; 0 ignored; 0 measured; 24 filtered out; finished in 2.44s

[1m[92m   Compiling[0m syn v2.0.119
[1m[92m   Compiling[0m serde_core v1.0.229
[1m[92m   Compiling[0m getrandom v0.4.3
[1m[92m   Compiling[0m libc v0.2.189
[1m[92m   Compiling[0m rustix v1.1.4
[1m[92m   Compiling[0m linux-raw-sys v0.12.1
[1m[92m   Compiling[0m bitflags v2.13.1
[1m[92m   Compiling[0m fastrand v2.5.0
[1m[92m   Compiling[0m typenum v1.20.1
[1m[92m   Compiling[0m serde v1.0.229
[1m[92m   Compiling[0m generic-array v0.14.7
[1m[92m   Compiling[0m tempfile v3.27.0
[1m[92m   Compiling[0m num-traits v0.2.19
[1m[92m   Compiling[0m futures-channel v0.3.33
[1m[92m   Compiling[0m log v0.4.33
[1m[92m   Compiling[0m sync_wrapper v1.0.2
[1m[92m   Compiling[0m crypto-common v0.1.7
[1m[92m   Compiling[0m block-buffer v0.10.4
[1m[92m   Compiling[0m pbjson v0.7.0
[1m[92m   Compiling[0m prettyplease v0.2.37
[1m[92m   Compiling[0m digest v0.10.7
[1m[92m   Compiling[0m serde_json v1.0.151
[1m[92m   Compiling[0m chrono v0.4.45
[1m[92m   Compiling[0m sha2 v0.10.9
[1m[92m   Compiling[0m hmac v0.12.1
[1m[92m   Compiling[0m semver v1.0.28
[1m[92m   Compiling[0m uuid v1.24.0
[1m[92m   Compiling[0m prost-derive v0.13.5
[1m[92m   Compiling[0m tokio-macros v2.7.1
[1m[92m   Compiling[0m futures-macro v0.3.33
[1m[92m   Compiling[0m tracing-attributes v0.1.31
[1m[92m   Compiling[0m tokio v1.53.1
[1m[92m   Compiling[0m futures-util v0.3.33
[1m[92m   Compiling[0m prost v0.13.5
[1m[92m   Compiling[0m prost-types v0.13.5
[1m[92m   Compiling[0m tracing v0.1.44
[1m[92m   Compiling[0m pin-project-internal v1.1.13
[1m[92m   Compiling[0m prost-build v0.13.5
[1m[92m   Compiling[0m pbjson-build v0.7.0
[1m[92m   Compiling[0m pin-project v1.1.13
[1m[92m   Compiling[0m tower v0.5.3
[1m[92m   Compiling[0m axum-core v0.4.5
[1m[92m   Compiling[0m async-stream-impl v0.3.6
[1m[92m   Compiling[0m pbjson-types v0.7.0
[1m[92m   Compiling[0m async-stream v0.3.6
[1m[92m   Compiling[0m tokio-util v0.7.19
[1m[92m   Compiling[0m h2 v0.4.16
[1m[92m   Compiling[0m tower v0.4.13
[1m[92m   Compiling[0m axum v0.7.9
[1m[92m   Compiling[0m tokio-stream v0.1.19
[1m[92m   Compiling[0m hyper v1.11.0
[1m[92m   Compiling[0m hyper-util v0.1.20
[1m[92m   Compiling[0m hyper-timeout v0.5.2
[1m[92m   Compiling[0m tonic v0.12.3
[1m[92m   Compiling[0m quantos-proto v0.1.0 (/home/runner/work/QuantOS/QuantOS/crates/quantos-proto)
[1m[92m   Compiling[0m quantos-engine-manager v0.1.0 (/home/runner/work/QuantOS/QuantOS/crates/quantos-engine-manager)
[1m[92m    Finished[0m `test` profile [unoptimized + debuginfo] target(s) in 15.75s
[1m[92m     Running[0m tests/python_mock_engine.rs (target/debug/deps/python_mock_engine-9ff85f2d6279e7a8)
