✔ production rejects InMemoryTerminalBackend (265.953291ms)
✔ production rejects InMemoryStrategyBackend (1.755875ms)
✔ production rejects InMemoryExecutionBackend (1.214417ms)
✔ production rejects InMemoryOpsBackend (0.974ms)
✔ production rejects TerminalBackend (0.893208ms)
✔ production rejects StrategyBackend (0.802041ms)
✔ production rejects ExecutionBackend (0.710958ms)
✔ production rejects OpsBackend (0.70025ms)
✔ production rejects createTerminalClient (0.823167ms)
✔ production rejects bypass import * as api from '@sumalpha/api-client'; export const value = api; (1.114792ms)
✔ production rejects bypass export * from '@sumalpha/api-client'; (0.619292ms)
✔ production rejects bypass export { InMemoryOpsBackend as Default } from '@sumalpha/api-client'; (0.564125ms)
✔ production rejects bypass export const value = import('@sumalpha/api-client'); (0.649166ms)
✔ production rejects bypass export const value = require('@sumalpha/api-client'); (0.897167ms)
✔ production rejects bypass import { value } from '../../../../crates/bff/src/db'; export {value}; (0.511959ms)
✔ production rejects bypass import { value } from '../tests/fixtures/backend'; export {value}; (0.452875ms)
✔ production rejects bypass export const value = import(globalThis.name); (0.681458ms)
✔ production rejects bypass import { value } from '@sumalpha/api-client/src/terminal'; export {value}; (0.538792ms)
✔ generated named public client imports are allowed (0.520708ms)
✔ explicit test fixture adapters remain allowed (2.195875ms)
✔ production src cannot hide behind a test-like filename (0.540875ms)
✔ shared frontend wrapper cannot re-export a legacy adapter under an alias (1.37025ms)
✔ production rejects direct database or venue module pg (0.484709ms)
✔ production rejects direct database or venue module postgres (0.506166ms)
✔ production rejects direct database or venue module @supabase/supabase-js (0.51525ms)
✔ production rejects direct database or venue module @prisma/client (0.511042ms)
✔ production rejects direct database or venue module ccxt (0.491834ms)
✔ production rejects direct database or venue module @binance/connector (0.488375ms)
✔ registered Storybook data fixtures remain allowed (1.40675ms)
✔ runtime TerminalClient cannot instantiate a handwritten backend in production (0.486708ms)
✔ type-only legacy migration annotation does not create a production adapter (0.901334ms)
✔ production boundary cannot be bypassed with js (2.383125ms)
✔ production boundary cannot be bypassed with jsx (1.197ms)
✔ production boundary cannot be bypassed with mjs (0.615917ms)
✔ production boundary cannot be bypassed with cjs (1.069ms)
✔ production boundary cannot be disabled with an inline directive (1.048792ms)
✔ production cannot import repository database CLI internals (0.485334ms)
✔ complete engineering checks retain BLOCKED while scope confirmation is absent (147.770333ms)
✔ strict acceptance rejects pending current user scope (122.204167ms)
✔ G0 rejects missing explicit proto baseline (103.2205ms)
✔ G0 rejects same-head proto baseline (101.635542ms)
✔ G0 rejects fabricated READY (99.36975ms)
✔ G0 rejects historical arbitrary manifest (92.554917ms)
✔ G0 rejects missing actual check (91.885958ms)
✔ G0 rejects duplicate actual check (89.578583ms)
✔ G0 rejects failed check (88.261667ms)
✔ G0 rejects unexecuted check (90.556167ms)
✔ G0 rejects wrong command (89.398458ms)
✔ G0 rejects source inventory drift (90.820666ms)
✔ G0 rejects planned scope delivered claim (92.007916ms)
✔ G0 rejects log tampering (88.776334ms)
✔ G0 rejects arbitrary rehashed prose (89.01075ms)
✔ G0 rejects wrong Web build source (95.093209ms)
✔ G0 rejects missing dependency (94.836ms)
✔ G0 rejects dependency digest drift (93.90925ms)
✔ G0 rejects unready upstream (95.608334ms)
✔ G0 rejects hidden scope residual (89.079666ms)
✔ pending scope cannot incorporate an approval record (75.468417ms)
✔ legacy six-role records cannot grant current confirmation (75.714791ms)
✔ confirmed scope must bind current input digest (74.83875ms)
✔ confirmed scope requires the single user record (75.462791ms)
✔ dependency validation is actually invoked and failures propagate (96.69475ms)
✔ one document-bound current user confirmation replaces all role receipts (77.097084ms)
✔ CI must always validate engineering receipts and G0 negatives (0.08275ms)
✔ G0 rejects normative plan drift during execution before publishing (90.668625ms)
✔ G0 rejects code inventory drift during execution before publishing (90.51125ms)
✔ lifecycle metadata alone does not change normative G0 inputs (88.962375ms)
✔ real BFF baseline CLI matches its required G0 execution marker (86.610167ms)
✔ G0 worktree allows only lifecycle/evidence state "" (0.074875ms)
✔ G0 worktree allows only lifecycle/evidence state " M docs/SumAlpha-QuantOS-Development-Plan.md\n" (0.060292ms)
✔ G0 worktree allows only lifecycle/evidence state "M  docs/SumAlpha-QuantOS-Frontend-Development-Execution-Plan.md\n?? docs/audit/evidence/new/\n" (0.06575ms)
✔ G0 worktree allows only lifecycle/evidence state "?? docs/audit/report.md\n" (0.016792ms)
✔ G0 worktree rejects uncommitted functional input " M scripts/g0-development.mjs\n" (0.083625ms)
✔ G0 worktree rejects uncommitted functional input "M  apps/terminal/src/auth/flow.ts\n" (0.049375ms)
✔ G0 worktree rejects uncommitted functional input "?? bff/new.yaml\n" (0.032833ms)
✔ G0 worktree rejects uncommitted functional input "R  docs/audit/a.md -> scripts/backdoor.mjs\n" (0.027791ms)
✔ user-confirmed scope includes the normative G0 plan and excludes lifecycle metadata (83.022458ms)
✔ current PRE-01 artifacts satisfy the executable contract (5.924083ms)
✔ missing a page state fails closed (1.990208ms)
✔ invalid story priority fails closed (0.679333ms)
✔ missing traceability row fails closed (1.536666ms)
✔ published operation cannot regress to planned fails closed (1.859584ms)
✔ unknown role fails closed (0.553041ms)
✔ unknown route fails closed (0.563292ms)
✔ duplicate story fails closed (0.744833ms)
✔ missing flow stories fails closed (0.72525ms)
✔ missing flow scenarios fails closed (1.309125ms)
✔ unsafe proposal criterion fails closed (1.267458ms)
✔ unknown trace task fails closed (1.524ms)
✔ unauthorized admin grant fails closed (1.252ms)
✔ missing permission route fails closed (0.813167ms)
✔ phase-one P16 fails closed (0.1115ms)
✔ missing contract owner fails closed (1.313208ms)
✔ empty flow role fails closed (0.688542ms)
✔ empty flow route fails closed (0.690041ms)
✔ state label mismatch fails closed (0.93275ms)
✔ desktop-only story fails closed (0.504208ms)
✔ persistent offline cache fails closed (1.019916ms)
✔ admin domain permission fails closed (0.797291ms)
✔ missing page story fails closed (0.534125ms)
✔ cross-page route fails closed (0.589541ms)
✔ current G0 governance preserves history without granting current acceptance (1.5075ms)
✔ past-due G0 item cannot silently remain OPEN (0.688209ms)
✔ fabricated G0 acceptance fails against current checkpoint (0.684584ms)
✔ missing G0 leftover owner fails (0.653958ms)
✔ P05 cannot bind metadata download to an untraced audit export operation (1.938042ms)
✔ P21 cannot drop alert ownership from both ledger and trace while retaining the subscription (2.154875ms)
✔ unknown unlabelled operation in API register is rejected (1.698583ms)
✔ P05 quality alerts require C16 ownership on the consumer page (1.690542ms)
✔ API register rejects current version 1.4.0 (1.594125ms)
✔ API register rejects current version 99.99.0 (1.516333ms)
✔ published register row cannot omit API version (1.635417ms)
✔ published register row cannot omit generated mock version (1.65925ms)
✔ all ten historical compatibility strategies cannot be cleared (0.882ms)
✔ current disposition cannot drop a historical parent (1.098ms)
✔ current disposition requires effective checkpoint deadline (0.885208ms)
✔ current disposition cannot claim target RELEASE completion (0.90425ms)
✔ current disposition requires nonempty compatibility strategy (0.80975ms)
✔ current disposition presentation must match structured source (1.009583ms)
✔ current deadline cannot defer DEVELOPMENT provider obligations to integration (0.87775ms)
✔ one current user confirmation validates all documented review dimensions (1.822875ms)
✔ user confirmation rejects assistant self-approval (0.621208ms)
✔ user confirmation rejects unconfirmed draft (0.170667ms)
✔ user confirmation rejects workflow instruction alone (0.536792ms)
✔ user confirmation rejects missing user message (0.153417ms)
✔ user confirmation rejects missing identity (0.110667ms)
✔ user confirmation rejects old historical confirmation (0.114834ms)
✔ user confirmation rejects future confirmation (0.105667ms)
✔ user confirmation rejects wrong node (0.365667ms)
✔ user confirmation rejects wrong stage (0.220375ms)
✔ user confirmation rejects wrong input digest (0.163084ms)
✔ user confirmation rejects wrong draft path (0.108333ms)
✔ user confirmation rejects parent traversal (0.095625ms)
✔ user confirmation rejects wrong document hash (0.103958ms)
✔ changed original user record is rejected even with unchanged scope (0.097708ms)
✔ rehashing a draft cannot authorize a different scope (0.16275ms)
✔ draft must retain every review dimension even with updated document hash (0.127375ms)
ℹ tests 137
ℹ suites 0
ℹ pass 137
ℹ fail 0
ℹ cancelled 0
ℹ skipped 0
ℹ todo 0
ℹ duration_ms 2920.085334
