============================= test session starts ==============================
platform darwin -- Python 3.12.10, pytest-9.0.3, pluggy-1.6.0 -- /Users/anray/Documents/project/SumAlpha/QuantOS/engines/.venv/bin/python
cachedir: .pytest_cache
rootdir: /Users/anray/Documents/project/SumAlpha/QuantOS/engines
configfile: pyproject.toml
plugins: cov-6.2.1
collecting ... collected 40 items

engines/tests/test_tp08_qlib_mapping_samples.py::test_three_experiments_are_executed_with_real_byte_hashes PASSED [  2%]
engines/tests/test_tp08_qlib_mapping_samples.py::test_replay_is_byte_identical_and_deduplicated PASSED [  5%]
engines/tests/test_tp08_qlib_mapping_samples.py::test_cross_scope_reads_and_dedup_are_isolated[tenant_id] PASSED [  7%]
engines/tests/test_tp08_qlib_mapping_samples.py::test_cross_scope_reads_and_dedup_are_isolated[workspace_id] PASSED [ 10%]
engines/tests/test_tp08_qlib_mapping_samples.py::test_cross_scope_reads_and_dedup_are_isolated[actor_id] PASSED [ 12%]
engines/tests/test_tp08_qlib_mapping_samples.py::test_trading_modes_are_denied_before_writes[paper] PASSED [ 15%]
engines/tests/test_tp08_qlib_mapping_samples.py::test_trading_modes_are_denied_before_writes[shadow] PASSED [ 17%]
engines/tests/test_tp08_qlib_mapping_samples.py::test_trading_modes_are_denied_before_writes[assisted_live] PASSED [ 20%]
engines/tests/test_tp08_qlib_mapping_samples.py::test_trading_modes_are_denied_before_writes[guarded_live] PASSED [ 22%]
engines/tests/test_tp08_qlib_mapping_samples.py::test_trading_modes_are_denied_before_writes[True] PASSED [ 25%]
engines/tests/test_tp08_qlib_mapping_samples.py::test_trading_modes_are_denied_before_writes[None] PASSED [ 27%]
engines/tests/test_tp08_qlib_mapping_samples.py::test_non_test_environments_are_denied[production] PASSED [ 30%]
engines/tests/test_tp08_qlib_mapping_samples.py::test_non_test_environments_are_denied[staging] PASSED [ 32%]
engines/tests/test_tp08_qlib_mapping_samples.py::test_non_test_environments_are_denied[local] PASSED [ 35%]
engines/tests/test_tp08_qlib_mapping_samples.py::test_non_test_environments_are_denied[True] PASSED [ 37%]
engines/tests/test_tp08_qlib_mapping_samples.py::test_non_test_environments_are_denied[None] PASSED [ 40%]
engines/tests/test_tp08_qlib_mapping_samples.py::test_input_is_closed_without_tools_or_authority[tools] PASSED [ 42%]
engines/tests/test_tp08_qlib_mapping_samples.py::test_input_is_closed_without_tools_or_authority[order] PASSED [ 45%]
engines/tests/test_tp08_qlib_mapping_samples.py::test_input_is_closed_without_tools_or_authority[secret_ref] PASSED [ 47%]
engines/tests/test_tp08_qlib_mapping_samples.py::test_input_is_closed_without_tools_or_authority[tenant_id] PASSED [ 50%]
engines/tests/test_tp08_qlib_mapping_samples.py::test_input_is_closed_without_tools_or_authority[network_access] PASSED [ 52%]
engines/tests/test_tp08_qlib_mapping_samples.py::test_input_is_closed_without_tools_or_authority[approved_for_production] PASSED [ 55%]
engines/tests/test_tp08_qlib_mapping_samples.py::test_input_is_closed_without_tools_or_authority[executable] PASSED [ 57%]
engines/tests/test_tp08_qlib_mapping_samples.py::test_unlicensed_or_malformed_rows_are_denied[license] PASSED [ 60%]
engines/tests/test_tp08_qlib_mapping_samples.py::test_unlicensed_or_malformed_rows_are_denied[dataset] PASSED [ 62%]
engines/tests/test_tp08_qlib_mapping_samples.py::test_unlicensed_or_malformed_rows_are_denied[calendar] PASSED [ 65%]
engines/tests/test_tp08_qlib_mapping_samples.py::test_unlicensed_or_malformed_rows_are_denied[symbol] PASSED [ 67%]
engines/tests/test_tp08_qlib_mapping_samples.py::test_unlicensed_or_malformed_rows_are_denied[missing] PASSED [ 70%]
engines/tests/test_tp08_qlib_mapping_samples.py::test_unlicensed_or_malformed_rows_are_denied[negative] PASSED [ 72%]
engines/tests/test_tp08_qlib_mapping_samples.py::test_unlicensed_or_malformed_rows_are_denied[bool] PASSED [ 75%]
engines/tests/test_tp08_qlib_mapping_samples.py::test_unlicensed_or_malformed_rows_are_denied[nan] PASSED [ 77%]
engines/tests/test_tp08_qlib_mapping_samples.py::test_unlicensed_or_malformed_rows_are_denied[infinity] PASSED [ 80%]
engines/tests/test_tp08_qlib_mapping_samples.py::test_unlicensed_or_malformed_rows_are_denied[row-extra] PASSED [ 82%]
engines/tests/test_tp08_qlib_mapping_samples.py::test_scope_validation[] PASSED [ 85%]
engines/tests/test_tp08_qlib_mapping_samples.py::test_scope_validation[ ] PASSED [ 87%]
engines/tests/test_tp08_qlib_mapping_samples.py::test_scope_validation[None] PASSED [ 90%]
engines/tests/test_tp08_qlib_mapping_samples.py::test_scope_validation[True] PASSED [ 92%]
engines/tests/test_tp08_qlib_mapping_samples.py::test_scope_validation[xxxxxxxxxxxxxxxxxxxxxxxxxxxxxxxxxxxxxxxxxxxxxxxxxxxxxxxxxxxxxxxxxxxxxxxxxxxxxxxxxxxxxxxxxxxxxxxxxxxxxxxxxxxxxxxxxxxxxxxxxxxxxxxxx] PASSED [ 95%]
engines/tests/test_tp08_qlib_mapping_samples.py::test_future_rows_do_not_change_prior_features PASSED [ 97%]
engines/tests/test_tp08_qlib_mapping_samples.py::test_cli_generated_samples_match_tracked_bytes PASSED [100%]

============================== 40 passed in 0.04s ==============================
