✔ pinned source and descriptor-only disposition validate (1.646542ms)
✔ three generated experiments and actual byte evidence validate (21.696125ms)
✔ production inventory with no Qlib passes exclusion only (1.23775ms)
✔ production rejects pyqlib.whl (0.794125ms)
✔ production rejects engines/qlib-adapter (0.493167ms)
✔ production rejects third_party/qlib (0.368083ms)
✔ production rejects QLIB.so (0.395666ms)
✔ invalid inventory null (0.059709ms)
✔ invalid inventory {} (0.0575ms)
✔ invalid inventory [""] (0.076917ms)
✔ invalid inventory [5] (0.063208ms)
✔ source evidence rejects pin (6.340917ms)
✔ source evidence rejects runtime approval (5.774666ms)
✔ source evidence rejects adapter decision (6.410958ms)
✔ source evidence rejects source byte digest (6.10225ms)
✔ source evidence rejects source omission (5.835625ms)
✔ source evidence rejects source traversal (5.630416ms)
✔ source evidence rejects fake SHA256 commit (6.235375ms)
✔ source evidence rejects fake clean CVE (6.072334ms)
✔ source evidence rejects dependency omission disguised by count (6.03925ms)
✔ source evidence rejects fake resolved graph (5.849291ms)
✔ actual mapping rejects source pin even after rehash (1.865833ms)
✔ actual mapping rejects scope mismatch even after rehash (2.333542ms)
✔ actual mapping rejects trading claim even after rehash (1.964333ms)
✔ actual mapping rejects upstream claim even after rehash (1.761417ms)
✔ actual mapping rejects missing contract field even after rehash (10.8825ms)
✔ actual mapping rejects old flat metadata even after rehash (8.588125ms)
✔ actual mapping rejects placeholder content hash even after rehash (12.906333ms)
✔ missing actual Artifact bytes cannot pass (2.138375ms)
✔ forged replay outcome cannot pass (2.767541ms)
ℹ tests 30
ℹ suites 0
ℹ pass 30
ℹ fail 0
ℹ cancelled 0
ℹ skipped 0
ℹ todo 0
ℹ duration_ms 183.508042
