   Compiling bff-gateway v0.1.0 (/Users/anray/Documents/project/SumAlpha/QuantOS/services/bff-gateway)
    Finished `test` profile [unoptimized + debuginfo] target(s) in 2.46s
     Running tests/audit_export_provider.rs (target/debug/deps/audit_export_provider-c8298d2f767ba178)

running 4 tests
test evidence_chain_preserves_causation_order_and_hides_missing_resources ... ok
test export_cancel_expiry_and_validation_fail_closed ... ok
test audit_search_is_capability_guarded_redacted_and_cursor_paginated ... ok
test export_lifecycle_is_idempotent_watermarked_short_lived_and_audited ... ok

test result: ok. 4 passed; 0 failed; 0 ignored; 0 measured; 0 filtered out; finished in 0.01s

     Running tests/auth_settings_provider.rs (target/debug/deps/auth_settings_provider-3fd7cb4f5f25ae15)

running 8 tests
test logout_expires_secure_http_only_same_site_cookie ... ok
test stale_settings_write_returns_current_version_without_mutation ... ok
test notification_save_is_idempotent_and_audited ... ok
test public_access_request_validates_origin_and_body_and_writes_audit ... ok
test mfa_rate_limit_is_account_neutral ... ok
test authentication_csrf_and_resource_failures_fail_closed ... ok
test current_session_and_last_mfa_factor_are_protected ... ok
test session_revocation_requires_recent_auth_is_idempotent_and_emits_sse_audit ... ok

test result: ok. 8 passed; 0 failed; 0 ignored; 0 measured; 0 filtered out; finished in 0.01s

