✔ complete engineering checks retain BLOCKED while scope confirmation is absent (165.933042ms)
✔ strict acceptance rejects pending current user scope (138.163625ms)
✔ G0 rejects missing explicit proto baseline (123.130042ms)
✔ G0 rejects same-head proto baseline (114.767917ms)
✔ G0 rejects fabricated READY (114.588917ms)
✔ G0 rejects historical arbitrary manifest (114.65775ms)
✔ G0 rejects missing actual check (112.928708ms)
✔ G0 rejects duplicate actual check (115.658583ms)
✔ G0 rejects failed check (126.116791ms)
✔ G0 rejects unexecuted check (123.80625ms)
✔ G0 rejects wrong command (114.637041ms)
✔ G0 rejects source inventory drift (114.751375ms)
✔ G0 rejects planned scope delivered claim (113.02825ms)
✔ G0 rejects log tampering (110.286292ms)
✔ G0 rejects arbitrary rehashed prose (111.916333ms)
✔ G0 rejects wrong Web build source (119.107042ms)
✔ G0 rejects missing dependency (117.75175ms)
✔ G0 rejects dependency digest drift (117.985791ms)
✔ G0 rejects unready upstream (117.900584ms)
✔ G0 rejects hidden scope residual (116.342042ms)
✔ pending scope cannot incorporate an approval record (97.6835ms)
✔ legacy six-role records cannot grant current confirmation (97.854458ms)
✔ confirmed scope must bind current input digest (96.072584ms)
✔ confirmed scope requires the single user record (96.20275ms)
✔ dependency validation is actually invoked and failures propagate (118.240292ms)
✔ one document-bound current user confirmation replaces all role receipts (95.499708ms)
✔ CI must always validate engineering receipts and G0 negatives (0.086958ms)
✔ G0 rejects normative plan drift during execution before publishing (112.964291ms)
✔ G0 rejects code inventory drift during execution before publishing (114.468125ms)
✔ lifecycle metadata alone does not change normative G0 inputs (111.868ms)
✔ real BFF baseline CLI matches its required G0 execution marker (83.123875ms)
✔ G0 worktree allows only lifecycle/evidence state "" (0.086292ms)
✔ G0 worktree allows only lifecycle/evidence state " M docs/SumAlpha-QuantOS-Development-Plan.md\n" (0.063834ms)
✔ G0 worktree allows only lifecycle/evidence state "M  docs/SumAlpha-QuantOS-Frontend-Development-Execution-Plan.md\n?? docs/audit/evidence/new/\n" (0.048834ms)
✔ G0 worktree allows only lifecycle/evidence state "?? docs/audit/report.md\n" (0.016041ms)
✔ G0 worktree rejects uncommitted functional input " M scripts/g0-development.mjs\n" (0.086667ms)
✔ G0 worktree rejects uncommitted functional input "M  apps/terminal/src/auth/flow.ts\n" (0.049625ms)
✔ G0 worktree rejects uncommitted functional input "?? bff/new.yaml\n" (0.031875ms)
✔ G0 worktree rejects uncommitted functional input "R  docs/audit/a.md -> scripts/backdoor.mjs\n" (0.02725ms)
✔ user-confirmed scope includes the normative G0 plan and excludes lifecycle metadata (101.589291ms)
✔ confirmation-only finalization refuses an absent user reply and cannot bless changed engineering inputs (118.482208ms)
✔ document-bound user reply finalizes the unchanged engineering checks without fabricating new execution (125.160584ms)
✔ one current user confirmation validates all documented review dimensions (1.849333ms)
✔ user confirmation rejects assistant self-approval (0.621875ms)
✔ user confirmation rejects unconfirmed draft (0.175125ms)
✔ user confirmation rejects workflow instruction alone (0.162958ms)
✔ user confirmation rejects missing user message (0.551333ms)
✔ user confirmation rejects missing identity (0.127583ms)
✔ user confirmation rejects old historical confirmation (0.114291ms)
✔ user confirmation rejects future confirmation (0.1045ms)
✔ user confirmation rejects wrong node (0.347875ms)
✔ user confirmation rejects wrong stage (0.219875ms)
✔ user confirmation rejects wrong input digest (0.15925ms)
✔ user confirmation rejects wrong draft path (0.107333ms)
✔ user confirmation rejects parent traversal (0.084834ms)
✔ user confirmation rejects wrong document hash (0.116083ms)
✔ changed original user record is rejected even with unchanged scope (0.114125ms)
✔ rehashing a draft cannot authorize a different scope (0.176458ms)
✔ draft must retain every review dimension even with updated document hash (0.129792ms)
ℹ tests 59
ℹ suites 0
ℹ pass 59
ℹ fail 0
ℹ cancelled 0
ℹ skipped 0
ℹ todo 0
ℹ duration_ms 3835.511875
