✔ joint schedule is acyclic and preserves task/status boundaries (12.303ms)
✔ restoring a complete R1 prerequisite for S2 services creates a rejected cycle (5.877875ms)
✔ research service waiting on its consumer page is rejected (5.146292ms)
✔ historical CORE:R04 to CORE:L04 probe now fails closed (4.981792ms)
✔ an early identity API cannot silently depend on later research services (6.714875ms)
✔ a provider cannot wait for the consumer frontend Gate (4.541666ms)
✔ removing S2 service admission from a core execution task is rejected (4.995417ms)
✔ S2 service Gate cannot omit TP12 advance evaluation (5.329375ms)
✔ I10 cannot drop testnet service admission even if metadata is edited with it (5.707875ms)
✔ a new or existing frontend cannot skip the full provider Gate (6.007042ms)
✔ G5 cannot be marked as closing in I4 before reconciliation (5.842708ms)
✔ moving the G1 block above I1 tasks is rejected (5.464542ms)
✔ milestone cannot omit its last child while retaining a Gate summary (5.936375ms)
✔ prose-only backend dependencies cannot drift from structured prerequisites (5.979459ms)
✔ core closure mapping cannot become an implicit service alias (5.297292ms)
✔ ACCEPTED checkpoint needs SHA and evidence, not only a green word (5.810917ms)
✔ accepted checkpoint evidence must resolve (2.543625ms)
✔ missing checkpoint and unknown dependency fail closed (6.495167ms)
✔ API windows cannot skip their preceding provider checkpoint (4.895125ms)
✔ UI windows cannot skip the preceding reconciliation window (5.294375ms)
✔ Web intake preserves the explicit no-model-review schema (1.529ms)
✔ missing Web task fields still fail closed (1.584917ms)
✔ both plans must publish exactly the same stage contract (5.359875ms)
✔ changing both plans cannot defer correctness or functional deadlines to release (13.612625ms)
✔ both plans must retain every deferred release obligation (15.137ms)
✔ tasks and checkpoints cannot omit, invent, or misclassify their stage gate (19.433625ms)
✔ release prerequisites cannot block either development or integration (12.537334ms)
✔ release gates cannot skip business closure or inherit the wrong stage (14.313917ms)
✔ historical ACCEPTED and completed tasks do not automatically become READY (5.921875ms)
✔ READY needs its own input digest and resolvable evidence (31.838417ms)
✔ unassessed stage gates cannot carry an apparent ready receipt (7.804208ms)
✔ BLOCKED retains failure evidence and digest without being counted as READY (10.1035ms)
✔ a READY chain needs READY prerequisites and its own evidence at every node (14.656375ms)
✔ stage readiness never substitutes for formal acceptance evidence (2.727083ms)
✔ release READY requires formal acceptance and all functional prerequisites (8.94175ms)
ℹ tests 35
ℹ suites 0
ℹ pass 35
ℹ fail 0
ℹ cancelled 0
ℹ skipped 0
ℹ todo 0
ℹ duration_ms 284.419
