
> @sumalpha/quantos@ test:fep0 /Users/anray/Documents/project/SumAlpha/QuantOS
> node --test scripts/fep0-development.test.mjs

✔ all eight independently content-bound dependencies admit DEVELOPMENT only (22.989583ms)
✔ engineering aggregation preserves the sole pending user confirmation (14.306709ms)
✔ milestone rejects missing F0 (13.407667ms)
✔ milestone rejects missing PRE (14.004708ms)
✔ milestone rejects duplicate dependency (13.301584ms)
✔ milestone rejects unready F0 (12.9195ms)
✔ milestone rejects manifest bytes replaced (13.252791ms)
✔ milestone rejects digest substituted (12.821083ms)
✔ milestone rejects dependency path substituted (12.939666ms)
✔ milestone rejects dependency verdict substituted (13.060583ms)
✔ milestone rejects self manifest schema (14.674041ms)
✔ milestone rejects normative change (13.739333ms)
✔ milestone rejects source input change (13.704042ms)
✔ milestone rejects unexecuted check (13.448708ms)
✔ milestone rejects missing execution time (12.780583ms)
✔ milestone rejects missing required check (12.924ms)
✔ milestone rejects duplicate check (12.43375ms)
✔ milestone rejects wrong command (13.025167ms)
✔ milestone rejects log tampering (12.342375ms)
✔ milestone rejects rehashed prose (12.843292ms)
✔ milestone rejects external log path (12.35225ms)
✔ milestone rejects false formal acceptance (12.5555ms)
✔ milestone rejects aggregate claims database run (12.649583ms)
✔ milestone rejects hidden exclusions (12.322916ms)
✔ milestone rejects unresolved functional finding (12.149416ms)
✔ dependency validator is invoked and errors propagate (12.027667ms)
✔ fake READY cannot hide changed G0 scope (12.332792ms)
✔ arbitrary existing markdown cannot serve as a milestone receipt (0.088417ms)
✔ own arbitrary digest is rejected independently of dependency status (0.0625ms)
✔ F0 policy contains the six missing nodes and all eleven obligations (12.402792ms)
✔ production schema drift comparator rejects tables (0.106542ms)
✔ production schema drift comparator rejects columns (0.054583ms)
✔ production schema drift comparator rejects constraints (0.042208ms)
✔ production schema drift comparator rejects indexes (0.049792ms)
✔ production schema drift comparator rejects policies (0.037208ms)
✔ production schema drift comparator rejects routines (0.031ms)
✔ production schema drift comparator rejects triggers (0.039917ms)
✔ 100-task recovery evidence cannot use 10-task diagnostic or accept P95 (1.092292ms)
✔ CI consumes the full milestone engineering validator and its negatives (0.061375ms)
ℹ tests 39
ℹ suites 0
ℹ pass 39
ℹ fail 0
ℹ cancelled 0
ℹ skipped 0
ℹ todo 0
ℹ duration_ms 427.158917
