✔ production rejects InMemoryTerminalBackend (239.90825ms)
✔ production rejects InMemoryStrategyBackend (1.695209ms)
✔ production rejects InMemoryExecutionBackend (1.091083ms)
✔ production rejects InMemoryOpsBackend (0.882167ms)
✔ production rejects TerminalBackend (0.908792ms)
✔ production rejects StrategyBackend (0.797333ms)
✔ production rejects ExecutionBackend (0.710125ms)
✔ production rejects OpsBackend (0.712333ms)
✔ production rejects createTerminalClient (0.813375ms)
✔ production rejects bypass import * as api from '@sumalpha/api-client'; export const value = api; (1.060875ms)
✔ production rejects bypass export * from '@sumalpha/api-client'; (0.548708ms)
✔ production rejects bypass export { InMemoryOpsBackend as Default } from '@sumalpha/api-client'; (0.544167ms)
✔ production rejects bypass export const value = import('@sumalpha/api-client'); (0.618584ms)
✔ production rejects bypass export const value = require('@sumalpha/api-client'); (0.870125ms)
✔ production rejects bypass import { value } from '../../../../crates/bff/src/db'; export {value}; (0.484041ms)
✔ production rejects bypass import { value } from '../tests/fixtures/backend'; export {value}; (0.448833ms)
✔ production rejects bypass export const value = import(globalThis.name); (0.630625ms)
✔ production rejects bypass import { value } from '@sumalpha/api-client/src/terminal'; export {value}; (0.469166ms)
✔ generated named public client imports are allowed (0.505875ms)
✔ explicit test fixture adapters remain allowed (2.14225ms)
✔ production src cannot hide behind a test-like filename (0.525375ms)
✔ shared frontend wrapper cannot re-export a legacy adapter under an alias (1.345167ms)
✔ production rejects direct database or venue module pg (0.492792ms)
✔ production rejects direct database or venue module postgres (0.5315ms)
✔ production rejects direct database or venue module @supabase/supabase-js (0.503833ms)
✔ production rejects direct database or venue module @prisma/client (0.495042ms)
✔ production rejects direct database or venue module ccxt (0.493166ms)
✔ production rejects direct database or venue module @binance/connector (0.4775ms)
✔ registered Storybook data fixtures remain allowed (1.3625ms)
✔ runtime TerminalClient cannot instantiate a handwritten backend in production (0.452625ms)
✔ type-only legacy migration annotation does not create a production adapter (0.851875ms)
✔ production boundary cannot be bypassed with js (2.19675ms)
✔ production boundary cannot be bypassed with jsx (1.1665ms)
✔ production boundary cannot be bypassed with mjs (0.542ms)
✔ production boundary cannot be bypassed with cjs (1.008334ms)
✔ production boundary cannot be disabled with an inline directive (0.947042ms)
✔ production cannot import repository database CLI internals (0.468666ms)
ℹ tests 37
ℹ suites 0
ℹ pass 37
ℹ fail 0
ℹ cancelled 0
ℹ skipped 0
ℹ todo 0
ℹ duration_ms 358.665208
