✔ complete engineering checks retain BLOCKED while scope confirmation is absent (134.2655ms)
✔ strict acceptance rejects pending current user scope (110.409292ms)
✔ G0 rejects missing explicit proto baseline (96.399ms)
✔ G0 rejects same-head proto baseline (94.511125ms)
✔ G0 rejects fabricated READY (103.064583ms)
✔ G0 rejects historical arbitrary manifest (94.513125ms)
✔ G0 rejects missing actual check (90.391167ms)
✔ G0 rejects duplicate actual check (87.57275ms)
✔ G0 rejects failed check (87.337125ms)
✔ G0 rejects unexecuted check (89.352209ms)
✔ G0 rejects wrong command (87.959791ms)
✔ G0 rejects source inventory drift (90.290583ms)
✔ G0 rejects planned scope delivered claim (89.452209ms)
✔ G0 rejects log tampering (88.810333ms)
✔ G0 rejects arbitrary rehashed prose (88.837667ms)
✔ G0 rejects wrong Web build source (101.143917ms)
✔ G0 rejects missing dependency (97.813791ms)
✔ G0 rejects dependency digest drift (96.372208ms)
✔ G0 rejects unready upstream (98.516875ms)
✔ G0 rejects hidden scope residual (97.611042ms)
✔ pending scope cannot incorporate an approval record (73.310875ms)
✔ legacy six-role records cannot grant current confirmation (74.129709ms)
✔ confirmed scope must bind current input digest (71.615417ms)
✔ confirmed scope requires the single user record (73.726833ms)
✔ dependency validation is actually invoked and failures propagate (92.394709ms)
✔ one document-bound current user confirmation replaces all role receipts (73.23ms)
✔ CI must always validate engineering receipts and G0 negatives (0.085292ms)
✔ G0 rejects normative plan drift during execution before publishing (90.837875ms)
✔ G0 rejects code inventory drift during execution before publishing (88.143416ms)
✔ lifecycle metadata alone does not change normative G0 inputs (85.916916ms)
✔ real BFF baseline CLI matches its required G0 execution marker (82.434458ms)
✔ G0 worktree allows only lifecycle/evidence state "" (0.083875ms)
✔ G0 worktree allows only lifecycle/evidence state " M docs/SumAlpha-QuantOS-Development-Plan.md\n" (0.060042ms)
✔ G0 worktree allows only lifecycle/evidence state "M  docs/SumAlpha-QuantOS-Frontend-Development-Execution-Plan.md\n?? docs/audit/evidence/new/\n" (0.053375ms)
✔ G0 worktree allows only lifecycle/evidence state "?? docs/audit/report.md\n" (0.018583ms)
✔ G0 worktree rejects uncommitted functional input " M scripts/g0-development.mjs\n" (0.082583ms)
✔ G0 worktree rejects uncommitted functional input "M  apps/terminal/src/auth/flow.ts\n" (0.049875ms)
✔ G0 worktree rejects uncommitted functional input "?? bff/new.yaml\n" (0.033042ms)
✔ G0 worktree rejects uncommitted functional input "R  docs/audit/a.md -> scripts/backdoor.mjs\n" (0.030625ms)
✔ user-confirmed scope includes the normative G0 plan and excludes lifecycle metadata (81.563375ms)
✔ one current user confirmation validates all documented review dimensions (1.7705ms)
✔ user confirmation rejects assistant self-approval (0.583042ms)
✔ user confirmation rejects unconfirmed draft (0.17225ms)
✔ user confirmation rejects workflow instruction alone (0.153709ms)
✔ user confirmation rejects missing user message (0.1595ms)
✔ user confirmation rejects missing identity (0.113416ms)
✔ user confirmation rejects old historical confirmation (0.104292ms)
✔ user confirmation rejects future confirmation (0.109042ms)
✔ user confirmation rejects wrong node (0.339667ms)
✔ user confirmation rejects wrong stage (0.202916ms)
✔ user confirmation rejects wrong input digest (0.257666ms)
✔ user confirmation rejects wrong draft path (0.103833ms)
✔ user confirmation rejects parent traversal (0.185458ms)
✔ user confirmation rejects wrong document hash (0.443291ms)
✔ changed original user record is rejected even with unchanged scope (0.158708ms)
✔ rehashing a draft cannot authorize a different scope (0.224959ms)
✔ draft must retain every review dimension even with updated document hash (0.148333ms)
ℹ tests 57
ℹ suites 0
ℹ pass 57
ℹ fail 0
ℹ cancelled 0
ℹ skipped 0
ℹ todo 0
ℹ duration_ms 2869.323084
