✔ current PRE-01 artifacts satisfy the executable contract (5.162875ms)
✔ missing a page state fails closed (1.758667ms)
✔ invalid story priority fails closed (0.544708ms)
✔ missing traceability row fails closed (1.318416ms)
✔ published operation cannot regress to planned fails closed (1.612375ms)
✔ unknown role fails closed (0.465875ms)
✔ unknown route fails closed (0.504417ms)
✔ duplicate story fails closed (0.567833ms)
✔ missing flow stories fails closed (0.623666ms)
✔ missing flow scenarios fails closed (1.147709ms)
✔ unsafe proposal criterion fails closed (1.124333ms)
✔ unknown trace task fails closed (1.517667ms)
✔ unauthorized admin grant fails closed (1.225708ms)
✔ missing permission route fails closed (0.696833ms)
✔ phase-one P16 fails closed (0.093959ms)
✔ missing contract owner fails closed (1.102209ms)
✔ empty flow role fails closed (0.673208ms)
✔ empty flow route fails closed (0.583417ms)
✔ state label mismatch fails closed (0.816958ms)
✔ desktop-only story fails closed (0.431083ms)
✔ persistent offline cache fails closed (0.940209ms)
✔ admin domain permission fails closed (0.724292ms)
✔ missing page story fails closed (0.463292ms)
✔ cross-page route fails closed (0.497375ms)
✔ current G0 governance preserves history without granting current acceptance (1.43475ms)
✔ past-due G0 item cannot silently remain OPEN (0.633958ms)
✔ fabricated G0 acceptance fails against current checkpoint (0.535459ms)
✔ missing G0 leftover owner fails (0.558209ms)
✔ P05 cannot bind metadata download to an untraced audit export operation (1.855917ms)
✔ P21 cannot drop alert ownership from both ledger and trace while retaining the subscription (2.148084ms)
✔ unknown unlabelled operation in API register is rejected (1.645458ms)
✔ P05 quality alerts require C16 ownership on the consumer page (1.516667ms)
✔ API register rejects current version 1.4.0 (1.413417ms)
✔ API register rejects current version 99.99.0 (1.405875ms)
✔ published register row cannot omit API version (1.513792ms)
✔ published register row cannot omit generated mock version (1.49575ms)
✔ all ten historical compatibility strategies cannot be cleared (0.74025ms)
✔ current disposition cannot drop a historical parent (0.949083ms)
✔ current disposition requires effective checkpoint deadline (0.747667ms)
✔ current disposition cannot claim target RELEASE completion (0.787791ms)
✔ current disposition requires nonempty compatibility strategy (0.896458ms)
✔ current disposition presentation must match structured source (0.722708ms)
✔ current deadline cannot defer DEVELOPMENT provider obligations to integration (0.809666ms)
ℹ tests 43
ℹ suites 0
ℹ pass 43
ℹ fail 0
ℹ cancelled 0
ℹ skipped 0
ℹ todo 0
ℹ duration_ms 138.447667
