Validated 6 pinned Buf plugins and locked generation workflow.
✔ proto generation configuration is pinned and lock-preserving (36.860458ms)
✔ proto generation configuration rejects an unpinned remote plugin (35.230166ms)
✔ proto generation configuration rejects implicit dependency updates (34.803208ms)
ℹ tests 3
ℹ suites 0
ℹ pass 3
ℹ fail 0
ℹ cancelled 0
ℹ skipped 0
ℹ todo 0
ℹ duration_ms 136.936625
Extracted 50 JSON schema documents.
Validated 50 standalone JSON schemas and 11 planned domain schemas.
✔ standalone JSON schema gate passes the complete generated catalog (130.286417ms)
✔ standalone JSON schema gate rejects a missing planned domain schema (47.740667ms)
✔ standalone JSON schema gate rejects an unresolved reference (124.951542ms)
ℹ tests 3
ℹ suites 0
ℹ pass 3
ℹ fail 0
ℹ cancelled 0
ℹ skipped 0
ℹ todo 0
ℹ duration_ms 336.759125
Proto compatibility checked against 262e3794c056fd114e47614822397ba1d682ef4d
Proto checks passed.
