
running 1 test
test complete_scope_intent_conflicts_without_side_effects_and_rejects_invalid_scope ... FAILED

failures:

---- complete_scope_intent_conflicts_without_side_effects_and_rejects_invalid_scope stdout ----

thread 'complete_scope_intent_conflicts_without_side_effects_and_rejects_invalid_scope' (1358796) panicked at services/bff-gateway/tests/audit_export_provider.rs:586:9:
assertion `left == right` failed
  left: 202
 right: 409
note: run with `RUST_BACKTRACE=1` environment variable to display a backtrace


failures:
    complete_scope_intent_conflicts_without_side_effects_and_rejects_invalid_scope

test result: FAILED. 0 passed; 1 failed; 0 ignored; 0 measured; 8 filtered out; finished in 0.01s

   Compiling quantos-core v0.1.0 (/var/folders/k8/_4hymb6j59s0c8xntb11ktmc0000gn/T/quantos-audit-mutants-IgH0nU/crates/quantos-core)
   Compiling quantos-proto v0.1.0 (/var/folders/k8/_4hymb6j59s0c8xntb11ktmc0000gn/T/quantos-audit-mutants-IgH0nU/crates/quantos-proto)
   Compiling quantos-policy v0.1.0 (/var/folders/k8/_4hymb6j59s0c8xntb11ktmc0000gn/T/quantos-audit-mutants-IgH0nU/crates/quantos-policy)
   Compiling quantos-storage v0.1.0 (/var/folders/k8/_4hymb6j59s0c8xntb11ktmc0000gn/T/quantos-audit-mutants-IgH0nU/crates/quantos-storage)
   Compiling quantos-event v0.1.0 (/var/folders/k8/_4hymb6j59s0c8xntb11ktmc0000gn/T/quantos-audit-mutants-IgH0nU/crates/quantos-event)
   Compiling quantos-auth v0.1.0 (/var/folders/k8/_4hymb6j59s0c8xntb11ktmc0000gn/T/quantos-audit-mutants-IgH0nU/crates/quantos-auth)
   Compiling quantos-engine-manager v0.1.0 (/var/folders/k8/_4hymb6j59s0c8xntb11ktmc0000gn/T/quantos-audit-mutants-IgH0nU/crates/quantos-engine-manager)
   Compiling quantos-runtime v0.1.0 (/var/folders/k8/_4hymb6j59s0c8xntb11ktmc0000gn/T/quantos-audit-mutants-IgH0nU/crates/quantos-runtime)
   Compiling quantos-observability v0.1.0 (/var/folders/k8/_4hymb6j59s0c8xntb11ktmc0000gn/T/quantos-audit-mutants-IgH0nU/crates/quantos-observability)
   Compiling bff-gateway v0.1.0 (/var/folders/k8/_4hymb6j59s0c8xntb11ktmc0000gn/T/quantos-audit-mutants-IgH0nU/services/bff-gateway)
    Finished `test` profile [unoptimized + debuginfo] target(s) in 6.75s
     Running tests/audit_export_provider.rs (target/bff-fe-007-mutants/debug/deps/audit_export_provider-b58c41578c8e3ee4)
error: test failed, to rerun pass `-p bff-gateway --test audit_export_provider`
