✔ fully bound executed evidence is admitted (1.221292ms)
✔ comments-only replacement changes functional inputs is rejected (0.895917ms)
✔ unready dependency is rejected (0.195667ms)
✔ missing live execution is rejected (0.160125ms)
✔ evidence bytes changed is rejected (0.144709ms)
✔ compilation-only mutant rejection is rejected (0.195875ms)
✔ unexecuted target assertion is rejected (0.20525ms)
✔ dependency validator failed is rejected (0.167834ms)
✔ current BFF-FE-007 repository Gate passes (0.74475ms)
✔ redaction attestation deletion is rejected (1.484084ms)
✔ evidence cursor deletion is rejected (0.99075ms)
✔ export capability regression is rejected (1.139125ms)
✔ CSRF deletion is rejected (1.214875ms)
✔ recent-auth deletion is rejected (1.018833ms)
✔ idempotency deletion is rejected (1.002542ms)
✔ expired download response deletion is rejected (1.043833ms)
✔ download URL leakage through status is rejected (1.0745ms)
✔ watermark deletion is rejected (1.1775ms)
✔ dependency regression is rejected (0.183916ms)
ℹ tests 19
ℹ suites 0
ℹ pass 19
ℹ fail 0
ℹ cancelled 0
ℹ skipped 0
ℹ todo 0
ℹ duration_ms 102.91325
