✔ current BFF-FE-000 repository Gate passes (4.185ms)
✔ missing phase-one page mapping is rejected (2.608708ms)
✔ published operation drift is rejected (1.555667ms)
✔ planned operation traceability deletion is rejected (1.432625ms)
✔ shared idempotency baseline deletion is rejected (2.705083ms)
✔ dependency regression is rejected (1.469042ms)
✔ error correlation header deletion is rejected (2.712ms)
✔ generated Zod export deletion is rejected (1.471458ms)
✔ missing staging permits development readiness and never claims formal acceptance (0.561417ms)
✔ stage deferral cannot bypass engineering failures, final receipt requirements or unknown stages (0.07675ms)
✔ final review command cannot be rewired to the development stage (6.636709ms)
✔ current semantic A1 gate passes (3.180375ms)
✔ rejects cookie semantic regression (2.525375ms)
✔ rejects idempotency semantic regression (2.481292ms)
✔ rejects sort semantic regression (3.543667ms)
✔ rejects page semantic regression (2.5575ms)
✔ rejects ci semantic regression (2.412666ms)
✔ rejects decimal semantic regression (2.513ms)
✔ rejects version semantic regression (2.572333ms)
✔ rejects csrf semantic regression (2.176458ms)
✔ exact registered security correction is accepted only within its window (11.998625ms)
✔ unregistered breaking type, enum or missing baseline fails closed (23.082125ms)
✔ new required parameters and constraints cannot silently bypass compatibility (0.937167ms)
✔ absent, invented and reference-only staging receipts never close A1 (0.155875ms)
✔ receipt checker binds actual evidence bytes and each role to source and contract inputs (0.330875ms)
✔ optional property within an existing allOf is additive, required changes are rejected (0.108334ms)
ℹ tests 26
ℹ suites 0
ℹ pass 26
ℹ fail 0
ℹ cancelled 0
ℹ skipped 0
ℹ todo 0
ℹ duration_ms 167.775875
