✔ formal gate rejects zero, one, two and noninteger runs (0.436292ms)
✔ all binaries participate in digest and omitted binary fails (2.982541ms)
✔ extra binary, missing wheel and stale/empty Web cannot pass output inventory (2.415375ms)
✔ manifest inventory cannot omit or add members (0.0575ms)
✔ dirty and untracked source rejected (60.003292ms)
✔ deleted module README is rejected (2.546958ms)
✔ wrong uv version fails toolchain preflight (17.707625ms)
✔ invalid locks fail real lock entrypoint (33.335958ms)
✔ Terminal default lint rejects a page TSX violation (921.917458ms)
✔ invalid run revokes old successful receipt (24.5125ms)
✔ Cargo manifest drift is rejected by actual lock gate (543.117333ms)
✔ uv manifest drift is rejected by actual lock gate (629.143ms)
✔ pnpm manifest drift is rejected by actual lock gate (864.745917ms)
✔ malformed Buf lock is rejected by actual lock gate (650.437583ms)
✔ broken Desktop is outside phase-one pnpm frozen check (309.189541ms)
✔ uv output marker is metadata, other unexpected files still fail (2.036875ms)
✔ build-only tool is required in output inventory without becoming a runtime binary (2.320708ms)
ℹ tests 17
ℹ suites 0
ℹ pass 17
ℹ fail 0
ℹ cancelled 0
ℹ skipped 0
ℹ todo 0
ℹ duration_ms 4101.430042
