
> @sumalpha/quantos@ test:development-plans /Users/anray/Documents/project/SumAlpha/QuantOS
> node --test scripts/development-plan-order-negative.mjs

✔ joint schedule is acyclic and preserves task/status boundaries (10.205917ms)
✔ restoring a complete R1 prerequisite for S2 services creates a rejected cycle (4.86575ms)
✔ research service waiting on its consumer page is rejected (4.564292ms)
✔ historical CORE:R04 to CORE:L04 probe now fails closed (4.341375ms)
✔ an early identity API cannot silently depend on later research services (5.569333ms)
✔ a provider cannot wait for the consumer frontend Gate (4.093583ms)
✔ removing S2 service admission from a core execution task is rejected (4.288ms)
✔ S2 service Gate cannot omit TP12 advance evaluation (4.599459ms)
✔ I10 cannot drop testnet service admission even if metadata is edited with it (5.139917ms)
✔ a new or existing frontend cannot skip the full provider Gate (5.171042ms)
✔ G5 cannot be marked as closing in I4 before reconciliation (5.004333ms)
✔ moving the G1 block above I1 tasks is rejected (4.704875ms)
✔ milestone cannot omit its last child while retaining a Gate summary (4.975541ms)
✔ prose-only backend dependencies cannot drift from structured prerequisites (5.045584ms)
✔ core closure mapping cannot become an implicit service alias (4.57825ms)
✔ ACCEPTED checkpoint needs SHA and evidence, not only a green word (4.980625ms)
✔ accepted checkpoint evidence must resolve (2.289667ms)
✔ missing checkpoint and unknown dependency fail closed (6.268917ms)
✔ API windows cannot skip their preceding provider checkpoint (4.464041ms)
✔ UI windows cannot skip the preceding reconciliation window (4.585167ms)
✔ Web intake preserves the explicit no-model-review schema (1.462875ms)
✔ missing Web task fields still fail closed (1.399792ms)
✔ both plans must publish exactly the same stage contract (4.958875ms)
✔ changing both plans cannot defer correctness or functional deadlines to release (12.00475ms)
✔ both plans must retain every deferred release obligation (12.09225ms)
✔ tasks and checkpoints cannot omit, invent, or misclassify their stage gate (19.343625ms)
✔ release prerequisites cannot block either development or integration (11.643ms)
✔ release gates cannot skip business closure or inherit the wrong stage (13.743125ms)
✔ historical ACCEPTED and completed tasks do not automatically become READY (5.430542ms)
✔ READY needs its own input digest and resolvable evidence (30.777583ms)
✔ unassessed stage gates cannot carry an apparent ready receipt (6.930333ms)
✔ BLOCKED retains failure evidence and digest without being counted as READY (8.741417ms)
✔ a READY chain needs READY prerequisites and its own evidence at every node (13.469625ms)
✔ stage readiness never substitutes for formal acceptance evidence (2.714875ms)
✔ release READY requires formal acceptance and all functional prerequisites (8.574291ms)
ℹ tests 35
ℹ suites 0
ℹ pass 35
ℹ fail 0
ℹ cancelled 0
ℹ skipped 0
ℹ todo 0
ℹ duration_ms 290.649583
