
> @sumalpha/quantos@ test:pre04 /Users/anray/Documents/project/SumAlpha/QuantOS
> node --test scripts/pre04-gate-negative.mjs

✔ current full phase-one inventory passes (10.752084ms)
✔ missing Gap is rejected (4.836875ms)
✔ undecided realtime dependency is rejected (4.226583ms)
✔ deleted required actorId field is rejected (4.414166ms)
✔ nonexistent field source is rejected (3.911042ms)
✔ wrong field type and optionality are rejected (4.430042ms)
✔ generated operation deletion is rejected (3.635625ms)
✔ generated method and path drift are rejected (7.661458ms)
✔ same-count schema rename is rejected (3.298541ms)
✔ schema required and enum drift are rejected (8.192417ms)
✔ same-count Proto message rename is rejected (3.880375ms)
✔ removed Proto declaration is rejected (3.65775ms)
✔ same-count JSON Schema replacement is rejected (3.986709ms)
✔ duplicate contract row is rejected before Map collapse (3.580416ms)
✔ duplicate Gap row is rejected before Map collapse (3.559792ms)
✔ nonexistent role owner is rejected (3.624875ms)
✔ nonexistent backend task is rejected (3.487792ms)
✔ nonexistent BFF task is rejected (3.437042ms)
✔ unknown Gap page is rejected (3.531125ms)
✔ each missing website P0 page is rejected (16.845166ms)
✔ missing auxiliary risk/audit/order contract is rejected (10.272083ms)
✔ closing partly published Gap is rejected (3.6585ms)
✔ omitting planned operation is rejected (3.503375ms)
✔ unpublished Inventory Fixture cannot claim Implemented (3.388792ms)
✔ generated-only contract cannot claim Integrated (3.550334ms)
✔ missing provider evidence is rejected (3.255583ms)
✔ changed provider receipt is rejected (3.364083ms)
✔ missing Inventory Fixture is rejected (4.257833ms)
✔ Desktop contamination is rejected by Web inventory (4.176583ms)
✔ nonexistent domain field mappings including the former engine-version anchor are rejected (7.713583ms)
✔ removed referenced core task is rejected (3.557667ms)
✔ catalog source drift is rejected (3.668958ms)
✔ empty implementation artifact lists are rejected for every implemented contract (10.226708ms)
✔ each missing implementation evidence category is rejected (31.81775ms)
✔ duplicate artifacts cannot substitute for test or receipt evidence (3.603292ms)
✔ another contract receipt cannot substitute for required evidence (3.536375ms)
✔ unknown task suffixes are rejected in both backend task columns (20.604875ms)
✔ ambiguous cross-prefix ranges cannot impersonate reviewed backend tasks (6.780375ms)
ℹ tests 38
ℹ suites 0
ℹ pass 38
ℹ fail 0
ℹ cancelled 0
ℹ skipped 0
ℹ todo 0
ℹ duration_ms 339.287292
