
> @sumalpha/quantos@ test:pre01 /Users/anray/Documents/project/SumAlpha/QuantOS
> node --test ./scripts/tests/check-pre01.test.mjs

✔ current PRE-01 artifacts satisfy the executable contract (4.29275ms)
✔ missing a page state fails closed (1.998333ms)
✔ invalid story priority fails closed (0.530375ms)
✔ missing traceability row fails closed (1.541375ms)
✔ published operation cannot regress to planned fails closed (1.698666ms)
✔ unknown role fails closed (0.541917ms)
✔ unknown route fails closed (0.726333ms)
✔ duplicate story fails closed (0.579667ms)
✔ missing flow stories fails closed (0.570333ms)
✔ missing flow scenarios fails closed (1.309625ms)
✔ unsafe proposal criterion fails closed (1.269916ms)
✔ unknown trace task fails closed (1.206708ms)
✔ unauthorized admin grant fails closed (0.953375ms)
✔ missing permission route fails closed (0.680667ms)
✔ phase-one P16 fails closed (0.084917ms)
✔ missing contract owner fails closed (1.101917ms)
✔ empty flow role fails closed (0.67425ms)
✔ empty flow route fails closed (0.607916ms)
✔ state label mismatch fails closed (0.932041ms)
✔ desktop-only story fails closed (0.530167ms)
✔ persistent offline cache fails closed (1.076458ms)
✔ admin domain permission fails closed (0.765875ms)
✔ missing page story fails closed (0.478208ms)
✔ cross-page route fails closed (0.448583ms)
✔ current G0 governance preserves history without granting current acceptance (0.883166ms)
✔ past-due G0 item cannot silently remain OPEN (0.499041ms)
✔ fabricated G0 acceptance fails against current checkpoint (0.495583ms)
✔ missing G0 leftover owner fails (0.489958ms)
✔ P05 cannot bind metadata download to an untraced audit export operation (1.820667ms)
✔ P21 cannot drop alert ownership from both ledger and trace while retaining the subscription (2.133333ms)
✔ unknown unlabelled operation in API register is rejected (1.639125ms)
✔ P05 quality alerts require C16 ownership on the consumer page (1.5635ms)
ℹ tests 32
ℹ suites 0
ℹ pass 32
ℹ fail 0
ℹ cancelled 0
ℹ skipped 0
ℹ todo 0
ℹ duration_ms 86.525584
