
> @sumalpha/quantos@ test:pre03 /Users/anray/Documents/project/SumAlpha/QuantOS
> node --test scripts/pre03-gate-negative.mjs

✔ current Web contract passes and never loads Desktop inputs (8.585541ms)
✔ apps/terminal rejects Next 15.5.23 (5.6455ms)
✔ apps/terminal rejects Next 16.0.0 (1.999709ms)
✔ apps/website rejects Next 15.5.23 (1.627ms)
✔ apps/website rejects Next 16.0.0 (1.532125ms)
✔ missing package resolutions (1.830459ms)
✔ missing snapshots (1.320584ms)
✔ specifier drift (1.707167ms)
✔ dependency removed (1.764125ms)
✔ dependency inserted (1.776042ms)
✔ manifest drift fails without changing lock (0.846042ms)
✔ ADR drift fails (0.725209ms)
✔ duplicate ADR version row fails (0.812666ms)
✔ missing transitive snapshot fails (1.720292ms)
✔ Node pin drift fails (0.718333ms)
✔ effective Next configuration: valid export (217.9005ms)
✔ effective Next configuration: comment marker (219.171834ms)
✔ effective Next configuration: dead branch (216.487791ms)
✔ effective Next configuration: subsequent override (211.323708ms)
✔ effective Next configuration: function config (215.25925ms)
✔ bad route resources, fake HTML and script failures fail closed (11805.967ms)
✔ Next-specific async client violation is an ESLint error (251.877208ms)
✔ build receipts reject stale source, config, identity and missing receipts (2.991042ms)
✔ source binding ignores caches but detects actual source changes (3.61975ms)
✔ all workspace importers and exact link targets are required (11.108375ms)
✔ runtime loader discovers omitted manifests independently of lockfile (501.523833ms)
✔ per-app env files are isolated and reloaded without polluting caller (656.390458ms)
ℹ tests 27
ℹ suites 0
ℹ pass 27
ℹ fail 0
ℹ cancelled 0
ℹ skipped 0
ℹ todo 0
ℹ duration_ms 15051.696083
