
> @sumalpha/quantos@ test:pre06 /Users/anray/Documents/project/SumAlpha/QuantOS
> node --test scripts/pre06-gate-negative.mjs scripts/pre06-runtime-negative.mjs

✔ current PRE-06 Web baseline passes (25.042875ms)
✔ website browser Gate deletion is rejected (10.321041ms)
✔ Desktop coupling in phase-one compatibility is rejected (8.16625ms)
✔ Desktop deep-link inclusion in phase-one Terminal is rejected (7.28775ms)
✔ generated operation coverage drift is rejected (6.726125ms)
✔ visual baseline integrity failure is rejected (6.112292ms)
✔ performance budget weakening is rejected (5.2695ms)
✔ disabled CI steps and comment-only commands are rejected (16.189208ms)
✔ contract assertion deletion and visual comparison deletion fail closed (10.515083ms)
✔ website performance and critical coverage gates cannot be removed (10.481625ms)
✔ CI retry policy must reject flaky outcomes and archive failure evidence (9.624083ms)
✔ comments cannot restore weakened budget or critical coverage policy (13.9155ms)
✔ skipped suites and inactive screenshot assertions cannot satisfy the baseline (36.770958ms)
✔ critical contract callbacks cannot return early, hide assertions, or remove runtime counting (22.161667ms)
✔ unknown and corrupted fixtures are rejected, explicit sabotage fixtures remain expected failures (29.273292ms)
✔ empty assets and empty route manifest are never a zero-sized performance PASS (28.444375ms)
✔ actual CI configs return nonzero for first-fail-then-pass policy probe (1249.298417ms)
ℹ tests 17
ℹ suites 0
ℹ pass 17
ℹ fail 0
ℹ cancelled 0
ℹ skipped 0
ℹ todo 0
ℹ duration_ms 1355.07675
