
> @sumalpha/quantos@ test:pre02 /Users/anray/Documents/project/SumAlpha/QuantOS
> pnpm --filter @sumalpha/ui test:pre02


> @sumalpha/ui@0.1.0 test:pre02 /Users/anray/Documents/project/SumAlpha/QuantOS/packages/ui
> node --test scripts/pre02-gate-negative.mjs

✔ current PRE-02 design-system contract passes (7.6775ms)
✔ renaming a required safety key fails even when the count stays at 18 (1.596209ms)
✔ missing state color mapping fails closed (1.301292ms)
✔ insufficient focus contrast is rejected (1.092334ms)
✔ missing readonly viewport is rejected (1.094916ms)
✔ deny cannot become success (1.324ms)
✔ mapped token paths must exist (0.819791ms)
✔ English safety semantics cannot be inverted (0.690458ms)
✔ all compact density values remain frozen (0.778083ms)
✔ focus width and path remain frozen (0.868292ms)
✔ breakpoint intervals cannot develop gaps (0.655042ms)
✔ typography and spacing must match the reviewed contract (0.891709ms)
✔ required component identity cannot be replaced (0.702833ms)
✔ comments do not supply executable Storybook configuration (0.72625ms)
✔ surface.2 contrast cannot be removed from the contract (0.64025ms)
✔ native reference viewport is not a prerequisite of the Web Gate (0.640959ms)
✔ disabled contrast rule cannot hide behind a matching comment (0.748084ms)
✔ readonly viewport dimensions cannot hide behind its identifier (0.609ms)
✔ phase-two page cannot enter the Web component acceptance rows (0.740583ms)
✔ provider JSX outside the decorator cannot authorize empty decorators (0.6225ms)
✔ unexported configuration does not authorize a Storybook entry (0.627291ms)
✔ initial theme cannot contradict the dark default contract (0.617042ms)
✔ object spread cannot silently override required addons (0.79325ms)
✔ duplicate decorators cannot replace the validated provider tree (0.672542ms)
✔ dead JSX branches are not executed provider decorators (1.192584ms)
✔ provider attributes cannot be overwritten through JSX spreads (0.759125ms)
✔ provider-only JSX without the Story consumer is rejected (0.678208ms)
ℹ tests 27
ℹ suites 0
ℹ pass 27
ℹ fail 0
ℹ cancelled 0
ℹ skipped 0
ℹ todo 0
ℹ duration_ms 201.335292
