Validated 6 pinned Buf plugins and locked generation workflow.
✔ proto generation configuration is pinned and lock-preserving (37.445292ms)
✔ proto generation configuration rejects an unpinned remote plugin (35.981166ms)
✔ proto generation configuration rejects implicit dependency updates (35.756583ms)
ℹ tests 3
ℹ suites 0
ℹ pass 3
ℹ fail 0
ℹ cancelled 0
ℹ skipped 0
ℹ todo 0
ℹ duration_ms 140.270875
Extracted 50 JSON schema documents.
Validated 50 standalone JSON schemas and 11 planned domain schemas.
✔ standalone JSON schema gate passes the complete generated catalog (134.629875ms)
✔ standalone JSON schema gate rejects a missing planned domain schema (47.026084ms)
✔ standalone JSON schema gate rejects an unresolved reference (130.767541ms)
ℹ tests 3
ℹ suites 0
ℹ pass 3
ℹ fail 0
ℹ cancelled 0
ℹ skipped 0
ℹ todo 0
ℹ duration_ms 346.322833
Proto compatibility checked against 6d5c5d2db3f543b550f1610684666aa709658aa1
Proto checks passed.
