
> @sumalpha/quantos@ test:provider-a1 /Users/anray/Documents/project/SumAlpha/QuantOS
> node --test scripts/provider-a1-receipts.test.mjs

✔ valid source and execution-bound dependency chain is READY without release signatures (42.635625ms)
✔ missing required execution (27.290834ms)
✔ failed execution (24.658167ms)
✔ wrong actual command (25.480583ms)
✔ unresolved issue (20.356125ms)
✔ wrong node (23.289667ms)
✔ missing source inventory (28.297083ms)
✔ plan scope changed (22.620875ms)
✔ outside log path (25.471292ms)
✔ wrong log digest (25.439ms)
✔ missing dependency (24.718666ms)
✔ dependency digest substituted (24.936083ms)
✔ tampered manifest bytes are rejected (20.05ms)
✔ changed source content is rejected despite unchanged gate digest (24.694125ms)
✔ dependency must independently be READY (24.767125ms)
✔ arbitrary log cannot masquerade as successful execution (26.96175ms)
✔ input file symlink cannot escape the repository (26.708834ms)
✔ database execution cannot be inferred from a normal local PASS (31.036834ms)
✔ Supabase target receipt verifies each compressed execution log (31.475ms)
✔ source drift during execution invalidates the original input snapshot (40.459542ms)
✔ requirement drift during execution invalidates the original input snapshot (42.868291ms)
✔ controlled public development profile overrides stale values and preserves server inputs (0.122875ms)
✔ private credentials cannot be injected through a public development profile (0.09975ms)
✔ transient Auth 503 can retry only a complete target execution (0.096959ms)
✔ persistent target timeout never becomes PASS and stops at its budget (0.083291ms)
✔ semantic target failures stop without retry or PASS (0.033417ms)
✔ target retry budget cannot be unbounded (0.088917ms)
✔ configured target retries require explicit attempt outcomes in the receipt (30.2435ms)
✔ three successful full builds bind output inventories (0.307958ms)
✔ reproducibility rejects only two builds (0.088417ms)
✔ reproducibility rejects missing Python build (0.104209ms)
✔ reproducibility rejects failed command (0.137375ms)
✔ reproducibility rejects different output digest (0.094958ms)
✔ reproducibility rejects substituted inventory (0.0735ms)
✔ reproducibility rejects dirty source (0.060417ms)
✔ reproducibility rejects old source (0.056208ms)
✔ development policy retains explicit build, coverage, volume and target storage obligations (0.247583ms)
ℹ tests 37
ℹ suites 0
ℹ pass 37
ℹ fail 0
ℹ cancelled 0
ℹ skipped 0
ℹ todo 0
ℹ duration_ms 656.982917
