✔ production rejects InMemoryTerminalBackend (376.337458ms)
✔ production rejects InMemoryStrategyBackend (2.031792ms)
✔ production rejects InMemoryExecutionBackend (1.125208ms)
✔ production rejects InMemoryOpsBackend (0.856167ms)
✔ production rejects TerminalBackend (0.82225ms)
✔ production rejects StrategyBackend (0.786ms)
✔ production rejects ExecutionBackend (0.722875ms)
✔ production rejects OpsBackend (0.658083ms)
✔ production rejects createTerminalClient (0.790709ms)
✔ production rejects bypass import * as api from '@sumalpha/api-client'; export const value = api; (1.030667ms)
✔ production rejects bypass export * from '@sumalpha/api-client'; (0.541292ms)
✔ production rejects bypass export { InMemoryOpsBackend as Default } from '@sumalpha/api-client'; (0.578625ms)
✔ production rejects bypass export const value = import('@sumalpha/api-client'); (0.605666ms)
✔ production rejects bypass export const value = require('@sumalpha/api-client'); (1.321458ms)
✔ production rejects bypass import { value } from '../../../../crates/bff/src/db'; export {value}; (0.800792ms)
✔ production rejects bypass import { value } from '../tests/fixtures/backend'; export {value}; (0.503958ms)
✔ production rejects bypass export const value = import(globalThis.name); (0.673041ms)
✔ production rejects bypass import { value } from '@sumalpha/api-client/src/terminal'; export {value}; (0.494042ms)
✔ generated named public client imports are allowed (0.488584ms)
✔ explicit test fixture adapters remain allowed (2.154042ms)
✔ production src cannot hide behind a test-like filename (0.543875ms)
✔ shared frontend wrapper cannot re-export a legacy adapter under an alias (2.044167ms)
✔ production rejects direct database or venue module pg (0.651375ms)
✔ production rejects direct database or venue module postgres (0.59875ms)
✔ production rejects direct database or venue module @supabase/supabase-js (0.541208ms)
✔ production rejects direct database or venue module @prisma/client (0.534458ms)
✔ production rejects direct database or venue module ccxt (0.781334ms)
✔ production rejects direct database or venue module @binance/connector (0.609708ms)
✔ registered Storybook data fixtures remain allowed (1.595083ms)
✔ runtime TerminalClient cannot instantiate a handwritten backend in production (0.606041ms)
✔ type-only legacy migration annotation does not create a production adapter (1.064959ms)
✔ production boundary cannot be bypassed with js (2.491042ms)
✔ production boundary cannot be bypassed with jsx (1.455667ms)
✔ production boundary cannot be bypassed with mjs (0.871041ms)
✔ production boundary cannot be bypassed with cjs (1.355125ms)
✔ production boundary cannot be disabled with an inline directive (1.228083ms)
✔ production cannot import repository database CLI internals (0.526167ms)
ℹ tests 37
ℹ suites 0
ℹ pass 37
ℹ fail 0
ℹ cancelled 0
ℹ skipped 0
ℹ todo 0
ℹ duration_ms 541.524875
