✔ complete engineering checks retain BLOCKED while scope confirmation is absent (175.320166ms)
✔ strict acceptance rejects pending current user scope (154.153125ms)
✔ G0 rejects missing explicit proto baseline (129.974167ms)
✔ G0 rejects same-head proto baseline (122.709584ms)
✔ G0 rejects fabricated READY (125.928375ms)
✔ G0 rejects historical arbitrary manifest (127.039ms)
✔ G0 rejects missing actual check (128.423875ms)
✔ G0 rejects duplicate actual check (124.134167ms)
✔ G0 rejects failed check (126.260583ms)
✔ G0 rejects unexecuted check (131.33475ms)
✔ G0 rejects wrong command (133.780167ms)
✔ G0 rejects source inventory drift (132.509875ms)
✔ G0 rejects planned scope delivered claim (128.861667ms)
✔ G0 rejects log tampering (126.138375ms)
✔ G0 rejects arbitrary rehashed prose (129.406541ms)
✔ G0 rejects wrong Web build source (135.07075ms)
✔ G0 rejects missing dependency (146.538875ms)
✔ G0 rejects dependency digest drift (137.16825ms)
✔ G0 rejects unready upstream (130.657834ms)
✔ G0 rejects hidden scope residual (128.939583ms)
✔ pending scope cannot incorporate an approval record (104.259833ms)
✔ legacy six-role records cannot grant current confirmation (103.934625ms)
✔ confirmed scope must bind current input digest (99.958333ms)
✔ confirmed scope requires the single user record (100.240959ms)
✔ dependency validation is actually invoked and failures propagate (130.862084ms)
✔ one document-bound current user confirmation replaces all role receipts (102.616541ms)
✔ CI must always validate engineering receipts and G0 negatives (0.090417ms)
✔ G0 rejects normative plan drift during execution before publishing (119.149042ms)
✔ G0 rejects code inventory drift during execution before publishing (127.262416ms)
✔ lifecycle metadata alone does not change normative G0 inputs (125.452875ms)
✔ real BFF baseline CLI matches its required G0 execution marker (91.146792ms)
✔ G0 worktree allows only lifecycle/evidence state "" (0.094791ms)
✔ G0 worktree allows only lifecycle/evidence state " M docs/SumAlpha-QuantOS-Development-Plan.md\n" (0.064459ms)
✔ G0 worktree allows only lifecycle/evidence state "M  docs/SumAlpha-QuantOS-Frontend-Development-Execution-Plan.md\n?? docs/audit/evidence/new/\n" (0.048125ms)
✔ G0 worktree allows only lifecycle/evidence state "?? docs/audit/report.md\n" (0.016083ms)
✔ G0 worktree rejects uncommitted functional input " M scripts/g0-development.mjs\n" (0.089959ms)
✔ G0 worktree rejects uncommitted functional input "M  apps/terminal/src/auth/flow.ts\n" (0.052125ms)
✔ G0 worktree rejects uncommitted functional input "?? bff/new.yaml\n" (0.0385ms)
✔ G0 worktree rejects uncommitted functional input "R  docs/audit/a.md -> scripts/backdoor.mjs\n" (0.027ms)
✔ user-confirmed scope includes the normative G0 plan and excludes lifecycle metadata (117.265875ms)
✔ confirmation-only finalization refuses an absent user reply and cannot bless changed engineering inputs (132.506042ms)
✔ document-bound user reply finalizes the unchanged engineering checks without fabricating new execution (135.884416ms)
✔ one current user confirmation validates all documented review dimensions (2.137208ms)
✔ user confirmation rejects assistant self-approval (0.644125ms)
✔ user confirmation rejects unconfirmed draft (0.158583ms)
✔ user confirmation rejects workflow instruction alone (0.652084ms)
✔ user confirmation rejects missing user message (0.270792ms)
✔ user confirmation rejects missing identity (0.147084ms)
✔ user confirmation rejects old historical confirmation (0.123709ms)
✔ user confirmation rejects future confirmation (0.109791ms)
✔ user confirmation rejects wrong node (0.468083ms)
✔ user confirmation rejects wrong stage (0.307208ms)
✔ user confirmation rejects wrong input digest (0.214208ms)
✔ user confirmation rejects wrong draft path (0.113209ms)
✔ user confirmation rejects parent traversal (0.087333ms)
✔ user confirmation rejects wrong document hash (0.08825ms)
✔ changed original user record is rejected even with unchanged scope (0.090375ms)
✔ rehashing a draft cannot authorize a different scope (0.151042ms)
✔ draft must retain every review dimension even with updated document hash (0.122042ms)
ℹ tests 59
ℹ suites 0
ℹ pass 59
ℹ fail 0
ℹ cancelled 0
ℹ skipped 0
ℹ todo 0
ℹ duration_ms 4228.900458
