✔ current PRE-01 artifacts satisfy the executable contract (5.450292ms)
✔ missing a page state fails closed (2.099833ms)
✔ invalid story priority fails closed (0.548541ms)
✔ missing traceability row fails closed (1.480083ms)
✔ published operation cannot regress to planned fails closed (1.750375ms)
✔ unknown role fails closed (0.471833ms)
✔ unknown route fails closed (0.485667ms)
✔ duplicate story fails closed (0.6275ms)
✔ missing flow stories fails closed (0.853375ms)
✔ missing flow scenarios fails closed (1.48725ms)
✔ unsafe proposal criterion fails closed (1.452417ms)
✔ unknown trace task fails closed (1.574041ms)
✔ unauthorized admin grant fails closed (1.154667ms)
✔ missing permission route fails closed (0.738083ms)
✔ phase-one P16 fails closed (0.104416ms)
✔ missing contract owner fails closed (1.222958ms)
✔ empty flow role fails closed (0.646917ms)
✔ empty flow route fails closed (0.761917ms)
✔ state label mismatch fails closed (0.908333ms)
✔ desktop-only story fails closed (0.453583ms)
✔ persistent offline cache fails closed (0.892125ms)
✔ admin domain permission fails closed (0.711333ms)
✔ missing page story fails closed (0.471083ms)
✔ cross-page route fails closed (0.428708ms)
✔ current G0 governance preserves history without granting current acceptance (1.381333ms)
✔ past-due G0 item cannot silently remain OPEN (0.68875ms)
✔ fabricated G0 acceptance fails against current checkpoint (0.97525ms)
✔ missing G0 leftover owner fails (0.81675ms)
✔ P05 cannot bind metadata download to an untraced audit export operation (2.249083ms)
✔ P21 cannot drop alert ownership from both ledger and trace while retaining the subscription (2.362833ms)
✔ unknown unlabelled operation in API register is rejected (1.7045ms)
✔ P05 quality alerts require C16 ownership on the consumer page (1.543459ms)
✔ API register rejects current version 1.4.0 (1.746542ms)
✔ API register rejects current version 99.99.0 (1.402625ms)
✔ published register row cannot omit API version (1.4615ms)
✔ published register row cannot omit generated mock version (1.68325ms)
✔ all ten historical compatibility strategies cannot be cleared (0.886292ms)
✔ current disposition cannot drop a historical parent (1.051958ms)
✔ current disposition requires effective checkpoint deadline (0.883542ms)
✔ current disposition cannot claim target RELEASE completion (1.18975ms)
✔ current disposition requires nonempty compatibility strategy (0.834125ms)
✔ current disposition presentation must match structured source (1.136417ms)
✔ current deadline cannot defer DEVELOPMENT provider obligations to integration (1.076583ms)
ℹ tests 43
ℹ suites 0
ℹ pass 43
ℹ fail 0
ℹ cancelled 0
ℹ skipped 0
ℹ todo 0
ℹ duration_ms 153.16175
