
> @sumalpha/quantos@ test:fep0 /Users/anray/Documents/project/SumAlpha/QuantOS
> node --test scripts/fep0-development.test.mjs

✔ all eight independently content-bound dependencies admit DEVELOPMENT only (17.370541ms)
✔ engineering aggregation preserves the sole pending user confirmation (9.010917ms)
✔ milestone rejects missing F0 (8.249083ms)
✔ milestone rejects missing PRE (8.333667ms)
✔ milestone rejects duplicate dependency (8.027959ms)
✔ milestone rejects unready F0 (8.057ms)
✔ milestone rejects manifest bytes replaced (7.754875ms)
✔ milestone rejects digest substituted (7.422583ms)
✔ milestone rejects dependency path substituted (7.444042ms)
✔ milestone rejects dependency verdict substituted (7.228458ms)
✔ milestone rejects self manifest schema (7.470083ms)
✔ milestone rejects normative change (7.419542ms)
✔ milestone rejects source input change (7.4075ms)
✔ milestone rejects unexecuted check (8.644166ms)
✔ milestone rejects missing execution time (7.308417ms)
✔ milestone rejects missing required check (7.8535ms)
✔ milestone rejects duplicate check (7.398708ms)
✔ milestone rejects wrong command (7.205166ms)
✔ milestone rejects log tampering (7.549083ms)
✔ milestone rejects rehashed prose (7.433666ms)
✔ milestone rejects external log path (7.171542ms)
✔ milestone rejects false formal acceptance (7.403541ms)
✔ milestone rejects aggregate claims database run (7.1015ms)
✔ milestone rejects hidden exclusions (7.021166ms)
✔ milestone rejects unresolved functional finding (7.0495ms)
✔ dependency validator is invoked and errors propagate (7.123542ms)
✔ fake READY cannot hide changed G0 scope (7.039833ms)
✔ arbitrary existing markdown cannot serve as a milestone receipt (0.085333ms)
✔ own arbitrary digest is rejected independently of dependency status (0.062875ms)
✔ F0 policy contains the six missing nodes and all eleven obligations (7.053875ms)
✔ production schema drift comparator rejects tables (0.114875ms)
✔ production schema drift comparator rejects columns (0.051375ms)
✔ production schema drift comparator rejects constraints (0.050083ms)
✔ production schema drift comparator rejects indexes (0.043875ms)
✔ production schema drift comparator rejects policies (0.042875ms)
✔ production schema drift comparator rejects routines (0.030125ms)
✔ production schema drift comparator rejects triggers (0.036584ms)
✔ 100-task recovery evidence cannot use 10-task diagnostic or accept P95 (1.137417ms)
✔ CI consumes the full milestone engineering validator and its negatives (0.06425ms)
ℹ tests 39
ℹ suites 0
ℹ pass 39
ℹ fail 0
ℹ cancelled 0
ℹ skipped 0
ℹ todo 0
ℹ duration_ms 274.867542
