✔ current BFF-FE-000 repository Gate passes (5.075292ms)
✔ missing phase-one page mapping is rejected (1.978958ms)
✔ published operation drift is rejected (1.714375ms)
✔ planned operation traceability deletion is rejected (1.600209ms)
✔ shared idempotency baseline deletion is rejected (3.122375ms)
✔ dependency regression is rejected (1.71725ms)
✔ error correlation header deletion is rejected (2.567417ms)
✔ generated Zod export deletion is rejected (1.393458ms)
✔ missing staging permits development readiness and never claims formal acceptance (1.435958ms)
✔ stage deferral cannot bypass engineering failures, final receipt requirements or unknown stages (0.089042ms)
✔ final review command cannot be rewired to the development stage (6.719708ms)
✔ current semantic A1 gate passes (3.519417ms)
✔ rejects cookie semantic regression (2.745084ms)
✔ rejects idempotency semantic regression (2.774ms)
✔ rejects sort semantic regression (3.429583ms)
✔ rejects page semantic regression (2.474791ms)
✔ rejects ci semantic regression (2.361042ms)
✔ rejects decimal semantic regression (2.583375ms)
✔ rejects version semantic regression (2.484084ms)
✔ rejects csrf semantic regression (2.224417ms)
✔ exact registered security correction is accepted only within its window (11.815541ms)
✔ unregistered breaking type, enum or missing baseline fails closed (23.146792ms)
✔ new required parameters and constraints cannot silently bypass compatibility (0.920458ms)
✔ absent, invented and reference-only staging receipts never close A1 (0.473042ms)
✔ final receipt requires technical evidence plus one input-bound user confirmation (1.083625ms)
✔ optional property within an existing allOf is additive, required changes are rejected (0.123209ms)
ℹ tests 26
ℹ suites 0
ℹ pass 26
ℹ fail 0
ℹ cancelled 0
ℹ skipped 0
ℹ todo 0
ℹ duration_ms 169.494792
