✔ formal gate rejects zero, one, two and noninteger runs (0.355042ms)
✔ all binaries participate in digest and omitted binary fails (3.084292ms)
✔ extra binary, missing wheel and stale/empty Web cannot pass output inventory (2.341875ms)
✔ manifest inventory cannot omit or add members (0.055375ms)
✔ dirty and untracked source rejected (57.28ms)
✔ deleted module README is rejected (2.178625ms)
✔ wrong uv version fails toolchain preflight (16.146708ms)
✔ invalid locks fail real lock entrypoint (59.958416ms)
✔ Terminal default lint rejects a page TSX violation (819.212084ms)
✔ invalid run revokes old successful receipt (25.883875ms)
✔ Cargo manifest drift is rejected by actual lock gate (567.022625ms)
✔ uv manifest drift is rejected by actual lock gate (613.514ms)
✔ pnpm manifest drift is rejected by actual lock gate (852.456417ms)
✔ malformed Buf lock is rejected by actual lock gate (615.906958ms)
✔ broken Desktop is outside phase-one pnpm frozen check (296.649958ms)
✔ uv output marker is metadata, other unexpected files still fail (2.030125ms)
✔ build-only tool is required in output inventory without becoming a runtime binary (2.144875ms)
ℹ tests 17
ℹ suites 0
ℹ pass 17
ℹ fail 0
ℹ cancelled 0
ℹ skipped 0
ℹ todo 0
ℹ duration_ms 3969.253542
