node --test scripts/f02-gate-negative.mjs scripts/f02-a11-gate-negative.mjs scripts/playwright-git-history.test.mjs
✔ complete Linux matrix passes; deletion and pixel tampering fail (403.328166ms)
✔ acceptance never updates snapshots or skips missing snapshots (0.503667ms)
✔ only main signing and verification jobs receive the signing environment (10.605458ms)
✔ signing policy rejects missing protection, wildcards, tags and extra branches (0.194375ms)
✔ candidate import rejects tampering and stale source before writing, then imports the reviewed matrix (385.561166ms)
✔ required download check rejects skipped or failed event-specific verification (30.930417ms)
✔ PR receipts bind the checked out head while main signing stays on the event SHA (3.677667ms)
Verified 2 release files for aaaaaaaaaaaaaaaaaaaaaaaaaaaaaaaaaaaaaaaa
Verified 2 release files for aaaaaaaaaaaaaaaaaaaaaaaaaaaaaaaaaaaaaaaa
✔ real Gitleaks positive control and GitHub/Slack leaks (1717.383208ms)
✔ historical digest exceptions do not waive fresh credentials in audit JSON (1207.062084ms)
✔ RLS baseline rejects policy deletion and late disabling with recovery (182.593334ms)
✔ migration filename control, rejection and recovery (16.924917ms)
✔ waivers only authorize exact advisory/ecosystem/package/version before expiry (1.031416ms)
✔ license expression policy does not globally allow LGPL or unknown licenses (0.337292ms)
✔ release binds complete payload and SBOM to source; rejects corruption and build-only native files (3.380542ms)
✔ Buf compares against distinct historical source and detects removed fields (519.978583ms)
✔ SCA scanner adapter consumes exact waivers and never waives scanner failures (1426.160958ms)
✔ Playwright PR reporting preserves complete history for downstream security scans (1730.388042ms)
ℹ tests 17
ℹ suites 0
ℹ pass 17
ℹ fail 0
ℹ cancelled 0
ℹ skipped 0
ℹ todo 0
ℹ duration_ms 5116.70675
