Building wheel...
Successfully built artifacts/f08-target/wheels/quantos_mock_engine-0.1.0-py3-none-any.whl
Resolved 52 packages in 1ms
   Building quantos-engine-sdk @ file:///Users/anray/Documents/project/SumAlpha/QuantOS/engines/engine-sdk
   Building quantos-llmquant @ file:///Users/anray/Documents/project/SumAlpha/QuantOS/engines/llmquant
   Building quantos-mock-engine @ file:///Users/anray/Documents/project/SumAlpha/QuantOS/engines/mock-engine
   Building quantos-openbb-adapter @ file:///Users/anray/Documents/project/SumAlpha/QuantOS/engines/openbb-adapter
   Building quantos-rd-agent @ file:///Users/anray/Documents/project/SumAlpha/QuantOS/engines/rd-agent
   Building quantos-strategy-lab @ file:///Users/anray/Documents/project/SumAlpha/QuantOS/engines/strategy-lab
   Building quantos-trading-agents @ file:///Users/anray/Documents/project/SumAlpha/QuantOS/engines/trading-agents
   Building quantos-vibe-adapter @ file:///Users/anray/Documents/project/SumAlpha/QuantOS/engines/vibe-adapter
      Built quantos-strategy-lab @ file:///Users/anray/Documents/project/SumAlpha/QuantOS/engines/strategy-lab
      Built quantos-vibe-adapter @ file:///Users/anray/Documents/project/SumAlpha/QuantOS/engines/vibe-adapter
      Built quantos-llmquant @ file:///Users/anray/Documents/project/SumAlpha/QuantOS/engines/llmquant
      Built quantos-mock-engine @ file:///Users/anray/Documents/project/SumAlpha/QuantOS/engines/mock-engine
      Built quantos-trading-agents @ file:///Users/anray/Documents/project/SumAlpha/QuantOS/engines/trading-agents
      Built quantos-rd-agent @ file:///Users/anray/Documents/project/SumAlpha/QuantOS/engines/rd-agent
      Built quantos-openbb-adapter @ file:///Users/anray/Documents/project/SumAlpha/QuantOS/engines/openbb-adapter
      Built quantos-engine-sdk @ file:///Users/anray/Documents/project/SumAlpha/QuantOS/engines/engine-sdk
Prepared 8 packages in 351ms
Uninstalled 37 packages in 128ms
Installed 8 packages in 5ms
 - boolean-py==5.0
 - cachecontrol==0.14.4
 - certifi==2026.7.22
 - charset-normalizer==3.5.1
 - cyclonedx-python-lib==9.1.0
 - defusedxml==0.7.1
 - filelock==4.0.0
 - hatchling==1.27.0
 - idna==3.19
 - license-expression==30.4.4
 - markdown-it-py==4.2.0
 - mdurl==0.1.2
 - msgpack==1.2.2
 - packageurl-python==0.17.6
 - pathspec==1.1.1
 - pip==26.2.1
 - pip-api==0.0.35
 - pip-audit==2.9.0
 - pip-requirements-parser==32.0.1
 - platformdirs==4.11.9
 - py-serializable==2.1.0
 - pyparsing==3.3.2
 ~ quantos-engine-sdk==0.1.0 (from file:///Users/anray/Documents/project/SumAlpha/QuantOS/engines/engine-sdk)
 ~ quantos-llmquant==0.1.0 (from file:///Users/anray/Documents/project/SumAlpha/QuantOS/engines/llmquant)
 ~ quantos-mock-engine==0.1.0 (from file:///Users/anray/Documents/project/SumAlpha/QuantOS/engines/mock-engine)
 ~ quantos-openbb-adapter==0.1.0 (from file:///Users/anray/Documents/project/SumAlpha/QuantOS/engines/openbb-adapter)
 ~ quantos-rd-agent==0.1.0 (from file:///Users/anray/Documents/project/SumAlpha/QuantOS/engines/rd-agent)
 ~ quantos-strategy-lab==0.1.0 (from file:///Users/anray/Documents/project/SumAlpha/QuantOS/engines/strategy-lab)
 ~ quantos-trading-agents==0.1.0 (from file:///Users/anray/Documents/project/SumAlpha/QuantOS/engines/trading-agents)
 ~ quantos-vibe-adapter==0.1.0 (from file:///Users/anray/Documents/project/SumAlpha/QuantOS/engines/vibe-adapter)
 - requests==2.34.2
 - rich==15.0.0
 - sortedcontainers==2.4.0
 - toml==0.10.2
 - tomli==2.2.1
 - trove-classifiers==2026.6.1.19
 - urllib3==2.8.0
{
  "sourceCommit": "f37360b10180e7df88e20f639ff6bf5be5c3f740",
  "environment": "local-isolated-process-diagnostic",
  "cases": [
    {
      "id": "five_rpc_and_tenant_denial",
      "status": "FAIL"
    },
    {
      "id": "three_supervised_crashes",
      "status": "FAIL"
    },
    {
      "id": "deadline_two_seconds",
      "status": "FAIL"
    },
    {
      "id": "running_cancel",
      "status": "FAIL"
    },
    {
      "id": "durable_reconstruction",
      "status": "FAIL"
    },
    {
      "id": "manager_os_kill_and_replay_policy",
      "status": "FAIL"
    },
    {
      "id": "idempotency_and_changed_input",
      "status": "FAIL"
    },
    {
      "id": "sidecar_artifact_integrity",
      "status": "FAIL"
    },
    {
      "id": "untrusted_rpc_rejection",
      "status": "FAIL"
    }
  ],
  "status": "FAIL"
}
node:internal/modules/run_main:107
    triggerUncaughtException(
    ^

AssertionError [ERR_ASSERTION]: isolated target service acceptance failed

'FAIL' !== 'PASS'

    at file:///Users/anray/Documents/project/SumAlpha/QuantOS/scripts/f08-target-service-acceptance.mjs:76:10
    at ModuleJob.run (node:internal/modules/esm/module_job:413:25)
    at async onImport.tracePromise.__proto__ (node:internal/modules/esm/loader:660:26)
    at async asyncRunEntryPointWithESMLoader (node:internal/modules/run_main:101:5) {
  generatedMessage: false,
  code: 'ERR_ASSERTION',
  actual: 'FAIL',
  expected: 'PASS',
  operator: 'strictEqual',
  diff: 'simple'
}

Node.js v24.12.0
Resolved 52 packages in 9ms
Uninstalled 8 packages in 13ms
Installed 8 packages in 5ms
 ~ quantos-engine-sdk==0.1.0 (from file:///Users/anray/Documents/project/SumAlpha/QuantOS/engines/engine-sdk)
 ~ quantos-llmquant==0.1.0 (from file:///Users/anray/Documents/project/SumAlpha/QuantOS/engines/llmquant)
 ~ quantos-mock-engine==0.1.0 (from file:///Users/anray/Documents/project/SumAlpha/QuantOS/engines/mock-engine)
 ~ quantos-openbb-adapter==0.1.0 (from file:///Users/anray/Documents/project/SumAlpha/QuantOS/engines/openbb-adapter)
 ~ quantos-rd-agent==0.1.0 (from file:///Users/anray/Documents/project/SumAlpha/QuantOS/engines/rd-agent)
 ~ quantos-strategy-lab==0.1.0 (from file:///Users/anray/Documents/project/SumAlpha/QuantOS/engines/strategy-lab)
 ~ quantos-trading-agents==0.1.0 (from file:///Users/anray/Documents/project/SumAlpha/QuantOS/engines/trading-agents)
 ~ quantos-vibe-adapter==0.1.0 (from file:///Users/anray/Documents/project/SumAlpha/QuantOS/engines/vibe-adapter)
/Users/anray/.nvm/versions/node/v24.12.0/bin/node failed

1 !== 0

