✔ all eight independently content-bound dependencies admit DEVELOPMENT only (18.338375ms)
✔ engineering aggregation preserves the sole pending user confirmation (8.530292ms)
✔ milestone rejects missing F0 (7.701ms)
✔ milestone rejects missing PRE (8.148417ms)
✔ milestone rejects duplicate dependency (7.710333ms)
✔ milestone rejects unready F0 (7.474ms)
✔ milestone rejects manifest bytes replaced (7.233542ms)
✔ milestone rejects digest substituted (6.947ms)
✔ milestone rejects dependency path substituted (6.96175ms)
✔ milestone rejects dependency verdict substituted (6.923583ms)
✔ milestone rejects self manifest schema (7.3255ms)
✔ milestone rejects normative change (6.905292ms)
✔ milestone rejects source input change (6.859208ms)
✔ milestone rejects unexecuted check (8.326209ms)
✔ milestone rejects missing execution time (7.022834ms)
✔ milestone rejects missing required check (7.63225ms)
✔ milestone rejects duplicate check (6.974625ms)
✔ milestone rejects wrong command (7.175708ms)
✔ milestone rejects log tampering (7.053709ms)
✔ milestone rejects rehashed prose (6.894084ms)
✔ milestone rejects external log path (6.687459ms)
✔ milestone rejects false formal acceptance (6.736459ms)
✔ milestone rejects aggregate claims database run (6.605125ms)
✔ milestone rejects hidden exclusions (6.735833ms)
✔ milestone rejects unresolved functional finding (6.61625ms)
✔ dependency validator is invoked and errors propagate (6.583084ms)
✔ fake READY cannot hide changed G0 scope (6.635334ms)
✔ arbitrary existing markdown cannot serve as a milestone receipt (0.105042ms)
✔ own arbitrary digest is rejected independently of dependency status (0.064875ms)
✔ F0 policy contains the six missing nodes and all eleven obligations (7.188667ms)
✔ production schema drift comparator rejects tables (0.114333ms)
✔ production schema drift comparator rejects columns (0.055291ms)
✔ production schema drift comparator rejects constraints (0.053041ms)
✔ production schema drift comparator rejects indexes (0.047833ms)
✔ production schema drift comparator rejects policies (0.030792ms)
✔ production schema drift comparator rejects routines (0.030083ms)
✔ production schema drift comparator rejects triggers (0.044084ms)
✔ 100-worker development evidence cannot use 10-task diagnostic or accept P95 (0.799208ms)
✔ CI consumes the full milestone engineering validator and its negatives (0.21525ms)
ℹ tests 39
ℹ suites 0
ℹ pass 39
ℹ fail 0
ℹ cancelled 0
ℹ skipped 0
ℹ todo 0
ℹ duration_ms 266.155916
