
> @sumalpha/quantos@ test:development-plans /Users/anray/Documents/project/SumAlpha/QuantOS
> node --test scripts/development-plan-order-negative.mjs

✔ joint schedule is acyclic and preserves task/status boundaries (10.188541ms)
✔ restoring a complete R1 prerequisite for S2 services creates a rejected cycle (4.963042ms)
✔ research service waiting on its consumer page is rejected (4.454667ms)
✔ historical CORE:R04 to CORE:L04 probe now fails closed (4.282667ms)
✔ an early identity API cannot silently depend on later research services (5.507708ms)
✔ a provider cannot wait for the consumer frontend Gate (4.055459ms)
✔ removing S2 service admission from a core execution task is rejected (4.52725ms)
✔ S2 service Gate cannot omit TP12 advance evaluation (4.696333ms)
✔ I10 cannot drop testnet service admission even if metadata is edited with it (5.042291ms)
✔ a new or existing frontend cannot skip the full provider Gate (5.298584ms)
✔ G5 cannot be marked as closing in I4 before reconciliation (5.403417ms)
✔ moving the G1 block above I1 tasks is rejected (4.697292ms)
✔ milestone cannot omit its last child while retaining a Gate summary (4.944625ms)
✔ prose-only backend dependencies cannot drift from structured prerequisites (4.896333ms)
✔ core closure mapping cannot become an implicit service alias (4.868667ms)
✔ ACCEPTED checkpoint needs SHA and evidence, not only a green word (5.11475ms)
✔ accepted checkpoint evidence must resolve (2.553542ms)
✔ missing checkpoint and unknown dependency fail closed (6.371667ms)
✔ API windows cannot skip their preceding provider checkpoint (4.957708ms)
✔ UI windows cannot skip the preceding reconciliation window (4.785125ms)
✔ Web intake preserves the explicit no-model-review schema (1.387708ms)
✔ missing Web task fields still fail closed (1.406583ms)
✔ both plans must publish exactly the same stage contract (5.5725ms)
✔ changing both plans cannot defer correctness or functional deadlines to release (12.793292ms)
✔ both plans must retain every deferred release obligation (14.843167ms)
✔ tasks and checkpoints cannot omit, invent, or misclassify their stage gate (18.46025ms)
✔ release prerequisites cannot block either development or integration (13.224042ms)
✔ release gates cannot skip business closure or inherit the wrong stage (14.734541ms)
✔ historical ACCEPTED and completed tasks do not automatically become READY (5.641292ms)
✔ READY needs its own input digest and resolvable evidence (29.889083ms)
✔ unassessed stage gates cannot carry an apparent ready receipt (7.071708ms)
✔ BLOCKED retains failure evidence and digest without being counted as READY (8.971708ms)
✔ a READY chain needs READY prerequisites and its own evidence at every node (13.12075ms)
✔ stage readiness never substitutes for formal acceptance evidence (2.641542ms)
✔ release READY requires formal acceptance and all functional prerequisites (8.405542ms)
ℹ tests 35
ℹ suites 0
ℹ pass 35
ℹ fail 0
ℹ cancelled 0
ℹ skipped 0
ℹ todo 0
ℹ duration_ms 296.436292
