
> @sumalpha/quantos@ test:pre02 /Users/anray/Documents/project/SumAlpha/QuantOS
> pnpm --filter @sumalpha/ui test:pre02


> @sumalpha/ui@0.1.0 test:pre02 /Users/anray/Documents/project/SumAlpha/QuantOS/packages/ui
> node --test scripts/pre02-gate-negative.mjs

✔ current PRE-02 design-system contract passes (8.649917ms)
✔ renaming a required safety key fails even when the count stays at 18 (1.62ms)
✔ missing state color mapping fails closed (1.306292ms)
✔ insufficient focus contrast is rejected (1.127ms)
✔ missing readonly viewport is rejected (1.458042ms)
✔ deny cannot become success (1.41575ms)
✔ mapped token paths must exist (0.86425ms)
✔ English safety semantics cannot be inverted (0.777416ms)
✔ all compact density values remain frozen (0.820209ms)
✔ focus width and path remain frozen (0.878416ms)
✔ breakpoint intervals cannot develop gaps (0.735ms)
✔ typography and spacing must match the reviewed contract (1.08725ms)
✔ required component identity cannot be replaced (0.758167ms)
✔ comments do not supply executable Storybook configuration (0.746625ms)
✔ surface.2 contrast cannot be removed from the contract (0.747459ms)
✔ native reference viewport is not a prerequisite of the Web Gate (0.584291ms)
✔ disabled contrast rule cannot hide behind a matching comment (0.607958ms)
✔ readonly viewport dimensions cannot hide behind its identifier (0.766333ms)
✔ phase-two page cannot enter the Web component acceptance rows (0.590708ms)
✔ provider JSX outside the decorator cannot authorize empty decorators (0.609584ms)
✔ unexported configuration does not authorize a Storybook entry (0.61325ms)
✔ initial theme cannot contradict the dark default contract (0.8105ms)
✔ object spread cannot silently override required addons (0.879333ms)
✔ duplicate decorators cannot replace the validated provider tree (0.788084ms)
✔ dead JSX branches are not executed provider decorators (0.856167ms)
✔ provider attributes cannot be overwritten through JSX spreads (0.657167ms)
✔ provider-only JSX without the Story consumer is rejected (0.603167ms)
ℹ tests 27
ℹ suites 0
ℹ pass 27
ℹ fail 0
ℹ cancelled 0
ℹ skipped 0
ℹ todo 0
ℹ duration_ms 207.913917
