
> @sumalpha/quantos@ test:pre04 /Users/anray/Documents/project/SumAlpha/QuantOS
> node --test scripts/pre04-gate-negative.mjs

✔ current full phase-one inventory passes (13.25025ms)
✔ missing Gap is rejected (4.960333ms)
✔ undecided realtime dependency is rejected (4.71725ms)
✔ deleted required actorId field is rejected (5.085083ms)
✔ nonexistent field source is rejected (4.638417ms)
✔ wrong field type and optionality are rejected (5.285458ms)
✔ generated operation deletion is rejected (4.099375ms)
✔ generated method and path drift are rejected (8.42ms)
✔ same-count schema rename is rejected (3.741208ms)
✔ schema required and enum drift are rejected (8.6755ms)
✔ same-count Proto message rename is rejected (3.991209ms)
✔ removed Proto declaration is rejected (4.007083ms)
✔ same-count JSON Schema replacement is rejected (4.106583ms)
✔ duplicate contract row is rejected before Map collapse (3.80625ms)
✔ duplicate Gap row is rejected before Map collapse (3.570334ms)
✔ nonexistent role owner is rejected (3.959584ms)
✔ nonexistent backend task is rejected (3.696834ms)
✔ nonexistent BFF task is rejected (3.716583ms)
✔ unknown Gap page is rejected (4.29175ms)
✔ each missing website P0 page is rejected (18.745458ms)
✔ missing auxiliary risk/audit/order contract is rejected (11.025334ms)
✔ closing partly published Gap is rejected (3.780833ms)
✔ omitting planned operation is rejected (3.520542ms)
✔ unpublished Inventory Fixture cannot claim Implemented (3.587875ms)
✔ generated-only contract cannot claim Integrated (3.708959ms)
✔ missing provider evidence is rejected (3.64325ms)
✔ changed provider receipt is rejected (3.532292ms)
✔ missing Inventory Fixture is rejected (4.247709ms)
✔ Desktop contamination is rejected by Web inventory (4.106792ms)
✔ nonexistent domain field mappings including the former engine-version anchor are rejected (8.09975ms)
✔ removed referenced core task is rejected (3.983291ms)
✔ catalog source drift is rejected (3.905084ms)
✔ empty implementation artifact lists are rejected for every implemented contract (10.747709ms)
✔ each missing implementation evidence category is rejected (33.756625ms)
✔ duplicate artifacts cannot substitute for test or receipt evidence (3.843ms)
✔ another contract receipt cannot substitute for required evidence (3.790084ms)
✔ unknown task suffixes are rejected in both backend task columns (22.354084ms)
✔ ambiguous cross-prefix ranges cannot impersonate reviewed backend tasks (6.681792ms)
ℹ tests 38
ℹ suites 0
ℹ pass 38
ℹ fail 0
ℹ cancelled 0
ℹ skipped 0
ℹ todo 0
ℹ duration_ms 359.647167
