
> @sumalpha/quantos@ test:pre06 /Users/anray/Documents/project/SumAlpha/QuantOS
> node --test scripts/pre06-gate-negative.mjs scripts/pre06-runtime-negative.mjs

✔ current PRE-06 Web baseline passes (24.719167ms)
✔ website browser Gate deletion is rejected (9.688375ms)
✔ Desktop coupling in phase-one compatibility is rejected (7.468916ms)
✔ Desktop deep-link inclusion in phase-one Terminal is rejected (7.264375ms)
✔ generated operation coverage drift is rejected (6.48375ms)
✔ visual baseline integrity failure is rejected (5.601917ms)
✔ performance budget weakening is rejected (5.360208ms)
✔ disabled CI steps and comment-only commands are rejected (16.109625ms)
✔ contract assertion deletion and visual comparison deletion fail closed (10.737334ms)
✔ website performance and critical coverage gates cannot be removed (10.493959ms)
✔ CI retry policy must reject flaky outcomes and archive failure evidence (10.304833ms)
✔ comments cannot restore weakened budget or critical coverage policy (13.396541ms)
✔ skipped suites and inactive screenshot assertions cannot satisfy the baseline (35.229291ms)
✔ critical contract callbacks cannot return early, hide assertions, or remove runtime counting (21.944458ms)
✔ unknown and corrupted fixtures are rejected, explicit sabotage fixtures remain expected failures (29.108958ms)
✔ empty assets and empty route manifest are never a zero-sized performance PASS (27.826417ms)
✔ actual CI configs return nonzero for first-fail-then-pass policy probe (1251.436125ms)
ℹ tests 17
ℹ suites 0
ℹ pass 17
ℹ fail 0
ℹ cancelled 0
ℹ skipped 0
ℹ todo 0
ℹ duration_ms 1356.004583
