
> @sumalpha/quantos@ test:pre03 /Users/anray/Documents/project/SumAlpha/QuantOS
> node --test scripts/pre03-gate-negative.mjs

✔ current Web contract passes and never loads Desktop inputs (7.973542ms)
✔ apps/terminal rejects Next 15.5.23 (4.983042ms)
✔ apps/terminal rejects Next 16.0.0 (1.913416ms)
✔ apps/website rejects Next 15.5.23 (1.605666ms)
✔ apps/website rejects Next 16.0.0 (1.542292ms)
✔ missing package resolutions (1.783833ms)
✔ missing snapshots (1.112083ms)
✔ specifier drift (1.699167ms)
✔ dependency removed (1.904584ms)
✔ dependency inserted (1.810958ms)
✔ manifest drift fails without changing lock (0.841208ms)
✔ ADR drift fails (0.734333ms)
✔ duplicate ADR version row fails (0.692375ms)
✔ missing transitive snapshot fails (1.755209ms)
✔ Node pin drift fails (0.722459ms)
✔ effective Next configuration: valid export (212.520791ms)
✔ effective Next configuration: comment marker (216.909209ms)
✔ effective Next configuration: dead branch (212.465459ms)
✔ effective Next configuration: subsequent override (213.051542ms)
✔ effective Next configuration: function config (219.7235ms)
✔ bad route resources, fake HTML and script failures fail closed (11794.01025ms)
✔ Next-specific async client violation is an ESLint error (235.1805ms)
✔ build receipts reject stale source, config, identity and missing receipts (1.965417ms)
✔ source binding ignores caches but detects actual source changes (3.539708ms)
✔ all workspace importers and exact link targets are required (11.771ms)
✔ runtime loader discovers omitted manifests independently of lockfile (494.498208ms)
✔ per-app env files are isolated and reloaded without polluting caller (660.718541ms)
ℹ tests 27
ℹ suites 0
ℹ pass 27
ℹ fail 0
ℹ cancelled 0
ℹ skipped 0
ℹ todo 0
ℹ duration_ms 15004.853666
