
> @sumalpha/quantos@ test:pre01 /Users/anray/Documents/project/SumAlpha/QuantOS
> node --test ./scripts/tests/check-pre01.test.mjs

✔ current PRE-01 artifacts satisfy the executable contract (5.153083ms)
✔ missing a page state fails closed (1.806709ms)
✔ invalid story priority fails closed (0.531ms)
✔ missing traceability row fails closed (1.329458ms)
✔ published operation cannot regress to planned fails closed (1.658083ms)
✔ unknown role fails closed (0.460917ms)
✔ unknown route fails closed (0.531625ms)
✔ duplicate story fails closed (0.568625ms)
✔ missing flow stories fails closed (0.56525ms)
✔ missing flow scenarios fails closed (1.173667ms)
✔ unsafe proposal criterion fails closed (1.182125ms)
✔ unknown trace task fails closed (1.247792ms)
✔ unauthorized admin grant fails closed (1.062083ms)
✔ missing permission route fails closed (0.689792ms)
✔ phase-one P16 fails closed (0.086125ms)
✔ missing contract owner fails closed (1.093708ms)
✔ empty flow role fails closed (0.569667ms)
✔ empty flow route fails closed (0.602708ms)
✔ state label mismatch fails closed (0.913416ms)
✔ desktop-only story fails closed (0.429166ms)
✔ persistent offline cache fails closed (0.885125ms)
✔ admin domain permission fails closed (0.694167ms)
✔ missing page story fails closed (0.45825ms)
✔ cross-page route fails closed (0.444333ms)
✔ current G0 governance preserves history without granting current acceptance (1.456875ms)
✔ past-due G0 item cannot silently remain OPEN (0.643958ms)
✔ fabricated G0 acceptance fails against current checkpoint (0.564375ms)
✔ missing G0 leftover owner fails (0.560916ms)
✔ P05 cannot bind metadata download to an untraced audit export operation (1.853875ms)
✔ P21 cannot drop alert ownership from both ledger and trace while retaining the subscription (2.234833ms)
✔ unknown unlabelled operation in API register is rejected (1.718125ms)
✔ P05 quality alerts require C16 ownership on the consumer page (1.543541ms)
✔ API register rejects current version 1.4.0 (1.425916ms)
✔ API register rejects current version 99.99.0 (1.434667ms)
✔ published register row cannot omit API version (1.558667ms)
✔ published register row cannot omit generated mock version (1.54275ms)
✔ all ten historical compatibility strategies cannot be cleared (0.845333ms)
✔ current disposition cannot drop a historical parent (0.96ms)
✔ current disposition requires effective checkpoint deadline (0.771792ms)
✔ current disposition cannot claim target RELEASE completion (0.815875ms)
✔ current disposition requires nonempty compatibility strategy (0.70675ms)
✔ current disposition presentation must match structured source (0.953417ms)
✔ current deadline cannot defer DEVELOPMENT provider obligations to integration (0.776416ms)
ℹ tests 43
ℹ suites 0
ℹ pass 43
ℹ fail 0
ℹ cancelled 0
ℹ skipped 0
ℹ todo 0
ℹ duration_ms 137.905917
