Validated 6 pinned Buf plugins and locked generation workflow.
✔ proto generation configuration is pinned and lock-preserving (37.470708ms)
✔ proto generation configuration rejects an unpinned remote plugin (35.957292ms)
✔ proto generation configuration rejects implicit dependency updates (36.472542ms)
ℹ tests 3
ℹ suites 0
ℹ pass 3
ℹ fail 0
ℹ cancelled 0
ℹ skipped 0
ℹ todo 0
ℹ duration_ms 140.826791
Extracted 50 JSON schema documents.
Validated 50 standalone JSON schemas and 11 planned domain schemas.
✔ standalone JSON schema gate passes the complete generated catalog (133.843666ms)
✔ standalone JSON schema gate rejects a missing planned domain schema (48.15075ms)
✔ standalone JSON schema gate rejects an unresolved reference (134.234833ms)
ℹ tests 3
ℹ suites 0
ℹ pass 3
ℹ fail 0
ℹ cancelled 0
ℹ skipped 0
ℹ todo 0
ℹ duration_ms 350.38875
Proto compatibility checked against ed2e6038a9d54f05768a29d9c8f0079bd1dacbdc
Proto checks passed.
