
> @sumalpha/quantos@ test:provider-a1 /Users/anray/Documents/project/SumAlpha/QuantOS
> node --test scripts/provider-a1-receipts.test.mjs

✔ valid source and execution-bound dependency chain is READY without release signatures (41.324416ms)
✔ missing required execution (30.410083ms)
✔ failed execution (25.730042ms)
✔ wrong actual command (25.1825ms)
✔ unresolved issue (20.381292ms)
✔ wrong node (21.273625ms)
✔ missing source inventory (25.051416ms)
✔ plan scope changed (20.184334ms)
✔ outside log path (24.291792ms)
✔ wrong log digest (24.399167ms)
✔ missing dependency (24.181625ms)
✔ dependency digest substituted (24.144625ms)
✔ tampered manifest bytes are rejected (19.825417ms)
✔ changed source content is rejected despite unchanged gate digest (24.648709ms)
✔ dependency must independently be READY (24.488083ms)
✔ arbitrary log cannot masquerade as successful execution (24.362458ms)
✔ input file symlink cannot escape the repository (31.936292ms)
✔ database execution cannot be inferred from a normal local PASS (32.057917ms)
✔ Supabase target receipt verifies each compressed execution log (29.380083ms)
✔ source drift during execution invalidates the original input snapshot (38.299667ms)
✔ requirement drift during execution invalidates the original input snapshot (45.29725ms)
✔ controlled public development profile overrides stale values and preserves server inputs (0.137042ms)
✔ private credentials cannot be injected through a public development profile (0.095125ms)
✔ transient Auth 503 can retry only a complete target execution (0.098625ms)
✔ persistent target timeout never becomes PASS and stops at its budget (0.071625ms)
✔ semantic target failures stop without retry or PASS (0.023333ms)
✔ target retry budget cannot be unbounded (0.086375ms)
✔ configured target retries require explicit attempt outcomes in the receipt (29.797084ms)
✔ three successful full builds bind output inventories (0.332375ms)
✔ reproducibility rejects only two builds (0.112625ms)
✔ reproducibility rejects missing Python build (0.11825ms)
✔ reproducibility rejects failed command (0.123416ms)
✔ reproducibility rejects different output digest (0.092667ms)
✔ reproducibility rejects substituted inventory (0.068459ms)
✔ reproducibility rejects dirty source (0.055125ms)
✔ reproducibility rejects old source (0.061375ms)
✔ development policy retains explicit build, coverage, volume and target storage obligations (0.27825ms)
✔ static make commands cannot reload .env.local or inherit target database opt-ins (0.078375ms)
✔ volume retry restarts the complete check only on a closed PostgreSQL transport (0.052084ms)
✔ volume correctness and certificate errors cannot be retried into PASS (0.027958ms)
✔ persistent database transport failure stays failed at the retry limit (0.026625ms)
✔ separate assessment snapshot preserves historical manifests and binds its own logs (30.018667ms)
✔ third-party Git link binds the actual clean checkout and rejects dirty/advanced source (131.629375ms)
ℹ tests 43
ℹ suites 0
ℹ pass 43
ℹ fail 0
ℹ cancelled 0
ℹ skipped 0
ℹ todo 0
ℹ duration_ms 810.185625
