
> @sumalpha/quantos@ test:development-plans /Users/anray/Documents/project/SumAlpha/QuantOS
> node --test scripts/development-plan-order-negative.mjs

✔ joint schedule is acyclic and preserves task/status boundaries (18.234792ms)
✔ restoring a complete R1 prerequisite for S2 services creates a rejected cycle (6.039291ms)
✔ research service waiting on its consumer page is rejected (5.488042ms)
✔ historical CORE:R04 to CORE:L04 probe now fails closed (5.288834ms)
✔ an early identity API cannot silently depend on later research services (6.589167ms)
✔ a provider cannot wait for the consumer frontend Gate (4.940458ms)
✔ removing S2 service admission from a core execution task is rejected (5.54525ms)
✔ S2 service Gate cannot omit TP12 advance evaluation (5.85725ms)
✔ I10 cannot drop testnet service admission even if metadata is edited with it (6.343333ms)
✔ a new or existing frontend cannot skip the full provider Gate (6.478041ms)
✔ G5 cannot be marked as closing in I4 before reconciliation (6.447458ms)
✔ moving the G1 block above I1 tasks is rejected (5.874291ms)
✔ milestone cannot omit its last child while retaining a Gate summary (6.1505ms)
✔ prose-only backend dependencies cannot drift from structured prerequisites (6.165875ms)
✔ core closure mapping cannot become an implicit service alias (6.073583ms)
✔ ACCEPTED checkpoint needs SHA and evidence, not only a green word (6.532375ms)
✔ accepted checkpoint evidence must resolve (2.866042ms)
✔ missing checkpoint and unknown dependency fail closed (7.085792ms)
✔ API windows cannot skip their preceding provider checkpoint (5.872917ms)
✔ UI windows cannot skip the preceding reconciliation window (5.749125ms)
✔ Web intake preserves the explicit no-model-review schema (1.972875ms)
✔ missing Web task fields still fail closed (1.626791ms)
✔ both plans must publish exactly the same stage contract (6.452208ms)
✔ changing both plans cannot defer correctness or functional deadlines to release (15.548917ms)
✔ both plans must retain every deferred release obligation (16.515958ms)
✔ tasks and checkpoints cannot omit, invent, or misclassify their stage gate (22.828292ms)
✔ release prerequisites cannot block either development or integration (13.023917ms)
✔ release gates cannot skip business closure or inherit the wrong stage (15.717791ms)
✔ historical ACCEPTED and completed tasks do not automatically become READY (14.071708ms)
✔ READY needs its own input digest and resolvable evidence (42.362041ms)
✔ unassessed stage gates cannot carry an apparent ready receipt (7.66925ms)
✔ BLOCKED retains failure evidence and digest without being counted as READY (16.332125ms)
✔ a READY chain needs READY prerequisites and its own evidence at every node (23.343ms)
✔ stage readiness never substitutes for formal acceptance evidence (3.321584ms)
✔ release READY requires formal acceptance and all functional prerequisites (10.262416ms)
✔ core intake follows the frontend audit-report format (7.764375ms)
✔ core review summary must be unique and link to audit evidence (8.931334ms)
✔ core shared task fields and existing window must stay consistent (17.148334ms)
ℹ tests 38
ℹ suites 0
ℹ pass 38
ℹ fail 0
ℹ cancelled 0
ℹ skipped 0
ℹ todo 0
ℹ duration_ms 420.884875
