
running 8 tests
test tests::remaining_time_rejects_expired_deadlines ... ok
test tests::review_manifest_rejects_duplicate_capabilities ... ok
test tests::signed_route_policy_and_reregistration_fail_closed ... ok
test durable::tests::world_readable_state_directory_is_rejected ... ok
test tests::approval_fails_closed_on_unsigned_or_modified_manifest ... ok
test durable::tests::corrupt_ledger_fails_closed ... ok
test durable::tests::pending_key_is_exclusive_and_completed_result_survives_reopen ... ok
test tests::manager_opens_backoff_window_after_three_recorded_failures ... ok

test result: ok. 8 passed; 0 failed; 0 ignored; 0 measured; 0 filtered out; finished in 0.03s


running 0 tests

test result: ok. 0 passed; 0 failed; 0 ignored; 0 measured; 0 filtered out; finished in 0.00s


running 8 tests
test machine_codes_are_stable_for_all_manager_failures ... ok
test manager_diagnostics_do_not_expose_approval_key ... ok
test manifest_rejects_each_invalid_boundary ... ok
test malformed_rpc_inputs_fail_before_transport ... ok
test malformed_approvals_never_register ... ok
test invalid_request_and_signed_route_dimensions_fail_before_network ... ok
test supervised_release_requires_durable_state_and_exact_artifact ... ok
test reviewed_registration_rejects_capability_takeover_and_live_sidecar_replacement ... ok

test result: ok. 8 passed; 0 failed; 0 ignored; 0 measured; 0 filtered out; finished in 1.02s


running 2 tests
test python_llmquant_rejects_forbidden_boundary_fields ... ok
test python_llmquant_contracts_round_trip_over_uds ... ok

test result: ok. 2 passed; 0 failed; 0 ignored; 0 measured; 0 filtered out; finished in 0.22s


running 25 tests
test durable_child_execute_entry ... ok
test observed_sidecar_rss_excess_quarantines_shared_route ... ok
test duplicate_key_returns_same_result_and_changed_input_is_rejected ... ok
test missing_vibe_adapter_does_not_block_mock_workflow_routing ... ok
test metadata_health_and_cancel_failures_preserve_route_state ... ok
test manager_rejects_broken_execute_and_interrupted_streams ... ok
test approval_cli_signs_reviewed_manifest_and_refuses_overwrite ... ok
test manager_cancel_interrupts_owned_running_execution ... ok
test dispatch_reprobes_ready_engine_without_background_monitor ... ok
test python_mock_engine_contracts_round_trip_over_uds ... ok
test python_mock_engine_recovers_after_three_unavailable_failures ... ok
test durable_result_and_circuit_survive_manager_reconstruction ... ok
test heartbeat_removes_failed_engine_and_restores_ready_route ... ok
test unavailable_socket_fails_fast_then_recovers_without_request_loss ... ok
test supervised_sidecar_refuses_tampered_artifact_then_recovers ... ok
test manager_supervises_three_real_crashes_without_test_owned_restarts ... ok
test handshake_rejects_each_unreviewed_identity_and_readiness_dimension ... ok
test execution_concurrency_and_rss_quotas_reject_excess_work ... ok
test untrusted_engine_cannot_bypass_manager_response_identity_checks ... ok
test python_mock_engine_deadline_timeout_is_deterministic ... ok
test one_request_survives_three_real_engine_process_crashes ... ok
test readiness_accepts_exact_metadata_echo_across_second_boundary ... ok
test os_killed_manager_replays_pending_key_into_one_durable_result ... ok
test signed_rate_limit_and_stream_deadline_are_enforced ... ok
test control_rpcs_timeout_within_two_seconds_on_untrusted_engine ... ok

test result: ok. 25 passed; 0 failed; 0 ignored; 0 measured; 0 filtered out; finished in 6.17s


running 2 tests
test python_openbb_adapter_blocks_production_license_enablement ... ok
test python_openbb_adapter_contracts_round_trip_over_uds ... ok

test result: ok. 2 passed; 0 failed; 0 ignored; 0 measured; 0 filtered out; finished in 0.22s


running 2 tests
test python_rd_agent_rejects_forbidden_boundary_fields ... ok
test python_rd_agent_contracts_round_trip_over_uds ... ok

test result: ok. 2 passed; 0 failed; 0 ignored; 0 measured; 0 filtered out; finished in 0.22s


running 4 tests
test python_strategy_lab_rejects_forbidden_boundary_fields ... ok
test python_strategy_lab_static_check_failure_blocks_release ... ok
test python_strategy_lab_contracts_round_trip_over_uds ... ok
test python_strategy_lab_rejects_hundred_malicious_prompts ... ok

test result: ok. 4 passed; 0 failed; 0 ignored; 0 measured; 0 filtered out; finished in 0.28s


running 2 tests
test python_trading_agents_rejects_forbidden_boundary_fields ... ok
test python_trading_agents_contracts_round_trip_over_uds ... ok

test result: ok. 2 passed; 0 failed; 0 ignored; 0 measured; 0 filtered out; finished in 0.22s


running 2 tests
test python_vibe_adapter_rejects_forbidden_boundary_fields ... ok
test python_vibe_adapter_contracts_round_trip_over_uds ... ok

test result: ok. 2 passed; 0 failed; 0 ignored; 0 measured; 0 filtered out; finished in 0.22s


running 0 tests

test result: ok. 0 passed; 0 failed; 0 ignored; 0 measured; 0 filtered out; finished in 0.00s

    Finished `test` profile [unoptimized + debuginfo] target(s) in 0.06s
     Running unittests src/lib.rs (target/debug/deps/quantos_engine_manager-7a7c96946e5acbf4)
     Running unittests src/bin/f08-approval.rs (target/debug/deps/f08_approval-e9ed4f21aed18e4c)
     Running tests/manager_negative.rs (target/debug/deps/manager_negative-d87767bf842be9de)
     Running tests/python_llmquant.rs (target/debug/deps/python_llmquant-b817fb3b9c59bb9b)
     Running tests/python_mock_engine.rs (target/debug/deps/python_mock_engine-a14b3ed6aaf7410e)
Error: "approval output exists; choose a new path"
     Running tests/python_openbb_adapter.rs (target/debug/deps/python_openbb_adapter-852edf586930b7e6)
     Running tests/python_rd_agent.rs (target/debug/deps/python_rd_agent-420a099d07254f51)
     Running tests/python_strategy_lab.rs (target/debug/deps/python_strategy_lab-a60c5c206a5844cb)
     Running tests/python_trading_agents.rs (target/debug/deps/python_trading_agents-cfcc6780d738a56b)
     Running tests/python_vibe_adapter.rs (target/debug/deps/python_vibe_adapter-e04a854d01b8f200)
   Doc-tests quantos_engine_manager
