
> @sumalpha/quantos@ test:bff-fe-007 /private/var/folders/k8/_4hymb6j59s0c8xntb11ktmc0000gn/T/quantos-pre04-recheck-82_vh1wy
> node --test scripts/bff-fe-007-gate-negative.mjs

✔ current BFF-FE-007 repository Gate passes (0.701167ms)
✔ redaction attestation deletion is rejected (1.328417ms)
✔ evidence cursor deletion is rejected (0.568333ms)
✔ export capability regression is rejected (0.601125ms)
✔ CSRF deletion is rejected (0.574375ms)
✔ recent-auth deletion is rejected (0.566291ms)
✔ idempotency deletion is rejected (0.555625ms)
✔ expired download response deletion is rejected (0.8315ms)
✔ download URL leakage through status is rejected (0.644834ms)
✔ watermark deletion is rejected (0.646708ms)
✔ dependency regression is rejected (0.176125ms)
ℹ tests 11
ℹ suites 0
ℹ pass 11
ℹ fail 0
ℹ cancelled 0
ℹ skipped 0
ℹ todo 0
ℹ duration_ms 79.852458
