
> @sumalpha/quantos@ test:bff-fe-001 /private/var/folders/k8/_4hymb6j59s0c8xntb11ktmc0000gn/T/quantos-pre04-recheck-82_vh1wy
> node --test scripts/bff-fe-001-gate-negative.mjs

✔ current BFF-FE-001 repository Gate passes (0.733625ms)
✔ CSRF deletion is rejected (1.342791ms)
✔ bearer session regression is rejected (0.595083ms)
✔ recent-auth deletion is rejected (0.60075ms)
✔ idempotency deletion is rejected (0.537833ms)
✔ last-factor protection deletion is rejected (0.547833ms)
✔ resource-hiding 404 deletion is rejected (0.580458ms)
✔ revocation replay deletion is rejected (0.780709ms)
✔ security audit reference deletion is rejected (0.579458ms)
✔ dependency regression is rejected (0.220834ms)
ℹ tests 10
ℹ suites 0
ℹ pass 10
ℹ fail 0
ℹ cancelled 0
ℹ skipped 0
ℹ todo 0
ℹ duration_ms 79.253625
