
> @sumalpha/quantos@ test:pre01 /private/var/folders/k8/_4hymb6j59s0c8xntb11ktmc0000gn/T/quantos-pre04-recheck-82_vh1wy
> node --test ./scripts/tests/check-pre01.test.mjs

✔ current PRE-01 artifacts satisfy the executable contract (4.088416ms)
✔ missing a page state fails closed (1.88175ms)
✔ invalid story priority fails closed (0.550416ms)
✔ missing traceability row fails closed (1.670458ms)
✔ published operation cannot regress to planned fails closed (1.851042ms)
✔ unknown role fails closed (0.497792ms)
✔ unknown route fails closed (0.613625ms)
✔ duplicate story fails closed (0.53775ms)
✔ missing flow stories fails closed (0.608625ms)
✔ missing flow scenarios fails closed (1.21175ms)
✔ unsafe proposal criterion fails closed (1.279667ms)
✔ unknown trace task fails closed (1.179958ms)
✔ unauthorized admin grant fails closed (0.993125ms)
✔ missing permission route fails closed (0.876834ms)
✔ phase-one P16 fails closed (0.078792ms)
✔ missing contract owner fails closed (1.038791ms)
✔ empty flow role fails closed (0.752584ms)
✔ empty flow route fails closed (0.770708ms)
✔ state label mismatch fails closed (1.140125ms)
✔ desktop-only story fails closed (0.526958ms)
✔ persistent offline cache fails closed (1.174833ms)
✔ admin domain permission fails closed (0.767917ms)
✔ missing page story fails closed (0.478959ms)
✔ cross-page route fails closed (0.482583ms)
✔ current G0 governance preserves history without granting current acceptance (0.827959ms)
✔ past-due G0 item cannot silently remain OPEN (0.435833ms)
✔ fabricated G0 acceptance fails against current checkpoint (0.398958ms)
✔ missing G0 leftover owner fails (0.543208ms)
✔ P05 cannot bind metadata download to an untraced audit export operation (1.64ms)
✔ P21 cannot drop alert ownership from both ledger and trace while retaining the subscription (1.8615ms)
✔ unknown unlabelled operation in API register is rejected (1.570334ms)
✔ P05 quality alerts require C16 ownership on the consumer page (1.561333ms)
ℹ tests 32
ℹ suites 0
ℹ pass 32
ℹ fail 0
ℹ cancelled 0
ℹ skipped 0
ℹ todo 0
ℹ duration_ms 84.65825
