
> @sumalpha/quantos@ test:pre04 /private/var/folders/k8/_4hymb6j59s0c8xntb11ktmc0000gn/T/quantos-pre04-recheck-82_vh1wy
> node --test scripts/pre04-gate-negative.mjs

✔ current full phase-one inventory passes (10.856875ms)
✔ missing Gap is rejected (3.982042ms)
✔ undecided realtime dependency is rejected (3.686875ms)
✔ deleted required actorId field is rejected (4.507875ms)
✔ nonexistent field source is rejected (4.320792ms)
✔ wrong field type and optionality are rejected (3.264125ms)
✔ generated operation deletion is rejected (3.445417ms)
✔ generated method and path drift are rejected (6.800458ms)
✔ same-count schema rename is rejected (2.63975ms)
✔ schema required and enum drift are rejected (6.965792ms)
✔ same-count Proto message rename is rejected (3.085375ms)
✔ removed Proto declaration is rejected (3.5075ms)
✔ same-count JSON Schema replacement is rejected (2.913083ms)
✔ duplicate contract row is rejected before Map collapse (2.951ms)
✔ duplicate Gap row is rejected before Map collapse (3.106584ms)
✔ nonexistent role owner is rejected (2.771584ms)
✔ nonexistent backend task is rejected (2.745542ms)
✔ nonexistent BFF task is rejected (3.336167ms)
✔ unknown Gap page is rejected (2.965125ms)
✔ each missing website P0 page is rejected (14.50675ms)
✔ missing auxiliary risk/audit/order contract is rejected (8.691125ms)
✔ closing partly published Gap is rejected (2.961958ms)
✔ omitting planned operation is rejected (2.98475ms)
✔ unpublished Inventory Fixture cannot claim Implemented (3.748917ms)
✔ generated-only contract cannot claim Integrated (2.87325ms)
✔ missing provider evidence is rejected (2.873542ms)
✔ changed provider receipt is rejected (3.002667ms)
✔ missing Inventory Fixture is rejected (3.117917ms)
✔ Desktop contamination is rejected by Web inventory (2.957167ms)
✔ nonexistent domain field mappings including the former engine-version anchor are rejected (6.262625ms)
✔ removed referenced core task is rejected (2.73675ms)
✔ catalog source drift is rejected (2.723292ms)
✔ empty implementation artifact lists are rejected for every implemented contract (8.496709ms)
✔ each missing implementation evidence category is rejected (24.96625ms)
✔ duplicate artifacts cannot substitute for test or receipt evidence (2.886125ms)
✔ another contract receipt cannot substitute for required evidence (2.751ms)
✔ unknown task suffixes are rejected in both backend task columns (16.87075ms)
✔ ambiguous cross-prefix ranges cannot impersonate reviewed backend tasks (5.211417ms)
ℹ tests 38
ℹ suites 0
ℹ pass 38
ℹ fail 0
ℹ cancelled 0
ℹ skipped 0
ℹ todo 0
ℹ duration_ms 281.742792
