============================= test session starts ==============================
platform darwin -- Python 3.12.10, pytest-9.0.3, pluggy-1.6.0 -- /Users/anray/Documents/project/SumAlpha/QuantOS/engines/.venv/bin/python
cachedir: .pytest_cache
rootdir: /Users/anray/Documents/project/SumAlpha/QuantOS/engines
configfile: pyproject.toml
plugins: cov-6.2.1
collecting ... collected 259 items

engines/tests/test_openbb_adapter_contract.py::test_openbb_adapter_contract_all_rpcs PASSED [  0%]
engines/tests/test_openbb_adapter_contract.py::test_openbb_evaluation_provider_returns_lineage_and_agpl_tags PASSED [  0%]
engines/tests/test_openbb_adapter_contract.py::test_openbb_adapter_is_deterministic_for_fixed_query PASSED [  1%]
engines/tests/test_openbb_adapter_contract.py::test_openbb_adapter_rejects_forbidden_boundary_requests PASSED [  1%]
engines/tests/test_openbb_adapter_contract.py::test_openbb_adapter_blocks_trading_use_and_production_gate PASSED [  1%]
engines/tests/test_openbb_adapter_contract.py::test_openbb_adapter_validates_100_fixed_inputs PASSED [  2%]
engines/tests/test_openbb_adapter_contract.py::test_openbb_adapter_stream_cancel_takes_effect_within_two_seconds PASSED [  2%]
engines/tests/test_openbb_adapter_contract.py::test_openbb_adapter_license_gate_cli_blocks_production PASSED [  3%]
engines/tests/test_openbb_adapter_contract.py::test_openbb_adapter_p95_response_stays_under_one_second PASSED [  3%]
engines/tests/test_openbb_adapter_development.py::test_hundred_replay_schema_provenance_and_artifact[case-000] PASSED [  3%]
engines/tests/test_openbb_adapter_development.py::test_hundred_replay_schema_provenance_and_artifact[case-001] PASSED [  4%]
engines/tests/test_openbb_adapter_development.py::test_hundred_replay_schema_provenance_and_artifact[case-002] PASSED [  4%]
engines/tests/test_openbb_adapter_development.py::test_hundred_replay_schema_provenance_and_artifact[case-003] PASSED [  5%]
engines/tests/test_openbb_adapter_development.py::test_hundred_replay_schema_provenance_and_artifact[case-004] PASSED [  5%]
engines/tests/test_openbb_adapter_development.py::test_hundred_replay_schema_provenance_and_artifact[case-005] PASSED [  5%]
engines/tests/test_openbb_adapter_development.py::test_hundred_replay_schema_provenance_and_artifact[case-006] PASSED [  6%]
engines/tests/test_openbb_adapter_development.py::test_hundred_replay_schema_provenance_and_artifact[case-007] PASSED [  6%]
engines/tests/test_openbb_adapter_development.py::test_hundred_replay_schema_provenance_and_artifact[case-008] PASSED [  6%]
engines/tests/test_openbb_adapter_development.py::test_hundred_replay_schema_provenance_and_artifact[case-009] PASSED [  7%]
engines/tests/test_openbb_adapter_development.py::test_hundred_replay_schema_provenance_and_artifact[case-010] PASSED [  7%]
engines/tests/test_openbb_adapter_development.py::test_hundred_replay_schema_provenance_and_artifact[case-011] PASSED [  8%]
engines/tests/test_openbb_adapter_development.py::test_hundred_replay_schema_provenance_and_artifact[case-012] PASSED [  8%]
engines/tests/test_openbb_adapter_development.py::test_hundred_replay_schema_provenance_and_artifact[case-013] PASSED [  8%]
engines/tests/test_openbb_adapter_development.py::test_hundred_replay_schema_provenance_and_artifact[case-014] PASSED [  9%]
engines/tests/test_openbb_adapter_development.py::test_hundred_replay_schema_provenance_and_artifact[case-015] PASSED [  9%]
engines/tests/test_openbb_adapter_development.py::test_hundred_replay_schema_provenance_and_artifact[case-016] PASSED [ 10%]
engines/tests/test_openbb_adapter_development.py::test_hundred_replay_schema_provenance_and_artifact[case-017] PASSED [ 10%]
engines/tests/test_openbb_adapter_development.py::test_hundred_replay_schema_provenance_and_artifact[case-018] PASSED [ 10%]
engines/tests/test_openbb_adapter_development.py::test_hundred_replay_schema_provenance_and_artifact[case-019] PASSED [ 11%]
engines/tests/test_openbb_adapter_development.py::test_hundred_replay_schema_provenance_and_artifact[case-020] PASSED [ 11%]
engines/tests/test_openbb_adapter_development.py::test_hundred_replay_schema_provenance_and_artifact[case-021] PASSED [ 11%]
engines/tests/test_openbb_adapter_development.py::test_hundred_replay_schema_provenance_and_artifact[case-022] PASSED [ 12%]
engines/tests/test_openbb_adapter_development.py::test_hundred_replay_schema_provenance_and_artifact[case-023] PASSED [ 12%]
engines/tests/test_openbb_adapter_development.py::test_hundred_replay_schema_provenance_and_artifact[case-024] PASSED [ 13%]
engines/tests/test_openbb_adapter_development.py::test_hundred_replay_schema_provenance_and_artifact[case-025] PASSED [ 13%]
engines/tests/test_openbb_adapter_development.py::test_hundred_replay_schema_provenance_and_artifact[case-026] PASSED [ 13%]
engines/tests/test_openbb_adapter_development.py::test_hundred_replay_schema_provenance_and_artifact[case-027] PASSED [ 14%]
engines/tests/test_openbb_adapter_development.py::test_hundred_replay_schema_provenance_and_artifact[case-028] PASSED [ 14%]
engines/tests/test_openbb_adapter_development.py::test_hundred_replay_schema_provenance_and_artifact[case-029] PASSED [ 15%]
engines/tests/test_openbb_adapter_development.py::test_hundred_replay_schema_provenance_and_artifact[case-030] PASSED [ 15%]
engines/tests/test_openbb_adapter_development.py::test_hundred_replay_schema_provenance_and_artifact[case-031] PASSED [ 15%]
engines/tests/test_openbb_adapter_development.py::test_hundred_replay_schema_provenance_and_artifact[case-032] PASSED [ 16%]
engines/tests/test_openbb_adapter_development.py::test_hundred_replay_schema_provenance_and_artifact[case-033] PASSED [ 16%]
engines/tests/test_openbb_adapter_development.py::test_hundred_replay_schema_provenance_and_artifact[case-034] PASSED [ 16%]
engines/tests/test_openbb_adapter_development.py::test_hundred_replay_schema_provenance_and_artifact[case-035] PASSED [ 17%]
engines/tests/test_openbb_adapter_development.py::test_hundred_replay_schema_provenance_and_artifact[case-036] PASSED [ 17%]
engines/tests/test_openbb_adapter_development.py::test_hundred_replay_schema_provenance_and_artifact[case-037] PASSED [ 18%]
engines/tests/test_openbb_adapter_development.py::test_hundred_replay_schema_provenance_and_artifact[case-038] PASSED [ 18%]
engines/tests/test_openbb_adapter_development.py::test_hundred_replay_schema_provenance_and_artifact[case-039] PASSED [ 18%]
engines/tests/test_openbb_adapter_development.py::test_hundred_replay_schema_provenance_and_artifact[case-040] PASSED [ 19%]
engines/tests/test_openbb_adapter_development.py::test_hundred_replay_schema_provenance_and_artifact[case-041] PASSED [ 19%]
engines/tests/test_openbb_adapter_development.py::test_hundred_replay_schema_provenance_and_artifact[case-042] PASSED [ 20%]
engines/tests/test_openbb_adapter_development.py::test_hundred_replay_schema_provenance_and_artifact[case-043] PASSED [ 20%]
engines/tests/test_openbb_adapter_development.py::test_hundred_replay_schema_provenance_and_artifact[case-044] PASSED [ 20%]
engines/tests/test_openbb_adapter_development.py::test_hundred_replay_schema_provenance_and_artifact[case-045] PASSED [ 21%]
engines/tests/test_openbb_adapter_development.py::test_hundred_replay_schema_provenance_and_artifact[case-046] PASSED [ 21%]
engines/tests/test_openbb_adapter_development.py::test_hundred_replay_schema_provenance_and_artifact[case-047] PASSED [ 22%]
engines/tests/test_openbb_adapter_development.py::test_hundred_replay_schema_provenance_and_artifact[case-048] PASSED [ 22%]
engines/tests/test_openbb_adapter_development.py::test_hundred_replay_schema_provenance_and_artifact[case-049] PASSED [ 22%]
engines/tests/test_openbb_adapter_development.py::test_hundred_replay_schema_provenance_and_artifact[case-050] PASSED [ 23%]
engines/tests/test_openbb_adapter_development.py::test_hundred_replay_schema_provenance_and_artifact[case-051] PASSED [ 23%]
engines/tests/test_openbb_adapter_development.py::test_hundred_replay_schema_provenance_and_artifact[case-052] PASSED [ 23%]
engines/tests/test_openbb_adapter_development.py::test_hundred_replay_schema_provenance_and_artifact[case-053] PASSED [ 24%]
engines/tests/test_openbb_adapter_development.py::test_hundred_replay_schema_provenance_and_artifact[case-054] PASSED [ 24%]
engines/tests/test_openbb_adapter_development.py::test_hundred_replay_schema_provenance_and_artifact[case-055] PASSED [ 25%]
engines/tests/test_openbb_adapter_development.py::test_hundred_replay_schema_provenance_and_artifact[case-056] PASSED [ 25%]
engines/tests/test_openbb_adapter_development.py::test_hundred_replay_schema_provenance_and_artifact[case-057] PASSED [ 25%]
engines/tests/test_openbb_adapter_development.py::test_hundred_replay_schema_provenance_and_artifact[case-058] PASSED [ 26%]
engines/tests/test_openbb_adapter_development.py::test_hundred_replay_schema_provenance_and_artifact[case-059] PASSED [ 26%]
engines/tests/test_openbb_adapter_development.py::test_hundred_replay_schema_provenance_and_artifact[case-060] PASSED [ 27%]
engines/tests/test_openbb_adapter_development.py::test_hundred_replay_schema_provenance_and_artifact[case-061] PASSED [ 27%]
engines/tests/test_openbb_adapter_development.py::test_hundred_replay_schema_provenance_and_artifact[case-062] PASSED [ 27%]
engines/tests/test_openbb_adapter_development.py::test_hundred_replay_schema_provenance_and_artifact[case-063] PASSED [ 28%]
engines/tests/test_openbb_adapter_development.py::test_hundred_replay_schema_provenance_and_artifact[case-064] PASSED [ 28%]
engines/tests/test_openbb_adapter_development.py::test_hundred_replay_schema_provenance_and_artifact[case-065] PASSED [ 28%]
engines/tests/test_openbb_adapter_development.py::test_hundred_replay_schema_provenance_and_artifact[case-066] PASSED [ 29%]
engines/tests/test_openbb_adapter_development.py::test_hundred_replay_schema_provenance_and_artifact[case-067] PASSED [ 29%]
engines/tests/test_openbb_adapter_development.py::test_hundred_replay_schema_provenance_and_artifact[case-068] PASSED [ 30%]
engines/tests/test_openbb_adapter_development.py::test_hundred_replay_schema_provenance_and_artifact[case-069] PASSED [ 30%]
engines/tests/test_openbb_adapter_development.py::test_hundred_replay_schema_provenance_and_artifact[case-070] PASSED [ 30%]
engines/tests/test_openbb_adapter_development.py::test_hundred_replay_schema_provenance_and_artifact[case-071] PASSED [ 31%]
engines/tests/test_openbb_adapter_development.py::test_hundred_replay_schema_provenance_and_artifact[case-072] PASSED [ 31%]
engines/tests/test_openbb_adapter_development.py::test_hundred_replay_schema_provenance_and_artifact[case-073] PASSED [ 32%]
engines/tests/test_openbb_adapter_development.py::test_hundred_replay_schema_provenance_and_artifact[case-074] PASSED [ 32%]
engines/tests/test_openbb_adapter_development.py::test_hundred_replay_schema_provenance_and_artifact[case-075] PASSED [ 32%]
engines/tests/test_openbb_adapter_development.py::test_hundred_replay_schema_provenance_and_artifact[case-076] PASSED [ 33%]
engines/tests/test_openbb_adapter_development.py::test_hundred_replay_schema_provenance_and_artifact[case-077] PASSED [ 33%]
engines/tests/test_openbb_adapter_development.py::test_hundred_replay_schema_provenance_and_artifact[case-078] PASSED [ 33%]
engines/tests/test_openbb_adapter_development.py::test_hundred_replay_schema_provenance_and_artifact[case-079] PASSED [ 34%]
engines/tests/test_openbb_adapter_development.py::test_hundred_replay_schema_provenance_and_artifact[case-080] PASSED [ 34%]
engines/tests/test_openbb_adapter_development.py::test_hundred_replay_schema_provenance_and_artifact[case-081] PASSED [ 35%]
engines/tests/test_openbb_adapter_development.py::test_hundred_replay_schema_provenance_and_artifact[case-082] PASSED [ 35%]
engines/tests/test_openbb_adapter_development.py::test_hundred_replay_schema_provenance_and_artifact[case-083] PASSED [ 35%]
engines/tests/test_openbb_adapter_development.py::test_hundred_replay_schema_provenance_and_artifact[case-084] PASSED [ 36%]
engines/tests/test_openbb_adapter_development.py::test_hundred_replay_schema_provenance_and_artifact[case-085] PASSED [ 36%]
engines/tests/test_openbb_adapter_development.py::test_hundred_replay_schema_provenance_and_artifact[case-086] PASSED [ 37%]
engines/tests/test_openbb_adapter_development.py::test_hundred_replay_schema_provenance_and_artifact[case-087] PASSED [ 37%]
engines/tests/test_openbb_adapter_development.py::test_hundred_replay_schema_provenance_and_artifact[case-088] PASSED [ 37%]
engines/tests/test_openbb_adapter_development.py::test_hundred_replay_schema_provenance_and_artifact[case-089] PASSED [ 38%]
engines/tests/test_openbb_adapter_development.py::test_hundred_replay_schema_provenance_and_artifact[case-090] PASSED [ 38%]
engines/tests/test_openbb_adapter_development.py::test_hundred_replay_schema_provenance_and_artifact[case-091] PASSED [ 38%]
engines/tests/test_openbb_adapter_development.py::test_hundred_replay_schema_provenance_and_artifact[case-092] PASSED [ 39%]
engines/tests/test_openbb_adapter_development.py::test_hundred_replay_schema_provenance_and_artifact[case-093] PASSED [ 39%]
engines/tests/test_openbb_adapter_development.py::test_hundred_replay_schema_provenance_and_artifact[case-094] PASSED [ 40%]
engines/tests/test_openbb_adapter_development.py::test_hundred_replay_schema_provenance_and_artifact[case-095] PASSED [ 40%]
engines/tests/test_openbb_adapter_development.py::test_hundred_replay_schema_provenance_and_artifact[case-096] PASSED [ 40%]
engines/tests/test_openbb_adapter_development.py::test_hundred_replay_schema_provenance_and_artifact[case-097] PASSED [ 41%]
engines/tests/test_openbb_adapter_development.py::test_hundred_replay_schema_provenance_and_artifact[case-098] PASSED [ 41%]
engines/tests/test_openbb_adapter_development.py::test_hundred_replay_schema_provenance_and_artifact[case-099] PASSED [ 42%]
engines/tests/test_openbb_adapter_development.py::test_recursive_authority_order_and_secret_denial[actor_id-execute] PASSED [ 42%]
engines/tests/test_openbb_adapter_development.py::test_recursive_authority_order_and_secret_denial[actor_id-stream] PASSED [ 42%]
engines/tests/test_openbb_adapter_development.py::test_recursive_authority_order_and_secret_denial[api_key-execute] PASSED [ 43%]
engines/tests/test_openbb_adapter_development.py::test_recursive_authority_order_and_secret_denial[api_key-stream] PASSED [ 43%]
engines/tests/test_openbb_adapter_development.py::test_recursive_authority_order_and_secret_denial[approved_for_production-execute] PASSED [ 44%]
engines/tests/test_openbb_adapter_development.py::test_recursive_authority_order_and_secret_denial[approved_for_production-stream] PASSED [ 44%]
engines/tests/test_openbb_adapter_development.py::test_recursive_authority_order_and_secret_denial[authorization-execute] PASSED [ 44%]
engines/tests/test_openbb_adapter_development.py::test_recursive_authority_order_and_secret_denial[authorization-stream] PASSED [ 45%]
engines/tests/test_openbb_adapter_development.py::test_recursive_authority_order_and_secret_denial[broker_connection-execute] PASSED [ 45%]
engines/tests/test_openbb_adapter_development.py::test_recursive_authority_order_and_secret_denial[broker_connection-stream] PASSED [ 45%]
engines/tests/test_openbb_adapter_development.py::test_recursive_authority_order_and_secret_denial[capabilities-execute] PASSED [ 46%]
engines/tests/test_openbb_adapter_development.py::test_recursive_authority_order_and_secret_denial[capabilities-stream] PASSED [ 46%]
engines/tests/test_openbb_adapter_development.py::test_recursive_authority_order_and_secret_denial[data_snapshot_ref-execute] PASSED [ 47%]
engines/tests/test_openbb_adapter_development.py::test_recursive_authority_order_and_secret_denial[data_snapshot_ref-stream] PASSED [ 47%]
engines/tests/test_openbb_adapter_development.py::test_recursive_authority_order_and_secret_denial[executable-execute] PASSED [ 47%]
engines/tests/test_openbb_adapter_development.py::test_recursive_authority_order_and_secret_denial[executable-stream] PASSED [ 48%]
engines/tests/test_openbb_adapter_development.py::test_recursive_authority_order_and_secret_denial[external_url-execute] PASSED [ 48%]
engines/tests/test_openbb_adapter_development.py::test_recursive_authority_order_and_secret_denial[external_url-stream] PASSED [ 49%]
engines/tests/test_openbb_adapter_development.py::test_recursive_authority_order_and_secret_denial[file_write-execute] PASSED [ 49%]
engines/tests/test_openbb_adapter_development.py::test_recursive_authority_order_and_secret_denial[file_write-stream] PASSED [ 49%]
engines/tests/test_openbb_adapter_development.py::test_recursive_authority_order_and_secret_denial[network_access-execute] PASSED [ 50%]
engines/tests/test_openbb_adapter_development.py::test_recursive_authority_order_and_secret_denial[network_access-stream] PASSED [ 50%]
engines/tests/test_openbb_adapter_development.py::test_recursive_authority_order_and_secret_denial[order-execute] PASSED [ 50%]
engines/tests/test_openbb_adapter_development.py::test_recursive_authority_order_and_secret_denial[order-stream] PASSED [ 51%]
engines/tests/test_openbb_adapter_development.py::test_recursive_authority_order_and_secret_denial[order_tool-execute] PASSED [ 51%]
engines/tests/test_openbb_adapter_development.py::test_recursive_authority_order_and_secret_denial[order_tool-stream] PASSED [ 52%]
engines/tests/test_openbb_adapter_development.py::test_recursive_authority_order_and_secret_denial[policy_context_ref-execute] PASSED [ 52%]
engines/tests/test_openbb_adapter_development.py::test_recursive_authority_order_and_secret_denial[policy_context_ref-stream] PASSED [ 52%]
engines/tests/test_openbb_adapter_development.py::test_recursive_authority_order_and_secret_denial[secret_ref-execute] PASSED [ 53%]
engines/tests/test_openbb_adapter_development.py::test_recursive_authority_order_and_secret_denial[secret_ref-stream] PASSED [ 53%]
engines/tests/test_openbb_adapter_development.py::test_recursive_authority_order_and_secret_denial[shell-execute] PASSED [ 54%]
engines/tests/test_openbb_adapter_development.py::test_recursive_authority_order_and_secret_denial[shell-stream] PASSED [ 54%]
engines/tests/test_openbb_adapter_development.py::test_recursive_authority_order_and_secret_denial[signal-execute] PASSED [ 54%]
engines/tests/test_openbb_adapter_development.py::test_recursive_authority_order_and_secret_denial[signal-stream] PASSED [ 55%]
engines/tests/test_openbb_adapter_development.py::test_recursive_authority_order_and_secret_denial[tenant_id-execute] PASSED [ 55%]
engines/tests/test_openbb_adapter_development.py::test_recursive_authority_order_and_secret_denial[tenant_id-stream] PASSED [ 55%]
engines/tests/test_openbb_adapter_development.py::test_recursive_authority_order_and_secret_denial[tools_executed-execute] PASSED [ 56%]
engines/tests/test_openbb_adapter_development.py::test_recursive_authority_order_and_secret_denial[tools_executed-stream] PASSED [ 56%]
engines/tests/test_openbb_adapter_development.py::test_recursive_authority_order_and_secret_denial[trade_command-execute] PASSED [ 57%]
engines/tests/test_openbb_adapter_development.py::test_recursive_authority_order_and_secret_denial[trade_command-stream] PASSED [ 57%]
engines/tests/test_openbb_adapter_development.py::test_recursive_authority_order_and_secret_denial[trading_approved-execute] PASSED [ 57%]
engines/tests/test_openbb_adapter_development.py::test_recursive_authority_order_and_secret_denial[trading_approved-stream] PASSED [ 58%]
engines/tests/test_openbb_adapter_development.py::test_recursive_authority_order_and_secret_denial[venue-execute] PASSED [ 58%]
engines/tests/test_openbb_adapter_development.py::test_recursive_authority_order_and_secret_denial[venue-stream] PASSED [ 59%]
engines/tests/test_openbb_adapter_development.py::test_recursive_authority_order_and_secret_denial[workspace_id-execute] PASSED [ 59%]
engines/tests/test_openbb_adapter_development.py::test_recursive_authority_order_and_secret_denial[workspace_id-stream] PASSED [ 59%]
engines/tests/test_openbb_adapter_development.py::test_typed_boundary[payload0-PERMISSION_DENIED-execute] PASSED [ 60%]
engines/tests/test_openbb_adapter_development.py::test_typed_boundary[payload0-PERMISSION_DENIED-stream] PASSED [ 60%]
engines/tests/test_openbb_adapter_development.py::test_typed_boundary[payload1-PERMISSION_DENIED-execute] PASSED [ 61%]
engines/tests/test_openbb_adapter_development.py::test_typed_boundary[payload1-PERMISSION_DENIED-stream] PASSED [ 61%]
engines/tests/test_openbb_adapter_development.py::test_typed_boundary[payload2-INVALID_ARGUMENT-execute] PASSED [ 61%]
engines/tests/test_openbb_adapter_development.py::test_typed_boundary[payload2-INVALID_ARGUMENT-stream] PASSED [ 62%]
engines/tests/test_openbb_adapter_development.py::test_typed_boundary[payload3-INVALID_ARGUMENT-execute] PASSED [ 62%]
engines/tests/test_openbb_adapter_development.py::test_typed_boundary[payload3-INVALID_ARGUMENT-stream] PASSED [ 62%]
engines/tests/test_openbb_adapter_development.py::test_typed_boundary[payload4-INVALID_ARGUMENT-execute] PASSED [ 63%]
engines/tests/test_openbb_adapter_development.py::test_typed_boundary[payload4-INVALID_ARGUMENT-stream] PASSED [ 63%]
engines/tests/test_openbb_adapter_development.py::test_typed_boundary[payload5-INVALID_ARGUMENT-execute] PASSED [ 64%]
engines/tests/test_openbb_adapter_development.py::test_typed_boundary[payload5-INVALID_ARGUMENT-stream] PASSED [ 64%]
engines/tests/test_openbb_adapter_development.py::test_typed_boundary[payload6-INVALID_ARGUMENT-execute] PASSED [ 64%]
engines/tests/test_openbb_adapter_development.py::test_typed_boundary[payload6-INVALID_ARGUMENT-stream] PASSED [ 65%]
engines/tests/test_openbb_adapter_development.py::test_typed_boundary[payload7-INVALID_ARGUMENT-execute] PASSED [ 65%]
engines/tests/test_openbb_adapter_development.py::test_typed_boundary[payload7-INVALID_ARGUMENT-stream] PASSED [ 66%]
engines/tests/test_openbb_adapter_development.py::test_typed_boundary[payload8-INVALID_ARGUMENT-execute] PASSED [ 66%]
engines/tests/test_openbb_adapter_development.py::test_typed_boundary[payload8-INVALID_ARGUMENT-stream] PASSED [ 66%]
engines/tests/test_openbb_adapter_development.py::test_typed_boundary[payload9-INVALID_ARGUMENT-execute] PASSED [ 67%]
engines/tests/test_openbb_adapter_development.py::test_typed_boundary[payload9-INVALID_ARGUMENT-stream] PASSED [ 67%]
engines/tests/test_openbb_adapter_development.py::test_typed_boundary[payload10-INVALID_ARGUMENT-execute] PASSED [ 67%]
engines/tests/test_openbb_adapter_development.py::test_typed_boundary[payload10-INVALID_ARGUMENT-stream] PASSED [ 68%]
engines/tests/test_openbb_adapter_development.py::test_typed_boundary[payload11-INVALID_ARGUMENT-execute] PASSED [ 68%]
engines/tests/test_openbb_adapter_development.py::test_typed_boundary[payload11-INVALID_ARGUMENT-stream] PASSED [ 69%]
engines/tests/test_openbb_adapter_development.py::test_typed_boundary[payload12-INVALID_ARGUMENT-execute] PASSED [ 69%]
engines/tests/test_openbb_adapter_development.py::test_typed_boundary[payload12-INVALID_ARGUMENT-stream] PASSED [ 69%]
engines/tests/test_openbb_adapter_development.py::test_typed_boundary[payload13-INVALID_ARGUMENT-execute] PASSED [ 70%]
engines/tests/test_openbb_adapter_development.py::test_typed_boundary[payload13-INVALID_ARGUMENT-stream] PASSED [ 70%]
engines/tests/test_openbb_adapter_development.py::test_typed_boundary[payload14-INVALID_ARGUMENT-execute] PASSED [ 71%]
engines/tests/test_openbb_adapter_development.py::test_typed_boundary[payload14-INVALID_ARGUMENT-stream] PASSED [ 71%]
engines/tests/test_openbb_adapter_development.py::test_typed_boundary[payload15-INVALID_ARGUMENT-execute] PASSED [ 71%]
engines/tests/test_openbb_adapter_development.py::test_typed_boundary[payload15-INVALID_ARGUMENT-stream] PASSED [ 72%]
engines/tests/test_openbb_adapter_development.py::test_typed_boundary[payload16-PERMISSION_DENIED-execute] PASSED [ 72%]
engines/tests/test_openbb_adapter_development.py::test_typed_boundary[payload16-PERMISSION_DENIED-stream] PASSED [ 72%]
engines/tests/test_openbb_adapter_development.py::test_typed_boundary[payload17-PERMISSION_DENIED-execute] PASSED [ 73%]
engines/tests/test_openbb_adapter_development.py::test_typed_boundary[payload17-PERMISSION_DENIED-stream] PASSED [ 73%]
engines/tests/test_openbb_adapter_development.py::test_typed_boundary[payload18-PERMISSION_DENIED-execute] PASSED [ 74%]
engines/tests/test_openbb_adapter_development.py::test_typed_boundary[payload18-PERMISSION_DENIED-stream] PASSED [ 74%]
engines/tests/test_openbb_adapter_development.py::test_typed_boundary[payload19-INVALID_ARGUMENT-execute] PASSED [ 74%]
engines/tests/test_openbb_adapter_development.py::test_typed_boundary[payload19-INVALID_ARGUMENT-stream] PASSED [ 75%]
engines/tests/test_openbb_adapter_development.py::test_typed_boundary[payload20-FAILED_PRECONDITION-execute] PASSED [ 75%]
engines/tests/test_openbb_adapter_development.py::test_typed_boundary[payload20-FAILED_PRECONDITION-stream] PASSED [ 76%]
engines/tests/test_openbb_adapter_development.py::test_typed_boundary[payload21-FAILED_PRECONDITION-execute] PASSED [ 76%]
engines/tests/test_openbb_adapter_development.py::test_typed_boundary[payload21-FAILED_PRECONDITION-stream] PASSED [ 76%]
engines/tests/test_openbb_adapter_development.py::test_typed_boundary[payload22-INVALID_ARGUMENT-execute] PASSED [ 77%]
engines/tests/test_openbb_adapter_development.py::test_typed_boundary[payload22-INVALID_ARGUMENT-stream] PASSED [ 77%]
engines/tests/test_openbb_adapter_development.py::test_typed_boundary[payload23-INVALID_ARGUMENT-execute] PASSED [ 77%]
engines/tests/test_openbb_adapter_development.py::test_typed_boundary[payload23-INVALID_ARGUMENT-stream] PASSED [ 78%]
engines/tests/test_openbb_adapter_development.py::test_typed_boundary[payload24-INVALID_ARGUMENT-execute] PASSED [ 78%]
engines/tests/test_openbb_adapter_development.py::test_typed_boundary[payload24-INVALID_ARGUMENT-stream] PASSED [ 79%]
engines/tests/test_openbb_adapter_development.py::test_typed_boundary[payload25-INVALID_ARGUMENT-execute] PASSED [ 79%]
engines/tests/test_openbb_adapter_development.py::test_typed_boundary[payload25-INVALID_ARGUMENT-stream] PASSED [ 79%]
engines/tests/test_openbb_adapter_development.py::test_typed_boundary[payload26-INVALID_ARGUMENT-execute] PASSED [ 80%]
engines/tests/test_openbb_adapter_development.py::test_typed_boundary[payload26-INVALID_ARGUMENT-stream] PASSED [ 80%]
engines/tests/test_openbb_adapter_development.py::test_typed_boundary[payload27-INVALID_ARGUMENT-execute] PASSED [ 81%]
engines/tests/test_openbb_adapter_development.py::test_typed_boundary[payload27-INVALID_ARGUMENT-stream] PASSED [ 81%]
engines/tests/test_openbb_adapter_development.py::test_typed_boundary[payload28-INVALID_ARGUMENT-execute] PASSED [ 81%]
engines/tests/test_openbb_adapter_development.py::test_typed_boundary[payload28-INVALID_ARGUMENT-stream] PASSED [ 82%]
engines/tests/test_openbb_adapter_development.py::test_typed_boundary[payload29-PERMISSION_DENIED-execute] PASSED [ 82%]
engines/tests/test_openbb_adapter_development.py::test_typed_boundary[payload29-PERMISSION_DENIED-stream] PASSED [ 83%]
engines/tests/test_openbb_adapter_development.py::test_typed_boundary[payload30-PERMISSION_DENIED-execute] PASSED [ 83%]
engines/tests/test_openbb_adapter_development.py::test_typed_boundary[payload30-PERMISSION_DENIED-stream] PASSED [ 83%]
engines/tests/test_openbb_adapter_development.py::test_engine_envelope[mode-execute] PASSED [ 84%]
engines/tests/test_openbb_adapter_development.py::test_engine_envelope[mode-stream] PASSED [ 84%]
engines/tests/test_openbb_adapter_development.py::test_engine_envelope[capability-execute] PASSED [ 84%]
engines/tests/test_openbb_adapter_development.py::test_engine_envelope[capability-stream] PASSED [ 85%]
engines/tests/test_openbb_adapter_development.py::test_engine_envelope[schema-execute] PASSED [ 85%]
engines/tests/test_openbb_adapter_development.py::test_engine_envelope[schema-stream] PASSED [ 86%]
engines/tests/test_openbb_adapter_development.py::test_engine_envelope[missing_capability-execute] PASSED [ 86%]
engines/tests/test_openbb_adapter_development.py::test_engine_envelope[missing_capability-stream] PASSED [ 86%]
engines/tests/test_openbb_adapter_development.py::test_engine_envelope[production-execute] PASSED [ 87%]
engines/tests/test_openbb_adapter_development.py::test_engine_envelope[production-stream] PASSED [ 87%]
engines/tests/test_openbb_adapter_development.py::test_engine_envelope[staging-execute] PASSED [ 88%]
engines/tests/test_openbb_adapter_development.py::test_engine_envelope[staging-stream] PASSED [ 88%]
engines/tests/test_openbb_adapter_development.py::test_engine_envelope[tenant-execute] PASSED [ 88%]
engines/tests/test_openbb_adapter_development.py::test_engine_envelope[tenant-stream] PASSED [ 89%]
engines/tests/test_openbb_adapter_development.py::test_engine_envelope[workspace-execute] PASSED [ 89%]
engines/tests/test_openbb_adapter_development.py::test_engine_envelope[workspace-stream] PASSED [ 89%]
engines/tests/test_openbb_adapter_development.py::test_engine_envelope[actor-execute] PASSED [ 90%]
engines/tests/test_openbb_adapter_development.py::test_engine_envelope[actor-stream] PASSED [ 90%]
engines/tests/test_openbb_adapter_development.py::test_cache_scope_ttl_eviction_and_copy_isolation PASSED [ 91%]
engines/tests/test_openbb_adapter_development.py::test_license_gate_runs_before_cached_read PASSED [ 91%]
engines/tests/test_openbb_adapter_development.py::test_identity_conflict[execute] PASSED [ 91%]
engines/tests/test_openbb_adapter_development.py::test_identity_conflict[stream] PASSED [ 92%]
engines/tests/test_openbb_adapter_development.py::test_cancel_scope[tenant] PASSED [ 92%]
engines/tests/test_openbb_adapter_development.py::test_cancel_scope[workspace] PASSED [ 93%]
engines/tests/test_openbb_adapter_development.py::test_cancel_scope[actor] PASSED [ 93%]
engines/tests/test_openbb_adapter_development.py::test_cancel_scope[capability] PASSED [ 93%]
engines/tests/test_openbb_adapter_development.py::test_cancel_scope[mode] PASSED [ 94%]
engines/tests/test_openbb_adapter_development.py::test_deadline_stops_before_commit[execute] PASSED [ 94%]
engines/tests/test_openbb_adapter_development.py::test_deadline_stops_before_commit[stream] PASSED [ 94%]
engines/tests/test_openbb_adapter_development.py::test_transport_cancel_no_artifacts PASSED [ 95%]
engines/tests/test_openbb_adapter_development.py::test_atomic_bundle_and_cancel_ack PASSED [ 95%]
engines/tests/test_openbb_adapter_development.py::test_fixture_integrity_and_copy_boundary PASSED [ 96%]
engines/tests/test_openbb_adapter_development.py::test_no_upstream_or_core_domain_imports PASSED [ 96%]
engines/tests/test_openbb_adapter_development.py::test_artifact_bundle_collision_is_atomic PASSED [ 96%]
engines/tests/test_openbb_adapter_development.py::test_concurrent_cache_hits_cannot_mutate_shared_payload PASSED [ 97%]
engines/tests/test_openbb_adapter_development.py::test_fixture_validation_rejects_invalid_content_even_with_updated_digest[ttl] PASSED [ 97%]
engines/tests/test_openbb_adapter_development.py::test_fixture_validation_rejects_invalid_content_even_with_updated_digest[source] PASSED [ 98%]
engines/tests/test_openbb_adapter_development.py::test_fixture_validation_rejects_invalid_content_even_with_updated_digest[record] PASSED [ 98%]
engines/tests/test_openbb_adapter_development.py::test_fixture_validation_rejects_invalid_content_even_with_updated_digest[window] PASSED [ 98%]
engines/tests/test_openbb_adapter_development.py::test_utf8_response_and_artifact_hashes_survive_actual_uds[chinese-query] PASSED [ 99%]
engines/tests/test_openbb_adapter_development.py::test_utf8_response_and_artifact_hashes_survive_actual_uds[emoji-query] PASSED [ 99%]
engines/tests/test_openbb_adapter_development.py::test_utf8_response_and_artifact_hashes_survive_actual_uds[unicode-owner] PASSED [100%]

============================= 259 passed in 1.59s ==============================
