✔ current BFF-FE-000 repository Gate passes (3.939875ms)
✔ missing phase-one page mapping is rejected (1.996666ms)
✔ published operation drift is rejected (3.511ms)
✔ planned operation traceability deletion is rejected (1.640584ms)
✔ shared idempotency baseline deletion is rejected (2.669375ms)
✔ dependency regression is rejected (1.673709ms)
✔ error correlation header deletion is rejected (2.421916ms)
✔ generated Zod export deletion is rejected (1.444875ms)
✔ missing staging permits development readiness and never claims formal acceptance (0.537125ms)
✔ stage deferral cannot bypass engineering failures, final receipt requirements or unknown stages (0.067708ms)
✔ final review command cannot be rewired to the development stage (6.966209ms)
✔ current semantic A1 gate passes (3.372625ms)
✔ rejects cookie semantic regression (2.863333ms)
✔ rejects idempotency semantic regression (2.714208ms)
✔ rejects sort semantic regression (3.394791ms)
✔ rejects page semantic regression (2.483875ms)
✔ rejects ci semantic regression (2.44075ms)
✔ rejects decimal semantic regression (2.600458ms)
✔ rejects version semantic regression (2.703ms)
✔ rejects csrf semantic regression (2.21425ms)
✔ exact registered security correction is accepted only within its window (12.320209ms)
✔ unregistered breaking type, enum or missing baseline fails closed (23.936625ms)
✔ new required parameters and constraints cannot silently bypass compatibility (1.020208ms)
✔ absent, invented and reference-only staging receipts never close A1 (0.165625ms)
✔ receipt checker binds actual evidence bytes and each role to source and contract inputs (0.325042ms)
✔ optional property within an existing allOf is additive, required changes are rejected (0.112333ms)
ℹ tests 26
ℹ suites 0
ℹ pass 26
ℹ fail 0
ℹ cancelled 0
ℹ skipped 0
ℹ todo 0
ℹ duration_ms 173.983583
