
> @sumalpha/website@0.1.0 build /Users/anray/Documents/project/SumAlpha/QuantOS/apps/website
> next build && node ../../scripts/pre03-build-receipt.mjs website && node ../../scripts/check-client-secrets.mjs out

/Users/anray/Documents/project/SumAlpha/QuantOS/apps/website:
 ERR_PNPM_RECURSIVE_RUN_FIRST_FAIL  @sumalpha/website@0.1.0 build: `next build && node ../../scripts/pre03-build-receipt.mjs website && node ../../scripts/check-client-secrets.mjs out`
Exit status 1
 ⨯ Failed to load next.config.ts, see more info here https://nextjs.org/docs/messages/next-config-error

> Build error occurred
Error: [quantos-config] 环境配置校验失败（fail-fast）：
  - NEXT_PUBLIC_QUANTOS_ENV: 缺少必需变量（fail-fast）
  - NEXT_PUBLIC_SITE_ORIGIN: 缺少必需变量（fail-fast）
  - NEXT_PUBLIC_QUANTOS_TERMINAL_ORIGIN: 缺少必需变量（fail-fast）
  - NEXT_PUBLIC_QUANTOS_BFF_ORIGIN: 缺少必需变量（fail-fast）
  - NEXT_PUBLIC_QUANTOS_OIDC_ISSUER: 缺少必需变量（fail-fast）
  - NEXT_PUBLIC_QUANTOS_OIDC_CLIENT_ID: 缺少必需变量（fail-fast）
  - NEXT_PUBLIC_QUANTOS_OIDC_REDIRECT_URI: 缺少必需变量（fail-fast）
  - NEXT_PUBLIC_QUANTOS_DEFAULT_MODE: 缺少必需变量（fail-fast）
  - NEXT_PUBLIC_QUANTOS_MOCK_ENABLED: 缺少必需变量（fail-fast）
  - NEXT_PUBLIC_QUANTOS_OBS_ENABLED: 缺少必需变量（fail-fast）
  - NEXT_PUBLIC_QUANTOS_FEATURE_ASSISTED_LIVE_TESTNET: 缺少必需变量（fail-fast）
    at assertEnv (../../packages/config/src/env.ts:528:15)
    at Object.<anonymous> (next.config.compiled.js:14:105)
