✔ formal gate rejects zero, one, two and noninteger runs (0.361209ms)
✔ all binaries participate in digest and omitted binary fails (3.007167ms)
✔ extra binary, missing wheel and stale/empty Web cannot pass output inventory (3.251667ms)
✔ manifest inventory cannot omit or add members (0.113792ms)
✔ dirty and untracked source rejected (85.648792ms)
✔ deleted module README is rejected (2.865584ms)
✔ wrong uv version fails toolchain preflight (20.574209ms)
✔ invalid locks fail real lock entrypoint (65.072292ms)
✔ Terminal default lint rejects a page TSX violation (952.955834ms)
✔ invalid run revokes old successful receipt (25.097708ms)
✔ Cargo manifest drift is rejected by actual lock gate (606.057375ms)
✔ uv manifest drift is rejected by actual lock gate (643.039167ms)
✔ pnpm manifest drift is rejected by actual lock gate (872.411625ms)
✔ malformed Buf lock is rejected by actual lock gate (638.795958ms)
✔ broken Desktop is outside phase-one pnpm frozen check (301.383917ms)
✔ uv output marker is metadata, other unexpected files still fail (2.071916ms)
✔ build-only tool is required in output inventory without becoming a runtime binary (2.001417ms)
ℹ tests 17
ℹ suites 0
ℹ pass 17
ℹ fail 0
ℹ cancelled 0
ℹ skipped 0
ℹ todo 0
ℹ duration_ms 4259.288
