
> @sumalpha/quantos@ test:development-plans /Users/anray/Documents/project/SumAlpha/QuantOS
> node --test scripts/development-plan-order-negative.mjs

✔ joint schedule is acyclic and preserves task/status boundaries (10.547625ms)
✔ restoring a complete R1 prerequisite for S2 services creates a rejected cycle (5.249459ms)
✔ research service waiting on its consumer page is rejected (4.651667ms)
✔ historical CORE:R04 to CORE:L04 probe now fails closed (4.571667ms)
✔ an early identity API cannot silently depend on later research services (5.817917ms)
✔ a provider cannot wait for the consumer frontend Gate (4.493ms)
✔ removing S2 service admission from a core execution task is rejected (4.778292ms)
✔ S2 service Gate cannot omit TP12 advance evaluation (5.020167ms)
✔ I10 cannot drop testnet service admission even if metadata is edited with it (5.387791ms)
✔ a new or existing frontend cannot skip the full provider Gate (5.607167ms)
✔ G5 cannot be marked as closing in I4 before reconciliation (5.402708ms)
✔ moving the G1 block above I1 tasks is rejected (5.33725ms)
✔ milestone cannot omit its last child while retaining a Gate summary (5.687166ms)
✔ prose-only backend dependencies cannot drift from structured prerequisites (5.234292ms)
✔ core closure mapping cannot become an implicit service alias (5.01275ms)
✔ ACCEPTED checkpoint needs SHA and evidence, not only a green word (5.19375ms)
✔ accepted checkpoint evidence must resolve (2.703541ms)
✔ missing checkpoint and unknown dependency fail closed (6.795542ms)
✔ API windows cannot skip their preceding provider checkpoint (4.830709ms)
✔ UI windows cannot skip the preceding reconciliation window (5.037125ms)
✔ Web intake preserves the explicit no-model-review schema (1.444667ms)
✔ missing Web task fields still fail closed (1.404708ms)
✔ both plans must publish exactly the same stage contract (5.424834ms)
✔ changing both plans cannot defer correctness or functional deadlines to release (12.925667ms)
✔ both plans must retain every deferred release obligation (13.081333ms)
✔ tasks and checkpoints cannot omit, invent, or misclassify their stage gate (20.629083ms)
✔ release prerequisites cannot block either development or integration (12.127333ms)
✔ release gates cannot skip business closure or inherit the wrong stage (13.976166ms)
✔ historical ACCEPTED and completed tasks do not automatically become READY (5.528417ms)
✔ READY needs its own input digest and resolvable evidence (30.844958ms)
✔ unassessed stage gates cannot carry an apparent ready receipt (7.216416ms)
✔ BLOCKED retains failure evidence and digest without being counted as READY (9.335167ms)
✔ a READY chain needs READY prerequisites and its own evidence at every node (14.190875ms)
✔ stage readiness never substitutes for formal acceptance evidence (2.883875ms)
✔ release READY requires formal acceptance and all functional prerequisites (9.598792ms)
ℹ tests 35
ℹ suites 0
ℹ pass 35
ℹ fail 0
ℹ cancelled 0
ℹ skipped 0
ℹ todo 0
ℹ duration_ms 310.080292
