
> @sumalpha/quantos@ test:pre02 /Users/anray/Documents/project/SumAlpha/QuantOS
> pnpm --filter @sumalpha/ui test:pre02


> @sumalpha/ui@0.1.0 test:pre02 /Users/anray/Documents/project/SumAlpha/QuantOS/packages/ui
> node --test scripts/pre02-gate-negative.mjs

✔ current PRE-02 design-system contract passes (8.561375ms)
✔ renaming a required safety key fails even when the count stays at 18 (1.693333ms)
✔ missing state color mapping fails closed (1.285417ms)
✔ insufficient focus contrast is rejected (1.224125ms)
✔ missing readonly viewport is rejected (1.143542ms)
✔ deny cannot become success (1.555458ms)
✔ mapped token paths must exist (0.947917ms)
✔ English safety semantics cannot be inverted (0.780833ms)
✔ all compact density values remain frozen (0.843083ms)
✔ focus width and path remain frozen (0.921083ms)
✔ breakpoint intervals cannot develop gaps (0.785667ms)
✔ typography and spacing must match the reviewed contract (1.111792ms)
✔ required component identity cannot be replaced (0.740334ms)
✔ comments do not supply executable Storybook configuration (0.806833ms)
✔ surface.2 contrast cannot be removed from the contract (0.780875ms)
✔ native reference viewport is not a prerequisite of the Web Gate (0.767292ms)
✔ disabled contrast rule cannot hide behind a matching comment (0.6575ms)
✔ readonly viewport dimensions cannot hide behind its identifier (0.957875ms)
✔ phase-two page cannot enter the Web component acceptance rows (0.843291ms)
✔ provider JSX outside the decorator cannot authorize empty decorators (0.721792ms)
✔ unexported configuration does not authorize a Storybook entry (0.690083ms)
✔ initial theme cannot contradict the dark default contract (0.925459ms)
✔ object spread cannot silently override required addons (0.970667ms)
✔ duplicate decorators cannot replace the validated provider tree (0.68675ms)
✔ dead JSX branches are not executed provider decorators (1.126334ms)
✔ provider attributes cannot be overwritten through JSX spreads (0.798125ms)
✔ provider-only JSX without the Story consumer is rejected (0.693792ms)
ℹ tests 27
ℹ suites 0
ℹ pass 27
ℹ fail 0
ℹ cancelled 0
ℹ skipped 0
ℹ todo 0
ℹ duration_ms 228.375833
