
> @sumalpha/quantos@ test:pre04 /Users/anray/Documents/project/SumAlpha/QuantOS
> node --test scripts/pre04-gate-negative.mjs

✖ current full phase-one inventory passes (12.077958ms)
✔ missing Gap is rejected (5.597125ms)
✔ undecided realtime dependency is rejected (5.335167ms)
✔ deleted required actorId field is rejected (4.578458ms)
✔ nonexistent field source is rejected (4.270584ms)
✔ wrong field type and optionality are rejected (5.181875ms)
✔ generated operation deletion is rejected (3.97ms)
✔ generated method and path drift are rejected (9.426666ms)
✔ same-count schema rename is rejected (3.888625ms)
✔ schema required and enum drift are rejected (10.067834ms)
✔ same-count Proto message rename is rejected (4.519958ms)
✔ removed Proto declaration is rejected (4.294125ms)
✔ same-count JSON Schema replacement is rejected (4.698417ms)
✔ duplicate contract row is rejected before Map collapse (3.956625ms)
✔ duplicate Gap row is rejected before Map collapse (4.117208ms)
✔ nonexistent role owner is rejected (4.137625ms)
✔ nonexistent backend task is rejected (3.965625ms)
✔ nonexistent BFF task is rejected (4.563042ms)
✔ unknown Gap page is rejected (4.387292ms)
✔ each missing website P0 page is rejected (20.462916ms)
✔ missing auxiliary risk/audit/order contract is rejected (11.848292ms)
✔ closing partly published Gap is rejected (4.771042ms)
✔ omitting planned operation is rejected (4.589375ms)
✔ unpublished Inventory Fixture cannot claim Implemented (4.5115ms)
✔ generated-only contract cannot claim Integrated (4.278584ms)
✔ missing provider evidence is rejected (3.841125ms)
✔ changed provider receipt is rejected (3.996959ms)
✔ missing Inventory Fixture is rejected (4.784708ms)
✔ Desktop contamination is rejected by Web inventory (4.386209ms)
✔ nonexistent domain field mappings including the former engine-version anchor are rejected (8.761375ms)
✔ removed referenced core task is rejected (4.081333ms)
✔ catalog source drift is rejected (4.572625ms)
✔ empty implementation artifact lists are rejected for every implemented contract (12.32925ms)
✔ each missing implementation evidence category is rejected (39.38575ms)
✔ duplicate artifacts cannot substitute for test or receipt evidence (4.29325ms)
✔ another contract receipt cannot substitute for required evidence (4.22175ms)
✔ unknown task suffixes are rejected in both backend task columns (25.241417ms)
✔ ambiguous cross-prefix ranges cannot impersonate reviewed backend tasks (8.536334ms)
ℹ tests 38
ℹ suites 0
ℹ pass 37
ℹ fail 1
ℹ cancelled 0
ℹ skipped 0
ℹ todo 0
ℹ duration_ms 395.452667

✖ failing tests:

test at scripts/pre04-gate-negative.mjs:17:1
✖ current full phase-one inventory passes (12.077958ms)
  AssertionError [ERR_ASSERTION]: C01 provider/test/historical receipt matches services/bff-gateway/src/lib.rs
  C17 provider/test/historical receipt matches services/bff-gateway/src/lib.rs
  C10 provider/test/historical receipt matches services/bff-gateway/src/lib.rs
  C10 provider/test/historical receipt matches services/bff-gateway/tests/audit_export_provider.rs
  
  'FAIL' !== 'PASS'
  
      at TestContext.<anonymous> (file:///Users/anray/Documents/project/SumAlpha/QuantOS/scripts/pre04-gate-negative.mjs:19:10)
      at Test.runInAsyncScope (node:async_hooks:214:14)
      at Test.run (node:internal/test_runner/test:1106:25)
      at Test.start (node:internal/test_runner/test:1003:17)
      at startSubtestAfterBootstrap (node:internal/test_runner/harness:358:17) {
    generatedMessage: false,
    code: 'ERR_ASSERTION',
    actual: 'FAIL',
    expected: 'PASS',
    operator: 'strictEqual',
    diff: 'simple'
  }
 ELIFECYCLE  Command failed with exit code 1.
