
> @sumalpha/quantos@ test:pre01 /Users/anray/Documents/project/SumAlpha/QuantOS
> node --test ./scripts/tests/check-pre01.test.mjs

✔ current PRE-01 artifacts satisfy the executable contract (4.051916ms)
✔ missing a page state fails closed (1.736917ms)
✔ invalid story priority fails closed (0.527ms)
✔ missing traceability row fails closed (1.514875ms)
✔ published operation cannot regress to planned fails closed (1.765541ms)
✔ unknown role fails closed (0.565375ms)
✔ unknown route fails closed (0.604958ms)
✔ duplicate story fails closed (0.5145ms)
✔ missing flow stories fails closed (0.54575ms)
✔ missing flow scenarios fails closed (1.055083ms)
✔ unsafe proposal criterion fails closed (1.236084ms)
✔ unknown trace task fails closed (1.27575ms)
✔ unauthorized admin grant fails closed (0.999125ms)
✔ missing permission route fails closed (0.749666ms)
✔ phase-one P16 fails closed (0.089ms)
✔ missing contract owner fails closed (1.093ms)
✔ empty flow role fails closed (0.705417ms)
✔ empty flow route fails closed (0.679542ms)
✔ state label mismatch fails closed (0.865792ms)
✔ desktop-only story fails closed (0.434541ms)
✔ persistent offline cache fails closed (0.97775ms)
✔ admin domain permission fails closed (0.699791ms)
✔ missing page story fails closed (0.456125ms)
✔ cross-page route fails closed (0.529541ms)
✔ current G0 governance preserves history without granting current acceptance (1.426583ms)
✔ past-due G0 item cannot silently remain OPEN (0.505417ms)
✔ fabricated G0 acceptance fails against current checkpoint (0.4735ms)
✔ missing G0 leftover owner fails (0.554916ms)
✔ P05 cannot bind metadata download to an untraced audit export operation (1.711541ms)
✔ P21 cannot drop alert ownership from both ledger and trace while retaining the subscription (1.975208ms)
✔ unknown unlabelled operation in API register is rejected (1.720041ms)
✔ P05 quality alerts require C16 ownership on the consumer page (1.646959ms)
ℹ tests 32
ℹ suites 0
ℹ pass 32
ℹ fail 0
ℹ cancelled 0
ℹ skipped 0
ℹ todo 0
ℹ duration_ms 84.058542
