
> @sumalpha/quantos@ test:pre06 /Users/anray/Documents/project/SumAlpha/QuantOS
> node --test scripts/pre06-gate-negative.mjs scripts/pre06-runtime-negative.mjs

✔ current PRE-06 Web baseline passes (25.265792ms)
✔ website browser Gate deletion is rejected (10.474542ms)
✔ Desktop coupling in phase-one compatibility is rejected (8.195291ms)
✔ Desktop deep-link inclusion in phase-one Terminal is rejected (7.42ms)
✔ generated operation coverage drift is rejected (6.720042ms)
✔ visual baseline integrity failure is rejected (6.300833ms)
✔ performance budget weakening is rejected (5.929708ms)
✔ disabled CI steps and comment-only commands are rejected (17.278083ms)
✔ contract assertion deletion and visual comparison deletion fail closed (11.22375ms)
✔ website performance and critical coverage gates cannot be removed (12.130334ms)
✔ CI retry policy must reject flaky outcomes and archive failure evidence (11.144ms)
✔ comments cannot restore weakened budget or critical coverage policy (13.940209ms)
✔ skipped suites and inactive screenshot assertions cannot satisfy the baseline (39.607917ms)
✔ critical contract callbacks cannot return early, hide assertions, or remove runtime counting (25.561333ms)
✔ unknown and corrupted fixtures are rejected, explicit sabotage fixtures remain expected failures (29.515958ms)
✔ empty assets and empty route manifest are never a zero-sized performance PASS (29.709667ms)
✔ actual CI configs return nonzero for first-fail-then-pass policy probe (1315.009083ms)
ℹ tests 17
ℹ suites 0
ℹ pass 17
ℹ fail 0
ℹ cancelled 0
ℹ skipped 0
ℹ todo 0
ℹ duration_ms 1425.744792
