Validated 6 pinned Buf plugins and locked generation workflow.
✔ proto generation configuration is pinned and lock-preserving (35.961ms)
✔ proto generation configuration rejects an unpinned remote plugin (37.214292ms)
✔ proto generation configuration rejects implicit dependency updates (36.97025ms)
ℹ tests 3
ℹ suites 0
ℹ pass 3
ℹ fail 0
ℹ cancelled 0
ℹ skipped 0
ℹ todo 0
ℹ duration_ms 140.056208
Extracted 50 JSON schema documents.
Validated 50 standalone JSON schemas and 11 planned domain schemas.
✔ standalone JSON schema gate passes the complete generated catalog (136.302916ms)
✔ standalone JSON schema gate rejects a missing planned domain schema (47.3965ms)
✔ standalone JSON schema gate rejects an unresolved reference (133.003708ms)
ℹ tests 3
ℹ suites 0
ℹ pass 3
ℹ fail 0
ℹ cancelled 0
ℹ skipped 0
ℹ todo 0
ℹ duration_ms 351.059709
Proto compatibility checked against 661a744971dd89fa0b208e6e47ed075c0bf198ac
Proto checks passed.
