
> @sumalpha/quantos@ test:provider-a1 /Users/anray/Documents/project/SumAlpha/QuantOS
> node --test scripts/provider-a1-receipts.test.mjs

✔ valid source and execution-bound dependency chain is READY without release signatures (48.458166ms)
✔ missing required execution (33.422583ms)
✔ failed execution (36.744084ms)
✔ wrong actual command (35.812292ms)
✔ unresolved issue (30.03975ms)
✔ wrong node (33.521375ms)
✔ missing source inventory (33.166042ms)
✔ plan scope changed (28.15275ms)
✔ outside log path (35.807542ms)
✔ wrong log digest (33.21625ms)
✔ missing dependency (36.44ms)
✔ dependency digest substituted (36.890708ms)
✔ tampered manifest bytes are rejected (28.033708ms)
✔ changed source content is rejected despite unchanged gate digest (37.679459ms)
✔ dependency must independently be READY (35.477792ms)
✔ arbitrary log cannot masquerade as successful execution (37.578042ms)
✔ input file symlink cannot escape the repository (37.764292ms)
✔ database execution cannot be inferred from a normal local PASS (43.950541ms)
✔ Supabase target receipt verifies each compressed execution log (46.55875ms)
✔ source drift during execution invalidates the original input snapshot (52.870042ms)
✔ requirement drift during execution invalidates the original input snapshot (59.779167ms)
ℹ tests 21
ℹ suites 0
ℹ pass 21
ℹ fail 0
ℹ cancelled 0
ℹ skipped 0
ℹ todo 0
ℹ duration_ms 844.531125
