✔ current BFF-FE-000 repository Gate passes (4.198542ms)
✔ missing phase-one page mapping is rejected (2.71525ms)
✔ published operation drift is rejected (1.711792ms)
✔ planned operation traceability deletion is rejected (1.510459ms)
✔ shared idempotency baseline deletion is rejected (2.957ms)
✔ dependency regression is rejected (1.604917ms)
✔ error correlation header deletion is rejected (2.821209ms)
✔ generated Zod export deletion is rejected (1.474ms)
✔ missing staging permits development readiness and never claims formal acceptance (0.55575ms)
✔ stage deferral cannot bypass engineering failures, final receipt requirements or unknown stages (0.06225ms)
✔ final review command cannot be rewired to the development stage (6.589458ms)
✔ current semantic A1 gate passes (3.455625ms)
✔ rejects cookie semantic regression (2.73825ms)
✔ rejects idempotency semantic regression (2.759167ms)
✔ rejects sort semantic regression (3.28125ms)
✔ rejects page semantic regression (2.412916ms)
✔ rejects ci semantic regression (2.3595ms)
✔ rejects decimal semantic regression (2.480375ms)
✔ rejects version semantic regression (2.517041ms)
✔ rejects csrf semantic regression (2.177417ms)
✔ exact registered security correction is accepted only within its window (11.844125ms)
✔ unregistered breaking type, enum or missing baseline fails closed (23.350083ms)
✔ new required parameters and constraints cannot silently bypass compatibility (0.974959ms)
✔ absent, invented and reference-only staging receipts never close A1 (0.168ms)
✔ receipt checker binds actual evidence bytes and each role to source and contract inputs (0.336708ms)
✔ optional property within an existing allOf is additive, required changes are rejected (0.119167ms)
ℹ tests 26
ℹ suites 0
ℹ pass 26
ℹ fail 0
ℹ cancelled 0
ℹ skipped 0
ℹ todo 0
ℹ duration_ms 168.36675
