✔ formal gate rejects zero, one, two and noninteger runs (0.409833ms)
✔ all binaries participate in digest and omitted binary fails (3.425083ms)
✔ extra binary, missing wheel and stale/empty Web cannot pass output inventory (2.93275ms)
✔ manifest inventory cannot omit or add members (0.101ms)
✔ dirty and untracked source rejected (61.942667ms)
✔ deleted module README is rejected (2.337166ms)
✔ wrong uv version fails toolchain preflight (17.125375ms)
✔ invalid locks fail real lock entrypoint (60.605042ms)
✔ Terminal default lint rejects a page TSX violation (801.7455ms)
✔ invalid run revokes old successful receipt (24.158792ms)
✔ Cargo manifest drift is rejected by actual lock gate (553.064833ms)
✔ uv manifest drift is rejected by actual lock gate (623.309417ms)
✔ pnpm manifest drift is rejected by actual lock gate (853.120791ms)
✔ malformed Buf lock is rejected by actual lock gate (655.458542ms)
✔ broken Desktop is outside phase-one pnpm frozen check (310.8755ms)
✔ uv output marker is metadata, other unexpected files still fail (2.087084ms)
✔ build-only tool is required in output inventory without becoming a runtime binary (2.239917ms)
ℹ tests 17
ℹ suites 0
ℹ pass 17
ℹ fail 0
ℹ cancelled 0
ℹ skipped 0
ℹ todo 0
ℹ duration_ms 4010.784666
