
> @sumalpha/quantos@ test:development-plans /Users/anray/Documents/project/SumAlpha/QuantOS
> node --test scripts/development-plan-order-negative.mjs

✔ joint schedule is acyclic and preserves task/status boundaries (10.382666ms)
✔ restoring a complete R1 prerequisite for S2 services creates a rejected cycle (4.968583ms)
✔ research service waiting on its consumer page is rejected (4.425209ms)
✔ historical CORE:R04 to CORE:L04 probe now fails closed (4.346417ms)
✔ an early identity API cannot silently depend on later research services (5.637ms)
✔ a provider cannot wait for the consumer frontend Gate (4.014542ms)
✔ removing S2 service admission from a core execution task is rejected (4.390584ms)
✔ S2 service Gate cannot omit TP12 advance evaluation (4.689ms)
✔ I10 cannot drop testnet service admission even if metadata is edited with it (4.97325ms)
✔ a new or existing frontend cannot skip the full provider Gate (5.209041ms)
✔ G5 cannot be marked as closing in I4 before reconciliation (4.844291ms)
✔ moving the G1 block above I1 tasks is rejected (4.8135ms)
✔ milestone cannot omit its last child while retaining a Gate summary (5.00775ms)
✔ prose-only backend dependencies cannot drift from structured prerequisites (5.065333ms)
✔ core closure mapping cannot become an implicit service alias (4.680959ms)
✔ ACCEPTED checkpoint needs SHA and evidence, not only a green word (4.991417ms)
✔ accepted checkpoint evidence must resolve (2.401916ms)
✔ missing checkpoint and unknown dependency fail closed (6.167834ms)
✔ API windows cannot skip their preceding provider checkpoint (4.613792ms)
✔ UI windows cannot skip the preceding reconciliation window (4.632542ms)
✔ Web intake preserves the explicit no-model-review schema (1.319958ms)
✔ missing Web task fields still fail closed (1.455708ms)
✔ both plans must publish exactly the same stage contract (5.025208ms)
✔ changing both plans cannot defer correctness or functional deadlines to release (12.280417ms)
✔ both plans must retain every deferred release obligation (13.523167ms)
✔ tasks and checkpoints cannot omit, invent, or misclassify their stage gate (18.005958ms)
✔ release prerequisites cannot block either development or integration (11.191167ms)
✔ release gates cannot skip business closure or inherit the wrong stage (13.246417ms)
✔ historical ACCEPTED and completed tasks do not automatically become READY (5.394833ms)
✔ READY needs its own input digest and resolvable evidence (28.256584ms)
✔ unassessed stage gates cannot carry an apparent ready receipt (6.728791ms)
✔ BLOCKED retains failure evidence and digest without being counted as READY (8.769958ms)
✔ a READY chain needs READY prerequisites and its own evidence at every node (13.012ms)
✔ stage readiness never substitutes for formal acceptance evidence (2.715084ms)
✔ release READY requires formal acceptance and all functional prerequisites (8.318833ms)
ℹ tests 35
ℹ suites 0
ℹ pass 35
ℹ fail 0
ℹ cancelled 0
ℹ skipped 0
ℹ todo 0
ℹ duration_ms 285.731541
