
> @sumalpha/quantos@ test:pre01 /Users/anray/Documents/project/SumAlpha/QuantOS
> node --test ./scripts/tests/check-pre01.test.mjs

✔ current PRE-01 artifacts satisfy the executable contract (5.135625ms)
✔ missing a page state fails closed (1.833375ms)
✔ invalid story priority fails closed (0.592417ms)
✔ missing traceability row fails closed (1.331ms)
✔ published operation cannot regress to planned fails closed (1.692583ms)
✔ unknown role fails closed (0.474791ms)
✔ unknown route fails closed (0.5025ms)
✔ duplicate story fails closed (0.590584ms)
✔ missing flow stories fails closed (0.569917ms)
✔ missing flow scenarios fails closed (1.184791ms)
✔ unsafe proposal criterion fails closed (1.249792ms)
✔ unknown trace task fails closed (1.279583ms)
✔ unauthorized admin grant fails closed (0.987708ms)
✔ missing permission route fails closed (0.662166ms)
✔ phase-one P16 fails closed (0.07375ms)
✔ missing contract owner fails closed (1.081917ms)
✔ empty flow role fails closed (0.551375ms)
✔ empty flow route fails closed (0.567958ms)
✔ state label mismatch fails closed (0.826541ms)
✔ desktop-only story fails closed (0.416334ms)
✔ persistent offline cache fails closed (0.900125ms)
✔ admin domain permission fails closed (0.701417ms)
✔ missing page story fails closed (0.508583ms)
✔ cross-page route fails closed (0.567542ms)
✔ current G0 governance preserves history without granting current acceptance (1.244291ms)
✔ past-due G0 item cannot silently remain OPEN (0.583208ms)
✔ fabricated G0 acceptance fails against current checkpoint (0.52175ms)
✔ missing G0 leftover owner fails (0.538709ms)
✔ P05 cannot bind metadata download to an untraced audit export operation (1.790666ms)
✔ P21 cannot drop alert ownership from both ledger and trace while retaining the subscription (2.101333ms)
✔ unknown unlabelled operation in API register is rejected (1.673ms)
✔ P05 quality alerts require C16 ownership on the consumer page (1.444041ms)
✔ API register rejects current version 1.4.0 (1.40975ms)
✔ API register rejects current version 99.99.0 (1.358875ms)
✔ published register row cannot omit API version (1.575333ms)
✔ published register row cannot omit generated mock version (1.522125ms)
✔ all ten historical compatibility strategies cannot be cleared (0.941292ms)
✔ current disposition cannot drop a historical parent (0.962959ms)
✔ current disposition requires effective checkpoint deadline (0.819167ms)
✔ current disposition cannot claim target RELEASE completion (0.644542ms)
✔ current disposition requires nonempty compatibility strategy (0.574416ms)
ℹ tests 41
ℹ suites 0
ℹ pass 41
ℹ fail 0
ℹ cancelled 0
ℹ skipped 0
ℹ todo 0
ℹ duration_ms 139.304333
