
> @sumalpha/quantos@ test:pre03 /Users/anray/Documents/project/SumAlpha/QuantOS
> node --test scripts/pre03-gate-negative.mjs

✔ current Web contract passes and never loads Desktop inputs (8.59725ms)
✔ apps/terminal rejects Next 15.5.23 (5.236ms)
✔ apps/terminal rejects Next 16.0.0 (1.840084ms)
✔ apps/website rejects Next 15.5.23 (1.599625ms)
✔ apps/website rejects Next 16.0.0 (1.571375ms)
✔ missing package resolutions (1.799708ms)
✔ missing snapshots (1.129459ms)
✔ specifier drift (1.8255ms)
✔ dependency removed (1.903833ms)
✔ dependency inserted (1.939334ms)
✔ manifest drift fails without changing lock (0.856958ms)
✔ ADR drift fails (0.749167ms)
✔ duplicate ADR version row fails (0.693125ms)
✔ missing transitive snapshot fails (1.69175ms)
✔ Node pin drift fails (0.7605ms)
✔ effective Next configuration: valid export (215.812959ms)
✔ effective Next configuration: comment marker (218.078958ms)
✔ effective Next configuration: dead branch (214.365333ms)
✔ effective Next configuration: subsequent override (215.101584ms)
✔ effective Next configuration: function config (213.245625ms)
✔ bad route resources, fake HTML and script failures fail closed (11808.646791ms)
✔ Next-specific async client violation is an ESLint error (249.001791ms)
✔ build receipts reject stale source, config, identity and missing receipts (2.082459ms)
✔ source binding ignores caches but detects actual source changes (3.51975ms)
✔ all workspace importers and exact link targets are required (9.5615ms)
✔ runtime loader discovers omitted manifests independently of lockfile (481.148833ms)
✔ per-app env files are isolated and reloaded without polluting caller (647.544041ms)
ℹ tests 27
ℹ suites 0
ℹ pass 27
ℹ fail 0
ℹ cancelled 0
ℹ skipped 0
ℹ todo 0
ℹ duration_ms 15019.6325
