
> @sumalpha/quantos@ test:pre04 /Users/anray/Documents/project/SumAlpha/QuantOS
> node --test scripts/pre04-gate-negative.mjs

✔ current full phase-one inventory passes (11.135708ms)
✔ missing Gap is rejected (5.029584ms)
✔ undecided realtime dependency is rejected (4.458334ms)
✔ deleted required actorId field is rejected (4.648333ms)
✔ nonexistent field source is rejected (4.031875ms)
✔ wrong field type and optionality are rejected (4.813042ms)
✔ generated operation deletion is rejected (3.81025ms)
✔ generated method and path drift are rejected (8.281291ms)
✔ same-count schema rename is rejected (3.455334ms)
✔ schema required and enum drift are rejected (9.734416ms)
✔ same-count Proto message rename is rejected (4.084333ms)
✔ removed Proto declaration is rejected (3.998542ms)
✔ same-count JSON Schema replacement is rejected (4.150041ms)
✔ duplicate contract row is rejected before Map collapse (3.795375ms)
✔ duplicate Gap row is rejected before Map collapse (3.970625ms)
✔ nonexistent role owner is rejected (4.255542ms)
✔ nonexistent backend task is rejected (3.688625ms)
✔ nonexistent BFF task is rejected (4.605792ms)
✔ unknown Gap page is rejected (4.6565ms)
✔ each missing website P0 page is rejected (20.356584ms)
✔ missing auxiliary risk/audit/order contract is rejected (11.63975ms)
✔ closing partly published Gap is rejected (4.103042ms)
✔ omitting planned operation is rejected (3.924041ms)
✔ unpublished Inventory Fixture cannot claim Implemented (3.865334ms)
✔ generated-only contract cannot claim Integrated (4.246875ms)
✔ missing provider evidence is rejected (4.670292ms)
✔ changed provider receipt is rejected (5.158791ms)
✔ missing Inventory Fixture is rejected (6.041084ms)
✔ Desktop contamination is rejected by Web inventory (4.76925ms)
✔ nonexistent domain field mappings including the former engine-version anchor are rejected (9.896791ms)
✔ removed referenced core task is rejected (3.965375ms)
✔ catalog source drift is rejected (4.510542ms)
✔ empty implementation artifact lists are rejected for every implemented contract (11.85375ms)
✔ each missing implementation evidence category is rejected (41.302ms)
✔ duplicate artifacts cannot substitute for test or receipt evidence (4.645875ms)
✔ another contract receipt cannot substitute for required evidence (5.132ms)
✔ unknown task suffixes are rejected in both backend task columns (27.388042ms)
✔ ambiguous cross-prefix ranges cannot impersonate reviewed backend tasks (6.88325ms)
ℹ tests 38
ℹ suites 0
ℹ pass 38
ℹ fail 0
ℹ cancelled 0
ℹ skipped 0
ℹ todo 0
ℹ duration_ms 384.655958
