
> @sumalpha/quantos@ test:pre06 /Users/anray/Documents/project/SumAlpha/QuantOS
> node --test scripts/pre06-gate-negative.mjs scripts/pre06-runtime-negative.mjs

✔ current PRE-06 Web baseline passes (24.850584ms)
✔ website browser Gate deletion is rejected (9.9805ms)
✔ Desktop coupling in phase-one compatibility is rejected (7.739875ms)
✔ Desktop deep-link inclusion in phase-one Terminal is rejected (7.164ms)
✔ generated operation coverage drift is rejected (6.382375ms)
✔ visual baseline integrity failure is rejected (5.796625ms)
✔ performance budget weakening is rejected (5.475792ms)
✔ disabled CI steps and comment-only commands are rejected (16.245708ms)
✔ contract assertion deletion and visual comparison deletion fail closed (9.59575ms)
✔ website performance and critical coverage gates cannot be removed (10.768583ms)
✔ CI retry policy must reject flaky outcomes and archive failure evidence (10.761584ms)
✔ comments cannot restore weakened budget or critical coverage policy (14.296958ms)
✔ skipped suites and inactive screenshot assertions cannot satisfy the baseline (35.516916ms)
✔ critical contract callbacks cannot return early, hide assertions, or remove runtime counting (22.733166ms)
✔ unknown and corrupted fixtures are rejected, explicit sabotage fixtures remain expected failures (29.323583ms)
✔ empty assets and empty route manifest are never a zero-sized performance PASS (28.479625ms)
✔ actual CI configs return nonzero for first-fail-then-pass policy probe (1249.361333ms)
ℹ tests 17
ℹ suites 0
ℹ pass 17
ℹ fail 0
ℹ cancelled 0
ℹ skipped 0
ℹ todo 0
ℹ duration_ms 1355.041166
