Validated 6 pinned Buf plugins and locked generation workflow.
✔ proto generation configuration is pinned and lock-preserving (35.62475ms)
✔ proto generation configuration rejects an unpinned remote plugin (35.192792ms)
✔ proto generation configuration rejects implicit dependency updates (35.200667ms)
ℹ tests 3
ℹ suites 0
ℹ pass 3
ℹ fail 0
ℹ cancelled 0
ℹ skipped 0
ℹ todo 0
ℹ duration_ms 136.194667
Extracted 50 JSON schema documents.
Validated 50 standalone JSON schemas and 11 planned domain schemas.
✔ standalone JSON schema gate passes the complete generated catalog (137.280208ms)
✔ standalone JSON schema gate rejects a missing planned domain schema (45.545167ms)
✔ standalone JSON schema gate rejects an unresolved reference (126.805583ms)
ℹ tests 3
ℹ suites 0
ℹ pass 3
ℹ fail 0
ℹ cancelled 0
ℹ skipped 0
ℹ todo 0
ℹ duration_ms 342.799
Proto compatibility checked against ca00fe80b1bbc772287193bc6b7973eaeda224b0
Proto checks passed.
