
> @sumalpha/quantos@ test:provider-a1 /Users/anray/Documents/project/SumAlpha/QuantOS
> node --test scripts/provider-a1-receipts.test.mjs

✔ valid source and execution-bound dependency chain is READY without release signatures (36.146041ms)
✔ missing required execution (25.7515ms)
✔ failed execution (24.279291ms)
✔ wrong actual command (23.809042ms)
✔ unresolved issue (20.781667ms)
✔ wrong node (18.858542ms)
✔ missing source inventory (23.734833ms)
✔ plan scope changed (19.018334ms)
✔ outside log path (24.194417ms)
✔ wrong log digest (24.145334ms)
✔ missing dependency (25.192083ms)
✔ dependency digest substituted (26.967708ms)
✔ tampered manifest bytes are rejected (20.713292ms)
✔ changed source content is rejected despite unchanged gate digest (27.964875ms)
✔ dependency must independently be READY (26.542583ms)
✔ arbitrary log cannot masquerade as successful execution (24.011709ms)
✔ input file symlink cannot escape the repository (24.040041ms)
✔ database execution cannot be inferred from a normal local PASS (28.169334ms)
✔ Supabase target receipt verifies each compressed execution log (28.538791ms)
✔ source drift during execution invalidates the original input snapshot (39.087375ms)
✔ requirement drift during execution invalidates the original input snapshot (49.05475ms)
✔ controlled public development profile overrides stale values and preserves server inputs (0.163416ms)
✔ private credentials cannot be injected through a public development profile (0.1205ms)
✔ transient Auth 503 can retry only a complete target execution (0.110958ms)
✔ persistent target timeout never becomes PASS and stops at its budget (0.089542ms)
✔ semantic target failures stop without retry or PASS (0.026458ms)
✔ target retry budget cannot be unbounded (0.103458ms)
✔ configured target retries require explicit attempt outcomes in the receipt (37.872ms)
✔ three successful full builds bind output inventories (0.334375ms)
✔ reproducibility rejects only two builds (0.10025ms)
✔ reproducibility rejects missing Python build (0.13075ms)
✔ reproducibility rejects failed command (0.145ms)
✔ reproducibility rejects different output digest (0.097042ms)
✔ reproducibility rejects substituted inventory (0.074167ms)
✔ reproducibility rejects dirty source (0.057959ms)
✔ reproducibility rejects old source (0.058625ms)
✔ development policy retains explicit build, coverage, volume and target storage obligations (0.26075ms)
✔ static make commands cannot reload .env.local or inherit target database opt-ins (0.082583ms)
✔ volume retry restarts the complete check only on a closed PostgreSQL transport (0.054958ms)
✔ volume correctness and certificate errors cannot be retried into PASS (0.030959ms)
✔ persistent database transport failure stays failed at the retry limit (0.027125ms)
✔ separate assessment snapshot preserves historical manifests and binds its own logs (29.379916ms)
ℹ tests 42
ℹ suites 0
ℹ pass 42
ℹ fail 0
ℹ cancelled 0
ℹ skipped 0
ℹ todo 0
ℹ duration_ms 669.651208
