    Checking bff-gateway v0.1.0 (/Users/anray/Documents/project/SumAlpha/QuantOS/services/bff-gateway)
error: unnecessary `if let` since only the `Some` variant of the iterator element is used
   --> services/bff-gateway/src/audit_core.rs:117:9
    |
117 | /         for bound in [&mut self.scope.start_at, &mut self.scope.end_at] {
118 | |             if let Some(s) = bound {
119 | |                 *s = DateTime::parse_from_rfc3339(s)
120 | |                     .map_err(|_| ())?
...   |
124 | |         }
    | |_________^
    |
help: try `.flatten()` and remove the `if let` statement in the for loop
   --> services/bff-gateway/src/audit_core.rs:118:13
    |
118 | /             if let Some(s) = bound {
119 | |                 *s = DateTime::parse_from_rfc3339(s)
120 | |                     .map_err(|_| ())?
121 | |                     .with_timezone(&Utc)
122 | |                     .to_rfc3339();
123 | |             }
    | |_____________^
    = help: for further information visit https://rust-lang.github.io/rust-clippy/rust-1.91.0/index.html#manual_flatten
    = note: `-D clippy::manual-flatten` implied by `-D warnings`
    = help: to override `-D warnings` add `#[allow(clippy::manual_flatten)]`
help: try
    |
117 ~         for s in [&mut self.scope.start_at, &mut self.scope.end_at].into_iter().flatten() {
118 +             *s = DateTime::parse_from_rfc3339(s)
119 +                 .map_err(|_| ())?
120 +                 .with_timezone(&Utc)
121 +                 .to_rfc3339();
122 +         }
    |

error: could not compile `bff-gateway` (lib) due to 1 previous error
warning: build failed, waiting for other jobs to finish...
error: could not compile `bff-gateway` (lib test) due to 1 previous error
