✔ complete engineering checks retain BLOCKED while scope confirmation is absent (173.496333ms)
✔ strict acceptance rejects pending current user scope (134.376125ms)
✔ G0 rejects missing explicit proto baseline (119.943584ms)
✔ G0 rejects same-head proto baseline (119.89125ms)
✔ G0 rejects fabricated READY (120.592125ms)
✔ G0 rejects historical arbitrary manifest (115.157291ms)
✔ G0 rejects missing actual check (114.100166ms)
✔ G0 rejects duplicate actual check (114.481958ms)
✔ G0 rejects failed check (115.503583ms)
✔ G0 rejects unexecuted check (135.823625ms)
✔ G0 rejects wrong command (118.368792ms)
✔ G0 rejects source inventory drift (120.101208ms)
✔ G0 rejects planned scope delivered claim (121.44375ms)
✔ G0 rejects log tampering (114.96875ms)
✔ G0 rejects arbitrary rehashed prose (123.981334ms)
✔ G0 rejects wrong Web build source (137.604917ms)
✔ G0 rejects missing dependency (140.569459ms)
✔ G0 rejects dependency digest drift (137.454167ms)
✔ G0 rejects unready upstream (144.633917ms)
✔ G0 rejects hidden scope residual (148.063333ms)
✔ pending scope cannot incorporate an approval record (113.754042ms)
✔ legacy six-role records cannot grant current confirmation (141.05425ms)
✔ confirmed scope must bind current input digest (133.565208ms)
✔ confirmed scope requires the single user record (103.044542ms)
✔ dependency validation is actually invoked and failures propagate (122.165625ms)
✔ one document-bound current user confirmation replaces all role receipts (97.046375ms)
✔ CI must always validate engineering receipts and G0 negatives (0.090416ms)
✔ G0 rejects normative plan drift during execution before publishing (118.8655ms)
✔ G0 rejects code inventory drift during execution before publishing (121.78ms)
✔ lifecycle metadata alone does not change normative G0 inputs (112.713125ms)
✔ real BFF baseline CLI matches its required G0 execution marker (89.727792ms)
✔ G0 worktree allows only lifecycle/evidence state "" (0.096041ms)
✔ G0 worktree allows only lifecycle/evidence state " M docs/SumAlpha-QuantOS-Development-Plan.md\n" (0.075583ms)
✔ G0 worktree allows only lifecycle/evidence state "M  docs/SumAlpha-QuantOS-Frontend-Development-Execution-Plan.md\n?? docs/audit/evidence/new/\n" (0.057291ms)
✔ G0 worktree allows only lifecycle/evidence state "?? docs/audit/report.md\n" (0.015917ms)
✔ G0 worktree rejects uncommitted functional input " M scripts/g0-development.mjs\n" (0.098334ms)
✔ G0 worktree rejects uncommitted functional input "M  apps/terminal/src/auth/flow.ts\n" (0.051375ms)
✔ G0 worktree rejects uncommitted functional input "?? bff/new.yaml\n" (0.03475ms)
✔ G0 worktree rejects uncommitted functional input "R  docs/audit/a.md -> scripts/backdoor.mjs\n" (0.038958ms)
✔ user-confirmed scope includes the normative G0 plan and excludes lifecycle metadata (108.699875ms)
✔ confirmation-only finalization refuses an absent user reply and cannot bless changed engineering inputs (125.640333ms)
✔ document-bound user reply finalizes the unchanged engineering checks without fabricating new execution (134.41475ms)
ℹ tests 42
ℹ suites 0
ℹ pass 42
ℹ fail 0
ℹ cancelled 0
ℹ skipped 0
ℹ todo 0
ℹ duration_ms 4155.179917
