TAP version 13
# Subtest: fully bound executed evidence is admitted
ok 1 - fully bound executed evidence is admitted
  ---
  duration_ms: 1.238791
  type: 'test'
  ...
# Subtest: Node spec reporter with successful executed assertions is admitted
ok 2 - Node spec reporter with successful executed assertions is admitted
  ---
  duration_ms: 0.29425
  type: 'test'
  ...
# Subtest: Node non-execution or failure summary is rejected: "\# pass 0\\n\# fail 0\\n"
ok 3 - Node non-execution or failure summary is rejected: "\# pass 0\\n\# fail 0\\n"
  ---
  duration_ms: 0.434083
  type: 'test'
  ...
# Subtest: Node non-execution or failure summary is rejected: "\# pass 21\\n\# fail 1\\n"
ok 4 - Node non-execution or failure summary is rejected: "\# pass 21\\n\# fail 1\\n"
  ---
  duration_ms: 0.177209
  type: 'test'
  ...
# Subtest: Node non-execution or failure summary is rejected: "business assertions passed\\n"
ok 5 - Node non-execution or failure summary is rejected: "business assertions passed\\n"
  ---
  duration_ms: 0.173667
  type: 'test'
  ...
# Subtest: Node non-execution or failure summary is rejected: "// \# pass 21\\n// \# fail 0\\n"
ok 6 - Node non-execution or failure summary is rejected: "// \# pass 21\\n// \# fail 0\\n"
  ---
  duration_ms: 0.144459
  type: 'test'
  ...
# Subtest: comments-only replacement changes functional inputs is rejected
ok 7 - comments-only replacement changes functional inputs is rejected
  ---
  duration_ms: 0.473834
  type: 'test'
  ...
# Subtest: unready dependency is rejected
ok 8 - unready dependency is rejected
  ---
  duration_ms: 0.155917
  type: 'test'
  ...
# Subtest: missing live execution is rejected
ok 9 - missing live execution is rejected
  ---
  duration_ms: 0.13575
  type: 'test'
  ...
# Subtest: evidence bytes changed is rejected
ok 10 - evidence bytes changed is rejected
  ---
  duration_ms: 0.162333
  type: 'test'
  ...
# Subtest: compilation-only mutant rejection is rejected
ok 11 - compilation-only mutant rejection is rejected
  ---
  duration_ms: 0.436041
  type: 'test'
  ...
# Subtest: missing current export roots is rejected
ok 12 - missing current export roots is rejected
  ---
  duration_ms: 0.226542
  type: 'test'
  ...
# Subtest: missing authentication matrix is rejected
ok 13 - missing authentication matrix is rejected
  ---
  duration_ms: 0.196709
  type: 'test'
  ...
# Subtest: unexecuted target assertion is rejected
ok 14 - unexecuted target assertion is rejected
  ---
  duration_ms: 0.143208
  type: 'test'
  ...
# Subtest: dependency validator failed is rejected
ok 15 - dependency validator failed is rejected
  ---
  duration_ms: 0.078291
  type: 'test'
  ...
1..15
# tests 15
# suites 0
# pass 15
# fail 0
# cancelled 0
# skipped 0
# todo 0
# duration_ms 43.097958
