✔ current full phase-one inventory passes (10.923083ms)
✔ missing Gap is rejected (5.095792ms)
✔ undecided realtime dependency is rejected (4.94725ms)
✔ deleted required actorId field is rejected (4.13125ms)
✔ nonexistent field source is rejected (3.930458ms)
✔ wrong field type and optionality are rejected (4.463541ms)
✔ generated operation deletion is rejected (3.794666ms)
✔ generated method and path drift are rejected (7.688375ms)
✔ same-count schema rename is rejected (3.267917ms)
✔ schema required and enum drift are rejected (8.168042ms)
✔ same-count Proto message rename is rejected (3.861541ms)
✔ removed Proto declaration is rejected (3.703917ms)
✔ same-count JSON Schema replacement is rejected (3.831458ms)
✔ duplicate contract row is rejected before Map collapse (3.593666ms)
✔ duplicate Gap row is rejected before Map collapse (3.683458ms)
✔ nonexistent role owner is rejected (3.745834ms)
✔ nonexistent backend task is rejected (3.684541ms)
✔ nonexistent BFF task is rejected (3.941041ms)
✔ unknown Gap page is rejected (3.594709ms)
✔ each missing website P0 page is rejected (17.857959ms)
✔ missing auxiliary risk/audit/order contract is rejected (11.597ms)
✔ closing partly published Gap is rejected (3.585875ms)
✔ omitting planned operation is rejected (3.600333ms)
✔ unpublished Inventory Fixture cannot claim Implemented (3.755916ms)
✔ generated-only contract cannot claim Integrated (3.724917ms)
✔ missing provider evidence is rejected (3.705125ms)
✔ changed provider receipt is rejected (4.070042ms)
✔ missing Inventory Fixture is rejected (3.844708ms)
✔ Desktop contamination is rejected by Web inventory (4.341583ms)
✔ nonexistent domain field mappings including the former engine-version anchor are rejected (7.958208ms)
✔ removed referenced core task is rejected (3.837417ms)
✔ catalog source drift is rejected (4.378666ms)
✔ empty implementation artifact lists are rejected for every implemented contract (10.514459ms)
✔ each missing implementation evidence category is rejected (31.259917ms)
✔ duplicate artifacts cannot substitute for test or receipt evidence (4.045875ms)
✔ another contract receipt cannot substitute for required evidence (3.502125ms)
✔ unknown task suffixes are rejected in both backend task columns (21.030125ms)
✔ ambiguous cross-prefix ranges cannot impersonate reviewed backend tasks (6.665833ms)
ℹ tests 38
ℹ suites 0
ℹ pass 38
ℹ fail 0
ℹ cancelled 0
ℹ skipped 0
ℹ todo 0
ℹ duration_ms 340.733459
