{
  "elapsedMs": 991,
  "plan": [
    "Limit  (cost=0.86..5.38 rows=1 width=460) (actual time=2.626..35.514 rows=473 loops=1)",
    "  Buffers: shared hit=365",
    "  ->  Nested Loop Left Join  (cost=0.86..5.38 rows=1 width=460) (actual time=2.624..35.464 rows=473 loops=1)",
    "        Buffers: shared hit=365",
    "        ->  Index Scan using audit_entries_bff_actor_time on audit_entries a  (cost=0.44..2.68 rows=1 width=261) (actual time=2.609..22.208 rows=473 loops=1)",
    "              Index Cond: ((tenant_id = (NULLIF(current_setting('quantos.audit_tenant'::text, true), ''::text))::uuid) AND (actor_id = (NULLIF(current_setting('quantos.audit_actor'::text, true), ''::text))::uuid))",
    "              Filter: ((((details ->> 'workspaceId'::text) IS NULL) OR ((details ->> 'workspaceId'::text) = current_setting('quantos.audit_workspace'::text, true))) AND (((details ->> 'accountId'::text) IS NULL) OR ((details ->> 'accountId'::text) = current_setting('quantos.audit_account'::text, true))))",
    "              Buffers: shared hit=109",
    "        ->  Index Scan using event_log_event_id_key on event_log e  (cost=0.42..2.69 rows=1 width=247) (actual time=0.028..0.028 rows=0 loops=473)",
    "              Index Cond: (event_id = a.event_id)",
    "              Filter: ((tenant_id = (NULLIF(current_setting('quantos.audit_tenant'::text, true), ''::text))::uuid) AND (actor_id = (NULLIF(current_setting('quantos.audit_actor'::text, true), ''::text))::uuid) AND ((COALESCE((payload ->> 'workspaceId'::text), (payload ->> 'workspace_id'::text)) IS NULL) OR (COALESCE((payload ->> 'workspaceId'::text), (payload ->> 'workspace_id'::text)) = current_setting('quantos.audit_workspace'::text, true))) AND ((COALESCE((payload ->> 'accountId'::text), (payload ->> 'account_id'::text)) IS NULL) OR (COALESCE((payload ->> 'accountId'::text), (payload ->> 'account_id'::text)) = current_setting('quantos.audit_account'::text, true))))",
    "              Buffers: shared hit=256",
    "Planning:",
    "  Buffers: shared hit=388",
    "Planning Time: 22.667 ms",
    "Execution Time: 35.684 ms"
  ]
}
