✔ current BFF-FE-000 repository Gate passes (4.024584ms)
✔ missing phase-one page mapping is rejected (2.110667ms)
✔ published operation drift is rejected (4.226167ms)
✔ planned operation traceability deletion is rejected (1.824708ms)
✔ shared idempotency baseline deletion is rejected (2.814041ms)
✔ dependency regression is rejected (1.594958ms)
✔ error correlation header deletion is rejected (2.426333ms)
✔ generated Zod export deletion is rejected (1.82225ms)
✔ missing staging permits development readiness and never claims formal acceptance (1.38ms)
✔ stage deferral cannot bypass engineering failures, final receipt requirements or unknown stages (0.068458ms)
✔ final review command cannot be rewired to the development stage (6.883666ms)
✔ current semantic A1 gate passes (3.720625ms)
✔ rejects cookie semantic regression (2.945416ms)
✔ rejects idempotency semantic regression (2.966084ms)
✔ rejects sort semantic regression (3.264042ms)
✔ rejects page semantic regression (2.716583ms)
✔ rejects ci semantic regression (2.661458ms)
✔ rejects decimal semantic regression (2.989333ms)
✔ rejects version semantic regression (2.312541ms)
✔ rejects csrf semantic regression (2.271583ms)
✔ exact registered security correction is accepted only within its window (11.858208ms)
✔ unregistered breaking type, enum or missing baseline fails closed (23.705792ms)
✔ new required parameters and constraints cannot silently bypass compatibility (0.95725ms)
✔ absent, invented and reference-only staging receipts never close A1 (0.501459ms)
✔ final receipt requires technical evidence plus one input-bound user confirmation (1.067333ms)
✔ optional property within an existing allOf is additive, required changes are rejected (0.106125ms)
ℹ tests 26
ℹ suites 0
ℹ pass 26
ℹ fail 0
ℹ cancelled 0
ℹ skipped 0
ℹ todo 0
ℹ duration_ms 171.609292
