✔ formal gate rejects zero, one, two and noninteger runs (0.365833ms)
✔ all binaries participate in digest and omitted binary fails (3.164625ms)
✔ extra binary, missing wheel and stale/empty Web cannot pass output inventory (2.658ms)
✔ manifest inventory cannot omit or add members (0.060875ms)
✔ dirty and untracked source rejected (60.445584ms)
✔ deleted module README is rejected (2.522917ms)
✔ wrong uv version fails toolchain preflight (17.108834ms)
✔ invalid locks fail real lock entrypoint (63.44575ms)
✔ Terminal default lint rejects a page TSX violation (977.805541ms)
✔ invalid run revokes old successful receipt (29.162875ms)
✔ Cargo manifest drift is rejected by actual lock gate (608.581042ms)
✔ uv manifest drift is rejected by actual lock gate (667.376333ms)
✔ pnpm manifest drift is rejected by actual lock gate (897.836083ms)
✔ malformed Buf lock is rejected by actual lock gate (674.460041ms)
✔ broken Desktop is outside phase-one pnpm frozen check (323.159042ms)
✔ uv output marker is metadata, other unexpected files still fail (2.508542ms)
✔ build-only tool is required in output inventory without becoming a runtime binary (2.053125ms)
✔ pnpm frozen check rejects missing or changed patch bytes (683.679583ms)
✔ pnpm patch cannot read outside the repository (155.252042ms)
ℹ tests 19
ℹ suites 0
ℹ pass 19
ℹ fail 0
ℹ cancelled 0
ℹ skipped 0
ℹ todo 0
ℹ duration_ms 5208.539334
