node --test scripts/f02-gate-negative.mjs scripts/f02-a11-gate-negative.mjs scripts/playwright-git-history.test.mjs scripts/storage-fixture.test.cjs
✔ complete Linux matrix passes; deletion and pixel tampering fail (399.816625ms)
✔ acceptance never updates snapshots or skips missing snapshots (0.496708ms)
✔ only main signing and verification jobs receive the signing environment (10.100167ms)
✔ signing policy rejects missing protection, wildcards, tags and extra branches (0.201292ms)
✔ candidate import rejects tampering and stale source before writing, then imports the reviewed matrix (365.1625ms)
✔ required download check rejects skipped or failed event-specific verification (23.358375ms)
✔ PR receipts bind the checked out head while main signing stays on the event SHA (2.886708ms)
Verified 2 release files for aaaaaaaaaaaaaaaaaaaaaaaaaaaaaaaaaaaaaaaa
Verified 2 release files for aaaaaaaaaaaaaaaaaaaaaaaaaaaaaaaaaaaaaaaa
✔ real Gitleaks positive control and GitHub/Slack leaks (1608.843583ms)
✔ historical digest exceptions do not waive fresh credentials in audit JSON (1125.529042ms)
✔ RLS baseline rejects policy deletion and late disabling with recovery (184.79125ms)
✔ RLS preflight recognizes the actual ten-table A2 migration and rejects incomplete loops (134.121417ms)
✔ RLS preflight expands audit export permissions without treating grants as RLS (130.940916ms)
✔ RLS literal loops preserve late disabling, NO FORCE and policy deletion (129.732833ms)
✔ RLS preflight cannot count conditional loops, comments, literals or function bodies as execution (150.930625ms)
✔ quoted SQL examples inside expanded policy expressions cannot enable RLS (22.901959ms)
✔ migration filename control, rejection and recovery (15.772625ms)
✔ waivers only authorize exact advisory/ecosystem/package/version before expiry (1.056708ms)
✔ license expression policy does not globally allow LGPL or unknown licenses (0.3295ms)
✔ release binds complete payload and SBOM to source; rejects corruption and build-only native files (3.158167ms)
✔ Buf compares against distinct historical source and detects removed fields (508.844042ms)
✔ SCA scanner adapter consumes exact waivers and never waives scanner failures (894.845083ms)
✔ Playwright PR reporting preserves complete history for downstream security scans (1609.234167ms)
✔ all bucket migration INSERT columns exist in the shared CI fixture (0.347542ms)
﹣ PostgreSQL compiles bucket migrations and preserves private export limits (0.043791ms) # SKIP
ℹ tests 24
ℹ suites 0
ℹ pass 23
ℹ fail 0
ℹ cancelled 0
ℹ skipped 1
ℹ todo 0
ℹ duration_ms 4953.682375
