✔ all eight independently content-bound dependencies admit DEVELOPMENT only (26.825125ms)
✔ engineering aggregation preserves the sole pending user confirmation (17.08ms)
✔ milestone rejects missing F0 (15.425541ms)
✔ milestone rejects missing PRE (18.441958ms)
✔ milestone rejects duplicate dependency (13.748667ms)
✔ milestone rejects unready F0 (13.784542ms)
✔ milestone rejects manifest bytes replaced (13.52875ms)
✔ milestone rejects digest substituted (13.171875ms)
✔ milestone rejects dependency path substituted (13.313167ms)
✔ milestone rejects dependency verdict substituted (13.299791ms)
✔ milestone rejects self manifest schema (15.063667ms)
✔ milestone rejects normative change (14.432958ms)
✔ milestone rejects source input change (13.26775ms)
✔ milestone rejects unexecuted check (13.967625ms)
✔ milestone rejects missing execution time (14.019875ms)
✔ milestone rejects missing required check (13.379375ms)
✔ milestone rejects duplicate check (13.248917ms)
✔ milestone rejects wrong command (13.360083ms)
✔ milestone rejects log tampering (13.129958ms)
✔ milestone rejects rehashed prose (13.520792ms)
✔ milestone rejects external log path (13.199958ms)
✔ milestone rejects false formal acceptance (13.854833ms)
✔ milestone rejects aggregate claims database run (13.7965ms)
✔ milestone rejects hidden exclusions (16.059292ms)
✔ milestone rejects unresolved functional finding (14.226083ms)
✔ dependency validator is invoked and errors propagate (13.424667ms)
✔ fake READY cannot hide changed G0 scope (12.71275ms)
✔ arbitrary existing markdown cannot serve as a milestone receipt (0.092792ms)
✔ own arbitrary digest is rejected independently of dependency status (0.080917ms)
✔ F0 policy contains the six missing nodes and all eleven obligations (12.875209ms)
✔ production schema drift comparator rejects tables (0.121834ms)
✔ production schema drift comparator rejects columns (0.050458ms)
✔ production schema drift comparator rejects constraints (0.047875ms)
✔ production schema drift comparator rejects indexes (0.0405ms)
✔ production schema drift comparator rejects policies (0.035709ms)
✔ production schema drift comparator rejects routines (0.031125ms)
✔ production schema drift comparator rejects triggers (0.036958ms)
✔ 100-task recovery evidence cannot use 10-task diagnostic or accept P95 (1.141417ms)
✔ CI consumes the full milestone engineering validator and its negatives (0.069833ms)
ℹ tests 39
ℹ suites 0
ℹ pass 39
ℹ fail 0
ℹ cancelled 0
ℹ skipped 0
ℹ todo 0
ℹ duration_ms 461.371541
