
> @sumalpha/quantos@ test:development-plans /Users/anray/Documents/project/SumAlpha/QuantOS
> node --test scripts/development-plan-order-negative.mjs

✔ joint schedule is acyclic and preserves task/status boundaries (15.872792ms)
✔ restoring a complete R1 prerequisite for S2 services creates a rejected cycle (5.050583ms)
✔ research service waiting on its consumer page is rejected (4.652584ms)
✔ historical CORE:R04 to CORE:L04 probe now fails closed (4.497875ms)
✔ an early identity API cannot silently depend on later research services (5.760542ms)
✔ a provider cannot wait for the consumer frontend Gate (4.110958ms)
✔ removing S2 service admission from a core execution task is rejected (4.625541ms)
✔ S2 service Gate cannot omit TP12 advance evaluation (4.97725ms)
✔ I10 cannot drop testnet service admission even if metadata is edited with it (5.151583ms)
✔ a new or existing frontend cannot skip the full provider Gate (5.46025ms)
✔ G5 cannot be marked as closing in I4 before reconciliation (5.735083ms)
✔ moving the G1 block above I1 tasks is rejected (5.212916ms)
✔ milestone cannot omit its last child while retaining a Gate summary (5.287542ms)
✔ prose-only backend dependencies cannot drift from structured prerequisites (5.277667ms)
✔ core closure mapping cannot become an implicit service alias (5.206708ms)
✔ ACCEPTED checkpoint needs SHA and evidence, not only a green word (5.434208ms)
✔ accepted checkpoint evidence must resolve (2.7765ms)
✔ missing checkpoint and unknown dependency fail closed (6.490709ms)
✔ API windows cannot skip their preceding provider checkpoint (4.991042ms)
✔ UI windows cannot skip the preceding reconciliation window (4.992583ms)
✔ Web intake preserves the explicit no-model-review schema (1.686417ms)
✔ missing Web task fields still fail closed (1.389625ms)
✔ both plans must publish exactly the same stage contract (5.583ms)
✔ changing both plans cannot defer correctness or functional deadlines to release (13.4155ms)
✔ both plans must retain every deferred release obligation (14.591916ms)
✔ tasks and checkpoints cannot omit, invent, or misclassify their stage gate (18.736292ms)
✔ release prerequisites cannot block either development or integration (11.657958ms)
✔ release gates cannot skip business closure or inherit the wrong stage (13.532208ms)
✔ historical ACCEPTED and completed tasks do not automatically become READY (10.709208ms)
✔ READY needs its own input digest and resolvable evidence (37.00075ms)
✔ unassessed stage gates cannot carry an apparent ready receipt (7.525958ms)
✔ BLOCKED retains failure evidence and digest without being counted as READY (14.774625ms)
✔ a READY chain needs READY prerequisites and its own evidence at every node (18.863125ms)
✔ stage readiness never substitutes for formal acceptance evidence (2.864542ms)
✔ release READY requires formal acceptance and all functional prerequisites (8.999834ms)
✔ core intake follows the frontend audit-report format (6.242708ms)
✔ core review summary must be unique and link to audit evidence (7.951208ms)
✔ core shared task fields and existing window must stay consistent (14.380375ms)
ℹ tests 38
ℹ suites 0
ℹ pass 38
ℹ fail 0
ℹ cancelled 0
ℹ skipped 0
ℹ todo 0
ℹ duration_ms 360.028167
