
> @sumalpha/quantos@ test:pre04 /Users/anray/Documents/project/SumAlpha/QuantOS
> node --test scripts/pre04-gate-negative.mjs

✔ current full phase-one inventory passes (13.045458ms)
✔ missing Gap is rejected (4.71925ms)
✔ undecided realtime dependency is rejected (4.302ms)
✔ deleted required actorId field is rejected (4.368834ms)
✔ nonexistent field source is rejected (3.683708ms)
✔ wrong field type and optionality are rejected (3.779708ms)
✔ generated operation deletion is rejected (4.052625ms)
✔ generated method and path drift are rejected (7.7165ms)
✔ same-count schema rename is rejected (3.300042ms)
✔ schema required and enum drift are rejected (8.108916ms)
✔ same-count Proto message rename is rejected (3.847583ms)
✔ removed Proto declaration is rejected (3.867334ms)
✔ same-count JSON Schema replacement is rejected (4.035625ms)
✔ duplicate contract row is rejected before Map collapse (3.658333ms)
✔ duplicate Gap row is rejected before Map collapse (3.5545ms)
✔ nonexistent role owner is rejected (3.87975ms)
✔ nonexistent backend task is rejected (3.480208ms)
✔ nonexistent BFF task is rejected (3.43675ms)
✔ unknown Gap page is rejected (3.774833ms)
✔ each missing website P0 page is rejected (17.602541ms)
✔ missing auxiliary risk/audit/order contract is rejected (10.609833ms)
✔ closing partly published Gap is rejected (3.606916ms)
✔ omitting planned operation is rejected (3.5405ms)
✔ unpublished Inventory Fixture cannot claim Implemented (3.4815ms)
✔ generated-only contract cannot claim Integrated (3.514791ms)
✔ missing provider evidence is rejected (3.23875ms)
✔ changed provider receipt is rejected (3.449791ms)
✔ missing Inventory Fixture is rejected (4.05375ms)
✔ Desktop contamination is rejected by Web inventory (3.986459ms)
✔ nonexistent domain field mappings including the former engine-version anchor are rejected (7.46875ms)
✔ removed referenced core task is rejected (3.706833ms)
✔ catalog source drift is rejected (3.638917ms)
✔ empty implementation artifact lists are rejected for every implemented contract (10.273584ms)
✔ each missing implementation evidence category is rejected (31.993458ms)
✔ duplicate artifacts cannot substitute for test or receipt evidence (3.541625ms)
✔ another contract receipt cannot substitute for required evidence (3.660125ms)
✔ unknown task suffixes are rejected in both backend task columns (20.857834ms)
✔ ambiguous cross-prefix ranges cannot impersonate reviewed backend tasks (6.588042ms)
ℹ tests 38
ℹ suites 0
ℹ pass 38
ℹ fail 0
ℹ cancelled 0
ℹ skipped 0
ℹ todo 0
ℹ duration_ms 338.615
