
> @sumalpha/quantos@ test:pre01 /Users/anray/Documents/project/SumAlpha/QuantOS
> node --test ./scripts/tests/check-pre01.test.mjs

✔ current PRE-01 artifacts satisfy the executable contract (4.313458ms)
✔ missing a page state fails closed (2.02775ms)
✔ invalid story priority fails closed (0.609709ms)
✔ missing traceability row fails closed (1.508041ms)
✔ published operation cannot regress to planned fails closed (2.049458ms)
✔ unknown role fails closed (0.535333ms)
✔ unknown route fails closed (0.539ms)
✔ duplicate story fails closed (0.583625ms)
✔ missing flow stories fails closed (0.622458ms)
✔ missing flow scenarios fails closed (1.286166ms)
✔ unsafe proposal criterion fails closed (1.263334ms)
✔ unknown trace task fails closed (1.59975ms)
✔ unauthorized admin grant fails closed (0.866875ms)
✔ missing permission route fails closed (0.814459ms)
✔ phase-one P16 fails closed (0.084792ms)
✔ missing contract owner fails closed (1.164666ms)
✔ empty flow role fails closed (0.609042ms)
✔ empty flow route fails closed (0.644167ms)
✔ state label mismatch fails closed (0.915875ms)
✔ desktop-only story fails closed (0.493125ms)
✔ persistent offline cache fails closed (1.058666ms)
✔ admin domain permission fails closed (0.86425ms)
✔ missing page story fails closed (0.557ms)
✔ cross-page route fails closed (0.550833ms)
✔ current G0 governance preserves history without granting current acceptance (3.640792ms)
✔ past-due G0 item cannot silently remain OPEN (1.086125ms)
✔ fabricated G0 acceptance fails against current checkpoint (0.652916ms)
✔ missing G0 leftover owner fails (0.690041ms)
✔ P05 cannot bind metadata download to an untraced audit export operation (2.753417ms)
✔ P21 cannot drop alert ownership from both ledger and trace while retaining the subscription (2.0575ms)
✔ unknown unlabelled operation in API register is rejected (1.875042ms)
✔ P05 quality alerts require C16 ownership on the consumer page (1.655333ms)
✔ API register rejects current version 1.4.0 (1.553042ms)
✔ API register rejects current version 99.99.0 (1.761834ms)
✔ published register row cannot omit API version (1.769291ms)
✔ published register row cannot omit generated mock version (2.09625ms)
✔ all ten historical compatibility strategies cannot be cleared (0.935958ms)
✔ current disposition cannot drop a historical parent (1.121583ms)
✔ current disposition requires effective checkpoint deadline (0.945583ms)
✔ current disposition cannot claim target RELEASE completion (0.972417ms)
✔ current disposition requires nonempty compatibility strategy (0.860292ms)
✔ current disposition presentation must match structured source (0.867ms)
✔ current deadline cannot defer DEVELOPMENT provider obligations to integration (0.947042ms)
ℹ tests 43
ℹ suites 0
ℹ pass 43
ℹ fail 0
ℹ cancelled 0
ℹ skipped 0
ℹ todo 0
ℹ duration_ms 173.731083
