
> @sumalpha/quantos@ test:pre03 /Users/anray/Documents/project/SumAlpha/QuantOS
> node --test scripts/pre03-gate-negative.mjs

✔ current Web contract passes and never loads Desktop inputs (8.463417ms)
✔ apps/terminal rejects Next 15.5.23 (5.4945ms)
✔ apps/terminal rejects Next 16.0.0 (1.886542ms)
✔ apps/website rejects Next 15.5.23 (1.673208ms)
✔ apps/website rejects Next 16.0.0 (1.61775ms)
✔ missing package resolutions (1.8195ms)
✔ missing snapshots (1.266917ms)
✔ specifier drift (1.807625ms)
✔ dependency removed (1.835125ms)
✔ dependency inserted (1.851917ms)
✔ manifest drift fails without changing lock (0.841666ms)
✔ ADR drift fails (0.734625ms)
✔ duplicate ADR version row fails (0.69275ms)
✔ missing transitive snapshot fails (1.679375ms)
✔ Node pin drift fails (0.7615ms)
✔ effective Next configuration: valid export (216.919417ms)
✔ effective Next configuration: comment marker (224.524084ms)
✔ effective Next configuration: dead branch (215.093875ms)
✔ effective Next configuration: subsequent override (215.214875ms)
✔ effective Next configuration: function config (215.499959ms)
✔ bad route resources, fake HTML and script failures fail closed (11799.657375ms)
✔ Next-specific async client violation is an ESLint error (240.058125ms)
✔ build receipts reject stale source, config, identity and missing receipts (2.068958ms)
✔ source binding ignores caches but detects actual source changes (3.782375ms)
✔ all workspace importers and exact link targets are required (11.42225ms)
✔ runtime loader discovers omitted manifests independently of lockfile (515.329667ms)
✔ per-app env files are isolated and reloaded without polluting caller (663.865667ms)
ℹ tests 27
ℹ suites 0
ℹ pass 27
ℹ fail 0
ℹ cancelled 0
ℹ skipped 0
ℹ todo 0
ℹ duration_ms 15065.409458
