
> @sumalpha/quantos@ test:pre02 /Users/anray/Documents/project/SumAlpha/QuantOS
> pnpm --filter @sumalpha/ui test:pre02


> @sumalpha/ui@0.1.0 test:pre02 /Users/anray/Documents/project/SumAlpha/QuantOS/packages/ui
> node --test scripts/pre02-gate-negative.mjs

✔ current PRE-02 design-system contract passes (7.832042ms)
✔ renaming a required safety key fails even when the count stays at 18 (1.584125ms)
✔ missing state color mapping fails closed (1.307334ms)
✔ insufficient focus contrast is rejected (1.112625ms)
✔ missing readonly viewport is rejected (1.386541ms)
✔ deny cannot become success (1.394791ms)
✔ mapped token paths must exist (0.829458ms)
✔ English safety semantics cannot be inverted (0.702375ms)
✔ all compact density values remain frozen (0.792708ms)
✔ focus width and path remain frozen (0.846916ms)
✔ breakpoint intervals cannot develop gaps (0.669625ms)
✔ typography and spacing must match the reviewed contract (1.100334ms)
✔ required component identity cannot be replaced (0.700208ms)
✔ comments do not supply executable Storybook configuration (0.782292ms)
✔ surface.2 contrast cannot be removed from the contract (0.756958ms)
✔ native reference viewport is not a prerequisite of the Web Gate (0.618958ms)
✔ disabled contrast rule cannot hide behind a matching comment (0.60225ms)
✔ readonly viewport dimensions cannot hide behind its identifier (0.805417ms)
✔ phase-two page cannot enter the Web component acceptance rows (0.704125ms)
✔ provider JSX outside the decorator cannot authorize empty decorators (0.659208ms)
✔ unexported configuration does not authorize a Storybook entry (0.68125ms)
✔ initial theme cannot contradict the dark default contract (0.745542ms)
✔ object spread cannot silently override required addons (0.726208ms)
✔ duplicate decorators cannot replace the validated provider tree (0.688958ms)
✔ dead JSX branches are not executed provider decorators (0.994708ms)
✔ provider attributes cannot be overwritten through JSX spreads (0.751084ms)
✔ provider-only JSX without the Story consumer is rejected (0.681917ms)
ℹ tests 27
ℹ suites 0
ℹ pass 27
ℹ fail 0
ℹ cancelled 0
ℹ skipped 0
ℹ todo 0
ℹ duration_ms 204.844708
