
> @sumalpha/quantos@ test:pre06 /Users/anray/Documents/project/SumAlpha/QuantOS
> node --test scripts/pre06-gate-negative.mjs scripts/pre06-runtime-negative.mjs

✔ current PRE-06 Web baseline passes (25.922542ms)
✔ website browser Gate deletion is rejected (10.480833ms)
✔ Desktop coupling in phase-one compatibility is rejected (7.666583ms)
✔ Desktop deep-link inclusion in phase-one Terminal is rejected (7.469834ms)
✔ generated operation coverage drift is rejected (6.727625ms)
✔ visual baseline integrity failure is rejected (6.272417ms)
✔ performance budget weakening is rejected (5.555292ms)
✔ disabled CI steps and comment-only commands are rejected (16.514333ms)
✔ contract assertion deletion and visual comparison deletion fail closed (11.027042ms)
✔ website performance and critical coverage gates cannot be removed (10.51775ms)
✔ CI retry policy must reject flaky outcomes and archive failure evidence (9.980625ms)
✔ comments cannot restore weakened budget or critical coverage policy (15.230125ms)
✔ skipped suites and inactive screenshot assertions cannot satisfy the baseline (36.390458ms)
✔ critical contract callbacks cannot return early, hide assertions, or remove runtime counting (23.26775ms)
✔ unknown and corrupted fixtures are rejected, explicit sabotage fixtures remain expected failures (30.223834ms)
✔ empty assets and empty route manifest are never a zero-sized performance PASS (28.215791ms)
✔ actual CI configs return nonzero for first-fail-then-pass policy probe (1271.996209ms)
ℹ tests 17
ℹ suites 0
ℹ pass 17
ℹ fail 0
ℹ cancelled 0
ℹ skipped 0
ℹ todo 0
ℹ duration_ms 1382.136875
