Validated 6 pinned Buf plugins and locked generation workflow.
✔ proto generation configuration is pinned and lock-preserving (36.819208ms)
✔ proto generation configuration rejects an unpinned remote plugin (36.230167ms)
✔ proto generation configuration rejects implicit dependency updates (35.638709ms)
ℹ tests 3
ℹ suites 0
ℹ pass 3
ℹ fail 0
ℹ cancelled 0
ℹ skipped 0
ℹ todo 0
ℹ duration_ms 139.284875
Extracted 50 JSON schema documents.
Validated 50 standalone JSON schemas and 11 planned domain schemas.
✔ standalone JSON schema gate passes the complete generated catalog (133.738583ms)
✔ standalone JSON schema gate rejects a missing planned domain schema (48.868ms)
✔ standalone JSON schema gate rejects an unresolved reference (127.99375ms)
ℹ tests 3
ℹ suites 0
ℹ pass 3
ℹ fail 0
ℹ cancelled 0
ℹ skipped 0
ℹ todo 0
ℹ duration_ms 345.1005
Proto compatibility checked against 47cb743c4587f2eb866f39c594a472a86d262dfc
Proto checks passed.
