
> @sumalpha/quantos@ test:provider-a1 /Users/anray/Documents/project/SumAlpha/QuantOS
> node --test scripts/provider-a1-receipts.test.mjs

✔ valid source and execution-bound dependency chain is READY without release signatures (38.514334ms)
✔ missing required execution (28.111333ms)
✔ failed execution (26.917959ms)
✔ wrong actual command (27.792709ms)
✔ unresolved issue (22.356958ms)
✔ wrong node (21.970667ms)
✔ missing source inventory (26.9115ms)
✔ plan scope changed (22.278667ms)
✔ outside log path (26.423583ms)
✔ wrong log digest (26.911875ms)
✔ missing dependency (25.799666ms)
✔ dependency digest substituted (27.865542ms)
✔ tampered manifest bytes are rejected (23.817375ms)
✔ changed source content is rejected despite unchanged gate digest (35.237875ms)
✔ dependency must independently be READY (26.18025ms)
✔ arbitrary log cannot masquerade as successful execution (25.562542ms)
✔ input file symlink cannot escape the repository (25.634625ms)
✔ database execution cannot be inferred from a normal local PASS (34.331042ms)
✔ Supabase target receipt verifies each compressed execution log (36.098792ms)
✔ source drift during execution invalidates the original input snapshot (42.85225ms)
✔ requirement drift during execution invalidates the original input snapshot (45.383875ms)
✔ controlled public development profile overrides stale values and preserves server inputs (0.1555ms)
✔ private credentials cannot be injected through a public development profile (0.10225ms)
✔ transient Auth 503 can retry only a complete target execution (0.105875ms)
✔ persistent target timeout never becomes PASS and stops at its budget (0.075333ms)
✔ semantic target failures stop without retry or PASS (0.023917ms)
✔ target retry budget cannot be unbounded (0.110292ms)
✔ configured target retries require explicit attempt outcomes in the receipt (31.094125ms)
✔ three successful full builds bind output inventories (0.338666ms)
✔ reproducibility rejects only two builds (0.107958ms)
✔ reproducibility rejects missing Python build (0.119333ms)
✔ reproducibility rejects failed command (0.24525ms)
✔ reproducibility rejects different output digest (0.091958ms)
✔ reproducibility rejects substituted inventory (0.067292ms)
✔ reproducibility rejects dirty source (0.055584ms)
✔ reproducibility rejects old source (0.060333ms)
✔ development policy retains explicit build, coverage, volume and target storage obligations (0.289542ms)
✔ static make commands cannot reload .env.local or inherit target database opt-ins (0.078834ms)
✔ volume retry restarts the complete check only on a closed PostgreSQL transport (0.049166ms)
✔ volume correctness and certificate errors cannot be retried into PASS (0.028708ms)
✔ persistent database transport failure stays failed at the retry limit (0.025125ms)
✔ separate assessment snapshot preserves historical manifests and binds its own logs (31.537958ms)
✔ third-party Git link binds the actual clean checkout and rejects dirty/advanced source (138.709583ms)
ℹ tests 43
ℹ suites 0
ℹ pass 43
ℹ fail 0
ℹ cancelled 0
ℹ skipped 0
ℹ todo 0
ℹ duration_ms 862.890292
