TAP version 13
# Subtest: complete current evidence passes with all dependencies checked
ok 1 - complete current evidence passes with all dependencies checked
  ---
  duration_ms: 755.4955
  type: 'test'
  ...
# Subtest: own failure is rejected
ok 2 - own failure is rejected
  ---
  duration_ms: 640.172417
  type: 'test'
  ...
# Subtest: residual defect is rejected
ok 3 - residual defect is rejected
  ---
  duration_ms: 639.587291
  type: 'test'
  ...
# Subtest: stale code is rejected
ok 4 - stale code is rejected
  ---
  duration_ms: 627.355
  type: 'test'
  ...
# Subtest: upstream not READY is rejected
ok 5 - upstream not READY is rejected
  ---
  duration_ms: 605.109625
  type: 'test'
  ...
# Subtest: upstream digest changed is rejected
ok 6 - upstream digest changed is rejected
  ---
  duration_ms: 600.502042
  type: 'test'
  ...
# Subtest: recursive upstream failure is rejected
ok 7 - recursive upstream failure is rejected
  ---
  duration_ms: 616.353417
  type: 'test'
  ...
# Subtest: evidence tampered is rejected
ok 8 - evidence tampered is rejected
  ---
  duration_ms: 608.293375
  type: 'test'
  ...
# Subtest: target assertion missing is rejected
ok 9 - target assertion missing is rejected
  ---
  duration_ms: 582.239
  type: 'test'
  ...
# Subtest: cleanup unverified is rejected
ok 10 - cleanup unverified is rejected
  ---
  duration_ms: 605.332375
  type: 'test'
  ...
# Subtest: live policy mutant survives is rejected
ok 11 - live policy mutant survives is rejected
  ---
  duration_ms: 614.27175
  type: 'test'
  ...
# Subtest: live semantic test omitted is rejected
ok 12 - live semantic test omitted is rejected
  ---
  duration_ms: 580.086667
  type: 'test'
  ...
# Subtest: target source stale is rejected
ok 13 - target source stale is rejected
  ---
  duration_ms: 608.363583
  type: 'test'
  ...
# Subtest: audit trace absent is rejected
ok 14 - audit trace absent is rejected
  ---
  duration_ms: 628.541334
  type: 'test'
  ...
# Subtest: missing successful target getSession is rejected
ok 15 - missing successful target getSession is rejected
  ---
  duration_ms: 617.161
  type: 'test'
  ...
# Subtest: missing successful target getContext is rejected
ok 16 - missing successful target getContext is rejected
  ---
  duration_ms: 645.821917
  type: 'test'
  ...
# Subtest: missing successful target reauth is rejected
ok 17 - missing successful target reauth is rejected
  ---
  duration_ms: 657.009
  type: 'test'
  ...
# Subtest: missing successful target mfaChallenge is rejected
ok 18 - missing successful target mfaChallenge is rejected
  ---
  duration_ms: 618.746667
  type: 'test'
  ...
# Subtest: missing successful target logout is rejected
ok 19 - missing successful target logout is rejected
  ---
  duration_ms: 642.651
  type: 'test'
  ...
# Subtest: missing successful target submitAccessRequest is rejected
ok 20 - missing successful target submitAccessRequest is rejected
  ---
  duration_ms: 621.163875
  type: 'test'
  ...
# Subtest: missing successful target getProfile is rejected
ok 21 - missing successful target getProfile is rejected
  ---
  duration_ms: 643.914833
  type: 'test'
  ...
# Subtest: missing successful target saveProfile is rejected
ok 22 - missing successful target saveProfile is rejected
  ---
  duration_ms: 618.4755
  type: 'test'
  ...
# Subtest: missing successful target getNotificationPrefs is rejected
ok 23 - missing successful target getNotificationPrefs is rejected
  ---
  duration_ms: 615.001
  type: 'test'
  ...
# Subtest: missing successful target saveNotificationPrefs is rejected
ok 24 - missing successful target saveNotificationPrefs is rejected
  ---
  duration_ms: 637.468708
  type: 'test'
  ...
# Subtest: missing successful target getSecuritySettings is rejected
ok 25 - missing successful target getSecuritySettings is rejected
  ---
  duration_ms: 628.163209
  type: 'test'
  ...
# Subtest: missing successful target listSessions is rejected
ok 26 - missing successful target listSessions is rejected
  ---
  duration_ms: 617.896291
  type: 'test'
  ...
# Subtest: missing successful target revokeSession is rejected
ok 27 - missing successful target revokeSession is rejected
  ---
  duration_ms: 616.189709
  type: 'test'
  ...
# Subtest: missing successful target subscribeSessionRevocations is rejected
ok 28 - missing successful target subscribeSessionRevocations is rejected
  ---
  duration_ms: 639.336583
  type: 'test'
  ...
# Subtest: missing successful target listDevices is rejected
ok 29 - missing successful target listDevices is rejected
  ---
  duration_ms: 616.492709
  type: 'test'
  ...
# Subtest: missing successful target revokeDevice is rejected
ok 30 - missing successful target revokeDevice is rejected
  ---
  duration_ms: 634.979708
  type: 'test'
  ...
# Subtest: missing successful target setupMfa is rejected
ok 31 - missing successful target setupMfa is rejected
  ---
  duration_ms: 622.813041
  type: 'test'
  ...
# Subtest: missing successful target revokeMfaFactor is rejected
ok 32 - missing successful target revokeMfaFactor is rejected
  ---
  duration_ms: 621.769042
  type: 'test'
  ...
# Subtest: missing successful target listDownloads is rejected
ok 33 - missing successful target listDownloads is rejected
  ---
  duration_ms: 635.897375
  type: 'test'
  ...
# Subtest: missing successful target getPlatformCapabilities is rejected
ok 34 - missing successful target getPlatformCapabilities is rejected
  ---
  duration_ms: 626.685375
  type: 'test'
  ...
# Subtest: all target status 401 is rejected
ok 35 - all target status 401 is rejected
  ---
  duration_ms: 637.166084
  type: 'test'
  ...
# Subtest: all target status 500 is rejected
ok 36 - all target status 500 is rejected
  ---
  duration_ms: 645.356125
  type: 'test'
  ...
# Subtest: missing SSE assertion is rejected
ok 37 - missing SSE assertion is rejected
  ---
  duration_ms: 603.198292
  type: 'test'
  ...
# Subtest: missing target commit is rejected
ok 38 - missing target commit is rejected
  ---
  duration_ms: 640.668333
  type: 'test'
  ...
# Subtest: malformed target commit is rejected
ok 39 - malformed target commit is rejected
  ---
  duration_ms: 644.400083
  type: 'test'
  ...
# Subtest: unknown target commit is rejected
ok 40 - unknown target commit is rejected
  ---
  duration_ms: 648.053458
  type: 'test'
  ...
# Subtest: contract issues missing is rejected
ok 41 - contract issues missing is rejected
  ---
  duration_ms: 619.72325
  type: 'test'
  ...
# Subtest: target source must match immutable execution commit
ok 42 - target source must match immutable execution commit
  ---
  duration_ms: 651.909458
  type: 'test'
  ...
# Subtest: successful coverage permits explicit denial probe without contract metadata
ok 43 - successful coverage permits explicit denial probe without contract metadata
  ---
  duration_ms: 621.642375
  type: 'test'
  ...
# Subtest: denial probe with contract failures is rejected
ok 44 - denial probe with contract failures is rejected
  ---
  duration_ms: 628.480458
  type: 'test'
  ...
# Subtest: current BFF-FE-001 repository Gate passes
ok 45 - current BFF-FE-001 repository Gate passes
  ---
  duration_ms: 6.365916
  type: 'test'
  ...
# Subtest: CSRF deletion is rejected
ok 46 - CSRF deletion is rejected
  ---
  duration_ms: 6.598916
  type: 'test'
  ...
# Subtest: bearer session regression is rejected
ok 47 - bearer session regression is rejected
  ---
  duration_ms: 5.098375
  type: 'test'
  ...
# Subtest: recent-auth deletion is rejected
ok 48 - recent-auth deletion is rejected
  ---
  duration_ms: 5.536333
  type: 'test'
  ...
# Subtest: idempotency deletion is rejected
ok 49 - idempotency deletion is rejected
  ---
  duration_ms: 4.288167
  type: 'test'
  ...
# Subtest: last-factor protection deletion is rejected
ok 50 - last-factor protection deletion is rejected
  ---
  duration_ms: 4.058458
  type: 'test'
  ...
# Subtest: resource-hiding 404 deletion is rejected
ok 51 - resource-hiding 404 deletion is rejected
  ---
  duration_ms: 3.970375
  type: 'test'
  ...
# Subtest: revocation replay deletion is rejected
ok 52 - revocation replay deletion is rejected
  ---
  duration_ms: 4.361666
  type: 'test'
  ...
# Subtest: security audit reference deletion is rejected
ok 53 - security audit reference deletion is rejected
  ---
  duration_ms: 3.948917
  type: 'test'
  ...
# Subtest: dependency regression is rejected
ok 54 - dependency regression is rejected
  ---
  duration_ms: 3.130708
  type: 'test'
  ...
# Subtest: provider changes invalidate executed evidence
ok 55 - provider changes invalidate executed evidence
  ---
  duration_ms: 2.666167
  type: 'test'
  ...
# Subtest: providerTests changes invalidate executed evidence
ok 56 - providerTests changes invalidate executed evidence
  ---
  duration_ms: 2.700375
  type: 'test'
  ...
# Subtest: authClient changes invalidate executed evidence
ok 57 - authClient changes invalidate executed evidence
  ---
  duration_ms: 2.945916
  type: 'test'
  ...
# Subtest: settingsClient changes invalidate executed evidence
ok 58 - settingsClient changes invalidate executed evidence
  ---
  duration_ms: 2.841375
  type: 'test'
  ...
# Subtest: liveProvider changes invalidate executed evidence
ok 59 - liveProvider changes invalidate executed evidence
  ---
  duration_ms: 2.658042
  type: 'test'
  ...
# Subtest: frontendWorkflow commands in comments do not count as CI
ok 60 - frontendWorkflow commands in comments do not count as CI
  ---
  duration_ms: 3.267833
  type: 'test'
  ...
# Subtest: ciWorkflow commands in comments do not count as CI
ok 61 - ciWorkflow commands in comments do not count as CI
  ---
  duration_ms: 2.85175
  type: 'test'
  ...
# Subtest: disabled CI steps cannot satisfy the Gate
ok 62 - disabled CI steps cannot satisfy the Gate
  ---
  duration_ms: 3.268291
  type: 'test'
  ...
# Subtest: outdated inventory cannot satisfy the active evidence Gate
ok 63 - outdated inventory cannot satisfy the active evidence Gate
  ---
  duration_ms: 2.613708
  type: 'test'
  ...
# Subtest: commented Make recipes do not satisfy executable wiring
ok 64 - commented Make recipes do not satisfy executable wiring
  ---
  duration_ms: 2.314708
  type: 'test'
  ...
# Subtest: no semantic receipt cannot satisfy the Gate
ok 65 - no semantic receipt cannot satisfy the Gate
  ---
  duration_ms: 2.407958
  type: 'test'
  ...
# Subtest: deleted active evidence cannot satisfy the Gate
ok 66 - deleted active evidence cannot satisfy the Gate
  ---
  duration_ms: 2.378833
  type: 'test'
  ...
# Subtest: fully bound executed evidence is admitted
ok 67 - fully bound executed evidence is admitted
  ---
  duration_ms: 1.788833
  type: 'test'
  ...
# Subtest: Node spec reporter with successful executed assertions is admitted
ok 68 - Node spec reporter with successful executed assertions is admitted
  ---
  duration_ms: 0.367958
  type: 'test'
  ...
# Subtest: Node non-execution or failure summary is rejected: "\# pass 0\\n\# fail 0\\n"
ok 69 - Node non-execution or failure summary is rejected: "\# pass 0\\n\# fail 0\\n"
  ---
  duration_ms: 0.517
  type: 'test'
  ...
# Subtest: Node non-execution or failure summary is rejected: "\# pass 21\\n\# fail 1\\n"
ok 70 - Node non-execution or failure summary is rejected: "\# pass 21\\n\# fail 1\\n"
  ---
  duration_ms: 0.222125
  type: 'test'
  ...
# Subtest: Node non-execution or failure summary is rejected: "business assertions passed\\n"
ok 71 - Node non-execution or failure summary is rejected: "business assertions passed\\n"
  ---
  duration_ms: 0.175666
  type: 'test'
  ...
# Subtest: Node non-execution or failure summary is rejected: "// \# pass 21\\n// \# fail 0\\n"
ok 72 - Node non-execution or failure summary is rejected: "// \# pass 21\\n// \# fail 0\\n"
  ---
  duration_ms: 0.162958
  type: 'test'
  ...
# Subtest: comments-only replacement changes functional inputs is rejected
ok 73 - comments-only replacement changes functional inputs is rejected
  ---
  duration_ms: 0.5605
  type: 'test'
  ...
# Subtest: unready dependency is rejected
ok 74 - unready dependency is rejected
  ---
  duration_ms: 0.186959
  type: 'test'
  ...
# Subtest: missing live execution is rejected
ok 75 - missing live execution is rejected
  ---
  duration_ms: 0.1645
  type: 'test'
  ...
# Subtest: evidence bytes changed is rejected
ok 76 - evidence bytes changed is rejected
  ---
  duration_ms: 0.202583
  type: 'test'
  ...
# Subtest: compilation-only mutant rejection is rejected
ok 77 - compilation-only mutant rejection is rejected
  ---
  duration_ms: 0.204709
  type: 'test'
  ...
# Subtest: missing current export roots is rejected
ok 78 - missing current export roots is rejected
  ---
  duration_ms: 0.1915
  type: 'test'
  ...
# Subtest: missing authentication matrix is rejected
ok 79 - missing authentication matrix is rejected
  ---
  duration_ms: 0.235166
  type: 'test'
  ...
# Subtest: unexecuted target assertion is rejected
ok 80 - unexecuted target assertion is rejected
  ---
  duration_ms: 0.193542
  type: 'test'
  ...
# Subtest: dependency validator failed is rejected
ok 81 - dependency validator failed is rejected
  ---
  duration_ms: 0.085458
  type: 'test'
  ...
# Subtest: missing target sourceCommit is rejected
ok 82 - missing target sourceCommit is rejected
  ---
  duration_ms: 0.640625
  type: 'test'
  ...
# Subtest: malformed target commit is rejected
ok 83 - malformed target commit is rejected
  ---
  duration_ms: 0.2875
  type: 'test'
  ...
# Subtest: unknown target commit is rejected
ok 84 - unknown target commit is rejected
  ---
  duration_ms: 0.195292
  type: 'test'
  ...
# Subtest: target source differs from original commit is rejected
ok 85 - target source differs from original commit is rejected
  ---
  duration_ms: 0.211417
  type: 'test'
  ...
# Subtest: current BFF-FE-007 repository Gate passes
ok 86 - current BFF-FE-007 repository Gate passes
  ---
  duration_ms: 0.825833
  type: 'test'
  ...
# Subtest: redaction attestation deletion is rejected
ok 87 - redaction attestation deletion is rejected
  ---
  duration_ms: 1.516167
  type: 'test'
  ...
# Subtest: evidence cursor deletion is rejected
ok 88 - evidence cursor deletion is rejected
  ---
  duration_ms: 1.063208
  type: 'test'
  ...
# Subtest: export capability regression is rejected
ok 89 - export capability regression is rejected
  ---
  duration_ms: 1.089708
  type: 'test'
  ...
# Subtest: CSRF deletion is rejected
ok 90 - CSRF deletion is rejected
  ---
  duration_ms: 1.079292
  type: 'test'
  ...
# Subtest: recent-auth deletion is rejected
ok 91 - recent-auth deletion is rejected
  ---
  duration_ms: 1.02575
  type: 'test'
  ...
# Subtest: idempotency deletion is rejected
ok 92 - idempotency deletion is rejected
  ---
  duration_ms: 1.22375
  type: 'test'
  ...
# Subtest: expired download response deletion is rejected
ok 93 - expired download response deletion is rejected
  ---
  duration_ms: 1.258333
  type: 'test'
  ...
# Subtest: download URL leakage through status is rejected
ok 94 - download URL leakage through status is rejected
  ---
  duration_ms: 1.384209
  type: 'test'
  ...
# Subtest: watermark deletion is rejected
ok 95 - watermark deletion is rejected
  ---
  duration_ms: 1.334083
  type: 'test'
  ...
# Subtest: dependency regression is rejected
ok 96 - dependency regression is rejected
  ---
  duration_ms: 0.2625
  type: 'test'
  ...
# Subtest: A2 admits all 26 APIs only after three strict dependency validations
ok 97 - A2 admits all 26 APIs only after three strict dependency validations
  ---
  duration_ms: 154.167792
  type: 'test'
  ...
# Subtest: A1 manifest impersonates A2 is rejected
ok 98 - A1 manifest impersonates A2 is rejected
  ---
  duration_ms: 79.633583
  type: 'test'
  ...
# Subtest: child manifest impersonates A2 is rejected
ok 99 - child manifest impersonates A2 is rejected
  ---
  duration_ms: 75.221458
  type: 'test'
  ...
# Subtest: formal acceptance is falsely inherited is rejected
ok 100 - formal acceptance is falsely inherited is rejected
  ---
  duration_ms: 76.163041
  type: 'test'
  ...
# Subtest: own failure is rejected
ok 101 - own failure is rejected
  ---
  duration_ms: 75.988375
  type: 'test'
  ...
# Subtest: residual issue is rejected
ok 102 - residual issue is rejected
  ---
  duration_ms: 74.823459
  type: 'test'
  ...
# Subtest: unsafe evidence directory is rejected
ok 103 - unsafe evidence directory is rejected
  ---
  duration_ms: 73.852542
  type: 'test'
  ...
# Subtest: missing dependency is rejected
ok 104 - missing dependency is rejected
  ---
  duration_ms: 76.403792
  type: 'test'
  ...
# Subtest: dependency not READY is rejected
ok 105 - dependency not READY is rejected
  ---
  duration_ms: 73.888333
  type: 'test'
  ...
# Subtest: dependency digest changed is rejected
ok 106 - dependency digest changed is rejected
  ---
  duration_ms: 74.679916
  type: 'test'
  ...
# Subtest: dependency bytes substituted is rejected
ok 107 - dependency bytes substituted is rejected
  ---
  duration_ms: 74.25775
  type: 'test'
  ...
# Subtest: recursive semantic failure is rejected
ok 108 - recursive semantic failure is rejected
  ---
  duration_ms: 72.223125
  type: 'test'
  ...
# Subtest: normative input changed is rejected
ok 109 - normative input changed is rejected
  ---
  duration_ms: 73.4345
  type: 'test'
  ...
# Subtest: normative plan changed is rejected
ok 110 - normative plan changed is rejected
  ---
  duration_ms: 71.548458
  type: 'test'
  ...
# Subtest: missing API coverage is rejected
ok 111 - missing API coverage is rejected
  ---
  duration_ms: 108.672208
  type: 'test'
  ...
# Subtest: duplicated API coverage is rejected
ok 112 - duplicated API coverage is rejected
  ---
  duration_ms: 103.326584
  type: 'test'
  ...
# Subtest: target receipt substituted is rejected
ok 113 - target receipt substituted is rejected
  ---
  duration_ms: 100.874625
  type: 'test'
  ...
# Subtest: failed target API is rejected
ok 114 - failed target API is rejected
  ---
  duration_ms: 101.807083
  type: 'test'
  ...
# Subtest: all target operations denied is rejected
ok 115 - all target operations denied is rejected
  ---
  duration_ms: 101.963875
  type: 'test'
  ...
# Subtest: planned API counted as implementation is rejected
ok 116 - planned API counted as implementation is rejected
  ---
  duration_ms: 105.21475
  type: 'test'
  ...
# Subtest: catalog scope omitted is rejected
ok 117 - catalog scope omitted is rejected
  ---
  duration_ms: 104.73725
  type: 'test'
  ...
# Subtest: wrong API owner is rejected
ok 118 - wrong API owner is rejected
  ---
  duration_ms: 100.517917
  type: 'test'
  ...
# Subtest: executed check absent is rejected
ok 119 - executed check absent is rejected
  ---
  duration_ms: 103.253334
  type: 'test'
  ...
# Subtest: failed execution is rejected
ok 120 - failed execution is rejected
  ---
  duration_ms: 106.282666
  type: 'test'
  ...
# Subtest: log substituted is rejected
ok 121 - log substituted is rejected
  ---
  duration_ms: 101.498042
  type: 'test'
  ...
# Subtest: negative tests not executed is rejected
ok 122 - negative tests not executed is rejected
  ---
  duration_ms: 101.377
  type: 'test'
  ...
# Subtest: negative tests failed is rejected
ok 123 - negative tests failed is rejected
  ---
  duration_ms: 101.801792
  type: 'test'
  ...
# Subtest: mandatory CI removed is rejected
ok 124 - mandatory CI removed is rejected
  ---
  duration_ms: 75.956709
  type: 'test'
  ...
# Subtest: mandatory CI disabled is rejected
ok 125 - mandatory CI disabled is rejected
  ---
  duration_ms: 75.601959
  type: 'test'
  ...
# Subtest: mandatory CI conditional is rejected
ok 126 - mandatory CI conditional is rejected
  ---
  duration_ms: 76.483042
  type: 'test'
  ...
# Subtest: current Makefile/package/CI invoke the strict A2 checkpoint
ok 127 - current Makefile/package/CI invoke the strict A2 checkpoint
  ---
  duration_ms: 0.89
  type: 'test'
  ...
1..127
# tests 127
# suites 0
# pass 127
# fail 0
# cancelled 0
# skipped 0
# todo 0
# duration_ms 27698.318709
