
> @sumalpha/quantos@ test:development-plans /Users/anray/Documents/project/SumAlpha/QuantOS
> node --test scripts/development-plan-order-negative.mjs

✔ joint schedule is acyclic and preserves task/status boundaries (17.4485ms)
✔ restoring a complete R1 prerequisite for S2 services creates a rejected cycle (5.243917ms)
✔ research service waiting on its consumer page is rejected (4.672208ms)
✔ historical CORE:R04 to CORE:L04 probe now fails closed (4.508958ms)
✔ an early identity API cannot silently depend on later research services (6.477834ms)
✔ a provider cannot wait for the consumer frontend Gate (4.413417ms)
✔ removing S2 service admission from a core execution task is rejected (4.9505ms)
✔ S2 service Gate cannot omit TP12 advance evaluation (5.18525ms)
✔ I10 cannot drop testnet service admission even if metadata is edited with it (5.325166ms)
✔ a new or existing frontend cannot skip the full provider Gate (6.076291ms)
✔ G5 cannot be marked as closing in I4 before reconciliation (6.113625ms)
✔ moving the G1 block above I1 tasks is rejected (5.343959ms)
✔ milestone cannot omit its last child while retaining a Gate summary (5.397916ms)
✔ prose-only backend dependencies cannot drift from structured prerequisites (5.23975ms)
✔ core closure mapping cannot become an implicit service alias (5.050667ms)
✔ ACCEPTED checkpoint needs SHA and evidence, not only a green word (5.554292ms)
✔ accepted checkpoint evidence must resolve (2.567334ms)
✔ missing checkpoint and unknown dependency fail closed (6.587417ms)
✔ API windows cannot skip their preceding provider checkpoint (5.473ms)
✔ UI windows cannot skip the preceding reconciliation window (5.482042ms)
✔ Web intake preserves the explicit no-model-review schema (1.963ms)
✔ missing Web task fields still fail closed (1.611291ms)
✔ both plans must publish exactly the same stage contract (6.038542ms)
✔ changing both plans cannot defer correctness or functional deadlines to release (14.440875ms)
✔ both plans must retain every deferred release obligation (15.262458ms)
✔ tasks and checkpoints cannot omit, invent, or misclassify their stage gate (19.414333ms)
✔ release prerequisites cannot block either development or integration (12.293875ms)
✔ release gates cannot skip business closure or inherit the wrong stage (13.951292ms)
✔ historical ACCEPTED and completed tasks do not automatically become READY (10.9005ms)
✔ READY needs its own input digest and resolvable evidence (36.88575ms)
✔ unassessed stage gates cannot carry an apparent ready receipt (7.417875ms)
✔ BLOCKED retains failure evidence and digest without being counted as READY (15.348666ms)
✔ a READY chain needs READY prerequisites and its own evidence at every node (20.425625ms)
✔ stage readiness never substitutes for formal acceptance evidence (3.245ms)
✔ release READY requires formal acceptance and all functional prerequisites (8.916625ms)
✔ core intake follows the frontend audit-report format (6.703833ms)
✔ core review summary must be unique and link to audit evidence (7.827375ms)
✔ core shared task fields and existing window must stay consistent (15.855667ms)
ℹ tests 38
ℹ suites 0
ℹ pass 38
ℹ fail 0
ℹ cancelled 0
ℹ skipped 0
ℹ todo 0
ℹ duration_ms 377.94175
