
> @sumalpha/quantos@ test:bff-fe-001 /private/var/folders/k8/_4hymb6j59s0c8xntb11ktmc0000gn/T/quantos-pre04-remediation-akc7r2ug
> node --test scripts/bff-fe-001-gate-negative.mjs

✔ current BFF-FE-001 repository Gate passes (0.729917ms)
✔ CSRF deletion is rejected (1.3045ms)
✔ bearer session regression is rejected (0.6335ms)
✔ recent-auth deletion is rejected (0.598166ms)
✔ idempotency deletion is rejected (0.55125ms)
✔ last-factor protection deletion is rejected (0.546667ms)
✔ resource-hiding 404 deletion is rejected (0.558791ms)
✔ revocation replay deletion is rejected (0.805ms)
✔ security audit reference deletion is rejected (0.613167ms)
✔ dependency regression is rejected (0.225708ms)
ℹ tests 10
ℹ suites 0
ℹ pass 10
ℹ fail 0
ℹ cancelled 0
ℹ skipped 0
ℹ todo 0
ℹ duration_ms 78.535083
