
> @sumalpha/quantos@ test:bff-fe-007 /private/var/folders/k8/_4hymb6j59s0c8xntb11ktmc0000gn/T/quantos-pre04-remediation-akc7r2ug
> node --test scripts/bff-fe-007-gate-negative.mjs

✔ current BFF-FE-007 repository Gate passes (0.683334ms)
✔ redaction attestation deletion is rejected (1.195084ms)
✔ evidence cursor deletion is rejected (0.615458ms)
✔ export capability regression is rejected (0.607333ms)
✔ CSRF deletion is rejected (0.582125ms)
✔ recent-auth deletion is rejected (0.569791ms)
✔ idempotency deletion is rejected (0.544667ms)
✔ expired download response deletion is rejected (0.790542ms)
✔ download URL leakage through status is rejected (0.635416ms)
✔ watermark deletion is rejected (0.6535ms)
✔ dependency regression is rejected (0.157792ms)
ℹ tests 11
ℹ suites 0
ℹ pass 11
ℹ fail 0
ℹ cancelled 0
ℹ skipped 0
ℹ todo 0
ℹ duration_ms 78.826625
