
> @sumalpha/quantos@ test:development-plans /private/var/folders/k8/_4hymb6j59s0c8xntb11ktmc0000gn/T/quantos-pre04-remediation-akc7r2ug
> node --test scripts/development-plan-order-negative.mjs

✔ joint schedule is acyclic and preserves task/status boundaries (8.564ms)
✔ restoring a complete R1 prerequisite for S2 services creates a rejected cycle (4.00125ms)
✔ research service waiting on its consumer page is rejected (3.46025ms)
✔ historical CORE:R04 to CORE:L04 probe now fails closed (3.928ms)
✔ an early identity API cannot silently depend on later research services (4.92675ms)
✔ a provider cannot wait for the consumer frontend Gate (3.393875ms)
✔ removing S2 service admission from a core execution task is rejected (3.686958ms)
✔ S2 service Gate cannot omit TP12 advance evaluation (3.79825ms)
✔ I10 cannot drop testnet service admission even if metadata is edited with it (4.472125ms)
✔ a new or existing frontend cannot skip the full provider Gate (4.138958ms)
✔ G5 cannot be marked as closing in I4 before reconciliation (4.073542ms)
✔ moving the G1 block above I1 tasks is rejected (3.838334ms)
✔ milestone cannot omit its last child while retaining a Gate summary (4.225292ms)
✔ prose-only backend dependencies cannot drift from structured prerequisites (4.27875ms)
✔ core closure mapping cannot become an implicit service alias (4.2265ms)
✔ ACCEPTED checkpoint needs SHA and evidence, not only a green word (4.146542ms)
✔ accepted checkpoint evidence must resolve (2.021125ms)
✔ missing checkpoint and unknown dependency fail closed (4.89025ms)
✔ API windows cannot skip their preceding provider checkpoint (3.621292ms)
✔ UI windows cannot skip the preceding reconciliation window (3.826875ms)
✔ Web intake preserves the explicit no-model-review schema (1.420958ms)
✔ missing Web task fields still fail closed (1.267416ms)
ℹ tests 22
ℹ suites 0
ℹ pass 22
ℹ fail 0
ℹ cancelled 0
ℹ skipped 0
ℹ todo 0
ℹ duration_ms 121.479958
