
> @sumalpha/quantos@ test:pre04 /private/var/folders/k8/_4hymb6j59s0c8xntb11ktmc0000gn/T/quantos-pre04-remediation-akc7r2ug
> node --test scripts/pre04-gate-negative.mjs

✔ current full phase-one inventory passes (10.746208ms)
✔ missing Gap is rejected (3.94775ms)
✔ undecided realtime dependency is rejected (5.25025ms)
✔ deleted required actorId field is rejected (3.374166ms)
✔ nonexistent field source is rejected (3.171125ms)
✔ wrong field type and optionality are rejected (3.362625ms)
✔ generated operation deletion is rejected (2.915333ms)
✔ generated method and path drift are rejected (6.303916ms)
✔ same-count schema rename is rejected (2.65125ms)
✔ schema required and enum drift are rejected (6.376125ms)
✔ same-count Proto message rename is rejected (3.416042ms)
✔ removed Proto declaration is rejected (3.180375ms)
✔ same-count JSON Schema replacement is rejected (2.956166ms)
✔ duplicate contract row is rejected before Map collapse (3.124333ms)
✔ duplicate Gap row is rejected before Map collapse (2.781958ms)
✔ nonexistent role owner is rejected (2.801083ms)
✔ nonexistent backend task is rejected (3.162459ms)
✔ nonexistent BFF task is rejected (2.859333ms)
✔ unknown Gap page is rejected (2.79875ms)
✔ each missing website P0 page is rejected (14.5595ms)
✔ missing auxiliary risk/audit/order contract is rejected (8.868375ms)
✔ closing partly published Gap is rejected (2.835833ms)
✔ omitting planned operation is rejected (3.094792ms)
✔ unpublished Inventory Fixture cannot claim Implemented (2.671167ms)
✔ generated-only contract cannot claim Integrated (2.707333ms)
✔ missing provider evidence is rejected (7.348959ms)
✔ changed provider receipt is rejected (3.138458ms)
✔ missing Inventory Fixture is rejected (3.000875ms)
✔ Desktop contamination is rejected by Web inventory (3.403625ms)
✔ nonexistent domain field mappings including the former engine-version anchor are rejected (6.220792ms)
✔ removed referenced core task is rejected (3.161334ms)
✔ catalog source drift is rejected (2.697167ms)
ℹ tests 32
ℹ suites 0
ℹ pass 32
ℹ fail 0
ℹ cancelled 0
ℹ skipped 0
ℹ todo 0
ℹ duration_ms 218.418125
