
> @sumalpha/quantos@ test:pre01 /private/var/folders/k8/_4hymb6j59s0c8xntb11ktmc0000gn/T/quantos-pre04-remediation-akc7r2ug
> node --test ./scripts/tests/check-pre01.test.mjs

✔ current PRE-01 artifacts satisfy the executable contract (3.96125ms)
✔ missing a page state fails closed (1.742625ms)
✔ invalid story priority fails closed (0.509291ms)
✔ missing traceability row fails closed (1.514083ms)
✔ published operation cannot regress to planned fails closed (1.629667ms)
✔ unknown role fails closed (0.545209ms)
✔ unknown route fails closed (0.501208ms)
✔ duplicate story fails closed (0.5735ms)
✔ missing flow stories fails closed (0.591417ms)
✔ missing flow scenarios fails closed (1.0885ms)
✔ unsafe proposal criterion fails closed (1.33ms)
✔ unknown trace task fails closed (1.269042ms)
✔ unauthorized admin grant fails closed (0.98225ms)
✔ missing permission route fails closed (0.727916ms)
✔ phase-one P16 fails closed (0.086ms)
✔ missing contract owner fails closed (1.057625ms)
✔ empty flow role fails closed (0.76675ms)
✔ empty flow route fails closed (0.717334ms)
✔ state label mismatch fails closed (0.906167ms)
✔ desktop-only story fails closed (0.46275ms)
✔ persistent offline cache fails closed (1.008959ms)
✔ admin domain permission fails closed (0.738083ms)
✔ missing page story fails closed (0.518917ms)
✔ cross-page route fails closed (0.484208ms)
✔ current G0 governance preserves history without granting current acceptance (0.817833ms)
✔ past-due G0 item cannot silently remain OPEN (0.440125ms)
✔ fabricated G0 acceptance fails against current checkpoint (0.406625ms)
✔ missing G0 leftover owner fails (0.547875ms)
✔ P05 cannot bind metadata download to an untraced audit export operation (1.719959ms)
✔ P21 cannot drop alert ownership from both ledger and trace while retaining the subscription (1.894375ms)
✔ unknown unlabelled operation in API register is rejected (1.589583ms)
✔ P05 quality alerts require C16 ownership on the consumer page (1.5535ms)
ℹ tests 32
ℹ suites 0
ℹ pass 32
ℹ fail 0
ℹ cancelled 0
ℹ skipped 0
ℹ todo 0
ℹ duration_ms 83.722917
