
> @sumalpha/quantos@ test /private/var/folders/k8/_4hymb6j59s0c8xntb11ktmc0000gn/T/quantos-pre04-remediation-akc7r2ug
> pnpm -r test

Scope: 7 of 8 workspace projects
packages/config test$ vitest run
packages/ui test$ vitest run
packages/config test:  RUN  v4.1.11 /private/var/folders/k8/_4hymb6j59s0c8xntb11ktmc0000gn/T/quantos-pre04-remediation-akc7r2ug/packages/config
packages/ui test:  RUN  v4.1.11 /private/var/folders/k8/_4hymb6j59s0c8xntb11ktmc0000gn/T/quantos-pre04-remediation-akc7r2ug/packages/ui
packages/config test:  Test Files  1 passed (1)
packages/config test:       Tests  12 passed (12)
packages/config test:    Start at  20:10:04
packages/config test:    Duration  105ms (transform 26ms, setup 0ms, import 34ms, tests 3ms, environment 0ms)
packages/config test: Done
packages/ui test:  Test Files  4 passed (4)
packages/ui test:       Tests  19 passed (19)
packages/ui test:    Start at  20:10:04
packages/ui test:    Duration  437ms (transform 168ms, setup 0ms, import 408ms, tests 53ms, environment 241ms)
packages/ui test: Done
packages/api-client test$ vitest run
packages/platform test$ vitest run
packages/platform test:  RUN  v4.1.11 /private/var/folders/k8/_4hymb6j59s0c8xntb11ktmc0000gn/T/quantos-pre04-remediation-akc7r2ug/packages/platform
packages/api-client test:  RUN  v4.1.11 /private/var/folders/k8/_4hymb6j59s0c8xntb11ktmc0000gn/T/quantos-pre04-remediation-akc7r2ug/packages/api-client
packages/platform test:  Test Files  1 passed (1)
packages/platform test:       Tests  2 passed (2)
packages/platform test:    Start at  20:10:05
packages/platform test:    Duration  93ms (transform 20ms, setup 0ms, import 25ms, tests 1ms, environment 0ms)
packages/platform test: Done
packages/api-client test:  Test Files  3 passed (3)
packages/api-client test:       Tests  46 passed (46)
packages/api-client test:    Start at  20:10:05
packages/api-client test:    Duration  201ms (transform 158ms, setup 0ms, import 277ms, tests 46ms, environment 0ms)
packages/api-client test: Done
apps/website test$ vitest run
packages/domain-ui test$ vitest run
apps/website test:  RUN  v4.1.11 /private/var/folders/k8/_4hymb6j59s0c8xntb11ktmc0000gn/T/quantos-pre04-remediation-akc7r2ug/apps/website
packages/domain-ui test:  RUN  v4.1.11 /private/var/folders/k8/_4hymb6j59s0c8xntb11ktmc0000gn/T/quantos-pre04-remediation-akc7r2ug/packages/domain-ui
packages/domain-ui test:  Test Files  3 passed (3)
packages/domain-ui test:       Tests  16 passed (16)
packages/domain-ui test:    Start at  20:10:05
packages/domain-ui test:    Duration  168ms (transform 137ms, setup 0ms, import 218ms, tests 9ms, environment 0ms)
packages/domain-ui test: Done
apps/website test:  Test Files  2 passed (2)
apps/website test:       Tests  7 passed (7)
apps/website test:    Start at  20:10:05
apps/website test:    Duration  637ms (transform 137ms, setup 0ms, import 211ms, tests 6ms, environment 0ms)
apps/website test: Done
apps/terminal test$ vitest run
apps/terminal test:  RUN  v4.1.11 /private/var/folders/k8/_4hymb6j59s0c8xntb11ktmc0000gn/T/quantos-pre04-remediation-akc7r2ug/apps/terminal
apps/terminal test:  Test Files  11 passed (11)
apps/terminal test:       Tests  65 passed (65)
apps/terminal test:    Start at  20:10:06
apps/terminal test:    Duration  313ms (transform 908ms, setup 0ms, import 1.58s, tests 80ms, environment 0ms)
apps/terminal test: Done
