
> @sumalpha/quantos@ test:pre06 /private/var/folders/k8/_4hymb6j59s0c8xntb11ktmc0000gn/T/quantos-pre06-remediation-aqs3tj_f
> node --test scripts/pre06-gate-negative.mjs scripts/pre06-runtime-negative.mjs

✔ current PRE-06 Web baseline passes (24.297042ms)
✔ website browser Gate deletion is rejected (10.202875ms)
✔ Desktop coupling in phase-one compatibility is rejected (7.725416ms)
✔ Desktop deep-link inclusion in phase-one Terminal is rejected (6.584542ms)
✔ generated operation coverage drift is rejected (6.12025ms)
✔ visual baseline integrity failure is rejected (5.545167ms)
✔ performance budget weakening is rejected (5.3945ms)
✔ disabled CI steps and comment-only commands are rejected (16.027583ms)
✔ contract assertion deletion and visual comparison deletion fail closed (9.938791ms)
✔ website performance and critical coverage gates cannot be removed (10.168625ms)
✔ CI retry policy must reject flaky outcomes and archive failure evidence (9.498042ms)
✔ comments cannot restore weakened budget or critical coverage policy (13.171583ms)
✔ unknown and corrupted fixtures are rejected, explicit sabotage fixtures remain expected failures (30.014584ms)
✔ empty assets and empty route manifest are never a zero-sized performance PASS (29.163167ms)
✔ actual CI configs return nonzero for first-fail-then-pass policy probe (1897.221333ms)
ℹ tests 15
ℹ suites 0
ℹ pass 15
ℹ fail 0
ℹ cancelled 0
ℹ skipped 0
ℹ todo 0
ℹ duration_ms 2007.868375
