
> @sumalpha/quantos@ test:browser:website /private/var/folders/k8/_4hymb6j59s0c8xntb11ktmc0000gn/T/quantos-pre06-remediation-aqs3tj_f
> node scripts/check-pre06.mjs && playwright test --config playwright.website.config.ts --project=chromium --workers=2 --reporter=list,json --retries=0 --update-snapshots=none

{
  "schema": "quantos-pre06/v1",
  "status": "PASS",
  "bff_operations": 62,
  "bff_schemas": 51,
  "visual_baselines": 24
}

Running 18 tests using 2 workers

  ✓   1 [chromium] › tests/e2e/website.spec.ts:23:7 › WEB-101 website › 首页呈现品牌主张、信任承诺与证据链 (136ms)
  ✓   2 [chromium] › tests/e2e/website.spec.ts:33:7 › WEB-101 website › 全部首期页面可访问且导航互链 (339ms)
  ✓   3 [chromium] › tests/e2e/website.spec.ts:46:9 › WEB-101 website › / 无 serious/critical 无障碍违规 (371ms)
  ✓   4 [chromium] › tests/e2e/website.spec.ts:46:9 › WEB-101 website › /product 无 serious/critical 无障碍违规 (331ms)
  ✓   5 [chromium] › tests/e2e/website.spec.ts:46:9 › WEB-101 website › /architecture-security 无 serious/critical 无障碍违规 (331ms)
  ✓   6 [chromium] › tests/e2e/website.spec.ts:46:9 › WEB-101 website › /use-cases 无 serious/critical 无障碍违规 (311ms)
  ✓   7 [chromium] › tests/e2e/website.spec.ts:46:9 › WEB-101 website › /docs 无 serious/critical 无障碍违规 (322ms)
  ✓   8 [chromium] › tests/e2e/website.spec.ts:46:9 › WEB-101 website › /access-request 无 serious/critical 无障碍违规 (311ms)
  ✓   9 [chromium] › tests/e2e/website.spec.ts:46:9 › WEB-101 website › /login 无 serious/critical 无障碍违规 (300ms)
  ✓  10 [chromium] › tests/e2e/website.spec.ts:54:7 › WEB-101 website › 390px 移动端无页面级横向溢出 (176ms)
  ✓  11 [chromium] › tests/e2e/website.spec.ts:63:7 › WEB-101 website › 文档中心无结果时可清除条件并联系支持 (328ms)
  ✓  13 [chromium] › tests/e2e/website.spec.ts:99:7 › WEB-101 website › 访问申请 202 仅显示受理态并发送冻结契约字段 (467ms)
  ✓  14 [chromium] › tests/e2e/website.spec.ts:126:7 › WEB-101 website › 访问申请 429 显示等待与参考号且保留输入 (466ms)
  ✓  15 [chromium] › tests/e2e/website.spec.ts:145:7 › WEB-101 website › 离线时禁止提交并保留已填内容 (145ms)
  ✓  12 [chromium] › tests/e2e/website.spec.ts:76:7 › WEB-101 website › 访问申请表单：校验、honeypot 与受理语义 (1.4s)
  ✓  17 [chromium] › tests/e2e/website.spec.ts:177:7 › WEB-101 website › 官网不包含收益承诺类禁用词 (237ms)
  ✓  18 [chromium] › tests/e2e/website.spec.ts:191:7 › WEB-101 website › 登录页指向 Terminal 且不内嵌认证表单 (78ms)
  ✓  16 [chromium] › tests/e2e/website.spec.ts:156:7 › WEB-101 website › SEO 输出覆盖 canonical、robots 与七页 sitemap (405ms)

  18 passed (4.3s)
