✔ formal gate rejects zero, one, two and noninteger runs (0.365709ms)
✔ all binaries participate in digest and omitted binary fails (2.970791ms)
✔ extra binary, missing wheel and stale/empty Web cannot pass output inventory (2.430375ms)
✔ manifest inventory cannot omit or add members (0.058625ms)
✔ dirty and untracked source rejected (54.967834ms)
✔ deleted module README is rejected (2.316542ms)
✔ wrong uv version fails toolchain preflight (15.895041ms)
✔ invalid locks fail real lock entrypoint (57.672417ms)
✔ Terminal default lint rejects a page TSX violation (879.5015ms)
✔ invalid run revokes old successful receipt (23.611333ms)
✔ Cargo manifest drift is rejected by actual lock gate (549.990917ms)
✔ uv manifest drift is rejected by actual lock gate (609.283041ms)
✔ pnpm manifest drift is rejected by actual lock gate (831.353833ms)
✔ malformed Buf lock is rejected by actual lock gate (615.307167ms)
✔ broken Desktop is outside phase-one pnpm frozen check (295.179583ms)
✔ uv output marker is metadata, other unexpected files still fail (2.129208ms)
✔ build-only tool is required in output inventory without becoming a runtime binary (1.929083ms)
✔ pnpm frozen check rejects missing or changed patch bytes (632.771667ms)
✔ pnpm patch cannot read outside the repository (137.156083ms)
ℹ tests 19
ℹ suites 0
ℹ pass 19
ℹ fail 0
ℹ cancelled 0
ℹ skipped 0
ℹ todo 0
ℹ duration_ms 4747.915417
