node --test scripts/f02-gate-negative.mjs scripts/f02-a11-gate-negative.mjs scripts/playwright-git-history.test.mjs scripts/storage-fixture.test.cjs scripts/f02-development-database.test.cjs
✔ complete Linux matrix passes; deletion and pixel tampering fail (397.221625ms)
✔ acceptance never updates snapshots or skips missing snapshots (0.999542ms)
✔ only main signing and verification jobs receive the signing environment (10.046541ms)
✔ signing policy rejects missing protection, wildcards, tags and extra branches (0.185666ms)
✔ candidate import rejects tampering and stale source before writing, then imports the reviewed matrix (364.412041ms)
✔ required download check rejects skipped or failed event-specific verification (24.470417ms)
✔ PR receipts bind the checked out head while main signing stays on the event SHA (3.548208ms)
✔ successful checks publish only after all seven negatives, independent read-only verification and close (11.430833ms)
✔ an idle error after mutation is handled, no SQL is replayed and independent cleanup cannot convert FAIL to PASS (2.051083ms)
✔ initial known transport failure closes the failed connection before a fresh connection, preserving bootstrap (3.130208ms)
✔ 28P01 initial failure never retries (0.864667ms)
✔ 42501 initial failure never retries (0.807708ms)
✔ CERT_HAS_EXPIRED initial failure never retries (0.668209ms)
✔ configuration failure overwrites historic PASS with current-source FAIL (0.634666ms)
✔ cleanup catalog mismatch fails even after seven successful checks (2.251333ms)
✔ failed primary close preserves its error and cannot publish success after read-only verification (2.925625ms)
✔ a mutation that does not affect schema is rejected (1.560667ms)
✔ strict artifact acceptance rejects stale success, unclosed sessions, missing bootstrap and post-SQL errors (7.379542ms)
Verified 2 release files for aaaaaaaaaaaaaaaaaaaaaaaaaaaaaaaaaaaaaaaa
Verified 2 release files for aaaaaaaaaaaaaaaaaaaaaaaaaaaaaaaaaaaaaaaa
✔ real Gitleaks positive control and GitHub/Slack leaks (1645.049625ms)
✔ historical digest exceptions do not waive fresh credentials in audit JSON (1191.293791ms)
✔ RLS baseline rejects policy deletion and late disabling with recovery (184.703625ms)
✔ RLS preflight recognizes the actual ten-table A2 migration and rejects incomplete loops (142.655708ms)
✔ RLS preflight expands audit export permissions without treating grants as RLS (139.781459ms)
✔ RLS literal loops preserve late disabling, NO FORCE and policy deletion (148.091041ms)
✔ RLS preflight cannot count conditional loops, comments, literals or function bodies as execution (157.671417ms)
✔ quoted SQL examples inside expanded policy expressions cannot enable RLS (25.744542ms)
✔ migration filename control, rejection and recovery (16.901208ms)
✔ waivers only authorize exact advisory/ecosystem/package/version before expiry (1.085375ms)
✔ license expression policy does not globally allow LGPL or unknown licenses (0.349333ms)
✔ release binds complete payload and SBOM to source; rejects corruption and build-only native files (2.992583ms)
✔ Buf compares against distinct historical source and detects removed fields (609.260167ms)
✔ SCA scanner adapter consumes exact waivers and never waives scanner failures (834.877125ms)
✔ Playwright PR reporting preserves complete history for downstream security scans (1694.660834ms)
✔ all bucket migration INSERT columns exist in the shared CI fixture (0.42875ms)
﹣ PostgreSQL compiles bucket migrations and preserves private export limits (0.049417ms) # SKIP
ℹ tests 35
ℹ suites 0
ℹ pass 34
ℹ fail 0
ℹ cancelled 0
ℹ skipped 1
ℹ todo 0
ℹ duration_ms 5162.829375
