✔ development COMPLETED does not accept the current F06 review (0.722916ms)
✔ ACCEPTED with any open finding remains blocked (0.193667ms)
✔ all closed findings require a same-SHA complete receipt (1.012ms)
✔ missing or duplicate review markers fail closed (0.171166ms)
✔ archived closure records must be present, complete and unique (0.326ms)
✔ duplicate F06 task or engineering summaries fail closed (0.213208ms)
✔ all eight registered fixtures retire by exact identity without deleting facts (1.9295ms)
✔ wrong tenant ownership stops before any mutation (0.333042ms)
✔ remaining active actor rejects cleanup success (0.430792ms)
✔ post-SQL disconnect is recorded and no mutation replays (0.158041ms)
✔ duplicate or wrong-run fixture inventory never opens a connection (0.379166ms)
✔ admission rejects partial inventory, unclosed connection, active sessions and missing cleanup (0.926125ms)
✔ command entrypoint retains initial failure, then executes SQL once with verified TLS (1.500583ms)
✔ transport closure after first SQL never reconnects or replays the statement (0.188458ms)
✔ persistent initial closure fails after three closed clients without any SQL (0.180958ms)
✔ authentication initial failure is not retried (0.163459ms)
✔ permission initial failure is not retried (0.144291ms)
✔ TLS initial failure is not retried (0.11825ms)
✔ default and bounded remote development transport budgets (0.35125ms)
✔ unbounded, fractional and malformed budgets fail closed (0.128708ms)
✔ functional database budget records elapsed time and preserves all command arguments (0.572125ms)
✔ timeout remains a failed null exit with its signal and safe error code, without retry (0.131208ms)
✔ existing HTTP/service command budget is unchanged (0.061583ms)
✔ two closed initial connections are retained, closed, then the third succeeds before any statement (0.605791ms)
✔ persistent closure fails after three and retains every failure (0.806833ms)
✔ auth bootstrap failure never retries (0.105416ms)
✔ permission bootstrap failure never retries (0.107125ms)
✔ TLS bootstrap failure never retries (0.069584ms)
✔ cancel bootstrap failure never retries (0.060167ms)
✔ unknown bootstrap failure never retries (0.066417ms)
✔ initial transport timeout retries but a later query error never reconnects (0.110084ms)
✔ failure to close an initial connection prevents retry (0.101917ms)
✔ budget cannot exceed three (0.208667ms)
✔ acceptance rejects missing, unfinished, reordered, semantic or unclosed attempts (2.616208ms)
✔ evidence-save failure closes the connected client and never reconnects (0.075042ms)
✔ initialization after the old 20s loop can pass only with an exact readiness response (1.620708ms)
✔ a never-ready service exhausts one bounded wall-clock budget (1.713875ms)
✔ response after deadline cannot grant readiness (0.113833ms)
✔ exited or killed services fail without waiting or probing (0.098833ms)
✔ connection failures and wrong successful HTTP status cannot pass (2.455333ms)
✔ invalid or unbounded startup budgets reject (0.124417ms)
✔ process exit during a successful probe cannot grant readiness (0.066667ms)
ℹ tests 42
ℹ suites 0
ℹ pass 42
ℹ fail 0
ℹ cancelled 0
ℹ skipped 0
ℹ todo 0
ℹ duration_ms 50.904459
