✔ completed command records diagnostic and redacts configured secret split across chunks (33.096166ms)
✔ deadline kills an actual owned grandchild, preserves FAIL and logs (1505.872958ms)
✔ successful leader with detached lifetime descendant is FAIL even after cleanup (134.891417ms)
✔ spawn failure and evidence-write failure cannot become success (2.91925ms)
✔ explicit cancellation cleans its group and never passes (102.437875ms)
✔ interleaved stderr cannot break secret redaction (46.15ms)
✔ output limit is bounded failure without partial secret chunks (24.805625ms)
✔ normal completion without sensitive output remains PASS with closed process group (22.891416ms)
✔ F09 admission requires command supervision and immutable owned cleanup proofs (5.565041ms)
✔ three exact owned actors retire while immutable event facts remain (1.23125ms)
✔ ownership mismatch refuses mutation (1.834ms)
✔ post-SQL reset is FAIL with no replay (0.157917ms)
✔ active actors and changed event facts fail retirement (0.800291ms)
✔ wrong run and duplicate actors never connect (0.56025ms)
✔ empty fixture inventory cannot admit successful F09 (0.127916ms)
✔ partial, open, changed and active cleanup receipts fail admission (0.4265ms)
✔ later A2 migration does not make a complete F09 ledger stale (0.350584ms)
✔ missing target migration fails closed (0.171417ms)
✔ changed applied SQL checksum fails closed (0.0675ms)
✔ missing F09 prerequisite fails even if remaining ledger matches (0.058042ms)
✔ F09 rule semantics match the development-plan thresholds (0.692625ms)
✔ unchanged rule IDs cannot hide threshold, duration, count or severity drift (0.720125ms)
ℹ tests 22
ℹ suites 0
ℹ pass 22
ℹ fail 0
ℹ cancelled 0
ℹ skipped 0
ℹ todo 0
ℹ duration_ms 1906.270584
