✔ all eight independently content-bound dependencies admit DEVELOPMENT only (22.609666ms)
✔ engineering aggregation preserves the sole pending user confirmation (13.363ms)
✔ milestone rejects missing F0 (13.197334ms)
✔ milestone rejects missing PRE (12.374583ms)
✔ milestone rejects duplicate dependency (12.452708ms)
✔ milestone rejects unready F0 (11.991041ms)
✔ milestone rejects manifest bytes replaced (11.603666ms)
✔ milestone rejects digest substituted (11.725541ms)
✔ milestone rejects dependency path substituted (12.919625ms)
✔ milestone rejects dependency verdict substituted (12.17225ms)
✔ milestone rejects self manifest schema (12.89325ms)
✔ milestone rejects normative change (11.2995ms)
✔ milestone rejects source input change (11.014333ms)
✔ milestone rejects unexecuted check (11.209708ms)
✔ milestone rejects missing execution time (11.069292ms)
✔ milestone rejects missing required check (10.973958ms)
✔ milestone rejects duplicate check (10.423083ms)
✔ milestone rejects wrong command (11.18925ms)
✔ milestone rejects log tampering (10.539084ms)
✔ milestone rejects rehashed prose (10.870833ms)
✔ milestone rejects external log path (10.785ms)
✔ milestone rejects false formal acceptance (10.592792ms)
✔ milestone rejects aggregate claims database run (10.609917ms)
✔ milestone rejects hidden exclusions (10.606167ms)
✔ milestone rejects unresolved functional finding (10.826209ms)
✔ dependency validator is invoked and errors propagate (10.617833ms)
✔ fake READY cannot hide changed G0 scope (10.641041ms)
✔ arbitrary existing markdown cannot serve as a milestone receipt (0.093834ms)
✔ own arbitrary digest is rejected independently of dependency status (0.067666ms)
✔ F0 policy contains the six missing nodes and all eleven obligations (11.181ms)
✔ production schema drift comparator rejects tables (0.140167ms)
✔ production schema drift comparator rejects columns (0.051291ms)
✔ production schema drift comparator rejects constraints (0.04375ms)
✔ production schema drift comparator rejects indexes (0.045666ms)
✔ production schema drift comparator rejects policies (0.035708ms)
✔ production schema drift comparator rejects routines (0.033375ms)
✔ production schema drift comparator rejects triggers (0.035292ms)
✔ 100-task recovery evidence cannot use 10-task diagnostic or accept P95 (1.137625ms)
✔ CI validates milestone disposition and preserves strict admission and negatives (5.35875ms)
ℹ tests 39
ℹ suites 0
ℹ pass 39
ℹ fail 0
ℹ cancelled 0
ℹ skipped 0
ℹ todo 0
ℹ duration_ms 411.938125
