
> @sumalpha/quantos@ test:development-plans /Users/anray/Documents/project/SumAlpha/QuantOS
> node --test scripts/development-plan-order-negative.mjs

✔ joint schedule is acyclic and preserves task/status boundaries (15.004958ms)
✔ restoring a complete R1 prerequisite for S2 services creates a rejected cycle (5.141208ms)
✔ research service waiting on its consumer page is rejected (4.663084ms)
✔ historical CORE:R04 to CORE:L04 probe now fails closed (4.618209ms)
✔ an early identity API cannot silently depend on later research services (5.886042ms)
✔ a provider cannot wait for the consumer frontend Gate (4.223125ms)
✔ removing S2 service admission from a core execution task is rejected (4.620542ms)
✔ S2 service Gate cannot omit TP12 advance evaluation (5.102625ms)
✔ I10 cannot drop testnet service admission even if metadata is edited with it (5.423583ms)
✔ a new or existing frontend cannot skip the full provider Gate (5.865667ms)
✔ G5 cannot be marked as closing in I4 before reconciliation (5.744583ms)
✔ moving the G1 block above I1 tasks is rejected (5.167ms)
✔ milestone cannot omit its last child while retaining a Gate summary (5.374583ms)
✔ prose-only backend dependencies cannot drift from structured prerequisites (5.752875ms)
✔ core closure mapping cannot become an implicit service alias (5.282917ms)
✔ ACCEPTED checkpoint needs SHA and evidence, not only a green word (5.576333ms)
✔ accepted checkpoint evidence must resolve (2.667833ms)
✔ missing checkpoint and unknown dependency fail closed (6.709083ms)
✔ API windows cannot skip their preceding provider checkpoint (5.071625ms)
✔ UI windows cannot skip the preceding reconciliation window (5.104625ms)
✔ Web intake preserves the explicit no-model-review schema (1.571042ms)
✔ missing Web task fields still fail closed (1.484708ms)
✔ both plans must publish exactly the same stage contract (5.689333ms)
✔ changing both plans cannot defer correctness or functional deadlines to release (14.694792ms)
✔ both plans must retain every deferred release obligation (12.933042ms)
✔ tasks and checkpoints cannot omit, invent, or misclassify their stage gate (19.805709ms)
✔ release prerequisites cannot block either development or integration (11.684708ms)
✔ release gates cannot skip business closure or inherit the wrong stage (14.188584ms)
✔ historical ACCEPTED and completed tasks do not automatically become READY (9.689958ms)
✔ READY needs its own input digest and resolvable evidence (35.3795ms)
✔ unassessed stage gates cannot carry an apparent ready receipt (7.499792ms)
✔ BLOCKED retains failure evidence and digest without being counted as READY (13.156333ms)
✔ a READY chain needs READY prerequisites and its own evidence at every node (18.253042ms)
✔ stage readiness never substitutes for formal acceptance evidence (2.71425ms)
✔ release READY requires formal acceptance and all functional prerequisites (9.084167ms)
✔ core intake follows the frontend audit-report format (6.46775ms)
✔ core review summary must be unique and link to audit evidence (8.320292ms)
✔ core shared task fields and existing window must stay consistent (16.39075ms)
ℹ tests 38
ℹ suites 0
ℹ pass 38
ℹ fail 0
ℹ cancelled 0
ℹ skipped 0
ℹ todo 0
ℹ duration_ms 362.281791
