Validated 6 pinned Buf plugins and locked generation workflow.
✔ proto generation configuration is pinned and lock-preserving (37.477ms)
✔ proto generation configuration rejects an unpinned remote plugin (37.989042ms)
✔ proto generation configuration rejects implicit dependency updates (38.627125ms)
ℹ tests 3
ℹ suites 0
ℹ pass 3
ℹ fail 0
ℹ cancelled 0
ℹ skipped 0
ℹ todo 0
ℹ duration_ms 145.048125
Extracted 50 JSON schema documents.
Validated 50 standalone JSON schemas and 11 planned domain schemas.
✔ standalone JSON schema gate passes the complete generated catalog (138.457333ms)
✔ standalone JSON schema gate rejects a missing planned domain schema (46.947292ms)
✔ standalone JSON schema gate rejects an unresolved reference (128.800875ms)
ℹ tests 3
ℹ suites 0
ℹ pass 3
ℹ fail 0
ℹ cancelled 0
ℹ skipped 0
ℹ todo 0
ℹ duration_ms 346.924875
Proto compatibility checked against 16994064387178faa35c99c8955ca10481d45a85
Proto checks passed.
