✔ engineering-only evidence cannot admit TP03 (175.943292ms)
✔ all execution logs and installed wheels must travel with a copied receipt (79.000083ms)
✔ TP03 receipt rejects omitted check (132.481792ms)
✔ TP03 receipt rejects failed execution (134.205417ms)
✔ TP03 receipt rejects fake command (131.418375ms)
✔ TP03 receipt rejects source inventory (119.958917ms)
✔ TP03 receipt rejects log digest (130.480917ms)
✔ TP03 receipt rejects fixture omission (132.210667ms)
✔ TP03 receipt rejects formal claim (74.261459ms)
✔ TP03 receipt rejects future execution (131.701125ms)
✔ TP03 receipt rejects unreaped package child (130.283458ms)
✔ TP03 receipt rejects editable package claim (127.669791ms)
✔ TP03 receipt rejects upstream claim (128.461708ms)
✔ execution source must match unified manifest (74.653917ms)
✔ copied logs are independent of canonical logs (193.472708ms)
✔ tampered wheel bytes are rejected (129.618709ms)
✔ actual output evidence rejects matrix sample omission (140.57375ms)
✔ actual output evidence rejects Signal confidence (140.491625ms)
✔ actual output evidence rejects Signal time (143.560709ms)
✔ actual output evidence rejects Signal source claim (142.002792ms)
✔ UI transcript rejects cancel timeout (136.711834ms)
✔ UI transcript rejects cancel side effect (138.387667ms)
ℹ tests 22
ℹ suites 0
ℹ pass 22
ℹ fail 0
ℹ cancelled 0
ℹ skipped 0
ℹ todo 0
ℹ duration_ms 2926.455958
