✔ engineering-only evidence cannot admit TP04 (159.805167ms)
✔ all execution logs and installed wheels must travel with a copied receipt (72.695208ms)
✔ TP04 receipt rejects omitted check (128.867333ms)
✔ TP04 receipt rejects failed execution (128.635041ms)
✔ TP04 receipt rejects fake command (128.455958ms)
✔ TP04 receipt rejects source inventory (114.704792ms)
✔ TP04 receipt rejects log digest (125.882333ms)
✔ TP04 receipt rejects fixture omission (126.117667ms)
✔ TP04 receipt rejects formal claim (70.8135ms)
✔ TP04 receipt rejects future execution (126.894208ms)
✔ TP04 receipt rejects unreaped package child (128.814458ms)
✔ TP04 receipt rejects editable package claim (126.038125ms)
✔ TP04 receipt rejects upstream claim (124.050958ms)
✔ execution source must match unified manifest (70.209041ms)
✔ copied logs are independent of canonical logs (195.494458ms)
✔ tampered wheel bytes are rejected (126.391083ms)
✔ actual output evidence rejects URI collision (134.850042ms)
✔ actual output evidence rejects matrix sample omission (138.064375ms)
✔ actual output evidence rejects Proposal confidence (141.319083ms)
✔ actual output evidence rejects Proposal time (138.597291ms)
✔ actual output evidence rejects Proposal executable claim (135.56ms)
✔ UI transcript rejects cancel timeout (136.655542ms)
✔ UI transcript rejects cancel side effect (136.038084ms)
ℹ tests 23
ℹ suites 0
ℹ pass 23
ℹ fail 0
ℹ cancelled 0
ℹ skipped 0
ℹ todo 0
ℹ duration_ms 2969.822583
