✔ current PRE-01 artifacts satisfy the executable contract (5.263417ms)
✔ missing a page state fails closed (1.785458ms)
✔ invalid story priority fails closed (0.52775ms)
✔ missing traceability row fails closed (1.354291ms)
✔ published operation cannot regress to planned fails closed (1.708792ms)
✔ unknown role fails closed (0.472416ms)
✔ unknown route fails closed (0.501584ms)
✔ duplicate story fails closed (0.549375ms)
✔ missing flow stories fails closed (0.563709ms)
✔ missing flow scenarios fails closed (1.179375ms)
✔ unsafe proposal criterion fails closed (1.183959ms)
✔ unknown trace task fails closed (1.291041ms)
✔ unauthorized admin grant fails closed (1.074ms)
✔ missing permission route fails closed (0.698334ms)
✔ phase-one P16 fails closed (0.089583ms)
✔ missing contract owner fails closed (1.095375ms)
✔ empty flow role fails closed (0.568666ms)
✔ empty flow route fails closed (0.595167ms)
✔ state label mismatch fails closed (0.8455ms)
✔ desktop-only story fails closed (0.436208ms)
✔ persistent offline cache fails closed (0.969ms)
✔ admin domain permission fails closed (0.763041ms)
✔ missing page story fails closed (0.479542ms)
✔ cross-page route fails closed (0.473917ms)
✔ current G0 governance preserves history without granting current acceptance (1.45875ms)
✔ past-due G0 item cannot silently remain OPEN (0.638625ms)
✔ fabricated G0 acceptance fails against current checkpoint (0.603416ms)
✔ missing G0 leftover owner fails (0.575959ms)
✔ P05 cannot bind metadata download to an untraced audit export operation (1.917333ms)
✔ P21 cannot drop alert ownership from both ledger and trace while retaining the subscription (2.161917ms)
✔ unknown unlabelled operation in API register is rejected (1.651958ms)
✔ P05 quality alerts require C16 ownership on the consumer page (1.52525ms)
✔ API register rejects current version 1.4.0 (1.450292ms)
✔ API register rejects current version 99.99.0 (1.447708ms)
✔ published register row cannot omit API version (1.547625ms)
✔ published register row cannot omit generated mock version (1.62025ms)
✔ all ten historical compatibility strategies cannot be cleared (0.688125ms)
✔ current disposition cannot drop a historical parent (0.973375ms)
✔ current disposition requires effective checkpoint deadline (0.77275ms)
✔ current disposition cannot claim target RELEASE completion (0.842708ms)
✔ current disposition requires nonempty compatibility strategy (1.005459ms)
✔ current disposition presentation must match structured source (0.839ms)
✔ current deadline cannot defer DEVELOPMENT provider obligations to integration (0.981458ms)
ℹ tests 43
ℹ suites 0
ℹ pass 43
ℹ fail 0
ℹ cancelled 0
ℹ skipped 0
ℹ todo 0
ℹ duration_ms 138.598833
