info: cargo-llvm-cov currently setting cfg(coverage); you can opt-out it by passing --no-cfg-coverage
   Compiling quantos-proto v0.1.0 (/Users/anray/Documents/project/SumAlpha/QuantOS/crates/quantos-proto)
   Compiling quantos-core v0.1.0 (/Users/anray/Documents/project/SumAlpha/QuantOS/crates/quantos-core)
   Compiling quantos-storage v0.1.0 (/Users/anray/Documents/project/SumAlpha/QuantOS/crates/quantos-storage)
    Finished `test` profile [unoptimized + debuginfo] target(s) in 2.99s
     Running unittests src/lib.rs (target/llvm-cov-target/debug/deps/quantos_storage-ab52dc8b575c3e1f)

running 19 tests
test snapshot::tests::data_snapshot_hash_is_stable_for_equivalent_inputs ... ok
test snapshot::tests::data_snapshot_rejects_invalid_window_age_and_schema ... ok
test snapshot::tests::optional_license_rule_is_research_only ... ok
test snapshot::tests::quality_and_usage_wire_values_round_trip_and_reject_unknown_values ... ok
test snapshot::tests::regression_forged_wire_hash_quality_and_expiry_are_rejected ... ok
test snapshot::tests::regression_future_capture_window_and_overflow_are_errors ... ok
test snapshot::tests::regression_metadata_source_age_and_input_budget_reject ... ok
test snapshot::tests::regression_strict_floor_duplicate_and_mixed_tenant_rules_reject ... ok
test snapshot::tests::research_gate_allows_degraded_non_expired_snapshots ... ok
test snapshot::tests::snapshot_gate_fails_closed_for_cross_tenant_rules_and_incomplete_lineage ... ok
test snapshot::tests::strategy_and_trading_gates_reject_three_hundred_invalid_fixtures ... ok
test supabase_storage::tests::object_url_points_to_supabase_storage_endpoint ... ok
test supabase_storage::tests::payload_hash_validation_rejects_mismatch ... ok
test tests::artifact_catalog_deduplicates_by_tenant_and_hash ... ok
test tests::artifact_manifest_uses_hash_based_object_key ... ok
test tests::object_keys_are_deterministic_for_same_hash ... ok
test tests::schema_registry_deduplicates_equivalent_documents ... ok
test wire::tests::incomplete_or_invalid_metadata_cannot_become_write_context ... ok
test wire::tests::wire_projection_preserves_identity_and_all_quality_variants ... ok

test result: ok. 19 passed; 0 failed; 0 ignored; 0 measured; 0 filtered out; finished in 0.19s

     Running tests/postgres_persistence.rs (target/llvm-cov-target/debug/deps/postgres_persistence-ad7b7ad58a3813ca)

running 1 test
test postgres_storage_store_persists_artifacts_and_schema_registry ... 
thread 'postgres_storage_store_persists_artifacts_and_schema_registry' (4445847) panicked at crates/quantos-storage/tests/postgres_persistence.rs:174:10:
snapshot query succeeds: Postgres(Error { kind: Db, cause: Some(DbError { severity: "ERROR", parsed_severity: Some(Error), code: SqlState(E42P01), message: "missing FROM-clause entry for table \"quantos\"", detail: None, hint: None, position: Some(Original(358)), where_: None, schema: None, table: None, column: None, datatype: None, constraint: None, file: Some("parse_relation.c"), line: Some(3651), routine: Some("errorMissingRTE") }) })
note: run with `RUST_BACKTRACE=1` environment variable to display a backtrace
FAILED

failures:

failures:
    postgres_storage_store_persists_artifacts_and_schema_registry

test result: FAILED. 0 passed; 1 failed; 0 ignored; 0 measured; 0 filtered out; finished in 17.12s

error: test failed, to rerun pass `-p quantos-storage --test postgres_persistence`
error: process didn't exit successfully: `/Users/anray/.rustup/toolchains/1.91.0-aarch64-apple-darwin/bin/cargo test --manifest-path /Users/anray/Documents/project/SumAlpha/QuantOS/Cargo.toml --target-dir /Users/anray/Documents/project/SumAlpha/QuantOS/target/llvm-cov-target -p quantos-storage --lib --test postgres_persistence --test storage_http --test supabase_storage_integration --test r02_boundaries --locked -- --test-threads=1 --nocapture` (exit status: 101)
