✔ current BFF-FE-000 repository Gate passes (3.966917ms)
✔ missing phase-one page mapping is rejected (1.97625ms)
✔ published operation drift is rejected (2.980708ms)
✔ planned operation traceability deletion is rejected (2.406ms)
✔ shared idempotency baseline deletion is rejected (2.500958ms)
✔ dependency regression is rejected (1.395375ms)
✔ error correlation header deletion is rejected (2.440125ms)
✔ generated Zod export deletion is rejected (1.517459ms)
✔ missing staging permits development readiness and never claims formal acceptance (0.531042ms)
✔ stage deferral cannot bypass engineering failures, final receipt requirements or unknown stages (0.060792ms)
✔ final review command cannot be rewired to the development stage (5.368333ms)
✔ current semantic A1 gate passes (4.175709ms)
✔ rejects cookie semantic regression (2.523ms)
✔ rejects idempotency semantic regression (2.473459ms)
✔ rejects sort semantic regression (3.398625ms)
✔ rejects page semantic regression (2.712667ms)
✔ rejects ci semantic regression (2.586667ms)
✔ rejects decimal semantic regression (2.58775ms)
✔ rejects version semantic regression (2.947667ms)
✔ rejects csrf semantic regression (2.204417ms)
✔ exact registered security correction is accepted only within its window (11.824084ms)
✔ unregistered breaking type, enum or missing baseline fails closed (23.1955ms)
✔ new required parameters and constraints cannot silently bypass compatibility (0.958166ms)
✔ absent, invented and reference-only staging receipts never close A1 (0.168958ms)
✔ receipt checker binds actual evidence bytes and each role to source and contract inputs (0.326625ms)
✔ optional property within an existing allOf is additive, required changes are rejected (0.116583ms)
ℹ tests 26
ℹ suites 0
ℹ pass 26
ℹ fail 0
ℹ cancelled 0
ℹ skipped 0
ℹ todo 0
ℹ duration_ms 168.991625
