✔ formal gate rejects zero, one, two and noninteger runs (0.355ms)
✔ all binaries participate in digest and omitted binary fails (2.924791ms)
✔ extra binary, missing wheel and stale/empty Web cannot pass output inventory (2.641375ms)
✔ manifest inventory cannot omit or add members (0.068667ms)
✔ dirty and untracked source rejected (59.18575ms)
✔ deleted module README is rejected (2.332875ms)
✔ wrong uv version fails toolchain preflight (16.621625ms)
✔ invalid locks fail real lock entrypoint (32.252459ms)
✔ Terminal default lint rejects a page TSX violation (615.983667ms)
✔ invalid run revokes old successful receipt (24.24175ms)
✔ Cargo manifest drift is rejected by actual lock gate (533.347541ms)
✔ uv manifest drift is rejected by actual lock gate (626.274625ms)
✔ pnpm manifest drift is rejected by actual lock gate (854.519ms)
✔ malformed Buf lock is rejected by actual lock gate (644.602333ms)
✔ broken Desktop is outside phase-one pnpm frozen check (306.7275ms)
✔ uv output marker is metadata, other unexpected files still fail (2.084375ms)
✔ build-only tool is required in output inventory without becoming a runtime binary (2.070625ms)
ℹ tests 17
ℹ suites 0
ℹ pass 17
ℹ fail 0
ℹ cancelled 0
ℹ skipped 0
ℹ todo 0
ℹ duration_ms 3760.075416
