
> @sumalpha/quantos@ test:pre02 /Users/anray/Documents/project/SumAlpha/QuantOS
> pnpm --filter @sumalpha/ui test:pre02


> @sumalpha/ui@0.1.0 test:pre02 /Users/anray/Documents/project/SumAlpha/QuantOS/packages/ui
> node --test scripts/pre02-gate-negative.mjs

✔ current PRE-02 design-system contract passes (7.828125ms)
✔ renaming a required safety key fails even when the count stays at 18 (1.562541ms)
✔ missing state color mapping fails closed (1.438875ms)
✔ insufficient focus contrast is rejected (1.172667ms)
✔ missing readonly viewport is rejected (1.070042ms)
✔ deny cannot become success (1.176416ms)
✔ mapped token paths must exist (0.769834ms)
✔ English safety semantics cannot be inverted (0.680333ms)
✔ all compact density values remain frozen (0.793583ms)
✔ focus width and path remain frozen (0.826791ms)
✔ breakpoint intervals cannot develop gaps (0.680583ms)
✔ typography and spacing must match the reviewed contract (0.79825ms)
✔ required component identity cannot be replaced (0.608375ms)
✔ comments do not supply executable Storybook configuration (0.709167ms)
✔ surface.2 contrast cannot be removed from the contract (0.613084ms)
✔ native reference viewport is not a prerequisite of the Web Gate (0.570333ms)
✔ disabled contrast rule cannot hide behind a matching comment (0.571625ms)
✔ readonly viewport dimensions cannot hide behind its identifier (0.724ms)
✔ phase-two page cannot enter the Web component acceptance rows (0.58825ms)
✔ provider JSX outside the decorator cannot authorize empty decorators (0.602791ms)
✔ unexported configuration does not authorize a Storybook entry (0.604167ms)
✔ initial theme cannot contradict the dark default contract (0.601042ms)
✔ object spread cannot silently override required addons (0.728875ms)
✔ duplicate decorators cannot replace the validated provider tree (0.7475ms)
✔ dead JSX branches are not executed provider decorators (1.393209ms)
✔ provider attributes cannot be overwritten through JSX spreads (0.813666ms)
✔ provider-only JSX without the Story consumer is rejected (0.670208ms)
ℹ tests 27
ℹ suites 0
ℹ pass 27
ℹ fail 0
ℹ cancelled 0
ℹ skipped 0
ℹ todo 0
ℹ duration_ms 192.237
