
> @sumalpha/quantos@ test:pre04 /Users/anray/Documents/project/SumAlpha/QuantOS
> node --test scripts/pre04-gate-negative.mjs

✔ current full phase-one inventory passes (10.875333ms)
✔ missing Gap is rejected (5.136958ms)
✔ undecided realtime dependency is rejected (4.998834ms)
✔ deleted required actorId field is rejected (4.133666ms)
✔ nonexistent field source is rejected (3.855041ms)
✔ wrong field type and optionality are rejected (4.376833ms)
✔ generated operation deletion is rejected (3.751334ms)
✔ generated method and path drift are rejected (7.48175ms)
✔ same-count schema rename is rejected (3.076917ms)
✔ schema required and enum drift are rejected (7.843208ms)
✔ same-count Proto message rename is rejected (4.133625ms)
✔ removed Proto declaration is rejected (3.727875ms)
✔ same-count JSON Schema replacement is rejected (3.912041ms)
✔ duplicate contract row is rejected before Map collapse (3.561209ms)
✔ duplicate Gap row is rejected before Map collapse (3.484542ms)
✔ nonexistent role owner is rejected (3.609625ms)
✔ nonexistent backend task is rejected (3.452833ms)
✔ nonexistent BFF task is rejected (3.456709ms)
✔ unknown Gap page is rejected (3.525ms)
✔ each missing website P0 page is rejected (17.103125ms)
✔ missing auxiliary risk/audit/order contract is rejected (11.061834ms)
✔ closing partly published Gap is rejected (3.631333ms)
✔ omitting planned operation is rejected (3.778959ms)
✔ unpublished Inventory Fixture cannot claim Implemented (3.575333ms)
✔ generated-only contract cannot claim Integrated (3.7835ms)
✔ missing provider evidence is rejected (3.377458ms)
✔ changed provider receipt is rejected (3.41525ms)
✔ missing Inventory Fixture is rejected (4.182583ms)
✔ Desktop contamination is rejected by Web inventory (4.111791ms)
✔ nonexistent domain field mappings including the former engine-version anchor are rejected (7.869042ms)
✔ removed referenced core task is rejected (3.812458ms)
✔ catalog source drift is rejected (3.688ms)
✔ empty implementation artifact lists are rejected for every implemented contract (10.611542ms)
✔ each missing implementation evidence category is rejected (31.222792ms)
✔ duplicate artifacts cannot substitute for test or receipt evidence (3.602833ms)
✔ another contract receipt cannot substitute for required evidence (3.537708ms)
✔ unknown task suffixes are rejected in both backend task columns (21.880917ms)
✔ ambiguous cross-prefix ranges cannot impersonate reviewed backend tasks (6.94925ms)
ℹ tests 38
ℹ suites 0
ℹ pass 38
ℹ fail 0
ℹ cancelled 0
ℹ skipped 0
ℹ todo 0
ℹ duration_ms 340.363834
