
> @sumalpha/quantos@ test:pre06 /Users/anray/Documents/project/SumAlpha/QuantOS
> node --test scripts/pre06-gate-negative.mjs scripts/pre06-runtime-negative.mjs

✔ current PRE-06 Web baseline passes (25.28275ms)
✔ website browser Gate deletion is rejected (9.655917ms)
✔ Desktop coupling in phase-one compatibility is rejected (7.523ms)
✔ Desktop deep-link inclusion in phase-one Terminal is rejected (7.186834ms)
✔ generated operation coverage drift is rejected (6.716791ms)
✔ visual baseline integrity failure is rejected (6.086708ms)
✔ performance budget weakening is rejected (5.616ms)
✔ disabled CI steps and comment-only commands are rejected (15.693708ms)
✔ contract assertion deletion and visual comparison deletion fail closed (10.447958ms)
✔ website performance and critical coverage gates cannot be removed (10.2105ms)
✔ CI retry policy must reject flaky outcomes and archive failure evidence (10.07175ms)
✔ comments cannot restore weakened budget or critical coverage policy (13.272833ms)
✔ skipped suites and inactive screenshot assertions cannot satisfy the baseline (34.828834ms)
✔ critical contract callbacks cannot return early, hide assertions, or remove runtime counting (21.99875ms)
✔ unknown and corrupted fixtures are rejected, explicit sabotage fixtures remain expected failures (30.087917ms)
✔ empty assets and empty route manifest are never a zero-sized performance PASS (27.889125ms)
✔ actual CI configs return nonzero for first-fail-then-pass policy probe (1236.782416ms)
ℹ tests 17
ℹ suites 0
ℹ pass 17
ℹ fail 0
ℹ cancelled 0
ℹ skipped 0
ℹ todo 0
ℹ duration_ms 1343.287166
