
> @sumalpha/quantos@ test:pre01 /Users/anray/Documents/project/SumAlpha/QuantOS
> node --test ./scripts/tests/check-pre01.test.mjs

✔ current PRE-01 artifacts satisfy the executable contract (4.13475ms)
✔ missing a page state fails closed (1.817375ms)
✔ invalid story priority fails closed (0.555791ms)
✔ missing traceability row fails closed (1.6115ms)
✔ published operation cannot regress to planned fails closed (1.709375ms)
✔ unknown role fails closed (0.504708ms)
✔ unknown route fails closed (0.598875ms)
✔ duplicate story fails closed (0.523875ms)
✔ missing flow stories fails closed (0.539708ms)
✔ missing flow scenarios fails closed (1.05125ms)
✔ unsafe proposal criterion fails closed (1.201458ms)
✔ unknown trace task fails closed (1.28825ms)
✔ unauthorized admin grant fails closed (1.206083ms)
✔ missing permission route fails closed (0.860958ms)
✔ phase-one P16 fails closed (0.082875ms)
✔ missing contract owner fails closed (1.081666ms)
✔ empty flow role fails closed (0.647ms)
✔ empty flow route fails closed (0.585959ms)
✔ state label mismatch fails closed (0.80375ms)
✔ desktop-only story fails closed (0.421333ms)
✔ persistent offline cache fails closed (0.953625ms)
✔ admin domain permission fails closed (0.679042ms)
✔ missing page story fails closed (0.451ms)
✔ cross-page route fails closed (0.578334ms)
✔ current G0 governance preserves history without granting current acceptance (0.87275ms)
✔ past-due G0 item cannot silently remain OPEN (0.52275ms)
✔ fabricated G0 acceptance fails against current checkpoint (0.459583ms)
✔ missing G0 leftover owner fails (0.463333ms)
✔ P05 cannot bind metadata download to an untraced audit export operation (1.76125ms)
✔ P21 cannot drop alert ownership from both ledger and trace while retaining the subscription (1.867167ms)
✔ unknown unlabelled operation in API register is rejected (1.615125ms)
✔ P05 quality alerts require C16 ownership on the consumer page (1.735084ms)
ℹ tests 32
ℹ suites 0
ℹ pass 32
ℹ fail 0
ℹ cancelled 0
ℹ skipped 0
ℹ todo 0
ℹ duration_ms 83.745125
