
> @sumalpha/quantos@ test:pre03 /Users/anray/Documents/project/SumAlpha/QuantOS
> node --test scripts/pre03-gate-negative.mjs

✔ current Web contract passes and never loads Desktop inputs (8.135208ms)
✔ apps/terminal rejects Next 15.5.23 (4.94725ms)
✔ apps/terminal rejects Next 16.0.0 (1.817959ms)
✔ apps/website rejects Next 15.5.23 (1.599209ms)
✔ apps/website rejects Next 16.0.0 (1.592541ms)
✔ missing package resolutions (1.866333ms)
✔ missing snapshots (1.222666ms)
✔ specifier drift (1.76025ms)
✔ dependency removed (1.762709ms)
✔ dependency inserted (1.831333ms)
✔ manifest drift fails without changing lock (0.812417ms)
✔ ADR drift fails (0.69175ms)
✔ duplicate ADR version row fails (0.745583ms)
✔ missing transitive snapshot fails (1.572833ms)
✔ Node pin drift fails (0.728541ms)
✔ effective Next configuration: valid export (211.174333ms)
✔ effective Next configuration: comment marker (215.625625ms)
✔ effective Next configuration: dead branch (211.982958ms)
✔ effective Next configuration: subsequent override (215.84325ms)
✔ effective Next configuration: function config (218.484083ms)
✔ bad route resources, fake HTML and script failures fail closed (11785.509542ms)
✔ Next-specific async client violation is an ESLint error (244.312084ms)
✔ build receipts reject stale source, config, identity and missing receipts (2.101209ms)
✔ source binding ignores caches but detects actual source changes (3.485959ms)
✔ all workspace importers and exact link targets are required (11.037583ms)
✔ runtime loader discovers omitted manifests independently of lockfile (495.752ms)
✔ per-app env files are isolated and reloaded without polluting caller (645.201334ms)
ℹ tests 27
ℹ suites 0
ℹ pass 27
ℹ fail 0
ℹ cancelled 0
ℹ skipped 0
ℹ todo 0
ℹ duration_ms 14993.845209
