Validated 6 pinned Buf plugins and locked generation workflow.
✔ proto generation configuration is pinned and lock-preserving (35.92025ms)
✔ proto generation configuration rejects an unpinned remote plugin (34.975208ms)
✔ proto generation configuration rejects implicit dependency updates (36.323417ms)
ℹ tests 3
ℹ suites 0
ℹ pass 3
ℹ fail 0
ℹ cancelled 0
ℹ skipped 0
ℹ todo 0
ℹ duration_ms 137.3925
Extracted 50 JSON schema documents.
Validated 50 standalone JSON schemas and 11 planned domain schemas.
✔ standalone JSON schema gate passes the complete generated catalog (130.436042ms)
✔ standalone JSON schema gate rejects a missing planned domain schema (48.193584ms)
✔ standalone JSON schema gate rejects an unresolved reference (130.712375ms)
ℹ tests 3
ℹ suites 0
ℹ pass 3
ℹ fail 0
ℹ cancelled 0
ℹ skipped 0
ℹ todo 0
ℹ duration_ms 341.901917
Proto compatibility checked against 46d3827332ea022dbb3020ff5342bbba52d82931
Proto checks passed.
