
> @sumalpha/quantos@ test:provider-a1 /Users/anray/Documents/project/SumAlpha/QuantOS
> node --test scripts/provider-a1-receipts.test.mjs

✔ valid source and execution-bound dependency chain is READY without release signatures (42.3465ms)
✔ missing required execution (27.9165ms)
✔ failed execution (26.802333ms)
✔ wrong actual command (26.487208ms)
✔ unresolved issue (21.155ms)
✔ wrong node (20.922833ms)
✔ missing source inventory (25.003458ms)
✔ plan scope changed (20.455542ms)
✔ outside log path (24.916333ms)
✔ wrong log digest (25.356292ms)
✔ missing dependency (25.975916ms)
✔ dependency digest substituted (26.225792ms)
✔ tampered manifest bytes are rejected (21.4645ms)
✔ changed source content is rejected despite unchanged gate digest (26.297583ms)
✔ dependency must independently be READY (25.120125ms)
✔ arbitrary log cannot masquerade as successful execution (27.829708ms)
✔ input file symlink cannot escape the repository (25.819292ms)
✔ database execution cannot be inferred from a normal local PASS (32.338459ms)
✔ Supabase target receipt verifies each compressed execution log (32.626042ms)
✔ source drift during execution invalidates the original input snapshot (46.484ms)
✔ requirement drift during execution invalidates the original input snapshot (49.783708ms)
✔ controlled public development profile overrides stale values and preserves server inputs (0.133958ms)
✔ private credentials cannot be injected through a public development profile (0.090791ms)
✔ transient Auth 503 can retry only a complete target execution (0.095541ms)
✔ persistent target timeout never becomes PASS and stops at its budget (0.06525ms)
✔ semantic target failures stop without retry or PASS (0.0235ms)
✔ target retry budget cannot be unbounded (0.085125ms)
✔ configured target retries require explicit attempt outcomes in the receipt (35.946709ms)
ℹ tests 28
ℹ suites 0
ℹ pass 28
ℹ fail 0
ℹ cancelled 0
ℹ skipped 0
ℹ todo 0
ℹ duration_ms 678.958542
