
running 1 test
test live::f09_live_tests::real_logout_db_write_matches_persistent_trace ... F09 BFF real session revoke and persistent trace share correlation_id=01a0e582-8542-7ee1-8bd3-75e220243926
ok

test result: ok. 1 passed; 0 failed; 0 ignored; 0 measured; 3 filtered out; finished in 0.78s

[1m[92m Downloading[0m crates ...
[1m[92m  Downloaded[0m serde_urlencoded v0.7.1
[1m[92m  Downloaded[0m serde_path_to_error v0.1.20
[1m[92m  Downloaded[0m ryu v1.0.23
[1m[92m   Compiling[0m serde_core v1.0.229
[1m[92m   Compiling[0m serde_json v1.0.151
[1m[92m   Compiling[0m tracing v0.1.44
[1m[92m   Compiling[0m form_urlencoded v1.2.2
[1m[92m   Compiling[0m url v2.5.8
[1m[92m   Compiling[0m ryu v1.0.23
[1m[92m   Compiling[0m h2 v0.4.16
[1m[92m   Compiling[0m tower v0.5.3
[1m[92m   Compiling[0m axum-core v0.4.5
[1m[92m   Compiling[0m tower v0.4.13
[1m[92m   Compiling[0m tower-http v0.6.11
[1m[92m   Compiling[0m serde v1.0.229
[1m[92m   Compiling[0m uuid v1.24.0
[1m[92m   Compiling[0m chrono v0.4.45
[1m[92m   Compiling[0m semver v1.0.28
[1m[92m   Compiling[0m rust_decimal v1.42.1
[1m[92m   Compiling[0m hyper v1.11.0
[1m[92m   Compiling[0m postgres-types v0.2.14
[1m[92m   Compiling[0m tokio-postgres v0.7.18
[1m[92m   Compiling[0m quantos-core v0.1.0 (/home/runner/work/QuantOS/QuantOS/crates/quantos-core)
[1m[92m   Compiling[0m hyper-util v0.1.20
[1m[92m   Compiling[0m serde_urlencoded v0.7.1
[1m[92m   Compiling[0m serde_path_to_error v0.1.20
[1m[92m   Compiling[0m pbjson v0.7.0
[1m[92m   Compiling[0m quantos-policy v0.1.0 (/home/runner/work/QuantOS/QuantOS/crates/quantos-policy)
[1m[92m   Compiling[0m pbjson-types v0.7.0
[1m[92m   Compiling[0m axum v0.7.9
[1m[92m   Compiling[0m postgres v0.19.14
[1m[92m   Compiling[0m postgres-native-tls v0.5.3
[1m[92m   Compiling[0m hyper-rustls v0.27.9
[1m[92m   Compiling[0m hyper-timeout v0.5.2
[1m[92m   Compiling[0m reqwest v0.13.4
[1m[92m   Compiling[0m postgres-openssl v0.5.3
[1m[92m   Compiling[0m quantos-event v0.1.0 (/home/runner/work/QuantOS/QuantOS/crates/quantos-event)
[1m[92m   Compiling[0m tonic v0.12.3
[1m[92m   Compiling[0m quantos-storage v0.1.0 (/home/runner/work/QuantOS/QuantOS/crates/quantos-storage)
[1m[92m   Compiling[0m quantos-auth v0.1.0 (/home/runner/work/QuantOS/QuantOS/crates/quantos-auth)
[1m[92m   Compiling[0m quantos-proto v0.1.0 (/home/runner/work/QuantOS/QuantOS/crates/quantos-proto)
[1m[92m   Compiling[0m quantos-engine-manager v0.1.0 (/home/runner/work/QuantOS/QuantOS/crates/quantos-engine-manager)
[1m[92m   Compiling[0m quantos-runtime v0.1.0 (/home/runner/work/QuantOS/QuantOS/crates/quantos-runtime)
[1m[92m   Compiling[0m quantos-observability v0.1.0 (/home/runner/work/QuantOS/QuantOS/crates/quantos-observability)
[1m[92m   Compiling[0m bff-gateway v0.1.0 (/home/runner/work/QuantOS/QuantOS/services/bff-gateway)
[1m[92m    Finished[0m `test` profile [unoptimized + debuginfo] target(s) in 20.28s
[1m[92m     Running[0m unittests src/lib.rs (target/debug/deps/bff_gateway-55415fc4b154aa0e)
