✔ current BFF-FE-000 repository Gate passes (4.460042ms)
✔ missing phase-one page mapping is rejected (2.176792ms)
✔ published operation drift is rejected (4.0695ms)
✔ planned operation traceability deletion is rejected (1.679041ms)
✔ shared idempotency baseline deletion is rejected (2.727667ms)
✔ dependency regression is rejected (1.583666ms)
✔ error correlation header deletion is rejected (2.651667ms)
✔ generated Zod export deletion is rejected (2.086291ms)
✔ missing staging permits development readiness and never claims formal acceptance (1.423792ms)
✔ stage deferral cannot bypass engineering failures, final receipt requirements or unknown stages (0.074625ms)
✔ final review command cannot be rewired to the development stage (6.949958ms)
✔ current semantic A1 gate passes (3.789459ms)
✔ rejects cookie semantic regression (2.86275ms)
✔ rejects idempotency semantic regression (3.087375ms)
✔ rejects sort semantic regression (3.7415ms)
✔ rejects page semantic regression (2.793917ms)
✔ rejects ci semantic regression (2.855ms)
✔ rejects decimal semantic regression (3.467791ms)
✔ rejects version semantic regression (2.701375ms)
✔ rejects csrf semantic regression (2.58775ms)
✔ exact registered security correction is accepted only within its window (13.252667ms)
✔ unregistered breaking type, enum or missing baseline fails closed (25.912ms)
✔ new required parameters and constraints cannot silently bypass compatibility (4.034542ms)
✔ absent, invented and reference-only staging receipts never close A1 (0.533375ms)
✔ final receipt requires technical evidence plus one input-bound user confirmation (1.542584ms)
✔ optional property within an existing allOf is additive, required changes are rejected (0.145875ms)
ℹ tests 26
ℹ suites 0
ℹ pass 26
ℹ fail 0
ℹ cancelled 0
ℹ skipped 0
ℹ todo 0
ℹ duration_ms 190.250375
