✔ formal gate rejects zero, one, two and noninteger runs (0.408541ms)
✔ all binaries participate in digest and omitted binary fails (3.218584ms)
✔ extra binary, missing wheel and stale/empty Web cannot pass output inventory (2.192083ms)
✔ manifest inventory cannot omit or add members (0.062917ms)
✔ dirty and untracked source rejected (56.235292ms)
✔ deleted module README is rejected (2.495542ms)
✔ wrong uv version fails toolchain preflight (16.94225ms)
✔ invalid locks fail real lock entrypoint (31.564583ms)
✔ Terminal default lint rejects a page TSX violation (1348.78775ms)
✔ invalid run revokes old successful receipt (24.714542ms)
✔ Cargo manifest drift is rejected by actual lock gate (518.133791ms)
✔ uv manifest drift is rejected by actual lock gate (604.967416ms)
✔ pnpm manifest drift is rejected by actual lock gate (836.811375ms)
✔ malformed Buf lock is rejected by actual lock gate (629.5075ms)
✔ broken Desktop is outside phase-one pnpm frozen check (304.470125ms)
✔ uv output marker is metadata, other unexpected files still fail (2.094792ms)
✔ build-only tool is required in output inventory without becoming a runtime binary (2.131042ms)
✔ pnpm frozen check rejects missing or changed patch bytes (636.700833ms)
✔ pnpm patch cannot read outside the repository (140.430834ms)
ℹ tests 19
ℹ suites 0
ℹ pass 19
ℹ fail 0
ℹ cancelled 0
ℹ skipped 0
ℹ todo 0
ℹ duration_ms 5195.952209
