node --test scripts/f02-gate-negative.mjs scripts/f02-a11-gate-negative.mjs scripts/playwright-git-history.test.mjs
✔ complete Linux matrix passes; deletion and pixel tampering fail (399.796166ms)
✔ acceptance never updates snapshots or skips missing snapshots (0.784042ms)
✔ only main signing and verification jobs receive the signing environment (10.237375ms)
✔ signing policy rejects missing protection, wildcards, tags and extra branches (0.214542ms)
✔ candidate import rejects tampering and stale source before writing, then imports the reviewed matrix (369.614208ms)
✔ required download check rejects skipped or failed event-specific verification (26.092083ms)
✔ PR receipts bind the checked out head while main signing stays on the event SHA (3.523209ms)
Verified 2 release files for aaaaaaaaaaaaaaaaaaaaaaaaaaaaaaaaaaaaaaaa
Verified 2 release files for aaaaaaaaaaaaaaaaaaaaaaaaaaaaaaaaaaaaaaaa
✔ real Gitleaks positive control and GitHub/Slack leaks (1662.531875ms)
✔ historical digest exceptions do not waive fresh credentials in audit JSON (1165.052417ms)
✔ RLS baseline rejects policy deletion and late disabling with recovery (185.855083ms)
✔ RLS preflight recognizes the actual ten-table A2 migration and rejects incomplete loops (142.387292ms)
✔ RLS literal loops preserve late disabling, NO FORCE and policy deletion (135.006291ms)
✔ RLS preflight cannot count conditional loops, comments, literals or function bodies as execution (153.793583ms)
✔ quoted SQL examples inside expanded policy expressions cannot enable RLS (23.048125ms)
✔ migration filename control, rejection and recovery (14.524167ms)
✔ waivers only authorize exact advisory/ecosystem/package/version before expiry (1.087833ms)
✔ license expression policy does not globally allow LGPL or unknown licenses (0.357708ms)
✔ release binds complete payload and SBOM to source; rejects corruption and build-only native files (2.936458ms)
✔ Buf compares against distinct historical source and detects removed fields (610.035542ms)
✔ SCA scanner adapter consumes exact waivers and never waives scanner failures (1081.094042ms)
✔ Playwright PR reporting preserves complete history for downstream security scans (1677.576292ms)
ℹ tests 21
ℹ suites 0
ℹ pass 21
ℹ fail 0
ℹ cancelled 0
ℹ skipped 0
ℹ todo 0
ℹ duration_ms 5221.011375
