✔ all eight independently content-bound dependencies admit DEVELOPMENT only (17.397416ms)
✔ engineering aggregation preserves the sole pending user confirmation (8.988208ms)
✔ milestone rejects missing F0 (8.122583ms)
✔ milestone rejects missing PRE (8.136708ms)
✔ milestone rejects duplicate dependency (8.029ms)
✔ milestone rejects unready F0 (7.834083ms)
✔ milestone rejects manifest bytes replaced (7.647166ms)
✔ milestone rejects digest substituted (7.242667ms)
✔ milestone rejects dependency path substituted (7.197459ms)
✔ milestone rejects dependency verdict substituted (7.064667ms)
✔ milestone rejects self manifest schema (7.128833ms)
✔ milestone rejects normative change (7.176208ms)
✔ milestone rejects source input change (7.288ms)
✔ milestone rejects unexecuted check (8.848542ms)
✔ milestone rejects missing execution time (7.392541ms)
✔ milestone rejects missing required check (7.535ms)
✔ milestone rejects duplicate check (7.37025ms)
✔ milestone rejects wrong command (7.240917ms)
✔ milestone rejects log tampering (7.469ms)
✔ milestone rejects rehashed prose (7.325583ms)
✔ milestone rejects external log path (7.085792ms)
✔ milestone rejects false formal acceptance (6.958667ms)
✔ milestone rejects aggregate claims database run (6.825583ms)
✔ milestone rejects hidden exclusions (6.968542ms)
✔ milestone rejects unresolved functional finding (6.912833ms)
✔ dependency validator is invoked and errors propagate (8.3185ms)
✔ fake READY cannot hide changed G0 scope (8.032916ms)
✔ arbitrary existing markdown cannot serve as a milestone receipt (0.102875ms)
✔ own arbitrary digest is rejected independently of dependency status (0.070417ms)
✔ F0 policy contains the six missing nodes and all eleven obligations (7.60325ms)
✔ production schema drift comparator rejects tables (0.155167ms)
✔ production schema drift comparator rejects columns (0.059208ms)
✔ production schema drift comparator rejects constraints (0.0435ms)
✔ production schema drift comparator rejects indexes (0.041417ms)
✔ production schema drift comparator rejects policies (0.035708ms)
✔ production schema drift comparator rejects routines (0.0325ms)
✔ production schema drift comparator rejects triggers (0.036583ms)
✔ 100-task recovery evidence cannot use 10-task diagnostic or accept P95 (1.328333ms)
✔ CI consumes the full milestone engineering validator and its negatives (0.083416ms)
ℹ tests 39
ℹ suites 0
ℹ pass 39
ℹ fail 0
ℹ cancelled 0
ℹ skipped 0
ℹ todo 0
ℹ duration_ms 275.247375
