
> @sumalpha/quantos@ test:development-plans /Users/anray/Documents/project/SumAlpha/QuantOS
> node --test scripts/development-plan-order-negative.mjs

✔ joint schedule is acyclic and preserves task/status boundaries (11.642917ms)
✔ restoring a complete R1 prerequisite for S2 services creates a rejected cycle (5.491375ms)
✔ research service waiting on its consumer page is rejected (5.367625ms)
✔ historical CORE:R04 to CORE:L04 probe now fails closed (5.402416ms)
✔ an early identity API cannot silently depend on later research services (6.927042ms)
✔ a provider cannot wait for the consumer frontend Gate (4.7975ms)
✔ removing S2 service admission from a core execution task is rejected (5.478ms)
✔ S2 service Gate cannot omit TP12 advance evaluation (5.77025ms)
✔ I10 cannot drop testnet service admission even if metadata is edited with it (6.415542ms)
✔ a new or existing frontend cannot skip the full provider Gate (6.289875ms)
✔ G5 cannot be marked as closing in I4 before reconciliation (5.768958ms)
✔ moving the G1 block above I1 tasks is rejected (5.398292ms)
✔ milestone cannot omit its last child while retaining a Gate summary (5.946292ms)
✔ prose-only backend dependencies cannot drift from structured prerequisites (6.234334ms)
✔ core closure mapping cannot become an implicit service alias (5.570166ms)
✔ ACCEPTED checkpoint needs SHA and evidence, not only a green word (5.752417ms)
✔ accepted checkpoint evidence must resolve (2.676667ms)
✔ missing checkpoint and unknown dependency fail closed (7.8605ms)
✔ API windows cannot skip their preceding provider checkpoint (5.387542ms)
✔ UI windows cannot skip the preceding reconciliation window (5.661041ms)
✔ Web intake preserves the explicit no-model-review schema (1.914083ms)
✔ missing Web task fields still fail closed (1.6565ms)
✔ both plans must publish exactly the same stage contract (6.25275ms)
✔ changing both plans cannot defer correctness or functional deadlines to release (14.738291ms)
✔ both plans must retain every deferred release obligation (13.628792ms)
✔ tasks and checkpoints cannot omit, invent, or misclassify their stage gate (20.612833ms)
✔ release prerequisites cannot block either development or integration (12.430792ms)
✔ release gates cannot skip business closure or inherit the wrong stage (14.867ms)
✔ historical ACCEPTED and completed tasks do not automatically become READY (6.391666ms)
✔ READY needs its own input digest and resolvable evidence (32.845125ms)
✔ unassessed stage gates cannot carry an apparent ready receipt (7.687792ms)
✔ BLOCKED retains failure evidence and digest without being counted as READY (10.562667ms)
✔ a READY chain needs READY prerequisites and its own evidence at every node (16.109375ms)
✔ stage readiness never substitutes for formal acceptance evidence (2.857792ms)
✔ release READY requires formal acceptance and all functional prerequisites (9.362542ms)
ℹ tests 35
ℹ suites 0
ℹ pass 35
ℹ fail 0
ℹ cancelled 0
ℹ skipped 0
ℹ todo 0
ℹ duration_ms 338.056583
