
> @sumalpha/quantos@ test:pre03 /Users/anray/Documents/project/SumAlpha/QuantOS
> node --test scripts/pre03-gate-negative.mjs

✔ current Web contract passes and never loads Desktop inputs (9.522333ms)
✔ apps/terminal rejects Next 15.5.23 (5.8155ms)
✔ apps/terminal rejects Next 16.0.0 (2.106875ms)
✔ apps/website rejects Next 15.5.23 (1.727291ms)
✔ apps/website rejects Next 16.0.0 (1.63675ms)
✔ missing package resolutions (2.2015ms)
✔ missing snapshots (1.576875ms)
✔ specifier drift (1.985541ms)
✔ dependency removed (1.952625ms)
✔ dependency inserted (1.929958ms)
✔ manifest drift fails without changing lock (0.891833ms)
✔ ADR drift fails (0.735542ms)
✔ duplicate ADR version row fails (0.712125ms)
✔ missing transitive snapshot fails (2.198208ms)
✔ Node pin drift fails (0.930792ms)
✔ effective Next configuration: valid export (255.789458ms)
✔ effective Next configuration: comment marker (254.6765ms)
✔ effective Next configuration: dead branch (259.671208ms)
✔ effective Next configuration: subsequent override (256.981833ms)
✔ effective Next configuration: function config (258.911167ms)
✔ bad route resources, fake HTML and script failures fail closed (11805.677709ms)
✔ Next-specific async client violation is an ESLint error (279.527416ms)
✔ build receipts reject stale source, config, identity and missing receipts (2.286041ms)
✔ source binding ignores caches but detects actual source changes (3.619667ms)
✔ all workspace importers and exact link targets are required (10.129333ms)
✔ runtime loader discovers omitted manifests independently of lockfile (539.23ms)
✔ per-app env files are isolated and reloaded without polluting caller (715.412875ms)
ℹ tests 27
ℹ suites 0
ℹ pass 27
ℹ fail 0
ℹ cancelled 0
ℹ skipped 0
ℹ todo 0
ℹ duration_ms 15550.695125
