
> @sumalpha/quantos@ test:pre02 /Users/anray/Documents/project/SumAlpha/QuantOS
> pnpm --filter @sumalpha/ui test:pre02


> @sumalpha/ui@0.1.0 test:pre02 /Users/anray/Documents/project/SumAlpha/QuantOS/packages/ui
> node --test scripts/pre02-gate-negative.mjs

✔ current PRE-02 design-system contract passes (8.066541ms)
✔ renaming a required safety key fails even when the count stays at 18 (1.587375ms)
✔ missing state color mapping fails closed (1.216459ms)
✔ insufficient focus contrast is rejected (1.098ms)
✔ missing readonly viewport is rejected (1.033917ms)
✔ deny cannot become success (1.277333ms)
✔ mapped token paths must exist (0.821208ms)
✔ English safety semantics cannot be inverted (0.731083ms)
✔ all compact density values remain frozen (0.847542ms)
✔ focus width and path remain frozen (0.8415ms)
✔ breakpoint intervals cannot develop gaps (0.716917ms)
✔ typography and spacing must match the reviewed contract (0.821375ms)
✔ required component identity cannot be replaced (0.640041ms)
✔ comments do not supply executable Storybook configuration (0.740542ms)
✔ surface.2 contrast cannot be removed from the contract (0.633ms)
✔ native reference viewport is not a prerequisite of the Web Gate (0.600417ms)
✔ disabled contrast rule cannot hide behind a matching comment (0.603ms)
✔ readonly viewport dimensions cannot hide behind its identifier (0.758375ms)
✔ phase-two page cannot enter the Web component acceptance rows (0.60325ms)
✔ provider JSX outside the decorator cannot authorize empty decorators (0.604791ms)
✔ unexported configuration does not authorize a Storybook entry (0.594959ms)
✔ initial theme cannot contradict the dark default contract (0.831834ms)
✔ object spread cannot silently override required addons (0.825417ms)
✔ duplicate decorators cannot replace the validated provider tree (0.690416ms)
✔ dead JSX branches are not executed provider decorators (1.063333ms)
✔ provider attributes cannot be overwritten through JSX spreads (0.80575ms)
✔ provider-only JSX without the Story consumer is rejected (0.668708ms)
ℹ tests 27
ℹ suites 0
ℹ pass 27
ℹ fail 0
ℹ cancelled 0
ℹ skipped 0
ℹ todo 0
ℹ duration_ms 207.218083
