
> @sumalpha/quantos@ test:pre01 /Users/anray/Documents/project/SumAlpha/QuantOS
> node --test ./scripts/tests/check-pre01.test.mjs

✔ current PRE-01 artifacts satisfy the executable contract (4.0315ms)
✔ missing a page state fails closed (2.161917ms)
✔ invalid story priority fails closed (1.23475ms)
✔ missing traceability row fails closed (1.487583ms)
✔ published operation cannot regress to planned fails closed (1.749916ms)
✔ unknown role fails closed (0.482083ms)
✔ unknown route fails closed (0.481625ms)
✔ duplicate story fails closed (0.556458ms)
✔ missing flow stories fails closed (0.544084ms)
✔ missing flow scenarios fails closed (1.140291ms)
✔ unsafe proposal criterion fails closed (1.236292ms)
✔ unknown trace task fails closed (1.35275ms)
✔ unauthorized admin grant fails closed (0.863334ms)
✔ missing permission route fails closed (0.705708ms)
✔ phase-one P16 fails closed (0.077875ms)
✔ missing contract owner fails closed (1.342458ms)
✔ empty flow role fails closed (0.642833ms)
✔ empty flow route fails closed (0.648292ms)
✔ state label mismatch fails closed (0.930542ms)
✔ desktop-only story fails closed (0.439209ms)
✔ persistent offline cache fails closed (0.899625ms)
✔ admin domain permission fails closed (0.724375ms)
✔ missing page story fails closed (0.456458ms)
✔ cross-page route fails closed (0.4175ms)
✔ current G0 governance preserves history without granting current acceptance (3.161833ms)
✔ past-due G0 item cannot silently remain OPEN (0.619875ms)
✔ fabricated G0 acceptance fails against current checkpoint (0.625875ms)
✔ missing G0 leftover owner fails (0.630542ms)
✔ P05 cannot bind metadata download to an untraced audit export operation (1.618792ms)
✔ P21 cannot drop alert ownership from both ledger and trace while retaining the subscription (1.584916ms)
✔ unknown unlabelled operation in API register is rejected (1.831458ms)
✔ P05 quality alerts require C16 ownership on the consumer page (1.567583ms)
✔ API register rejects current version 1.4.0 (1.482625ms)
✔ API register rejects current version 99.99.0 (1.364041ms)
✔ published register row cannot omit API version (1.449958ms)
✔ published register row cannot omit generated mock version (1.476208ms)
✔ all ten historical compatibility strategies cannot be cleared (0.736ms)
✔ current disposition cannot drop a historical parent (0.922667ms)
✔ current disposition requires effective checkpoint deadline (0.753041ms)
✔ current disposition cannot claim target RELEASE completion (0.821167ms)
✔ current disposition requires nonempty compatibility strategy (0.707708ms)
✔ current disposition presentation must match structured source (0.707834ms)
✔ current deadline cannot defer DEVELOPMENT provider obligations to integration (0.765875ms)
ℹ tests 43
ℹ suites 0
ℹ pass 43
ℹ fail 0
ℹ cancelled 0
ℹ skipped 0
ℹ todo 0
ℹ duration_ms 140.407875
