
> @sumalpha/quantos@ test:pre06 /Users/anray/Documents/project/SumAlpha/QuantOS
> node --test scripts/pre06-gate-negative.mjs scripts/pre06-runtime-negative.mjs

✔ current PRE-06 Web baseline passes (24.753709ms)
✔ website browser Gate deletion is rejected (9.368958ms)
✔ Desktop coupling in phase-one compatibility is rejected (7.669042ms)
✔ Desktop deep-link inclusion in phase-one Terminal is rejected (6.816833ms)
✔ generated operation coverage drift is rejected (6.243458ms)
✔ visual baseline integrity failure is rejected (5.7625ms)
✔ performance budget weakening is rejected (5.897125ms)
✔ disabled CI steps and comment-only commands are rejected (17.657958ms)
✔ contract assertion deletion and visual comparison deletion fail closed (10.634916ms)
✔ website performance and critical coverage gates cannot be removed (11.338292ms)
✔ CI retry policy must reject flaky outcomes and archive failure evidence (11.111834ms)
✔ comments cannot restore weakened budget or critical coverage policy (15.365959ms)
✔ skipped suites and inactive screenshot assertions cannot satisfy the baseline (39.993084ms)
✔ critical contract callbacks cannot return early, hide assertions, or remove runtime counting (22.834459ms)
✔ unknown and corrupted fixtures are rejected, explicit sabotage fixtures remain expected failures (29.449791ms)
✔ empty assets and empty route manifest are never a zero-sized performance PASS (28.797083ms)
✔ actual CI configs return nonzero for first-fail-then-pass policy probe (1305.984208ms)
ℹ tests 17
ℹ suites 0
ℹ pass 17
ℹ fail 0
ℹ cancelled 0
ℹ skipped 0
ℹ todo 0
ℹ duration_ms 1413.481334
