
> @sumalpha/quantos@ test:pre04 /Users/anray/Documents/project/SumAlpha/QuantOS
> node --test scripts/pre04-gate-negative.mjs

✔ current full phase-one inventory passes (12.598334ms)
✔ missing Gap is rejected (5.466792ms)
✔ undecided realtime dependency is rejected (6.084833ms)
✔ deleted required actorId field is rejected (4.329792ms)
✔ nonexistent field source is rejected (4.237042ms)
✔ wrong field type and optionality are rejected (5.251084ms)
✔ generated operation deletion is rejected (4.434834ms)
✔ generated method and path drift are rejected (8.8845ms)
✔ same-count schema rename is rejected (3.735291ms)
✔ schema required and enum drift are rejected (9.996167ms)
✔ same-count Proto message rename is rejected (4.614959ms)
✔ removed Proto declaration is rejected (4.579792ms)
✔ same-count JSON Schema replacement is rejected (4.607ms)
✔ duplicate contract row is rejected before Map collapse (3.976833ms)
✔ duplicate Gap row is rejected before Map collapse (3.798208ms)
✔ nonexistent role owner is rejected (4.022333ms)
✔ nonexistent backend task is rejected (3.819417ms)
✔ nonexistent BFF task is rejected (3.6755ms)
✔ unknown Gap page is rejected (4.075625ms)
✔ each missing website P0 page is rejected (19.253167ms)
✔ missing auxiliary risk/audit/order contract is rejected (11.608625ms)
✔ closing partly published Gap is rejected (3.8645ms)
✔ omitting planned operation is rejected (3.7565ms)
✔ unpublished Inventory Fixture cannot claim Implemented (3.668709ms)
✔ generated-only contract cannot claim Integrated (3.829167ms)
✔ missing provider evidence is rejected (3.659125ms)
✔ changed provider receipt is rejected (3.768417ms)
✔ missing Inventory Fixture is rejected (4.123125ms)
✔ Desktop contamination is rejected by Web inventory (3.999833ms)
✔ nonexistent domain field mappings including the former engine-version anchor are rejected (7.966458ms)
✔ removed referenced core task is rejected (3.949ms)
✔ catalog source drift is rejected (3.852917ms)
✔ empty implementation artifact lists are rejected for every implemented contract (11.065167ms)
✔ each missing implementation evidence category is rejected (34.404458ms)
✔ duplicate artifacts cannot substitute for test or receipt evidence (3.876375ms)
✔ another contract receipt cannot substitute for required evidence (3.994292ms)
✔ unknown task suffixes are rejected in both backend task columns (24.1495ms)
✔ ambiguous cross-prefix ranges cannot impersonate reviewed backend tasks (8.970417ms)
ℹ tests 38
ℹ suites 0
ℹ pass 38
ℹ fail 0
ℹ cancelled 0
ℹ skipped 0
ℹ todo 0
ℹ duration_ms 377.947709
