Validated 6 pinned Buf plugins and locked generation workflow.
✔ proto generation configuration is pinned and lock-preserving (35.383083ms)
✔ proto generation configuration rejects an unpinned remote plugin (34.196042ms)
✔ proto generation configuration rejects implicit dependency updates (34.9395ms)
ℹ tests 3
ℹ suites 0
ℹ pass 3
ℹ fail 0
ℹ cancelled 0
ℹ skipped 0
ℹ todo 0
ℹ duration_ms 134.261458
Extracted 50 JSON schema documents.
Validated 50 standalone JSON schemas and 11 planned domain schemas.
✔ standalone JSON schema gate passes the complete generated catalog (137.986292ms)
✔ standalone JSON schema gate rejects a missing planned domain schema (50.03875ms)
✔ standalone JSON schema gate rejects an unresolved reference (129.44225ms)
ℹ tests 3
ℹ suites 0
ℹ pass 3
ℹ fail 0
ℹ cancelled 0
ℹ skipped 0
ℹ todo 0
ℹ duration_ms 351.590708
Proto compatibility checked against 2faef8ea05517d7bb77abde0fc0d0a8299a77308
Proto checks passed.
