
> @sumalpha/quantos@ test:provider-a1 /Users/anray/Documents/project/SumAlpha/QuantOS
> node --test scripts/provider-a1-receipts.test.mjs

✔ valid source and execution-bound dependency chain is READY without release signatures (44.807916ms)
✔ missing required execution (32.225917ms)
✔ failed execution (33.078792ms)
✔ wrong actual command (28.856625ms)
✔ unresolved issue (22.447459ms)
✔ wrong node (21.517791ms)
✔ missing source inventory (27.273833ms)
✔ plan scope changed (22.554459ms)
✔ outside log path (26.77375ms)
✔ wrong log digest (27.412667ms)
✔ missing dependency (26.339875ms)
✔ dependency digest substituted (26.959459ms)
✔ tampered manifest bytes are rejected (22.768333ms)
✔ changed source content is rejected despite unchanged gate digest (26.261583ms)
✔ dependency must independently be READY (26.680958ms)
✔ arbitrary log cannot masquerade as successful execution (26.030958ms)
✔ input file symlink cannot escape the repository (25.8225ms)
✔ database execution cannot be inferred from a normal local PASS (31.626625ms)
✔ Supabase target receipt verifies each compressed execution log (31.70925ms)
✔ source drift during execution invalidates the original input snapshot (40.647ms)
✔ requirement drift during execution invalidates the original input snapshot (55.029375ms)
✔ controlled public development profile overrides stale values and preserves server inputs (0.145167ms)
✔ private credentials cannot be injected through a public development profile (0.118417ms)
✔ transient Auth 503 can retry only a complete target execution (0.113292ms)
✔ persistent target timeout never becomes PASS and stops at its budget (0.081084ms)
✔ semantic target failures stop without retry or PASS (0.027834ms)
✔ target retry budget cannot be unbounded (0.173625ms)
✔ configured target retries require explicit attempt outcomes in the receipt (41.8505ms)
✔ three successful full builds bind output inventories (0.390584ms)
✔ reproducibility rejects only two builds (0.112542ms)
✔ reproducibility rejects missing Python build (0.247166ms)
✔ reproducibility rejects failed command (0.130375ms)
✔ reproducibility rejects different output digest (0.092125ms)
✔ reproducibility rejects substituted inventory (0.074625ms)
✔ reproducibility rejects dirty source (0.057459ms)
✔ reproducibility rejects old source (0.059833ms)
✔ development policy retains explicit build, coverage, volume and target storage obligations (0.288292ms)
✔ static make commands cannot reload .env.local or inherit target database opt-ins (0.082167ms)
✔ volume retry restarts the complete check only on a closed PostgreSQL transport (0.056833ms)
✔ volume correctness and certificate errors cannot be retried into PASS (0.032042ms)
✔ persistent database transport failure stays failed at the retry limit (0.0275ms)
✔ separate assessment snapshot preserves historical manifests and binds its own logs (40.612333ms)
✔ third-party Git link binds the actual clean checkout and rejects dirty/advanced source (144.893083ms)
ℹ tests 43
ℹ suites 0
ℹ pass 43
ℹ fail 0
ℹ cancelled 0
ℹ skipped 0
ℹ todo 0
ℹ duration_ms 900.285792
