✔ Auth timeout is retained before bounded successful retry (0.462584ms)
✔ persistent login timeout remains failure after exactly three attempts (0.566708ms)
✔ Auth denial, invalid body and explicit cancellation never retry (0.12125ms)
✔ known closed login transport can retry without recording credential text (0.101042ms)
✔ login budget cannot be extended beyond three attempts (0.294125ms)
✔ only retained transport failures can precede actual login PASS (0.1585ms)
✔ missing, excessive and unfinished Auth attempts cannot establish acceptance (2.368375ms)
✔ actual-service receipt requires owned actor, confirmed session retirement and reaped PIDs (4.429917ms)
✔ F07 rejects active actor (0.584417ms)
✔ F07 rejects foreign actor (0.479459ms)
✔ F07 rejects foreign tenant (0.4095ms)
✔ F07 rejects no service cleanup (0.439333ms)
✔ F07 rejects reused PID (0.344709ms)
✔ F07 rejects unconfirmed logout (0.33825ms)
✔ F07 rejects missing logout (0.297042ms)
✔ F07 rejects cleanup failure (0.646458ms)
✔ F07 rejects cleanup after receipt (0.396541ms)
✔ two closed initial connections are retained, closed, then the third succeeds before any statement (0.539583ms)
✔ persistent closure fails after three and retains every failure (0.736125ms)
✔ auth bootstrap failure never retries (0.103875ms)
✔ permission bootstrap failure never retries (0.083083ms)
✔ TLS bootstrap failure never retries (0.055125ms)
✔ cancel bootstrap failure never retries (0.051083ms)
✔ unknown bootstrap failure never retries (0.054083ms)
✔ initial transport timeout retries but a later query error never reconnects (0.087292ms)
✔ failure to close an initial connection prevents retry (0.090417ms)
✔ budget cannot exceed three (0.198917ms)
✔ acceptance rejects missing, unfinished, reordered, semantic or unclosed attempts (2.523792ms)
✔ evidence-save failure closes the connected client and never reconnects (0.068542ms)
ℹ tests 29
ℹ suites 0
ℹ pass 29
ℹ fail 0
ℹ cancelled 0
ℹ skipped 0
ℹ todo 0
ℹ duration_ms 44.198083
