
> @sumalpha/quantos@ test:development-plans /Users/anray/Documents/project/SumAlpha/QuantOS
> node --test scripts/development-plan-order-negative.mjs

✔ joint schedule is acyclic and preserves task/status boundaries (11.763ms)
✔ restoring a complete R1 prerequisite for S2 services creates a rejected cycle (5.66475ms)
✔ research service waiting on its consumer page is rejected (4.9145ms)
✔ historical CORE:R04 to CORE:L04 probe now fails closed (5.153542ms)
✔ an early identity API cannot silently depend on later research services (6.265958ms)
✔ a provider cannot wait for the consumer frontend Gate (4.678625ms)
✔ removing S2 service admission from a core execution task is rejected (5.183166ms)
✔ S2 service Gate cannot omit TP12 advance evaluation (5.22925ms)
✔ I10 cannot drop testnet service admission even if metadata is edited with it (5.788125ms)
✔ a new or existing frontend cannot skip the full provider Gate (5.666833ms)
✔ G5 cannot be marked as closing in I4 before reconciliation (5.494791ms)
✔ moving the G1 block above I1 tasks is rejected (5.059792ms)
✔ milestone cannot omit its last child while retaining a Gate summary (5.532042ms)
✔ prose-only backend dependencies cannot drift from structured prerequisites (5.289375ms)
✔ core closure mapping cannot become an implicit service alias (5.469ms)
✔ ACCEPTED checkpoint needs SHA and evidence, not only a green word (5.237792ms)
✔ accepted checkpoint evidence must resolve (2.984875ms)
✔ missing checkpoint and unknown dependency fail closed (7.406375ms)
✔ API windows cannot skip their preceding provider checkpoint (5.143375ms)
✔ UI windows cannot skip the preceding reconciliation window (5.328834ms)
✔ Web intake preserves the explicit no-model-review schema (1.598417ms)
✔ missing Web task fields still fail closed (1.532917ms)
✔ both plans must publish exactly the same stage contract (5.968458ms)
✔ changing both plans cannot defer correctness or functional deadlines to release (14.075667ms)
✔ both plans must retain every deferred release obligation (14.16125ms)
✔ tasks and checkpoints cannot omit, invent, or misclassify their stage gate (21.181459ms)
✔ release prerequisites cannot block either development or integration (13.195208ms)
✔ release gates cannot skip business closure or inherit the wrong stage (15.776542ms)
✔ historical ACCEPTED and completed tasks do not automatically become READY (6.317375ms)
✔ READY needs its own input digest and resolvable evidence (31.876833ms)
✔ unassessed stage gates cannot carry an apparent ready receipt (7.675166ms)
✔ BLOCKED retains failure evidence and digest without being counted as READY (10.344375ms)
✔ a READY chain needs READY prerequisites and its own evidence at every node (15.88625ms)
✔ stage readiness never substitutes for formal acceptance evidence (2.966125ms)
✔ release READY requires formal acceptance and all functional prerequisites (9.699292ms)
ℹ tests 35
ℹ suites 0
ℹ pass 35
ℹ fail 0
ℹ cancelled 0
ℹ skipped 0
ℹ todo 0
ℹ duration_ms 328.083333
