
> @sumalpha/quantos@ test:pre04 /Users/anray/Documents/project/SumAlpha/QuantOS
> node --test scripts/pre04-gate-negative.mjs

✔ current full phase-one inventory passes (11.821542ms)
✔ missing Gap is rejected (5.428666ms)
✔ undecided realtime dependency is rejected (4.639875ms)
✔ deleted required actorId field is rejected (4.525458ms)
✔ nonexistent field source is rejected (4.341916ms)
✔ wrong field type and optionality are rejected (5.082667ms)
✔ generated operation deletion is rejected (4.202083ms)
✔ generated method and path drift are rejected (8.768583ms)
✔ same-count schema rename is rejected (3.681708ms)
✔ schema required and enum drift are rejected (9.053958ms)
✔ same-count Proto message rename is rejected (4.422292ms)
✔ removed Proto declaration is rejected (4.296708ms)
✔ same-count JSON Schema replacement is rejected (5.788458ms)
✔ duplicate contract row is rejected before Map collapse (4.479375ms)
✔ duplicate Gap row is rejected before Map collapse (4.3315ms)
✔ nonexistent role owner is rejected (4.407625ms)
✔ nonexistent backend task is rejected (4.004708ms)
✔ nonexistent BFF task is rejected (4.036375ms)
✔ unknown Gap page is rejected (4.740417ms)
✔ each missing website P0 page is rejected (20.44225ms)
✔ missing auxiliary risk/audit/order contract is rejected (12.28275ms)
✔ closing partly published Gap is rejected (4.119083ms)
✔ omitting planned operation is rejected (3.928792ms)
✔ unpublished Inventory Fixture cannot claim Implemented (3.875958ms)
✔ generated-only contract cannot claim Integrated (4.444125ms)
✔ missing provider evidence is rejected (4.018083ms)
✔ changed provider receipt is rejected (4.072833ms)
✔ missing Inventory Fixture is rejected (4.422541ms)
✔ Desktop contamination is rejected by Web inventory (4.056583ms)
✔ nonexistent domain field mappings including the former engine-version anchor are rejected (8.07525ms)
✔ removed referenced core task is rejected (3.651792ms)
✔ catalog source drift is rejected (3.772125ms)
✔ empty implementation artifact lists are rejected for every implemented contract (12.414209ms)
✔ each missing implementation evidence category is rejected (35.730792ms)
✔ duplicate artifacts cannot substitute for test or receipt evidence (4.049958ms)
✔ another contract receipt cannot substitute for required evidence (4.198375ms)
✔ unknown task suffixes are rejected in both backend task columns (22.93625ms)
✔ ambiguous cross-prefix ranges cannot impersonate reviewed backend tasks (8.318583ms)
ℹ tests 38
ℹ suites 0
ℹ pass 38
ℹ fail 0
ℹ cancelled 0
ℹ skipped 0
ℹ todo 0
ℹ duration_ms 379.487833
