
> @sumalpha/quantos@ test:pre01 /Users/anray/Documents/project/SumAlpha/QuantOS
> node --test ./scripts/tests/check-pre01.test.mjs

✔ current PRE-01 artifacts satisfy the executable contract (4.543416ms)
✔ missing a page state fails closed (2.20375ms)
✔ invalid story priority fails closed (0.580625ms)
✔ missing traceability row fails closed (1.453625ms)
✔ published operation cannot regress to planned fails closed (1.940625ms)
✔ unknown role fails closed (0.526917ms)
✔ unknown route fails closed (0.515333ms)
✔ duplicate story fails closed (0.5545ms)
✔ missing flow stories fails closed (0.622458ms)
✔ missing flow scenarios fails closed (1.348667ms)
✔ unsafe proposal criterion fails closed (1.227291ms)
✔ unknown trace task fails closed (1.426167ms)
✔ unauthorized admin grant fails closed (1.018125ms)
✔ missing permission route fails closed (0.959ms)
✔ phase-one P16 fails closed (0.128542ms)
✔ missing contract owner fails closed (1.458166ms)
✔ empty flow role fails closed (0.685084ms)
✔ empty flow route fails closed (0.673833ms)
✔ state label mismatch fails closed (1.195792ms)
✔ desktop-only story fails closed (0.591583ms)
✔ persistent offline cache fails closed (1.086416ms)
✔ admin domain permission fails closed (0.989333ms)
✔ missing page story fails closed (0.537667ms)
✔ cross-page route fails closed (0.566ms)
✔ current G0 governance preserves history without granting current acceptance (1.029292ms)
✔ past-due G0 item cannot silently remain OPEN (0.670208ms)
✔ fabricated G0 acceptance fails against current checkpoint (0.583458ms)
✔ missing G0 leftover owner fails (0.588291ms)
✔ P05 cannot bind metadata download to an untraced audit export operation (2.203958ms)
✔ P21 cannot drop alert ownership from both ledger and trace while retaining the subscription (2.000334ms)
✔ unknown unlabelled operation in API register is rejected (1.967042ms)
✔ P05 quality alerts require C16 ownership on the consumer page (1.683833ms)
ℹ tests 32
ℹ suites 0
ℹ pass 32
ℹ fail 0
ℹ cancelled 0
ℹ skipped 0
ℹ todo 0
ℹ duration_ms 95.184
