
> @sumalpha/quantos@ test:provider-a1 /Users/anray/Documents/project/SumAlpha/QuantOS
> node --test scripts/provider-a1-receipts.test.mjs

✔ valid source and execution-bound dependency chain is READY without release signatures (43.95325ms)
✔ missing required execution (31.3035ms)
✔ failed execution (32.391417ms)
✔ wrong actual command (32.46725ms)
✔ unresolved issue (25.317667ms)
✔ wrong node (24.781416ms)
✔ missing source inventory (30.210167ms)
✔ plan scope changed (24.631834ms)
✔ outside log path (30.431541ms)
✔ wrong log digest (29.417417ms)
✔ missing dependency (31.00975ms)
✔ dependency digest substituted (31.040792ms)
✔ tampered manifest bytes are rejected (24.74225ms)
✔ changed source content is rejected despite unchanged gate digest (30.004375ms)
✔ dependency must independently be READY (31.899667ms)
✔ arbitrary log cannot masquerade as successful execution (33.3535ms)
✔ input file symlink cannot escape the repository (33.446709ms)
✔ database execution cannot be inferred from a normal local PASS (38.7855ms)
✔ Supabase target receipt verifies each compressed execution log (53.921042ms)
✔ source drift during execution invalidates the original input snapshot (50.604791ms)
✔ requirement drift during execution invalidates the original input snapshot (57.755959ms)
✔ controlled public development profile overrides stale values and preserves server inputs (0.145875ms)
✔ private credentials cannot be injected through a public development profile (0.1335ms)
✔ transient Auth 503 can retry only a complete target execution (0.238792ms)
✔ persistent target timeout never becomes PASS and stops at its budget (0.078292ms)
✔ semantic target failures stop without retry or PASS (0.027458ms)
✔ target retry budget cannot be unbounded (0.105541ms)
✔ configured target retries require explicit attempt outcomes in the receipt (41.13ms)
✔ three successful full builds bind output inventories (0.3365ms)
✔ reproducibility rejects only two builds (0.105084ms)
✔ reproducibility rejects missing Python build (0.142667ms)
✔ reproducibility rejects failed command (0.144208ms)
✔ reproducibility rejects different output digest (0.105083ms)
✔ reproducibility rejects substituted inventory (0.079334ms)
✔ reproducibility rejects dirty source (0.069625ms)
✔ reproducibility rejects old source (0.059584ms)
✔ development policy retains explicit build, coverage, volume and target storage obligations (0.319708ms)
✔ static make commands cannot reload .env.local or inherit target database opt-ins (0.086416ms)
✔ volume retry restarts the complete check only on a closed PostgreSQL transport (0.059833ms)
✔ volume correctness and certificate errors cannot be retried into PASS (0.040875ms)
✔ persistent database transport failure stays failed at the retry limit (0.028417ms)
ℹ tests 41
ℹ suites 0
ℹ pass 41
ℹ fail 0
ℹ cancelled 0
ℹ skipped 0
ℹ todo 0
ℹ duration_ms 808.627875
