TAP version 13
# Subtest: current BFF-FE-001 repository Gate passes
ok 1 - current BFF-FE-001 repository Gate passes
  ---
  duration_ms: 7.879792
  type: 'test'
  ...
# Subtest: CSRF deletion is rejected
ok 2 - CSRF deletion is rejected
  ---
  duration_ms: 5.45325
  type: 'test'
  ...
# Subtest: bearer session regression is rejected
ok 3 - bearer session regression is rejected
  ---
  duration_ms: 4.853208
  type: 'test'
  ...
# Subtest: recent-auth deletion is rejected
ok 4 - recent-auth deletion is rejected
  ---
  duration_ms: 4.531541
  type: 'test'
  ...
# Subtest: idempotency deletion is rejected
ok 5 - idempotency deletion is rejected
  ---
  duration_ms: 4.525125
  type: 'test'
  ...
# Subtest: last-factor protection deletion is rejected
ok 6 - last-factor protection deletion is rejected
  ---
  duration_ms: 3.603833
  type: 'test'
  ...
# Subtest: resource-hiding 404 deletion is rejected
ok 7 - resource-hiding 404 deletion is rejected
  ---
  duration_ms: 4.265708
  type: 'test'
  ...
# Subtest: revocation replay deletion is rejected
ok 8 - revocation replay deletion is rejected
  ---
  duration_ms: 3.988375
  type: 'test'
  ...
# Subtest: security audit reference deletion is rejected
ok 9 - security audit reference deletion is rejected
  ---
  duration_ms: 4.124583
  type: 'test'
  ...
# Subtest: dependency regression is rejected
ok 10 - dependency regression is rejected
  ---
  duration_ms: 2.725958
  type: 'test'
  ...
# Subtest: provider changes invalidate executed evidence
ok 11 - provider changes invalidate executed evidence
  ---
  duration_ms: 2.965333
  type: 'test'
  ...
# Subtest: providerTests changes invalidate executed evidence
ok 12 - providerTests changes invalidate executed evidence
  ---
  duration_ms: 2.766167
  type: 'test'
  ...
# Subtest: authClient changes invalidate executed evidence
ok 13 - authClient changes invalidate executed evidence
  ---
  duration_ms: 2.755291
  type: 'test'
  ...
# Subtest: settingsClient changes invalidate executed evidence
ok 14 - settingsClient changes invalidate executed evidence
  ---
  duration_ms: 3.155709
  type: 'test'
  ...
# Subtest: liveProvider changes invalidate executed evidence
ok 15 - liveProvider changes invalidate executed evidence
  ---
  duration_ms: 2.712458
  type: 'test'
  ...
# Subtest: frontendWorkflow commands in comments do not count as CI
ok 16 - frontendWorkflow commands in comments do not count as CI
  ---
  duration_ms: 3.193334
  type: 'test'
  ...
# Subtest: ciWorkflow commands in comments do not count as CI
ok 17 - ciWorkflow commands in comments do not count as CI
  ---
  duration_ms: 2.787958
  type: 'test'
  ...
# Subtest: disabled CI steps cannot satisfy the Gate
ok 18 - disabled CI steps cannot satisfy the Gate
  ---
  duration_ms: 2.650083
  type: 'test'
  ...
# Subtest: outdated inventory cannot satisfy the active evidence Gate
ok 19 - outdated inventory cannot satisfy the active evidence Gate
  ---
  duration_ms: 2.728
  type: 'test'
  ...
# Subtest: commented Make recipes do not satisfy executable wiring
ok 20 - commented Make recipes do not satisfy executable wiring
  ---
  duration_ms: 2.437292
  type: 'test'
  ...
# Subtest: no semantic receipt cannot satisfy the Gate
ok 21 - no semantic receipt cannot satisfy the Gate
  ---
  duration_ms: 2.4825
  type: 'test'
  ...
# Subtest: deleted active evidence cannot satisfy the Gate
ok 22 - deleted active evidence cannot satisfy the Gate
  ---
  duration_ms: 2.733667
  type: 'test'
  ...
1..22
# tests 22
# suites 0
# pass 22
# fail 0
# cancelled 0
# skipped 0
# todo 0
# duration_ms 173.510625
