✔ explicit second-phase Desktop contract remains valid (2.162ms)
✔ Desktop artifact fork is rejected (1.077333ms)
✔ unsafe Desktop deep-link wiring is rejected (0.967542ms)
✔ current Web contract passes and never loads Desktop inputs (3.45025ms)
✔ apps/terminal rejects Next 15.5.23 (3.63975ms)
✔ apps/terminal rejects Next 16.0.0 (1.653375ms)
✔ apps/website rejects Next 15.5.23 (1.515708ms)
✔ apps/website rejects Next 16.0.0 (1.533625ms)
✔ missing package resolutions (1.785792ms)
✔ missing snapshots (1.11725ms)
✔ specifier drift (1.728959ms)
✔ dependency removed (1.772708ms)
✔ dependency inserted (1.761833ms)
✔ manifest drift fails without changing lock (0.799625ms)
✔ ADR drift fails (0.723041ms)
✔ Node pin drift fails (0.680167ms)
✔ effective Next configuration: valid export (6.911834ms)
✔ effective Next configuration: comment marker (3.635958ms)
✔ effective Next configuration: dead branch (3.837958ms)
✔ effective Next configuration: subsequent override (4.940125ms)
✔ effective Next configuration: function config (3.635417ms)
✔ bad route resources, fake HTML and script failures fail closed (11805.232375ms)
✔ Next-specific async client violation is an ESLint error (174.4645ms)
✔ build receipts reject stale source, config, identity and missing receipts (1.788ms)
ℹ tests 24
ℹ suites 0
ℹ pass 24
ℹ fail 0
ℹ cancelled 0
ℹ skipped 0
ℹ todo 0
ℹ duration_ms 12651.028625
