
> @sumalpha/quantos@ test:development-plans /private/var/folders/k8/_4hymb6j59s0c8xntb11ktmc0000gn/T/quantos-pre03-fixed-6mx38esj
> node --test scripts/development-plan-order-negative.mjs

✔ joint schedule is acyclic and preserves task/status boundaries (9.833333ms)
✔ restoring a complete R1 prerequisite for S2 services creates a rejected cycle (4.611375ms)
✔ research service waiting on its consumer page is rejected (5.800709ms)
✔ historical CORE:R04 to CORE:L04 probe now fails closed (4.854791ms)
✔ an early identity API cannot silently depend on later research services (7.5475ms)
✔ a provider cannot wait for the consumer frontend Gate (4.726666ms)
✔ removing S2 service admission from a core execution task is rejected (6.031583ms)
✔ S2 service Gate cannot omit TP12 advance evaluation (5.877875ms)
✔ I10 cannot drop testnet service admission even if metadata is edited with it (6.051667ms)
✔ a new or existing frontend cannot skip the full provider Gate (6.489084ms)
✔ G5 cannot be marked as closing in I4 before reconciliation (7.203958ms)
✔ moving the G1 block above I1 tasks is rejected (5.699709ms)
✔ milestone cannot omit its last child while retaining a Gate summary (5.305459ms)
✔ prose-only backend dependencies cannot drift from structured prerequisites (5.398333ms)
✔ core closure mapping cannot become an implicit service alias (6.060542ms)
✔ ACCEPTED checkpoint needs SHA and evidence, not only a green word (5.048792ms)
✔ accepted checkpoint evidence must resolve (2.327708ms)
✔ missing checkpoint and unknown dependency fail closed (5.205042ms)
✔ API windows cannot skip their preceding provider checkpoint (4.025958ms)
✔ UI windows cannot skip the preceding reconciliation window (4.051ms)
✔ Web intake preserves the explicit no-model-review schema (1.759084ms)
✔ missing Web task fields still fail closed (1.436834ms)
ℹ tests 22
ℹ suites 0
ℹ pass 22
ℹ fail 0
ℹ cancelled 0
ℹ skipped 0
ℹ todo 0
ℹ duration_ms 156.404417
