
> @sumalpha/quantos@ test:pre02 /private/var/folders/k8/_4hymb6j59s0c8xntb11ktmc0000gn/T/quantos-pre03-fixed-6mx38esj
> pnpm --filter @sumalpha/ui test:pre02


> @sumalpha/ui@0.1.0 test:pre02 /private/var/folders/k8/_4hymb6j59s0c8xntb11ktmc0000gn/T/quantos-pre03-fixed-6mx38esj/packages/ui
> node --test scripts/pre02-gate-negative.mjs

✔ current PRE-02 design-system contract passes (7.678375ms)
✔ renaming a required safety key fails even when the count stays at 18 (1.5445ms)
✔ missing state color mapping fails closed (1.236833ms)
✔ insufficient focus contrast is rejected (1.156209ms)
✔ missing readonly viewport is rejected (1.296875ms)
✔ deny cannot become success (1.44ms)
✔ mapped token paths must exist (0.940667ms)
✔ English safety semantics cannot be inverted (0.761542ms)
✔ all compact density values remain frozen (1.071541ms)
✔ focus width and path remain frozen (0.991708ms)
✔ breakpoint intervals cannot develop gaps (0.728917ms)
✔ typography and spacing must match the reviewed contract (0.887917ms)
✔ required component identity cannot be replaced (0.778209ms)
✔ comments do not supply executable Storybook configuration (1.056917ms)
✔ surface.2 contrast cannot be removed from the contract (0.74125ms)
✔ native reference viewport is not a prerequisite of the Web Gate (0.60425ms)
✔ disabled contrast rule cannot hide behind a matching comment (0.571584ms)
✔ readonly viewport dimensions cannot hide behind its identifier (0.836334ms)
✔ phase-two page cannot enter the Web component acceptance rows (0.779083ms)
✔ provider JSX outside the decorator cannot authorize empty decorators (0.625417ms)
✔ unexported configuration does not authorize a Storybook entry (0.62175ms)
✔ initial theme cannot contradict the dark default contract (0.627459ms)
✔ object spread cannot silently override required addons (0.757333ms)
✔ duplicate decorators cannot replace the validated provider tree (0.631958ms)
✔ dead JSX branches are not executed provider decorators (1.008917ms)
✔ provider attributes cannot be overwritten through JSX spreads (0.780542ms)
✔ provider-only JSX without the Story consumer is rejected (0.651ms)
ℹ tests 27
ℹ suites 0
ℹ pass 27
ℹ fail 0
ℹ cancelled 0
ℹ skipped 0
ℹ todo 0
ℹ duration_ms 200.639
