
> @sumalpha/quantos@ test /private/var/folders/k8/_4hymb6j59s0c8xntb11ktmc0000gn/T/quantos-pre03-fixed-6mx38esj
> pnpm -r test

Scope: 7 of 8 workspace projects
packages/config test$ vitest run
packages/ui test$ vitest run
packages/config test:  RUN  v4.1.11 /private/var/folders/k8/_4hymb6j59s0c8xntb11ktmc0000gn/T/quantos-pre03-fixed-6mx38esj/packages/config
packages/ui test:  RUN  v4.1.11 /private/var/folders/k8/_4hymb6j59s0c8xntb11ktmc0000gn/T/quantos-pre03-fixed-6mx38esj/packages/ui
packages/config test:  Test Files  1 passed (1)
packages/config test:       Tests  12 passed (12)
packages/config test:    Start at  18:57:38
packages/config test:    Duration  465ms (transform 369ms, setup 0ms, import 377ms, tests 4ms, environment 0ms)
packages/config test: Done
packages/ui test:  Test Files  4 passed (4)
packages/ui test:       Tests  19 passed (19)
packages/ui test:    Start at  18:57:38
packages/ui test:    Duration  616ms (transform 1.35s, setup 0ms, import 1.63s, tests 57ms, environment 239ms)
packages/ui test: Done
packages/platform test$ vitest run
packages/api-client test$ vitest run
packages/api-client test:  RUN  v4.1.11 /private/var/folders/k8/_4hymb6j59s0c8xntb11ktmc0000gn/T/quantos-pre03-fixed-6mx38esj/packages/api-client
packages/platform test:  RUN  v4.1.11 /private/var/folders/k8/_4hymb6j59s0c8xntb11ktmc0000gn/T/quantos-pre03-fixed-6mx38esj/packages/platform
packages/platform test:  Test Files  1 passed (1)
packages/platform test:       Tests  2 passed (2)
packages/platform test:    Start at  18:57:39
packages/platform test:    Duration  92ms (transform 20ms, setup 0ms, import 26ms, tests 1ms, environment 0ms)
packages/platform test: Done
packages/api-client test:  Test Files  3 passed (3)
packages/api-client test:       Tests  46 passed (46)
packages/api-client test:    Start at  18:57:39
packages/api-client test:    Duration  208ms (transform 156ms, setup 0ms, import 283ms, tests 49ms, environment 0ms)
packages/api-client test: Done
apps/website test$ vitest run
packages/domain-ui test$ vitest run
apps/website test:  RUN  v4.1.11 /private/var/folders/k8/_4hymb6j59s0c8xntb11ktmc0000gn/T/quantos-pre03-fixed-6mx38esj/apps/website
packages/domain-ui test:  RUN  v4.1.11 /private/var/folders/k8/_4hymb6j59s0c8xntb11ktmc0000gn/T/quantos-pre03-fixed-6mx38esj/packages/domain-ui
packages/domain-ui test:  Test Files  3 passed (3)
packages/domain-ui test:       Tests  16 passed (16)
packages/domain-ui test:    Start at  18:57:39
packages/domain-ui test:    Duration  171ms (transform 135ms, setup 0ms, import 222ms, tests 9ms, environment 0ms)
packages/domain-ui test: Done
apps/website test:  Test Files  2 passed (2)
apps/website test:       Tests  7 passed (7)
apps/website test:    Start at  18:57:39
apps/website test:    Duration  694ms (transform 136ms, setup 0ms, import 211ms, tests 6ms, environment 0ms)
apps/website test: Done
apps/terminal test$ vitest run
apps/terminal test:  RUN  v4.1.11 /private/var/folders/k8/_4hymb6j59s0c8xntb11ktmc0000gn/T/quantos-pre03-fixed-6mx38esj/apps/terminal
apps/terminal test:  Test Files  11 passed (11)
apps/terminal test:       Tests  65 passed (65)
apps/terminal test:    Start at  18:57:40
apps/terminal test:    Duration  330ms (transform 935ms, setup 0ms, import 1.67s, tests 82ms, environment 0ms)
apps/terminal test: Done
