
> @sumalpha/quantos@ test:pre03 /private/var/folders/k8/_4hymb6j59s0c8xntb11ktmc0000gn/T/quantos-pre03-fixed-6mx38esj
> node --test scripts/pre03-gate-negative.mjs

✔ current Web contract passes and never loads Desktop inputs (4.722917ms)
✔ apps/terminal rejects Next 15.5.23 (4.7905ms)
✔ apps/terminal rejects Next 16.0.0 (2.208042ms)
✔ apps/website rejects Next 15.5.23 (1.853917ms)
✔ apps/website rejects Next 16.0.0 (1.789625ms)
✔ missing package resolutions (2.123583ms)
✔ missing snapshots (1.292292ms)
✔ specifier drift (2.016792ms)
✔ dependency removed (2.0865ms)
✔ dependency inserted (2.033084ms)
✔ manifest drift fails without changing lock (0.983916ms)
✔ ADR drift fails (0.836875ms)
✔ duplicate ADR version row fails (2.073458ms)
✔ missing transitive snapshot fails (1.794792ms)
✔ Node pin drift fails (0.732958ms)
✔ effective Next configuration: valid export (7.339375ms)
✔ effective Next configuration: comment marker (4.384125ms)
✔ effective Next configuration: dead branch (4.045584ms)
✔ effective Next configuration: subsequent override (3.934708ms)
✔ effective Next configuration: function config (3.99125ms)
✔ bad route resources, fake HTML and script failures fail closed (11820.5145ms)
✔ Next-specific async client violation is an ESLint error (186.128667ms)
✔ build receipts reject stale source, config, identity and missing receipts (2.111ms)
ℹ tests 23
ℹ suites 0
ℹ pass 23
ℹ fail 0
ℹ cancelled 0
ℹ skipped 0
ℹ todo 0
ℹ duration_ms 12637.190459
