TAP version 13
# Subtest: complete current evidence passes with all dependencies checked
ok 1 - complete current evidence passes with all dependencies checked
  ---
  duration_ms: 1460.86875
  type: 'test'
  ...
# Subtest: own failure is rejected
ok 2 - own failure is rejected
  ---
  duration_ms: 1401.419667
  type: 'test'
  ...
# Subtest: residual defect is rejected
ok 3 - residual defect is rejected
  ---
  duration_ms: 1479.707875
  type: 'test'
  ...
# Subtest: stale code is rejected
ok 4 - stale code is rejected
  ---
  duration_ms: 1378.870458
  type: 'test'
  ...
# Subtest: upstream not READY is rejected
ok 5 - upstream not READY is rejected
  ---
  duration_ms: 1037.031416
  type: 'test'
  ...
# Subtest: upstream digest changed is rejected
ok 6 - upstream digest changed is rejected
  ---
  duration_ms: 1590.912
  type: 'test'
  ...
# Subtest: recursive upstream failure is rejected
ok 7 - recursive upstream failure is rejected
  ---
  duration_ms: 1374.794334
  type: 'test'
  ...
# Subtest: evidence tampered is rejected
ok 8 - evidence tampered is rejected
  ---
  duration_ms: 720.11175
  type: 'test'
  ...
# Subtest: target assertion missing is rejected
ok 9 - target assertion missing is rejected
  ---
  duration_ms: 704.197792
  type: 'test'
  ...
# Subtest: cleanup unverified is rejected
ok 10 - cleanup unverified is rejected
  ---
  duration_ms: 737.290417
  type: 'test'
  ...
# Subtest: live policy mutant survives is rejected
ok 11 - live policy mutant survives is rejected
  ---
  duration_ms: 645.221875
  type: 'test'
  ...
# Subtest: live semantic test omitted is rejected
ok 12 - live semantic test omitted is rejected
  ---
  duration_ms: 660.585958
  type: 'test'
  ...
# Subtest: target source stale is rejected
ok 13 - target source stale is rejected
  ---
  duration_ms: 656.649125
  type: 'test'
  ...
# Subtest: audit trace absent is rejected
ok 14 - audit trace absent is rejected
  ---
  duration_ms: 681.445291
  type: 'test'
  ...
# Subtest: missing successful target getSession is rejected
ok 15 - missing successful target getSession is rejected
  ---
  duration_ms: 668.644792
  type: 'test'
  ...
# Subtest: missing successful target getContext is rejected
ok 16 - missing successful target getContext is rejected
  ---
  duration_ms: 666.693167
  type: 'test'
  ...
# Subtest: missing successful target reauth is rejected
ok 17 - missing successful target reauth is rejected
  ---
  duration_ms: 689.704542
  type: 'test'
  ...
# Subtest: missing successful target mfaChallenge is rejected
ok 18 - missing successful target mfaChallenge is rejected
  ---
  duration_ms: 678.001542
  type: 'test'
  ...
# Subtest: missing successful target logout is rejected
ok 19 - missing successful target logout is rejected
  ---
  duration_ms: 680.663167
  type: 'test'
  ...
# Subtest: missing successful target submitAccessRequest is rejected
ok 20 - missing successful target submitAccessRequest is rejected
  ---
  duration_ms: 695.032875
  type: 'test'
  ...
# Subtest: missing successful target getProfile is rejected
ok 21 - missing successful target getProfile is rejected
  ---
  duration_ms: 690.661167
  type: 'test'
  ...
# Subtest: missing successful target saveProfile is rejected
ok 22 - missing successful target saveProfile is rejected
  ---
  duration_ms: 771.922
  type: 'test'
  ...
# Subtest: missing successful target getNotificationPrefs is rejected
ok 23 - missing successful target getNotificationPrefs is rejected
  ---
  duration_ms: 687.993375
  type: 'test'
  ...
# Subtest: missing successful target saveNotificationPrefs is rejected
ok 24 - missing successful target saveNotificationPrefs is rejected
  ---
  duration_ms: 697.2165
  type: 'test'
  ...
# Subtest: missing successful target getSecuritySettings is rejected
ok 25 - missing successful target getSecuritySettings is rejected
  ---
  duration_ms: 687.398875
  type: 'test'
  ...
# Subtest: missing successful target listSessions is rejected
ok 26 - missing successful target listSessions is rejected
  ---
  duration_ms: 679.611084
  type: 'test'
  ...
# Subtest: missing successful target revokeSession is rejected
ok 27 - missing successful target revokeSession is rejected
  ---
  duration_ms: 681.968791
  type: 'test'
  ...
# Subtest: missing successful target subscribeSessionRevocations is rejected
ok 28 - missing successful target subscribeSessionRevocations is rejected
  ---
  duration_ms: 672.443458
  type: 'test'
  ...
# Subtest: missing successful target listDevices is rejected
ok 29 - missing successful target listDevices is rejected
  ---
  duration_ms: 682.207542
  type: 'test'
  ...
# Subtest: missing successful target revokeDevice is rejected
ok 30 - missing successful target revokeDevice is rejected
  ---
  duration_ms: 675.551958
  type: 'test'
  ...
# Subtest: missing successful target setupMfa is rejected
ok 31 - missing successful target setupMfa is rejected
  ---
  duration_ms: 670.966625
  type: 'test'
  ...
# Subtest: missing successful target revokeMfaFactor is rejected
ok 32 - missing successful target revokeMfaFactor is rejected
  ---
  duration_ms: 694.899708
  type: 'test'
  ...
# Subtest: missing successful target listDownloads is rejected
ok 33 - missing successful target listDownloads is rejected
  ---
  duration_ms: 688.2135
  type: 'test'
  ...
# Subtest: missing successful target getPlatformCapabilities is rejected
ok 34 - missing successful target getPlatformCapabilities is rejected
  ---
  duration_ms: 806.989291
  type: 'test'
  ...
# Subtest: all target status 401 is rejected
ok 35 - all target status 401 is rejected
  ---
  duration_ms: 714.016791
  type: 'test'
  ...
# Subtest: all target status 500 is rejected
ok 36 - all target status 500 is rejected
  ---
  duration_ms: 693.114167
  type: 'test'
  ...
# Subtest: missing SSE assertion is rejected
ok 37 - missing SSE assertion is rejected
  ---
  duration_ms: 665.2395
  type: 'test'
  ...
# Subtest: missing target commit is rejected
ok 38 - missing target commit is rejected
  ---
  duration_ms: 704.529875
  type: 'test'
  ...
# Subtest: malformed target commit is rejected
ok 39 - malformed target commit is rejected
  ---
  duration_ms: 688.18625
  type: 'test'
  ...
# Subtest: unknown target commit is rejected
ok 40 - unknown target commit is rejected
  ---
  duration_ms: 684.470334
  type: 'test'
  ...
# Subtest: contract issues missing is rejected
ok 41 - contract issues missing is rejected
  ---
  duration_ms: 668.582084
  type: 'test'
  ...
# Subtest: target source must match immutable execution commit
ok 42 - target source must match immutable execution commit
  ---
  duration_ms: 664.076209
  type: 'test'
  ...
# Subtest: successful coverage permits explicit denial probe without contract metadata
ok 43 - successful coverage permits explicit denial probe without contract metadata
  ---
  duration_ms: 683.587625
  type: 'test'
  ...
# Subtest: denial probe with contract failures is rejected
ok 44 - denial probe with contract failures is rejected
  ---
  duration_ms: 689.7425
  type: 'test'
  ...
1..44
# tests 44
# suites 0
# pass 44
# fail 0
# cancelled 0
# skipped 0
# todo 0
# duration_ms 35316.432583
