{
  "original": "PASS",
  "accepted_broken_inputs": 0,
  "total_mutations": 10,
  "runtime": [
    {
      "state": "running",
      "status": "RENDERED"
    },
    {
      "state": "some_future_enum",
      "status": "RENDERED"
    },
    {
      "state": "toString",
      "status": "RENDERED"
    },
    {
      "state": "constructor",
      "status": "RENDERED"
    },
    {
      "state": "__proto__",
      "status": "RENDERED"
    },
    {
      "state": "some_future_enum under light/en providers",
      "status": "RENDERED"
    }
  ],
  "contrast_failures": []
}
