✔ formal gate rejects zero, one, two and noninteger runs (0.361083ms)
✔ all binaries participate in digest and omitted binary fails (3.119792ms)
✔ extra binary, missing wheel and stale/empty Web cannot pass output inventory (2.266833ms)
✔ manifest inventory cannot omit or add members (0.066459ms)
✔ dirty and untracked source rejected (61.996125ms)
✔ deleted module README is rejected (2.32375ms)
✔ wrong uv version fails toolchain preflight (17.306834ms)
✔ invalid locks fail real lock entrypoint (63.4265ms)
✔ Terminal default lint rejects a page TSX violation (919.795625ms)
✔ invalid run revokes old successful receipt (26.237ms)
✔ Cargo manifest drift is rejected by actual lock gate (576.471959ms)
✔ uv manifest drift is rejected by actual lock gate (628.607125ms)
✔ pnpm manifest drift is rejected by actual lock gate (861.263375ms)
✔ malformed Buf lock is rejected by actual lock gate (642.153875ms)
✔ broken Desktop is outside phase-one pnpm frozen check (305.524583ms)
✔ uv output marker is metadata, other unexpected files still fail (2.09125ms)
✔ build-only tool is required in output inventory without becoming a runtime binary (1.96975ms)
✔ pnpm frozen check rejects missing or changed patch bytes (662.046834ms)
✔ pnpm patch cannot read outside the repository (143.543459ms)
ℹ tests 19
ℹ suites 0
ℹ pass 19
ℹ fail 0
ℹ cancelled 0
ℹ skipped 0
ℹ todo 0
ℹ duration_ms 4954.429709
