node --test scripts/f02-gate-negative.mjs scripts/f02-a11-gate-negative.mjs scripts/playwright-git-history.test.mjs scripts/storage-fixture.test.cjs scripts/f02-development-database.test.cjs
✔ complete Linux matrix passes; deletion and pixel tampering fail (409.10175ms)
✔ acceptance never updates snapshots or skips missing snapshots (1.196292ms)
✔ only main signing and verification jobs receive the signing environment (10.250709ms)
✔ signing policy rejects missing protection, wildcards, tags and extra branches (0.256583ms)
✔ candidate import rejects tampering and stale source before writing, then imports the reviewed matrix (373.5565ms)
✔ required download check rejects skipped or failed event-specific verification (25.184333ms)
✔ PR receipts bind the checked out head while main signing stays on the event SHA (3.114375ms)
✔ successful checks publish only after all seven negatives, independent read-only verification and close (9.623625ms)
✔ an idle error after mutation is handled, no SQL is replayed and independent cleanup cannot convert FAIL to PASS (1.625125ms)
✔ initial known transport failure closes the failed connection before a fresh connection, preserving bootstrap (2.46075ms)
✔ 28P01 initial failure never retries (1.132333ms)
✔ 42501 initial failure never retries (1.051625ms)
✔ CERT_HAS_EXPIRED initial failure never retries (0.999375ms)
✔ configuration failure overwrites historic PASS with current-source FAIL (0.741958ms)
✔ cleanup catalog mismatch fails even after seven successful checks (2.424292ms)
✔ failed primary close preserves its error and cannot publish success after read-only verification (2.249458ms)
✔ a mutation that does not affect schema is rejected (1.89175ms)
✔ strict artifact acceptance rejects stale success, unclosed sessions, missing bootstrap and post-SQL errors (7.057542ms)
Verified 2 release files for aaaaaaaaaaaaaaaaaaaaaaaaaaaaaaaaaaaaaaaa
Verified 2 release files for aaaaaaaaaaaaaaaaaaaaaaaaaaaaaaaaaaaaaaaa
✔ real Gitleaks positive control and GitHub/Slack leaks (1629.554375ms)
✔ historical digest exceptions do not waive fresh credentials in audit JSON (1103.300958ms)
✔ RLS baseline rejects policy deletion and late disabling with recovery (171.08ms)
✔ RLS preflight recognizes the actual ten-table A2 migration and rejects incomplete loops (130.462584ms)
✔ RLS preflight expands audit export permissions without treating grants as RLS (129.869625ms)
✔ RLS literal loops preserve late disabling, NO FORCE and policy deletion (128.663708ms)
✔ RLS preflight cannot count conditional loops, comments, literals or function bodies as execution (145.849792ms)
✔ quoted SQL examples inside expanded policy expressions cannot enable RLS (22.707917ms)
✔ migration filename control, rejection and recovery (14.059541ms)
✔ waivers only authorize exact advisory/ecosystem/package/version before expiry (1.095834ms)
✔ license expression policy does not globally allow LGPL or unknown licenses (0.346375ms)
✔ release binds complete payload and SBOM to source; rejects corruption and build-only native files (2.798625ms)
✔ Buf compares against distinct historical source and detects removed fields (598.531167ms)
✔ SCA scanner adapter consumes exact waivers and never waives scanner failures (1096.898292ms)
✔ Playwright PR reporting preserves complete history for downstream security scans (1658.176167ms)
✔ all bucket migration INSERT columns exist in the shared CI fixture (0.342875ms)
﹣ PostgreSQL compiles bucket migrations and preserves private export limits (0.040708ms) # SKIP
ℹ tests 35
ℹ suites 0
ℹ pass 34
ℹ fail 0
ℹ cancelled 0
ℹ skipped 1
ℹ todo 0
ℹ duration_ms 5218.798459
