✔ development COMPLETED does not accept the current F06 review (0.705416ms)
✔ ACCEPTED with any open finding remains blocked (0.155958ms)
✔ all closed findings require a same-SHA complete receipt (0.949833ms)
✔ missing or duplicate review markers fail closed (0.174292ms)
✔ archived closure records must be present, complete and unique (0.315833ms)
✔ duplicate F06 task or engineering summaries fail closed (0.205833ms)
✔ all eight registered fixtures retire by exact identity without deleting facts (1.914209ms)
✔ wrong tenant ownership stops before any mutation (0.297083ms)
✔ remaining active actor rejects cleanup success (0.397291ms)
✔ post-SQL disconnect is recorded and no mutation replays (0.16025ms)
✔ duplicate or wrong-run fixture inventory never opens a connection (0.313333ms)
✔ admission rejects partial inventory, unclosed connection, active sessions and missing cleanup (0.907833ms)
✔ command entrypoint retains initial failure, then executes SQL once with verified TLS (1.419375ms)
✔ transport closure after first SQL never reconnects or replays the statement (0.180666ms)
✔ persistent initial closure fails after three closed clients without any SQL (0.175292ms)
✔ authentication initial failure is not retried (0.163125ms)
✔ permission initial failure is not retried (0.138625ms)
✔ TLS initial failure is not retried (0.114042ms)
✔ default and bounded remote development transport budgets (0.34675ms)
✔ unbounded, fractional and malformed budgets fail closed (0.122667ms)
✔ functional database budget records elapsed time and preserves all command arguments (0.586417ms)
✔ timeout remains a failed null exit with its signal and safe error code, without retry (0.122458ms)
✔ existing HTTP/service command budget is unchanged (0.058167ms)
✔ two closed initial connections are retained, closed, then the third succeeds before any statement (0.587459ms)
✔ persistent closure fails after three and retains every failure (0.865417ms)
✔ auth bootstrap failure never retries (0.150916ms)
✔ permission bootstrap failure never retries (0.109084ms)
✔ TLS bootstrap failure never retries (0.068208ms)
✔ cancel bootstrap failure never retries (0.051958ms)
✔ unknown bootstrap failure never retries (0.057542ms)
✔ initial transport timeout retries but a later query error never reconnects (0.117667ms)
✔ failure to close an initial connection prevents retry (0.131791ms)
✔ budget cannot exceed three (0.220625ms)
✔ acceptance rejects missing, unfinished, reordered, semantic or unclosed attempts (2.896208ms)
✔ evidence-save failure closes the connected client and never reconnects (0.085625ms)
✔ initialization after the old 20s loop can pass only with an exact readiness response (1.39ms)
✔ a never-ready service exhausts one bounded wall-clock budget (1.444042ms)
✔ response after deadline cannot grant readiness (0.113ms)
✔ exited or killed services fail without waiting or probing (0.09625ms)
✔ connection failures and wrong successful HTTP status cannot pass (2.297042ms)
✔ invalid or unbounded startup budgets reject (0.116583ms)
✔ process exit during a successful probe cannot grant readiness (0.0625ms)
ℹ tests 42
ℹ suites 0
ℹ pass 42
ℹ fail 0
ℹ cancelled 0
ℹ skipped 0
ℹ todo 0
ℹ duration_ms 50.841292
