✔ completed command records diagnostic and redacts configured secret split across chunks (33.662166ms)
✔ deadline kills an actual owned grandchild, preserves FAIL and logs (1510.252083ms)
✔ successful leader with detached lifetime descendant is FAIL even after cleanup (140.059625ms)
✔ spawn failure and evidence-write failure cannot become success (3.014084ms)
✔ explicit cancellation cleans its group and never passes (102.921125ms)
✔ interleaved stderr cannot break secret redaction (41.928792ms)
✔ output limit is bounded failure without partial secret chunks (23.521334ms)
✔ normal completion without sensitive output remains PASS with closed process group (21.149042ms)
✔ F09 admission requires command supervision and immutable owned cleanup proofs (5.637625ms)
✔ three exact owned actors retire while immutable event facts remain (1.184542ms)
✔ ownership mismatch refuses mutation (1.82975ms)
✔ post-SQL reset is FAIL with no replay (0.158083ms)
✔ active actors and changed event facts fail retirement (0.643875ms)
✔ wrong run and duplicate actors never connect (0.500291ms)
✔ empty fixture inventory cannot admit successful F09 (0.126625ms)
✔ partial, open, changed and active cleanup receipts fail admission (0.540875ms)
✔ later A2 migration does not make a complete F09 ledger stale (0.351291ms)
✔ missing target migration fails closed (0.17175ms)
✔ changed applied SQL checksum fails closed (0.070667ms)
✔ missing F09 prerequisite fails even if remaining ledger matches (0.05875ms)
✔ F09 rule semantics match the development-plan thresholds (0.702958ms)
✔ unchanged rule IDs cannot hide threshold, duration, count or severity drift (0.755875ms)
ℹ tests 22
ℹ suites 0
ℹ pass 22
ℹ fail 0
ℹ cancelled 0
ℹ skipped 0
ℹ todo 0
ℹ duration_ms 1908.483459
