✔ all eight independently content-bound dependencies admit DEVELOPMENT only (22.50275ms)
✔ engineering aggregation preserves the sole pending user confirmation (15.131333ms)
✔ milestone rejects missing F0 (12.913583ms)
✔ milestone rejects missing PRE (13.177417ms)
✔ milestone rejects duplicate dependency (12.654417ms)
✔ milestone rejects unready F0 (12.591792ms)
✔ milestone rejects manifest bytes replaced (11.74225ms)
✔ milestone rejects digest substituted (11.636875ms)
✔ milestone rejects dependency path substituted (11.877375ms)
✔ milestone rejects dependency verdict substituted (11.71225ms)
✔ milestone rejects self manifest schema (22.097166ms)
✔ milestone rejects normative change (13.477209ms)
✔ milestone rejects source input change (13.727208ms)
✔ milestone rejects unexecuted check (13.45925ms)
✔ milestone rejects missing execution time (12.911ms)
✔ milestone rejects missing required check (11.808417ms)
✔ milestone rejects duplicate check (11.54175ms)
✔ milestone rejects wrong command (11.551833ms)
✔ milestone rejects log tampering (11.25125ms)
✔ milestone rejects rehashed prose (11.599ms)
✔ milestone rejects external log path (11.490709ms)
✔ milestone rejects false formal acceptance (11.500417ms)
✔ milestone rejects aggregate claims database run (11.109625ms)
✔ milestone rejects hidden exclusions (11.366875ms)
✔ milestone rejects unresolved functional finding (11.273959ms)
✔ dependency validator is invoked and errors propagate (11.325791ms)
✔ fake READY cannot hide changed G0 scope (11.175834ms)
✔ arbitrary existing markdown cannot serve as a milestone receipt (0.086125ms)
✔ own arbitrary digest is rejected independently of dependency status (0.063458ms)
✔ F0 policy contains the six missing nodes and all eleven obligations (11.413458ms)
✔ production schema drift comparator rejects tables (0.11925ms)
✔ production schema drift comparator rejects columns (0.054958ms)
✔ production schema drift comparator rejects constraints (0.043208ms)
✔ production schema drift comparator rejects indexes (0.049375ms)
✔ production schema drift comparator rejects policies (0.036958ms)
✔ production schema drift comparator rejects routines (0.029792ms)
✔ production schema drift comparator rejects triggers (0.036834ms)
✔ 100-task recovery evidence cannot use 10-task diagnostic or accept P95 (1.159083ms)
✔ CI validates milestone disposition and preserves strict admission and negatives (5.184042ms)
ℹ tests 39
ℹ suites 0
ℹ pass 39
ℹ fail 0
ℹ cancelled 0
ℹ skipped 0
ℹ todo 0
ℹ duration_ms 425.119667
