
> @sumalpha/quantos@ test:development-plans /Users/anray/Documents/project/SumAlpha/QuantOS
> node --test scripts/development-plan-order-negative.mjs

✔ joint schedule is acyclic and preserves task/status boundaries (15.3465ms)
✔ restoring a complete R1 prerequisite for S2 services creates a rejected cycle (4.867042ms)
✔ research service waiting on its consumer page is rejected (4.475875ms)
✔ historical CORE:R04 to CORE:L04 probe now fails closed (4.343208ms)
✔ an early identity API cannot silently depend on later research services (5.646958ms)
✔ a provider cannot wait for the consumer frontend Gate (4.165083ms)
✔ removing S2 service admission from a core execution task is rejected (4.525708ms)
✔ S2 service Gate cannot omit TP12 advance evaluation (4.782792ms)
✔ I10 cannot drop testnet service admission even if metadata is edited with it (5.137666ms)
✔ a new or existing frontend cannot skip the full provider Gate (5.307833ms)
✔ G5 cannot be marked as closing in I4 before reconciliation (5.614125ms)
✔ moving the G1 block above I1 tasks is rejected (4.827416ms)
✔ milestone cannot omit its last child while retaining a Gate summary (4.986208ms)
✔ prose-only backend dependencies cannot drift from structured prerequisites (4.857416ms)
✔ core closure mapping cannot become an implicit service alias (4.790542ms)
✔ ACCEPTED checkpoint needs SHA and evidence, not only a green word (5.100042ms)
✔ accepted checkpoint evidence must resolve (2.577292ms)
✔ missing checkpoint and unknown dependency fail closed (6.356584ms)
✔ API windows cannot skip their preceding provider checkpoint (4.686666ms)
✔ UI windows cannot skip the preceding reconciliation window (4.940291ms)
✔ Web intake preserves the explicit no-model-review schema (1.63975ms)
✔ missing Web task fields still fail closed (1.396791ms)
✔ both plans must publish exactly the same stage contract (5.229333ms)
✔ changing both plans cannot defer correctness or functional deadlines to release (13.87575ms)
✔ both plans must retain every deferred release obligation (12.229875ms)
✔ tasks and checkpoints cannot omit, invent, or misclassify their stage gate (18.332875ms)
✔ release prerequisites cannot block either development or integration (11.354459ms)
✔ release gates cannot skip business closure or inherit the wrong stage (12.488333ms)
✔ historical ACCEPTED and completed tasks do not automatically become READY (9.892833ms)
✔ READY needs its own input digest and resolvable evidence (32.494292ms)
✔ unassessed stage gates cannot carry an apparent ready receipt (6.596375ms)
✔ BLOCKED retains failure evidence and digest without being counted as READY (13.145875ms)
✔ a READY chain needs READY prerequisites and its own evidence at every node (17.53ms)
✔ stage readiness never substitutes for formal acceptance evidence (2.460084ms)
✔ release READY requires formal acceptance and all functional prerequisites (8.011959ms)
✔ core intake follows the frontend audit-report format (6.032083ms)
✔ core review summary must be unique and link to audit evidence (7.615ms)
✔ core shared task fields and existing window must stay consistent (13.912ms)
ℹ tests 38
ℹ suites 0
ℹ pass 38
ℹ fail 0
ℹ cancelled 0
ℹ skipped 0
ℹ todo 0
ℹ duration_ms 340.999542
