Validated 6 pinned Buf plugins and locked generation workflow.
✔ proto generation configuration is pinned and lock-preserving (37.093791ms)
✔ proto generation configuration rejects an unpinned remote plugin (35.761708ms)
✔ proto generation configuration rejects implicit dependency updates (36.607583ms)
ℹ tests 3
ℹ suites 0
ℹ pass 3
ℹ fail 0
ℹ cancelled 0
ℹ skipped 0
ℹ todo 0
ℹ duration_ms 140.086042
Extracted 50 JSON schema documents.
Validated 50 standalone JSON schemas and 11 planned domain schemas.
✔ standalone JSON schema gate passes the complete generated catalog (138.015625ms)
✔ standalone JSON schema gate rejects a missing planned domain schema (47.744458ms)
✔ standalone JSON schema gate rejects an unresolved reference (127.44725ms)
ℹ tests 3
ℹ suites 0
ℹ pass 3
ℹ fail 0
ℹ cancelled 0
ℹ skipped 0
ℹ todo 0
ℹ duration_ms 347.746958
Proto compatibility checked against 68206620d74418da910f7deea0bb4b6d9df37582
Proto checks passed.
