
running 21 tests
test snapshot::tests::quality_and_usage_wire_values_round_trip_and_reject_unknown_values ... ok
test snapshot::tests::data_snapshot_rejects_invalid_window_age_and_schema ... ok
test supabase_storage::tests::payload_hash_validation_rejects_mismatch ... ok
test tests::artifact_catalog_deduplicates_by_tenant_and_hash ... ok
test tests::artifact_manifest_uses_hash_based_object_key ... ok
test tests::object_keys_are_deterministic_for_same_hash ... ok
test snapshot::tests::regression_strict_floor_duplicate_and_mixed_tenant_rules_reject ... ok
test tests::schema_registry_deduplicates_equivalent_documents ... ok
test wire::tests::incomplete_or_invalid_metadata_cannot_become_write_context ... ok
test snapshot::tests::optional_license_rule_is_research_only ... ok
test snapshot::tests::research_gate_allows_degraded_non_expired_snapshots ... ok
test snapshot::tests::regression_future_capture_window_and_overflow_are_errors ... ok
test provenance::tests::revoked_expired_ambiguous_or_empty_approvals_never_authorize ... ok
test snapshot::tests::data_snapshot_hash_is_stable_for_equivalent_inputs ... ok
test provenance::tests::actual_identity_time_quality_and_purpose_are_required ... ok
test snapshot::tests::snapshot_gate_fails_closed_for_cross_tenant_rules_and_incomplete_lineage ... ok
test wire::tests::wire_projection_preserves_identity_and_all_quality_variants ... ok
test supabase_storage::tests::object_url_points_to_supabase_storage_endpoint ... ok
test snapshot::tests::regression_forged_wire_hash_quality_and_expiry_are_rejected ... ok
test snapshot::tests::regression_metadata_source_age_and_input_budget_reject ... ok
test snapshot::tests::strategy_and_trading_gates_reject_three_hundred_invalid_fixtures ... ok

test result: ok. 21 passed; 0 failed; 0 ignored; 0 measured; 0 filtered out; finished in 0.16s


running 3 tests
test invalid_tenant_is_rejected_before_upload_and_success_persists ... ok
test invalid_configuration_fails_before_requests ... ok
test http_success_errors_and_corrupt_downloads ... ok

test result: ok. 3 passed; 0 failed; 0 ignored; 0 measured; 0 filtered out; finished in 0.05s

   Compiling quantos-proto v0.1.0 (/Users/anray/Documents/project/SumAlpha/QuantOS/crates/quantos-proto)
   Compiling quantos-storage v0.1.0 (/Users/anray/Documents/project/SumAlpha/QuantOS/crates/quantos-storage)
    Finished `test` profile [unoptimized + debuginfo] target(s) in 4.93s
     Running unittests src/lib.rs (target/debug/deps/quantos_storage-ab52dc8b575c3e1f)
     Running tests/storage_http.rs (target/debug/deps/storage_http-c3430988ff807610)
