✔ engineering-only evidence cannot admit TP02 (149.209416ms)
✔ all execution logs and installed wheels must travel with a copied receipt (75.224666ms)
✔ TP02 receipt rejects omitted check (141.717125ms)
✔ TP02 receipt rejects failed execution (132.618042ms)
✔ TP02 receipt rejects fake command (115.679792ms)
✔ TP02 receipt rejects source inventory (102.903208ms)
✔ TP02 receipt rejects log digest (116.660041ms)
✔ TP02 receipt rejects fixture omission (115.431125ms)
✔ TP02 receipt rejects formal claim (62.984042ms)
✔ TP02 receipt rejects future execution (116.120917ms)
✔ TP02 receipt rejects unreaped package child (116.135375ms)
✔ TP02 receipt rejects editable package claim (123.1245ms)
✔ TP02 receipt rejects upstream claim (114.443083ms)
✔ execution source must match unified manifest (63.770042ms)
✔ copied logs are independent of canonical logs (165.496958ms)
✔ tampered wheel bytes are rejected (113.420833ms)
ℹ tests 16
ℹ suites 0
ℹ pass 16
ℹ fail 0
ℹ cancelled 0
ℹ skipped 0
ℹ todo 0
ℹ duration_ms 1869.063208
